03-17 18:23:05.130  9010 11823 I dalvikvm-heap: Grow heap (frag case) to 18.060MB for 124780-byte allocation
03-17 18:23:05.180  9010 11823 D dalvikvm: GC_FOR_ALLOC freed 12K, 58% free 8981K/21316K, paused 50ms, total 50ms
03-17 18:23:05.380  9010 11823 I HUREV   : [313] m.e | USB reads recovered after 1 errors
03-17 18:23:05.590  9010 11823 I HUREV   : [313] m.e | USB reads recovered after 1 errors
03-17 18:23:05.790  9010 11823 I HUREV   : [313] m.e | USB reads recovered after 1 errors
03-17 18:23:06.180  9010 11823 I HUREV   : [313] m.e | USB reads recovered after 1 errors
03-17 18:23:06.380  9010 11823 I HUREV   : [313] m.e | USB reads recovered after 1 errors
03-17 18:23:06.590  9010 11823 I HUREV   : [313] m.e | USB reads recovered after 1 errors
03-17 18:23:06.790  9010 11823 I HUREV   : [313] m.e | USB reads recovered after 1 errors
03-17 18:23:06.990  9010 11823 I HUREV   : [313] m.e | USB reads recovered after 1 errors
03-17 18:23:07.160  9010 11823 I HUREV   : [313] m.e | USB reads recovered after 1 errors
03-17 18:23:07.390  9010 11823 I HUREV   : [313] m.e | USB reads recovered after 1 errors
03-17 18:23:07.580  9010 11823 I HUREV   : [313] m.e | USB reads recovered after 1 errors
03-17 18:23:07.810  9010 11823 I HUREV   : [313] m.e | USB reads recovered after 1 errors
03-17 18:23:08.010  9010 11823 I HUREV   : [313] m.e | USB reads recovered after 1 errors
03-17 18:23:08.190  9010 11823 I HUREV   : [313] m.e | USB reads recovered after 1 errors
03-17 18:23:08.420  9010 11823 I HUREV   : [313] m.e | USB reads recovered after 1 errors
03-17 18:23:08.620  9010 11823 I HUREV   : [313] m.e | USB reads recovered after 1 errors
03-17 18:23:09.020  9010 11823 I HUREV   : [313] m.e | USB reads recovered after 1 errors
03-17 18:23:09.620  9010 11823 I HUREV   : [313] m.e | USB reads recovered after 1 errors
03-17 18:23:09.820  9010 11823 I HUREV   : [313] m.e | USB reads recovered after 1 errors
03-17 18:23:10.020  9010 11823 I HUREV   : [313] m.e | USB reads recovered after 1 errors
03-17 18:23:10.190  9010 11823 I HUREV   : [313] m.e | USB reads recovered after 1 errors
03-17 18:23:10.620  9010 11823 I HUREV   : [313] m.e | USB reads recovered after 1 errors
03-17 18:23:10.820  9010 11823 I HUREV   : [313] m.e | USB reads recovered after 1 errors
03-17 18:23:11.040  9010 11823 I HUREV   : [313] m.e | USB reads recovered after 1 errors
03-17 18:23:11.460  9010 11823 I HUREV   : [313] m.e | USB reads recovered after 1 errors
03-17 18:23:11.650  9010 11823 I HUREV   : [313] m.e | USB reads recovered after 1 errors
03-17 18:23:11.880  9010 11823 I HUREV   : [313] m.e | USB reads recovered after 1 errors
03-17 18:23:12.050  9010 11823 I HUREV   : [313] m.e | USB reads recovered after 1 errors
03-17 18:23:12.500  9010 11823 I HUREV   : [313] m.e | USB reads recovered after 1 errors
03-17 18:23:12.690  9010 11823 I HUREV   : [313] m.e | USB reads recovered after 1 errors
03-17 18:23:12.890  9010 11823 I HUREV   : [313] m.e | USB reads recovered after 1 errors
03-17 18:23:13.080  9010 11823 I HUREV   : [313] m.e | USB reads recovered after 1 errors
03-17 18:23:13.490  9010 11823 I HUREV   : [313] m.e | USB reads recovered after 1 errors
03-17 18:23:13.690  9010 11823 I HUREV   : [313] m.e | USB reads recovered after 1 errors
03-17 18:23:13.890  9010 11823 I HUREV   : [313] m.e | USB reads recovered after 1 errors
03-17 18:23:14.080  9010 11823 I HUREV   : [313] m.e | USB reads recovered after 1 errors
03-17 18:23:14.480  9010 11823 I HUREV   : [313] m.e | USB reads recovered after 1 errors
03-17 18:23:14.690  9010 11823 I HUREV   : [313] m.e | USB reads recovered after 1 errors
03-17 18:23:14.880  9010 11823 I HUREV   : [313] m.e | USB reads recovered after 1 errors
03-17 18:23:15.090  9010 11823 I HUREV   : [313] m.e | USB reads recovered after 1 errors
03-17 18:23:15.500  9010 11823 I HUREV   : [313] m.e | USB reads recovered after 1 errors
03-17 18:23:15.680  9010 11823 I HUREV   : [313] m.e | USB reads recovered after 1 errors
03-17 18:23:15.920  9010 11823 I HUREV   : [313] m.e | USB reads recovered after 1 errors
03-17 18:23:16.120  9010 11823 I HUREV   : [313] m.e | USB reads recovered after 1 errors
03-17 18:23:16.330  9010 11823 I HUREV   : [313] m.e | USB reads recovered after 1 errors
03-17 18:23:16.520  9010 11823 I HUREV   : [313] m.e | USB reads recovered after 1 errors
03-17 18:23:16.730  9010 11823 I HUREV   : [313] m.e | USB reads recovered after 1 errors
03-17 18:23:16.930  9010 11823 I HUREV   : [313] m.e | USB reads recovered after 1 errors
03-17 18:23:17.120  9010 11823 I HUREV   : [313] m.e | USB reads recovered after 1 errors
03-17 18:23:17.320  9010 11823 I HUREV   : [313] m.e | USB reads recovered after 1 errors
03-17 18:23:17.520  9010 11823 I HUREV   : [313] m.e | USB reads recovered after 1 errors
03-17 18:23:17.720  9010 11823 I HUREV   : [313] m.e | USB reads recovered after 1 errors
03-17 18:23:18.120  9010 11823 I HUREV   : [313] m.e | USB reads recovered after 1 errors
03-17 18:23:18.520  9010 11823 I HUREV   : [313] m.e | USB reads recovered after 1 errors
03-17 18:23:18.720  9010 11823 I HUREV   : [313] m.e | USB reads recovered after 1 errors
03-17 18:23:18.920  9010 11823 I HUREV   : [313] m.e | USB reads recovered after 1 errors
03-17 18:23:19.130  9010 11823 I HUREV   : [313] m.e | USB reads recovered after 1 errors
03-17 18:23:19.520  9010 11823 I HUREV   : [313] m.e | USB reads recovered after 1 errors
03-17 18:23:19.720  9010 11823 I HUREV   : [313] m.e | USB reads recovered after 1 errors
03-17 18:23:19.920  9010 11823 I HUREV   : [313] m.e | USB reads recovered after 1 errors
03-17 18:23:20.120  9010 11823 I HUREV   : [313] m.e | USB reads recovered after 1 errors
03-17 18:23:20.520  9010 11823 I HUREV   : [313] m.e | USB reads recovered after 1 errors
03-17 18:23:20.760  9010 11823 I HUREV   : [313] m.e | USB reads recovered after 1 errors
03-17 18:23:20.960  9010 11823 I HUREV   : [313] m.e | USB reads recovered after 1 errors
03-17 18:23:21.160  9010 11823 I HUREV   : [313] m.e | USB reads recovered after 1 errors
03-17 18:23:21.560  9010 11823 I HUREV   : [313] m.e | USB reads recovered after 1 errors
03-17 18:23:21.750  9010 11823 I HUREV   : [313] m.e | USB reads recovered after 1 errors
03-17 18:23:21.950  9010 11823 I HUREV   : [313] m.e | USB reads recovered after 1 errors
03-17 18:23:22.170  9010 11823 I HUREV   : [313] m.e | USB reads recovered after 1 errors
03-17 18:23:22.560  9010 11823 I HUREV   : [313] m.e | USB reads recovered after 1 errors
03-17 18:23:22.760  9010 11823 I HUREV   : [313] m.e | USB reads recovered after 1 errors
03-17 18:23:22.960  9010 11823 I HUREV   : [313] m.e | USB reads recovered after 1 errors
03-17 18:23:23.160  9010 11823 I HUREV   : [313] m.e | USB reads recovered after 1 errors
03-17 18:23:23.560  9010 11823 I HUREV   : [313] m.e | USB reads recovered after 1 errors
03-17 18:23:23.750  9010 11823 I HUREV   : [313] m.e | USB reads recovered after 1 errors
03-17 18:23:23.960  9010 11823 I HUREV   : [313] m.e | USB reads recovered after 1 errors
03-17 18:23:24.160  9010 11823 I HUREV   : [313] m.e | USB reads recovered after 1 errors
03-17 18:23:24.550  9010 11823 I HUREV   : [313] m.e | USB reads recovered after 1 errors
03-17 18:23:24.750  9010 11823 I HUREV   : [313] m.e | USB reads recovered after 1 errors
03-17 18:23:24.950  9010 11823 I HUREV   : [313] m.e | USB reads recovered after 1 errors
03-17 18:23:25.160  9010 11823 I HUREV   : [313] m.e | USB reads recovered after 1 errors
03-17 18:23:25.550  9010 11823 I HUREV   : [313] m.e | USB reads recovered after 1 errors
03-17 18:23:25.760  9010 11823 I HUREV   : [313] m.e | USB reads recovered after 1 errors
03-17 18:23:25.950  9010 11823 I HUREV   : [313] m.e | USB reads recovered after 1 errors
03-17 18:23:26.150  9010 11823 I HUREV   : [313] m.e | USB reads recovered after 1 errors
03-17 18:23:26.590  9010 11823 I HUREV   : [313] m.e | USB reads recovered after 1 errors
03-17 18:23:26.790  9010 11823 I HUREV   : [313] m.e | USB reads recovered after 1 errors
03-17 18:23:26.990  9010 11823 I HUREV   : [313] m.e | USB reads recovered after 1 errors
03-17 18:23:27.190  9010 11823 I HUREV   : [313] m.e | USB reads recovered after 1 errors
03-17 18:23:27.580  9010 11823 I HUREV   : [313] m.e | USB reads recovered after 1 errors
03-17 18:23:27.790  9010 11823 I HUREV   : [313] m.e | USB reads recovered after 1 errors
03-17 18:23:27.990  9010 11823 I HUREV   : [313] m.e | USB reads recovered after 1 errors
03-17 18:23:28.590  9010 11823 I HUREV   : [313] m.e | USB reads recovered after 1 errors
03-17 18:23:28.790  9010 11823 I HUREV   : [313] m.e | USB reads recovered after 1 errors
03-17 18:23:28.990  9010 11823 I HUREV   : [313] m.e | USB reads recovered after 1 errors
03-17 18:23:29.190  9010 11823 I HUREV   : [313] m.e | USB reads recovered after 1 errors
03-17 18:23:29.590  9010 11823 I HUREV   : [313] m.e | USB reads recovered after 1 errors
03-17 18:23:29.790  9010 11823 I HUREV   : [313] m.e | USB reads recovered after 1 errors
03-17 18:23:29.980  9010 11823 I HUREV   : [313] m.e | USB reads recovered after 1 errors
03-17 18:23:30.190  9010 11823 I HUREV   : [313] m.e | USB reads recovered after 1 errors
03-17 18:23:30.620  9010 11823 I HUREV   : [313] m.e | USB reads recovered after 1 errors
03-17 18:23:30.820  9010 11823 I HUREV   : [313] m.e | USB reads recovered after 1 errors
03-17 18:23:31.040  9010 11823 I HUREV   : [313] m.e | USB reads recovered after 1 errors
03-17 18:23:31.220  9010 11823 I HUREV   : [313] m.e | USB reads recovered after 1 errors
03-17 18:23:31.620  9010 11823 I HUREV   : [313] m.e | USB reads recovered after 1 errors
03-17 18:23:31.850  9010 11823 I HUREV   : [313] m.e | USB reads recovered after 1 errors
03-17 18:23:32.020  9010 11823 I HUREV   : [313] m.e | USB reads recovered after 1 errors
03-17 18:23:32.220  9010 11823 I HUREV   : [313] m.e | USB reads recovered after 1 errors
03-17 18:23:32.620  9010 11823 I HUREV   : [313] m.e | USB reads recovered after 1 errors
03-17 18:23:32.820  9010 11823 I HUREV   : [313] m.e | USB reads recovered after 1 errors
03-17 18:23:33.020  9010 11823 I HUREV   : [313] m.e | USB reads recovered after 1 errors
03-17 18:23:33.220  9010 11823 I HUREV   : [313] m.e | USB reads recovered after 1 errors
03-17 18:23:33.610  9010 11823 I HUREV   : [313] m.e | USB reads recovered after 1 errors
03-17 18:23:33.870  9010 11823 I HUREV   : [313] m.e | USB reads recovered after 1 errors
03-17 18:23:34.080  9010 11823 I HUREV   : [313] m.e | USB reads recovered after 1 errors
03-17 18:23:34.250  9010 11823 I HUREV   : [313] m.e | USB reads recovered after 1 errors
03-17 18:23:34.450  9010 11823 I HUREV   : [313] m.e | USB reads recovered after 1 errors
03-17 18:23:34.650  9010 11823 I HUREV   : [313] m.e | USB reads recovered after 1 errors
03-17 18:23:34.850  9010 11823 I HUREV   : [313] m.e | USB reads recovered after 1 errors
03-17 18:23:35.050  9010 11823 I HUREV   : [313] m.e | USB reads recovered after 1 errors
03-17 18:23:35.260  9010 11823 I HUREV   : [313] m.e | USB reads recovered after 1 errors
03-17 18:23:35.450  9010 11823 I HUREV   : [313] m.e | USB reads recovered after 1 errors
03-17 18:23:35.650  9010 11823 I HUREV   : [313] m.e | USB reads recovered after 1 errors
03-17 18:23:35.850  9010 11823 I HUREV   : [313] m.e | USB reads recovered after 1 errors
03-17 18:23:36.080  9010 11823 I HUREV   : [313] m.e | USB reads recovered after 1 errors
03-17 18:23:36.690  9010 11823 I HUREV   : [313] m.e | USB reads recovered after 1 errors
03-17 18:23:36.850  9010 11823 I HUREV   : [313] m.e | USB reads recovered after 1 errors
03-17 18:23:37.050  9010 11823 I HUREV   : [313] m.e | USB reads recovered after 1 errors
03-17 18:23:37.290  9010 11823 I HUREV   : [313] m.e | USB reads recovered after 1 errors
03-17 18:23:37.490  9010 11823 I HUREV   : [313] m.e | USB reads recovered after 1 errors
03-17 18:23:37.700  9010 11823 I HUREV   : [313] m.e | USB reads recovered after 1 errors
03-17 18:23:37.920  9010 11823 I HUREV   : [313] m.e | USB reads recovered after 1 errors
03-17 18:23:38.090  9010 11823 I HUREV   : [313] m.e | USB reads recovered after 1 errors
03-17 18:23:38.290  9010 11823 I HUREV   : [313] m.e | USB reads recovered after 1 errors
03-17 18:23:38.480  9010 11823 I HUREV   : [313] m.e | USB reads recovered after 1 errors
03-17 18:23:38.690  9010 11823 I HUREV   : [313] m.e | USB reads recovered after 1 errors
03-17 18:23:38.890  9010 11823 I HUREV   : [313] m.e | USB reads recovered after 1 errors
03-17 18:23:39.080  9010 11823 I HUREV   : [313] m.e | USB reads recovered after 1 errors
03-17 18:23:39.290  9010 11823 I HUREV   : [313] m.e | USB reads recovered after 1 errors
03-17 18:23:39.480  9010 11823 I HUREV   : [313] m.e | USB reads recovered after 1 errors
03-17 18:23:39.680  9010 11823 I HUREV   : [313] m.e | USB reads recovered after 1 errors
03-17 18:23:39.890  9010 11823 I HUREV   : [313] m.e | USB reads recovered after 1 errors
03-17 18:23:40.080  9010 11823 I HUREV   : [313] m.e | USB reads recovered after 1 errors
03-17 18:23:40.290  9010 11823 I HUREV   : [313] m.e | USB reads recovered after 1 errors
03-17 18:23:40.490  9010 11823 I HUREV   : [313] m.e | USB reads recovered after 1 errors
03-17 18:23:40.690  9010 11823 I HUREV   : [313] m.e | USB reads recovered after 1 errors
03-17 18:23:40.880  9010 11823 I HUREV   : [313] m.e | USB reads recovered after 1 errors
03-17 18:23:41.080  9010 11823 I HUREV   : [313] m.e | USB reads recovered after 1 errors
03-17 18:23:41.290  9010 11823 I HUREV   : [313] m.e | USB reads recovered after 1 errors
03-17 18:23:41.490  9010 11823 I HUREV   : [313] m.e | USB reads recovered after 1 errors
03-17 18:23:41.690  9010 11823 I HUREV   : [313] m.e | USB reads recovered after 1 errors
03-17 18:23:41.890  9010 11823 I HUREV   : [313] m.e | USB reads recovered after 1 errors
03-17 18:23:42.120  9010 11823 I HUREV   : [313] m.e | USB reads recovered after 1 errors
03-17 18:23:42.290  9010 11823 I HUREV   : [313] m.e | USB reads recovered after 1 errors
03-17 18:23:42.520  9010 11823 I HUREV   : [313] m.e | USB reads recovered after 1 errors
03-17 18:23:42.730  9010 11823 I HUREV   : [313] m.e | USB reads recovered after 1 errors
03-17 18:23:42.880  9010 11823 D dalvikvm: GC_FOR_ALLOC freed 1394K, 58% free 8973K/21316K, paused 58ms, total 58ms
03-17 18:23:42.880  9010 11823 I dalvikvm-heap: Grow heap (frag case) to 18.245MB for 213955-byte allocation
03-17 18:23:42.940  9010 11823 D dalvikvm: GC_FOR_ALLOC freed 122K, 58% free 9060K/21528K, paused 52ms, total 52ms
03-17 18:23:42.940  9010 11823 I dalvikvm-heap: Grow heap (frag case) to 18.329MB for 213955-byte allocation
03-17 18:23:43.000  9010 11823 D dalvikvm: GC_FOR_ALLOC freed 121K, 58% free 9147K/21740K, paused 53ms, total 53ms
03-17 18:23:43.290  9010 11823 I HUREV   : [313] m.e | USB reads recovered after 1 errors
03-17 18:23:43.520  9010 11823 I HUREV   : [313] m.e | USB reads recovered after 1 errors
03-17 18:23:43.720  9010 11823 I HUREV   : [313] m.e | USB reads recovered after 1 errors
03-17 18:23:43.920  9010 11823 I HUREV   : [313] m.e | USB reads recovered after 1 errors
03-17 18:23:44.120  9010 11823 I HUREV   : [313] m.e | USB reads recovered after 1 errors
03-17 18:23:44.290  9010 11823 I HUREV   : [313] m.e | USB reads recovered after 1 errors
03-17 18:23:44.520  9010 11823 I HUREV   : [313] m.e | USB reads recovered after 1 errors
03-17 18:23:44.710  9010 11823 I HUREV   : [313] m.e | USB reads recovered after 1 errors
03-17 18:23:44.920  9010 11823 I HUREV   : [313] m.e | USB reads recovered after 1 errors
03-17 18:23:45.120  9010 11823 I HUREV   : [313] m.e | USB reads recovered after 1 errors
03-17 18:23:45.290  9010 11823 I HUREV   : [313] m.e | USB reads recovered after 1 errors
03-17 18:23:45.520  9010 11823 I HUREV   : [313] m.e | USB reads recovered after 1 errors
03-17 18:23:45.740  9010 11823 I HUREV   : [313] m.e | USB reads recovered after 1 errors
03-17 18:23:45.920  9010 11823 I HUREV   : [313] m.e | USB reads recovered after 1 errors
03-17 18:23:46.120  9010 11823 I HUREV   : [313] m.e | USB reads recovered after 1 errors
03-17 18:23:46.300  9010 11823 I HUREV   : [313] m.e | USB reads recovered after 1 errors
03-17 18:23:46.520  9010 11823 I HUREV   : [313] m.e | USB reads recovered after 1 errors
03-17 18:23:46.720  9010 11823 I HUREV   : [313] m.e | USB reads recovered after 1 errors
03-17 18:23:46.960  9010 11823 I HUREV   : [313] m.e | USB reads recovered after 1 errors
03-17 18:23:47.280  9010 11823 I HUREV   : [313] m.e | USB reads recovered after 1 errors
03-17 18:23:47.550  9010 11823 I HUREV   : [313] m.e | USB reads recovered after 1 errors
03-17 18:23:47.730  9010 11823 I HUREV   : [313] m.e | USB reads recovered after 1 errors
03-17 18:23:47.960  9010 11823 I HUREV   : [313] m.e | USB reads recovered after 1 errors
03-17 18:23:48.150  9010 11823 I HUREV   : [313] m.e | USB reads recovered after 1 errors
03-17 18:23:48.560  9010 11823 I HUREV   : [313] m.e | USB reads recovered after 1 errors
03-17 18:23:48.760  9010 11823 I HUREV   : [313] m.e | USB reads recovered after 1 errors
03-17 18:23:48.970  9010 11823 I HUREV   : [313] m.e | USB reads recovered after 1 errors
03-17 18:23:49.160  9010 11823 I HUREV   : [313] m.e | USB reads recovered after 1 errors
03-17 18:23:49.320  9010 11823 I HUREV   : [313] m.e | USB reads recovered after 1 errors
03-17 18:23:49.560  9010 11823 I HUREV   : [313] m.e | USB reads recovered after 1 errors
03-17 18:23:49.760  9010 11823 I HUREV   : [313] m.e | USB reads recovered after 1 errors
03-17 18:23:49.950  9010 11823 I HUREV   : [313] m.e | USB reads recovered after 1 errors
03-17 18:23:50.150  9010 11823 I HUREV   : [313] m.e | USB reads recovered after 1 errors
03-17 18:23:50.330  9010 11823 I HUREV   : [313] m.e | USB reads recovered after 1 errors
03-17 18:23:50.550  9010 11823 I HUREV   : [313] m.e | USB reads recovered after 1 errors
03-17 18:23:50.750  9010 11823 I HUREV   : [313] m.e | USB reads recovered after 1 errors
03-17 18:23:50.950  9010 11823 I HUREV   : [313] m.e | USB reads recovered after 1 errors
03-17 18:23:51.750  9010 11823 I HUREV   : [313] m.e | USB reads recovered after 1 errors
03-17 18:23:51.950  9010 11823 I HUREV   : [313] m.e | USB reads recovered after 1 errors
03-17 18:23:52.360  9010 11823 I HUREV   : [313] m.e | USB reads recovered after 1 errors
03-17 18:23:52.550  9010 11823 I HUREV   : [313] m.e | USB reads recovered after 1 errors
03-17 18:23:52.950  9010 11823 I HUREV   : [313] m.e | USB reads recovered after 1 errors
03-17 18:23:53.120  9010 11823 I HUREV   : [313] m.e | USB reads recovered after 1 errors
03-17 18:23:53.750  9010 11823 I HUREV   : [313] m.e | USB reads recovered after 1 errors
03-17 18:23:53.950  9010 11823 I HUREV   : [313] m.e | USB reads recovered after 1 errors
03-17 18:23:54.160  9010 11823 I HUREV   : [313] m.e | USB reads recovered after 1 errors
03-17 18:24:03.090  9010  9014 D dalvikvm: GC_CONCURRENT freed 1941K, 58% free 9144K/21740K, paused 8ms+6ms, total 88ms
03-17 18:24:14.780  9010 11823 D dalvikvm: GC_FOR_ALLOC freed 1835K, 58% free 9144K/21740K, paused 59ms, total 59ms
03-17 18:24:26.370  9010 11823 D dalvikvm: GC_FOR_ALLOC freed 1813K, 58% free 9144K/21740K, paused 66ms, total 66ms
03-17 18:24:31.280  9010 11823 I HUREV   : [313] m.e | USB reads recovered after 1 errors
03-17 18:24:31.490  9010 11823 I HUREV   : [313] m.e | USB reads recovered after 1 errors
03-17 18:24:31.690  9010 11823 I HUREV   : [313] m.e | USB reads recovered after 1 errors
03-17 18:24:31.880  9010 11823 I HUREV   : [313] m.e | USB reads recovered after 1 errors
03-17 18:24:32.090  9010 11823 I HUREV   : [313] m.e | USB reads recovered after 1 errors
03-17 18:24:32.290  9010 11823 I HUREV   : [313] m.e | USB reads recovered after 1 errors
03-17 18:24:32.480  9010 11823 I HUREV   : [313] m.e | USB reads recovered after 1 errors
03-17 18:24:32.690  9010 11823 I HUREV   : [313] m.e | USB reads recovered after 1 errors
03-17 18:24:32.890  9010 11823 I HUREV   : [313] m.e | USB reads recovered after 1 errors
03-17 18:24:33.090  9010 11823 I HUREV   : [313] m.e | USB reads recovered after 1 errors
03-17 18:24:33.290  9010 11823 I HUREV   : [313] m.e | USB reads recovered after 1 errors
03-17 18:24:33.480  9010 11823 I HUREV   : [313] m.e | USB reads recovered after 1 errors
03-17 18:24:33.690  9010 11823 I HUREV   : [313] m.e | USB reads recovered after 1 errors
03-17 18:24:33.880  9010 11823 I HUREV   : [313] m.e | USB reads recovered after 1 errors
03-17 18:24:34.080  9010 11823 I HUREV   : [313] m.e | USB reads recovered after 1 errors
03-17 18:24:34.300  9010 11823 I HUREV   : [313] m.e | USB reads recovered after 1 errors
03-17 18:24:34.480  9010 11823 I HUREV   : [313] m.e | USB reads recovered after 1 errors
03-17 18:24:34.690  9010 11823 I HUREV   : [313] m.e | USB reads recovered after 1 errors
03-17 18:24:34.890  9010 11823 I HUREV   : [313] m.e | USB reads recovered after 1 errors
03-17 18:24:35.080  9010 11823 I HUREV   : [313] m.e | USB reads recovered after 1 errors
03-17 18:24:35.290  9010 11823 I HUREV   : [313] m.e | USB reads recovered after 1 errors
03-17 18:24:35.520  9010 11823 I HUREV   : [313] m.e | USB reads recovered after 1 errors
03-17 18:24:35.720  9010 11823 I HUREV   : [313] m.e | USB reads recovered after 1 errors
03-17 18:24:35.920  9010 11823 I HUREV   : [313] m.e | USB reads recovered after 1 errors
03-17 18:24:36.120  9010 11823 I HUREV   : [313] m.e | USB reads recovered after 1 errors
03-17 18:24:36.490  9010 11823 I HUREV   : [313] m.e | USB reads recovered after 1 errors
03-17 18:24:43.290  9010  9014 D dalvikvm: GC_CONCURRENT freed 1928K, 58% free 9148K/21740K, paused 7ms+6ms, total 95ms
03-17 18:24:51.760  9010  9016 I dalvikvm: Jit: resizing JitTable from 8192 to 16384
03-17 18:24:52.380  9010  9010 I HUREV   : [1] p.onReceive | USB Intent: Intent { act=android.hardware.usb.action.USB_DEVICE_DETACHED flg=0x10 (has extras) }
03-17 18:24:52.390  9010  9010 I HUREV   : [1] p.onReceive | USB Intent: Intent { act=android.hardware.usb.action.USB_DEVICE_DETACHED flg=0x10 (has extras) }
03-17 18:24:52.400  9010  9010 I HUREV   : [1] AapProjectionActivity.M | Hiding reconnecting overlay — frames resumed
03-17 18:24:52.410  9010  9010 I HUREV   : [1] AapProjectionActivity.onPause | AapProjectionActivity: onPause
03-17 18:24:52.430  9010  9010 I HUREV   : [1] AapService.K | WifiLock released
03-17 18:24:52.440  9010 11859 I HUREV   : [314] z.l | Output thread stopped
03-17 18:24:52.450  9010 11251 I HUREV   : [308] z.t | Decoder stopped: AapService::onDisconnect
03-17 18:24:52.470  9010  9010 D zjy     : view visibility = 7
03-17 18:24:52.510  9010  9010 D zjy     : view visibility = 7
03-17 18:24:52.880  9010  9010 I HUREV   : [1] AapProjectionActivity.onDestroy | AapProjectionActivity.onDestroy called. isFinishing=true
03-17 18:24:52.880  9010  9010 I HUREV   : [1] i.onSurfaceTextureDestroyed | TextureProjectionView: Surface destroyed
03-17 18:24:52.880  9010  9010 I HUREV   : [1] AapProjectionActivity.c | SurfaceCallback: onSurfaceDestroyed. Surface: Surface(name=android.graphics.SurfaceTexture@4284f920)
03-17 18:24:52.880  9010  9010 I HUREV   : [1] z.t | Decoder stopped: surfaceDestroyed
03-17 18:24:53.250  9010 11823 W HUREV   : [313] m.e | USB read errors (10) for 1s — waiting for recovery...
03-17 18:24:55.260  9010 11823 W HUREV   : [313] m.e | USB read errors (20) for 3s — waiting for recovery...
03-17 18:24:57.270  9010 11823 W HUREV   : [313] m.e | USB read errors (30) for 5s — waiting for recovery...
03-17 18:24:59.260  9010 11823 W HUREV   : [313] m.e | USB read errors (40) for 7s — waiting for recovery...
03-17 18:25:01.270  9010 11823 W HUREV   : [313] m.e | USB read errors (50) for 9s — waiting for recovery...
03-17 18:25:03.270  9010 11823 W HUREV   : [313] m.e | USB read errors (60) for 11s — waiting for recovery...
03-17 18:25:05.270  9010 11823 W HUREV   : [313] m.e | USB read errors (70) for 13s — waiting for recovery...
03-17 18:25:05.360  9010  9010 I HUREV   : [1] p.onReceive | USB Intent: Intent { act=android.hardware.usb.action.USB_DEVICE_ATTACHED flg=0x10000010 (has extras) }
03-17 18:25:05.370  9010  9010 I HUREV   : [1] p.onReceive | USB Intent: Intent { act=android.hardware.usb.action.USB_DEVICE_ATTACHED flg=0x10000010 (has extras) }
03-17 18:25:05.370  9010  9010 I HUREV   : [1] AapService.onUsbAttach | Normal USB device attached: Google 18D1:4EE1. Will check auto-connect in 2000ms...
03-17 18:25:05.430  9010  9010 I HUREV   : [1] UsbAttachedActivity.onCreate | USB Intent: Intent { act=android.hardware.usb.action.USB_DEVICE_ATTACHED flg=0x10000000 cmp=com.andrerinas.headunitrevived/.app.UsbAttachedActivity (has extras) }
03-17 18:25:05.430  9010  9010 I HUREV   : [1] UsbAttachedActivity.onCreate | Skipping device Google 18D1:4EE1
03-17 18:25:05.440  9010  9010 D zjy     : view visibility = 7
03-17 18:25:05.490  9010  9010 D zjy     : view visibility = 7
03-17 18:25:07.280  9010 11823 W HUREV   : [313] m.e | USB read errors (80) for 15s — waiting for recovery...
03-17 18:25:07.390  9010  9010 I HUREV   : [1] m.invokeSuspend | UsbAttachedActivity didn't handle Google 18D1:4EE1. Trying from service...
03-17 18:25:09.280  9010 11823 W HUREV   : [313] m.e | USB read errors (90) for 17s — waiting for recovery...
03-17 18:25:11.280  9010 11823 W HUREV   : [313] m.e | USB read errors (100) for 19s — waiting for recovery...
03-17 18:25:11.480  9010  9010 I HUREV   : [1] n.c | Success controlTransfer len: 2  acc_ver: 2
03-17 18:25:11.480  9010  9010 I HUREV   : [1] n.c | acc_ver: 2
03-17 18:25:11.480  9010  9010 I HUREV   : [1] n.b | Success controlTransfer len: 7  index: 0  string: "Android"
03-17 18:25:11.490  9010  9010 I HUREV   : [1] n.b | Success controlTransfer len: 12  index: 1  string: "Android Auto"
03-17 18:25:11.490  9010  9010 I HUREV   : [1] n.b | Success controlTransfer len: 12  index: 2  string: "Android Auto"
03-17 18:25:11.490  9010  9010 I HUREV   : [1] n.b | Success controlTransfer len: 5  index: 3  string: "2.0.1"
03-17 18:25:11.490  9010  9010 I HUREV   : [1] n.b | Success controlTransfer len: 45  index: 4  string: "https://developer.android.com/auto/index.html"
03-17 18:25:11.490  9010  9010 I HUREV   : [1] n.b | Success controlTransfer len: 12  index: 5  string: "HU-AAAAAA001"
03-17 18:25:11.490  9010  9010 I HUREV   : [1] n.c | Sending acc start
03-17 18:25:11.490  9010  9010 I HUREV   : [1] n.c | Acc start sent (len=0). Waiting for re-enumeration...
03-17 18:25:11.990  9010  9010 D UsbDeviceConnectionJNI: close
03-17 18:25:11.990  9010  9010 I HUREV   : [1] n.a | Result: true
03-17 18:25:12.020  9010  9010 I HUREV   : [1] p.onReceive | USB Intent: Intent { act=android.hardware.usb.action.USB_DEVICE_DETACHED flg=0x10 (has extras) }
03-17 18:25:12.020  9010  9010 I HUREV   : [1] p.onReceive | USB Intent: Intent { act=android.hardware.usb.action.USB_DEVICE_DETACHED flg=0x10 (has extras) }
03-17 18:25:12.090  9010  9014 D dalvikvm: GC_CONCURRENT freed 2147K, 59% free 8993K/21732K, paused 8ms+10ms, total 97ms
03-17 18:25:12.090  9010  9010 I HUREV   : [1] p.onReceive | USB Intent: Intent { act=android.hardware.usb.action.USB_DEVICE_ATTACHED flg=0x10000010 (has extras) }
03-17 18:25:12.100  9010  9010 I HUREV   : [1] p.onReceive | USB Intent: Intent { act=android.hardware.usb.action.USB_DEVICE_ATTACHED flg=0x10000010 (has extras) }
03-17 18:25:12.100  9010  9010 I HUREV   : [1] AapService.onUsbAttach | USB accessory device attached, connecting.
03-17 18:25:12.100  9010  9010 I HUREV   : [1] AapService.u | Found device already in accessory mode: Google 18D1:2D00
03-17 18:25:12.160  9010 11251 D UsbDeviceConnectionJNI: close
03-17 18:25:12.170  9010 11251 I HUREV   : [308] m.b | Google 18D1:2D00 - UsbDevice[mName=/dev/bus/usb/002/008,mVendorId=6353,mProductId=11520,mClass=0,mSubclass=0,mProtocol=0,mInterfaces=[Landroid.os.Parcelable;@42829338]
03-17 18:25:12.170  9010 11251 E UsbDeviceConnectionJNI: device is closed in native_release_interface
03-17 18:25:12.170  9010 11251 I HUREV   : [308] m.b | OK releaseInterface()
03-17 18:25:12.170  9010  9010 I HUREV   : [1] UsbAttachedActivity.onCreate | USB Intent: Intent { act=android.hardware.usb.action.USB_DEVICE_ATTACHED flg=0x10000000 cmp=com.andrerinas.headunitrevived/.app.UsbAttachedActivity (has extras) }
03-17 18:25:12.170  9010 11251 I HUREV   : [308] m.l | Established connection: android.hardware.usb.UsbDeviceConnection@425a8a58
03-17 18:25:12.170  9010  9010 E HUREV   : [1] UsbAttachedActivity.onCreate | Usb in accessory mode
03-17 18:25:12.170  9010 11251 I HUREV   : [308] m.l | interfaceCount: 1
03-17 18:25:12.170  9010 11251 I HUREV   : [308] m.j | Check accessory endpoints
03-17 18:25:12.180  9010 11251 I HUREV   : [308] m.j | Connected have EPs
03-17 18:25:12.210  9010  9010 I HUREV   : [1] AapService.t | WifiLock acquired (HIGH_PERF)
03-17 18:25:12.230  9010  9010 D zjy     : view visibility = 7
03-17 18:25:12.280  9010 11251 I HUREV   : [308] t0.B | Start Aap transport handshake for w0.m@42783068
03-17 18:25:12.290  9010 11823 E HUREV   : [313] f0.a | AapRead: Connection lost. Stopping read loop.
03-17 18:25:12.290  9010 11823 I HUREV   : [313] t0.n | Quitting because ret < 0
03-17 18:25:12.290  9010 11823 I HUREV   : [313] t0.o | AapTransport quitting (clean=false)
03-17 18:25:12.300  9010 11251 W MessageQueue: Handler (android.os.Handler) {42619f40} sending message to a Handler on a dead thread
03-17 18:25:12.300  9010 11251 W MessageQueue: java.lang.RuntimeException: Handler (android.os.Handler) {42619f40} sending message to a Handler on a dead thread
03-17 18:25:12.300  9010 11251 W MessageQueue: 	at android.os.MessageQueue.enqueueMessage(MessageQueue.java:309)
03-17 18:25:12.300  9010 11251 W MessageQueue: 	at android.os.Handler.enqueueMessage(Handler.java:623)
03-17 18:25:12.300  9010 11251 W MessageQueue: 	at android.os.Handler.sendMessageAtTime(Handler.java:592)
03-17 18:25:12.300  9010 11251 W MessageQueue: 	at android.os.Handler.sendMessageDelayed(Handler.java:563)
03-17 18:25:12.300  9010 11251 W MessageQueue: 	at android.os.Handler.post(Handler.java:323)
03-17 18:25:12.300  9010 11251 W MessageQueue: 	at t0.t0.B(r8-map-id-f1537b069f239da04e78454013a0eb60e949cb54a227911edc102ef5973c8398:114)
03-17 18:25:12.300  9010 11251 W MessageQueue: 	at w0.b$f.invokeSuspend(r8-map-id-f1537b069f239da04e78454013a0eb60e949cb54a227911edc102ef5973c8398:239)
03-17 18:25:12.300  9010 11251 W MessageQueue: 	at kotlin.coroutines.jvm.internal.a.resumeWith(r8-map-id-f1537b069f239da04e78454013a0eb60e949cb54a227911edc102ef5973c8398:12)
03-17 18:25:12.300  9010 11251 W MessageQueue: 	at kotlinx.coroutines.u0.run(r8-map-id-f1537b069f239da04e78454013a0eb60e949cb54a227911edc102ef5973c8398:124)
03-17 18:25:12.300  9010 11251 W MessageQueue: 	at kotlinx.coroutines.internal.h.run(r8-map-id-f1537b069f239da04e78454013a0eb60e949cb54a227911edc102ef5973c8398:13)
03-17 18:25:12.300  9010 11251 W MessageQueue: 	at kotlinx.coroutines.scheduling.k.run(r8-map-id-f1537b069f239da04e78454013a0eb60e949cb54a227911edc102ef5973c8398:3)
03-17 18:25:12.300  9010 11251 W MessageQueue: 	at kotlinx.coroutines.scheduling.a.m(r8-map-id-f1537b069f239da04e78454013a0eb60e949cb54a227911edc102ef5973c8398:1)
03-17 18:25:12.300  9010 11251 W MessageQueue: 	at kotlinx.coroutines.scheduling.a$c.d(r8-map-id-f1537b069f239da04e78454013a0eb60e949cb54a227911edc102ef5973c8398:15)
03-17 18:25:12.300  9010 11251 W MessageQueue: 	at kotlinx.coroutines.scheduling.a$c.n(r8-map-id-f1537b069f239da04e78454013a0eb60e949cb54a227911edc102ef5973c8398:29)
03-17 18:25:12.300  9010 11251 W MessageQueue: 	at kotlinx.coroutines.scheduling.a$c.run(r8-map-id-f1537b069f239da04e78454013a0eb60e949cb54a227911edc102ef5973c8398:1)
03-17 18:25:12.440  9010  9010 I HUREV   : [1] AapProjectionActivity.onCreate | HeadUnit for Android Auto (tm) - Copyright 2011-2015 Michael A. Reid., since 2025 André Rinas All Rights Reserved...
03-17 18:25:12.440  9010  9010 I HUREV   : [1] AapProjectionActivity.onCreate | Using TextureView
03-17 18:25:12.450  9010  9010 I HUREV   : [1] i.p | CarScreen: usable width: 1920 height: 720 (Raw: 1920x720, Insets: L0 T0 R0 B0)
03-17 18:25:12.450  9010  9010 I HUREV   : [1] i.p | CarScreen isSmallScreen: true, scaleFactor: 1.0
03-17 18:25:12.450  9010  9010 I HUREV   : [1] i.p | CarScreen using: _1920x1080, number: 3, scales: scaleX: 1.0, scaleY: 1.5
03-17 18:25:12.450  9010  9010 D zjy     : view visibility = 7
03-17 18:25:12.450  9010  9010 I HUREV   : [1] AapProjectionActivity.onResume | AapProjectionActivity: onResume
03-17 18:25:12.460  9010  9010 D zjy     : view visibility = 7
03-17 18:25:12.530  9010  9010 D zjy     : view visibility = 7
03-17 18:25:12.540  9010  9010 I HUREV   : [1] i.onSurfaceTextureAvailable | TextureProjectionView: Surface available: 1920x720
03-17 18:25:12.540  9010  9010 I HUREV   : [1] AapProjectionActivity.d | [AapProjectionActivity] onSurfaceCreated
03-17 18:25:12.550  9010  9010 I HUREV   : [1] AapProjectionActivity.b | [AapProjectionActivity] onSurfaceChanged. Actual surface dimensions: width=1920, height=720
03-17 18:25:12.550  9010  9010 I HUREV   : [1] z.q | New surface set: Surface(name=android.graphics.SurfaceTexture@429f44a8)
03-17 18:25:12.550  9010  9010 I HUREV   : [1] AapProjectionActivity.b | [AapProjectionActivity] Decoder already has dimensions: 1920x1088. Applying to view.
03-17 18:25:12.550  9010  9010 I HUREV   : [1] i.a | TextureProjectionView
03-17 18:25:12.560  9010  9010 I HUREV   : [1] i.p | CarScreen: usable width: 1920 height: 720 (Raw: 1920x720, Insets: L0 T0 R0 B0)
03-17 18:25:12.560  9010  9010 I HUREV   : [1] i.p | CarScreen isSmallScreen: true, scaleFactor: 1.0
03-17 18:25:12.560  9010  9010 I HUREV   : [1] i.p | CarScreen using: _1920x1080, number: 3, scales: scaleX: 1.0, scaleY: 1.5
03-17 18:25:12.570  9010  9010 I HUREV   : [1] h.a | ProjectionViewScaler: Dimensions: Video: 1920x1088, Content: 1920x640, View: 1920x720
03-17 18:25:12.570  9010  9010 I HUREV   : [1] h.a | ProjectionViewScaler: Scale updated for view i. scaleX: 1.0, scaleY: 1.5
03-17 18:25:12.570  9010  9010 I HUREV   : [1] h.a | ProjectionViewScaler: Dimensions: Video: 1920x1088, Content: 1920x640, View: 1920x720
03-17 18:25:12.580  9010  9010 I HUREV   : [1] h.a | ProjectionViewScaler: Scale updated for view i. scaleX: 1.0, scaleY: 1.5
03-17 18:25:12.850  9010 11251 I HUREV   : [308] m.e | USB reads recovered after 1 errors
03-17 18:25:12.850  9010 11251 I HUREV   : [308] t0.l | Handshake: Version response received (ret=12, attempt=1).
03-17 18:25:12.860  9010 11251 I HUREV   : [308] t0.l | Handshake: Version response recv ret: 12
03-17 18:25:13.070  9010 11251 I HUREV   : [308] o0.performHandshake | SSL handshake complete. Session id: 4HVARXUaE4A+w0WRIqUDz7dVssmDx/ZK+KKL0CmEtV4=
03-17 18:25:13.080  9010 11251 I HUREV   : [308] t0.l | Handshake: Status OK sent: 8
03-17 18:25:13.080  9010 11251 I HUREV   : [308] i.c | Audio Focus Request: stream=3, type=1
03-17 18:25:13.080  9010 11251 D AudioManager: Qian:requestAudioFocus:3
03-17 18:25:13.080  9010  9020 D AudioManager: dispatchAudioFocusChange [android.media.AudioManager@427299b8w0.d@42683f58], hint = -1
03-17 18:25:13.090  9010  9010 D AudioManager: Begin listener.onAudioFocusChange  [android.media.AudioManager@427299b8w0.d@42683f58], hint = -1
03-17 18:25:13.090  9010  9010 D AudioManager: End listener.onAudioFocusChange [android.media.AudioManager@427299b8w0.d@42683f58], hint = -1
03-17 18:25:13.090  9010 11251 I HUREV   : [308] i.c | Audio focus request result (legacy): GRANTED
03-17 18:25:13.090  9010 11251 I HUREV   : [308] t0.E | Start Aap transport read loop
03-17 18:25:13.160  9010 11251 D dalvikvm: GC_FOR_ALLOC freed 2468K, 63% free 8057K/21732K, paused 70ms, total 70ms
03-17 18:25:13.180  9010  9010 I HUREV   : [1] g.onReceive | Received request to resend night mode state
03-17 18:25:13.180  9010  9010 I HUREV   : [1] v.invoke | NightMode update: true
03-17 18:25:15.460  9010  9010 W HUREV   : [1] l.run | Watchdog: No video received. Requesting Keyframe (Unsolicited Focus)...
03-17 18:25:15.460  9010  9010 I HUREV   : [1] t0.r | Cannot send message, handler is null (quitting?)
03-17 18:25:18.460  9010  9010 W HUREV   : [1] l.run | Watchdog: No video received. Requesting Keyframe (Unsolicited Focus)...
03-17 18:25:18.460  9010  9010 I HUREV   : [1] t0.r | Cannot send message, handler is null (quitting?)
03-17 18:25:21.470  9010  9010 W HUREV   : [1] l.run | Watchdog: No video received. Requesting Keyframe (Unsolicited Focus)...
03-17 18:25:21.470  9010  9010 I HUREV   : [1] t0.r | Cannot send message, handler is null (quitting?)
03-17 18:25:24.470  9010  9010 W HUREV   : [1] l.run | Watchdog: No video received. Requesting Keyframe (Unsolicited Focus)...
03-17 18:25:24.470  9010  9010 I HUREV   : [1] t0.r | Cannot send message, handler is null (quitting?)
03-17 18:25:27.470  9010  9010 W HUREV   : [1] l.run | Watchdog: No video received. Requesting Keyframe (Unsolicited Focus)...
03-17 18:25:27.470  9010  9010 I HUREV   : [1] t0.r | Cannot send message, handler is null (quitting?)
03-17 18:25:30.480  9010  9010 W HUREV   : [1] l.run | Watchdog: No video received. Requesting Keyframe (Unsolicited Focus)...
03-17 18:25:30.480  9010  9010 I HUREV   : [1] t0.r | Cannot send message, handler is null (quitting?)
03-17 18:25:33.480  9010  9010 W HUREV   : [1] l.run | Watchdog: No video received. Requesting Keyframe (Unsolicited Focus)...
03-17 18:25:33.480  9010  9010 I HUREV   : [1] t0.r | Cannot send message, handler is null (quitting?)
03-17 18:25:36.480  9010  9010 W HUREV   : [1] l.run | Watchdog: No video received. Requesting Keyframe (Unsolicited Focus)...
03-17 18:25:36.480  9010  9010 I HUREV   : [1] t0.r | Cannot send message, handler is null (quitting?)
03-17 18:25:39.480  9010  9010 W HUREV   : [1] l.run | Watchdog: No video received. Requesting Keyframe (Unsolicited Focus)...
03-17 18:25:39.480  9010  9010 I HUREV   : [1] t0.r | Cannot send message, handler is null (quitting?)
03-17 18:25:42.480  9010  9010 W HUREV   : [1] l.run | Watchdog: No video received. Requesting Keyframe (Unsolicited Focus)...
03-17 18:25:42.490  9010  9010 I HUREV   : [1] t0.r | Cannot send message, handler is null (quitting?)
03-17 18:25:45.490  9010  9010 W HUREV   : [1] l.run | Watchdog: No video received. Requesting Keyframe (Unsolicited Focus)...
03-17 18:25:45.490  9010  9010 I HUREV   : [1] t0.r | Cannot send message, handler is null (quitting?)
03-17 18:25:48.490  9010  9010 W HUREV   : [1] l.run | Watchdog: No video received. Requesting Keyframe (Unsolicited Focus)...
03-17 18:25:48.490  9010  9010 I HUREV   : [1] t0.r | Cannot send message, handler is null (quitting?)
03-17 18:25:51.490  9010  9010 W HUREV   : [1] l.run | Watchdog: No video received. Requesting Keyframe (Unsolicited Focus)...
03-17 18:25:51.490  9010  9010 I HUREV   : [1] t0.r | Cannot send message, handler is null (quitting?)
03-17 18:25:54.490  9010  9010 W HUREV   : [1] l.run | Watchdog: No video received. Requesting Keyframe (Unsolicited Focus)...
03-17 18:25:54.490  9010  9010 I HUREV   : [1] t0.r | Cannot send message, handler is null (quitting?)
03-17 18:25:57.490  9010  9010 W HUREV   : [1] l.run | Watchdog: No video received. Requesting Keyframe (Unsolicited Focus)...
03-17 18:25:57.490  9010  9010 I HUREV   : [1] t0.r | Cannot send message, handler is null (quitting?)
03-17 18:26:00.500  9010  9010 W HUREV   : [1] l.run | Watchdog: No video received. Requesting Keyframe (Unsolicited Focus)...
03-17 18:26:00.500  9010  9010 I HUREV   : [1] t0.r | Cannot send message, handler is null (quitting?)
03-17 18:26:03.510  9010  9010 W HUREV   : [1] l.run | Watchdog: No video received. Requesting Keyframe (Unsolicited Focus)...
03-17 18:26:03.510  9010  9010 I HUREV   : [1] t0.r | Cannot send message, handler is null (quitting?)
03-17 18:26:06.520  9010  9010 W HUREV   : [1] l.run | Watchdog: No video received. Requesting Keyframe (Unsolicited Focus)...
03-17 18:26:06.520  9010  9010 I HUREV   : [1] t0.r | Cannot send message, handler is null (quitting?)
03-17 18:26:09.540  9010  9010 W HUREV   : [1] l.run | Watchdog: No video received. Requesting Keyframe (Unsolicited Focus)...
03-17 18:26:09.540  9010  9010 I HUREV   : [1] t0.r | Cannot send message, handler is null (quitting?)
03-17 18:26:12.540  9010  9010 W HUREV   : [1] l.run | Watchdog: No video received. Requesting Keyframe (Unsolicited Focus)...
03-17 18:26:12.540  9010  9010 I HUREV   : [1] t0.r | Cannot send message, handler is null (quitting?)
03-17 18:26:15.550  9010  9010 W HUREV   : [1] l.run | Watchdog: No video received. Requesting Keyframe (Unsolicited Focus)...
03-17 18:26:15.550  9010  9010 I HUREV   : [1] t0.r | Cannot send message, handler is null (quitting?)
03-17 18:26:18.550  9010  9010 W HUREV   : [1] l.run | Watchdog: No video received. Requesting Keyframe (Unsolicited Focus)...
03-17 18:26:18.550  9010  9010 I HUREV   : [1] t0.r | Cannot send message, handler is null (quitting?)
03-17 18:26:21.550  9010  9010 W HUREV   : [1] l.run | Watchdog: No video received. Requesting Keyframe (Unsolicited Focus)...
03-17 18:26:21.550  9010  9010 I HUREV   : [1] t0.r | Cannot send message, handler is null (quitting?)
03-17 18:26:24.560  9010  9010 W HUREV   : [1] l.run | Watchdog: No video received. Requesting Keyframe (Unsolicited Focus)...
03-17 18:26:24.560  9010  9010 I HUREV   : [1] t0.r | Cannot send message, handler is null (quitting?)
03-17 18:26:27.560  9010  9010 W HUREV   : [1] l.run | Watchdog: No video received. Requesting Keyframe (Unsolicited Focus)...
03-17 18:26:27.560  9010  9010 I HUREV   : [1] t0.r | Cannot send message, handler is null (quitting?)
03-17 18:26:30.160  9010  9010 I HUREV   : [1] p.onReceive | USB Intent: Intent { act=android.hardware.usb.action.USB_DEVICE_DETACHED flg=0x10 (has extras) }
03-17 18:26:30.160  9010  9010 I HUREV   : [1] p.onReceive | USB Intent: Intent { act=android.hardware.usb.action.USB_DEVICE_DETACHED flg=0x10 (has extras) }
03-17 18:26:30.180  9010  9010 I HUREV   : [1] AapProjectionActivity.M | Hiding reconnecting overlay — frames resumed
03-17 18:26:30.200  9010  9010 I HUREV   : [1] AapProjectionActivity.onPause | AapProjectionActivity: onPause
03-17 18:26:30.210  9010  9010 I HUREV   : [1] AapService.K | WifiLock released
03-17 18:26:30.220  9010 11251 I HUREV   : [308] z.t | Decoder stopped: AapService::onDisconnect
03-17 18:26:30.240  9010  9010 D zjy     : view visibility = 7
03-17 18:26:30.280  9010  9010 D zjy     : view visibility = 7
03-17 18:26:30.660  9010  9010 I HUREV   : [1] AapProjectionActivity.onDestroy | AapProjectionActivity.onDestroy called. isFinishing=true
03-17 18:26:30.670  9010  9010 I HUREV   : [1] i.onSurfaceTextureDestroyed | TextureProjectionView: Surface destroyed
03-17 18:26:30.670  9010  9010 I HUREV   : [1] AapProjectionActivity.c | SurfaceCallback: onSurfaceDestroyed. Surface: Surface(name=android.graphics.SurfaceTexture@429f44a8)
03-17 18:26:30.670  9010  9010 I HUREV   : [1] z.t | Decoder stopped: surfaceDestroyed
03-17 18:26:57.140  9010  9010 I HUREV   : [1] p.onReceive | USB Intent: Intent { act=android.hardware.usb.action.USB_DEVICE_ATTACHED flg=0x10000010 (has extras) }
03-17 18:26:57.150  9010  9010 I HUREV   : [1] p.onReceive | USB Intent: Intent { act=android.hardware.usb.action.USB_DEVICE_ATTACHED flg=0x10000010 (has extras) }
03-17 18:26:57.150  9010  9010 I HUREV   : [1] AapService.onUsbAttach | Normal USB device attached: Google 18D1:4EE1. Will check auto-connect in 2000ms...
03-17 18:26:57.200  9010  9010 I HUREV   : [1] UsbAttachedActivity.onCreate | USB Intent: Intent { act=android.hardware.usb.action.USB_DEVICE_ATTACHED flg=0x10000000 cmp=com.andrerinas.headunitrevived/.app.UsbAttachedActivity (has extras) }
03-17 18:26:57.200  9010  9010 I HUREV   : [1] UsbAttachedActivity.onCreate | Skipping device Google 18D1:4EE1
03-17 18:26:57.210  9010  9010 D zjy     : view visibility = 7
03-17 18:26:57.260  9010  9010 D zjy     : view visibility = 7
03-17 18:26:57.300  9010  9014 D dalvikvm: GC_CONCURRENT freed 636K, 59% free 8990K/21648K, paused 5ms+6ms, total 69ms
03-17 18:26:59.160  9010  9010 I HUREV   : [1] m.invokeSuspend | UsbAttachedActivity didn't handle Google 18D1:4EE1. Trying from service...
03-17 18:27:01.990  9010  9010 I HUREV   : [1] n.c | Success controlTransfer len: 2  acc_ver: 2
03-17 18:27:01.990  9010  9010 I HUREV   : [1] n.c | acc_ver: 2
03-17 18:27:02.000  9010  9010 I HUREV   : [1] n.b | Success controlTransfer len: 7  index: 0  string: "Android"
03-17 18:27:02.000  9010  9010 I HUREV   : [1] n.b | Success controlTransfer len: 12  index: 1  string: "Android Auto"
03-17 18:27:02.000  9010  9010 I HUREV   : [1] n.b | Success controlTransfer len: 12  index: 2  string: "Android Auto"
03-17 18:27:02.000  9010  9010 I HUREV   : [1] n.b | Success controlTransfer len: 5  index: 3  string: "2.0.1"
03-17 18:27:02.000  9010  9010 I HUREV   : [1] n.b | Success controlTransfer len: 45  index: 4  string: "https://developer.android.com/auto/index.html"
03-17 18:27:02.000  9010  9010 I HUREV   : [1] n.b | Success controlTransfer len: 12  index: 5  string: "HU-AAAAAA001"
03-17 18:27:02.000  9010  9010 I HUREV   : [1] n.c | Sending acc start
03-17 18:27:02.010  9010  9010 I HUREV   : [1] n.c | Acc start sent (len=0). Waiting for re-enumeration...
03-17 18:27:02.510  9010  9010 D UsbDeviceConnectionJNI: close
03-17 18:27:02.510  9010  9010 I HUREV   : [1] n.a | Result: true
03-17 18:27:02.520  9010  9010 I HUREV   : [1] p.onReceive | USB Intent: Intent { act=android.hardware.usb.action.USB_DEVICE_DETACHED flg=0x10 (has extras) }
03-17 18:27:02.520  9010  9010 I HUREV   : [1] p.onReceive | USB Intent: Intent { act=android.hardware.usb.action.USB_DEVICE_DETACHED flg=0x10 (has extras) }
03-17 18:27:02.590  9010  9010 D dalvikvm: GC_EXPLICIT freed 386K, 60% free 8804K/21648K, paused 4ms+4ms, total 62ms
03-17 18:27:02.650  9010  9010 I HUREV   : [1] p.onReceive | USB Intent: Intent { act=android.hardware.usb.action.USB_DEVICE_ATTACHED flg=0x10000010 (has extras) }
03-17 18:27:02.670  9010  9010 I HUREV   : [1] p.onReceive | USB Intent: Intent { act=android.hardware.usb.action.USB_DEVICE_ATTACHED flg=0x10000010 (has extras) }
03-17 18:27:02.670  9010  9010 I HUREV   : [1] AapService.onUsbAttach | USB accessory device attached, connecting.
03-17 18:27:02.670  9010  9010 I HUREV   : [1] AapService.u | Found device already in accessory mode: Google 18D1:2D00
03-17 18:27:02.690  9010 11251 D UsbDeviceConnectionJNI: close
03-17 18:27:02.690  9010 11251 I HUREV   : [308] m.b | Google 18D1:2D00 - UsbDevice[mName=/dev/bus/usb/002/010,mVendorId=6353,mProductId=11520,mClass=0,mSubclass=0,mProtocol=0,mInterfaces=[Landroid.os.Parcelable;@4292db20]
03-17 18:27:02.690  9010 11251 E UsbDeviceConnectionJNI: device is closed in native_release_interface
03-17 18:27:02.690  9010 11251 I HUREV   : [308] m.b | OK releaseInterface()
03-17 18:27:02.690  9010 11251 I HUREV   : [308] m.l | Established connection: android.hardware.usb.UsbDeviceConnection@424d80d0
03-17 18:27:02.690  9010 11251 I HUREV   : [308] m.l | interfaceCount: 1
03-17 18:27:02.690  9010 11251 I HUREV   : [308] m.j | Check accessory endpoints
03-17 18:27:02.690  9010 11251 I HUREV   : [308] m.j | Connected have EPs
03-17 18:27:02.700  9010  9010 I HUREV   : [1] UsbAttachedActivity.onCreate | USB Intent: Intent { act=android.hardware.usb.action.USB_DEVICE_ATTACHED flg=0x10000000 cmp=com.andrerinas.headunitrevived/.app.UsbAttachedActivity (has extras) }
03-17 18:27:02.700  9010  9010 E HUREV   : [1] UsbAttachedActivity.onCreate | Usb in accessory mode
03-17 18:27:02.730  9010  9010 I HUREV   : [1] AapService.t | WifiLock acquired (HIGH_PERF)
03-17 18:27:02.740  9010  9010 D zjy     : view visibility = 7
03-17 18:27:02.760  9010 11251 I HUREV   : [308] t0.B | Start Aap transport handshake for w0.m@427899c8
03-17 18:27:02.880  9010  9010 I HUREV   : [1] AapProjectionActivity.onCreate | HeadUnit for Android Auto (tm) - Copyright 2011-2015 Michael A. Reid., since 2025 André Rinas All Rights Reserved...
03-17 18:27:02.880  9010  9010 I HUREV   : [1] AapProjectionActivity.onCreate | Using TextureView
03-17 18:27:02.880  9010  9010 I HUREV   : [1] i.p | CarScreen: usable width: 1920 height: 720 (Raw: 1920x720, Insets: L0 T0 R0 B0)
03-17 18:27:02.880  9010  9010 I HUREV   : [1] i.p | CarScreen isSmallScreen: true, scaleFactor: 1.0
03-17 18:27:02.880  9010  9010 I HUREV   : [1] i.p | CarScreen using: _1920x1080, number: 3, scales: scaleX: 1.0, scaleY: 1.5
03-17 18:27:02.890  9010  9010 D zjy     : view visibility = 7
03-17 18:27:02.890  9010  9010 I HUREV   : [1] AapProjectionActivity.onResume | AapProjectionActivity: onResume
03-17 18:27:02.890  9010  9010 D zjy     : view visibility = 7
03-17 18:27:02.940  9010  9010 D zjy     : view visibility = 7
03-17 18:27:02.950  9010  9010 I HUREV   : [1] i.onSurfaceTextureAvailable | TextureProjectionView: Surface available: 1920x720
03-17 18:27:02.960  9010  9010 I HUREV   : [1] AapProjectionActivity.d | [AapProjectionActivity] onSurfaceCreated
03-17 18:27:02.960  9010  9010 I HUREV   : [1] AapProjectionActivity.b | [AapProjectionActivity] onSurfaceChanged. Actual surface dimensions: width=1920, height=720
03-17 18:27:02.960  9010  9010 I HUREV   : [1] z.q | New surface set: Surface(name=android.graphics.SurfaceTexture@426eec08)
03-17 18:27:02.960  9010  9010 I HUREV   : [1] AapProjectionActivity.b | [AapProjectionActivity] Decoder already has dimensions: 1920x1088. Applying to view.
03-17 18:27:02.960  9010  9010 I HUREV   : [1] i.a | TextureProjectionView
03-17 18:27:02.970  9010  9010 I HUREV   : [1] i.p | CarScreen: usable width: 1920 height: 720 (Raw: 1920x720, Insets: L0 T0 R0 B0)
03-17 18:27:02.970  9010  9010 I HUREV   : [1] i.p | CarScreen isSmallScreen: true, scaleFactor: 1.0
