03-17 06:46:56.730  3689 21953 I HUREV   : [4111] n.b | SENSOR Sensor Start Response type: 32770 flags: 11 size: 8 dataOffset: 6
03-17 06:46:56.730  3689 21953 I HUREV   : [4111] m.b | Media Sink Setup Request: 2 on channel AUDIO2
03-17 06:46:56.730  3689 21953 I HUREV   : [4111] m.b | Config response: status: HEADUNIT
03-17 06:46:56.730  3689 21953 I HUREV   : max_unacked: 3
03-17 06:46:56.730  3689 21953 I HUREV   : configuration_indices: 0
03-17 06:46:56.740  3689 21953 I HUREV   : [4111] m.b | Media Sink Setup Request: 2 on channel AUDIO1
03-17 06:46:56.740  3689 21953 I HUREV   : [4111] m.b | Config response: status: HEADUNIT
03-17 06:46:56.740  3689 21953 I HUREV   : max_unacked: 3
03-17 06:46:56.740  3689 21953 I HUREV   : configuration_indices: 0
03-17 06:46:56.740  3689 21953 I HUREV   : [4111] m.b | Media Sink Setup Request: 2 on channel AUDIO
03-17 06:46:56.750  3689 21953 I HUREV   : [4111] m.b | Config response: status: HEADUNIT
03-17 06:46:56.750  3689 21953 I HUREV   : max_unacked: 3
03-17 06:46:56.750  3689 21953 I HUREV   : configuration_indices: 0
03-17 06:46:56.750  3689 21953 W HUREV   : [4111] t0.a | AapVideo: Dropped Flag 11 packet. len=4, buf[10]=?
03-17 06:46:56.750  3689 21953 I HUREV   : [4111] m.b | Media Sink Setup Request: 3 on channel VIDEO
03-17 06:46:56.750  3689 21953 I HUREV   : [4111] m.b | Config response: status: HEADUNIT
03-17 06:46:56.750  3689 21953 I HUREV   : max_unacked: 1
03-17 06:46:56.750  3689 21953 I HUREV   : configuration_indices: 0
03-17 06:46:56.760  3689 21953 I HUREV   : [4111] n.b | Sensor Start Request sensor: NIGHT, minUpdatePeriod: 0
03-17 06:46:56.760  3689 21953 I HUREV   : [4111] n.b | SENSOR Sensor Start Response type: 32770 flags: 11 size: 8 dataOffset: 6
03-17 06:46:56.760  3689 21953 I HUREV   : [4111] n.b | Night sensor requested. Triggering immediate update.
03-17 06:46:56.770  3689  3689 I HUREV   : [1] g.onReceive | Received request to resend night mode state
03-17 06:46:56.780  3689  3689 I HUREV   : [1] w.invoke | NightMode update: false
03-17 06:46:56.790  3689  3689 I HUREV   : [1] AapProjectionActivity.onPause | AapProjectionActivity: onPause
03-17 06:46:56.790  3689  3689 I HUREV   : [1] AapProjectionActivity.onNewIntent | AapProjectionActivity: onNewIntent received
03-17 06:46:56.790  3689  3689 I HUREV   : [1] AapProjectionActivity.onResume | AapProjectionActivity: onResume
03-17 06:46:56.800  3689  3689 D zjy     : view visibility = 7
03-17 06:46:58.060  3689 21953 I HUREV   : [4111] m.e | USB reads recovered after 6 errors
03-17 06:46:59.790  3689  3689 W HUREV   : [1] k.run | Watchdog: No video received. Requesting Keyframe (Unsolicited Focus)...
03-17 06:46:59.800  3689 21953 I HUREV   : [4111] m.e | USB reads recovered after 7 errors
03-17 06:46:59.800  3689 21953 W HUREV   : [4111] t0.a | AapVideo: Dropped Flag 11 packet. len=6, buf[10]=?
03-17 06:46:59.800  3689 21953 I HUREV   : [4111] m.d | Media Start Request VIDEO: session_id: 0
03-17 06:46:59.800  3689 21953 I HUREV   : configuration_index: 0
03-17 06:46:59.990  3689 21953 I HUREV   : [4111] m.e | USB reads recovered after 1 errors
03-17 06:46:59.990  3689 21953 I HUREV   : [4111] a0.c | H.264/AVC config detected in frame (38 bytes)
03-17 06:46:59.990  3689 21953 I HUREV   : [4111] a0.m | SPS parsed: 1920x1080
03-17 06:47:00.000  3689 21953 I HUREV   : [4111] AapProjectionActivity.a | [AapProjectionActivity] Received video dimensions: 1920x1080
03-17 06:47:00.000  3689  3689 I HUREV   : [1] i.a | TextureProjectionView
03-17 06:47:00.000  3689 21978 I OMXClient: Using client-side OMX mux.
03-17 06:47:00.000  3689  3689 I HUREV   : [1] h.a | ProjectionViewScaler: Dimensions: Video: 1920x1080, Content: 1920x640, View: 1920x720
03-17 06:47:00.000  3689 21953 I HUREV   : [4111] a0.q | Configuring decoder: OMX.Freescale.std.video_decoder.avc.v3.hw-based with surface
03-17 06:47:00.010  3689 21978 I ACodec  : Send reorder config(0) to VPU
03-17 06:47:00.020  3689  3689 I HUREV   : [1] h.a | ProjectionViewScaler: Scale updated for view i. scaleX: 1.0, scaleY: 1.5
03-17 06:47:00.100  3689  3694 D dalvikvm: GC_CONCURRENT freed 1058K, 63% free 10216K/27292K, paused 6ms+7ms, total 93ms
03-17 06:47:00.420  3689 21987 I HUREV   : [4112] a0.l | Output thread started
03-17 06:47:00.420  3689 21953 I HUREV   : [4111] a0.q | Codec initialized: OMX.Freescale.std.video_decoder.avc.v3.hw-based for stream 1920x1080
03-17 06:47:00.510  3689 21987 I HUREV   : [4112] a0.j | Output Format Changed: {height=1088, what=1869968451, color-format=19, slice-height=0, crop-left=0, width=1920, crop-bottom=1079, crop-top=0, mime=video/raw, stride=1920, crop-right=1919}
03-17 06:47:00.510  3689 21987 I HUREV   : [4112] a0.j | Video dimensions changed via format: 1920x1088
03-17 06:47:00.510  3689 21987 I HUREV   : [4112] AapProjectionActivity.a | [AapProjectionActivity] Received video dimensions: 1920x1088
03-17 06:47:00.510  3689 21978 E ACodec  : dequeueBuffer failed.
03-17 06:47:00.520  3689  3689 I HUREV   : [1] i.a | TextureProjectionView
03-17 06:47:00.520  3689  3689 I HUREV   : [1] h.a | ProjectionViewScaler: Dimensions: Video: 1920x1088, Content: 1920x640, View: 1920x720
03-17 06:47:00.520  3689  3689 I HUREV   : [1] h.a | ProjectionViewScaler: Scale updated for view i. scaleX: 1.0, scaleY: 1.5
03-17 06:47:00.530  3689 21978 E ACodec  : dequeueBuffer failed.
03-17 06:47:09.080  3689  3689 I HUREV   : [1] p.onReceive | USB Intent: Intent { act=android.hardware.usb.action.USB_DEVICE_DETACHED flg=0x10 (has extras) }
03-17 06:47:09.110  3689  3689 I HUREV   : [1] AapProjectionActivity.M | Hiding reconnecting overlay — frames resumed
03-17 06:47:09.110  3689 12696 I HUREV   : [1559] s0.o | AapTransport quitting (clean=false)
03-17 06:47:09.120  3689  3689 I HUREV   : [1] p.onReceive | USB Intent: Intent { act=android.hardware.usb.action.USB_DEVICE_DETACHED flg=0x10 (has extras) }
03-17 06:47:09.120  3689  3689 I HUREV   : [1] AapService.K | WifiLock released
03-17 06:47:09.140  3689 21987 I HUREV   : [4112] a0.l | Output thread stopped
03-17 06:47:09.140  3689  3689 I HUREV   : [1] AapProjectionActivity.onPause | AapProjectionActivity: onPause
03-17 06:47:09.140  3689 12666 I HUREV   : [1532] a0.s | Decoder stopped: AapService::onDisconnect
03-17 06:47:09.170  3689  3694 D dalvikvm: GC_CONCURRENT freed 2294K, 63% free 10310K/27292K, paused 7ms+4ms, total 69ms
03-17 06:47:09.190  3689  3689 D zjy     : view visibility = 7
03-17 06:47:09.240  3689  3689 D zjy     : view visibility = 7
03-17 06:47:09.240  3689 21953 W MessageQueue: Handler (android.os.Handler) {4340beb0} sending message to a Handler on a dead thread
03-17 06:47:09.240  3689 21953 W MessageQueue: java.lang.RuntimeException: Handler (android.os.Handler) {4340beb0} sending message to a Handler on a dead thread
03-17 06:47:09.240  3689 21953 W MessageQueue: 	at android.os.MessageQueue.enqueueMessage(MessageQueue.java:309)
03-17 06:47:09.240  3689 21953 W MessageQueue: 	at android.os.Handler.enqueueMessage(Handler.java:623)
03-17 06:47:09.240  3689 21953 W MessageQueue: 	at android.os.Handler.sendMessageAtTime(Handler.java:592)
03-17 06:47:09.240  3689 21953 W MessageQueue: 	at android.os.Handler.sendMessageDelayed(Handler.java:563)
03-17 06:47:09.240  3689 21953 W MessageQueue: 	at android.os.Handler.sendEmptyMessageDelayed(Handler.java:527)
03-17 06:47:09.240  3689 21953 W MessageQueue: 	at android.os.Handler.sendEmptyMessage(Handler.java:512)
03-17 06:47:09.240  3689 21953 W MessageQueue: 	at t0.s0.n(r8-map-id-8722f06efe6fab086a70200d597343236d3225d15181a7b075b269dcf50b7ff7:36)
03-17 06:47:09.240  3689 21953 W MessageQueue: 	at t0.s0.c(r8-map-id-8722f06efe6fab086a70200d597343236d3225d15181a7b075b269dcf50b7ff7:1)
03-17 06:47:09.240  3689 21953 W MessageQueue: 	at t0.q0.handleMessage(r8-map-id-8722f06efe6fab086a70200d597343236d3225d15181a7b075b269dcf50b7ff7:3)
03-17 06:47:09.240  3689 21953 W MessageQueue: 	at android.os.Handler.dispatchMessage(Handler.java:95)
03-17 06:47:09.240  3689 21953 W MessageQueue: 	at android.os.Looper.loop(Looper.java:137)
03-17 06:47:09.240  3689 21953 W MessageQueue: 	at android.os.HandlerThread.run(HandlerThread.java:61)
03-17 06:47:09.240  3689 12696 D UsbDeviceConnectionJNI: close
03-17 06:47:09.240  3689 12696 I HUREV   : [1559] m.b | Google 18D1:2D00 - UsbDevice[mName=/dev/bus/usb/002/033,mVendorId=6353,mProductId=11520,mClass=0,mSubclass=0,mProtocol=0,mInterfaces=[Landroid.os.Parcelable;@43457870]
03-17 06:47:09.240  3689 12696 E UsbDeviceConnectionJNI: device is closed in native_release_interface
03-17 06:47:09.240  3689 12696 I HUREV   : [1559] m.b | OK releaseInterface()
03-17 06:47:09.650  3689  3689 I HUREV   : [1] AapProjectionActivity.onDestroy | AapProjectionActivity.onDestroy called. isFinishing=true
03-17 06:47:09.650  3689  3689 I HUREV   : [1] i.onSurfaceTextureDestroyed | TextureProjectionView: Surface destroyed
03-17 06:47:09.650  3689  3689 I HUREV   : [1] AapProjectionActivity.c | SurfaceCallback: onSurfaceDestroyed. Surface: Surface(name=android.graphics.SurfaceTexture@433dce10)
03-17 06:47:09.650  3689  3689 I HUREV   : [1] a0.s | Decoder stopped: surfaceDestroyed
03-17 06:47:17.720  3689  3689 D zjy     : view visibility = 7
03-17 06:47:17.770  3689  3689 D zjy     : view visibility = 7
03-17 06:47:50.380  3689 13053 D AudioManager: dispatchAudioFocusChange [android.media.AudioManager@43515ac0w0.d@42b1a308], hint = -2
03-17 06:47:50.380  3689  3689 D AudioManager: Begin listener.onAudioFocusChange  [android.media.AudioManager@43515ac0w0.d@42b1a308], hint = -2
03-17 06:47:50.380  3689  3689 D AudioManager: End listener.onAudioFocusChange [android.media.AudioManager@43515ac0w0.d@42b1a308], hint = -2
03-17 06:47:54.520  3689  3689 D zjy     : view visibility = 7
