03-17 18:18:15.770  9010  9452 D dalvikvm: GC_FOR_ALLOC freed 821K, 56% free 9012K/20220K, paused 45ms, total 45ms
03-17 18:18:16.000  9010  9452 I HUREV   : [274] m.e | USB reads recovered after 1 errors
03-17 18:18:16.390  9010  9452 I HUREV   : [274] m.e | USB reads recovered after 2 errors
03-17 18:18:16.580  9010  9452 I HUREV   : [274] m.e | USB reads recovered after 1 errors
03-17 18:18:16.990  9010  9452 I HUREV   : [274] m.e | USB reads recovered after 1 errors
03-17 18:18:17.170  9010  9452 I HUREV   : [274] m.e | USB reads recovered after 1 errors
03-17 18:18:18.520  9010  9452 W HUREV   : [274] m.e | USB read errors (10) for 1s — waiting for recovery...
03-17 18:18:20.850  9010  9452 W HUREV   : [274] m.e | USB read errors (20) for 3s — waiting for recovery...
03-17 18:18:23.180  9010  9452 W HUREV   : [274] m.e | USB read errors (30) for 5s — waiting for recovery...
03-17 18:18:25.510  9010  9452 W HUREV   : [274] m.e | USB read errors (40) for 8s — waiting for recovery...
03-17 18:18:27.800  9010  9010 I HUREV   : [1] AapProjectionActivity.V | Showing reconnecting overlay
03-17 18:18:27.850  9010  9452 W HUREV   : [274] m.e | USB read errors (50) for 10s — waiting for recovery...
03-17 18:18:30.180  9010  9452 W HUREV   : [274] m.e | USB read errors (60) for 12s — waiting for recovery...
03-17 18:18:32.570  9010  9452 W HUREV   : [274] m.e | USB read errors (70) for 15s — waiting for recovery...
03-17 18:18:34.920  9010  9452 W HUREV   : [274] m.e | USB read errors (80) for 17s — waiting for recovery...
03-17 18:18:37.260  9010  9452 W HUREV   : [274] m.e | USB read errors (90) for 20s — waiting for recovery...
03-17 18:18:37.570  9010  9010 I HUREV   : [1] AapProjectionActivity.M | Hiding reconnecting overlay — frames resumed
03-17 18:18:37.580  9010  9440 I HUREV   : [268] t0.G | AapTransport stopping and sending byebye
03-17 18:18:37.590  9010  9010 I HUREV   : [1] AapProjectionActivity.onPause | AapProjectionActivity: onPause
03-17 18:18:37.610  9010  9010 I HUREV   : [1] AapService.K | WifiLock released
03-17 18:18:37.630  9010  9507 I HUREV   : [275] z.l | Output thread stopped
03-17 18:18:37.640  9010  9442 I HUREV   : [270] z.t | Decoder stopped: AapService::onDisconnect
03-17 18:18:37.660  9010  9010 D zjy     : view visibility = 7
03-17 18:18:37.730  9010  9010 D zjy     : view visibility = 7
03-17 18:18:37.730  9010  9440 I HUREV   : [268] t0.o | AapTransport quitting (clean=false)
03-17 18:18:37.920  9010  9452 W MessageQueue: Handler (android.os.Handler) {424a0360} sending message to a Handler on a dead thread
03-17 18:18:37.920  9010  9452 W MessageQueue: java.lang.RuntimeException: Handler (android.os.Handler) {424a0360} sending message to a Handler on a dead thread
03-17 18:18:37.920  9010  9452 W MessageQueue: 	at android.os.MessageQueue.enqueueMessage(MessageQueue.java:309)
03-17 18:18:37.920  9010  9452 W MessageQueue: 	at android.os.Handler.enqueueMessage(Handler.java:623)
03-17 18:18:37.920  9010  9452 W MessageQueue: 	at android.os.Handler.sendMessageAtTime(Handler.java:592)
03-17 18:18:37.920  9010  9452 W MessageQueue: 	at android.os.Handler.sendMessageDelayed(Handler.java:563)
03-17 18:18:37.920  9010  9452 W MessageQueue: 	at android.os.Handler.sendEmptyMessageDelayed(Handler.java:527)
03-17 18:18:37.920  9010  9452 W MessageQueue: 	at android.os.Handler.sendEmptyMessage(Handler.java:512)
03-17 18:18:37.920  9010  9452 W MessageQueue: 	at t0.t0.n(r8-map-id-f1537b069f239da04e78454013a0eb60e949cb54a227911edc102ef5973c8398:36)
03-17 18:18:37.920  9010  9452 W MessageQueue: 	at t0.t0.c(r8-map-id-f1537b069f239da04e78454013a0eb60e949cb54a227911edc102ef5973c8398:1)
03-17 18:18:37.920  9010  9452 W MessageQueue: 	at t0.r0.handleMessage(r8-map-id-f1537b069f239da04e78454013a0eb60e949cb54a227911edc102ef5973c8398:3)
03-17 18:18:37.920  9010  9452 W MessageQueue: 	at android.os.Handler.dispatchMessage(Handler.java:95)
03-17 18:18:37.920  9010  9452 W MessageQueue: 	at android.os.Looper.loop(Looper.java:137)
03-17 18:18:37.920  9010  9452 W MessageQueue: 	at android.os.HandlerThread.run(HandlerThread.java:61)
03-17 18:18:37.920  9010  9440 D UsbDeviceConnectionJNI: close
03-17 18:18:37.930  9010  9440 I HUREV   : [268] m.b | Google 18D1:2D00 - UsbDevice[mName=/dev/bus/usb/002/005,mVendorId=6353,mProductId=11520,mClass=0,mSubclass=0,mProtocol=0,mInterfaces=[Landroid.os.Parcelable;@426f5a70]
03-17 18:18:37.930  9010  9440 E UsbDeviceConnectionJNI: device is closed in native_release_interface
03-17 18:18:37.930  9010  9440 I HUREV   : [268] m.b | OK releaseInterface()
03-17 18:18:38.160  9010  9010 I HUREV   : [1] AapProjectionActivity.onDestroy | AapProjectionActivity.onDestroy called. isFinishing=true
03-17 18:18:38.170  9010  9010 I HUREV   : [1] i.onSurfaceTextureDestroyed | TextureProjectionView: Surface destroyed
03-17 18:18:38.170  9010  9010 I HUREV   : [1] AapProjectionActivity.c | SurfaceCallback: onSurfaceDestroyed. Surface: Surface(name=android.graphics.SurfaceTexture@426397d0)
03-17 18:18:38.170  9010  9010 I HUREV   : [1] z.t | Decoder stopped: surfaceDestroyed
03-17 18:18:40.850  9010  9010 I HUREV   : [1] AapService.u | Found device already in accessory mode: Google 18D1:2D00
03-17 18:18:40.860  9010  9440 I HUREV   : [268] m.l | Established connection: android.hardware.usb.UsbDeviceConnection@427acc60
03-17 18:18:40.860  9010  9440 I HUREV   : [268] m.l | interfaceCount: 1
03-17 18:18:40.860  9010  9440 I HUREV   : [268] m.j | Check accessory endpoints
03-17 18:18:40.860  9010  9440 I HUREV   : [268] m.j | Connected have EPs
03-17 18:18:40.880  9010  9010 I HUREV   : [1] AapService.t | WifiLock acquired (HIGH_PERF)
03-17 18:18:40.920  9010  9440 I HUREV   : [268] t0.<init> | Using Java SSL implementation
03-17 18:18:40.980  9010  9440 D dalvikvm: GC_FOR_ALLOC freed 3670K, 67% free 6723K/20220K, paused 64ms, total 64ms
03-17 18:18:40.990  9010  9440 I HUREV   : [268] t0.B | Start Aap transport handshake for w0.m@427aca10
03-17 18:18:41.090  9010  9014 D dalvikvm: GC_CONCURRENT freed 221K, 62% free 7744K/20220K, paused 4ms+7ms, total 61ms
03-17 18:18:41.090  9010  9010 D dalvikvm: WAIT_FOR_CONCURRENT_GC blocked 30ms
03-17 18:18:41.150  9010  9010 I HUREV   : [1] AapProjectionActivity.onCreate | HeadUnit for Android Auto (tm) - Copyright 2011-2015 Michael A. Reid., since 2025 André Rinas All Rights Reserved...
03-17 18:18:41.150  9010  9010 I HUREV   : [1] AapProjectionActivity.onCreate | Using TextureView
03-17 18:18:41.160  9010  9010 I HUREV   : [1] i.p | CarScreen: usable width: 1920 height: 720 (Raw: 1920x720, Insets: L0 T0 R0 B0)
03-17 18:18:41.160  9010  9010 I HUREV   : [1] i.p | CarScreen isSmallScreen: true, scaleFactor: 1.0
03-17 18:18:41.160  9010  9010 I HUREV   : [1] i.p | CarScreen using: _1920x1080, number: 3, scales: scaleX: 1.0, scaleY: 1.5
03-17 18:18:41.160  9010  9010 D zjy     : view visibility = 7
03-17 18:18:41.160  9010  9010 I HUREV   : [1] AapProjectionActivity.onResume | AapProjectionActivity: onResume
03-17 18:18:41.170  9010  9010 D zjy     : view visibility = 7
03-17 18:18:41.330  9010  9010 D zjy     : view visibility = 7
03-17 18:18:41.350  9010  9010 I HUREV   : [1] i.onSurfaceTextureAvailable | TextureProjectionView: Surface available: 1920x720
03-17 18:18:41.350  9010  9010 I HUREV   : [1] AapProjectionActivity.d | [AapProjectionActivity] onSurfaceCreated
03-17 18:18:41.360  9010  9010 I HUREV   : [1] AapProjectionActivity.b | [AapProjectionActivity] onSurfaceChanged. Actual surface dimensions: width=1920, height=720
03-17 18:18:41.360  9010  9010 I HUREV   : [1] z.q | New surface set: Surface(name=android.graphics.SurfaceTexture@4270a838)
03-17 18:18:41.360  9010  9010 I HUREV   : [1] AapProjectionActivity.b | [AapProjectionActivity] Decoder already has dimensions: 1920x1088. Applying to view.
03-17 18:18:41.360  9010  9010 I HUREV   : [1] i.a | TextureProjectionView
03-17 18:18:41.370  9010  9010 I HUREV   : [1] i.p | CarScreen: usable width: 1920 height: 720 (Raw: 1920x720, Insets: L0 T0 R0 B0)
03-17 18:18:41.370  9010  9010 I HUREV   : [1] i.p | CarScreen isSmallScreen: true, scaleFactor: 1.0
03-17 18:18:41.370  9010  9010 I HUREV   : [1] i.p | CarScreen using: _1920x1080, number: 3, scales: scaleX: 1.0, scaleY: 1.5
03-17 18:18:41.380  9010  9010 I HUREV   : [1] h.a | ProjectionViewScaler: Dimensions: Video: 1920x1088, Content: 1920x640, View: 1920x720
03-17 18:18:41.380  9010  9010 I HUREV   : [1] h.a | ProjectionViewScaler: Scale updated for view i. scaleX: 1.0, scaleY: 1.5
03-17 18:18:41.380  9010  9010 I HUREV   : [1] h.a | ProjectionViewScaler: Dimensions: Video: 1920x1088, Content: 1920x640, View: 1920x720
03-17 18:18:41.390  9010  9010 I HUREV   : [1] h.a | ProjectionViewScaler: Scale updated for view i. scaleX: 1.0, scaleY: 1.5
03-17 18:18:41.570  9010  9440 W HUREV   : [268] t0.l | Handshake: Version request send failed (ret=-1), attempt 1
03-17 18:18:41.810  9010  9440 W HUREV   : [268] t0.l | Handshake: Version request send failed (ret=-1), attempt 2
03-17 18:18:42.040  9010  9440 W HUREV   : [268] t0.l | Handshake: Version request send failed (ret=-1), attempt 3
03-17 18:18:42.240  9010  9440 E HUREV   : [268] t0.l | Handshake: Version request/response failed after 3 attempt(s). last ret: -1
03-17 18:18:42.240  9010  9440 I HUREV   : [268] t0.o | AapTransport quitting (clean=false)
03-17 18:18:42.250  9010  9441 I HUREV   : [269] t0.o | AapTransport quitting (clean=false)
03-17 18:18:42.250  9010  9441 D UsbDeviceConnectionJNI: close
03-17 18:18:42.250  9010  9441 I HUREV   : [269] m.b | Google 18D1:2D00 - UsbDevice[mName=/dev/bus/usb/002/005,mVendorId=6353,mProductId=11520,mClass=0,mSubclass=0,mProtocol=0,mInterfaces=[Landroid.os.Parcelable;@42631e90]
03-17 18:18:42.250  9010  9441 E UsbDeviceConnectionJNI: device is closed in native_release_interface
03-17 18:18:42.250  9010  9441 I HUREV   : [269] m.b | OK releaseInterface()
03-17 18:18:42.260  9010  9440 E HUREV   : [268] t0.B | Handshake failed
03-17 18:18:42.280  9010  9010 I HUREV   : [1] AapProjectionActivity.M | Hiding reconnecting overlay — frames resumed
03-17 18:18:42.290  9010  9010 I HUREV   : [1] AapService.K | WifiLock released
03-17 18:18:42.300  9010  9440 I HUREV   : [268] z.t | Decoder stopped: AapService::onDisconnect
03-17 18:18:42.310  9010  9010 I HUREV   : [1] AapProjectionActivity.onPause | AapProjectionActivity: onPause
03-17 18:18:42.330  9010  9010 D zjy     : view visibility = 7
03-17 18:18:42.370  9010  9010 D zjy     : view visibility = 7
03-17 18:18:42.790  9010  9010 I HUREV   : [1] AapProjectionActivity.onDestroy | AapProjectionActivity.onDestroy called. isFinishing=true
03-17 18:18:42.790  9010  9010 I HUREV   : [1] i.onSurfaceTextureDestroyed | TextureProjectionView: Surface destroyed
03-17 18:18:42.790  9010  9010 I HUREV   : [1] AapProjectionActivity.c | SurfaceCallback: onSurfaceDestroyed. Surface: Surface(name=android.graphics.SurfaceTexture@4270a838)
03-17 18:18:42.790  9010  9010 I HUREV   : [1] z.t | Decoder stopped: surfaceDestroyed
03-17 18:19:22.600  9010  9010 I HUREV   : [1] MainActivity.handleIntent | MainActivity received intent: null, data: null
03-17 18:19:22.670  9010  9010 D zjy     : view visibility = 7
03-17 18:19:22.840  9010  9010 D zjy     : view visibility = 7
03-17 18:19:27.310  9010  9014 D dalvikvm: GC_CONCURRENT freed 2364K, 66% free 6964K/20216K, paused 6ms+11ms, total 79ms
03-17 18:19:27.310  9010  9010 D dalvikvm: WAIT_FOR_CONCURRENT_GC blocked 34ms
03-17 18:19:27.360  9010  9010 I HUREV   : [1] HomeFragment.onResume | HomeFragment: onResume. isConnected=false
03-17 18:19:29.980  9010  9010 D zjy     : view visibility = 7
03-17 18:19:31.200  9010  9010 I HUREV   : [1] AapService.onStartCommand | Stop action received.
03-17 18:19:31.240  9010  9010 I HUREV   : [1] AapService.onDestroy | AapService destroying...
