--------- beginning of /dev/log/main
03-17 12:27:32.120  3763  3763 W dalvikvm: Unable to resolve superclass of Lcom/andrerinas/headunitrevived/aap/AapService$q; (289)
03-17 12:27:32.120  3763  3763 W dalvikvm: Link of class 'Lcom/andrerinas/headunitrevived/aap/AapService$q;' failed
03-17 12:27:32.120  3763  3763 E dalvikvm: Could not find class 'com.andrerinas.headunitrevived.aap.AapService$q', referenced from method com.andrerinas.headunitrevived.aap.AapService.I
03-17 12:27:32.120  3763  3763 W dalvikvm: VFY: unable to resolve new-instance 2864 (Lcom/andrerinas/headunitrevived/aap/AapService$q;) in Lcom/andrerinas/headunitrevived/aap/AapService;
03-17 12:27:32.120  3763  3763 D dalvikvm: VFY: replacing opcode 0x22 at 0x0014
03-17 12:27:32.150  3763  3763 W dalvikvm: VFY: unable to find class referenced in signature (Landroid/net/Network;)
03-17 12:27:32.250  3763  3763 W dalvikvm: Unable to resolve superclass of Lcom/andrerinas/headunitrevived/aap/AapService$q; (289)
03-17 12:27:32.250  3763  3763 W dalvikvm: Link of class 'Lcom/andrerinas/headunitrevived/aap/AapService$q;' failed
03-17 12:27:32.250  3763  3763 D dalvikvm: DexOpt: unable to opt direct call 0x4150 at 0x16 in Lcom/andrerinas/headunitrevived/aap/AapService;.I
03-17 12:27:32.250  3763  3763 D dalvikvm: DexOpt: unable to opt direct call 0x05b0 at 0x21 in Lcom/andrerinas/headunitrevived/aap/AapService;.I
03-17 12:27:32.430  3763  3763 I HUREV   : [1] AapService.onCreate | AapService creating...
03-17 12:27:33.100  3763  3763 I HUREV   : [1] w.invoke | NightMode update: false
03-17 12:27:33.660  3763  3763 I HUREV   : [1] AapService.J | Registered runtime MEDIA_BUTTON receiver
03-17 12:27:33.680  3763  3763 W dalvikvm: Unable to resolve superclass of Landroid/support/v4/media/session/MediaSessionCompat$b$b; (279)
03-17 12:27:33.680  3763  3763 W dalvikvm: Link of class 'Landroid/support/v4/media/session/MediaSessionCompat$b$b;' failed
03-17 12:27:33.680  3763  3763 E dalvikvm: Could not find class 'android.support.v4.media.session.MediaSessionCompat$b$b', referenced from method android.support.v4.media.session.MediaSessionCompat$b.<init>
03-17 12:27:33.680  3763  3763 W dalvikvm: VFY: unable to resolve new-instance 447 (Landroid/support/v4/media/session/MediaSessionCompat$b$b;) in Landroid/support/v4/media/session/MediaSessionCompat$b;
03-17 12:27:33.680  3763  3763 D dalvikvm: VFY: replacing opcode 0x22 at 0x0011
03-17 12:27:33.700  3763  3763 W dalvikvm: Unable to resolve superclass of Landroid/support/v4/media/session/MediaSessionCompat$b$b; (279)
03-17 12:27:33.700  3763  3763 W dalvikvm: Link of class 'Landroid/support/v4/media/session/MediaSessionCompat$b$b;' failed
03-17 12:27:33.700  3763  3763 D dalvikvm: DexOpt: unable to opt direct call 0x07f2 at 0x13 in Landroid/support/v4/media/session/MediaSessionCompat$b;.<init>
03-17 12:27:33.710  3763  3763 W dalvikvm: Unable to resolve superclass of Lk0/k$a; (274)
03-17 12:27:33.710  3763  3763 W dalvikvm: Link of class 'Lk0/k$a;' failed
03-17 12:27:33.710  3763  3763 E dalvikvm: Could not find class 'k0.k$a', referenced from method k0.k.d
03-17 12:27:33.710  3763  3763 W dalvikvm: VFY: unable to resolve new-instance 5269 (Lk0/k$a;) in Lk0/k;
03-17 12:27:33.710  3763  3763 D dalvikvm: VFY: replacing opcode 0x22 at 0x000a
03-17 12:27:33.710  3763  3763 W dalvikvm: Unable to resolve superclass of Lk0/k$b; (274)
03-17 12:27:33.710  3763  3763 W dalvikvm: Link of class 'Lk0/k$b;' failed
03-17 12:27:33.710  3763  3763 E dalvikvm: Could not find class 'k0.k$b', referenced from method k0.k.d
03-17 12:27:33.710  3763  3763 W dalvikvm: VFY: unable to resolve new-instance 5270 (Lk0/k$b;) in Lk0/k;
03-17 12:27:33.710  3763  3763 D dalvikvm: VFY: replacing opcode 0x22 at 0x0020
03-17 12:27:33.720  3763  3763 W dalvikvm: Unable to resolve superclass of Lk0/k$a; (274)
03-17 12:27:33.720  3763  3763 W dalvikvm: Link of class 'Lk0/k$a;' failed
03-17 12:27:33.720  3763  3763 D dalvikvm: DexOpt: unable to opt direct call 0xd82a at 0x15 in Lk0/k;.d
03-17 12:27:33.730  3763  3763 W dalvikvm: Unable to resolve superclass of Lk0/k$b; (274)
03-17 12:27:33.730  3763  3763 W dalvikvm: Link of class 'Lk0/k$b;' failed
--------- beginning of /dev/log/main
03-17 12:27:32.120  3763  3763 W dalvikvm: Unable to resolve superclass of Lcom/andrerinas/headunitrevived/aap/AapService$q; (289)
03-17 12:27:32.120  3763  3763 W dalvikvm: Link of class 'Lcom/andrerinas/headunitrevived/aap/AapService$q;' failed
03-17 12:27:32.120  3763  3763 E dalvikvm: Could not find class 'com.andrerinas.headunitrevived.aap.AapService$q', referenced from method com.andrerinas.headunitrevived.aap.AapService.I
03-17 12:27:32.120  3763  3763 W dalvikvm: VFY: unable to resolve new-instance 2864 (Lcom/andrerinas/headunitrevived/aap/AapService$q;) in Lcom/andrerinas/headunitrevived/aap/AapService;
03-17 12:27:32.120  3763  3763 D dalvikvm: VFY: replacing opcode 0x22 at 0x0014
03-17 12:27:32.150  3763  3763 W dalvikvm: VFY: unable to find class referenced in signature (Landroid/net/Network;)
03-17 12:27:32.250  3763  3763 W dalvikvm: Unable to resolve superclass of Lcom/andrerinas/headunitrevived/aap/AapService$q; (289)
03-17 12:27:32.250  3763  3763 W dalvikvm: Link of class 'Lcom/andrerinas/headunitrevived/aap/AapService$q;' failed
03-17 12:27:32.250  3763  3763 D dalvikvm: DexOpt: unable to opt direct call 0x4150 at 0x16 in Lcom/andrerinas/headunitrevived/aap/AapService;.I
03-17 12:27:32.250  3763  3763 D dalvikvm: DexOpt: unable to opt direct call 0x05b0 at 0x21 in Lcom/andrerinas/headunitrevived/aap/AapService;.I
03-17 12:27:32.430  3763  3763 I HUREV   : [1] AapService.onCreate | AapService creating...
03-17 12:27:33.100  3763  3763 I HUREV   : [1] w.invoke | NightMode update: false
03-17 12:27:33.660  3763  3763 I HUREV   : [1] AapService.J | Registered runtime MEDIA_BUTTON receiver
03-17 12:27:33.680  3763  3763 W dalvikvm: Unable to resolve superclass of Landroid/support/v4/media/session/MediaSessionCompat$b$b; (279)
03-17 12:27:33.680  3763  3763 W dalvikvm: Link of class 'Landroid/support/v4/media/session/MediaSessionCompat$b$b;' failed
03-17 12:27:33.680  3763  3763 E dalvikvm: Could not find class 'android.support.v4.media.session.MediaSessionCompat$b$b', referenced from method android.support.v4.media.session.MediaSessionCompat$b.<init>
03-17 12:27:33.680  3763  3763 W dalvikvm: VFY: unable to resolve new-instance 447 (Landroid/support/v4/media/session/MediaSessionCompat$b$b;) in Landroid/support/v4/media/session/MediaSessionCompat$b;
03-17 12:27:33.680  3763  3763 D dalvikvm: VFY: replacing opcode 0x22 at 0x0011
03-17 12:27:33.700  3763  3763 W dalvikvm: Unable to resolve superclass of Landroid/support/v4/media/session/MediaSessionCompat$b$b; (279)
03-17 12:27:33.700  3763  3763 W dalvikvm: Link of class 'Landroid/support/v4/media/session/MediaSessionCompat$b$b;' failed
03-17 12:27:33.700  3763  3763 D dalvikvm: DexOpt: unable to opt direct call 0x07f2 at 0x13 in Landroid/support/v4/media/session/MediaSessionCompat$b;.<init>
03-17 12:27:33.710  3763  3763 W dalvikvm: Unable to resolve superclass of Lk0/k$a; (274)
03-17 12:27:33.710  3763  3763 W dalvikvm: Link of class 'Lk0/k$a;' failed
03-17 12:27:33.710  3763  3763 E dalvikvm: Could not find class 'k0.k$a', referenced from method k0.k.d
03-17 12:27:33.710  3763  3763 W dalvikvm: VFY: unable to resolve new-instance 5269 (Lk0/k$a;) in Lk0/k;
03-17 12:27:33.710  3763  3763 D dalvikvm: VFY: replacing opcode 0x22 at 0x000a
03-17 12:27:33.710  3763  3763 W dalvikvm: Unable to resolve superclass of Lk0/k$b; (274)
03-17 12:27:33.710  3763  3763 W dalvikvm: Link of class 'Lk0/k$b;' failed
03-17 12:27:33.710  3763  3763 E dalvikvm: Could not find class 'k0.k$b', referenced from method k0.k.d
03-17 12:27:33.710  3763  3763 W dalvikvm: VFY: unable to resolve new-instance 5270 (Lk0/k$b;) in Lk0/k;
03-17 12:27:33.710  3763  3763 D dalvikvm: VFY: replacing opcode 0x22 at 0x0020
03-17 12:27:33.720  3763  3763 W dalvikvm: Unable to resolve superclass of Lk0/k$a; (274)
03-17 12:27:33.720  3763  3763 W dalvikvm: Link of class 'Lk0/k$a;' failed
03-17 12:27:33.720  3763  3763 D dalvikvm: DexOpt: unable to opt direct call 0xd82a at 0x15 in Lk0/k;.d
03-17 12:27:33.730  3763  3763 W dalvikvm: Unable to resolve superclass of Lk0/k$b; (274)
03-17 12:27:33.730  3763  3763 W dalvikvm: Link of class 'Lk0/k$b;' failed
03-17 12:27:33.740  3763  3763 D dalvikvm: DexOpt: unable to opt direct call 0xd82d at 0x28 in Lk0/k;.d
03-17 12:27:33.940  3763  3763 I HUREV   : [1] AapService.onCreate | Auto-started continuous log capture
03-17 12:27:33.980  3763  3763 I HUREV   : [1] AapService.onCreate | Auto-started continuous log capture
03-17 12:27:34.330  3763  3763 I HUREV   : [1] a.a | Request location updates
03-17 12:27:34.360  3763  3763 I HUREV   : [1] a.a | Last known location:  Unknown
03-17 12:28:03.600  3763  3763 I dalvikvm: Could not find method android.app.Activity.onMultiWindowModeChanged, referenced from method androidx.activity.ComponentActivity.onMultiWindowModeChanged
03-17 12:28:03.600  3763  3763 W dalvikvm: VFY: unable to resolve virtual method 220: Landroid/app/Activity;.onMultiWindowModeChanged (ZLandroid/content/res/Configuration;)V
03-17 12:28:03.600  3763  3763 D dalvikvm: VFY: replacing opcode 0x6f at 0x0004
03-17 12:28:03.610  3763  3763 I dalvikvm: Could not find method android.app.Activity.onPictureInPictureModeChanged, referenced from method androidx.activity.ComponentActivity.onPictureInPictureModeChanged
03-17 12:28:03.610  3763  3763 W dalvikvm: VFY: unable to resolve virtual method 224: Landroid/app/Activity;.onPictureInPictureModeChanged (ZLandroid/content/res/Configuration;)V
03-17 12:28:03.610  3763  3763 D dalvikvm: VFY: replacing opcode 0x6f at 0x0004
03-17 12:28:03.610  3763  3763 I dalvikvm: Could not find method android.app.Activity.onRequestPermissionsResult, referenced from method androidx.activity.ComponentActivity.onRequestPermissionsResult
03-17 12:28:03.610  3763  3763 W dalvikvm: VFY: unable to resolve virtual method 228: Landroid/app/Activity;.onRequestPermissionsResult (I[Ljava/lang/String;[I)V
03-17 12:28:03.610  3763  3763 D dalvikvm: VFY: replacing opcode 0x6f at 0x0020
03-17 12:28:03.630  3763  3763 I dalvikvm: Could not find method android.app.Activity.reportFullyDrawn, referenced from method androidx.activity.ComponentActivity.reportFullyDrawn
03-17 12:28:03.630  3763  3763 W dalvikvm: VFY: unable to resolve virtual method 242: Landroid/app/Activity;.reportFullyDrawn ()V
03-17 12:28:03.630  3763  3763 D dalvikvm: VFY: replacing opcode 0x6f at 0x0014
03-17 12:28:03.630  3763  3763 I dalvikvm: Could not find method android.app.Activity.reportFullyDrawn, referenced from method androidx.activity.ComponentActivity.reportFullyDrawn
03-17 12:28:03.630  3763  3763 W dalvikvm: VFY: unable to resolve virtual method 242: Landroid/app/Activity;.reportFullyDrawn ()V
03-17 12:28:03.630  3763  3763 D dalvikvm: VFY: replacing opcode 0x6f at 0x0022
03-17 12:28:03.770  3763  3763 D AppCompatDelegate: Checking for metadata for AppLocalesMetadataHolderService : Service not found
03-17 12:28:03.850  3763  3768 D dalvikvm: GC_CONCURRENT freed 558K, 65% free 5428K/15504K, paused 35ms+9ms, total 196ms
03-17 12:28:03.850  3763  3763 D dalvikvm: WAIT_FOR_CONCURRENT_GC blocked 70ms
03-17 12:28:03.890  3763  3763 D AlfusResources: cookie name=/data/app/com.andrerinas.headunitrevived-1.apk
03-17 12:28:04.270  3763  3763 D dalvikvm: GC_FOR_ALLOC freed 56K, 65% free 5455K/15504K, paused 369ms, total 377ms
03-17 12:28:04.300  3763  3763 I dalvikvm-heap: Grow heap (frag case) to 15.604MB for 1048592-byte allocation
03-17 12:28:04.530  3763  3768 D dalvikvm: GC_CONCURRENT freed <1K, 61% free 6479K/16532K, paused 32ms+22ms, total 222ms
03-17 12:28:04.740  3763  3763 D dalvikvm: GC_FOR_ALLOC freed 1120K, 68% free 5476K/16600K, paused 89ms, total 90ms
03-17 12:28:04.800  3763  3763 I dalvikvm-heap: Grow heap (frag case) to 20.625MB for 6291472-byte allocation
03-17 12:28:04.930  3763  3768 D dalvikvm: GC_CONCURRENT freed <1K, 49% free 11619K/22748K, paused 21ms+3ms, total 133ms
03-17 12:28:05.600  3763  3763 D dalvikvm: GC_FOR_ALLOC freed 0K, 49% free 11619K/22748K, paused 47ms, total 47ms
03-17 12:28:05.610  3763  3763 I dalvikvm-heap: Grow heap (frag case) to 22.124MB for 1572880-byte allocation
03-17 12:28:05.710  3763  3763 D dalvikvm: GC_FOR_ALLOC freed 0K, 46% free 13155K/24288K, paused 51ms, total 51ms
03-17 12:28:05.770  3763  3763 I dalvikvm: Could not find method android.widget.TextView.getAutoSizeMaxTextSize, referenced from method androidx.appcompat.widget.g0.e
03-17 12:28:05.770  3763  3763 W dalvikvm: VFY: unable to resolve virtual method 4350: Landroid/widget/TextView;.getAutoSizeMaxTextSize ()I
03-17 12:28:05.770  3763  3763 D dalvikvm: VFY: replacing opcode 0x6f at 0x0000
03-17 12:28:05.770  3763  3763 I dalvikvm: Could not find method android.widget.TextView.setFirstBaselineToTopHeight, referenced from method androidx.appcompat.widget.g0.f
03-17 12:28:05.770  3763  3763 W dalvikvm: VFY: unable to resolve virtual method 4432: Landroid/widget/TextView;.setFirstBaselineToTopHeight (I)V
03-17 12:28:05.770  3763  3763 D dalvikvm: VFY: replacing opcode 0x6f at 0x0000
03-17 12:28:05.770  3763  3763 I dalvikvm: Could not find method android.widget.TextView.getAutoSizeMinTextSize, referenced from method androidx.appcompat.widget.g0.g
03-17 12:28:05.770  3763  3763 W dalvikvm: VFY: unable to resolve virtual method 4351: Landroid/widget/TextView;.getAutoSizeMinTextSize ()I
03-17 12:28:05.770  3763  3763 D dalvikvm: VFY: replacing opcode 0x6f at 0x0000
03-17 12:28:05.770  3763  3763 I dalvikvm: Could not find method android.widget.TextView.setLastBaselineToBottomHeight, referenced from method androidx.appcompat.widget.g0.h
03-17 12:28:05.770  3763  3763 W dalvikvm: VFY: unable to resolve virtual method 4441: Landroid/widget/TextView;.setLastBaselineToBottomHeight (I)V
03-17 12:28:05.770  3763  3763 D dalvikvm: VFY: replacing opcode 0x6f at 0x0000
03-17 12:28:05.770  3763  3763 I dalvikvm: Could not find method android.widget.TextView.getAutoSizeStepGranularity, referenced from method androidx.appcompat.widget.g0.i
03-17 12:28:05.770  3763  3763 W dalvikvm: VFY: unable to resolve virtual method 4352: Landroid/widget/TextView;.getAutoSizeStepGranularity ()I
03-17 12:28:05.770  3763  3763 D dalvikvm: VFY: replacing opcode 0x6f at 0x0000
03-17 12:28:05.770  3763  3763 I dalvikvm: Could not find method android.widget.TextView.getAutoSizeTextAvailableSizes, referenced from method androidx.appcompat.widget.g0.j
03-17 12:28:05.770  3763  3763 W dalvikvm: VFY: unable to resolve virtual method 4353: Landroid/widget/TextView;.getAutoSizeTextAvailableSizes ()[I
03-17 12:28:05.770  3763  3763 D dalvikvm: VFY: replacing opcode 0x6f at 0x0000
03-17 12:28:05.770  3763  3763 I dalvikvm: Could not find method android.widget.TextView.getAutoSizeTextType, referenced from method androidx.appcompat.widget.g0.k
03-17 12:28:05.770  3763  3763 W dalvikvm: VFY: unable to resolve virtual method 4354: Landroid/widget/TextView;.getAutoSizeTextType ()I
03-17 12:28:05.770  3763  3763 D dalvikvm: VFY: replacing opcode 0x6f at 0x0000
03-17 12:28:05.770  3763  3763 I dalvikvm: Could not find method android.widget.TextView.getTextClassifier, referenced from method androidx.appcompat.widget.g0.l
03-17 12:28:05.770  3763  3763 W dalvikvm: VFY: unable to resolve virtual method 4389: Landroid/widget/TextView;.getTextClassifier ()Landroid/view/textclassifier/TextClassifier;
03-17 12:28:05.770  3763  3763 D dalvikvm: VFY: replacing opcode 0x6f at 0x0000
03-17 12:28:05.770  3763  3763 I dalvikvm: Could not find method android.widget.TextView.setAutoSizeTextTypeUniformWithConfiguration, referenced from method androidx.appcompat.widget.g0.m
03-17 12:28:05.770  3763  3763 W dalvikvm: VFY: unable to resolve virtual method 4413: Landroid/widget/TextView;.setAutoSizeTextTypeUniformWithConfiguration (IIII)V
03-17 12:28:05.770  3763  3763 D dalvikvm: VFY: replacing opcode 0x6f at 0x0000
03-17 12:28:05.780  3763  3763 I dalvikvm: Could not find method android.widget.TextView.setAutoSizeTextTypeUniformWithPresetSizes, referenced from method androidx.appcompat.widget.g0.n
03-17 12:28:05.780  3763  3763 W dalvikvm: VFY: unable to resolve virtual method 4414: Landroid/widget/TextView;.setAutoSizeTextTypeUniformWithPresetSizes ([II)V
03-17 12:28:05.780  3763  3763 D dalvikvm: VFY: replacing opcode 0x6f at 0x0000
03-17 12:28:05.780  3763  3763 I dalvikvm: Could not find method android.widget.TextView.setAutoSizeTextTypeWithDefaults, referenced from method androidx.appcompat.widget.g0.o
03-17 12:28:05.780  3763  3763 W dalvikvm: VFY: unable to resolve virtual method 4415: Landroid/widget/TextView;.setAutoSizeTextTypeWithDefaults (I)V
03-17 12:28:05.780  3763  3763 D dalvikvm: VFY: replacing opcode 0x6f at 0x0000
03-17 12:28:05.780  3763  3763 W dalvikvm: VFY: unable to find class referenced in signature (Landroid/view/textclassifier/TextClassifier;)
03-17 12:28:05.780  3763  3763 I dalvikvm: Could not find method android.widget.TextView.setTextClassifier, referenced from method androidx.appcompat.widget.g0.p
03-17 12:28:05.780  3763  3763 W dalvikvm: VFY: unable to resolve virtual method 4462: Landroid/widget/TextView;.setTextClassifier (Landroid/view/textclassifier/TextClassifier;)V
03-17 12:28:05.780  3763  3763 D dalvikvm: VFY: replacing opcode 0x6f at 0x0000
03-17 12:28:05.780  3763  3763 W dalvikvm: VFY: unable to find class referenced in signature (Landroid/view/textclassifier/TextClassifier;)
03-17 12:28:05.780  3763  3763 W dalvikvm: VFY: unable to find class referenced in signature (Landroid/view/textclassifier/TextClassifier;)
03-17 12:28:05.780  3763  3763 W dalvikvm: VFY: unable to find class referenced in signature (Landroid/view/textclassifier/TextClassifier;)
03-17 12:28:05.780  3763  3763 W dalvikvm: VFY: unable to find class referenced in signature (Landroid/view/textclassifier/TextClassifier;)
03-17 12:28:05.790  3763  3763 W dalvikvm: VFY: unable to find class referenced in signature (Landroid/view/textclassifier/TextClassifier;)
03-17 12:28:05.790  3763  3763 W dalvikvm: VFY: unable to find class referenced in signature (Landroid/view/textclassifier/TextClassifier;)
03-17 12:28:05.790  3763  3763 W dalvikvm: VFY: unable to find class referenced in signature (Landroid/view/textclassifier/TextClassifier;)
03-17 12:28:06.190  3763  3763 D zjy     : view visibility = 7
03-17 12:28:06.250  3763  3763 I HUREV   : [1] MainActivity.handleIntent | MainActivity received intent: android.intent.action.MAIN, data: null
03-17 12:28:06.490  3763  3763 I dalvikvm: Could not find method android.widget.Button.setElevation, referenced from method com.google.android.material.button.MaterialButton.setElevation
03-17 12:28:06.490  3763  3763 W dalvikvm: VFY: unable to resolve virtual method 3910: Landroid/widget/Button;.setElevation (F)V
03-17 12:28:06.490  3763  3763 D dalvikvm: VFY: replacing opcode 0x6f at 0x0000
03-17 12:28:06.500  3763  3763 I dalvikvm: Could not find method android.widget.Button.getAutoSizeMaxTextSize, referenced from method androidx.appcompat.widget.f.getAutoSizeMaxTextSize
03-17 12:28:06.500  3763  3763 W dalvikvm: VFY: unable to resolve virtual method 3885: Landroid/widget/Button;.getAutoSizeMaxTextSize ()I
03-17 12:28:06.500  3763  3763 D dalvikvm: VFY: replacing opcode 0x6f at 0x0004
03-17 12:28:06.500  3763  3763 I dalvikvm: Could not find method android.widget.Button.getAutoSizeMinTextSize, referenced from method androidx.appcompat.widget.f.getAutoSizeMinTextSize
03-17 12:28:06.500  3763  3763 W dalvikvm: VFY: unable to resolve virtual method 3886: Landroid/widget/Button;.getAutoSizeMinTextSize ()I
03-17 12:28:06.500  3763  3763 D dalvikvm: VFY: replacing opcode 0x6f at 0x0004
03-17 12:28:06.500  3763  3763 I dalvikvm: Could not find method android.widget.Button.getAutoSizeStepGranularity, referenced from method androidx.appcompat.widget.f.getAutoSizeStepGranularity
03-17 12:28:06.500  3763  3763 W dalvikvm: VFY: unable to resolve virtual method 3887: Landroid/widget/Button;.getAutoSizeStepGranularity ()I
03-17 12:28:06.510  3763  3763 D dalvikvm: VFY: replacing opcode 0x6f at 0x0004
03-17 12:28:06.510  3763  3763 I dalvikvm: Could not find method android.widget.Button.getAutoSizeTextAvailableSizes, referenced from method androidx.appcompat.widget.f.getAutoSizeTextAvailableSizes
03-17 12:28:06.510  3763  3763 W dalvikvm: VFY: unable to resolve virtual method 3888: Landroid/widget/Button;.getAutoSizeTextAvailableSizes ()[I
03-17 12:28:06.510  3763  3763 D dalvikvm: VFY: replacing opcode 0x6f at 0x0004
03-17 12:28:06.510  3763  3763 I dalvikvm: Could not find method android.widget.Button.getAutoSizeTextType, referenced from method androidx.appcompat.widget.f.getAutoSizeTextType
03-17 12:28:06.510  3763  3763 W dalvikvm: VFY: unable to resolve virtual method 3889: Landroid/widget/Button;.getAutoSizeTextType ()I
03-17 12:28:06.510  3763  3763 D dalvikvm: VFY: replacing opcode 0x6f at 0x0005
03-17 12:28:06.510  3763  3763 I dalvikvm: Could not find method android.widget.Button.setAutoSizeTextTypeUniformWithConfiguration, referenced from method androidx.appcompat.widget.f.setAutoSizeTextTypeUniformWithConfiguration
03-17 12:28:06.510  3763  3763 W dalvikvm: VFY: unable to resolve virtual method 3903: Landroid/widget/Button;.setAutoSizeTextTypeUniformWithConfiguration (IIII)V
03-17 12:28:06.510  3763  3763 D dalvikvm: VFY: replacing opcode 0x6f at 0x0004
03-17 12:28:06.510  3763  3763 I dalvikvm: Could not find method android.widget.Button.setAutoSizeTextTypeUniformWithPresetSizes, referenced from method androidx.appcompat.widget.f.setAutoSizeTextTypeUniformWithPresetSizes
03-17 12:28:06.510  3763  3763 W dalvikvm: VFY: unable to resolve virtual method 3904: Landroid/widget/Button;.setAutoSizeTextTypeUniformWithPresetSizes ([II)V
03-17 12:28:06.510  3763  3763 D dalvikvm: VFY: replacing opcode 0x6f at 0x0004
03-17 12:28:06.510  3763  3763 I dalvikvm: Could not find method android.widget.Button.setAutoSizeTextTypeWithDefaults, referenced from method androidx.appcompat.widget.f.setAutoSizeTextTypeWithDefaults
03-17 12:28:06.510  3763  3763 W dalvikvm: VFY: unable to resolve virtual method 3905: Landroid/widget/Button;.setAutoSizeTextTypeWithDefaults (I)V
03-17 12:28:06.510  3763  3763 D dalvikvm: VFY: replacing opcode 0x6f at 0x0004
03-17 12:28:06.550  3763  3763 E dalvikvm: Could not find class 'android.graphics.drawable.RippleDrawable', referenced from method com.google.android.material.button.e.a
03-17 12:28:06.550  3763  3763 W dalvikvm: VFY: unable to resolve new-instance 210 (Landroid/graphics/drawable/RippleDrawable;) in Lcom/google/android/material/button/e;
03-17 12:28:06.560  3763  3763 D dalvikvm: VFY: replacing opcode 0x22 at 0x0056
03-17 12:28:06.570  3763  3763 W dalvikvm: VFY: unable to find class referenced in signature (Landroid/graphics/drawable/RippleDrawable;)
03-17 12:28:06.570  3763  3763 W dalvikvm: VFY: unable to find class referenced in signature (Landroid/graphics/drawable/RippleDrawable;)
03-17 12:28:06.570  3763  3763 D dalvikvm: DexOpt: unable to opt direct call 0x04a0 at 0x6f in Lcom/google/android/material/button/e;.a
03-17 12:28:06.840  3763  3763 D zjy     : view visibility = 7
03-17 12:28:06.850  3763  3763 I HUREV   : [1] HomeFragment.onResume | HomeFragment: onResume. isConnected=false
03-17 12:28:07.520  3763  3763 D libEGL  : loaded /system/lib/egl/libEGL_VIVANTE.so
03-17 12:28:08.360  3763  3769 I dalvikvm: threadid=3: reacting to signal 3
03-17 12:28:08.490  3763  3768 D dalvikvm: GC_CONCURRENT freed 6985K, 70% free 7500K/24288K, paused 7ms+14ms, total 74ms
03-17 12:28:08.510  3763  3769 I dalvikvm: Wrote stack traces to '/data/anr/traces.txt'
03-17 12:28:09.080  3763  3763 D libEGL  : loaded /system/lib/egl/libGLESv1_CM_VIVANTE.so
03-17 12:28:09.250  3763  3763 D libEGL  : loaded /system/lib/egl/libGLESv2_VIVANTE.so
03-17 12:28:09.570  3763  3763 D OpenGLRenderer: Enabling debug mode 0
03-17 12:28:09.900  3763  3763 I Choreographer: Skipped 166 frames!  The application may be doing too much work on its main thread.
03-17 12:28:10.250  3763  3763 D zjy     : view visibility = 7
03-17 12:28:17.840  3763  3763 W dalvikvm: VFY: unable to find class referenced in signature (Landroid/view/ViewOutlineProvider;)
03-17 12:28:17.850  3763  3763 W dalvikvm: VFY: unable to find class referenced in signature (Landroid/view/ViewOutlineProvider;)
03-17 12:28:17.900  3763  3763 I dalvikvm: Could not find method android.widget.LinearLayout.setElevation, referenced from method com.google.android.material.appbar.AppBarLayout.setElevation
03-17 12:28:17.900  3763  3763 W dalvikvm: VFY: unable to resolve virtual method 4194: Landroid/widget/LinearLayout;.setElevation (F)V
03-17 12:28:17.900  3763  3763 D dalvikvm: VFY: replacing opcode 0x6f at 0x0000
03-17 12:28:17.940  3763  3763 I dalvikvm: Could not find method android.view.ViewGroup.setElevation, referenced from method com.google.android.material.appbar.MaterialToolbar.setElevation
03-17 12:28:17.940  3763  3763 W dalvikvm: VFY: unable to resolve virtual method 3431: Landroid/view/ViewGroup;.setElevation (F)V
03-17 12:28:17.940  3763  3763 D dalvikvm: VFY: replacing opcode 0x6f at 0x0000
03-17 12:28:18.090  3763  3763 I dalvikvm: Could not find method android.widget.LinearLayout$LayoutParams.<init>, referenced from method com.google.android.material.appbar.AppBarLayout$d.<init>
03-17 12:28:18.090  3763  3763 W dalvikvm: VFY: unable to resolve direct method 4163: Landroid/widget/LinearLayout$LayoutParams;.<init> (Landroid/widget/LinearLayout$LayoutParams;)V
03-17 12:28:18.090  3763  3763 D dalvikvm: VFY: replacing opcode 0x70 at 0x0000
03-17 12:28:26.640  3763  3763 I HUREV   : [1] n.c | Success controlTransfer len: 2  acc_ver: 2
03-17 12:28:26.640  3763  3763 I HUREV   : [1] n.c | acc_ver: 2
03-17 12:28:26.640  3763  3763 I HUREV   : [1] n.b | Success controlTransfer len: 7  index: 0  string: "Android"
03-17 12:28:26.640  3763  3763 I HUREV   : [1] n.b | Success controlTransfer len: 12  index: 1  string: "Android Auto"
03-17 12:28:26.650  3763  3763 I HUREV   : [1] n.b | Success controlTransfer len: 12  index: 2  string: "Android Auto"
03-17 12:28:26.660  3763  3763 I HUREV   : [1] n.b | Success controlTransfer len: 5  index: 3  string: "2.0.1"
03-17 12:28:26.660  3763  3763 I HUREV   : [1] n.b | Success controlTransfer len: 45  index: 4  string: "https://developer.android.com/auto/index.html"
03-17 12:28:26.670  3763  3763 I HUREV   : [1] n.b | Success controlTransfer len: 12  index: 5  string: "HU-AAAAAA001"
03-17 12:28:26.670  3763  3763 I HUREV   : [1] n.c | Sending acc start
03-17 12:28:26.680  3763  3763 I HUREV   : [1] n.c | Acc start sent (len=0). Waiting for re-enumeration...
03-17 12:28:27.180  3763  3763 D UsbDeviceConnectionJNI: close
03-17 12:28:27.180  3763  3763 I HUREV   : [1] n.a | Result: true
03-17 12:28:27.200  3763  3763 D AlfusResources: cookie name=/system/framework/framework-res.apk
03-17 12:28:27.360  3763  3763 I HUREV   : [1] p.onReceive | USB Intent: Intent { act=android.hardware.usb.action.USB_DEVICE_DETACHED flg=0x10 (has extras) }
03-17 12:28:27.360  3763  3763 I HUREV   : [1] p.onReceive | USB Intent: Intent { act=android.hardware.usb.action.USB_DEVICE_DETACHED flg=0x10 (has extras) }
03-17 12:28:27.360  3763  3763 I HUREV   : [1] p.onReceive | USB Intent: Intent { act=android.hardware.usb.action.USB_DEVICE_ATTACHED flg=0x10000010 (has extras) }
03-17 12:28:27.370  3763  3763 I HUREV   : [1] AapService.onUsbAttach | USB accessory device attached, connecting.
03-17 12:28:27.370  3763  3763 I HUREV   : [1] AapService.u | Found device already in accessory mode: Google 18D1:2D00
03-17 12:28:27.370  3763  3763 I HUREV   : [1] p.onReceive | USB Intent: Intent { act=android.hardware.usb.action.USB_DEVICE_ATTACHED flg=0x10000010 (has extras) }
03-17 12:28:27.430  3763  7042 I HUREV   : [49] m.l | Established connection: android.hardware.usb.UsbDeviceConnection@42e65fb8
03-17 12:28:27.430  3763  7042 I HUREV   : [49] m.l | interfaceCount: 1
03-17 12:28:27.430  3763  7042 I HUREV   : [49] m.j | Check accessory endpoints
03-17 12:28:27.430  3763  7042 I HUREV   : [49] m.j | Connected have EPs
03-17 12:28:27.580  3763  3763 I HUREV   : [1] UsbAttachedActivity.onCreate | USB Intent: Intent { act=android.hardware.usb.action.USB_DEVICE_ATTACHED flg=0x10000000 cmp=com.andrerinas.headunitrevived/.app.UsbAttachedActivity (has extras) }
03-17 12:28:27.580  3763  3763 E HUREV   : [1] UsbAttachedActivity.onCreate | Usb in accessory mode
03-17 12:28:27.630  3763  3763 I HUREV   : [1] AapService.t | WifiLock acquired (HIGH_PERF)
03-17 12:28:27.750  3763  3763 D zjy     : view visibility = 7
03-17 12:28:27.810  3763  7042 I HUREV   : [49] s0.<init> | Using Java SSL implementation
03-17 12:28:27.840  3763  7042 W dalvikvm: VFY: unable to find class referenced in signature (Landroid/media/AudioFocusRequest;)
03-17 12:28:27.870  3763  7042 E dalvikvm: Could not find class 'android.media.AudioAttributes$Builder', referenced from method t0.j.c
03-17 12:28:27.870  3763  7042 W dalvikvm: VFY: unable to resolve new-instance 245 (Landroid/media/AudioAttributes$Builder;) in Lt0/j;
03-17 12:28:27.870  3763  7042 D dalvikvm: VFY: replacing opcode 0x22 at 0x004b
03-17 12:28:27.880  3763  7042 D dalvikvm: DexOpt: unable to opt direct call 0x04eb at 0x4d in Lt0/j;.c
03-17 12:28:27.880  3763  7042 D dalvikvm: DexOpt: unable to opt direct call 0x04f2 at 0x62 in Lt0/j;.c
03-17 12:28:28.020  3763  3768 D dalvikvm: GC_CONCURRENT freed 1097K, 68% free 7905K/23992K, paused 29ms+15ms, total 185ms
03-17 12:28:28.030  3763  7042 D dalvikvm: WAIT_FOR_CONCURRENT_GC blocked 144ms
03-17 12:28:28.040  3763  3763 D dalvikvm: WAIT_FOR_CONCURRENT_GC blocked 53ms
03-17 12:28:28.050  3763  7042 I HUREV   : [49] s0.B | Start Aap transport handshake for w0.m@42e5f430
03-17 12:28:28.280  3763  3763 I HUREV   : [1] AapProjectionActivity.onCreate | HeadUnit for Android Auto (tm) - Copyright 2011-2015 Michael A. Reid., since 2025 André Rinas All Rights Reserved...
03-17 12:28:28.280  3763  3763 I HUREV   : [1] AapProjectionActivity.onCreate | Using TextureView
03-17 12:28:28.330  3763  3768 D dalvikvm: GC_CONCURRENT freed 633K, 63% free 8889K/23992K, paused 4ms+7ms, total 80ms
03-17 12:28:28.330  3763  3763 I HUREV   : [1] g.p | CarScreen: usable width: 1920 height: 720 (Raw: 1920x720, Insets: L0 T0 R0 B0)
03-17 12:28:28.330  3763  3763 I HUREV   : [1] g.p | CarScreen isSmallScreen: true, scaleFactor: 1.0
03-17 12:28:28.340  3763  3763 I HUREV   : [1] g.p | CarScreen using: _1920x1080, number: 3, scales: scaleX: 1.0, scaleY: 1.5
03-17 12:28:28.340  3763  3763 D zjy     : view visibility = 7
03-17 12:28:28.350  3763  3763 I HUREV   : [1] AapProjectionActivity.onResume | AapProjectionActivity: onResume
03-17 12:28:28.530  3763  3763 D zjy     : view visibility = 7
03-17 12:28:28.650  3763  7042 I HUREV   : [49] m.e | USB reads recovered after 1 errors
03-17 12:28:28.650  3763  7042 I HUREV   : [49] s0.l | Handshake: Version response received (ret=12, attempt=1).
03-17 12:28:28.660  3763  7042 I HUREV   : [49] s0.l | Handshake: Version response recv ret: 12
03-17 12:28:28.690  3763  3763 D zjy     : view visibility = 7
03-17 12:28:28.720  3763  3763 I HUREV   : [1] i.onSurfaceTextureAvailable | TextureProjectionView: Surface available: 1920x720
03-17 12:28:28.730  3763  3763 I HUREV   : [1] AapProjectionActivity.d | [AapProjectionActivity] onSurfaceCreated
03-17 12:28:28.730  3763  3763 I HUREV   : [1] AapProjectionActivity.b | [AapProjectionActivity] onSurfaceChanged. Actual surface dimensions: width=1920, height=720
03-17 12:28:28.740  3763  3763 I HUREV   : [1] a0.p | New surface set: Surface(name=android.graphics.SurfaceTexture@4307d538)
03-17 12:28:28.890  3763  7042 I HUREV   : [49] n0.performHandshake | SSL handshake complete. Session id: U3Jzi1TvAjXjPkt008R+FYwwEsjXz7eN7J+u1Mxql6w=
03-17 12:28:28.900  3763  7042 I HUREV   : [49] s0.l | Handshake: Status OK sent: 8
03-17 12:28:28.910  3763  7042 I HUREV   : [49] j.c | Audio Focus Request: stream=3, type=1
03-17 12:28:28.910  3763  7042 D AudioManager: Qian:requestAudioFocus:3
03-17 12:28:28.930  3763  7042 I HUREV   : [49] j.c | Audio focus request result (legacy): GRANTED
03-17 12:28:28.930  3763  7042 I HUREV   : [49] s0.E | Start Aap transport read loop
03-17 12:28:28.970  3763  7042 E dalvikvm: Could not find class 'android.app.NotificationChannel', referenced from method com.andrerinas.headunitrevived.aap.a$a.a
03-17 12:28:28.970  3763  7042 W dalvikvm: VFY: unable to resolve new-instance 67 (Landroid/app/NotificationChannel;) in Lcom/andrerinas/headunitrevived/aap/a$a;
03-17 12:28:28.970  3763  7042 D dalvikvm: VFY: replacing opcode 0x22 at 0x000b
03-17 12:28:28.980  3763  7042 D dalvikvm: DexOpt: unable to opt direct call 0x019c at 0x16 in Lcom/andrerinas/headunitrevived/aap/a$a;.a
03-17 12:28:28.990  3763  3763 I HUREV   : [1] g.onReceive | Received request to resend night mode state
03-17 12:28:29.000  3763  3763 I HUREV   : [1] w.invoke | NightMode update: false
03-17 12:28:29.000  3763  7067 I HUREV   : [55] p.h | Service Discovery Request: Android
03-17 12:28:29.010  3763  7067 I HUREV   : [55] g.p | CarScreen: usable width: 1920 height: 720 (Raw: 1920x720, Insets: L0 T0 R0 B0)
03-17 12:28:29.010  3763  7067 I HUREV   : [55] g.p | CarScreen isSmallScreen: true, scaleFactor: 1.0
03-17 12:28:29.010  3763  7067 I HUREV   : [55] g.p | CarScreen using: _1920x1080, number: 3, scales: scaleX: 1.0, scaleY: 1.5
03-17 12:28:29.040  3763  7067 I HUREV   : [55] a.b | [ServiceDiscovery] Announcing NIGHT sensor support. Strategy: MANUAL_TIME
03-17 12:28:29.040  3763  7067 I HUREV   : [55] a.b | [ServiceDiscovery] NegotiatedResolution is: 1920x1080
03-17 12:28:29.040  3763  7067 I HUREV   : [55] a.b | [ServiceDiscovery] Margins are: 0x360
03-17 12:28:29.060  3763  7067 I HUREV   : [55] a.b | BT MAC Address is empty. Skip bluetooth service
03-17 12:28:29.170  3763  3768 D dalvikvm: GC_CONCURRENT freed 751K, 59% free 10074K/23992K, paused 15ms+17ms, total 150ms
03-17 12:28:29.320  3763  7067 I HUREV   : [55] m.e | USB reads recovered after 1 errors
03-17 12:28:29.320  3763  7067 I HUREV   : [55] p.c | Audio Focus Request: RELEASE
03-17 12:28:29.320  3763  7067 I HUREV   : [55] j.c | Audio Focus Request: stream=3, type=4
03-17 12:28:29.320  3763  7067 D AudioManager: Qian:abandonAudioFocus:
03-17 12:28:29.330  3763  7067 I HUREV   : [55] j.c | Audio focus request result (legacy): GRANTED
03-17 12:28:29.330  3763  7067 I HUREV   : [55] p.c | Sending immediate AudioFocusNotification: STATE_LOSS
03-17 12:28:29.400  3763  7067 W HUREV   : [55] t0.a | AapVideo: Dropped Flag 11 packet. len=4, buf[10]=?
03-17 12:28:29.400  3763  7067 I HUREV   : [55] m.b | Media Sink Setup Request: 3 on channel VIDEO
03-17 12:28:29.470  3763  7067 I HUREV   : [55] m.b | Config response: status: HEADUNIT
03-17 12:28:29.470  3763  7067 I HUREV   : max_unacked: 1
03-17 12:28:29.470  3763  7067 I HUREV   : configuration_indices: 0
03-17 12:28:29.480  3763  7067 I HUREV   : [55] m.b | Media Sink Setup Request: 2 on channel AUDIO2
03-17 12:28:29.480  3763  7067 I HUREV   : [55] m.b | Config response: status: HEADUNIT
03-17 12:28:29.480  3763  7067 I HUREV   : max_unacked: 3
03-17 12:28:29.480  3763  7067 I HUREV   : configuration_indices: 0
03-17 12:28:29.490  3763  7067 I HUREV   : [55] m.b | Media Sink Setup Request: 2 on channel AUDIO1
03-17 12:28:29.490  3763  7067 I HUREV   : [55] m.b | Config response: status: HEADUNIT
03-17 12:28:29.490  3763  7067 I HUREV   : max_unacked: 3
03-17 12:28:29.490  3763  7067 I HUREV   : configuration_indices: 0
03-17 12:28:29.490  3763  7067 I HUREV   : [55] m.b | Media Sink Setup Request: 2 on channel AUDIO
03-17 12:28:29.500  3763  7067 I HUREV   : [55] m.b | Config response: status: HEADUNIT
03-17 12:28:29.500  3763  7067 I HUREV   : max_unacked: 3
03-17 12:28:29.500  3763  7067 I HUREV   : configuration_indices: 0
03-17 12:28:29.500  3763  7067 I HUREV   : [55] n.b | Sensor Start Request sensor: DRIVING_STATUS, minUpdatePeriod: 0
03-17 12:28:29.500  3763  7067 I HUREV   : [55] n.b | SENSOR Sensor Start Response type: 32770 flags: 11 size: 8 dataOffset: 6
03-17 12:28:29.510  3763  7067 I HUREV   : [55] n.b | Sensor Start Request sensor: NIGHT, minUpdatePeriod: 0
03-17 12:28:29.510  3763  7067 I HUREV   : [55] n.b | SENSOR Sensor Start Response type: 32770 flags: 11 size: 8 dataOffset: 6
03-17 12:28:29.510  3763  7067 I HUREV   : [55] n.b | Night sensor requested. Triggering immediate update.
03-17 12:28:29.590  3763  3763 I HUREV   : [1] g.onReceive | Received request to resend night mode state
03-17 12:28:29.590  3763  3763 I HUREV   : [1] w.invoke | NightMode update: false
03-17 12:28:29.620  3763  3763 I HUREV   : [1] AapProjectionActivity.onPause | AapProjectionActivity: onPause
03-17 12:28:29.620  3763  3763 I HUREV   : [1] AapProjectionActivity.onNewIntent | AapProjectionActivity: onNewIntent received
03-17 12:28:29.630  3763  3763 I HUREV   : [1] AapProjectionActivity.onResume | AapProjectionActivity: onResume
03-17 12:28:29.630  3763  3763 D zjy     : view visibility = 7
03-17 12:28:32.020  3763  7067 W HUREV   : [55] m.e | USB read errors (10) for 2s — waiting for recovery...
03-17 12:28:32.640  3763  3763 W HUREV   : [1] k.run | Watchdog: No video received. Requesting Keyframe (Unsolicited Focus)...
03-17 12:28:32.650  3763  7067 I HUREV   : [55] m.e | USB reads recovered after 11 errors
03-17 12:28:32.650  3763  7067 W HUREV   : [55] t0.a | AapVideo: Dropped Flag 11 packet. len=6, buf[10]=?
03-17 12:28:32.650  3763  7067 I HUREV   : [55] m.d | Media Start Request VIDEO: session_id: 0
03-17 12:28:32.650  3763  7067 I HUREV   : configuration_index: 0
03-17 12:28:33.130  3763  7067 I HUREV   : [55] m.e | USB reads recovered after 3 errors
03-17 12:28:33.130  3763  7067 I HUREV   : [55] a0.c | H.264/AVC config detected in frame (30 bytes)
03-17 12:28:33.130  3763  7067 I HUREV   : [55] a0.m | SPS parsed: 1920x1080
03-17 12:28:33.130  3763  7067 I HUREV   : [55] AapProjectionActivity.a | [AapProjectionActivity] Received video dimensions: 1920x1080
03-17 12:28:33.160  3763  3763 I HUREV   : [1] i.a | TextureProjectionView
03-17 12:28:33.160  3763  7229 I OMXClient: Using client-side OMX mux.
03-17 12:28:33.170  3763  3763 I HUREV   : [1] h.a | ProjectionViewScaler: Dimensions: Video: 1920x1080, Content: 1920x640, View: 1920x720
03-17 12:28:33.170  3763  3763 I HUREV   : [1] h.a | ProjectionViewScaler: Scale updated for view i. scaleX: 1.0, scaleY: 1.5
03-17 12:28:33.170  3763  7067 I HUREV   : [55] a0.q | Configuring decoder: OMX.Freescale.std.video_decoder.avc.v3.hw-based with surface
03-17 12:28:33.180  3763  7229 I ACodec  : Send reorder config(0) to VPU
03-17 12:28:34.050  3763  7067 I HUREV   : [55] a0.q | Codec initialized: OMX.Freescale.std.video_decoder.avc.v3.hw-based for stream 1920x1080
03-17 12:28:34.050  3763  7249 I HUREV   : [57] a0.l | Output thread started
03-17 12:28:34.560  3763  7249 I HUREV   : [57] a0.j | Output Format Changed: {height=1088, what=1869968451, color-format=19, slice-height=0, crop-left=0, width=1920, crop-bottom=1079, crop-top=0, mime=video/raw, stride=1920, crop-right=1919}
03-17 12:28:34.560  3763  7249 I HUREV   : [57] a0.j | Video dimensions changed via format: 1920x1088
03-17 12:28:34.560  3763  7249 I HUREV   : [57] AapProjectionActivity.a | [AapProjectionActivity] Received video dimensions: 1920x1088
03-17 12:28:34.560  3763  7229 E ACodec  : dequeueBuffer failed.
03-17 12:28:34.580  3763  3763 I HUREV   : [1] i.a | TextureProjectionView
03-17 12:28:34.580  3763  7229 E ACodec  : dequeueBuffer failed.
03-17 12:28:34.590  3763  3763 I HUREV   : [1] h.a | ProjectionViewScaler: Dimensions: Video: 1920x1088, Content: 1920x640, View: 1920x720
03-17 12:28:34.590  3763  3763 I HUREV   : [1] h.a | ProjectionViewScaler: Scale updated for view i. scaleX: 1.0, scaleY: 1.5
03-17 12:28:36.760  3763  7067 I HUREV   : [55] m.e | USB reads recovered after 6 errors
03-17 12:28:38.590  3763  7067 I HUREV   : [55] m.e | USB reads recovered after 4 errors
03-17 12:28:41.380  3763  7067 W HUREV   : [55] m.e | USB read errors (10) for 2s — waiting for recovery...
03-17 12:28:41.720  3763  7067 I HUREV   : [55] m.e | USB reads recovered after 10 errors
03-17 12:28:42.480  3763  7067 I HUREV   : [55] m.e | USB reads recovered after 2 errors
03-17 12:28:44.390  3763  7067 I HUREV   : [55] p.c | Audio Focus Request: GAIN
03-17 12:28:44.400  3763  7067 I HUREV   : [55] j.c | Audio Focus Request: stream=3, type=1
03-17 12:28:44.400  3763  7067 D AudioManager: Qian:requestAudioFocus:3
03-17 12:28:44.400  3763  3777 D AudioManager: dispatchAudioFocusChange [android.media.AudioManager@42e93d58w0.d@42bf2770], hint = -1
03-17 12:28:44.410  3763  7067 I HUREV   : [55] j.c | Audio focus request result (legacy): GRANTED
03-17 12:28:44.410  3763  7067 I HUREV   : [55] p.c | Sending immediate AudioFocusNotification: STATE_GAIN
03-17 12:28:44.420  3763  3763 D AudioManager: Begin listener.onAudioFocusChange  [android.media.AudioManager@42e93d58w0.d@42bf2770], hint = -1
03-17 12:28:44.430  3763  3763 D AudioManager: End listener.onAudioFocusChange [android.media.AudioManager@42e93d58w0.d@42bf2770], hint = -1
03-17 12:28:44.670  3763  3768 D dalvikvm: GC_CONCURRENT freed 2066K, 57% free 10357K/23992K, paused 20ms+12ms, total 198ms
03-17 12:28:44.670  3763  7067 D dalvikvm: WAIT_FOR_CONCURRENT_GC blocked 73ms
03-17 12:28:47.020  3763  3768 D dalvikvm: GC_CONCURRENT freed 2462K, 57% free 10350K/23992K, paused 13ms+21ms, total 194ms
03-17 12:28:47.020  3763  7067 D dalvikvm: WAIT_FOR_CONCURRENT_GC blocked 20ms
03-17 12:28:48.750  3763  3770 I dalvikvm: Jit: resizing JitTable from 4096 to 8192
03-17 12:28:50.380  3763  3768 D dalvikvm: GC_CONCURRENT freed 2406K, 57% free 10348K/23992K, paused 19ms+6ms, total 136ms
03-17 12:28:50.520  3763  7067 I HUREV   : [55] p.f | Navigation Focus Request: NAV_FOCUS_2
03-17 12:28:50.530  3763  7067 I HUREV   : [55] p.f | CONTROL Navigation Focus Notification type: 14 flags: 11 size: 8 dataOffset: 6
03-17 12:28:51.750  3763  3768 D dalvikvm: GC_CONCURRENT freed 2312K, 57% free 10485K/23992K, paused 6ms+8ms, total 120ms
03-17 12:28:51.750  3763  7067 D dalvikvm: WAIT_FOR_CONCURRENT_GC blocked 47ms
03-17 12:28:54.280  3763  3768 D dalvikvm: GC_CONCURRENT freed 2491K, 57% free 10485K/23992K, paused 11ms+17ms, total 207ms
03-17 12:28:54.280  3763  7067 D dalvikvm: WAIT_FOR_CONCURRENT_GC blocked 55ms
03-17 12:28:56.140  3763  3763 I HUREV   : [1] AapProjectionActivity.onPause | AapProjectionActivity: onPause
03-17 12:28:56.220  3763  3763 D zjy     : view visibility = 7
03-17 12:28:56.280  3763  3763 I HUREV   : [1] AapProjectionActivity.onResume | AapProjectionActivity: onResume
03-17 12:28:56.310  3763  3763 D zjy     : view visibility = 7
03-17 12:28:57.220  3763  3768 D dalvikvm: GC_CONCURRENT freed 2445K, 57% free 10514K/23992K, paused 10ms+10ms, total 144ms
03-17 12:29:00.510  3763  3768 D dalvikvm: GC_CONCURRENT freed 2503K, 57% free 10468K/23992K, paused 17ms+8ms, total 154ms
03-17 12:29:04.260  3763  3768 D dalvikvm: GC_CONCURRENT freed 2437K, 57% free 10508K/23992K, paused 17ms+10ms, total 139ms
03-17 12:29:08.410  3763  3768 D dalvikvm: GC_CONCURRENT freed 2455K, 57% free 10487K/23992K, paused 8ms+5ms, total 95ms
03-17 12:29:13.770  3763  3768 D dalvikvm: GC_CONCURRENT freed 2498K, 57% free 10484K/23992K, paused 12ms+5ms, total 127ms
03-17 12:29:13.770  3763  7067 D dalvikvm: WAIT_FOR_CONCURRENT_GC blocked 24ms
03-17 12:29:15.900  3763  7067 I HUREV   : [55] m.d | Media Start Request AUDIO1: session_id: 0
03-17 12:29:15.900  3763  7067 I HUREV   : configuration_index: 0
03-17 12:29:15.920  3763  7067 I HUREV   : [55] j.a | AudioDecoder.start: channel=4, stream=3, gain=1.0, sampleRate=16000, numberOfBits=16, numberOfChannels=1, isAac=true
03-17 12:29:15.920  3763  7067 E dalvikvm: Could not find class 'android.media.AudioAttributes$Builder', referenced from method y0.s.f
03-17 12:29:15.920  3763  7067 W dalvikvm: VFY: unable to resolve new-instance 245 (Landroid/media/AudioAttributes$Builder;) in Ly0/s;
03-17 12:29:15.920  3763  7067 D dalvikvm: VFY: replacing opcode 0x22 at 0x0054
03-17 12:29:15.920  3763  7067 W dalvikvm: Unable to resolve superclass of Ly0/s$a; (257)
03-17 12:29:15.920  3763  7067 W dalvikvm: Link of class 'Ly0/s$a;' failed
03-17 12:29:15.920  3763  7067 E dalvikvm: Could not find class 'y0.s$a', referenced from method y0.s.i
03-17 12:29:15.920  3763  7067 W dalvikvm: VFY: unable to resolve new-instance 6443 (Ly0/s$a;) in Ly0/s;
03-17 12:29:15.920  3763  7067 D dalvikvm: VFY: replacing opcode 0x22 at 0x0040
03-17 12:29:15.930  3763  7067 D dalvikvm: DexOpt: unable to opt direct call 0x04eb at 0x56 in Ly0/s;.f
03-17 12:29:15.930  3763  7067 D dalvikvm: DexOpt: unable to opt direct call 0x04f7 at 0x63 in Ly0/s;.f
03-17 12:29:15.930  3763  7067 D dalvikvm: DexOpt: unable to opt direct call 0x0514 at 0x78 in Ly0/s;.f
03-17 12:29:15.930  3763  7067 W dalvikvm: Unable to resolve superclass of Ly0/s$a; (257)
03-17 12:29:15.930  3763  7067 W dalvikvm: Link of class 'Ly0/s$a;' failed
03-17 12:29:15.930  3763  7067 D dalvikvm: DexOpt: unable to opt direct call 0xf20a at 0x42 in Ly0/s;.i
03-17 12:29:15.930  3763  7067 I HUREV   : [55] s.f | Audio stream: 3 buffer size: 40960 (min: 5120) sampleRateInHz: 16000 channelCount: 1
03-17 12:29:15.930  3763  7067 D AudioTrack: AudioTrack::start 0x7ec46bd8,mStreamType=3
03-17 12:29:15.940  3763  7673 I OMXClient: Using client-side OMX mux.
03-17 12:29:15.950  3763  7673 E OMXMaster: A component of name 'OMX.Freescale.std.parser.fsl.sw-based' already exists, ignoring this one.
03-17 12:29:15.960  3763  7673 E OMXMaster: A component of name 'OMX.Freescale.std.parser.fsl.sw-based' already exists, ignoring this one.
03-17 12:29:15.960  3763  7673 E OMXMaster: A component of name 'OMX.Freescale.std.parser.fsl.sw-based' already exists, ignoring this one.
03-17 12:29:15.960  3763  7673 E OMXMaster: A component of name 'OMX.Freescale.std.parser.fsl.sw-based' already exists, ignoring this one.
03-17 12:29:15.960  3763  7673 E OMXMaster: A component of name 'OMX.Freescale.std.parser.fsl.sw-based' already exists, ignoring this one.
03-17 12:29:15.960  3763  7673 E OMXMaster: A component of name 'OMX.Freescale.std.parser.fsl.sw-based' already exists, ignoring this one.
03-17 12:29:15.960  3763  7673 E OMXMaster: A component of name 'OMX.Freescale.std.parser.fsl.sw-based' already exists, ignoring this one.
03-17 12:29:15.960  3763  7673 E OMXMaster: A component of name 'OMX.Freescale.std.parser.fsl.sw-based' already exists, ignoring this one.
03-17 12:29:15.960  3763  7673 E OMXMaster: A component of name 'OMX.Freescale.std.parser.fsl.sw-based' already exists, ignoring this one.
03-17 12:29:15.960  3763  7673 E OMXMaster: A component of name 'OMX.Freescale.std.parser.fsl.sw-based' already exists, ignoring this one.
03-17 12:29:15.960  3763  7673 E OMXMaster: A component of name 'OMX.Freescale.std.parser.fsl.sw-based' already exists, ignoring this one.
03-17 12:29:15.960  3763  7673 E OMXMaster: A component of name 'OMX.Freescale.std.parser.streaming.sw-based' already exists, ignoring this one.
03-17 12:29:15.960  3763  7673 E OMXMaster: A component of name 'OMX.Freescale.std.parser.fsl.sw-based' already exists, ignoring this one.
03-17 12:29:15.970  3763  7067 I HUREV   : [55] s.i | AAC Decoder started for 16000 Hz, 1 channels with is-adts (Async)
03-17 12:29:15.980  3763  7674 I SoftAAC2: Reconfiguring decoder: 0->16000 Hz, 0->1 channels
03-17 12:29:16.150  3763  3768 D dalvikvm: GC_CONCURRENT freed 2429K, 57% free 10490K/23992K, paused 7ms+5ms, total 103ms
03-17 12:29:16.350  3763  7676 W AudioTrack: releaseBuffer() track 0x7ec46bd8 name=0 disabled, restarting
03-17 12:29:16.530  3763  7067 I HUREV   : [55] m.c | Media Sink Stop Request: AUDIO1
03-17 12:29:16.540  3763  7067 I HUREV   : [55] j.d | Audio Stop: AUDIO1
03-17 12:29:16.540  3763  7676 D AudioTrack: AudioTrack::stop 0x7ec46bd8,mStreamType=3
03-17 12:29:17.140  3763  7676 D AudioTrack: AudioTrack::stop 0x7ec46bd8,mStreamType=3
03-17 12:29:17.140  3763  7676 D AudioTrack: AudioTrack::stop 0x7ec46bd8,mStreamType=3
03-17 12:29:17.140  3763  7676 D AudioTrack: AudioTrack::stop 0x7ec46bd8,mStreamType=3
03-17 12:29:17.150  3763  7676 I HUREV   : [895] s.run | AudioTrackWrapper thread finished.
03-17 12:29:18.970  3763  3768 D dalvikvm: GC_CONCURRENT freed 2500K, 57% free 10487K/23992K, paused 8ms+7ms, total 127ms
03-17 12:29:18.970  3763  7067 D dalvikvm: WAIT_FOR_CONCURRENT_GC blocked 22ms
03-17 12:29:21.920  3763  3768 D dalvikvm: GC_CONCURRENT freed 2491K, 57% free 10498K/23992K, paused 12ms+13ms, total 143ms
03-17 12:29:25.350  3763  3768 D dalvikvm: GC_CONCURRENT freed 2450K, 57% free 10487K/23992K, paused 18ms+7ms, total 124ms
03-17 12:29:28.830  3763  3768 D dalvikvm: GC_CONCURRENT freed 2503K, 57% free 10477K/23992K, paused 12ms+5ms, total 170ms
03-17 12:29:32.590  3763  3768 D dalvikvm: GC_CONCURRENT freed 2467K, 57% free 10490K/23992K, paused 15ms+5ms, total 176ms
03-17 12:29:35.700  3763  3768 D dalvikvm: GC_CONCURRENT freed 2429K, 57% free 10511K/23992K, paused 7ms+5ms, total 118ms
03-17 12:29:40.670  3763  3768 D dalvikvm: GC_CONCURRENT freed 2504K, 57% free 10529K/23992K, paused 16ms+14ms, total 191ms
03-17 12:29:42.620  3763  3768 D dalvikvm: GC_CONCURRENT freed 2372K, 56% free 10592K/23992K, paused 9ms+7ms, total 102ms
03-17 12:29:45.440  3763  3768 D dalvikvm: GC_CONCURRENT freed 2473K, 56% free 10584K/23992K, paused 7ms+10ms, total 151ms
03-17 12:29:49.490  3763  3768 D dalvikvm: GC_CONCURRENT freed 2464K, 56% free 10606K/23992K, paused 8ms+7ms, total 107ms
03-17 12:29:53.020  3763  3768 D dalvikvm: GC_CONCURRENT freed 2535K, 56% free 10579K/23992K, paused 8ms+11ms, total 132ms
