03-17 11:00:08.480  5712  5716 D dalvikvm: GC_CONCURRENT freed 2563K, 59% free 10656K/25856K, paused 8ms+7ms, total 179ms
03-17 11:00:08.480  5712  8422 D dalvikvm: WAIT_FOR_CONCURRENT_GC blocked 77ms
03-17 11:00:08.480  5712  6518 D dalvikvm: WAIT_FOR_CONCURRENT_GC blocked 19ms
03-17 11:00:08.480  5712  6428 D dalvikvm: WAIT_FOR_CONCURRENT_GC blocked 44ms
03-17 11:00:10.710  5712  5716 D dalvikvm: GC_CONCURRENT freed 2566K, 59% free 10645K/25856K, paused 6ms+6ms, total 136ms
03-17 11:00:10.710  5712  6428 D dalvikvm: WAIT_FOR_CONCURRENT_GC blocked 30ms
03-17 11:00:10.710  5712  6518 D dalvikvm: WAIT_FOR_CONCURRENT_GC blocked 13ms
03-17 11:00:12.910  5712  5716 D dalvikvm: GC_CONCURRENT freed 2554K, 59% free 10639K/25856K, paused 8ms+7ms, total 131ms
03-17 11:00:12.910  5712  6428 D dalvikvm: WAIT_FOR_CONCURRENT_GC blocked 54ms
03-17 11:00:12.910  5712  8422 D dalvikvm: WAIT_FOR_CONCURRENT_GC blocked 34ms
03-17 11:00:14.750  5712  5716 D dalvikvm: GC_CONCURRENT freed 2522K, 59% free 10665K/25856K, paused 8ms+8ms, total 132ms
03-17 11:00:14.750  5712  6428 D dalvikvm: WAIT_FOR_CONCURRENT_GC blocked 21ms
03-17 11:00:17.670  5712  5716 D dalvikvm: GC_CONCURRENT freed 2558K, 59% free 10665K/25856K, paused 9ms+7ms, total 150ms
03-17 11:00:20.320  5712  5716 D dalvikvm: GC_CONCURRENT freed 2562K, 59% free 10660K/25856K, paused 8ms+6ms, total 125ms
03-17 11:00:20.320  5712  6428 D dalvikvm: WAIT_FOR_CONCURRENT_GC blocked 21ms
03-17 11:00:22.920  5712  5716 D dalvikvm: GC_CONCURRENT freed 2557K, 59% free 10656K/25856K, paused 9ms+11ms, total 158ms
03-17 11:00:22.920  5712  6428 D dalvikvm: WAIT_FOR_CONCURRENT_GC blocked 52ms
03-17 11:00:22.920  5712  8422 D dalvikvm: WAIT_FOR_CONCURRENT_GC blocked 9ms
03-17 11:00:25.010  5712  5716 D dalvikvm: GC_CONCURRENT freed 2541K, 59% free 10665K/25856K, paused 8ms+8ms, total 116ms
03-17 11:00:27.550  5712  5716 D dalvikvm: GC_CONCURRENT freed 2582K, 59% free 10638K/25856K, paused 25ms+5ms, total 135ms
03-17 11:00:27.550  5712  6428 D dalvikvm: WAIT_FOR_CONCURRENT_GC blocked 52ms
03-17 11:00:27.550  5712  8422 D dalvikvm: WAIT_FOR_CONCURRENT_GC blocked 39ms
03-17 11:00:29.970  5712  5716 D dalvikvm: GC_CONCURRENT freed 2533K, 59% free 10655K/25856K, paused 12ms+7ms, total 152ms
03-17 11:00:29.970  5712  6428 D dalvikvm: WAIT_FOR_CONCURRENT_GC blocked 32ms
03-17 11:00:32.370  5712  5716 D dalvikvm: GC_CONCURRENT freed 2551K, 59% free 10656K/25856K, paused 12ms+5ms, total 126ms
03-17 11:00:32.370  5712  6428 D dalvikvm: WAIT_FOR_CONCURRENT_GC blocked 20ms
03-17 11:00:32.370  5712  8422 D dalvikvm: WAIT_FOR_CONCURRENT_GC blocked 39ms
03-17 11:00:32.370  5712  6518 D dalvikvm: WAIT_FOR_CONCURRENT_GC blocked 26ms
03-17 11:00:33.460  5712  6428 I HUREV   : [181] m.d | Media Start Request AUDIO1: session_id: 3
03-17 11:00:33.460  5712  6428 I HUREV   : configuration_index: 0
03-17 11:00:33.480  5712  6428 I HUREV   : [181] j.a | AudioDecoder.start: channel=4, stream=3, gain=1.0, sampleRate=16000, numberOfBits=16, numberOfChannels=1, isAac=true
03-17 11:00:33.490  5712  6428 I HUREV   : [181] s.f | Audio stream: 3 buffer size: 40960 (min: 5120) sampleRateInHz: 16000 channelCount: 1
03-17 11:00:33.490  5712  6428 D AudioTrack: AudioTrack::start 0x6603d3c0,mStreamType=3
03-17 11:00:33.490  5712 12202 I OMXClient: Using client-side OMX mux.
03-17 11:00:33.500  5712 12202 E OMXMaster: A component of name 'OMX.Freescale.std.parser.fsl.sw-based' already exists, ignoring this one.
03-17 11:00:33.500  5712 12202 E OMXMaster: A component of name 'OMX.Freescale.std.parser.fsl.sw-based' already exists, ignoring this one.
03-17 11:00:33.500  5712 12202 E OMXMaster: A component of name 'OMX.Freescale.std.parser.fsl.sw-based' already exists, ignoring this one.
03-17 11:00:33.500  5712 12202 E OMXMaster: A component of name 'OMX.Freescale.std.parser.fsl.sw-based' already exists, ignoring this one.
03-17 11:00:33.500  5712 12202 E OMXMaster: A component of name 'OMX.Freescale.std.parser.fsl.sw-based' already exists, ignoring this one.
03-17 11:00:33.500  5712 12202 E OMXMaster: A component of name 'OMX.Freescale.std.parser.fsl.sw-based' already exists, ignoring this one.
03-17 11:00:33.500  5712 12202 E OMXMaster: A component of name 'OMX.Freescale.std.parser.fsl.sw-based' already exists, ignoring this one.
03-17 11:00:33.500  5712 12202 E OMXMaster: A component of name 'OMX.Freescale.std.parser.fsl.sw-based' already exists, ignoring this one.
03-17 11:00:33.500  5712 12202 E OMXMaster: A component of name 'OMX.Freescale.std.parser.fsl.sw-based' already exists, ignoring this one.
03-17 11:00:33.500  5712 12202 E OMXMaster: A component of name 'OMX.Freescale.std.parser.fsl.sw-based' already exists, ignoring this one.
03-17 11:00:33.500  5712 12202 E OMXMaster: A component of name 'OMX.Freescale.std.parser.fsl.sw-based' already exists, ignoring this one.
03-17 11:00:33.500  5712 12202 E OMXMaster: A component of name 'OMX.Freescale.std.parser.streaming.sw-based' already exists, ignoring this one.
03-17 11:00:33.500  5712 12202 E OMXMaster: A component of name 'OMX.Freescale.std.parser.fsl.sw-based' already exists, ignoring this one.
03-17 11:00:33.510  5712  6428 I HUREV   : [181] s.i | AAC Decoder started for 16000 Hz, 1 channels with is-adts (Async)
03-17 11:00:33.510  5712 12203 I SoftAAC2: Reconfiguring decoder: 0->16000 Hz, 0->1 channels
03-17 11:00:33.940  5712 12205 W AudioTrack: releaseBuffer() track 0x6603d3c0 name=0x1 disabled, restarting
03-17 11:00:34.360  5712 12205 W AudioTrack: releaseBuffer() track 0x6603d3c0 name=0x1 disabled, restarting
03-17 11:00:34.630  5712  5716 D dalvikvm: GC_CONCURRENT freed 2559K, 59% free 10656K/25856K, paused 10ms+8ms, total 132ms
03-17 11:00:34.630  5712  6428 D dalvikvm: WAIT_FOR_CONCURRENT_GC blocked 36ms
03-17 11:00:34.770  5712  6428 I HUREV   : [181] m.c | Media Sink Stop Request: AUDIO1
03-17 11:00:34.770  5712  6428 I HUREV   : [181] j.d | Audio Stop: AUDIO1
03-17 11:00:34.800  5712 12205 D AudioTrack: AudioTrack::stop 0x6603d3c0,mStreamType=3
03-17 11:00:34.810  5712 12205 E HUREV   : [15863] s.e | Error during audio track cleanup
03-17 11:00:34.810  5712 12205 E HUREV   : java.lang.InterruptedException
03-17 11:00:34.810  5712 12205 E HUREV   : 	at java.lang.VMThread.sleep(Native Method)
03-17 11:00:34.810  5712 12205 E HUREV   : 	at java.lang.Thread.sleep(Thread.java:1013)
03-17 11:00:34.810  5712 12205 E HUREV   : 	at java.lang.Thread.sleep(Thread.java:995)
03-17 11:00:34.810  5712 12205 E HUREV   : 	at y0.s.e(r8-map-id-8722f06efe6fab086a70200d597343236d3225d15181a7b075b269dcf50b7ff7:125)
03-17 11:00:34.810  5712 12205 E HUREV   : 	at y0.s.run(r8-map-id-8722f06efe6fab086a70200d597343236d3225d15181a7b075b269dcf50b7ff7:85)
03-17 11:00:34.810  5712 12205 D AudioTrack: AudioTrack::stop 0x6603d3c0,mStreamType=3
03-17 11:00:34.810  5712 12205 D AudioTrack: AudioTrack::stop 0x6603d3c0,mStreamType=3
03-17 11:00:34.810  5712 12205 D AudioTrack: AudioTrack::stop 0x6603d3c0,mStreamType=3
03-17 11:00:34.820  5712 12205 I HUREV   : [15863] s.run | AudioTrackWrapper thread finished.
03-17 11:00:36.990  5712  5716 D dalvikvm: GC_CONCURRENT freed 2561K, 59% free 10648K/25856K, paused 9ms+6ms, total 152ms
03-17 11:00:36.990  5712  8422 D dalvikvm: WAIT_FOR_CONCURRENT_GC blocked 22ms
03-17 11:00:36.990  5712  6428 D dalvikvm: WAIT_FOR_CONCURRENT_GC blocked 21ms
03-17 11:00:39.350  5712  5716 D dalvikvm: GC_CONCURRENT freed 2559K, 59% free 10639K/25856K, paused 12ms+6ms, total 129ms
03-17 11:00:39.350  5712  6428 D dalvikvm: WAIT_FOR_CONCURRENT_GC blocked 47ms
03-17 11:00:39.350  5712  8422 D dalvikvm: WAIT_FOR_CONCURRENT_GC blocked 36ms
03-17 11:00:41.740  5712  5716 D dalvikvm: GC_CONCURRENT freed 2531K, 59% free 10656K/25856K, paused 12ms+9ms, total 149ms
03-17 11:00:41.740  5712  6428 D dalvikvm: WAIT_FOR_CONCURRENT_GC blocked 43ms
03-17 11:00:41.740  5712  8422 D dalvikvm: WAIT_FOR_CONCURRENT_GC blocked 39ms
03-17 11:00:41.740  5712  6518 D dalvikvm: WAIT_FOR_CONCURRENT_GC blocked 24ms
03-17 11:00:43.730  5712  5716 D dalvikvm: GC_CONCURRENT freed 2519K, 59% free 10662K/25856K, paused 10ms+5ms, total 127ms
03-17 11:00:46.430  5712  5716 D dalvikvm: GC_CONCURRENT freed 2576K, 59% free 10640K/25856K, paused 15ms+7ms, total 122ms
03-17 11:00:46.430  5712  6428 D dalvikvm: WAIT_FOR_CONCURRENT_GC blocked 33ms
03-17 11:00:46.440  5712  8422 D dalvikvm: WAIT_FOR_CONCURRENT_GC blocked 34ms
03-17 11:00:48.810  5712  5716 D dalvikvm: GC_CONCURRENT freed 2511K, 59% free 10664K/25856K, paused 5ms+4ms, total 101ms
03-17 11:00:51.250  5712  5716 D dalvikvm: GC_CONCURRENT freed 2509K, 59% free 10691K/25856K, paused 6ms+5ms, total 83ms
03-17 11:00:53.580  5712  5716 D dalvikvm: GC_CONCURRENT freed 2576K, 59% free 10655K/25856K, paused 6ms+6ms, total 102ms
03-17 11:00:55.810  5712  5716 D dalvikvm: GC_CONCURRENT freed 2561K, 59% free 10644K/25856K, paused 8ms+5ms, total 110ms
03-17 11:00:55.810  5712  6428 D dalvikvm: WAIT_FOR_CONCURRENT_GC blocked 16ms
03-17 11:00:58.150  5712  5716 D dalvikvm: GC_CONCURRENT freed 2512K, 59% free 10640K/25856K, paused 5ms+5ms, total 90ms
03-17 11:01:00.160  5712  5716 D dalvikvm: GC_CONCURRENT freed 2509K, 59% free 10653K/25856K, paused 13ms+5ms, total 110ms
03-17 11:01:02.940  5712  5716 D dalvikvm: GC_CONCURRENT freed 2556K, 59% free 10672K/25856K, paused 8ms+6ms, total 135ms
03-17 11:01:05.390  5712  5716 D dalvikvm: GC_CONCURRENT freed 2553K, 59% free 10656K/25856K, paused 8ms+7ms, total 110ms
03-17 11:01:07.630  5712  5716 D dalvikvm: GC_CONCURRENT freed 2563K, 59% free 10643K/25856K, paused 8ms+8ms, total 125ms
03-17 11:01:07.630  5712  6428 D dalvikvm: WAIT_FOR_CONCURRENT_GC blocked 53ms
03-17 11:01:09.090  5712  6428 E HUREV   : [181] a.b | Nav: failed to parse NextTurnDetail
03-17 11:01:09.090  5712  6428 E HUREV   : com.google.protobuf.UninitializedMessageException: Message missing required fields: nextturn
03-17 11:01:09.090  5712  6428 E HUREV   : 	at com.google.protobuf.AbstractMessage$Builder.newUninitializedMessageException(r8-map-id-8722f06efe6fab086a70200d597343236d3225d15181a7b075b269dcf50b7ff7:7)
03-17 11:01:09.090  5712  6428 E HUREV   : 	at com.andrerinas.headunitrevived.aap.protocol.proto.NavigationStatus$NextTurnDetail$Builder.build(r8-map-id-8722f06efe6fab086a70200d597343236d3225d15181a7b075b269dcf50b7ff7:5)
03-17 11:01:09.090  5712  6428 E HUREV   : 	at com.andrerinas.headunitrevived.aap.a.b(r8-map-id-8722f06efe6fab086a70200d597343236d3225d15181a7b075b269dcf50b7ff7:207)
03-17 11:01:09.090  5712  6428 E HUREV   : 	at t0.u.a(r8-map-id-8722f06efe6fab086a70200d597343236d3225d15181a7b075b269dcf50b7ff7:123)
03-17 11:01:09.090  5712  6428 E HUREV   : 	at t0.e0.d(r8-map-id-8722f06efe6fab086a70200d597343236d3225d15181a7b075b269dcf50b7ff7:149)
03-17 11:01:09.090  5712  6428 E HUREV   : 	at t0.e0.a(r8-map-id-8722f06efe6fab086a70200d597343236d3225d15181a7b075b269dcf50b7ff7:98)
03-17 11:01:09.090  5712  6428 E HUREV   : 	at t0.d0$a.read(r8-map-id-8722f06efe6fab086a70200d597343236d3225d15181a7b075b269dcf50b7ff7:14)
03-17 11:01:09.090  5712  6428 E HUREV   : 	at t0.s0.n(r8-map-id-8722f06efe6fab086a70200d597343236d3225d15181a7b075b269dcf50b7ff7:15)
03-17 11:01:09.090  5712  6428 E HUREV   : 	at t0.s0.c(r8-map-id-8722f06efe6fab086a70200d597343236d3225d15181a7b075b269dcf50b7ff7:1)
03-17 11:01:09.090  5712  6428 E HUREV   : 	at t0.q0.handleMessage(r8-map-id-8722f06efe6fab086a70200d597343236d3225d15181a7b075b269dcf50b7ff7:3)
03-17 11:01:09.090  5712  6428 E HUREV   : 	at android.os.Handler.dispatchMessage(Handler.java:95)
03-17 11:01:09.090  5712  6428 E HUREV   : 	at android.os.Looper.loop(Looper.java:137)
03-17 11:01:09.090  5712  6428 E HUREV   : 	at android.os.HandlerThread.run(HandlerThread.java:61)
03-17 11:01:09.480  5712  5716 D dalvikvm: GC_CONCURRENT freed 2505K, 59% free 10685K/25856K, paused 9ms+5ms, total 136ms
03-17 11:01:09.480  5712  8422 D dalvikvm: WAIT_FOR_CONCURRENT_GC blocked 33ms
03-17 11:01:09.480  5712  6428 D dalvikvm: WAIT_FOR_CONCURRENT_GC blocked 54ms
03-17 11:01:12.060  5712  6428 E HUREV   : [181] a.b | Nav: failed to parse NextTurnDetail
03-17 11:01:12.060  5712  6428 E HUREV   : com.google.protobuf.UninitializedMessageException: Message missing required fields: nextturn
03-17 11:01:12.060  5712  6428 E HUREV   : 	at com.google.protobuf.AbstractMessage$Builder.newUninitializedMessageException(r8-map-id-8722f06efe6fab086a70200d597343236d3225d15181a7b075b269dcf50b7ff7:7)
03-17 11:01:12.060  5712  6428 E HUREV   : 	at com.andrerinas.headunitrevived.aap.protocol.proto.NavigationStatus$NextTurnDetail$Builder.build(r8-map-id-8722f06efe6fab086a70200d597343236d3225d15181a7b075b269dcf50b7ff7:5)
03-17 11:01:12.060  5712  6428 E HUREV   : 	at com.andrerinas.headunitrevived.aap.a.b(r8-map-id-8722f06efe6fab086a70200d597343236d3225d15181a7b075b269dcf50b7ff7:207)
03-17 11:01:12.060  5712  6428 E HUREV   : 	at t0.u.a(r8-map-id-8722f06efe6fab086a70200d597343236d3225d15181a7b075b269dcf50b7ff7:123)
03-17 11:01:12.060  5712  6428 E HUREV   : 	at t0.e0.d(r8-map-id-8722f06efe6fab086a70200d597343236d3225d15181a7b075b269dcf50b7ff7:149)
03-17 11:01:12.060  5712  6428 E HUREV   : 	at t0.e0.a(r8-map-id-8722f06efe6fab086a70200d597343236d3225d15181a7b075b269dcf50b7ff7:98)
03-17 11:01:12.060  5712  6428 E HUREV   : 	at t0.d0$a.read(r8-map-id-8722f06efe6fab086a70200d597343236d3225d15181a7b075b269dcf50b7ff7:14)
03-17 11:01:12.060  5712  6428 E HUREV   : 	at t0.s0.n(r8-map-id-8722f06efe6fab086a70200d597343236d3225d15181a7b075b269dcf50b7ff7:15)
03-17 11:01:12.060  5712  6428 E HUREV   : 	at t0.s0.c(r8-map-id-8722f06efe6fab086a70200d597343236d3225d15181a7b075b269dcf50b7ff7:1)
03-17 11:01:12.060  5712  6428 E HUREV   : 	at t0.q0.handleMessage(r8-map-id-8722f06efe6fab086a70200d597343236d3225d15181a7b075b269dcf50b7ff7:3)
03-17 11:01:12.060  5712  6428 E HUREV   : 	at android.os.Handler.dispatchMessage(Handler.java:95)
03-17 11:01:12.060  5712  6428 E HUREV   : 	at android.os.Looper.loop(Looper.java:137)
03-17 11:01:12.060  5712  6428 E HUREV   : 	at android.os.HandlerThread.run(HandlerThread.java:61)
03-17 11:01:12.120  5712  5716 D dalvikvm: GC_CONCURRENT freed 2561K, 59% free 10688K/25856K, paused 10ms+7ms, total 143ms
03-17 11:01:12.120  5712  6428 D dalvikvm: WAIT_FOR_CONCURRENT_GC blocked 29ms
03-17 11:01:14.610  5712  5716 D dalvikvm: GC_CONCURRENT freed 2534K, 59% free 10717K/25856K, paused 16ms+7ms, total 125ms
03-17 11:01:15.060  5712  6428 E HUREV   : [181] a.b | Nav: failed to parse NextTurnDetail
03-17 11:01:15.060  5712  6428 E HUREV   : com.google.protobuf.UninitializedMessageException: Message missing required fields: nextturn
03-17 11:01:15.060  5712  6428 E HUREV   : 	at com.google.protobuf.AbstractMessage$Builder.newUninitializedMessageException(r8-map-id-8722f06efe6fab086a70200d597343236d3225d15181a7b075b269dcf50b7ff7:7)
03-17 11:01:15.060  5712  6428 E HUREV   : 	at com.andrerinas.headunitrevived.aap.protocol.proto.NavigationStatus$NextTurnDetail$Builder.build(r8-map-id-8722f06efe6fab086a70200d597343236d3225d15181a7b075b269dcf50b7ff7:5)
03-17 11:01:15.060  5712  6428 E HUREV   : 	at com.andrerinas.headunitrevived.aap.a.b(r8-map-id-8722f06efe6fab086a70200d597343236d3225d15181a7b075b269dcf50b7ff7:207)
03-17 11:01:15.060  5712  6428 E HUREV   : 	at t0.u.a(r8-map-id-8722f06efe6fab086a70200d597343236d3225d15181a7b075b269dcf50b7ff7:123)
03-17 11:01:15.060  5712  6428 E HUREV   : 	at t0.e0.d(r8-map-id-8722f06efe6fab086a70200d597343236d3225d15181a7b075b269dcf50b7ff7:149)
03-17 11:01:15.060  5712  6428 E HUREV   : 	at t0.e0.a(r8-map-id-8722f06efe6fab086a70200d597343236d3225d15181a7b075b269dcf50b7ff7:98)
03-17 11:01:15.060  5712  6428 E HUREV   : 	at t0.d0$a.read(r8-map-id-8722f06efe6fab086a70200d597343236d3225d15181a7b075b269dcf50b7ff7:14)
03-17 11:01:15.060  5712  6428 E HUREV   : 	at t0.s0.n(r8-map-id-8722f06efe6fab086a70200d597343236d3225d15181a7b075b269dcf50b7ff7:15)
03-17 11:01:15.060  5712  6428 E HUREV   : 	at t0.s0.c(r8-map-id-8722f06efe6fab086a70200d597343236d3225d15181a7b075b269dcf50b7ff7:1)
03-17 11:01:15.060  5712  6428 E HUREV   : 	at t0.q0.handleMessage(r8-map-id-8722f06efe6fab086a70200d597343236d3225d15181a7b075b269dcf50b7ff7:3)
03-17 11:01:15.060  5712  6428 E HUREV   : 	at android.os.Handler.dispatchMessage(Handler.java:95)
03-17 11:01:15.060  5712  6428 E HUREV   : 	at android.os.Looper.loop(Looper.java:137)
03-17 11:01:15.060  5712  6428 E HUREV   : 	at android.os.HandlerThread.run(HandlerThread.java:61)
03-17 11:01:16.890  5712  5716 D dalvikvm: GC_CONCURRENT freed 2577K, 59% free 10726K/25856K, paused 13ms+10ms, total 164ms
03-17 11:01:18.050  5712  6428 E HUREV   : [181] a.b | Nav: failed to parse NextTurnDetail
03-17 11:01:18.050  5712  6428 E HUREV   : com.google.protobuf.UninitializedMessageException: Message missing required fields: nextturn
03-17 11:01:18.050  5712  6428 E HUREV   : 	at com.google.protobuf.AbstractMessage$Builder.newUninitializedMessageException(r8-map-id-8722f06efe6fab086a70200d597343236d3225d15181a7b075b269dcf50b7ff7:7)
03-17 11:01:18.050  5712  6428 E HUREV   : 	at com.andrerinas.headunitrevived.aap.protocol.proto.NavigationStatus$NextTurnDetail$Builder.build(r8-map-id-8722f06efe6fab086a70200d597343236d3225d15181a7b075b269dcf50b7ff7:5)
03-17 11:01:18.050  5712  6428 E HUREV   : 	at com.andrerinas.headunitrevived.aap.a.b(r8-map-id-8722f06efe6fab086a70200d597343236d3225d15181a7b075b269dcf50b7ff7:207)
03-17 11:01:18.050  5712  6428 E HUREV   : 	at t0.u.a(r8-map-id-8722f06efe6fab086a70200d597343236d3225d15181a7b075b269dcf50b7ff7:123)
03-17 11:01:18.050  5712  6428 E HUREV   : 	at t0.e0.d(r8-map-id-8722f06efe6fab086a70200d597343236d3225d15181a7b075b269dcf50b7ff7:149)
03-17 11:01:18.050  5712  6428 E HUREV   : 	at t0.e0.a(r8-map-id-8722f06efe6fab086a70200d597343236d3225d15181a7b075b269dcf50b7ff7:98)
03-17 11:01:18.050  5712  6428 E HUREV   : 	at t0.d0$a.read(r8-map-id-8722f06efe6fab086a70200d597343236d3225d15181a7b075b269dcf50b7ff7:14)
03-17 11:01:18.050  5712  6428 E HUREV   : 	at t0.s0.n(r8-map-id-8722f06efe6fab086a70200d597343236d3225d15181a7b075b269dcf50b7ff7:15)
03-17 11:01:18.050  5712  6428 E HUREV   : 	at t0.s0.c(r8-map-id-8722f06efe6fab086a70200d597343236d3225d15181a7b075b269dcf50b7ff7:1)
03-17 11:01:18.050  5712  6428 E HUREV   : 	at t0.q0.handleMessage(r8-map-id-8722f06efe6fab086a70200d597343236d3225d15181a7b075b269dcf50b7ff7:3)
03-17 11:01:18.050  5712  6428 E HUREV   : 	at android.os.Handler.dispatchMessage(Handler.java:95)
03-17 11:01:18.050  5712  6428 E HUREV   : 	at android.os.Looper.loop(Looper.java:137)
03-17 11:01:18.050  5712  6428 E HUREV   : 	at android.os.HandlerThread.run(HandlerThread.java:61)
03-17 11:01:19.090  5712  5716 D dalvikvm: GC_CONCURRENT freed 2601K, 59% free 10696K/25856K, paused 7ms+7ms, total 145ms
03-17 11:01:20.070  5712  6428 E HUREV   : [181] a.b | Nav: failed to parse NextTurnDetail
03-17 11:01:20.070  5712  6428 E HUREV   : com.google.protobuf.UninitializedMessageException: Message missing required fields: nextturn
03-17 11:01:20.070  5712  6428 E HUREV   : 	at com.google.protobuf.AbstractMessage$Builder.newUninitializedMessageException(r8-map-id-8722f06efe6fab086a70200d597343236d3225d15181a7b075b269dcf50b7ff7:7)
03-17 11:01:20.070  5712  6428 E HUREV   : 	at com.andrerinas.headunitrevived.aap.protocol.proto.NavigationStatus$NextTurnDetail$Builder.build(r8-map-id-8722f06efe6fab086a70200d597343236d3225d15181a7b075b269dcf50b7ff7:5)
03-17 11:01:20.070  5712  6428 E HUREV   : 	at com.andrerinas.headunitrevived.aap.a.b(r8-map-id-8722f06efe6fab086a70200d597343236d3225d15181a7b075b269dcf50b7ff7:207)
03-17 11:01:20.070  5712  6428 E HUREV   : 	at t0.u.a(r8-map-id-8722f06efe6fab086a70200d597343236d3225d15181a7b075b269dcf50b7ff7:123)
03-17 11:01:20.070  5712  6428 E HUREV   : 	at t0.e0.d(r8-map-id-8722f06efe6fab086a70200d597343236d3225d15181a7b075b269dcf50b7ff7:149)
03-17 11:01:20.070  5712  6428 E HUREV   : 	at t0.e0.a(r8-map-id-8722f06efe6fab086a70200d597343236d3225d15181a7b075b269dcf50b7ff7:98)
03-17 11:01:20.070  5712  6428 E HUREV   : 	at t0.d0$a.read(r8-map-id-8722f06efe6fab086a70200d597343236d3225d15181a7b075b269dcf50b7ff7:14)
03-17 11:01:20.070  5712  6428 E HUREV   : 	at t0.s0.n(r8-map-id-8722f06efe6fab086a70200d597343236d3225d15181a7b075b269dcf50b7ff7:15)
03-17 11:01:20.070  5712  6428 E HUREV   : 	at t0.s0.c(r8-map-id-8722f06efe6fab086a70200d597343236d3225d15181a7b075b269dcf50b7ff7:1)
03-17 11:01:20.070  5712  6428 E HUREV   : 	at t0.q0.handleMessage(r8-map-id-8722f06efe6fab086a70200d597343236d3225d15181a7b075b269dcf50b7ff7:3)
03-17 11:01:20.070  5712  6428 E HUREV   : 	at android.os.Handler.dispatchMessage(Handler.java:95)
03-17 11:01:20.070  5712  6428 E HUREV   : 	at android.os.Looper.loop(Looper.java:137)
03-17 11:01:20.070  5712  6428 E HUREV   : 	at android.os.HandlerThread.run(HandlerThread.java:61)
03-17 11:01:20.090  5712  6428 I HUREV   : [181] p.f | Navigation Focus Request: NAV_FOCUS_1
03-17 11:01:20.090  5712  6428 I HUREV   : [181] p.f | CONTROL Navigation Focus Notification type: 14 flags: 11 size: 8 dataOffset: 6
03-17 11:01:21.310  5712  5716 D dalvikvm: GC_CONCURRENT freed 2528K, 59% free 10712K/25856K, paused 8ms+6ms, total 138ms
03-17 11:01:24.090  5712  5716 D dalvikvm: GC_CONCURRENT freed 2554K, 59% free 10678K/25856K, paused 9ms+8ms, total 101ms
03-17 11:01:26.350  5712  5716 D dalvikvm: GC_CONCURRENT freed 2537K, 59% free 10753K/25856K, paused 9ms+9ms, total 159ms
03-17 11:01:28.820  5712  5716 D dalvikvm: GC_CONCURRENT freed 2665K, 59% free 10674K/25856K, paused 8ms+12ms, total 131ms
03-17 11:01:28.820  5712  6428 D dalvikvm: WAIT_FOR_CONCURRENT_GC blocked 42ms
03-17 11:01:28.820  5712  8422 D dalvikvm: WAIT_FOR_CONCURRENT_GC blocked 41ms
03-17 11:01:32.220  5712  5716 D dalvikvm: GC_CONCURRENT freed 2541K, 59% free 10689K/25856K, paused 9ms+5ms, total 123ms
03-17 11:01:32.220  5712  6428 D dalvikvm: WAIT_FOR_CONCURRENT_GC blocked 46ms
03-17 11:01:34.490  5712  5716 D dalvikvm: GC_CONCURRENT freed 2573K, 59% free 10681K/25856K, paused 7ms+5ms, total 130ms
03-17 11:01:34.490  5712  6428 D dalvikvm: WAIT_FOR_CONCURRENT_GC blocked 67ms
03-17 11:01:34.490  5712  8422 D dalvikvm: WAIT_FOR_CONCURRENT_GC blocked 52ms
03-17 11:01:36.520  5712  5716 D dalvikvm: GC_CONCURRENT freed 2576K, 59% free 10666K/25856K, paused 12ms+6ms, total 133ms
03-17 11:01:36.520  5712  6428 D dalvikvm: WAIT_FOR_CONCURRENT_GC blocked 73ms
03-17 11:01:36.520  5712  8422 D dalvikvm: WAIT_FOR_CONCURRENT_GC blocked 14ms
03-17 11:01:38.760  5712  5716 D dalvikvm: GC_CONCURRENT freed 2530K, 59% free 10696K/25856K, paused 16ms+7ms, total 142ms
03-17 11:01:38.760  5712  6428 D dalvikvm: WAIT_FOR_CONCURRENT_GC blocked 29ms
03-17 11:01:40.870  5712  5716 D dalvikvm: GC_CONCURRENT freed 2595K, 59% free 10666K/25856K, paused 7ms+6ms, total 128ms
03-17 11:01:40.870  5712  8422 D dalvikvm: WAIT_FOR_CONCURRENT_GC blocked 84ms
03-17 11:01:40.870  5712  6428 D dalvikvm: WAIT_FOR_CONCURRENT_GC blocked 85ms
03-17 11:01:43.050  5712  5716 D dalvikvm: GC_CONCURRENT freed 2502K, 59% free 10715K/25856K, paused 15ms+8ms, total 151ms
03-17 11:01:45.800  5712  5716 D dalvikvm: GC_CONCURRENT freed 2611K, 59% free 10685K/25856K, paused 9ms+12ms, total 145ms
03-17 11:01:45.800  5712  6428 D dalvikvm: WAIT_FOR_CONCURRENT_GC blocked 59ms
03-17 11:01:48.020  5712  5716 D dalvikvm: GC_CONCURRENT freed 2567K, 59% free 10697K/25856K, paused 7ms+6ms, total 98ms
03-17 11:01:50.390  5712  5716 D dalvikvm: GC_CONCURRENT freed 2496K, 59% free 10675K/25856K, paused 6ms+5ms, total 83ms
03-17 11:01:53.520  5712  5716 D dalvikvm: GC_CONCURRENT freed 2463K, 59% free 10677K/25856K, paused 7ms+4ms, total 90ms
03-17 11:01:56.700  5712  5716 D dalvikvm: GC_CONCURRENT freed 2476K, 59% free 10682K/25856K, paused 6ms+5ms, total 75ms
03-17 11:01:59.380  5712  5716 D dalvikvm: GC_CONCURRENT freed 2576K, 59% free 10671K/25856K, paused 8ms+5ms, total 79ms
03-17 11:01:59.380  5712  6428 D dalvikvm: WAIT_FOR_CONCURRENT_GC blocked 44ms
03-17 11:02:00.770  5712  5716 D dalvikvm: GC_CONCURRENT freed 2554K, 59% free 10672K/25856K, paused 8ms+5ms, total 106ms
03-17 11:02:00.770  5712  6428 D dalvikvm: WAIT_FOR_CONCURRENT_GC blocked 24ms
03-17 11:02:00.770  5712  8422 D dalvikvm: WAIT_FOR_CONCURRENT_GC blocked 19ms
03-17 11:02:02.480  5712  5716 D dalvikvm: GC_CONCURRENT freed 2547K, 59% free 10717K/25856K, paused 10ms+6ms, total 108ms
03-17 11:02:04.410  5712  5716 D dalvikvm: GC_CONCURRENT freed 2599K, 59% free 10697K/25856K, paused 7ms+7ms, total 127ms
03-17 11:02:06.830  5712  5716 D dalvikvm: GC_CONCURRENT freed 2590K, 59% free 10684K/25856K, paused 7ms+6ms, total 130ms
03-17 11:02:06.830  5712  8422 D dalvikvm: WAIT_FOR_CONCURRENT_GC blocked 31ms
03-17 11:02:09.040  5712  5716 D dalvikvm: GC_CONCURRENT freed 2550K, 59% free 10684K/25856K, paused 13ms+7ms, total 145ms
03-17 11:02:11.670  5712  5716 D dalvikvm: GC_CONCURRENT freed 2539K, 59% free 10707K/25856K, paused 10ms+6ms, total 138ms
03-17 11:02:14.140  5712  5716 D dalvikvm: GC_CONCURRENT freed 2579K, 59% free 10693K/25856K, paused 11ms+7ms, total 148ms
03-17 11:02:16.440  5712  5716 D dalvikvm: GC_CONCURRENT freed 2515K, 59% free 10706K/25856K, paused 8ms+9ms, total 118ms
03-17 11:02:18.830  5712  5716 D dalvikvm: GC_CONCURRENT freed 2603K, 59% free 10673K/25856K, paused 8ms+16ms, total 188ms
03-17 11:02:18.830  5712  6428 D dalvikvm: WAIT_FOR_CONCURRENT_GC blocked 41ms
03-17 11:02:18.830  5712  8422 D dalvikvm: WAIT_FOR_CONCURRENT_GC blocked 28ms
03-17 11:02:21.220  5712  5716 D dalvikvm: GC_CONCURRENT freed 2525K, 59% free 10703K/25856K, paused 6ms+5ms, total 148ms
03-17 11:02:23.720  5712  5716 D dalvikvm: GC_CONCURRENT freed 2584K, 59% free 10685K/25856K, paused 9ms+8ms, total 149ms
03-17 11:02:23.720  5712  6428 D dalvikvm: WAIT_FOR_CONCURRENT_GC blocked 43ms
03-17 11:02:23.720  5712  8422 D dalvikvm: WAIT_FOR_CONCURRENT_GC blocked 27ms
03-17 11:02:26.110  5712  5716 D dalvikvm: GC_CONCURRENT freed 2567K, 59% free 10679K/25856K, paused 10ms+6ms, total 136ms
03-17 11:02:26.110  5712  6428 D dalvikvm: WAIT_FOR_CONCURRENT_GC blocked 23ms
03-17 11:02:28.230  5712  5716 D dalvikvm: GC_CONCURRENT freed 2571K, 59% free 10668K/25856K, paused 10ms+5ms, total 137ms
03-17 11:02:28.230  5712  6428 D dalvikvm: WAIT_FOR_CONCURRENT_GC blocked 77ms
03-17 11:02:28.230  5712  8422 D dalvikvm: WAIT_FOR_CONCURRENT_GC blocked 80ms
03-17 11:02:30.660  5712  5716 D dalvikvm: GC_CONCURRENT freed 2541K, 59% free 10681K/25856K, paused 10ms+5ms, total 145ms
03-17 11:02:30.660  5712  6428 D dalvikvm: WAIT_FOR_CONCURRENT_GC blocked 93ms
03-17 11:02:33.630  5712  5716 D dalvikvm: GC_CONCURRENT freed 2488K, 59% free 10682K/25856K, paused 10ms+8ms, total 125ms
03-17 11:02:37.010  5712  5716 D dalvikvm: GC_CONCURRENT freed 2555K, 59% free 10686K/25856K, paused 15ms+7ms, total 156ms
03-17 11:02:37.010  5712  8422 D dalvikvm: WAIT_FOR_CONCURRENT_GC blocked 72ms
03-17 11:02:37.010  5712  6428 D dalvikvm: WAIT_FOR_CONCURRENT_GC blocked 81ms
03-17 11:02:38.590  5712  5716 D dalvikvm: GC_CONCURRENT freed 2551K, 59% free 10689K/25856K, paused 10ms+6ms, total 133ms
03-17 11:02:38.590  5712  6428 D dalvikvm: WAIT_FOR_CONCURRENT_GC blocked 21ms
03-17 11:02:40.420  5712  5716 D dalvikvm: GC_CONCURRENT freed 2568K, 59% free 10683K/25856K, paused 9ms+6ms, total 145ms
03-17 11:02:40.420  5712  6428 D dalvikvm: WAIT_FOR_CONCURRENT_GC blocked 66ms
03-17 11:02:43.100  5712  5716 D dalvikvm: GC_CONCURRENT freed 2554K, 59% free 10692K/25856K, paused 11ms+6ms, total 139ms
03-17 11:02:43.100  5712  6428 D dalvikvm: WAIT_FOR_CONCURRENT_GC blocked 14ms
03-17 11:02:45.420  5712  5716 D dalvikvm: GC_CONCURRENT freed 2507K, 59% free 10707K/25856K, paused 7ms+6ms, total 85ms
03-17 11:02:47.760  5712  5716 D dalvikvm: GC_CONCURRENT freed 2585K, 59% free 10687K/25856K, paused 8ms+8ms, total 108ms
03-17 11:02:50.420  5712  5716 D dalvikvm: GC_CONCURRENT freed 2584K, 59% free 10668K/25856K, paused 7ms+4ms, total 77ms
03-17 11:02:50.420  5712  6428 D dalvikvm: WAIT_FOR_CONCURRENT_GC blocked 35ms
03-17 11:02:50.420  5712  8422 D dalvikvm: WAIT_FOR_CONCURRENT_GC blocked 24ms
03-17 11:02:50.430  5712  6518 D dalvikvm: WAIT_FOR_CONCURRENT_GC blocked 28ms
03-17 11:02:53.030  5712  5716 D dalvikvm: GC_CONCURRENT freed 2472K, 59% free 10674K/25856K, paused 8ms+5ms, total 113ms
03-17 11:02:55.370  5712  5716 D dalvikvm: GC_CONCURRENT freed 2484K, 59% free 10686K/25856K, paused 6ms+6ms, total 96ms
03-17 11:02:57.350  5712  5716 D dalvikvm: GC_CONCURRENT freed 2580K, 59% free 10669K/25856K, paused 6ms+5ms, total 85ms
03-17 11:02:57.350  5712  8422 D dalvikvm: WAIT_FOR_CONCURRENT_GC blocked 5ms
03-17 11:02:57.350  5712  6428 D dalvikvm: WAIT_FOR_CONCURRENT_GC blocked 21ms
03-17 11:02:59.500  5712  5716 D dalvikvm: GC_CONCURRENT freed 2486K, 59% free 10698K/25856K, paused 6ms+5ms, total 100ms
03-17 11:03:01.780  5712  5716 D dalvikvm: GC_CONCURRENT freed 2518K, 59% free 10714K/25856K, paused 6ms+5ms, total 107ms
03-17 11:03:04.400  5712  5716 D dalvikvm: GC_CONCURRENT freed 2604K, 59% free 10681K/25856K, paused 27ms+8ms, total 149ms
03-17 11:03:04.400  5712  6428 D dalvikvm: WAIT_FOR_CONCURRENT_GC blocked 30ms
03-17 11:03:04.400  5712  8422 D dalvikvm: WAIT_FOR_CONCURRENT_GC blocked 29ms
03-17 11:03:06.620  5712  5716 D dalvikvm: GC_CONCURRENT freed 2554K, 59% free 10696K/25856K, paused 8ms+6ms, total 118ms
03-17 11:03:08.830  5712  5716 D dalvikvm: GC_CONCURRENT freed 2545K, 59% free 10710K/25856K, paused 10ms+11ms, total 142ms
03-17 11:03:11.560  5712  5716 D dalvikvm: GC_CONCURRENT freed 2583K, 59% free 10699K/25856K, paused 8ms+20ms, total 149ms
03-17 11:03:11.560  5712  6428 D dalvikvm: WAIT_FOR_CONCURRENT_GC blocked 20ms
03-17 11:03:11.560  5712  8422 D dalvikvm: WAIT_FOR_CONCURRENT_GC blocked 12ms
03-17 11:03:13.870  5712  5716 D dalvikvm: GC_CONCURRENT freed 2582K, 59% free 10681K/25856K, paused 12ms+6ms, total 164ms
03-17 11:03:13.870  5712  6428 D dalvikvm: WAIT_FOR_CONCURRENT_GC blocked 21ms
03-17 11:03:16.250  5712  5716 D dalvikvm: GC_CONCURRENT freed 2575K, 59% free 10669K/25856K, paused 11ms+5ms, total 167ms
03-17 11:03:16.250  5712  6428 D dalvikvm: WAIT_FOR_CONCURRENT_GC blocked 47ms
03-17 11:03:18.670  5712  5716 D dalvikvm: GC_CONCURRENT freed 2534K, 59% free 10691K/25856K, paused 9ms+6ms, total 133ms
03-17 11:03:20.910  5712  5716 D dalvikvm: GC_CONCURRENT freed 2563K, 59% free 10723K/25856K, paused 9ms+8ms, total 147ms
03-17 11:03:23.320  5712  5716 D dalvikvm: GC_CONCURRENT freed 2612K, 59% free 10686K/25856K, paused 10ms+21ms, total 168ms
03-17 11:03:23.330  5712  6518 D dalvikvm: WAIT_FOR_CONCURRENT_GC blocked 45ms
03-17 11:03:23.330  5712  6428 D dalvikvm: WAIT_FOR_CONCURRENT_GC blocked 58ms
03-17 11:03:23.330  5712  8422 D dalvikvm: WAIT_FOR_CONCURRENT_GC blocked 55ms
03-17 11:03:25.610  5712  5716 D dalvikvm: GC_CONCURRENT freed 2559K, 59% free 10692K/25856K, paused 10ms+5ms, total 123ms
03-17 11:03:28.110  5712  5716 D dalvikvm: GC_CONCURRENT freed 2508K, 59% free 10703K/25856K, paused 11ms+7ms, total 124ms
03-17 11:03:30.600  5712  5716 D dalvikvm: GC_CONCURRENT freed 2591K, 59% free 10681K/25856K, paused 9ms+8ms, total 167ms
03-17 11:03:30.600  5712  6428 D dalvikvm: WAIT_FOR_CONCURRENT_GC blocked 76ms
03-17 11:03:30.600  5712  8422 D dalvikvm: WAIT_FOR_CONCURRENT_GC blocked 41ms
03-17 11:03:33.040  5712  5716 D dalvikvm: GC_CONCURRENT freed 2510K, 59% free 10711K/25856K, paused 7ms+9ms, total 154ms
03-17 11:03:35.640  5712  5716 D dalvikvm: GC_CONCURRENT freed 2605K, 59% free 10683K/25856K, paused 11ms+8ms, total 193ms
03-17 11:03:35.640  5712  6428 D dalvikvm: WAIT_FOR_CONCURRENT_GC blocked 42ms
03-17 11:03:38.010  5712  5716 D dalvikvm: GC_CONCURRENT freed 2560K, 59% free 10685K/25856K, paused 14ms+7ms, total 168ms
03-17 11:03:38.010  5712  6428 D dalvikvm: WAIT_FOR_CONCURRENT_GC blocked 47ms
03-17 11:03:38.020  5712  8422 D dalvikvm: WAIT_FOR_CONCURRENT_GC blocked 27ms
03-17 11:03:40.800  5712  5716 D dalvikvm: GC_CONCURRENT freed 2566K, 59% free 10681K/25856K, paused 8ms+11ms, total 153ms
03-17 11:03:40.800  5712  6428 D dalvikvm: WAIT_FOR_CONCURRENT_GC blocked 44ms
03-17 11:03:42.980  5712  5716 D dalvikvm: GC_CONCURRENT freed 2512K, 59% free 10736K/25856K, paused 8ms+12ms, total 126ms
03-17 11:03:45.210  5712  5716 D dalvikvm: GC_CONCURRENT freed 2559K, 59% free 10689K/25856K, paused 7ms+7ms, total 84ms
03-17 11:03:47.560  5712  5716 D dalvikvm: GC_CONCURRENT freed 2570K, 59% free 10689K/25856K, paused 6ms+7ms, total 91ms
03-17 11:03:49.930  5712  5716 D dalvikvm: GC_CONCURRENT freed 2529K, 59% free 10681K/25856K, paused 8ms+6ms, total 90ms
03-17 11:03:52.210  5712  5716 D dalvikvm: GC_CONCURRENT freed 2490K, 59% free 10691K/25856K, paused 6ms+6ms, total 83ms
03-17 11:03:54.580  5712  5716 D dalvikvm: GC_CONCURRENT freed 2558K, 59% free 10690K/25856K, paused 5ms+6ms, total 82ms
03-17 11:03:57.090  5712  5716 D dalvikvm: GC_CONCURRENT freed 2535K, 59% free 10698K/25856K, paused 10ms+5ms, total 100ms
03-17 11:03:59.360  5712  5716 D dalvikvm: GC_CONCURRENT freed 2581K, 59% free 10684K/25856K, paused 6ms+7ms, total 113ms
03-17 11:03:59.360  5712  6428 D dalvikvm: WAIT_FOR_CONCURRENT_GC blocked 30ms
03-17 11:03:59.360  5712  8422 D dalvikvm: WAIT_FOR_CONCURRENT_GC blocked 29ms
03-17 11:04:01.710  5712  5716 D dalvikvm: GC_CONCURRENT freed 2555K, 59% free 10695K/25856K, paused 8ms+6ms, total 129ms
03-17 11:04:01.710  5712  6428 D dalvikvm: WAIT_FOR_CONCURRENT_GC blocked 27ms
03-17 11:04:03.880  5712  5716 D dalvikvm: GC_CONCURRENT freed 2539K, 59% free 10681K/25856K, paused 7ms+5ms, total 117ms
03-17 11:04:06.280  5712  5716 D dalvikvm: GC_CONCURRENT freed 2500K, 59% free 10692K/25856K, paused 7ms+6ms, total 116ms
03-17 11:04:08.660  5712  5716 D dalvikvm: GC_CONCURRENT freed 2563K, 59% free 10701K/25856K, paused 8ms+6ms, total 107ms
03-17 11:04:10.990  5712  5716 D dalvikvm: GC_CONCURRENT freed 2576K, 59% free 10694K/25856K, paused 10ms+8ms, total 142ms
03-17 11:04:10.990  5712  8422 D dalvikvm: WAIT_FOR_CONCURRENT_GC blocked 10ms
03-17 11:04:10.990  5712  6428 D dalvikvm: WAIT_FOR_CONCURRENT_GC blocked 40ms
03-17 11:04:13.360  5712  5716 D dalvikvm: GC_CONCURRENT freed 2570K, 59% free 10683K/25856K, paused 9ms+4ms, total 138ms
03-17 11:04:13.360  5712  6428 D dalvikvm: WAIT_FOR_CONCURRENT_GC blocked 24ms
03-17 11:04:16.110  5712  5716 D dalvikvm: GC_CONCURRENT freed 2562K, 59% free 10683K/25856K, paused 16ms+7ms, total 147ms
03-17 11:04:16.110  5712  8422 D dalvikvm: WAIT_FOR_CONCURRENT_GC blocked 18ms
03-17 11:04:16.110  5712  6518 D dalvikvm: WAIT_FOR_CONCURRENT_GC blocked 9ms
03-17 11:04:16.110  5712  6428 D dalvikvm: WAIT_FOR_CONCURRENT_GC blocked 29ms
03-17 11:04:18.600  5712  5716 D dalvikvm: GC_CONCURRENT freed 2557K, 59% free 10761K/25856K, paused 10ms+8ms, total 153ms
03-17 11:04:20.960  5712  5716 D dalvikvm: GC_CONCURRENT freed 2641K, 59% free 10697K/25856K, paused 14ms+9ms, total 123ms
03-17 11:04:23.260  5712  5716 D dalvikvm: GC_CONCURRENT freed 2536K, 59% free 10697K/25856K, paused 10ms+8ms, total 130ms
03-17 11:04:25.980  5712  5716 D dalvikvm: GC_CONCURRENT freed 2575K, 59% free 10689K/25856K, paused 9ms+15ms, total 149ms
03-17 11:04:25.980  5712  6518 D dalvikvm: WAIT_FOR_CONCURRENT_GC blocked 10ms
03-17 11:04:25.980  5712  8422 D dalvikvm: WAIT_FOR_CONCURRENT_GC blocked 33ms
03-17 11:04:25.990  5712  6428 D dalvikvm: WAIT_FOR_CONCURRENT_GC blocked 30ms
03-17 11:04:28.160  5712  5716 D dalvikvm: GC_CONCURRENT freed 2564K, 59% free 10688K/25856K, paused 19ms+7ms, total 131ms
03-17 11:04:28.160  5712  6428 D dalvikvm: WAIT_FOR_CONCURRENT_GC blocked 72ms
03-17 11:04:30.390  5712  5716 D dalvikvm: GC_CONCURRENT freed 2569K, 59% free 10682K/25856K, paused 9ms+5ms, total 148ms
03-17 11:04:30.390  5712  6428 D dalvikvm: WAIT_FOR_CONCURRENT_GC blocked 71ms
03-17 11:04:30.390  5712  8422 D dalvikvm: WAIT_FOR_CONCURRENT_GC blocked 67ms
03-17 11:04:33.040  5712  5716 D dalvikvm: GC_CONCURRENT freed 2569K, 59% free 10678K/25856K, paused 14ms+7ms, total 143ms
03-17 11:04:33.040  5712  6428 D dalvikvm: WAIT_FOR_CONCURRENT_GC blocked 32ms
03-17 11:04:35.630  5712  5716 D dalvikvm: GC_CONCURRENT freed 2565K, 59% free 10671K/25856K, paused 9ms+6ms, total 134ms
03-17 11:04:35.630  5712  6428 D dalvikvm: WAIT_FOR_CONCURRENT_GC blocked 55ms
03-17 11:04:35.630  5712  8422 D dalvikvm: WAIT_FOR_CONCURRENT_GC blocked 29ms
03-17 11:04:38.300  5712  5716 D dalvikvm: GC_CONCURRENT freed 2514K, 59% free 10685K/25856K, paused 8ms+6ms, total 130ms
03-17 11:04:40.650  5712  5716 D dalvikvm: GC_CONCURRENT freed 2546K, 59% free 10704K/25856K, paused 9ms+6ms, total 118ms
03-17 11:04:43.000  5712  5716 D dalvikvm: GC_CONCURRENT freed 2520K, 59% free 10699K/25856K, paused 6ms+7ms, total 88ms
03-17 11:04:45.550  5712  5716 D dalvikvm: GC_CONCURRENT freed 2515K, 59% free 10681K/25856K, paused 6ms+5ms, total 81ms
03-17 11:04:47.760  5712  5716 D dalvikvm: GC_CONCURRENT freed 2512K, 59% free 10676K/25856K, paused 4ms+7ms, total 77ms
03-17 11:04:51.910  5712  5716 D dalvikvm: GC_CONCURRENT freed 2478K, 59% free 10690K/25856K, paused 7ms+6ms, total 105ms
03-17 11:04:57.050  5712  5716 D dalvikvm: GC_CONCURRENT freed 2514K, 59% free 10684K/25856K, paused 8ms+7ms, total 152ms
03-17 11:05:02.130  5712  5716 D dalvikvm: GC_CONCURRENT freed 2484K, 59% free 10683K/25856K, paused 8ms+8ms, total 109ms
03-17 11:05:07.220  5712  5716 D dalvikvm: GC_CONCURRENT freed 2494K, 59% free 10679K/25856K, paused 9ms+5ms, total 120ms
03-17 11:05:12.330  5712  5716 D dalvikvm: GC_CONCURRENT freed 2470K, 59% free 10691K/25856K, paused 8ms+8ms, total 120ms
03-17 11:05:19.850  5712  5716 D dalvikvm: GC_CONCURRENT freed 2567K, 59% free 10688K/25856K, paused 97ms+6ms, total 717ms
03-17 11:05:19.850  5712  8422 D dalvikvm: WAIT_FOR_CONCURRENT_GC blocked 369ms
03-17 11:05:19.850  5712  6428 D dalvikvm: WAIT_FOR_CONCURRENT_GC blocked 338ms
03-17 11:05:19.850  5712  6518 D dalvikvm: WAIT_FOR_CONCURRENT_GC blocked 336ms
03-17 11:05:25.260  5712  5716 D dalvikvm: GC_CONCURRENT freed 2581K, 59% free 10671K/25856K, paused 7ms+7ms, total 363ms
03-17 11:05:25.260  5712  6518 D dalvikvm: WAIT_FOR_CONCURRENT_GC blocked 108ms
03-17 11:05:25.260  5712  8422 D dalvikvm: WAIT_FOR_CONCURRENT_GC blocked 137ms
03-17 11:05:25.260  5712  6428 D dalvikvm: WAIT_FOR_CONCURRENT_GC blocked 126ms
03-17 11:05:29.350  5712  5716 D dalvikvm: GC_CONCURRENT freed 2372K, 59% free 10781K/25856K, paused 9ms+7ms, total 113ms
03-17 11:05:34.550  5712  5716 D dalvikvm: GC_CONCURRENT freed 2541K, 59% free 10792K/25856K, paused 15ms+8ms, total 142ms
03-17 11:05:38.890  5712  5712 I HUREV   : [1] p.onReceive | USB Intent: Intent { act=android.hardware.usb.action.USB_DEVICE_DETACHED flg=0x10 (has extras) }
03-17 11:05:38.890  5712  5712 I HUREV   : [1] p.onReceive | USB Intent: Intent { act=android.hardware.usb.action.USB_DEVICE_DETACHED flg=0x10 (has extras) }
03-17 11:05:39.040  5712  5712 I HUREV   : [1] AapProjectionActivity.M | Hiding reconnecting overlay — frames resumed
03-17 11:05:39.190  5712  6410 I HUREV   : [177] s0.o | AapTransport quitting (clean=false)
03-17 11:05:39.240  5712  5712 I HUREV   : [1] AapProjectionActivity.onPause | AapProjectionActivity: onPause
03-17 11:05:39.290  5712  5712 I HUREV   : [1] AapService.K | WifiLock released
03-17 11:05:39.370  5712  6529 I HUREV   : [183] a0.l | Output thread stopped
03-17 11:05:39.390  5712  6428 W MessageQueue: Handler (android.os.Handler) {4382b488} sending message to a Handler on a dead thread
03-17 11:05:39.390  5712  6428 W MessageQueue: java.lang.RuntimeException: Handler (android.os.Handler) {4382b488} sending message to a Handler on a dead thread
03-17 11:05:39.390  5712  6428 W MessageQueue: 	at android.os.MessageQueue.enqueueMessage(MessageQueue.java:309)
03-17 11:05:39.390  5712  6428 W MessageQueue: 	at android.os.Handler.enqueueMessage(Handler.java:623)
03-17 11:05:39.390  5712  6428 W MessageQueue: 	at android.os.Handler.sendMessageAtTime(Handler.java:592)
03-17 11:05:39.390  5712  6428 W MessageQueue: 	at android.os.Handler.sendMessageDelayed(Handler.java:563)
03-17 11:05:39.390  5712  6428 W MessageQueue: 	at android.os.Handler.sendEmptyMessageDelayed(Handler.java:527)
03-17 11:05:39.390  5712  6428 W MessageQueue: 	at android.os.Handler.sendEmptyMessage(Handler.java:512)
03-17 11:05:39.390  5712  6428 W MessageQueue: 	at t0.s0.n(r8-map-id-8722f06efe6fab086a70200d597343236d3225d15181a7b075b269dcf50b7ff7:36)
03-17 11:05:39.390  5712  6428 W MessageQueue: 	at t0.s0.c(r8-map-id-8722f06efe6fab086a70200d597343236d3225d15181a7b075b269dcf50b7ff7:1)
03-17 11:05:39.390  5712  6428 W MessageQueue: 	at t0.q0.handleMessage(r8-map-id-8722f06efe6fab086a70200d597343236d3225d15181a7b075b269dcf50b7ff7:3)
03-17 11:05:39.390  5712  6428 W MessageQueue: 	at android.os.Handler.dispatchMessage(Handler.java:95)
03-17 11:05:39.390  5712  6428 W MessageQueue: 	at android.os.Looper.loop(Looper.java:137)
03-17 11:05:39.390  5712  6428 W MessageQueue: 	at android.os.HandlerThread.run(HandlerThread.java:61)
03-17 11:05:39.390  5712  6410 D UsbDeviceConnectionJNI: close
03-17 11:05:39.390  5712  6410 I HUREV   : [177] m.b | Google 18D1:2D00 - UsbDevice[mName=/dev/bus/usb/002/005,mVendorId=6353,mProductId=11520,mClass=0,mSubclass=0,mProtocol=0,mInterfaces=[Landroid.os.Parcelable;@43937868]
03-17 11:05:39.390  5712  6410 E UsbDeviceConnectionJNI: device is closed in native_release_interface
03-17 11:05:39.390  5712  6410 I HUREV   : [177] m.b | OK releaseInterface()
03-17 11:05:39.440  5712 14186 I HUREV   : [23534] a0.s | Decoder stopped: AapService::onDisconnect
03-17 11:05:39.550  5712  5716 D dalvikvm: GC_CONCURRENT freed 3785K, 63% free 9607K/25856K, paused 10ms+8ms, total 88ms
03-17 11:05:39.550  5712  8422 D dalvikvm: WAIT_FOR_CONCURRENT_GC blocked 28ms
03-17 11:05:39.550  5712  5712 D dalvikvm: WAIT_FOR_CONCURRENT_GC blocked 33ms
03-17 11:05:39.680  5712  5712 I HUREV   : [1] AapProjectionActivity.onCreate | HeadUnit for Android Auto (tm) - Copyright 2011-2015 Michael A. Reid., since 2025 André Rinas All Rights Reserved...
03-17 11:05:39.690  5712  5712 I HUREV   : [1] AapProjectionActivity.onCreate | Using TextureView
03-17 11:05:39.690  5712  5712 I HUREV   : [1] g.p | CarScreen: usable width: 1920 height: 720 (Raw: 1920x720, Insets: L0 T0 R0 B0)
03-17 11:05:39.690  5712  5712 I HUREV   : [1] g.p | CarScreen isSmallScreen: true, scaleFactor: 1.0
03-17 11:05:39.690  5712  5712 I HUREV   : [1] g.p | CarScreen using: _1920x1080, number: 3, scales: scaleX: 1.0, scaleY: 1.5
03-17 11:05:39.690  5712  5712 D zjy     : view visibility = 7
03-17 11:05:39.710  5712  5712 I HUREV   : [1] AapProjectionActivity.M | Hiding reconnecting overlay — frames resumed
03-17 11:05:39.790  5712  5712 D zjy     : view visibility = 7
03-17 11:05:39.890  5712  5712 D zjy     : view visibility = 7
03-17 11:05:39.980  5712  5712 I HUREV   : [1] AapProjectionActivity.onDestroy | AapProjectionActivity.onDestroy called. isFinishing=true
03-17 11:05:40.410  5712  8422 D AudioTrack: AudioTrack::stop 0x40029410,mStreamType=3
03-17 11:05:41.710  5712  8422 D AudioTrack: AudioTrack::stop 0x40029410,mStreamType=3
03-17 11:05:41.710  5712  8422 D AudioTrack: AudioTrack::stop 0x40029410,mStreamType=3
03-17 11:05:41.710  5712  8422 D AudioTrack: AudioTrack::stop 0x40029410,mStreamType=3
03-17 11:05:41.710  5712  8422 I HUREV   : [2315] s.run | AudioTrackWrapper thread finished.
03-17 11:05:45.460  5712  6478 D AudioManager: dispatchAudioFocusChange [android.media.AudioManager@4396e758t0.o@43971cf0], hint = -2
03-17 11:05:45.460  5712  5712 D AudioManager: Begin listener.onAudioFocusChange  [android.media.AudioManager@4396e758t0.o@43971cf0], hint = -2
03-17 11:05:45.480  5712  5712 I HUREV   : [1] p.d | Audio Focus async change: STATE_GAIN, system focus change: -2 AUDIOFOCUS_LOSS_TRANSIENT
03-17 11:05:45.480  5712  5712 I HUREV   : [1] p.d | CONTROL Audio Focus Notification type: 19 flags: 11 size: 8 dataOffset: 6
03-17 11:05:45.480  5712  5712 I HUREV   : [1] s0.r | Cannot send message, handler is null (quitting?)
03-17 11:05:45.480  5712  5712 D AudioManager: End listener.onAudioFocusChange [android.media.AudioManager@4396e758t0.o@43971cf0], hint = -2
03-17 11:05:49.710  5712  5712 D zjy     : view visibility = 7
