--------- beginning of /dev/log/main
03-17 18:18:13.290  9010  9452 W HUREV   : [274] m.e | USB read errors (10) for 2s — waiting for recovery...
03-17 18:18:13.790  9010  9010 W HUREV   : [1] l.run | Watchdog: No video received. Requesting Keyframe (Unsolicited Focus)...
03-17 18:18:13.840  9010  9452 I HUREV   : [274] m.e | USB reads recovered after 11 errors
03-17 18:18:13.840  9010  9452 W HUREV   : [274] u0.a | AapVideo: Dropped Flag 11 packet. len=6, buf[10]=?
03-17 18:18:13.840  9010  9452 I HUREV   : [274] l.d | Media Start Request VIDEO: session=0, config_index=0
03-17 18:18:14.000  9010  9452 I HUREV   : [274] m.e | USB reads recovered after 1 errors
03-17 18:18:14.010  9010  9452 I HUREV   : [274] z.c | H.264/AVC config detected in frame (38 bytes)
03-17 18:18:14.010  9010  9452 I HUREV   : [274] z.m | SPS parsed: 1920x1080
03-17 18:18:14.010  9010  9452 I HUREV   : [274] AapProjectionActivity.a | [AapProjectionActivity] Received video dimensions: 1920x1080
03-17 18:18:14.010  9010  9010 I HUREV   : [1] i.a | TextureProjectionView
03-17 18:18:14.010  9010  9010 I HUREV   : [1] h.a | ProjectionViewScaler: Dimensions: Video: 1920x1080, Content: 1920x640, View: 1920x720
03-17 18:18:14.010  9010  9010 I HUREV   : [1] h.a | ProjectionViewScaler: Scale updated for view i. scaleX: 1.0, scaleY: 1.5
03-17 18:18:14.030  9010  9501 I OMXClient: Using client-side OMX mux.
03-17 18:18:14.050  9010  9452 I HUREV   : [274] z.r | Configuring decoder: OMX.Freescale.std.video_decoder.avc.v3.hw-based with surface
03-17 18:18:14.050  9010  9501 I ACodec  : Send reorder config(0) to VPU
03-17 18:18:14.490  9010  9452 I HUREV   : [274] z.r | Codec initialized: OMX.Freescale.std.video_decoder.avc.v3.hw-based for stream 1920x1080
03-17 18:18:14.490  9010  9507 I HUREV   : [275] z.l | Output thread started
03-17 18:18:14.590  9010  9452 D dalvikvm: GC_FOR_ALLOC freed 720K, 55% free 8833K/19452K, paused 56ms, total 56ms
03-17 18:18:14.640  9010  9507 I HUREV   : [275] z.j | Output Format Changed: {height=1088, what=1869968451, color-format=19, slice-height=0, crop-left=0, width=1920, crop-bottom=1079, crop-top=0, mime=video/raw, stride=1920, crop-right=1919}
03-17 18:18:14.640  9010  9507 I HUREV   : [275] z.j | Video dimensions changed via format: 1920x1088
03-17 18:18:14.640  9010  9507 I HUREV   : [275] AapProjectionActivity.a | [AapProjectionActivity] Received video dimensions: 1920x1088
03-17 18:18:14.640  9010  9501 E ACodec  : dequeueBuffer failed.
03-17 18:18:14.640  9010  9010 I HUREV   : [1] i.a | TextureProjectionView
03-17 18:18:14.640  9010  9010 I HUREV   : [1] h.a | ProjectionViewScaler: Dimensions: Video: 1920x1088, Content: 1920x640, View: 1920x720
03-17 18:18:14.640  9010  9010 I HUREV   : [1] h.a | ProjectionViewScaler: Scale updated for view i. scaleX: 1.0, scaleY: 1.5
03-17 18:18:14.650  9010  9501 E ACodec  : dequeueBuffer failed.
03-17 18:18:15.390  9010  9452 I HUREV   : [274] m.e | USB reads recovered after 1 errors
03-17 18:18:15.590  9010  9452 I HUREV   : [274] m.e | USB reads recovered after 1 errors
03-17 18:18:15.770  9010  9452 D dalvikvm: GC_FOR_ALLOC freed 821K, 56% free 9012K/20220K, paused 45ms, total 45ms
03-17 18:18:16.000  9010  9452 I HUREV   : [274] m.e | USB reads recovered after 1 errors
03-17 18:18:16.390  9010  9452 I HUREV   : [274] m.e | USB reads recovered after 2 errors
03-17 18:18:16.580  9010  9452 I HUREV   : [274] m.e | USB reads recovered after 1 errors
03-17 18:18:16.990  9010  9452 I HUREV   : [274] m.e | USB reads recovered after 1 errors
03-17 18:18:17.170  9010  9452 I HUREV   : [274] m.e | USB reads recovered after 1 errors
03-17 18:18:18.520  9010  9452 W HUREV   : [274] m.e | USB read errors (10) for 1s — waiting for recovery...
03-17 18:18:20.850  9010  9452 W HUREV   : [274] m.e | USB read errors (20) for 3s — waiting for recovery...
03-17 18:18:23.180  9010  9452 W HUREV   : [274] m.e | USB read errors (30) for 5s — waiting for recovery...
03-17 18:18:25.510  9010  9452 W HUREV   : [274] m.e | USB read errors (40) for 8s — waiting for recovery...
03-17 18:18:27.800  9010  9010 I HUREV   : [1] AapProjectionActivity.V | Showing reconnecting overlay
03-17 18:18:27.850  9010  9452 W HUREV   : [274] m.e | USB read errors (50) for 10s — waiting for recovery...
03-17 18:18:30.180  9010  9452 W HUREV   : [274] m.e | USB read errors (60) for 12s — waiting for recovery...
03-17 18:18:32.570  9010  9452 W HUREV   : [274] m.e | USB read errors (70) for 15s — waiting for recovery...
03-17 18:18:34.920  9010  9452 W HUREV   : [274] m.e | USB read errors (80) for 17s — waiting for recovery...
03-17 18:18:37.260  9010  9452 W HUREV   : [274] m.e | USB read errors (90) for 20s — waiting for recovery...
03-17 18:18:37.570  9010  9010 I HUREV   : [1] AapProjectionActivity.M | Hiding reconnecting overlay — frames resumed
03-17 18:18:37.580  9010  9440 I HUREV   : [268] t0.G | AapTransport stopping and sending byebye
03-17 18:18:37.590  9010  9010 I HUREV   : [1] AapProjectionActivity.onPause | AapProjectionActivity: onPause
03-17 18:18:37.610  9010  9010 I HUREV   : [1] AapService.K | WifiLock released
03-17 18:18:37.630  9010  9507 I HUREV   : [275] z.l | Output thread stopped
03-17 18:18:37.640  9010  9442 I HUREV   : [270] z.t | Decoder stopped: AapService::onDisconnect
03-17 18:18:37.660  9010  9010 D zjy     : view visibility = 7
03-17 18:18:37.730  9010  9010 D zjy     : view visibility = 7
03-17 18:18:37.730  9010  9440 I HUREV   : [268] t0.o | AapTransport quitting (clean=false)
03-17 18:18:37.920  9010  9452 W MessageQueue: Handler (android.os.Handler) {424a0360} sending message to a Handler on a dead thread
03-17 18:18:37.920  9010  9452 W MessageQueue: java.lang.RuntimeException: Handler (android.os.Handler) {424a0360} sending message to a Handler on a dead thread
03-17 18:18:37.920  9010  9452 W MessageQueue: 	at android.os.MessageQueue.enqueueMessage(MessageQueue.java:309)
03-17 18:18:37.920  9010  9452 W MessageQueue: 	at android.os.Handler.enqueueMessage(Handler.java:623)
03-17 18:18:37.920  9010  9452 W MessageQueue: 	at android.os.Handler.sendMessageAtTime(Handler.java:592)
03-17 18:18:37.920  9010  9452 W MessageQueue: 	at android.os.Handler.sendMessageDelayed(Handler.java:563)
03-17 18:18:37.920  9010  9452 W MessageQueue: 	at android.os.Handler.sendEmptyMessageDelayed(Handler.java:527)
03-17 18:18:37.920  9010  9452 W MessageQueue: 	at android.os.Handler.sendEmptyMessage(Handler.java:512)
03-17 18:18:37.920  9010  9452 W MessageQueue: 	at t0.t0.n(r8-map-id-f1537b069f239da04e78454013a0eb60e949cb54a227911edc102ef5973c8398:36)
03-17 18:18:37.920  9010  9452 W MessageQueue: 	at t0.t0.c(r8-map-id-f1537b069f239da04e78454013a0eb60e949cb54a227911edc102ef5973c8398:1)
03-17 18:18:37.920  9010  9452 W MessageQueue: 	at t0.r0.handleMessage(r8-map-id-f1537b069f239da04e78454013a0eb60e949cb54a227911edc102ef5973c8398:3)
03-17 18:18:37.920  9010  9452 W MessageQueue: 	at android.os.Handler.dispatchMessage(Handler.java:95)
03-17 18:18:37.920  9010  9452 W MessageQueue: 	at android.os.Looper.loop(Looper.java:137)
03-17 18:18:37.920  9010  9452 W MessageQueue: 	at android.os.HandlerThread.run(HandlerThread.java:61)
03-17 18:18:37.920  9010  9440 D UsbDeviceConnectionJNI: close
03-17 18:18:37.930  9010  9440 I HUREV   : [268] m.b | Google 18D1:2D00 - UsbDevice[mName=/dev/bus/usb/002/005,mVendorId=6353,mProductId=11520,mClass=0,mSubclass=0,mProtocol=0,mInterfaces=[Landroid.os.Parcelable;@426f5a70]
03-17 18:18:37.930  9010  9440 E UsbDeviceConnectionJNI: device is closed in native_release_interface
03-17 18:18:37.930  9010  9440 I HUREV   : [268] m.b | OK releaseInterface()
03-17 18:18:38.160  9010  9010 I HUREV   : [1] AapProjectionActivity.onDestroy | AapProjectionActivity.onDestroy called. isFinishing=true
03-17 18:18:38.170  9010  9010 I HUREV   : [1] i.onSurfaceTextureDestroyed | TextureProjectionView: Surface destroyed
03-17 18:18:38.170  9010  9010 I HUREV   : [1] AapProjectionActivity.c | SurfaceCallback: onSurfaceDestroyed. Surface: Surface(name=android.graphics.SurfaceTexture@426397d0)
03-17 18:18:38.170  9010  9010 I HUREV   : [1] z.t | Decoder stopped: surfaceDestroyed
03-17 18:18:40.850  9010  9010 I HUREV   : [1] AapService.u | Found device already in accessory mode: Google 18D1:2D00
03-17 18:18:40.860  9010  9440 I HUREV   : [268] m.l | Established connection: android.hardware.usb.UsbDeviceConnection@427acc60
03-17 18:18:40.860  9010  9440 I HUREV   : [268] m.l | interfaceCount: 1
03-17 18:18:40.860  9010  9440 I HUREV   : [268] m.j | Check accessory endpoints
03-17 18:18:40.860  9010  9440 I HUREV   : [268] m.j | Connected have EPs
03-17 18:18:40.880  9010  9010 I HUREV   : [1] AapService.t | WifiLock acquired (HIGH_PERF)
03-17 18:18:40.920  9010  9440 I HUREV   : [268] t0.<init> | Using Java SSL implementation
03-17 18:18:40.980  9010  9440 D dalvikvm: GC_FOR_ALLOC freed 3670K, 67% free 6723K/20220K, paused 64ms, total 64ms
03-17 18:18:40.990  9010  9440 I HUREV   : [268] t0.B | Start Aap transport handshake for w0.m@427aca10
03-17 18:18:41.090  9010  9014 D dalvikvm: GC_CONCURRENT freed 221K, 62% free 7744K/20220K, paused 4ms+7ms, total 61ms
03-17 18:18:41.090  9010  9010 D dalvikvm: WAIT_FOR_CONCURRENT_GC blocked 30ms
03-17 18:18:41.150  9010  9010 I HUREV   : [1] AapProjectionActivity.onCreate | HeadUnit for Android Auto (tm) - Copyright 2011-2015 Michael A. Reid., since 2025 André Rinas All Rights Reserved...
03-17 18:18:41.150  9010  9010 I HUREV   : [1] AapProjectionActivity.onCreate | Using TextureView
03-17 18:18:41.160  9010  9010 I HUREV   : [1] i.p | CarScreen: usable width: 1920 height: 720 (Raw: 1920x720, Insets: L0 T0 R0 B0)
03-17 18:18:41.160  9010  9010 I HUREV   : [1] i.p | CarScreen isSmallScreen: true, scaleFactor: 1.0
03-17 18:18:41.160  9010  9010 I HUREV   : [1] i.p | CarScreen using: _1920x1080, number: 3, scales: scaleX: 1.0, scaleY: 1.5
03-17 18:18:41.160  9010  9010 D zjy     : view visibility = 7
03-17 18:18:41.160  9010  9010 I HUREV   : [1] AapProjectionActivity.onResume | AapProjectionActivity: onResume
03-17 18:18:41.170  9010  9010 D zjy     : view visibility = 7
03-17 18:18:41.330  9010  9010 D zjy     : view visibility = 7
03-17 18:18:41.350  9010  9010 I HUREV   : [1] i.onSurfaceTextureAvailable | TextureProjectionView: Surface available: 1920x720
03-17 18:18:41.350  9010  9010 I HUREV   : [1] AapProjectionActivity.d | [AapProjectionActivity] onSurfaceCreated
03-17 18:18:41.360  9010  9010 I HUREV   : [1] AapProjectionActivity.b | [AapProjectionActivity] onSurfaceChanged. Actual surface dimensions: width=1920, height=720
03-17 18:18:41.360  9010  9010 I HUREV   : [1] z.q | New surface set: Surface(name=android.graphics.SurfaceTexture@4270a838)
03-17 18:18:41.360  9010  9010 I HUREV   : [1] AapProjectionActivity.b | [AapProjectionActivity] Decoder already has dimensions: 1920x1088. Applying to view.
03-17 18:18:41.360  9010  9010 I HUREV   : [1] i.a | TextureProjectionView
03-17 18:18:41.370  9010  9010 I HUREV   : [1] i.p | CarScreen: usable width: 1920 height: 720 (Raw: 1920x720, Insets: L0 T0 R0 B0)
03-17 18:18:41.370  9010  9010 I HUREV   : [1] i.p | CarScreen isSmallScreen: true, scaleFactor: 1.0
03-17 18:18:41.370  9010  9010 I HUREV   : [1] i.p | CarScreen using: _1920x1080, number: 3, scales: scaleX: 1.0, scaleY: 1.5
03-17 18:18:41.380  9010  9010 I HUREV   : [1] h.a | ProjectionViewScaler: Dimensions: Video: 1920x1088, Content: 1920x640, View: 1920x720
03-17 18:18:41.380  9010  9010 I HUREV   : [1] h.a | ProjectionViewScaler: Scale updated for view i. scaleX: 1.0, scaleY: 1.5
03-17 18:18:41.380  9010  9010 I HUREV   : [1] h.a | ProjectionViewScaler: Dimensions: Video: 1920x1088, Content: 1920x640, View: 1920x720
03-17 18:18:41.390  9010  9010 I HUREV   : [1] h.a | ProjectionViewScaler: Scale updated for view i. scaleX: 1.0, scaleY: 1.5
03-17 18:18:41.570  9010  9440 W HUREV   : [268] t0.l | Handshake: Version request send failed (ret=-1), attempt 1
03-17 18:18:41.810  9010  9440 W HUREV   : [268] t0.l | Handshake: Version request send failed (ret=-1), attempt 2
03-17 18:18:42.040  9010  9440 W HUREV   : [268] t0.l | Handshake: Version request send failed (ret=-1), attempt 3
03-17 18:18:42.240  9010  9440 E HUREV   : [268] t0.l | Handshake: Version request/response failed after 3 attempt(s). last ret: -1
03-17 18:18:42.240  9010  9440 I HUREV   : [268] t0.o | AapTransport quitting (clean=false)
03-17 18:18:42.250  9010  9441 I HUREV   : [269] t0.o | AapTransport quitting (clean=false)
03-17 18:18:42.250  9010  9441 D UsbDeviceConnectionJNI: close
03-17 18:18:42.250  9010  9441 I HUREV   : [269] m.b | Google 18D1:2D00 - UsbDevice[mName=/dev/bus/usb/002/005,mVendorId=6353,mProductId=11520,mClass=0,mSubclass=0,mProtocol=0,mInterfaces=[Landroid.os.Parcelable;@42631e90]
03-17 18:18:42.250  9010  9441 E UsbDeviceConnectionJNI: device is closed in native_release_interface
03-17 18:18:42.250  9010  9441 I HUREV   : [269] m.b | OK releaseInterface()
03-17 18:18:42.260  9010  9440 E HUREV   : [268] t0.B | Handshake failed
03-17 18:18:42.280  9010  9010 I HUREV   : [1] AapProjectionActivity.M | Hiding reconnecting overlay — frames resumed
03-17 18:18:42.290  9010  9010 I HUREV   : [1] AapService.K | WifiLock released
03-17 18:18:42.300  9010  9440 I HUREV   : [268] z.t | Decoder stopped: AapService::onDisconnect
03-17 18:18:42.310  9010  9010 I HUREV   : [1] AapProjectionActivity.onPause | AapProjectionActivity: onPause
03-17 18:18:42.330  9010  9010 D zjy     : view visibility = 7
03-17 18:18:42.370  9010  9010 D zjy     : view visibility = 7
03-17 18:18:42.790  9010  9010 I HUREV   : [1] AapProjectionActivity.onDestroy | AapProjectionActivity.onDestroy called. isFinishing=true
03-17 18:18:42.790  9010  9010 I HUREV   : [1] i.onSurfaceTextureDestroyed | TextureProjectionView: Surface destroyed
03-17 18:18:42.790  9010  9010 I HUREV   : [1] AapProjectionActivity.c | SurfaceCallback: onSurfaceDestroyed. Surface: Surface(name=android.graphics.SurfaceTexture@4270a838)
03-17 18:18:42.790  9010  9010 I HUREV   : [1] z.t | Decoder stopped: surfaceDestroyed
03-17 18:19:22.600  9010  9010 I HUREV   : [1] MainActivity.handleIntent | MainActivity received intent: null, data: null
03-17 18:19:22.670  9010  9010 D zjy     : view visibility = 7
03-17 18:19:22.840  9010  9010 D zjy     : view visibility = 7
03-17 18:19:27.310  9010  9014 D dalvikvm: GC_CONCURRENT freed 2364K, 66% free 6964K/20216K, paused 6ms+11ms, total 79ms
03-17 18:19:27.310  9010  9010 D dalvikvm: WAIT_FOR_CONCURRENT_GC blocked 34ms
03-17 18:19:27.360  9010  9010 I HUREV   : [1] HomeFragment.onResume | HomeFragment: onResume. isConnected=false
03-17 18:19:29.980  9010  9010 D zjy     : view visibility = 7
03-17 18:19:31.200  9010  9010 I HUREV   : [1] AapService.onStartCommand | Stop action received.
03-17 18:19:31.240  9010  9010 I HUREV   : [1] AapService.onDestroy | AapService destroying...
03-17 18:19:31.380  9010  9010 W IInputConnectionWrapper: showStatusIcon on inactive InputConnection
03-17 18:19:32.270  9010  9010 I HUREV   : [1] MainActivity.onDestroy | MainActivity finishing, resetting auto-start flag.
03-17 18:19:34.080  9010  9010 D dalvikvm: GC_FOR_ALLOC freed 805K, 68% free 6620K/20200K, paused 116ms, total 122ms
03-17 18:19:34.600  9010  9014 D dalvikvm: GC_CONCURRENT freed 620K, 65% free 7209K/20200K, paused 32ms+15ms, total 308ms
03-17 18:19:34.600  9010  9010 D dalvikvm: WAIT_FOR_CONCURRENT_GC blocked 58ms
03-17 18:19:34.700  9010  9010 D zjy     : view visibility = 7
03-17 18:19:34.720  9010  9010 I HUREV   : [1] MainActivity.handleIntent | MainActivity received intent: null, data: null
03-17 18:19:35.090  9010  9010 D zjy     : view visibility = 7
03-17 18:19:35.110  9010  9010 I HUREV   : [1] HomeFragment.onResume | HomeFragment: onResume. isConnected=false
03-17 18:19:35.150  9010  9010 I HUREV   : [1] AapService.onCreate | AapService creating...
03-17 18:19:35.190  9010  9010 I HUREV   : [1] v.invoke | NightMode update: true
03-17 18:19:35.460  9010  9010 I HUREV   : [1] AapService.J | Registered runtime MEDIA_BUTTON receiver
03-17 18:19:35.480  9010  9010 D AudioManager: getStreamVolume=3,index=8
03-17 18:19:35.870  9010  9010 I HUREV   : [1] AapService.onCreate | Auto-started continuous log capture
03-17 18:19:36.400  9010  9010 I HUREV   : [1] AapService.onCreate | Auto-started continuous log capture
03-17 18:19:36.440  9010  9010 I Choreographer: Skipped 72 frames!  The application may be doing too much work on its main thread.
03-17 18:19:37.460  9010  9016 I dalvikvm: Jit: resizing JitTable from 4096 to 8192
03-17 18:19:37.520  9010  9010 I Choreographer: Skipped 57 frames!  The application may be doing too much work on its main thread.
03-17 18:19:39.420  9010  9010 D zjy     : view visibility = 7
03-17 18:19:41.860  9010  9014 D dalvikvm: GC_CONCURRENT freed 2024K, 66% free 6568K/19068K, paused 5ms+5ms, total 69ms
03-17 18:19:51.190  9010  9010 I HUREV   : [1] MainActivity.handleIntent | MainActivity received intent: null, data: null
03-17 18:19:51.210  9010  9010 D zjy     : view visibility = 7
03-17 18:19:51.260  9010  9010 D zjy     : view visibility = 7
03-17 18:19:55.420  9010  9010 I HUREV   : [1] HomeFragment.onResume | HomeFragment: onResume. isConnected=false
03-17 18:19:56.820  9010  9010 D zjy     : view visibility = 7
03-17 18:19:56.850  9010  9014 D dalvikvm: GC_CONCURRENT freed 768K, 64% free 6990K/19068K, paused 6ms+10ms, total 71ms
03-17 18:19:56.850  9010  9010 D dalvikvm: WAIT_FOR_CONCURRENT_GC blocked 27ms
03-17 18:19:57.380  9010  9014 D dalvikvm: GC_CONCURRENT freed 1489K, 65% free 6833K/19068K, paused 6ms+6ms, total 85ms
03-17 18:19:57.380  9010  9010 D dalvikvm: WAIT_FOR_CONCURRENT_GC blocked 23ms
03-17 18:19:57.810  9010  9010 D zjy     : view visibility = 7
03-17 18:20:03.210  9010  9014 D dalvikvm: GC_CONCURRENT freed 818K, 63% free 7186K/19068K, paused 7ms+11ms, total 125ms
03-17 18:20:13.790  9010  9014 D dalvikvm: GC_CONCURRENT freed 770K, 60% free 7771K/19068K, paused 6ms+6ms, total 79ms
03-17 18:20:19.240  9010  9010 D zjy     : view visibility = 7
03-17 18:20:38.460  9010  9010 D zjy     : view visibility = 7
03-17 18:20:45.160  9010  9014 D dalvikvm: GC_CONCURRENT freed 1285K, 58% free 8079K/19068K, paused 6ms+9ms, total 89ms
03-17 18:20:45.160  9010  9443 D dalvikvm: WAIT_FOR_CONCURRENT_GC blocked 25ms
03-17 18:20:45.160  9010  9010 D dalvikvm: WAIT_FOR_CONCURRENT_GC blocked 22ms
03-17 18:20:45.240  9010  9010 D zjy     : view visibility = 7
03-17 18:20:45.260  9010  9010 D AlfusResources: cookie name=/data/app/com.andrerinas.headunitrevived-1.apk
03-17 18:20:45.280  9010  9010 D AlfusResources: cookie name=/system/framework/framework-res.apk
03-17 18:20:45.500  9010  9010 I HUREV   : [1] g.onReceive | Received request to resend night mode state
03-17 18:20:45.500  9010  9010 I HUREV   : [1] v.invoke | NightMode update: true
03-17 18:20:45.730  9010  9014 D dalvikvm: GC_CONCURRENT freed 1952K, 60% free 7822K/19276K, paused 6ms+8ms, total 81ms
03-17 18:20:45.740  9010  9010 D dalvikvm: WAIT_FOR_CONCURRENT_GC blocked 45ms
03-17 18:20:45.940  9010  9010 D zjy     : view visibility = 7
03-17 18:20:49.730  9010  9010 D zjy     : view visibility = 7
03-17 18:20:49.730  9010  9010 I HUREV   : [1] HomeFragment.onResume | HomeFragment: onResume. isConnected=false
03-17 18:20:49.890  9010  9010 D dalvikvm: GC_FOR_ALLOC freed 515K, 59% free 7970K/19276K, paused 69ms, total 69ms
03-17 18:20:49.890  9010  9010 I dalvikvm-heap: Grow heap (frag case) to 18.060MB for 1048592-byte allocation
03-17 18:20:50.030  9010  9010 D dalvikvm: GC_FOR_ALLOC freed 804K, 60% free 8189K/20304K, paused 68ms, total 68ms
03-17 18:20:50.080  9010  9010 D zjy     : view visibility = 7
03-17 18:20:50.080  9010  9010 I HUREV   : [1] MainActivity.handleIntent | MainActivity received intent: null, data: null
03-17 18:20:50.210  9010  9010 D zjy     : view visibility = 7
03-17 18:20:50.210  9010  9010 I HUREV   : [1] HomeFragment.onResume | HomeFragment: onResume. isConnected=false
03-17 18:20:50.520  9010  9010 D zjy     : view visibility = 7
03-17 18:20:56.490  9010  9014 D dalvikvm: GC_CONCURRENT freed 2133K, 63% free 7666K/20304K, paused 5ms+19ms, total 97ms
03-17 18:21:03.220  9010  9010 I HUREV   : [1] p.onReceive | USB Intent: Intent { act=android.hardware.usb.action.USB_DEVICE_DETACHED flg=0x10 (has extras) }
03-17 18:21:03.220  9010  9010 I HUREV   : [1] p.onReceive | USB Intent: Intent { act=android.hardware.usb.action.USB_DEVICE_DETACHED flg=0x10 (has extras) }
03-17 18:21:39.520  9010  9010 I HUREV   : [1] AapService.u | Found device already in accessory mode: Google 18D1:2D00
03-17 18:21:39.540  9010  9440 I HUREV   : [268] m.l | Established connection: android.hardware.usb.UsbDeviceConnection@424cff38
03-17 18:21:39.540  9010  9440 I HUREV   : [268] m.l | interfaceCount: 1
03-17 18:21:39.550  9010  9440 I HUREV   : [268] m.j | Check accessory endpoints
03-17 18:21:39.550  9010  9440 I HUREV   : [268] m.j | Connected have EPs
03-17 18:21:39.560  9010  9010 I HUREV   : [1] AapService.t | WifiLock acquired (HIGH_PERF)
03-17 18:21:39.600  9010  9440 I HUREV   : [268] t0.<init> | Using Java SSL implementation
03-17 18:21:39.670  9010  9440 D dalvikvm: GC_FOR_ALLOC freed 1261K, 66% free 6698K/19280K, paused 73ms, total 73ms
03-17 18:21:39.680  9010  9440 I dalvikvm-heap: Grow heap (frag case) to 16.818MB for 1048656-byte allocation
03-17 18:21:39.740  9010  9010 D dalvikvm: GC_FOR_ALLOC freed 24K, 63% free 7698K/20308K, paused 60ms, total 60ms
03-17 18:21:39.740  9010  9440 I HUREV   : [268] t0.B | Start Aap transport handshake for w0.m@42682de0
--------- beginning of /dev/log/system
03-17 18:21:39.740  9010  9010 E ActivityThread: Performing pause of activity that is not resumed: {com.andrerinas.headunitrevived/com.andrerinas.headunitrevived.main.MainActivity}
03-17 18:21:39.740  9010  9010 E ActivityThread: java.lang.RuntimeException: Performing pause of activity that is not resumed: {com.andrerinas.headunitrevived/com.andrerinas.headunitrevived.main.MainActivity}
03-17 18:21:39.740  9010  9010 E ActivityThread: 	at android.app.ActivityThread.performPauseActivity(ActivityThread.java:3079)
03-17 18:21:39.740  9010  9010 E ActivityThread: 	at android.app.ActivityThread.performPauseActivity(ActivityThread.java:3067)
03-17 18:21:39.740  9010  9010 E ActivityThread: 	at android.app.ActivityThread.handlePauseActivity(ActivityThread.java:3042)
03-17 18:21:39.740  9010  9010 E ActivityThread: 	at android.app.ActivityThread.access$800(ActivityThread.java:143)
03-17 18:21:39.740  9010  9010 E ActivityThread: 	at android.app.ActivityThread$H.handleMessage(ActivityThread.java:1289)
03-17 18:21:39.740  9010  9010 E ActivityThread: 	at android.os.Handler.dispatchMessage(Handler.java:99)
03-17 18:21:39.740  9010  9010 E ActivityThread: 	at android.os.Looper.loop(Looper.java:137)
03-17 18:21:39.740  9010  9010 E ActivityThread: 	at android.app.ActivityThread.main(ActivityThread.java:5342)
03-17 18:21:39.740  9010  9010 E ActivityThread: 	at java.lang.reflect.Method.invokeNative(Native Method)
03-17 18:21:39.740  9010  9010 E ActivityThread: 	at java.lang.reflect.Method.invoke(Method.java:525)
03-17 18:21:39.740  9010  9010 E ActivityThread: 	at com.android.internal.os.ZygoteInit$MethodAndArgsCaller.run(ZygoteInit.java:954)
03-17 18:21:39.740  9010  9010 E ActivityThread: 	at com.android.internal.os.ZygoteInit.main(ZygoteInit.java:765)
03-17 18:21:39.740  9010  9010 E ActivityThread: 	at dalvik.system.NativeStart.main(Native Method)
03-17 18:21:39.890  9010  9010 I HUREV   : [1] AapProjectionActivity.onCreate | HeadUnit for Android Auto (tm) - Copyright 2011-2015 Michael A. Reid., since 2025 André Rinas All Rights Reserved...
03-17 18:21:39.890  9010  9010 I HUREV   : [1] AapProjectionActivity.onCreate | Using TextureView
03-17 18:21:39.890  9010  9010 I HUREV   : [1] i.p | CarScreen: usable width: 1920 height: 720 (Raw: 1920x720, Insets: L0 T0 R0 B0)
03-17 18:21:39.890  9010  9010 I HUREV   : [1] i.p | CarScreen isSmallScreen: true, scaleFactor: 1.0
03-17 18:21:39.900  9010  9010 I HUREV   : [1] i.p | CarScreen using: _1920x1080, number: 3, scales: scaleX: 1.0, scaleY: 1.5
03-17 18:21:39.900  9010  9010 D zjy     : view visibility = 7
03-17 18:21:39.900  9010  9010 I HUREV   : [1] AapProjectionActivity.onResume | AapProjectionActivity: onResume
03-17 18:21:39.900  9010  9010 D zjy     : view visibility = 7
03-17 18:21:39.990  9010  9010 D zjy     : view visibility = 7
03-17 18:21:40.020  9010  9010 I HUREV   : [1] i.onSurfaceTextureAvailable | TextureProjectionView: Surface available: 1920x720
03-17 18:21:40.030  9010  9010 I HUREV   : [1] AapProjectionActivity.d | [AapProjectionActivity] onSurfaceCreated
03-17 18:21:40.030  9010  9010 I HUREV   : [1] AapProjectionActivity.b | [AapProjectionActivity] onSurfaceChanged. Actual surface dimensions: width=1920, height=720
03-17 18:21:40.030  9010  9010 I HUREV   : [1] z.q | New surface set: Surface(name=android.graphics.SurfaceTexture@4260b440)
03-17 18:21:40.030  9010  9010 I HUREV   : [1] AapProjectionActivity.b | [AapProjectionActivity] Decoder already has dimensions: 1920x1088. Applying to view.
03-17 18:21:40.040  9010  9010 I HUREV   : [1] i.a | TextureProjectionView
03-17 18:21:40.040  9010  9010 I HUREV   : [1] i.p | CarScreen: usable width: 1920 height: 720 (Raw: 1920x720, Insets: L0 T0 R0 B0)
03-17 18:21:40.040  9010  9010 I HUREV   : [1] i.p | CarScreen isSmallScreen: true, scaleFactor: 1.0
03-17 18:21:40.040  9010  9010 I HUREV   : [1] i.p | CarScreen using: _1920x1080, number: 3, scales: scaleX: 1.0, scaleY: 1.5
03-17 18:21:40.050  9010  9010 I HUREV   : [1] h.a | ProjectionViewScaler: Dimensions: Video: 1920x1088, Content: 1920x640, View: 1920x720
03-17 18:21:40.050  9010  9010 I HUREV   : [1] h.a | ProjectionViewScaler: Scale updated for view i. scaleX: 1.0, scaleY: 1.5
03-17 18:21:40.050  9010  9010 I HUREV   : [1] h.a | ProjectionViewScaler: Dimensions: Video: 1920x1088, Content: 1920x640, View: 1920x720
03-17 18:21:40.060  9010  9010 I HUREV   : [1] h.a | ProjectionViewScaler: Scale updated for view i. scaleX: 1.0, scaleY: 1.5
03-17 18:21:40.320  9010  9440 W HUREV   : [268] t0.l | Handshake: Version request send failed (ret=-1), attempt 1
03-17 18:21:40.550  9010  9440 W HUREV   : [268] t0.l | Handshake: Version request send failed (ret=-1), attempt 2
03-17 18:21:40.780  9010  9440 W HUREV   : [268] t0.l | Handshake: Version request send failed (ret=-1), attempt 3
03-17 18:21:40.990  9010  9440 E HUREV   : [268] t0.l | Handshake: Version request/response failed after 3 attempt(s). last ret: -1
03-17 18:21:40.990  9010  9440 I HUREV   : [268] t0.o | AapTransport quitting (clean=false)
03-17 18:21:40.990  9010  9440 E HUREV   : [268] t0.B | Handshake failed
03-17 18:21:41.010  9010  9010 I HUREV   : [1] AapProjectionActivity.M | Hiding reconnecting overlay — frames resumed
03-17 18:21:41.020  9010  9010 I HUREV   : [1] AapProjectionActivity.onPause | AapProjectionActivity: onPause
03-17 18:21:41.040  9010  9010 D zjy     : view visibility = 7
03-17 18:21:41.080  9010  9010 D zjy     : view visibility = 7
03-17 18:21:41.490  9010  9010 I HUREV   : [1] AapProjectionActivity.onDestroy | AapProjectionActivity.onDestroy called. isFinishing=true
03-17 18:21:41.490  9010  9010 I HUREV   : [1] i.onSurfaceTextureDestroyed | TextureProjectionView: Surface destroyed
03-17 18:21:41.490  9010  9010 I HUREV   : [1] AapProjectionActivity.c | SurfaceCallback: onSurfaceDestroyed. Surface: Surface(name=android.graphics.SurfaceTexture@4260b440)
03-17 18:21:41.490  9010  9010 I HUREV   : [1] z.t | Decoder stopped: surfaceDestroyed
03-17 18:22:09.020  9010  9010 I HUREV   : [1] AapService.u | Found device already in accessory mode: Google 18D1:2D00
03-17 18:22:09.040  9010 11251 D UsbDeviceConnectionJNI: close
03-17 18:22:09.040  9010 11251 I HUREV   : [308] m.b | Google 18D1:2D00 - UsbDevice[mName=/dev/bus/usb/002/005,mVendorId=6353,mProductId=11520,mClass=0,mSubclass=0,mProtocol=0,mInterfaces=[Landroid.os.Parcelable;@4260c568]
03-17 18:22:09.040  9010 11251 E UsbDeviceConnectionJNI: device is closed in native_release_interface
03-17 18:22:09.040  9010 11251 I HUREV   : [308] m.b | OK releaseInterface()
03-17 18:22:09.040  9010 11251 I HUREV   : [308] m.l | Established connection: android.hardware.usb.UsbDeviceConnection@426c3820
03-17 18:22:09.040  9010 11251 I HUREV   : [308] m.l | interfaceCount: 1
03-17 18:22:09.070  9010 11251 I HUREV   : [308] m.j | Check accessory endpoints
03-17 18:22:09.070  9010 11251 I HUREV   : [308] m.j | Connected have EPs
03-17 18:22:09.120  9010 11251 I HUREV   : [308] t0.B | Start Aap transport handshake for w0.m@426c3660
03-17 18:22:09.180  9010  9014 D dalvikvm: GC_CONCURRENT freed 1329K, 62% free 7907K/20308K, paused 8ms+12ms, total 135ms
03-17 18:22:09.290  9010  9010 I HUREV   : [1] AapProjectionActivity.onCreate | HeadUnit for Android Auto (tm) - Copyright 2011-2015 Michael A. Reid., since 2025 André Rinas All Rights Reserved...
03-17 18:22:09.290  9010  9010 I HUREV   : [1] AapProjectionActivity.onCreate | Using TextureView
03-17 18:22:09.290  9010  9010 I HUREV   : [1] i.p | CarScreen: usable width: 1920 height: 720 (Raw: 1920x720, Insets: L0 T0 R0 B0)
03-17 18:22:09.290  9010  9010 I HUREV   : [1] i.p | CarScreen isSmallScreen: true, scaleFactor: 1.0
03-17 18:22:09.300  9010  9010 I HUREV   : [1] i.p | CarScreen using: _1920x1080, number: 3, scales: scaleX: 1.0, scaleY: 1.5
03-17 18:22:09.300  9010  9010 D zjy     : view visibility = 7
03-17 18:22:09.300  9010  9010 I HUREV   : [1] AapProjectionActivity.onResume | AapProjectionActivity: onResume
03-17 18:22:09.310  9010  9010 D zjy     : view visibility = 7
03-17 18:22:09.400  9010  9010 D zjy     : view visibility = 7
03-17 18:22:09.420  9010  9010 I HUREV   : [1] i.onSurfaceTextureAvailable | TextureProjectionView: Surface available: 1920x720
03-17 18:22:09.430  9010  9010 I HUREV   : [1] AapProjectionActivity.d | [AapProjectionActivity] onSurfaceCreated
03-17 18:22:09.430  9010  9010 I HUREV   : [1] AapProjectionActivity.b | [AapProjectionActivity] onSurfaceChanged. Actual surface dimensions: width=1920, height=720
03-17 18:22:09.430  9010  9010 I HUREV   : [1] z.q | New surface set: Surface(name=android.graphics.SurfaceTexture@425b28a8)
03-17 18:22:09.440  9010  9010 I HUREV   : [1] AapProjectionActivity.b | [AapProjectionActivity] Decoder already has dimensions: 1920x1088. Applying to view.
03-17 18:22:09.440  9010  9010 I HUREV   : [1] i.a | TextureProjectionView
03-17 18:22:09.440  9010  9010 I HUREV   : [1] i.p | CarScreen: usable width: 1920 height: 720 (Raw: 1920x720, Insets: L0 T0 R0 B0)
03-17 18:22:09.440  9010  9010 I HUREV   : [1] i.p | CarScreen isSmallScreen: true, scaleFactor: 1.0
03-17 18:22:09.450  9010  9010 I HUREV   : [1] i.p | CarScreen using: _1920x1080, number: 3, scales: scaleX: 1.0, scaleY: 1.5
03-17 18:22:09.450  9010  9010 I HUREV   : [1] h.a | ProjectionViewScaler: Dimensions: Video: 1920x1088, Content: 1920x640, View: 1920x720
03-17 18:22:09.450  9010  9010 I HUREV   : [1] h.a | ProjectionViewScaler: Scale updated for view i. scaleX: 1.0, scaleY: 1.5
03-17 18:22:09.460  9010  9010 I HUREV   : [1] h.a | ProjectionViewScaler: Dimensions: Video: 1920x1088, Content: 1920x640, View: 1920x720
03-17 18:22:09.460  9010  9010 I HUREV   : [1] h.a | ProjectionViewScaler: Scale updated for view i. scaleX: 1.0, scaleY: 1.5
03-17 18:22:09.690  9010 11251 W HUREV   : [308] t0.l | Handshake: Version request send failed (ret=-1), attempt 1
03-17 18:22:09.920  9010 11251 W HUREV   : [308] t0.l | Handshake: Version request send failed (ret=-1), attempt 2
03-17 18:22:10.160  9010 11251 W HUREV   : [308] t0.l | Handshake: Version request send failed (ret=-1), attempt 3
03-17 18:22:10.360  9010 11251 E HUREV   : [308] t0.l | Handshake: Version request/response failed after 3 attempt(s). last ret: -1
03-17 18:22:10.360  9010 11251 I HUREV   : [308] t0.o | AapTransport quitting (clean=false)
03-17 18:22:10.360  9010 11251 E HUREV   : [308] t0.B | Handshake failed
03-17 18:22:10.390  9010  9010 I HUREV   : [1] AapProjectionActivity.M | Hiding reconnecting overlay — frames resumed
03-17 18:22:10.400  9010  9010 I HUREV   : [1] AapProjectionActivity.onPause | AapProjectionActivity: onPause
03-17 18:22:10.430  9010  9010 D zjy     : view visibility = 7
03-17 18:22:10.450  9010  9010 D zjy     : view visibility = 7
03-17 18:22:10.860  9010  9010 I HUREV   : [1] AapProjectionActivity.onDestroy | AapProjectionActivity.onDestroy called. isFinishing=true
03-17 18:22:10.860  9010  9010 I HUREV   : [1] i.onSurfaceTextureDestroyed | TextureProjectionView: Surface destroyed
03-17 18:22:10.860  9010  9010 I HUREV   : [1] AapProjectionActivity.c | SurfaceCallback: onSurfaceDestroyed. Surface: Surface(name=android.graphics.SurfaceTexture@425b28a8)
03-17 18:22:10.870  9010  9010 I HUREV   : [1] z.t | Decoder stopped: surfaceDestroyed
03-17 18:22:22.820  9010  9010 I HUREV   : [1] p.onReceive | USB Intent: Intent { act=android.hardware.usb.action.USB_DEVICE_DETACHED flg=0x10 (has extras) }
03-17 18:22:22.830  9010  9010 I HUREV   : [1] p.onReceive | USB Intent: Intent { act=android.hardware.usb.action.USB_DEVICE_DETACHED flg=0x10 (has extras) }
03-17 18:22:23.520  9010  9010 I HUREV   : [1] p.onReceive | USB Intent: Intent { act=android.hardware.usb.action.USB_DEVICE_ATTACHED flg=0x10000010 (has extras) }
03-17 18:22:23.540  9010  9010 I HUREV   : [1] p.onReceive | USB Intent: Intent { act=android.hardware.usb.action.USB_DEVICE_ATTACHED flg=0x10000010 (has extras) }
03-17 18:22:23.540  9010  9010 I HUREV   : [1] AapService.onUsbAttach | Normal USB device attached: 8921 22D9:2764. Will check auto-connect in 2000ms...
03-17 18:22:23.600  9010  9010 I HUREV   : [1] UsbAttachedActivity.onCreate | USB Intent: Intent { act=android.hardware.usb.action.USB_DEVICE_ATTACHED flg=0x10000000 cmp=com.andrerinas.headunitrevived/.app.UsbAttachedActivity (has extras) }
03-17 18:22:23.600  9010  9010 I HUREV   : [1] UsbAttachedActivity.onCreate | Skipping device 8921 22D9:2764
03-17 18:22:23.620  9010  9010 D zjy     : view visibility = 7
03-17 18:22:23.670  9010  9010 D zjy     : view visibility = 7
03-17 18:22:25.560  9010  9010 I HUREV   : [1] m.invokeSuspend | UsbAttachedActivity didn't handle 8921 22D9:2764. Trying from service...
03-17 18:22:27.940  9010  9010 I HUREV   : [1] p.onReceive | USB Intent: Intent { act=android.hardware.usb.action.USB_DEVICE_DETACHED flg=0x10 (has extras) }
03-17 18:22:27.940  9010  9010 I HUREV   : [1] p.onReceive | USB Intent: Intent { act=android.hardware.usb.action.USB_DEVICE_DETACHED flg=0x10 (has extras) }
03-17 18:22:48.400  9010  9010 I HUREV   : [1] p.onReceive | USB Intent: Intent { act=android.hardware.usb.action.USB_DEVICE_ATTACHED flg=0x10000010 (has extras) }
03-17 18:22:48.410  9010  9010 I HUREV   : [1] p.onReceive | USB Intent: Intent { act=android.hardware.usb.action.USB_DEVICE_ATTACHED flg=0x10000010 (has extras) }
03-17 18:22:48.410  9010  9010 I HUREV   : [1] AapService.onUsbAttach | Normal USB device attached: Google 18D1:4EE1. Will check auto-connect in 2000ms...
03-17 18:22:48.450  9010  9010 I HUREV   : [1] UsbAttachedActivity.onCreate | USB Intent: Intent { act=android.hardware.usb.action.USB_DEVICE_ATTACHED flg=0x10000000 cmp=com.andrerinas.headunitrevived/.app.UsbAttachedActivity (has extras) }
03-17 18:22:48.450  9010  9010 I HUREV   : [1] UsbAttachedActivity.onCreate | Skipping device Google 18D1:4EE1
03-17 18:22:48.460  9010  9010 D zjy     : view visibility = 7
03-17 18:22:48.500  9010  9010 D zjy     : view visibility = 7
03-17 18:22:50.430  9010  9010 I HUREV   : [1] m.invokeSuspend | UsbAttachedActivity didn't handle Google 18D1:4EE1. Trying from service...
03-17 18:22:51.350  9010  9010 I HUREV   : [1] n.c | Success controlTransfer len: 2  acc_ver: 2
03-17 18:22:51.350  9010  9010 I HUREV   : [1] n.c | acc_ver: 2
03-17 18:22:51.350  9010  9010 I HUREV   : [1] n.b | Success controlTransfer len: 7  index: 0  string: "Android"
03-17 18:22:51.350  9010  9010 I HUREV   : [1] n.b | Success controlTransfer len: 12  index: 1  string: "Android Auto"
03-17 18:22:51.360  9010  9010 I HUREV   : [1] n.b | Success controlTransfer len: 12  index: 2  string: "Android Auto"
03-17 18:22:51.360  9010  9010 I HUREV   : [1] n.b | Success controlTransfer len: 5  index: 3  string: "2.0.1"
03-17 18:22:51.360  9010  9010 I HUREV   : [1] n.b | Success controlTransfer len: 45  index: 4  string: "https://developer.android.com/auto/index.html"
03-17 18:22:51.360  9010  9010 I HUREV   : [1] n.b | Success controlTransfer len: 12  index: 5  string: "HU-AAAAAA001"
03-17 18:22:51.360  9010  9010 I HUREV   : [1] n.c | Sending acc start
03-17 18:22:51.370  9010  9010 I HUREV   : [1] n.c | Acc start sent (len=0). Waiting for re-enumeration...
03-17 18:22:51.450  9010  9014 D dalvikvm: GC_CONCURRENT freed 1554K, 62% free 7868K/20300K, paused 4ms+7ms, total 81ms
03-17 18:22:51.870  9010  9010 D UsbDeviceConnectionJNI: close
03-17 18:22:51.870  9010  9010 I HUREV   : [1] n.a | Result: true
03-17 18:22:51.890  9010  9010 I HUREV   : [1] p.onReceive | USB Intent: Intent { act=android.hardware.usb.action.USB_DEVICE_DETACHED flg=0x10 (has extras) }
03-17 18:22:51.890  9010  9010 I HUREV   : [1] p.onReceive | USB Intent: Intent { act=android.hardware.usb.action.USB_DEVICE_DETACHED flg=0x10 (has extras) }
03-17 18:22:51.950  9010  9010 I HUREV   : [1] p.onReceive | USB Intent: Intent { act=android.hardware.usb.action.USB_DEVICE_ATTACHED flg=0x10000010 (has extras) }
03-17 18:22:51.960  9010  9010 I HUREV   : [1] p.onReceive | USB Intent: Intent { act=android.hardware.usb.action.USB_DEVICE_ATTACHED flg=0x10000010 (has extras) }
03-17 18:22:51.960  9010  9010 I HUREV   : [1] AapService.onUsbAttach | USB accessory device attached, connecting.
03-17 18:22:51.960  9010  9010 I HUREV   : [1] AapService.u | Found device already in accessory mode: Google 18D1:2D00
03-17 18:22:51.980  9010 11251 D UsbDeviceConnectionJNI: close
03-17 18:22:51.980  9010 11251 I HUREV   : [308] m.b | Google 18D1:2D00 - UsbDevice[mName=/dev/bus/usb/002/005,mVendorId=6353,mProductId=11520,mClass=0,mSubclass=0,mProtocol=0,mInterfaces=[Landroid.os.Parcelable;@42915360]
03-17 18:22:51.980  9010 11251 E UsbDeviceConnectionJNI: device is closed in native_release_interface
03-17 18:22:51.980  9010 11251 I HUREV   : [308] m.b | OK releaseInterface()
03-17 18:22:51.990  9010 11251 I HUREV   : [308] m.l | Established connection: android.hardware.usb.UsbDeviceConnection@42617218
03-17 18:22:51.990  9010 11251 I HUREV   : [308] m.l | interfaceCount: 1
03-17 18:22:51.990  9010 11251 I HUREV   : [308] m.j | Check accessory endpoints
03-17 18:22:52.000  9010 11251 I HUREV   : [308] m.j | Connected have EPs
03-17 18:22:52.050  9010  9010 I HUREV   : [1] UsbAttachedActivity.onCreate | USB Intent: Intent { act=android.hardware.usb.action.USB_DEVICE_ATTACHED flg=0x10000000 cmp=com.andrerinas.headunitrevived/.app.UsbAttachedActivity (has extras) }
03-17 18:22:52.050  9010  9010 E HUREV   : [1] UsbAttachedActivity.onCreate | Usb in accessory mode
03-17 18:22:52.100  9010  9010 D zjy     : view visibility = 7
03-17 18:22:52.130  9010 11251 I HUREV   : [308] t0.B | Start Aap transport handshake for w0.m@4268eea8
03-17 18:22:52.260  9010  9010 I HUREV   : [1] AapProjectionActivity.onCreate | HeadUnit for Android Auto (tm) - Copyright 2011-2015 Michael A. Reid., since 2025 André Rinas All Rights Reserved...
03-17 18:22:52.260  9010  9010 I HUREV   : [1] AapProjectionActivity.onCreate | Using TextureView
03-17 18:22:52.270  9010  9010 I HUREV   : [1] i.p | CarScreen: usable width: 1920 height: 720 (Raw: 1920x720, Insets: L0 T0 R0 B0)
03-17 18:22:52.270  9010  9010 I HUREV   : [1] i.p | CarScreen isSmallScreen: true, scaleFactor: 1.0
03-17 18:22:52.270  9010  9010 I HUREV   : [1] i.p | CarScreen using: _1920x1080, number: 3, scales: scaleX: 1.0, scaleY: 1.5
03-17 18:22:52.270  9010  9010 D zjy     : view visibility = 7
03-17 18:22:52.270  9010  9010 I HUREV   : [1] AapProjectionActivity.onResume | AapProjectionActivity: onResume
03-17 18:22:52.280  9010  9010 D zjy     : view visibility = 7
03-17 18:22:52.330  9010  9010 D zjy     : view visibility = 7
03-17 18:22:52.350  9010  9010 I HUREV   : [1] i.onSurfaceTextureAvailable | TextureProjectionView: Surface available: 1920x720
03-17 18:22:52.350  9010  9010 I HUREV   : [1] AapProjectionActivity.d | [AapProjectionActivity] onSurfaceCreated
03-17 18:22:52.350  9010  9010 I HUREV   : [1] AapProjectionActivity.b | [AapProjectionActivity] onSurfaceChanged. Actual surface dimensions: width=1920, height=720
03-17 18:22:52.360  9010  9010 I HUREV   : [1] z.q | New surface set: Surface(name=android.graphics.SurfaceTexture@4284f920)
03-17 18:22:52.360  9010  9010 I HUREV   : [1] AapProjectionActivity.b | [AapProjectionActivity] Decoder already has dimensions: 1920x1088. Applying to view.
03-17 18:22:52.360  9010  9010 I HUREV   : [1] i.a | TextureProjectionView
03-17 18:22:52.360  9010  9010 I HUREV   : [1] i.p | CarScreen: usable width: 1920 height: 720 (Raw: 1920x720, Insets: L0 T0 R0 B0)
03-17 18:22:52.370  9010  9010 I HUREV   : [1] i.p | CarScreen isSmallScreen: true, scaleFactor: 1.0
03-17 18:22:52.370  9010  9010 I HUREV   : [1] i.p | CarScreen using: _1920x1080, number: 3, scales: scaleX: 1.0, scaleY: 1.5
03-17 18:22:52.370  9010  9010 I HUREV   : [1] h.a | ProjectionViewScaler: Dimensions: Video: 1920x1088, Content: 1920x640, View: 1920x720
03-17 18:22:52.380  9010  9010 I HUREV   : [1] h.a | ProjectionViewScaler: Scale updated for view i. scaleX: 1.0, scaleY: 1.5
03-17 18:22:52.380  9010  9010 I HUREV   : [1] h.a | ProjectionViewScaler: Dimensions: Video: 1920x1088, Content: 1920x640, View: 1920x720
03-17 18:22:52.380  9010  9010 I HUREV   : [1] h.a | ProjectionViewScaler: Scale updated for view i. scaleX: 1.0, scaleY: 1.5
03-17 18:22:52.680  9010 11251 I HUREV   : [308] m.e | USB reads recovered after 1 errors
03-17 18:22:52.680  9010 11251 I HUREV   : [308] t0.l | Handshake: Version response received (ret=12, attempt=1).
03-17 18:22:52.680  9010 11251 I HUREV   : [308] t0.l | Handshake: Version response recv ret: 12
03-17 18:22:52.750  9010 11251 D dalvikvm: GC_FOR_ALLOC freed 1382K, 62% free 7822K/20300K, paused 71ms, total 71ms
03-17 18:22:52.960  9010 11251 I HUREV   : [308] o0.performHandshake | SSL handshake complete. Session id: Y/D+mXv/dWIaJ7ChEwWdcR2qq9fwd1LBw8bIL7u5vIo=
03-17 18:22:52.970  9010 11251 I HUREV   : [308] t0.l | Handshake: Status OK sent: 8
03-17 18:22:52.970  9010 11251 I HUREV   : [308] i.c | Audio Focus Request: stream=3, type=1
03-17 18:22:52.970  9010 11251 D AudioManager: Qian:requestAudioFocus:3
03-17 18:22:52.980  9010  9020 D AudioManager: dispatchAudioFocusChange [android.media.AudioManager@427299b8w0.d@42637928], hint = -1
03-17 18:22:52.980  9010  9010 D AudioManager: Begin listener.onAudioFocusChange  [android.media.AudioManager@427299b8w0.d@42637928], hint = -1
03-17 18:22:52.980  9010  9010 D AudioManager: End listener.onAudioFocusChange [android.media.AudioManager@427299b8w0.d@42637928], hint = -1
03-17 18:22:53.000  9010 11251 I HUREV   : [308] i.c | Audio focus request result (legacy): GRANTED
03-17 18:22:53.000  9010 11251 I HUREV   : [308] t0.E | Start Aap transport read loop
03-17 18:22:53.060  9010 11251 D dalvikvm: GC_FOR_ALLOC freed 262K, 62% free 7806K/20300K, paused 59ms, total 60ms
03-17 18:22:53.060  9010 11251 I dalvikvm-heap: Grow heap (frag case) to 17.150MB for 262176-byte allocation
03-17 18:22:53.130  9010  9018 D dalvikvm: GC_FOR_ALLOC freed 0K, 61% free 8062K/20560K, paused 61ms, total 61ms
03-17 18:22:53.180  9010 11251 D dalvikvm: GC_FOR_ALLOC freed 0K, 61% free 8062K/20560K, paused 59ms, total 59ms
03-17 18:22:53.190  9010 11251 I dalvikvm-heap: Grow heap (frag case) to 17.651MB for 524336-byte allocation
03-17 18:22:53.240  9010  9018 D dalvikvm: GC_FOR_ALLOC freed 0K, 60% free 8574K/21076K, paused 52ms, total 52ms
03-17 18:22:53.250  9010 11823 I HUREV   : [313] o.h | Service Discovery Request: Auto
03-17 18:22:53.250  9010 11823 I HUREV   : [313] a.b | [ServiceDiscovery] Announcing NIGHT sensor support. Strategy: MANUAL_TIME
03-17 18:22:53.250  9010  9010 I HUREV   : [1] g.onReceive | Received request to resend night mode state
03-17 18:22:53.250  9010 11823 I HUREV   : [313] a.b | [ServiceDiscovery] NegotiatedResolution is: 1920x1080
03-17 18:22:53.260  9010 11823 I HUREV   : [313] a.b | [ServiceDiscovery] Margins are: 0x360
03-17 18:22:53.260  9010 11823 I HUREV   : [313] a.b | BT MAC Address is empty. Skip bluetooth service
03-17 18:22:53.260  9010  9010 I HUREV   : [1] v.invoke | NightMode update: true
03-17 18:22:53.280  9010 11823 I HUREV   : [313] o.c | Audio Focus Request: RELEASE
03-17 18:22:53.280  9010 11823 I HUREV   : [313] i.c | Audio Focus Request: stream=3, type=4
03-17 18:22:53.280  9010 11823 D AudioManager: Qian:abandonAudioFocus:
03-17 18:22:53.280  9010 11823 I HUREV   : [313] i.c | Audio focus request result (legacy): GRANTED
03-17 18:22:53.280  9010 11823 I HUREV   : [313] o.c | Sending immediate AudioFocusNotification: STATE_LOSS
03-17 18:22:53.320  9010 11823 W HUREV   : [313] u0.a | AapVideo: Dropped Flag 11 packet. len=4, buf[10]=?
03-17 18:22:53.320  9010 11823 I HUREV   : [313] l.b | Media Sink Setup Request: 3 on channel VIDEO
03-17 18:22:53.330  9010 11823 I HUREV   : [313] l.b | Config response: status: HEADUNIT
03-17 18:22:53.330  9010 11823 I HUREV   : max_unacked: 1
03-17 18:22:53.330  9010 11823 I HUREV   : configuration_indices: 0
03-17 18:22:53.340  9010 11823 I HUREV   : [313] l.b | Media Sink Setup Request: 2 on channel AUDIO
03-17 18:22:53.340  9010 11823 I HUREV   : [313] l.b | Config response: status: HEADUNIT
03-17 18:22:53.340  9010 11823 I HUREV   : max_unacked: 3
03-17 18:22:53.340  9010 11823 I HUREV   : configuration_indices: 0
03-17 18:22:53.340  9010 11823 I HUREV   : [313] l.b | Media Sink Setup Request: 2 on channel AUDIO1
03-17 18:22:53.350  9010 11823 I HUREV   : [313] l.b | Config response: status: HEADUNIT
03-17 18:22:53.350  9010 11823 I HUREV   : max_unacked: 3
03-17 18:22:53.350  9010 11823 I HUREV   : configuration_indices: 0
03-17 18:22:53.350  9010 11823 I HUREV   : [313] l.b | Media Sink Setup Request: 2 on channel AUDIO2
03-17 18:22:53.350  9010 11823 I HUREV   : [313] l.b | Config response: status: HEADUNIT
03-17 18:22:53.350  9010 11823 I HUREV   : max_unacked: 3
03-17 18:22:53.350  9010 11823 I HUREV   : configuration_indices: 0
03-17 18:22:53.360  9010  9010 I HUREV   : [1] AapProjectionActivity.onPause | AapProjectionActivity: onPause
03-17 18:22:53.370  9010  9010 I HUREV   : [1] AapProjectionActivity.onNewIntent | AapProjectionActivity: onNewIntent received
03-17 18:22:53.370  9010  9010 I HUREV   : [1] AapProjectionActivity.onResume | AapProjectionActivity: onResume
03-17 18:22:53.380  9010  9010 D zjy     : view visibility = 7
03-17 18:22:55.850  9010 11823 W HUREV   : [313] m.e | USB read errors (10) for 2s — waiting for recovery...
03-17 18:22:56.380  9010  9010 W HUREV   : [1] l.run | Watchdog: No video received. Requesting Keyframe (Unsolicited Focus)...
03-17 18:22:56.400  9010 11823 I HUREV   : [313] m.e | USB reads recovered after 11 errors
03-17 18:22:56.400  9010 11823 W HUREV   : [313] u0.a | AapVideo: Dropped Flag 11 packet. len=6, buf[10]=?
03-17 18:22:56.400  9010 11823 I HUREV   : [313] l.d | Media Start Request VIDEO: session=0, config_index=0
03-17 18:22:56.530  9010 11823 I HUREV   : [313] z.c | H.264/AVC config detected in frame (38 bytes)
03-17 18:22:56.530  9010 11823 I HUREV   : [313] z.m | SPS parsed: 1920x1080
03-17 18:22:56.530  9010 11823 I HUREV   : [313] AapProjectionActivity.a | [AapProjectionActivity] Received video dimensions: 1920x1080
03-17 18:22:56.530  9010  9010 I HUREV   : [1] i.a | TextureProjectionView
03-17 18:22:56.530  9010  9010 I HUREV   : [1] h.a | ProjectionViewScaler: Dimensions: Video: 1920x1080, Content: 1920x640, View: 1920x720
03-17 18:22:56.530  9010  9010 I HUREV   : [1] h.a | ProjectionViewScaler: Scale updated for view i. scaleX: 1.0, scaleY: 1.5
03-17 18:22:56.540  9010 11852 I OMXClient: Using client-side OMX mux.
03-17 18:22:56.560  9010 11823 I HUREV   : [313] z.r | Configuring decoder: OMX.Freescale.std.video_decoder.avc.v3.hw-based with surface
03-17 18:22:56.560  9010 11852 I ACodec  : Send reorder config(0) to VPU
03-17 18:22:57.070  9010 11823 I HUREV   : [313] z.r | Codec initialized: OMX.Freescale.std.video_decoder.avc.v3.hw-based for stream 1920x1080
03-17 18:22:57.070  9010 11859 I HUREV   : [314] z.l | Output thread started
03-17 18:22:57.210  9010 11859 I HUREV   : [314] z.j | Output Format Changed: {height=1088, what=1869968451, color-format=19, slice-height=0, crop-left=0, width=1920, crop-bottom=1079, crop-top=0, mime=video/raw, stride=1920, crop-right=1919}
03-17 18:22:57.210  9010 11859 I HUREV   : [314] z.j | Video dimensions changed via format: 1920x1088
03-17 18:22:57.210  9010 11859 I HUREV   : [314] AapProjectionActivity.a | [AapProjectionActivity] Received video dimensions: 1920x1088
03-17 18:22:57.210  9010  9010 I HUREV   : [1] i.a | TextureProjectionView
03-17 18:22:57.210  9010 11852 E ACodec  : dequeueBuffer failed.
03-17 18:22:57.220  9010  9010 I HUREV   : [1] h.a | ProjectionViewScaler: Dimensions: Video: 1920x1088, Content: 1920x640, View: 1920x720
03-17 18:22:57.220  9010  9010 I HUREV   : [1] h.a | ProjectionViewScaler: Scale updated for view i. scaleX: 1.0, scaleY: 1.5
03-17 18:22:57.230  9010 11852 E ACodec  : dequeueBuffer failed.
03-17 18:23:05.080  9010 11823 D dalvikvm: GC_FOR_ALLOC freed 893K, 59% free 8773K/21068K, paused 67ms, total 67ms
03-17 18:23:05.080  9010 11823 I dalvikvm-heap: Grow heap (frag case) to 17.963MB for 124780-byte allocation
03-17 18:23:05.130  9010 11823 D dalvikvm: GC_FOR_ALLOC freed 23K, 59% free 8871K/21192K, paused 50ms, total 50ms
