--------- beginning of /dev/log/main
03-17 19:04:50.370  5504  5504 D dalvikvm: Application start trace : fork and set application info end in zygote lib. niceName = com.andrerinas.headunitrevived, seInfo = default
03-17 19:04:50.470  5504  5504 D Zygote  : Application start trace : Zygote.runOnce pid = 0
03-17 19:04:50.540  5504  5504 I ActivityThread: ActivityThread main called
03-17 19:04:50.540  5504  5504 I ActivityThread:  screensize is small
03-17 19:04:50.750  5504  5504 I ActivityThread: ActivityThread init context before
03-17 19:04:50.770  5504  5504 I ActivityThread: ActivityThread init context after
03-17 19:04:51.150  5504  5504 E dalvikvm: Could not find class 'android.app.NotificationChannel', referenced from method com.andrerinas.headunitrevived.App.onCreate
03-17 19:04:51.150  5504  5504 W dalvikvm: VFY: unable to resolve new-instance 67 (Landroid/app/NotificationChannel;) in Lcom/andrerinas/headunitrevived/App;
03-17 19:04:51.150  5504  5504 D dalvikvm: VFY: replacing opcode 0x22 at 0x009e
03-17 19:04:51.150  5504  5504 D dalvikvm: DexOpt: unable to opt direct call 0x019c at 0xa5 in Lcom/andrerinas/headunitrevived/App;.onCreate
03-17 19:04:51.150  5504  5504 D dalvikvm: DexOpt: unable to opt direct call 0x019c at 0xc1 in Lcom/andrerinas/headunitrevived/App;.onCreate
03-17 19:04:51.170  5504  5504 I MultiDex: VM with version 1.6.0 does not have multidex support
03-17 19:04:51.170  5504  5504 I MultiDex: Installing application
03-17 19:04:51.220  5504  5504 I MultiDex: MultiDexExtractor(/data/app/com.andrerinas.headunitrevived-1.apk, /data/data/com.andrerinas.headunitrevived/code_cache/secondary-dexes)
03-17 19:04:51.220  5504  5504 I MultiDex: Blocking on lock /data/data/com.andrerinas.headunitrevived/code_cache/secondary-dexes/MultiDex.lock
03-17 19:04:51.230  5504  5504 I MultiDex: /data/data/com.andrerinas.headunitrevived/code_cache/secondary-dexes/MultiDex.lock locked
03-17 19:04:51.230  5504  5504 I MultiDex: MultiDexExtractor.load(/data/app/com.andrerinas.headunitrevived-1.apk, false, )
03-17 19:04:51.290  5504  5504 I MultiDex: loading existing secondary dex files
03-17 19:04:51.300  5504  5504 I MultiDex: load found 0 secondary dex files
03-17 19:04:51.300  5504  5504 I MultiDex: install done
03-17 19:04:51.320  5504  5504 I dalvikvm: Could not find method android.os.Trace.isEnabled, referenced from method p0.a.a
03-17 19:04:51.320  5504  5504 W dalvikvm: VFY: unable to resolve static method 1735: Landroid/os/Trace;.isEnabled ()Z
03-17 19:04:51.320  5504  5504 D dalvikvm: VFY: replacing opcode 0x71 at 0x0000
03-17 19:04:51.400  5504  5504 W dalvikvm: Unable to resolve superclass of Lorg/conscrypt/TrustManagerImpl; (5292)
03-17 19:04:51.400  5504  5504 W dalvikvm: Link of class 'Lorg/conscrypt/TrustManagerImpl;' failed
03-17 19:04:51.400  5504  5504 I dalvikvm: Could not find method org.conscrypt.TrustManagerImpl.getDefaultHostnameVerifier, referenced from method org.conscrypt.Conscrypt.getDefaultHostnameVerifier
03-17 19:04:51.400  5504  5504 W dalvikvm: VFY: unable to resolve static method 59763: Lorg/conscrypt/TrustManagerImpl;.getDefaultHostnameVerifier ()Lorg/conscrypt/ConscryptHostnameVerifier;
03-17 19:04:51.400  5504  5504 D dalvikvm: VFY: replacing opcode 0x71 at 0x0003
03-17 19:04:51.410  5504  5504 W dalvikvm: Unable to resolve superclass of Lorg/conscrypt/TrustManagerImpl; (5292)
03-17 19:04:51.410  5504  5504 W dalvikvm: Link of class 'Lorg/conscrypt/TrustManagerImpl;' failed
03-17 19:04:51.410  5504  5504 W dalvikvm: VFY: unable to find class referenced in signature (Lorg/conscrypt/TrustManagerImpl;)
03-17 19:04:51.420  5504  5504 W dalvikvm: Unable to resolve superclass of Lorg/conscrypt/TrustManagerImpl; (5292)
03-17 19:04:51.420  5504  5504 W dalvikvm: Link of class 'Lorg/conscrypt/TrustManagerImpl;' failed
03-17 19:04:51.420  5504  5504 I dalvikvm: Could not find method org.conscrypt.TrustManagerImpl.getHostnameVerifier, referenced from method org.conscrypt.Conscrypt.getHostnameVerifier
03-17 19:04:51.420  5504  5504 W dalvikvm: VFY: unable to resolve virtual method 59765: Lorg/conscrypt/TrustManagerImpl;.getHostnameVerifier ()Lorg/conscrypt/ConscryptHostnameVerifier;
03-17 19:04:51.420  5504  5504 D dalvikvm: VFY: replacing opcode 0x6e at 0x0004
03-17 19:04:51.420  5504  5504 W dalvikvm: Unable to resolve superclass of Lorg/conscrypt/TrustManagerImpl; (5292)
03-17 19:04:51.420  5504  5504 W dalvikvm: Link of class 'Lorg/conscrypt/TrustManagerImpl;' failed
03-17 19:04:51.420  5504  5504 E dalvikvm: Could not find class 'org.conscrypt.TrustManagerImpl', referenced from method org.conscrypt.Conscrypt.isConscrypt
03-17 19:04:51.420  5504  5504 W dalvikvm: VFY: unable to resolve instanceof 5928 (Lorg/conscrypt/TrustManagerImpl;) in Lorg/conscrypt/Conscrypt;
03-17 19:04:51.420  5504  5504 D dalvikvm: VFY: replacing opcode 0x20 at 0x0000
03-17 19:04:51.430  5504  5504 W dalvikvm: Unable to resolve superclass of Lorg/conscrypt/TrustManagerImpl; (5292)
03-17 19:04:51.430  5504  5504 W dalvikvm: Link of class 'Lorg/conscrypt/TrustManagerImpl;' failed
03-17 19:04:51.430  5504  5504 I dalvikvm: Could not find method org.conscrypt.TrustManagerImpl.setDefaultHostnameVerifier, referenced from method org.conscrypt.Conscrypt.setDefaultHostnameVerifier
03-17 19:04:51.430  5504  5504 W dalvikvm: VFY: unable to resolve static method 59775: Lorg/conscrypt/TrustManagerImpl;.setDefaultHostnameVerifier (Lorg/conscrypt/ConscryptHostnameVerifier;)V
03-17 19:04:51.430  5504  5504 D dalvikvm: VFY: replacing opcode 0x71 at 0x0003
03-17 19:04:51.430  5504  5504 W dalvikvm: Unable to resolve superclass of Lorg/conscrypt/TrustManagerImpl; (5292)
03-17 19:04:51.430  5504  5504 W dalvikvm: Link of class 'Lorg/conscrypt/TrustManagerImpl;' failed
03-17 19:04:51.430  5504  5504 W dalvikvm: VFY: unable to find class referenced in signature (Lorg/conscrypt/TrustManagerImpl;)
03-17 19:04:51.430  5504  5504 W dalvikvm: Unable to resolve superclass of Lorg/conscrypt/TrustManagerImpl; (5292)
03-17 19:04:51.430  5504  5504 W dalvikvm: Link of class 'Lorg/conscrypt/TrustManagerImpl;' failed
03-17 19:04:51.430  5504  5504 I dalvikvm: Could not find method org.conscrypt.TrustManagerImpl.setHostnameVerifier, referenced from method org.conscrypt.Conscrypt.setHostnameVerifier
03-17 19:04:51.430  5504  5504 W dalvikvm: VFY: unable to resolve virtual method 59776: Lorg/conscrypt/TrustManagerImpl;.setHostnameVerifier (Lorg/conscrypt/ConscryptHostnameVerifier;)V
03-17 19:04:51.430  5504  5504 D dalvikvm: VFY: replacing opcode 0x6e at 0x0004
03-17 19:04:51.430  5504  5504 W dalvikvm: Unable to resolve superclass of Lorg/conscrypt/TrustManagerImpl; (5292)
03-17 19:04:51.430  5504  5504 W dalvikvm: Link of class 'Lorg/conscrypt/TrustManagerImpl;' failed
03-17 19:04:51.440  5504  5504 E dalvikvm: Could not find class 'org.conscrypt.TrustManagerImpl', referenced from method org.conscrypt.Conscrypt.toConscrypt
03-17 19:04:51.440  5504  5504 W dalvikvm: VFY: unable to resolve check-cast 5928 (Lorg/conscrypt/TrustManagerImpl;) in Lorg/conscrypt/Conscrypt;
03-17 19:04:51.440  5504  5504 D dalvikvm: VFY: replacing opcode 0x1f at 0x0006
03-17 19:04:51.600  5504  5506 D dalvikvm: GC_CONCURRENT freed 352K, 76% free 3166K/13020K, paused 41ms+4ms, total 153ms
03-17 19:04:51.600  5504  5504 D dalvikvm: WAIT_FOR_CONCURRENT_GC blocked 32ms
03-17 19:04:51.710  5504  5506 D dalvikvm: GC_CONCURRENT freed 145K, 74% free 3524K/13180K, paused 4ms+9ms, total 38ms
03-17 19:04:51.850  5504  5506 D dalvikvm: GC_CONCURRENT freed 249K, 73% free 3711K/13508K, paused 7ms+3ms, total 57ms
03-17 19:04:51.850  5504  5504 D dalvikvm: WAIT_FOR_CONCURRENT_GC blocked 30ms
03-17 19:04:51.900  5504  5504 D dalvikvm: GC_FOR_ALLOC freed 252K, 73% free 3794K/13700K, paused 37ms, total 37ms
03-17 19:04:51.950  5504  5504 D dalvikvm: GC_FOR_ALLOC freed 179K, 73% free 3818K/13700K, paused 37ms, total 37ms
03-17 19:04:52.110  5504  5506 D dalvikvm: GC_CONCURRENT freed 255K, 71% free 4070K/13828K, paused 11ms+6ms, total 99ms
03-17 19:04:52.110  5504  5504 D dalvikvm: WAIT_FOR_CONCURRENT_GC blocked 18ms
03-17 19:04:52.300  5504  5506 D dalvikvm: GC_CONCURRENT freed 116K, 69% free 4466K/14084K, paused 18ms+5ms, total 103ms
03-17 19:04:52.300  5504  5504 D dalvikvm: WAIT_FOR_CONCURRENT_GC blocked 34ms
03-17 19:04:52.590  5504  5506 D dalvikvm: GC_CONCURRENT freed 240K, 68% free 4738K/14480K, paused 5ms+12ms, total 151ms
03-17 19:04:52.590  5504  5504 D dalvikvm: WAIT_FOR_CONCURRENT_GC blocked 51ms
03-17 19:04:52.880  5504  5506 D dalvikvm: GC_CONCURRENT freed 250K, 66% free 5072K/14824K, paused 19ms+4ms, total 82ms
03-17 19:04:52.880  5504  5504 D dalvikvm: WAIT_FOR_CONCURRENT_GC blocked 18ms
03-17 19:04:52.930  5504  5504 D dalvikvm: Trying to load lib /data/app-lib/com.andrerinas.headunitrevived-1/libconscrypt_jni.so 0x427d9350
03-17 19:04:52.950  5504  5504 D dalvikvm: Added shared lib /data/app-lib/com.andrerinas.headunitrevived-1/libconscrypt_jni.so 0x427d9350
03-17 19:04:52.960  5504  5504 W dalvikvm: VFY: unable to find class referenced in signature (Ljavax/net/ssl/SNIServerName;)
03-17 19:04:52.970  5504  5504 W dalvikvm: VFY: unable to find class referenced in signature (Ljavax/net/ssl/SNIServerName;)
03-17 19:04:52.970  5504  5504 W dalvikvm: VFY: unable to find class referenced in signature (Ljavax/net/ssl/SNIHostName;)
03-17 19:04:52.980  5504  5504 W dalvikvm: VFY: unable to find class referenced in signature (Ljavax/net/ssl/SNIHostName;)
03-17 19:04:52.980  5504  5504 W dalvikvm: VFY: unable to find class referenced in signature (Ljavax/net/ssl/SNIServerName;)
03-17 19:04:52.980  5504  5504 W dalvikvm: VFY: unable to find class referenced in signature (Ljavax/net/ssl/SNIServerName;)
03-17 19:04:52.990  5504  5504 W dalvikvm: VFY: unable to find class referenced in signature (Ljavax/net/ssl/SNIMatcher;)
03-17 19:04:52.990  5504  5504 E dalvikvm: Could not find class 'javax.net.ssl.SNIHostName', referenced from method org.conscrypt.Platform.serverNamePermittedInternal
03-17 19:04:52.990  5504  5504 W dalvikvm: VFY: unable to resolve new-instance 5266 (Ljavax/net/ssl/SNIHostName;) in Lorg/conscrypt/Platform;
03-17 19:04:52.990  5504  5504 D dalvikvm: VFY: replacing opcode 0x22 at 0x0020
03-17 19:04:53.000  5504  5504 E dalvikvm: Could not find class 'javax.net.ssl.SNIHostName', referenced from method org.conscrypt.Platform.setParametersSniHostname
03-17 19:04:53.000  5504  5504 W dalvikvm: VFY: unable to resolve new-instance 5266 (Ljavax/net/ssl/SNIHostName;) in Lorg/conscrypt/Platform;
03-17 19:04:53.000  5504  5504 D dalvikvm: VFY: replacing opcode 0x22 at 0x0022
03-17 19:04:53.000  5504  5504 E dalvikvm: Could not find class 'javax.net.ssl.SNIHostName', referenced from method org.conscrypt.Platform.setParametersSniHostname
03-17 19:04:53.000  5504  5504 W dalvikvm: VFY: unable to resolve new-instance 5266 (Ljavax/net/ssl/SNIHostName;) in Lorg/conscrypt/Platform;
03-17 19:04:53.000  5504  5504 D dalvikvm: VFY: replacing opcode 0x22 at 0x0022
03-17 19:04:53.030  5504  5504 W dalvikvm: Unable to resolve superclass of Lorg/conscrypt/Java7ExtendedSSLSession; (5258)
03-17 19:04:53.030  5504  5504 W dalvikvm: Link of class 'Lorg/conscrypt/Java7ExtendedSSLSession;' failed
03-17 19:04:53.030  5504  5504 W dalvikvm: Unable to resolve superclass of Lorg/conscrypt/Java8ExtendedSSLSession; (5718)
03-17 19:04:53.030  5504  5504 W dalvikvm: Link of class 'Lorg/conscrypt/Java8ExtendedSSLSession;' failed
03-17 19:04:53.030  5504  5504 E dalvikvm: Could not find class 'org.conscrypt.Java8ExtendedSSLSession', referenced from method org.conscrypt.Platform.wrapSSLSession
03-17 19:04:53.040  5504  5504 W dalvikvm: VFY: unable to resolve new-instance 5723 (Lorg/conscrypt/Java8ExtendedSSLSession;) in Lorg/conscrypt/Platform;
03-17 19:04:53.040  5504  5504 D dalvikvm: VFY: replacing opcode 0x22 at 0x0006
03-17 19:04:53.040  5504  5504 D dalvikvm: DexOpt: unable to opt direct call 0xd853 at 0x22 in Lorg/conscrypt/Platform;.serverNamePermittedInternal
03-17 19:04:53.040  5504  5504 D dalvikvm: DexOpt: unable to opt direct call 0xd853 at 0x28 in Lorg/conscrypt/Platform;.setParametersSniHostname
03-17 19:04:53.040  5504  5504 D dalvikvm: DexOpt: unable to opt direct call 0xd853 at 0x28 in Lorg/conscrypt/Platform;.setParametersSniHostname
03-17 19:04:53.040  5504  5504 W dalvikvm: Unable to resolve superclass of Lorg/conscrypt/Java7ExtendedSSLSession; (5258)
03-17 19:04:53.050  5504  5504 W dalvikvm: Link of class 'Lorg/conscrypt/Java7ExtendedSSLSession;' failed
03-17 19:04:53.050  5504  5504 W dalvikvm: Unable to resolve superclass of Lorg/conscrypt/Java8ExtendedSSLSession; (5718)
03-17 19:04:53.050  5504  5504 W dalvikvm: Link of class 'Lorg/conscrypt/Java8ExtendedSSLSession;' failed
03-17 19:04:53.050  5504  5504 D dalvikvm: DexOpt: unable to opt direct call 0xe2a3 at 0x08 in Lorg/conscrypt/Platform;.wrapSSLSession
03-17 19:04:53.090  5504  5504 I ConscryptInit: Conscrypt installed as security provider (position: 1)
03-17 19:04:53.230  5504  5506 D dalvikvm: GC_CONCURRENT freed 544K, 67% free 5112K/15172K, paused 6ms+5ms, total 129ms
03-17 19:04:53.240  5504  5504 I HUREV   : [1] App.onCreate | Conscrypt security provider is active
03-17 19:04:53.400  5504  5504 I dalvikvm: Could not find method android.app.Activity.onMultiWindowModeChanged, referenced from method androidx.activity.ComponentActivity.onMultiWindowModeChanged
03-17 19:04:53.400  5504  5504 W dalvikvm: VFY: unable to resolve virtual method 220: Landroid/app/Activity;.onMultiWindowModeChanged (ZLandroid/content/res/Configuration;)V
03-17 19:04:53.400  5504  5504 D dalvikvm: VFY: replacing opcode 0x6f at 0x0004
03-17 19:04:53.400  5504  5504 I dalvikvm: Could not find method android.app.Activity.onPictureInPictureModeChanged, referenced from method androidx.activity.ComponentActivity.onPictureInPictureModeChanged
03-17 19:04:53.400  5504  5504 W dalvikvm: VFY: unable to resolve virtual method 224: Landroid/app/Activity;.onPictureInPictureModeChanged (ZLandroid/content/res/Configuration;)V
03-17 19:04:53.400  5504  5504 D dalvikvm: VFY: replacing opcode 0x6f at 0x0004
03-17 19:04:53.410  5504  5504 I dalvikvm: Could not find method android.app.Activity.onRequestPermissionsResult, referenced from method androidx.activity.ComponentActivity.onRequestPermissionsResult
03-17 19:04:53.410  5504  5504 W dalvikvm: VFY: unable to resolve virtual method 228: Landroid/app/Activity;.onRequestPermissionsResult (I[Ljava/lang/String;[I)V
03-17 19:04:53.410  5504  5504 D dalvikvm: VFY: replacing opcode 0x6f at 0x0020
03-17 19:04:53.410  5504  5504 I dalvikvm: Could not find method android.app.Activity.reportFullyDrawn, referenced from method androidx.activity.ComponentActivity.reportFullyDrawn
03-17 19:04:53.410  5504  5504 W dalvikvm: VFY: unable to resolve virtual method 242: Landroid/app/Activity;.reportFullyDrawn ()V
03-17 19:04:53.410  5504  5504 D dalvikvm: VFY: replacing opcode 0x6f at 0x0014
03-17 19:04:53.410  5504  5504 I dalvikvm: Could not find method android.app.Activity.reportFullyDrawn, referenced from method androidx.activity.ComponentActivity.reportFullyDrawn
03-17 19:04:53.410  5504  5504 W dalvikvm: VFY: unable to resolve virtual method 242: Landroid/app/Activity;.reportFullyDrawn ()V
03-17 19:04:53.410  5504  5504 D dalvikvm: VFY: replacing opcode 0x6f at 0x0022
03-17 19:04:53.510  5504  5504 E dalvikvm: Could not find class 'android.os.LocaleList', referenced from method b1.m.a
03-17 19:04:53.510  5504  5504 W dalvikvm: VFY: unable to resolve new-instance 333 (Landroid/os/LocaleList;) in Lb1/m;
03-17 19:04:53.510  5504  5504 D dalvikvm: VFY: replacing opcode 0x22 at 0x0035
03-17 19:04:53.520  5504  5504 D dalvikvm: DexOpt: unable to opt direct call 0x0666 at 0x3d in Lb1/m;.a
03-17 19:04:53.530  5504  5504 D AppCompatDelegate: Checking for metadata for AppLocalesMetadataHolderService : Service not found
03-17 19:04:53.640  5504  5504 D AlfusResources: cookie name=/data/app/com.andrerinas.headunitrevived-1.apk
03-17 19:04:53.730  5504  5504 D dalvikvm: GC_FOR_ALLOC freed 286K, 66% free 5197K/15172K, paused 81ms, total 81ms
03-17 19:04:53.740  5504  5504 I dalvikvm-heap: Grow heap (frag case) to 15.352MB for 1048592-byte allocation
03-17 19:04:53.880  5504  5506 D dalvikvm: GC_CONCURRENT freed 1K, 62% free 6220K/16200K, paused 11ms+8ms, total 144ms
03-17 19:04:54.010  5504  5504 I dalvikvm: Could not find method android.media.MediaCodecList.<init>, referenced from method y0.z.f
03-17 19:04:54.010  5504  5504 W dalvikvm: VFY: unable to resolve direct method 1338: Landroid/media/MediaCodecList;.<init> (I)V
03-17 19:04:54.010  5504  5504 D dalvikvm: VFY: replacing opcode 0x70 at 0x000a
03-17 19:04:54.020  5504  5504 I dalvikvm: Could not find method android.media.MediaCodecList.<init>, referenced from method y0.z$b.a
03-17 19:04:54.020  5504  5504 W dalvikvm: VFY: unable to resolve direct method 1338: Landroid/media/MediaCodecList;.<init> (I)V
03-17 19:04:54.020  5504  5504 D dalvikvm: VFY: replacing opcode 0x70 at 0x000b
03-17 19:04:54.020  5504  5504 D AlfusResources: cookie name=/data/app/com.andrerinas.headunitrevived-1.apk
03-17 19:04:54.730  5504  5504 I dalvikvm: Could not find method android.widget.TextView.getAutoSizeMaxTextSize, referenced from method androidx.appcompat.widget.g0.e
03-17 19:04:54.730  5504  5504 W dalvikvm: VFY: unable to resolve virtual method 4354: Landroid/widget/TextView;.getAutoSizeMaxTextSize ()I
03-17 19:04:54.730  5504  5504 D dalvikvm: VFY: replacing opcode 0x6f at 0x0000
03-17 19:04:54.730  5504  5504 I dalvikvm: Could not find method android.widget.TextView.setFirstBaselineToTopHeight, referenced from method androidx.appcompat.widget.g0.f
03-17 19:04:54.730  5504  5504 W dalvikvm: VFY: unable to resolve virtual method 4437: Landroid/widget/TextView;.setFirstBaselineToTopHeight (I)V
03-17 19:04:54.730  5504  5504 D dalvikvm: VFY: replacing opcode 0x6f at 0x0000
03-17 19:04:54.730  5504  5504 I dalvikvm: Could not find method android.widget.TextView.getAutoSizeMinTextSize, referenced from method androidx.appcompat.widget.g0.g
03-17 19:04:54.730  5504  5504 W dalvikvm: VFY: unable to resolve virtual method 4355: Landroid/widget/TextView;.getAutoSizeMinTextSize ()I
03-17 19:04:54.730  5504  5504 D dalvikvm: VFY: replacing opcode 0x6f at 0x0000
03-17 19:04:54.730  5504  5504 I dalvikvm: Could not find method android.widget.TextView.setLastBaselineToBottomHeight, referenced from method androidx.appcompat.widget.g0.h
03-17 19:04:54.730  5504  5504 W dalvikvm: VFY: unable to resolve virtual method 4446: Landroid/widget/TextView;.setLastBaselineToBottomHeight (I)V
03-17 19:04:54.730  5504  5504 D dalvikvm: VFY: replacing opcode 0x6f at 0x0000
03-17 19:04:54.730  5504  5504 I dalvikvm: Could not find method android.widget.TextView.getAutoSizeStepGranularity, referenced from method androidx.appcompat.widget.g0.i
03-17 19:04:54.730  5504  5504 W dalvikvm: VFY: unable to resolve virtual method 4356: Landroid/widget/TextView;.getAutoSizeStepGranularity ()I
03-17 19:04:54.730  5504  5504 D dalvikvm: VFY: replacing opcode 0x6f at 0x0000
03-17 19:04:54.730  5504  5504 I dalvikvm: Could not find method android.widget.TextView.getAutoSizeTextAvailableSizes, referenced from method androidx.appcompat.widget.g0.j
03-17 19:04:54.730  5504  5504 W dalvikvm: VFY: unable to resolve virtual method 4357: Landroid/widget/TextView;.getAutoSizeTextAvailableSizes ()[I
03-17 19:04:54.730  5504  5504 D dalvikvm: VFY: replacing opcode 0x6f at 0x0000
03-17 19:04:54.730  5504  5504 I dalvikvm: Could not find method android.widget.TextView.getAutoSizeTextType, referenced from method androidx.appcompat.widget.g0.k
03-17 19:04:54.730  5504  5504 W dalvikvm: VFY: unable to resolve virtual method 4358: Landroid/widget/TextView;.getAutoSizeTextType ()I
03-17 19:04:54.730  5504  5504 D dalvikvm: VFY: replacing opcode 0x6f at 0x0000
03-17 19:04:54.730  5504  5504 I dalvikvm: Could not find method android.widget.TextView.getTextClassifier, referenced from method androidx.appcompat.widget.g0.l
03-17 19:04:54.730  5504  5504 W dalvikvm: VFY: unable to resolve virtual method 4393: Landroid/widget/TextView;.getTextClassifier ()Landroid/view/textclassifier/TextClassifier;
03-17 19:04:54.730  5504  5504 D dalvikvm: VFY: replacing opcode 0x6f at 0x0000
03-17 19:04:54.730  5504  5504 I dalvikvm: Could not find method android.widget.TextView.setAutoSizeTextTypeUniformWithConfiguration, referenced from method androidx.appcompat.widget.g0.m
03-17 19:04:54.730  5504  5504 W dalvikvm: VFY: unable to resolve virtual method 4417: Landroid/widget/TextView;.setAutoSizeTextTypeUniformWithConfiguration (IIII)V
03-17 19:04:54.730  5504  5504 D dalvikvm: VFY: replacing opcode 0x6f at 0x0000
03-17 19:04:54.730  5504  5504 I dalvikvm: Could not find method android.widget.TextView.setAutoSizeTextTypeUniformWithPresetSizes, referenced from method androidx.appcompat.widget.g0.n
03-17 19:04:54.730  5504  5504 W dalvikvm: VFY: unable to resolve virtual method 4418: Landroid/widget/TextView;.setAutoSizeTextTypeUniformWithPresetSizes ([II)V
03-17 19:04:54.730  5504  5504 D dalvikvm: VFY: replacing opcode 0x6f at 0x0000
03-17 19:04:54.740  5504  5504 I dalvikvm: Could not find method android.widget.TextView.setAutoSizeTextTypeWithDefaults, referenced from method androidx.appcompat.widget.g0.o
03-17 19:04:54.740  5504  5504 W dalvikvm: VFY: unable to resolve virtual method 4419: Landroid/widget/TextView;.setAutoSizeTextTypeWithDefaults (I)V
03-17 19:04:54.740  5504  5504 D dalvikvm: VFY: replacing opcode 0x6f at 0x0000
03-17 19:04:54.740  5504  5504 W dalvikvm: VFY: unable to find class referenced in signature (Landroid/view/textclassifier/TextClassifier;)
03-17 19:04:54.740  5504  5504 I dalvikvm: Could not find method android.widget.TextView.setTextClassifier, referenced from method androidx.appcompat.widget.g0.p
03-17 19:04:54.740  5504  5504 W dalvikvm: VFY: unable to resolve virtual method 4467: Landroid/widget/TextView;.setTextClassifier (Landroid/view/textclassifier/TextClassifier;)V
03-17 19:04:54.740  5504  5504 D dalvikvm: VFY: replacing opcode 0x6f at 0x0000
03-17 19:04:54.740  5504  5504 W dalvikvm: VFY: unable to find class referenced in signature (Landroid/view/textclassifier/TextClassifier;)
03-17 19:04:54.740  5504  5504 W dalvikvm: VFY: unable to find class referenced in signature (Landroid/view/textclassifier/TextClassifier;)
03-17 19:04:54.740  5504  5504 W dalvikvm: VFY: unable to find class referenced in signature (Landroid/view/textclassifier/TextClassifier;)
03-17 19:04:54.750  5504  5504 W dalvikvm: VFY: unable to find class referenced in signature (Landroid/view/textclassifier/TextClassifier;)
03-17 19:04:54.750  5504  5504 W dalvikvm: VFY: unable to find class referenced in signature (Landroid/view/textclassifier/TextClassifier;)
03-17 19:04:54.750  5504  5504 W dalvikvm: VFY: unable to find class referenced in signature (Landroid/view/textclassifier/TextClassifier;)
03-17 19:04:54.760  5504  5504 W dalvikvm: VFY: unable to find class referenced in signature (Landroid/view/textclassifier/TextClassifier;)
03-17 19:04:54.860  5504  5506 D dalvikvm: GC_CONCURRENT freed 1807K, 68% free 5430K/16744K, paused 6ms+4ms, total 60ms
03-17 19:04:56.020  5504  5504 D zjy     : view visibility = 7
03-17 19:04:56.050  5504  5504 I HUREV   : [1] MainActivity.handleIntent | MainActivity received intent: android.intent.action.MAIN, data: null
03-17 19:04:56.130  5504  5504 W dalvikvm: Unable to resolve superclass of Lcom/andrerinas/headunitrevived/aap/AapService$q; (288)
03-17 19:04:56.140  5504  5504 W dalvikvm: Link of class 'Lcom/andrerinas/headunitrevived/aap/AapService$q;' failed
03-17 19:04:56.140  5504  5504 E dalvikvm: Could not find class 'com.andrerinas.headunitrevived.aap.AapService$q', referenced from method com.andrerinas.headunitrevived.aap.AapService.I
03-17 19:04:56.140  5504  5504 W dalvikvm: VFY: unable to resolve new-instance 2875 (Lcom/andrerinas/headunitrevived/aap/AapService$q;) in Lcom/andrerinas/headunitrevived/aap/AapService;
03-17 19:04:56.140  5504  5504 D dalvikvm: VFY: replacing opcode 0x22 at 0x0014
03-17 19:04:56.150  5504  5504 W dalvikvm: VFY: unable to find class referenced in signature (Landroid/net/Network;)
03-17 19:04:56.200  5504  5504 W dalvikvm: Unable to resolve superclass of Lcom/andrerinas/headunitrevived/aap/AapService$q; (288)
03-17 19:04:56.200  5504  5504 W dalvikvm: Link of class 'Lcom/andrerinas/headunitrevived/aap/AapService$q;' failed
03-17 19:04:56.200  5504  5504 D dalvikvm: DexOpt: unable to opt direct call 0x41a3 at 0x16 in Lcom/andrerinas/headunitrevived/aap/AapService;.I
03-17 19:04:56.200  5504  5504 D dalvikvm: DexOpt: unable to opt direct call 0x05af at 0x21 in Lcom/andrerinas/headunitrevived/aap/AapService;.I
03-17 19:04:56.280  5504  5504 I dalvikvm: Could not find method android.widget.Button.setElevation, referenced from method com.google.android.material.button.MaterialButton.setElevation
03-17 19:04:56.280  5504  5504 W dalvikvm: VFY: unable to resolve virtual method 3910: Landroid/widget/Button;.setElevation (F)V
03-17 19:04:56.280  5504  5504 D dalvikvm: VFY: replacing opcode 0x6f at 0x0000
03-17 19:04:56.290  5504  5504 I dalvikvm: Could not find method android.widget.Button.getAutoSizeMaxTextSize, referenced from method androidx.appcompat.widget.f.getAutoSizeMaxTextSize
03-17 19:04:56.290  5504  5504 W dalvikvm: VFY: unable to resolve virtual method 3885: Landroid/widget/Button;.getAutoSizeMaxTextSize ()I
03-17 19:04:56.290  5504  5504 D dalvikvm: VFY: replacing opcode 0x6f at 0x0004
03-17 19:04:56.290  5504  5504 I dalvikvm: Could not find method android.widget.Button.getAutoSizeMinTextSize, referenced from method androidx.appcompat.widget.f.getAutoSizeMinTextSize
03-17 19:04:56.290  5504  5504 W dalvikvm: VFY: unable to resolve virtual method 3886: Landroid/widget/Button;.getAutoSizeMinTextSize ()I
03-17 19:04:56.290  5504  5504 D dalvikvm: VFY: replacing opcode 0x6f at 0x0004
03-17 19:04:56.290  5504  5504 I dalvikvm: Could not find method android.widget.Button.getAutoSizeStepGranularity, referenced from method androidx.appcompat.widget.f.getAutoSizeStepGranularity
03-17 19:04:56.290  5504  5504 W dalvikvm: VFY: unable to resolve virtual method 3887: Landroid/widget/Button;.getAutoSizeStepGranularity ()I
03-17 19:04:56.290  5504  5504 D dalvikvm: VFY: replacing opcode 0x6f at 0x0004
03-17 19:04:56.290  5504  5504 I dalvikvm: Could not find method android.widget.Button.getAutoSizeTextAvailableSizes, referenced from method androidx.appcompat.widget.f.getAutoSizeTextAvailableSizes
03-17 19:04:56.290  5504  5504 W dalvikvm: VFY: unable to resolve virtual method 3888: Landroid/widget/Button;.getAutoSizeTextAvailableSizes ()[I
03-17 19:04:56.290  5504  5504 D dalvikvm: VFY: replacing opcode 0x6f at 0x0004
03-17 19:04:56.290  5504  5504 I dalvikvm: Could not find method android.widget.Button.getAutoSizeTextType, referenced from method androidx.appcompat.widget.f.getAutoSizeTextType
03-17 19:04:56.290  5504  5504 W dalvikvm: VFY: unable to resolve virtual method 3889: Landroid/widget/Button;.getAutoSizeTextType ()I
03-17 19:04:56.290  5504  5504 D dalvikvm: VFY: replacing opcode 0x6f at 0x0005
03-17 19:04:56.290  5504  5504 I dalvikvm: Could not find method android.widget.Button.setAutoSizeTextTypeUniformWithConfiguration, referenced from method androidx.appcompat.widget.f.setAutoSizeTextTypeUniformWithConfiguration
03-17 19:04:56.290  5504  5504 W dalvikvm: VFY: unable to resolve virtual method 3903: Landroid/widget/Button;.setAutoSizeTextTypeUniformWithConfiguration (IIII)V
03-17 19:04:56.290  5504  5504 D dalvikvm: VFY: replacing opcode 0x6f at 0x0004
03-17 19:04:56.300  5504  5504 I dalvikvm: Could not find method android.widget.Button.setAutoSizeTextTypeUniformWithPresetSizes, referenced from method androidx.appcompat.widget.f.setAutoSizeTextTypeUniformWithPresetSizes
03-17 19:04:56.300  5504  5504 W dalvikvm: VFY: unable to resolve virtual method 3904: Landroid/widget/Button;.setAutoSizeTextTypeUniformWithPresetSizes ([II)V
03-17 19:04:56.300  5504  5504 D dalvikvm: VFY: replacing opcode 0x6f at 0x0004
03-17 19:04:56.300  5504  5504 I dalvikvm: Could not find method android.widget.Button.setAutoSizeTextTypeWithDefaults, referenced from method androidx.appcompat.widget.f.setAutoSizeTextTypeWithDefaults
03-17 19:04:56.300  5504  5504 W dalvikvm: VFY: unable to resolve virtual method 3905: Landroid/widget/Button;.setAutoSizeTextTypeWithDefaults (I)V
03-17 19:04:56.300  5504  5504 D dalvikvm: VFY: replacing opcode 0x6f at 0x0004
03-17 19:04:56.320  5504  5504 E dalvikvm: Could not find class 'android.graphics.drawable.RippleDrawable', referenced from method com.google.android.material.button.e.a
03-17 19:04:56.320  5504  5504 W dalvikvm: VFY: unable to resolve new-instance 210 (Landroid/graphics/drawable/RippleDrawable;) in Lcom/google/android/material/button/e;
03-17 19:04:56.320  5504  5504 D dalvikvm: VFY: replacing opcode 0x22 at 0x0056
03-17 19:04:56.330  5504  5504 W dalvikvm: VFY: unable to find class referenced in signature (Landroid/graphics/drawable/RippleDrawable;)
03-17 19:04:56.330  5504  5504 W dalvikvm: VFY: unable to find class referenced in signature (Landroid/graphics/drawable/RippleDrawable;)
03-17 19:04:56.330  5504  5504 D dalvikvm: DexOpt: unable to opt direct call 0x04a1 at 0x6f in Lcom/google/android/material/button/e;.a
03-17 19:04:56.520  5504  5506 D dalvikvm: GC_CONCURRENT freed 569K, 67% free 5674K/16744K, paused 37ms+4ms, total 175ms
03-17 19:04:56.520  5504  5504 D dalvikvm: WAIT_FOR_CONCURRENT_GC blocked 13ms
03-17 19:04:56.710  5504  5504 D zjy     : view visibility = 7
03-17 19:04:56.730  5504  5504 I HUREV   : [1] HomeFragment.onResume | HomeFragment: onResume. isConnected=false
03-17 19:04:56.770  5504  5504 I HUREV   : [1] AapService.onCreate | AapService creating...
03-17 19:04:56.850  5504  5504 I HUREV   : [1] v.invoke | NightMode update: true
03-17 19:04:57.150  5504  5504 I HUREV   : [1] AapService.J | Registered runtime MEDIA_BUTTON receiver
03-17 19:04:57.230  5504  5504 W dalvikvm: Unable to resolve superclass of Landroid/support/v4/media/session/MediaSessionCompat$b$b; (278)
03-17 19:04:57.230  5504  5504 W dalvikvm: Link of class 'Landroid/support/v4/media/session/MediaSessionCompat$b$b;' failed
03-17 19:04:57.230  5504  5504 E dalvikvm: Could not find class 'android.support.v4.media.session.MediaSessionCompat$b$b', referenced from method android.support.v4.media.session.MediaSessionCompat$b.<init>
03-17 19:04:57.230  5504  5504 W dalvikvm: VFY: unable to resolve new-instance 446 (Landroid/support/v4/media/session/MediaSessionCompat$b$b;) in Landroid/support/v4/media/session/MediaSessionCompat$b;
03-17 19:04:57.230  5504  5504 D dalvikvm: VFY: replacing opcode 0x22 at 0x0011
03-17 19:04:57.260  5504  5504 W dalvikvm: Unable to resolve superclass of Landroid/support/v4/media/session/MediaSessionCompat$b$b; (278)
03-17 19:04:57.260  5504  5504 W dalvikvm: Link of class 'Landroid/support/v4/media/session/MediaSessionCompat$b$b;' failed
03-17 19:04:57.260  5504  5504 D dalvikvm: DexOpt: unable to opt direct call 0x07f1 at 0x13 in Landroid/support/v4/media/session/MediaSessionCompat$b;.<init>
03-17 19:04:57.280  5504  5504 D AudioManager: getStreamVolume=3,index=8
03-17 19:04:57.480  5504  5504 I HUREV   : [1] AapService.onCreate | Auto-started continuous log capture
03-17 19:04:57.620  5504  5504 I HUREV   : [1] AapService.onCreate | Auto-started continuous log capture
03-17 19:04:57.700  5504  5504 I Choreographer: Skipped 52 frames!  The application may be doing too much work on its main thread.
03-17 19:04:58.250  5504  5506 D dalvikvm: GC_CONCURRENT freed 491K, 65% free 5952K/16744K, paused 19ms+15ms, total 209ms
03-17 19:04:58.440  5504  5504 D libEGL  : loaded /system/lib/egl/libEGL_VIVANTE.so
03-17 19:05:00.330  5504  5504 D libEGL  : loaded /system/lib/egl/libGLESv1_CM_VIVANTE.so
03-17 19:05:00.510  5504  5504 D libEGL  : loaded /system/lib/egl/libGLESv2_VIVANTE.so
03-17 19:05:00.760  5504  5504 D OpenGLRenderer: Enabling debug mode 0
03-17 19:05:00.890  5504  5504 I HUREV   : [1] a.a | Request location updates
03-17 19:05:00.900  5504  5504 I HUREV   : [1] a.a | Last known location:  Unknown
03-17 19:05:00.900  5504  5504 I Choreographer: Skipped 177 frames!  The application may be doing too much work on its main thread.
03-17 19:05:01.060  5504  5504 I HUREV   : [1] p.onReceive | USB Intent: Intent { act=android.hardware.usb.action.USB_DEVICE_ATTACHED flg=0x10000010 (has extras) }
03-17 19:05:01.060  5504  5504 I HUREV   : [1] p.onReceive | USB Intent: Intent { act=android.hardware.usb.action.USB_DEVICE_ATTACHED flg=0x10000010 (has extras) }
03-17 19:05:01.060  5504  5504 I HUREV   : [1] AapService.onUsbAttach | Normal USB device attached: Google 18D1:4EE1. Will check auto-connect in 2000ms...
03-17 19:05:01.070  5504  5504 D zjy     : view visibility = 7
03-17 19:05:01.110  5504  5504 I HUREV   : [1] UsbAttachedActivity.onCreate | USB Intent: Intent { act=android.hardware.usb.action.USB_DEVICE_ATTACHED flg=0x10000000 cmp=com.andrerinas.headunitrevived/.app.UsbAttachedActivity (has extras) }
03-17 19:05:01.120  5504  5504 I HUREV   : [1] UsbAttachedActivity.onCreate | Skipping device Google 18D1:4EE1
03-17 19:05:01.130  5504  5504 D zjy     : view visibility = 0
03-17 19:05:01.850  5504  5504 D zjy     : view visibility = 7
03-17 19:05:01.880  5504  5504 D zjy     : view visibility = 7
03-17 19:05:01.890  5504  5504 I HUREV   : [1] HomeFragment.onResume | HomeFragment: onResume. isConnected=false
03-17 19:05:03.170  5504  5504 I HUREV   : [1] m.invokeSuspend | UsbAttachedActivity didn't handle Google 18D1:4EE1. Trying from service...
03-17 19:05:07.970  5504  5504 W dalvikvm: VFY: unable to find class referenced in signature (Landroid/view/ViewOutlineProvider;)
03-17 19:05:07.970  5504  5504 W dalvikvm: VFY: unable to find class referenced in signature (Landroid/view/ViewOutlineProvider;)
03-17 19:05:07.990  5504  5504 I dalvikvm: Could not find method android.widget.LinearLayout.setElevation, referenced from method com.google.android.material.appbar.AppBarLayout.setElevation
03-17 19:05:07.990  5504  5504 W dalvikvm: VFY: unable to resolve virtual method 4195: Landroid/widget/LinearLayout;.setElevation (F)V
03-17 19:05:07.990  5504  5504 D dalvikvm: VFY: replacing opcode 0x6f at 0x0000
03-17 19:05:08.030  5504  5504 I dalvikvm: Could not find method android.view.ViewGroup.setElevation, referenced from method com.google.android.material.appbar.MaterialToolbar.setElevation
03-17 19:05:08.030  5504  5504 W dalvikvm: VFY: unable to resolve virtual method 3431: Landroid/view/ViewGroup;.setElevation (F)V
03-17 19:05:08.030  5504  5504 D dalvikvm: VFY: replacing opcode 0x6f at 0x0000
03-17 19:05:08.100  5504  5504 I dalvikvm: Could not find method android.widget.LinearLayout$LayoutParams.<init>, referenced from method com.google.android.material.appbar.AppBarLayout$d.<init>
03-17 19:05:08.100  5504  5504 W dalvikvm: VFY: unable to resolve direct method 4164: Landroid/widget/LinearLayout$LayoutParams;.<init> (Landroid/widget/LinearLayout$LayoutParams;)V
03-17 19:05:08.100  5504  5504 D dalvikvm: VFY: replacing opcode 0x70 at 0x0000
03-17 19:05:30.150  5504  5504 I HUREV   : [1] p.onReceive | USB Intent: Intent { act=android.hardware.usb.action.USB_DEVICE_ATTACHED flg=0x10000010 (has extras) }
03-17 19:05:30.200  5504  5504 I HUREV   : [1] p.onReceive | USB Intent: Intent { act=android.hardware.usb.action.USB_DEVICE_ATTACHED flg=0x10000010 (has extras) }
03-17 19:05:30.210  5504  5504 I HUREV   : [1] AapService.onUsbAttach | Normal USB device attached: 4884 1314:1520. Will check auto-connect in 2000ms...
03-17 19:05:30.280  5504  5506 D dalvikvm: GC_CONCURRENT freed 661K, 64% free 6192K/16744K, paused 9ms+7ms, total 95ms
03-17 19:05:30.450  5504  5504 D zjy     : view visibility = 7
03-17 19:05:30.460  5504  5504 D zjy     : view visibility = 7
03-17 19:05:32.260  5504  5504 I HUREV   : [1] m.invokeSuspend | UsbAttachedActivity didn't handle 4884 1314:1520. Trying from service...
03-17 19:05:42.940  5504  5504 I HUREV   : [1] n.c | Success controlTransfer len: 2  acc_ver: 2
03-17 19:05:42.940  5504  5504 I HUREV   : [1] n.c | acc_ver: 2
03-17 19:05:42.940  5504  5504 I HUREV   : [1] n.b | Success controlTransfer len: 7  index: 0  string: "Android"
03-17 19:05:42.950  5504  5504 I HUREV   : [1] n.b | Success controlTransfer len: 12  index: 1  string: "Android Auto"
03-17 19:05:42.950  5504  5504 I HUREV   : [1] n.b | Success controlTransfer len: 12  index: 2  string: "Android Auto"
03-17 19:05:42.950  5504  5504 I HUREV   : [1] n.b | Success controlTransfer len: 5  index: 3  string: "2.0.1"
03-17 19:05:42.950  5504  5504 I HUREV   : [1] n.b | Success controlTransfer len: 45  index: 4  string: "https://developer.android.com/auto/index.html"
03-17 19:05:42.960  5504  5504 I HUREV   : [1] n.b | Success controlTransfer len: 12  index: 5  string: "HU-AAAAAA001"
03-17 19:05:42.960  5504  5504 I HUREV   : [1] n.c | Sending acc start
03-17 19:05:42.960  5504  5504 I HUREV   : [1] n.c | Acc start sent (len=0). Waiting for re-enumeration...
03-17 19:05:43.460  5504  5504 D UsbDeviceConnectionJNI: close
03-17 19:05:43.460  5504  5504 I HUREV   : [1] n.a | Result: true
03-17 19:05:43.460  5504  5504 D AlfusResources: cookie name=/system/framework/framework-res.apk
03-17 19:05:43.530  5504  5504 I HUREV   : [1] p.onReceive | USB Intent: Intent { act=android.hardware.usb.action.USB_DEVICE_DETACHED flg=0x10 (has extras) }
03-17 19:05:43.530  5504  5504 I HUREV   : [1] p.onReceive | USB Intent: Intent { act=android.hardware.usb.action.USB_DEVICE_DETACHED flg=0x10 (has extras) }
03-17 19:05:43.840  5504  5504 I HUREV   : [1] p.onReceive | USB Intent: Intent { act=android.hardware.usb.action.USB_DEVICE_ATTACHED flg=0x10000010 (has extras) }
03-17 19:05:43.860  5504  5504 I HUREV   : [1] p.onReceive | USB Intent: Intent { act=android.hardware.usb.action.USB_DEVICE_ATTACHED flg=0x10000010 (has extras) }
03-17 19:05:43.860  5504  5504 I HUREV   : [1] AapService.onUsbAttach | USB accessory device attached, connecting.
03-17 19:05:43.870  5504  5504 I HUREV   : [1] AapService.u | Found device already in accessory mode: Google 18D1:2D00
03-17 19:05:43.920  5504  6966 I HUREV   : [170] m.l | Established connection: android.hardware.usb.UsbDeviceConnection@42afbfb0
03-17 19:05:43.920  5504  6966 I HUREV   : [170] m.l | interfaceCount: 1
03-17 19:05:43.920  5504  6966 I HUREV   : [170] m.j | Check accessory endpoints
03-17 19:05:43.920  5504  6966 I HUREV   : [170] m.j | Connected have EPs
03-17 19:05:43.970  5504  5504 I HUREV   : [1] UsbAttachedActivity.onCreate | USB Intent: Intent { act=android.hardware.usb.action.USB_DEVICE_ATTACHED flg=0x10000000 cmp=com.andrerinas.headunitrevived/.app.UsbAttachedActivity (has extras) }
03-17 19:05:43.970  5504  5504 E HUREV   : [1] UsbAttachedActivity.onCreate | Usb in accessory mode
03-17 19:05:44.020  5504  5504 I HUREV   : [1] AapService.t | WifiLock acquired (HIGH_PERF)
03-17 19:05:44.050  5504  5504 D zjy     : view visibility = 7
03-17 19:05:44.140  5504  6966 I HUREV   : [170] t0.<init> | Using Java SSL implementation
03-17 19:05:44.160  5504  6966 W dalvikvm: VFY: unable to find class referenced in signature (Landroid/media/AudioFocusRequest;)
03-17 19:05:44.160  5504  6966 E dalvikvm: Could not find class 'android.media.AudioAttributes$Builder', referenced from method t0.i.c
03-17 19:05:44.160  5504  6966 W dalvikvm: VFY: unable to resolve new-instance 245 (Landroid/media/AudioAttributes$Builder;) in Lt0/i;
03-17 19:05:44.160  5504  6966 D dalvikvm: VFY: replacing opcode 0x22 at 0x004b
03-17 19:05:44.170  5504  6966 D dalvikvm: DexOpt: unable to opt direct call 0x04ec at 0x4d in Lt0/i;.c
03-17 19:05:44.170  5504  6966 D dalvikvm: DexOpt: unable to opt direct call 0x04f3 at 0x62 in Lt0/i;.c
03-17 19:05:44.250  5504  6966 D dalvikvm: GC_FOR_ALLOC freed 705K, 63% free 6349K/16744K, paused 84ms, total 84ms
03-17 19:05:44.260  5504  6966 I dalvikvm-heap: Grow heap (frag case) to 16.478MB for 1048656-byte allocation
03-17 19:05:44.320  5504  5504 D dalvikvm: GC_FOR_ALLOC freed 42K, 59% free 7331K/17772K, paused 58ms, total 58ms
03-17 19:05:44.330  5504  6966 I HUREV   : [170] t0.B | Start Aap transport handshake for w0.m@42b10a38
03-17 19:05:44.430  5504  5506 D dalvikvm: GC_CONCURRENT freed 270K, 59% free 7338K/17772K, paused 9ms+9ms, total 104ms
03-17 19:05:44.510  5504  5504 I HUREV   : [1] AapProjectionActivity.onCreate | HeadUnit for Android Auto (tm) - Copyright 2011-2015 Michael A. Reid., since 2025 André Rinas All Rights Reserved...
03-17 19:05:44.510  5504  5504 I HUREV   : [1] AapProjectionActivity.onCreate | Using TextureView
03-17 19:05:44.520  5504  5504 I HUREV   : [1] i.p | CarScreen: usable width: 1920 height: 720 (Raw: 1920x720, Insets: L0 T0 R0 B0)
03-17 19:05:44.520  5504  5504 I HUREV   : [1] i.p | CarScreen isSmallScreen: true, scaleFactor: 1.0
03-17 19:05:44.520  5504  5504 I HUREV   : [1] i.p | CarScreen using: _1920x1080, number: 3, scales: scaleX: 1.0, scaleY: 1.5
03-17 19:05:44.520  5504  5504 D zjy     : view visibility = 7
03-17 19:05:44.530  5504  5504 I HUREV   : [1] AapProjectionActivity.onResume | AapProjectionActivity: onResume
03-17 19:05:44.530  5504  5504 D zjy     : view visibility = 7
03-17 19:05:44.600  5504  5504 D zjy     : view visibility = 7
03-17 19:05:44.630  5504  5504 I HUREV   : [1] i.onSurfaceTextureAvailable | TextureProjectionView: Surface available: 1920x720
03-17 19:05:44.640  5504  5504 I HUREV   : [1] AapProjectionActivity.d | [AapProjectionActivity] onSurfaceCreated
03-17 19:05:44.640  5504  5504 I HUREV   : [1] AapProjectionActivity.b | [AapProjectionActivity] onSurfaceChanged. Actual surface dimensions: width=1920, height=720
03-17 19:05:44.640  5504  5504 I HUREV   : [1] z.q | New surface set: Surface(name=android.graphics.SurfaceTexture@42b899a8)
03-17 19:05:44.900  5504  6966 I HUREV   : [170] m.e | USB reads recovered after 1 errors
03-17 19:05:44.900  5504  6966 I HUREV   : [170] t0.l | Handshake: Version response received (ret=12, attempt=1).
03-17 19:05:44.900  5504  6966 I HUREV   : [170] t0.l | Handshake: Version response recv ret: 12
03-17 19:05:45.320  5504  6966 I HUREV   : [170] o0.performHandshake | SSL handshake complete. Session id: 5pmD7B8g4lV2vYnF8fXICXRlaYRQttXIXMuNG8fSrlM=
03-17 19:05:45.320  5504  6966 I HUREV   : [170] t0.l | Handshake: Status OK sent: 8
03-17 19:05:45.330  5504  6966 I HUREV   : [170] i.c | Audio Focus Request: stream=3, type=1
03-17 19:05:45.330  5504  6966 D AudioManager: Qian:requestAudioFocus:3
03-17 19:05:45.340  5504  6966 I HUREV   : [170] i.c | Audio focus request result (legacy): GRANTED
03-17 19:05:45.340  5504  6966 I HUREV   : [170] t0.E | Start Aap transport read loop
03-17 19:05:45.430  5504  6966 D dalvikvm: GC_FOR_ALLOC freed 764K, 59% free 7569K/18056K, paused 78ms, total 78ms
03-17 19:05:45.430  5504  6966 E dalvikvm: Could not find class 'android.app.NotificationChannel', referenced from method com.andrerinas.headunitrevived.aap.a$a.a
03-17 19:05:45.430  5504  6966 W dalvikvm: VFY: unable to resolve new-instance 67 (Landroid/app/NotificationChannel;) in Lcom/andrerinas/headunitrevived/aap/a$a;
03-17 19:05:45.430  5504  6966 D dalvikvm: VFY: replacing opcode 0x22 at 0x000b
03-17 19:05:45.440  5504  6966 D dalvikvm: DexOpt: unable to opt direct call 0x019c at 0x16 in Lcom/andrerinas/headunitrevived/aap/a$a;.a
03-17 19:05:45.520  5504  6966 D dalvikvm: GC_FOR_ALLOC freed 26K, 58% free 7811K/18316K, paused 80ms, total 80ms
03-17 19:05:45.530  5504  5504 I HUREV   : [1] g.onReceive | Received request to resend night mode state
03-17 19:05:45.540  5504  6972 I HUREV   : [176] o.h | Service Discovery Request: Auto
03-17 19:05:45.540  5504  5504 I HUREV   : [1] v.invoke | NightMode update: true
03-17 19:05:45.540  5504  6972 I HUREV   : [176] i.p | CarScreen: usable width: 1920 height: 720 (Raw: 1920x720, Insets: L0 T0 R0 B0)
03-17 19:05:45.540  5504  6972 I HUREV   : [176] i.p | CarScreen isSmallScreen: true, scaleFactor: 1.0
03-17 19:05:45.550  5504  6972 I HUREV   : [176] i.p | CarScreen using: _1920x1080, number: 3, scales: scaleX: 1.0, scaleY: 1.5
03-17 19:05:45.560  5504  6972 I HUREV   : [176] a.b | [ServiceDiscovery] Announcing NIGHT sensor support. Strategy: MANUAL_TIME
03-17 19:05:45.560  5504  6972 I HUREV   : [176] a.b | [ServiceDiscovery] NegotiatedResolution is: 1920x1080
03-17 19:05:45.560  5504  6972 I HUREV   : [176] a.b | [ServiceDiscovery] Margins are: 0x360
03-17 19:05:45.580  5504  6972 I HUREV   : [176] a.b | BT MAC Address is empty. Skip bluetooth service
03-17 19:05:45.640  5504  6972 I HUREV   : [176] o.c | Audio Focus Request: RELEASE
03-17 19:05:45.640  5504  6972 I HUREV   : [176] i.c | Audio Focus Request: stream=3, type=4
03-17 19:05:45.640  5504  6972 D AudioManager: Qian:abandonAudioFocus:
03-17 19:05:45.640  5504  6972 I HUREV   : [176] i.c | Audio focus request result (legacy): GRANTED
03-17 19:05:45.640  5504  6972 I HUREV   : [176] o.c | Sending immediate AudioFocusNotification: STATE_LOSS
03-17 19:05:45.670  5504  6972 W HUREV   : [176] u0.a | AapVideo: Dropped Flag 11 packet. len=4, buf[10]=?
03-17 19:05:45.680  5504  6972 I HUREV   : [176] l.b | Media Sink Setup Request: 3 on channel VIDEO
03-17 19:05:45.770  5504  6972 I HUREV   : [176] l.b | Config response: status: HEADUNIT
03-17 19:05:45.770  5504  6972 I HUREV   : max_unacked: 1
03-17 19:05:45.770  5504  6972 I HUREV   : configuration_indices: 0
03-17 19:05:45.780  5504  6972 I HUREV   : [176] l.b | Media Sink Setup Request: 2 on channel AUDIO1
03-17 19:05:45.780  5504  6972 I HUREV   : [176] l.b | Config response: status: HEADUNIT
03-17 19:05:45.780  5504  6972 I HUREV   : max_unacked: 3
03-17 19:05:45.780  5504  6972 I HUREV   : configuration_indices: 0
03-17 19:05:45.780  5504  5504 I HUREV   : [1] AapProjectionActivity.onPause | AapProjectionActivity: onPause
03-17 19:05:45.790  5504  6972 I HUREV   : [176] l.b | Media Sink Setup Request: 2 on channel AUDIO2
03-17 19:05:45.790  5504  5504 I HUREV   : [1] AapProjectionActivity.onNewIntent | AapProjectionActivity: onNewIntent received
03-17 19:05:45.790  5504  6972 I HUREV   : [176] l.b | Config response: status: HEADUNIT
03-17 19:05:45.790  5504  6972 I HUREV   : max_unacked: 3
03-17 19:05:45.790  5504  6972 I HUREV   : configuration_indices: 0
03-17 19:05:45.790  5504  5504 I HUREV   : [1] AapProjectionActivity.onResume | AapProjectionActivity: onResume
03-17 19:05:45.790  5504  5504 D zjy     : view visibility = 7
03-17 19:05:45.790  5504  6972 I HUREV   : [176] l.b | Media Sink Setup Request: 2 on channel AUDIO
03-17 19:05:45.800  5504  6972 I HUREV   : [176] l.b | Config response: status: HEADUNIT
03-17 19:05:45.800  5504  6972 I HUREV   : max_unacked: 3
03-17 19:05:45.800  5504  6972 I HUREV   : configuration_indices: 0
03-17 19:05:48.300  5504  6972 W HUREV   : [176] m.e | USB read errors (10) for 2s — waiting for recovery...
03-17 19:05:48.790  5504  5504 W HUREV   : [1] l.run | Watchdog: No video received. Requesting Keyframe (Unsolicited Focus)...
03-17 19:05:48.850  5504  6972 I HUREV   : [176] m.e | USB reads recovered after 11 errors
03-17 19:05:48.850  5504  6972 W HUREV   : [176] u0.a | AapVideo: Dropped Flag 11 packet. len=6, buf[10]=?
03-17 19:05:48.850  5504  6972 I HUREV   : [176] l.d | Media Start Request VIDEO: session=0, config_index=0
03-17 19:05:49.060  5504  6972 I HUREV   : [176] m.e | USB reads recovered after 1 errors
03-17 19:05:49.070  5504  6972 I HUREV   : [176] z.c | H.264/AVC config detected in frame (38 bytes)
03-17 19:05:49.070  5504  6972 I HUREV   : [176] z.m | SPS parsed: 1920x1080
03-17 19:05:49.070  5504  6972 I HUREV   : [176] AapProjectionActivity.a | [AapProjectionActivity] Received video dimensions: 1920x1080
03-17 19:05:49.070  5504  5504 I HUREV   : [1] i.a | TextureProjectionView
03-17 19:05:49.070  5504  5504 I HUREV   : [1] h.a | ProjectionViewScaler: Dimensions: Video: 1920x1080, Content: 1920x640, View: 1920x720
03-17 19:05:49.070  5504  5504 I HUREV   : [1] h.a | ProjectionViewScaler: Scale updated for view i. scaleX: 1.0, scaleY: 1.5
03-17 19:05:49.080  5504  7008 I OMXClient: Using client-side OMX mux.
03-17 19:05:49.080  5504  6972 I HUREV   : [176] z.r | Configuring decoder: OMX.Freescale.std.video_decoder.avc.v3.hw-based with surface
03-17 19:05:49.090  5504  7008 I ACodec  : Send reorder config(0) to VPU
03-17 19:05:49.830  5504  7019 I HUREV   : [177] z.l | Output thread started
03-17 19:05:49.830  5504  6972 I HUREV   : [176] z.r | Codec initialized: OMX.Freescale.std.video_decoder.avc.v3.hw-based for stream 1920x1080
03-17 19:05:49.910  5504  6972 D dalvikvm: GC_FOR_ALLOC freed 593K, 55% free 8669K/18920K, paused 72ms, total 72ms
03-17 19:05:50.030  5504  7019 I HUREV   : [177] z.j | Output Format Changed: {height=1088, what=1869968451, color-format=19, slice-height=0, crop-left=0, width=1920, crop-bottom=1079, crop-top=0, mime=video/raw, stride=1920, crop-right=1919}
03-17 19:05:50.030  5504  7019 I HUREV   : [177] z.j | Video dimensions changed via format: 1920x1088
03-17 19:05:50.030  5504  7019 I HUREV   : [177] AapProjectionActivity.a | [AapProjectionActivity] Received video dimensions: 1920x1088
03-17 19:05:50.030  5504  5504 I HUREV   : [1] i.a | TextureProjectionView
03-17 19:05:50.040  5504  7008 E ACodec  : dequeueBuffer failed.
03-17 19:05:50.040  5504  5504 I HUREV   : [1] h.a | ProjectionViewScaler: Dimensions: Video: 1920x1088, Content: 1920x640, View: 1920x720
03-17 19:05:50.040  5504  5504 I HUREV   : [1] h.a | ProjectionViewScaler: Scale updated for view i. scaleX: 1.0, scaleY: 1.5
03-17 19:05:50.050  5504  7008 E ACodec  : dequeueBuffer failed.
03-17 19:05:50.290  5504  6972 I HUREV   : [176] m.e | USB reads recovered after 1 errors
