--------- beginning of /dev/log/main
03-17 06:16:04.930  3689  3689 W dalvikvm: Unable to resolve superclass of Lcom/andrerinas/headunitrevived/aap/AapService$q; (289)
03-17 06:16:04.930  3689  3689 W dalvikvm: Link of class 'Lcom/andrerinas/headunitrevived/aap/AapService$q;' failed
03-17 06:16:04.930  3689  3689 E dalvikvm: Could not find class 'com.andrerinas.headunitrevived.aap.AapService$q', referenced from method com.andrerinas.headunitrevived.aap.AapService.I
03-17 06:16:04.930  3689  3689 W dalvikvm: VFY: unable to resolve new-instance 2864 (Lcom/andrerinas/headunitrevived/aap/AapService$q;) in Lcom/andrerinas/headunitrevived/aap/AapService;
03-17 06:16:04.930  3689  3689 D dalvikvm: VFY: replacing opcode 0x22 at 0x0014
03-17 06:16:04.940  3689  3689 W dalvikvm: VFY: unable to find class referenced in signature (Landroid/net/Network;)
03-17 06:16:05.000  3689  3689 W dalvikvm: Unable to resolve superclass of Lcom/andrerinas/headunitrevived/aap/AapService$q; (289)
03-17 06:16:05.000  3689  3689 W dalvikvm: Link of class 'Lcom/andrerinas/headunitrevived/aap/AapService$q;' failed
03-17 06:16:05.000  3689  3689 D dalvikvm: DexOpt: unable to opt direct call 0x4150 at 0x16 in Lcom/andrerinas/headunitrevived/aap/AapService;.I
03-17 06:16:05.000  3689  3689 D dalvikvm: DexOpt: unable to opt direct call 0x05b0 at 0x21 in Lcom/andrerinas/headunitrevived/aap/AapService;.I
03-17 06:16:05.050  3689  3689 I HUREV   : [1] AapService.onCreate | AapService creating...
03-17 06:16:05.350  3689  3689 I HUREV   : [1] w.invoke | NightMode update: false
03-17 06:16:05.520  3689  3689 I HUREV   : [1] AapService.J | Registered runtime MEDIA_BUTTON receiver
03-17 06:16:05.560  3689  3689 W dalvikvm: Unable to resolve superclass of Landroid/support/v4/media/session/MediaSessionCompat$b$b; (279)
03-17 06:16:05.560  3689  3689 W dalvikvm: Link of class 'Landroid/support/v4/media/session/MediaSessionCompat$b$b;' failed
03-17 06:16:05.560  3689  3689 E dalvikvm: Could not find class 'android.support.v4.media.session.MediaSessionCompat$b$b', referenced from method android.support.v4.media.session.MediaSessionCompat$b.<init>
03-17 06:16:05.560  3689  3689 W dalvikvm: VFY: unable to resolve new-instance 447 (Landroid/support/v4/media/session/MediaSessionCompat$b$b;) in Landroid/support/v4/media/session/MediaSessionCompat$b;
03-17 06:16:05.560  3689  3689 D dalvikvm: VFY: replacing opcode 0x22 at 0x0011
03-17 06:16:05.580  3689  3689 W dalvikvm: Unable to resolve superclass of Landroid/support/v4/media/session/MediaSessionCompat$b$b; (279)
03-17 06:16:05.580  3689  3689 W dalvikvm: Link of class 'Landroid/support/v4/media/session/MediaSessionCompat$b$b;' failed
03-17 06:16:05.580  3689  3689 D dalvikvm: DexOpt: unable to opt direct call 0x07f2 at 0x13 in Landroid/support/v4/media/session/MediaSessionCompat$b;.<init>
03-17 06:16:05.680  3689  3694 D dalvikvm: GC_CONCURRENT freed 635K, 66% free 5327K/15484K, paused 22ms+13ms, total 259ms
03-17 06:16:05.680  3689  3689 D dalvikvm: WAIT_FOR_CONCURRENT_GC blocked 99ms
03-17 06:16:05.680  3689  3689 W dalvikvm: Unable to resolve superclass of Lk0/k$a; (274)
03-17 06:16:05.680  3689  3689 W dalvikvm: Link of class 'Lk0/k$a;' failed
03-17 06:16:05.680  3689  3689 E dalvikvm: Could not find class 'k0.k$a', referenced from method k0.k.d
03-17 06:16:05.680  3689  3689 W dalvikvm: VFY: unable to resolve new-instance 5269 (Lk0/k$a;) in Lk0/k;
03-17 06:16:05.680  3689  3689 D dalvikvm: VFY: replacing opcode 0x22 at 0x000a
03-17 06:16:05.680  3689  3689 W dalvikvm: Unable to resolve superclass of Lk0/k$b; (274)
03-17 06:16:05.680  3689  3689 W dalvikvm: Link of class 'Lk0/k$b;' failed
03-17 06:16:05.690  3689  3689 E dalvikvm: Could not find class 'k0.k$b', referenced from method k0.k.d
03-17 06:16:05.690  3689  3689 W dalvikvm: VFY: unable to resolve new-instance 5270 (Lk0/k$b;) in Lk0/k;
03-17 06:16:05.690  3689  3689 D dalvikvm: VFY: replacing opcode 0x22 at 0x0020
03-17 06:16:05.690  3689  3689 W dalvikvm: Unable to resolve superclass of Lk0/k$a; (274)
03-17 06:16:05.690  3689  3689 W dalvikvm: Link of class 'Lk0/k$a;' failed
03-17 06:16:05.690  3689  3689 D dalvikvm: DexOpt: unable to opt direct call 0xd82a at 0x15 in Lk0/k;.d
03-17 06:16:05.690  3689  3689 W dalvikvm: Unable to resolve superclass of Lk0/k$b; (274)
03-17 06:16:05.690  3689  3689 W dalvikvm: Link of class 'Lk0/k$b;' failed
03-17 06:16:05.690  3689  3689 D dalvikvm: DexOpt: unable to opt direct call 0xd82d at 0x28 in Lk0/k;.d
03-17 06:16:05.890  3689  3689 I HUREV   : [1] AapService.onCreate | Auto-started continuous log capture
03-17 06:16:05.960  3689  3689 I HUREV   : [1] AapService.onCreate | Auto-started continuous log capture
03-17 06:16:06.080  3689  3689 I dalvikvm: Could not find method android.app.Activity.onMultiWindowModeChanged, referenced from method androidx.activity.ComponentActivity.onMultiWindowModeChanged
03-17 06:16:06.080  3689  3689 W dalvikvm: VFY: unable to resolve virtual method 220: Landroid/app/Activity;.onMultiWindowModeChanged (ZLandroid/content/res/Configuration;)V
03-17 06:16:06.080  3689  3689 D dalvikvm: VFY: replacing opcode 0x6f at 0x0004
03-17 06:16:06.090  3689  3689 I dalvikvm: Could not find method android.app.Activity.onPictureInPictureModeChanged, referenced from method androidx.activity.ComponentActivity.onPictureInPictureModeChanged
03-17 06:16:06.090  3689  3689 W dalvikvm: VFY: unable to resolve virtual method 224: Landroid/app/Activity;.onPictureInPictureModeChanged (ZLandroid/content/res/Configuration;)V
03-17 06:16:06.090  3689  3689 D dalvikvm: VFY: replacing opcode 0x6f at 0x0004
03-17 06:16:06.090  3689  3689 I dalvikvm: Could not find method android.app.Activity.onRequestPermissionsResult, referenced from method androidx.activity.ComponentActivity.onRequestPermissionsResult
03-17 06:16:06.090  3689  3689 W dalvikvm: VFY: unable to resolve virtual method 228: Landroid/app/Activity;.onRequestPermissionsResult (I[Ljava/lang/String;[I)V
03-17 06:16:06.090  3689  3689 D dalvikvm: VFY: replacing opcode 0x6f at 0x0020
03-17 06:16:06.090  3689  3689 I dalvikvm: Could not find method android.app.Activity.reportFullyDrawn, referenced from method androidx.activity.ComponentActivity.reportFullyDrawn
03-17 06:16:06.090  3689  3689 W dalvikvm: VFY: unable to resolve virtual method 242: Landroid/app/Activity;.reportFullyDrawn ()V
03-17 06:16:06.090  3689  3689 D dalvikvm: VFY: replacing opcode 0x6f at 0x0014
03-17 06:16:06.090  3689  3689 I dalvikvm: Could not find method android.app.Activity.reportFullyDrawn, referenced from method androidx.activity.ComponentActivity.reportFullyDrawn
03-17 06:16:06.090  3689  3689 W dalvikvm: VFY: unable to resolve virtual method 242: Landroid/app/Activity;.reportFullyDrawn ()V
03-17 06:16:06.090  3689  3689 D dalvikvm: VFY: replacing opcode 0x6f at 0x0022
03-17 06:16:06.130  3689  3689 D AppCompatDelegate: Checking for metadata for AppLocalesMetadataHolderService : Service not found
03-17 06:16:06.200  3689  3689 D AlfusResources: cookie name=/data/app/com.andrerinas.headunitrevived-1.apk
03-17 06:16:06.270  3689  3689 D dalvikvm: GC_FOR_ALLOC freed 286K, 65% free 5439K/15484K, paused 75ms, total 78ms
03-17 06:16:06.280  3689  3689 I dalvikvm-heap: Grow heap (frag case) to 15.588MB for 1048592-byte allocation
03-17 06:16:06.450  3689  3694 D dalvikvm: GC_CONCURRENT freed <1K, 61% free 6463K/16512K, paused 16ms+3ms, total 164ms
03-17 06:16:06.450  3689  3698 D dalvikvm: WAIT_FOR_CONCURRENT_GC blocked 151ms
03-17 06:16:06.450  3689  6251 D dalvikvm: WAIT_FOR_CONCURRENT_GC blocked 143ms
03-17 06:16:06.710  3689  3689 D dalvikvm: GC_FOR_ALLOC freed 1121K, 68% free 5458K/16580K, paused 58ms, total 58ms
03-17 06:16:06.780  3689  3689 I dalvikvm-heap: Grow heap (frag case) to 20.607MB for 6291472-byte allocation
03-17 06:16:06.950  3689  3694 D dalvikvm: GC_CONCURRENT freed <1K, 49% free 11602K/22728K, paused 18ms+23ms, total 168ms
03-17 06:16:07.560  3689  3689 D dalvikvm: GC_FOR_ALLOC freed 0K, 49% free 11602K/22728K, paused 58ms, total 58ms
03-17 06:16:07.580  3689  3689 I dalvikvm-heap: Grow heap (frag case) to 22.107MB for 1572880-byte allocation
03-17 06:16:07.700  3689  3689 D dalvikvm: GC_FOR_ALLOC freed 0K, 46% free 13138K/24268K, paused 49ms, total 49ms
03-17 06:16:07.770  3689  3689 I dalvikvm: Could not find method android.widget.TextView.getAutoSizeMaxTextSize, referenced from method androidx.appcompat.widget.g0.e
03-17 06:16:07.770  3689  3689 W dalvikvm: VFY: unable to resolve virtual method 4350: Landroid/widget/TextView;.getAutoSizeMaxTextSize ()I
03-17 06:16:07.770  3689  3689 D dalvikvm: VFY: replacing opcode 0x6f at 0x0000
03-17 06:16:07.770  3689  3689 I dalvikvm: Could not find method android.widget.TextView.setFirstBaselineToTopHeight, referenced from method androidx.appcompat.widget.g0.f
03-17 06:16:07.770  3689  3689 W dalvikvm: VFY: unable to resolve virtual method 4432: Landroid/widget/TextView;.setFirstBaselineToTopHeight (I)V
03-17 06:16:07.770  3689  3689 D dalvikvm: VFY: replacing opcode 0x6f at 0x0000
03-17 06:16:07.770  3689  3689 I dalvikvm: Could not find method android.widget.TextView.getAutoSizeMinTextSize, referenced from method androidx.appcompat.widget.g0.g
03-17 06:16:07.770  3689  3689 W dalvikvm: VFY: unable to resolve virtual method 4351: Landroid/widget/TextView;.getAutoSizeMinTextSize ()I
03-17 06:16:07.770  3689  3689 D dalvikvm: VFY: replacing opcode 0x6f at 0x0000
03-17 06:16:07.770  3689  3689 I dalvikvm: Could not find method android.widget.TextView.setLastBaselineToBottomHeight, referenced from method androidx.appcompat.widget.g0.h
03-17 06:16:07.770  3689  3689 W dalvikvm: VFY: unable to resolve virtual method 4441: Landroid/widget/TextView;.setLastBaselineToBottomHeight (I)V
03-17 06:16:07.770  3689  3689 D dalvikvm: VFY: replacing opcode 0x6f at 0x0000
03-17 06:16:07.780  3689  3689 I dalvikvm: Could not find method android.widget.TextView.getAutoSizeStepGranularity, referenced from method androidx.appcompat.widget.g0.i
03-17 06:16:07.780  3689  3689 W dalvikvm: VFY: unable to resolve virtual method 4352: Landroid/widget/TextView;.getAutoSizeStepGranularity ()I
03-17 06:16:07.780  3689  3689 D dalvikvm: VFY: replacing opcode 0x6f at 0x0000
03-17 06:16:07.780  3689  3689 I dalvikvm: Could not find method android.widget.TextView.getAutoSizeTextAvailableSizes, referenced from method androidx.appcompat.widget.g0.j
03-17 06:16:07.780  3689  3689 W dalvikvm: VFY: unable to resolve virtual method 4353: Landroid/widget/TextView;.getAutoSizeTextAvailableSizes ()[I
03-17 06:16:07.780  3689  3689 D dalvikvm: VFY: replacing opcode 0x6f at 0x0000
03-17 06:16:07.780  3689  3689 I dalvikvm: Could not find method android.widget.TextView.getAutoSizeTextType, referenced from method androidx.appcompat.widget.g0.k
03-17 06:16:07.780  3689  3689 W dalvikvm: VFY: unable to resolve virtual method 4354: Landroid/widget/TextView;.getAutoSizeTextType ()I
03-17 06:16:07.780  3689  3689 D dalvikvm: VFY: replacing opcode 0x6f at 0x0000
03-17 06:16:07.780  3689  3689 I dalvikvm: Could not find method android.widget.TextView.getTextClassifier, referenced from method androidx.appcompat.widget.g0.l
03-17 06:16:07.780  3689  3689 W dalvikvm: VFY: unable to resolve virtual method 4389: Landroid/widget/TextView;.getTextClassifier ()Landroid/view/textclassifier/TextClassifier;
03-17 06:16:07.780  3689  3689 D dalvikvm: VFY: replacing opcode 0x6f at 0x0000
03-17 06:16:07.780  3689  3689 I dalvikvm: Could not find method android.widget.TextView.setAutoSizeTextTypeUniformWithConfiguration, referenced from method androidx.appcompat.widget.g0.m
03-17 06:16:07.780  3689  3689 W dalvikvm: VFY: unable to resolve virtual method 4413: Landroid/widget/TextView;.setAutoSizeTextTypeUniformWithConfiguration (IIII)V
03-17 06:16:07.780  3689  3689 D dalvikvm: VFY: replacing opcode 0x6f at 0x0000
03-17 06:16:07.780  3689  3689 I dalvikvm: Could not find method android.widget.TextView.setAutoSizeTextTypeUniformWithPresetSizes, referenced from method androidx.appcompat.widget.g0.n
03-17 06:16:07.780  3689  3689 W dalvikvm: VFY: unable to resolve virtual method 4414: Landroid/widget/TextView;.setAutoSizeTextTypeUniformWithPresetSizes ([II)V
03-17 06:16:07.780  3689  3689 D dalvikvm: VFY: replacing opcode 0x6f at 0x0000
03-17 06:16:07.780  3689  3689 I dalvikvm: Could not find method android.widget.TextView.setAutoSizeTextTypeWithDefaults, referenced from method androidx.appcompat.widget.g0.o
03-17 06:16:07.780  3689  3689 W dalvikvm: VFY: unable to resolve virtual method 4415: Landroid/widget/TextView;.setAutoSizeTextTypeWithDefaults (I)V
03-17 06:16:07.780  3689  3689 D dalvikvm: VFY: replacing opcode 0x6f at 0x0000
03-17 06:16:07.790  3689  3689 W dalvikvm: VFY: unable to find class referenced in signature (Landroid/view/textclassifier/TextClassifier;)
03-17 06:16:07.790  3689  3689 I dalvikvm: Could not find method android.widget.TextView.setTextClassifier, referenced from method androidx.appcompat.widget.g0.p
03-17 06:16:07.790  3689  3689 W dalvikvm: VFY: unable to resolve virtual method 4462: Landroid/widget/TextView;.setTextClassifier (Landroid/view/textclassifier/TextClassifier;)V
03-17 06:16:07.790  3689  3689 D dalvikvm: VFY: replacing opcode 0x6f at 0x0000
03-17 06:16:07.790  3689  3689 W dalvikvm: VFY: unable to find class referenced in signature (Landroid/view/textclassifier/TextClassifier;)
03-17 06:16:07.790  3689  3689 W dalvikvm: VFY: unable to find class referenced in signature (Landroid/view/textclassifier/TextClassifier;)
03-17 06:16:07.790  3689  3689 W dalvikvm: VFY: unable to find class referenced in signature (Landroid/view/textclassifier/TextClassifier;)
03-17 06:16:07.790  3689  3689 W dalvikvm: VFY: unable to find class referenced in signature (Landroid/view/textclassifier/TextClassifier;)
03-17 06:16:07.800  3689  3689 W dalvikvm: VFY: unable to find class referenced in signature (Landroid/view/textclassifier/TextClassifier;)
03-17 06:16:07.800  3689  3689 W dalvikvm: VFY: unable to find class referenced in signature (Landroid/view/textclassifier/TextClassifier;)
03-17 06:16:07.800  3689  3689 W dalvikvm: VFY: unable to find class referenced in signature (Landroid/view/textclassifier/TextClassifier;)
03-17 06:16:07.900  3689  3689 D zjy     : view visibility = 7
03-17 06:16:07.920  3689  3689 I HUREV   : [1] MainActivity.handleIntent | MainActivity received intent: android.intent.action.MAIN, data: null
03-17 06:16:08.040  3689  3689 I dalvikvm: Could not find method android.widget.Button.setElevation, referenced from method com.google.android.material.button.MaterialButton.setElevation
03-17 06:16:08.040  3689  3689 W dalvikvm: VFY: unable to resolve virtual method 3910: Landroid/widget/Button;.setElevation (F)V
03-17 06:16:08.040  3689  3689 D dalvikvm: VFY: replacing opcode 0x6f at 0x0000
03-17 06:16:08.040  3689  3689 I dalvikvm: Could not find method android.widget.Button.getAutoSizeMaxTextSize, referenced from method androidx.appcompat.widget.f.getAutoSizeMaxTextSize
03-17 06:16:08.040  3689  3689 W dalvikvm: VFY: unable to resolve virtual method 3885: Landroid/widget/Button;.getAutoSizeMaxTextSize ()I
03-17 06:16:08.040  3689  3689 D dalvikvm: VFY: replacing opcode 0x6f at 0x0004
03-17 06:16:08.050  3689  3689 I dalvikvm: Could not find method android.widget.Button.getAutoSizeMinTextSize, referenced from method androidx.appcompat.widget.f.getAutoSizeMinTextSize
03-17 06:16:08.050  3689  3689 W dalvikvm: VFY: unable to resolve virtual method 3886: Landroid/widget/Button;.getAutoSizeMinTextSize ()I
03-17 06:16:08.050  3689  3689 D dalvikvm: VFY: replacing opcode 0x6f at 0x0004
03-17 06:16:08.050  3689  3689 I dalvikvm: Could not find method android.widget.Button.getAutoSizeStepGranularity, referenced from method androidx.appcompat.widget.f.getAutoSizeStepGranularity
03-17 06:16:08.050  3689  3689 W dalvikvm: VFY: unable to resolve virtual method 3887: Landroid/widget/Button;.getAutoSizeStepGranularity ()I
03-17 06:16:08.050  3689  3689 D dalvikvm: VFY: replacing opcode 0x6f at 0x0004
03-17 06:16:08.050  3689  3689 I dalvikvm: Could not find method android.widget.Button.getAutoSizeTextAvailableSizes, referenced from method androidx.appcompat.widget.f.getAutoSizeTextAvailableSizes
03-17 06:16:08.050  3689  3689 W dalvikvm: VFY: unable to resolve virtual method 3888: Landroid/widget/Button;.getAutoSizeTextAvailableSizes ()[I
03-17 06:16:08.050  3689  3689 D dalvikvm: VFY: replacing opcode 0x6f at 0x0004
03-17 06:16:08.060  3689  3689 I dalvikvm: Could not find method android.widget.Button.getAutoSizeTextType, referenced from method androidx.appcompat.widget.f.getAutoSizeTextType
03-17 06:16:08.060  3689  3689 W dalvikvm: VFY: unable to resolve virtual method 3889: Landroid/widget/Button;.getAutoSizeTextType ()I
03-17 06:16:08.060  3689  3689 D dalvikvm: VFY: replacing opcode 0x6f at 0x0005
03-17 06:16:08.060  3689  3689 I dalvikvm: Could not find method android.widget.Button.setAutoSizeTextTypeUniformWithConfiguration, referenced from method androidx.appcompat.widget.f.setAutoSizeTextTypeUniformWithConfiguration
03-17 06:16:08.060  3689  3689 W dalvikvm: VFY: unable to resolve virtual method 3903: Landroid/widget/Button;.setAutoSizeTextTypeUniformWithConfiguration (IIII)V
03-17 06:16:08.060  3689  3689 D dalvikvm: VFY: replacing opcode 0x6f at 0x0004
03-17 06:16:08.060  3689  3689 I dalvikvm: Could not find method android.widget.Button.setAutoSizeTextTypeUniformWithPresetSizes, referenced from method androidx.appcompat.widget.f.setAutoSizeTextTypeUniformWithPresetSizes
03-17 06:16:08.060  3689  3689 W dalvikvm: VFY: unable to resolve virtual method 3904: Landroid/widget/Button;.setAutoSizeTextTypeUniformWithPresetSizes ([II)V
03-17 06:16:08.060  3689  3689 D dalvikvm: VFY: replacing opcode 0x6f at 0x0004
03-17 06:16:08.060  3689  3689 I dalvikvm: Could not find method android.widget.Button.setAutoSizeTextTypeWithDefaults, referenced from method androidx.appcompat.widget.f.setAutoSizeTextTypeWithDefaults
03-17 06:16:08.060  3689  3689 W dalvikvm: VFY: unable to resolve virtual method 3905: Landroid/widget/Button;.setAutoSizeTextTypeWithDefaults (I)V
03-17 06:16:08.070  3689  3689 D dalvikvm: VFY: replacing opcode 0x6f at 0x0004
03-17 06:16:08.090  3689  3689 E dalvikvm: Could not find class 'android.graphics.drawable.RippleDrawable', referenced from method com.google.android.material.button.e.a
03-17 06:16:08.090  3689  3689 W dalvikvm: VFY: unable to resolve new-instance 210 (Landroid/graphics/drawable/RippleDrawable;) in Lcom/google/android/material/button/e;
03-17 06:16:08.090  3689  3689 D dalvikvm: VFY: replacing opcode 0x22 at 0x0056
03-17 06:16:08.100  3689  3689 W dalvikvm: VFY: unable to find class referenced in signature (Landroid/graphics/drawable/RippleDrawable;)
03-17 06:16:08.100  3689  3689 W dalvikvm: VFY: unable to find class referenced in signature (Landroid/graphics/drawable/RippleDrawable;)
03-17 06:16:08.100  3689  3689 D dalvikvm: DexOpt: unable to opt direct call 0x04a0 at 0x6f in Lcom/google/android/material/button/e;.a
03-17 06:16:08.320  3689  3689 D zjy     : view visibility = 7
03-17 06:16:08.330  3689  3689 I HUREV   : [1] HomeFragment.onResume | HomeFragment: onResume. isConnected=false
03-17 06:16:08.350  3689  3689 I HUREV   : [1] a.a | Request location updates
03-17 06:16:08.360  3689  3689 I HUREV   : [1] a.a | Last known location:  Unknown
03-17 06:16:08.360  3689  3689 I HUREV   : [1] p.onReceive | USB Intent: Intent { act=android.hardware.usb.action.USB_DEVICE_DETACHED flg=0x10 (has extras) }
03-17 06:16:08.810  3689  3689 D libEGL  : loaded /system/lib/egl/libEGL_VIVANTE.so
03-17 06:16:10.180  3689  3689 D libEGL  : loaded /system/lib/egl/libGLESv1_CM_VIVANTE.so
03-17 06:16:10.340  3689  3689 D libEGL  : loaded /system/lib/egl/libGLESv2_VIVANTE.so
03-17 06:16:10.650  3689  3689 D OpenGLRenderer: Enabling debug mode 0
03-17 06:16:10.730  3689  3689 I Choreographer: Skipped 130 frames!  The application may be doing too much work on its main thread.
03-17 06:16:10.880  3689  3689 D zjy     : view visibility = 7
03-17 06:16:10.890  3689  3689 I HUREV   : [1] p.onReceive | USB Intent: Intent { act=android.hardware.usb.action.USB_DEVICE_ATTACHED flg=0x10000010 (has extras) }
03-17 06:16:10.890  3689  3689 I HUREV   : [1] AapService.onUsbAttach | Normal USB device attached: 4884 1314:1520. Will check auto-connect in 2000ms...
03-17 06:16:10.890  3689  3689 I HUREV   : [1] p.onReceive | USB Intent: Intent { act=android.hardware.usb.action.USB_DEVICE_ATTACHED flg=0x10000010 (has extras) }
03-17 06:16:10.910  3689  3689 I HUREV   : [1] UsbAttachedActivity.onCreate | USB Intent: Intent { act=android.hardware.usb.action.USB_DEVICE_ATTACHED flg=0x10000000 cmp=com.andrerinas.headunitrevived/.app.UsbAttachedActivity (has extras) }
03-17 06:16:10.910  3689  3689 I HUREV   : [1] UsbAttachedActivity.onCreate | Skipping device 4884 1314:1520
03-17 06:16:11.200  3689  3689 D zjy     : view visibility = 7
03-17 06:16:12.370  3689  3689 I Choreographer: Skipped 65 frames!  The application may be doing too much work on its main thread.
03-17 06:16:12.410  3689  3689 D zjy     : view visibility = 7
03-17 06:16:12.430  3689  3689 I HUREV   : [1] HomeFragment.onResume | HomeFragment: onResume. isConnected=false
03-17 06:16:12.940  3689  3689 I HUREV   : [1] m.invokeSuspend | UsbAttachedActivity didn't handle 4884 1314:1520. Trying from service...
03-17 06:16:14.110  3689  3689 W dalvikvm: VFY: unable to find class referenced in signature (Landroid/view/ViewOutlineProvider;)
03-17 06:16:14.120  3689  3689 W dalvikvm: VFY: unable to find class referenced in signature (Landroid/view/ViewOutlineProvider;)
03-17 06:16:14.130  3689  3689 I dalvikvm: Could not find method android.widget.LinearLayout.setElevation, referenced from method com.google.android.material.appbar.AppBarLayout.setElevation
03-17 06:16:14.130  3689  3689 W dalvikvm: VFY: unable to resolve virtual method 4194: Landroid/widget/LinearLayout;.setElevation (F)V
03-17 06:16:14.130  3689  3689 D dalvikvm: VFY: replacing opcode 0x6f at 0x0000
03-17 06:16:14.190  3689  3689 I dalvikvm: Could not find method android.view.ViewGroup.setElevation, referenced from method com.google.android.material.appbar.MaterialToolbar.setElevation
03-17 06:16:14.190  3689  3689 W dalvikvm: VFY: unable to resolve virtual method 3431: Landroid/view/ViewGroup;.setElevation (F)V
03-17 06:16:14.190  3689  3689 D dalvikvm: VFY: replacing opcode 0x6f at 0x0000
03-17 06:16:14.250  3689  3689 I dalvikvm: Could not find method android.widget.LinearLayout$LayoutParams.<init>, referenced from method com.google.android.material.appbar.AppBarLayout$d.<init>
03-17 06:16:14.250  3689  3689 W dalvikvm: VFY: unable to resolve direct method 4163: Landroid/widget/LinearLayout$LayoutParams;.<init> (Landroid/widget/LinearLayout$LayoutParams;)V
03-17 06:16:14.250  3689  3689 D dalvikvm: VFY: replacing opcode 0x70 at 0x0000
03-17 06:16:22.000  3689  3689 I HUREV   : [1] p.onReceive | USB Intent: Intent { act=android.hardware.usb.action.USB_DEVICE_DETACHED flg=0x10 (has extras) }
03-17 06:16:22.010  3689  3689 I HUREV   : [1] p.onReceive | USB Intent: Intent { act=android.hardware.usb.action.USB_DEVICE_DETACHED flg=0x10 (has extras) }
03-17 06:16:25.120  3689  3689 I HUREV   : [1] p.onReceive | USB Intent: Intent { act=android.hardware.usb.action.USB_DEVICE_ATTACHED flg=0x10000010 (has extras) }
03-17 06:16:25.120  3689  3689 I HUREV   : [1] AapService.onUsbAttach | Normal USB device attached: 4884 1314:1520. Will check auto-connect in 2000ms...
03-17 06:16:25.120  3689  3689 I HUREV   : [1] p.onReceive | USB Intent: Intent { act=android.hardware.usb.action.USB_DEVICE_ATTACHED flg=0x10000010 (has extras) }
03-17 06:16:25.390  3689  3689 I HUREV   : [1] UsbAttachedActivity.onCreate | USB Intent: Intent { act=android.hardware.usb.action.USB_DEVICE_ATTACHED flg=0x10000000 cmp=com.andrerinas.headunitrevived/.app.UsbAttachedActivity (has extras) }
03-17 06:16:25.390  3689  3689 I HUREV   : [1] UsbAttachedActivity.onCreate | Skipping device 4884 1314:1520
03-17 06:16:25.430  3689  3689 D zjy     : view visibility = 7
03-17 06:16:25.740  3689  3689 D zjy     : view visibility = 7
03-17 06:16:27.160  3689  3689 I HUREV   : [1] m.invokeSuspend | UsbAttachedActivity didn't handle 4884 1314:1520. Trying from service...
03-17 06:16:27.810  3689  3689 I HUREV   : [1] n.c | Success controlTransfer len: 2  acc_ver: 2
03-17 06:16:27.820  3689  3689 I HUREV   : [1] n.c | acc_ver: 2
03-17 06:16:27.840  3689  3689 I HUREV   : [1] n.b | Success controlTransfer len: 7  index: 0  string: "Android"
03-17 06:16:27.840  3689  3689 I HUREV   : [1] n.b | Success controlTransfer len: 12  index: 1  string: "Android Auto"
03-17 06:16:27.850  3689  3689 I HUREV   : [1] n.b | Success controlTransfer len: 12  index: 2  string: "Android Auto"
03-17 06:16:27.850  3689  3689 I HUREV   : [1] n.b | Success controlTransfer len: 5  index: 3  string: "2.0.1"
03-17 06:16:27.850  3689  3689 I HUREV   : [1] n.b | Success controlTransfer len: 45  index: 4  string: "https://developer.android.com/auto/index.html"
03-17 06:16:27.850  3689  3689 I HUREV   : [1] n.b | Success controlTransfer len: 12  index: 5  string: "HU-AAAAAA001"
03-17 06:16:27.850  3689  3689 I HUREV   : [1] n.c | Sending acc start
03-17 06:16:27.860  3689  3689 I HUREV   : [1] n.c | Acc start sent (len=0). Waiting for re-enumeration...
03-17 06:16:28.360  3689  3689 D UsbDeviceConnectionJNI: close
03-17 06:16:28.360  3689  3689 I HUREV   : [1] n.a | Result: true
03-17 06:16:28.370  3689  3689 D AlfusResources: cookie name=/system/framework/framework-res.apk
03-17 06:16:28.450  3689  3689 I HUREV   : [1] p.onReceive | USB Intent: Intent { act=android.hardware.usb.action.USB_DEVICE_DETACHED flg=0x10 (has extras) }
03-17 06:16:28.450  3689  3689 I HUREV   : [1] p.onReceive | USB Intent: Intent { act=android.hardware.usb.action.USB_DEVICE_DETACHED flg=0x10 (has extras) }
03-17 06:16:28.560  3689  3689 I HUREV   : [1] p.onReceive | USB Intent: Intent { act=android.hardware.usb.action.USB_DEVICE_ATTACHED flg=0x10000010 (has extras) }
03-17 06:16:28.570  3689  3689 I HUREV   : [1] AapService.onUsbAttach | USB accessory device attached, connecting.
03-17 06:16:28.590  3689  3689 I HUREV   : [1] AapService.u | Found device already in accessory mode: Google 18D1:2D00
03-17 06:16:28.590  3689  3689 I HUREV   : [1] p.onReceive | USB Intent: Intent { act=android.hardware.usb.action.USB_DEVICE_ATTACHED flg=0x10000010 (has extras) }
03-17 06:16:28.780  3689  6995 I HUREV   : [51] m.l | Established connection: android.hardware.usb.UsbDeviceConnection@434e5bb0
03-17 06:16:28.780  3689  6995 I HUREV   : [51] m.l | interfaceCount: 1
03-17 06:16:28.790  3689  6995 I HUREV   : [51] m.j | Check accessory endpoints
03-17 06:16:28.800  3689  6995 I HUREV   : [51] m.j | Connected have EPs
03-17 06:16:28.870  3689  3689 I HUREV   : [1] UsbAttachedActivity.onCreate | USB Intent: Intent { act=android.hardware.usb.action.USB_DEVICE_ATTACHED flg=0x10000000 cmp=com.andrerinas.headunitrevived/.app.UsbAttachedActivity (has extras) }
03-17 06:16:28.880  3689  3689 E HUREV   : [1] UsbAttachedActivity.onCreate | Usb in accessory mode
03-17 06:16:29.150  3689  3689 I HUREV   : [1] AapService.t | WifiLock acquired (HIGH_PERF)
03-17 06:16:29.300  3689  3689 D zjy     : view visibility = 7
03-17 06:16:29.460  3689  3689 I Choreographer: Skipped 31 frames!  The application may be doing too much work on its main thread.
03-17 06:16:29.610  3689  6995 I HUREV   : [51] s0.<init> | Using Java SSL implementation
03-17 06:16:29.690  3689  6995 W dalvikvm: VFY: unable to find class referenced in signature (Landroid/media/AudioFocusRequest;)
03-17 06:16:29.700  3689  6995 E dalvikvm: Could not find class 'android.media.AudioAttributes$Builder', referenced from method t0.j.c
03-17 06:16:29.700  3689  6995 W dalvikvm: VFY: unable to resolve new-instance 245 (Landroid/media/AudioAttributes$Builder;) in Lt0/j;
03-17 06:16:29.700  3689  6995 D dalvikvm: VFY: replacing opcode 0x22 at 0x004b
03-17 06:16:29.700  3689  6995 D dalvikvm: DexOpt: unable to opt direct call 0x04eb at 0x4d in Lt0/j;.c
03-17 06:16:29.700  3689  6995 D dalvikvm: DexOpt: unable to opt direct call 0x04f2 at 0x62 in Lt0/j;.c
03-17 06:16:29.880  3689  6995 D dalvikvm: GC_FOR_ALLOC freed 8316K, 70% free 7936K/25756K, paused 134ms, total 179ms
03-17 06:16:29.910  3689  6995 I HUREV   : [51] s0.B | Start Aap transport handshake for w0.m@434e1600
03-17 06:16:30.260  3689  3689 I HUREV   : [1] AapProjectionActivity.onCreate | HeadUnit for Android Auto (tm) - Copyright 2011-2015 Michael A. Reid., since 2025 André Rinas All Rights Reserved...
03-17 06:16:30.260  3689  3689 I HUREV   : [1] AapProjectionActivity.onCreate | Using TextureView
03-17 06:16:30.270  3689  3689 I HUREV   : [1] g.p | CarScreen: usable width: 1920 height: 720 (Raw: 1920x720, Insets: L0 T0 R0 B0)
03-17 06:16:30.320  3689  3694 D dalvikvm: GC_CONCURRENT freed 691K, 66% free 8893K/25756K, paused 6ms+9ms, total 116ms
03-17 06:16:30.320  3689  3689 D dalvikvm: WAIT_FOR_CONCURRENT_GC blocked 43ms
03-17 06:16:30.320  3689  3689 I HUREV   : [1] g.p | CarScreen isSmallScreen: true, scaleFactor: 1.0
03-17 06:16:30.320  3689  3689 I HUREV   : [1] g.p | CarScreen using: _1920x1080, number: 3, scales: scaleX: 1.0, scaleY: 1.5
03-17 06:16:30.320  3689  3689 D zjy     : view visibility = 7
03-17 06:16:30.330  3689  3689 I HUREV   : [1] AapProjectionActivity.onResume | AapProjectionActivity: onResume
03-17 06:16:30.330  3689  3689 D zjy     : view visibility = 7
03-17 06:16:30.460  3689  3689 D zjy     : view visibility = 7
03-17 06:16:30.490  3689  3689 I HUREV   : [1] i.onSurfaceTextureAvailable | TextureProjectionView: Surface available: 1920x720
03-17 06:16:30.500  3689  3689 I HUREV   : [1] AapProjectionActivity.d | [AapProjectionActivity] onSurfaceCreated
03-17 06:16:30.500  3689  3689 I HUREV   : [1] AapProjectionActivity.b | [AapProjectionActivity] onSurfaceChanged. Actual surface dimensions: width=1920, height=720
03-17 06:16:30.520  3689  3689 I HUREV   : [1] a0.p | New surface set: Surface(name=android.graphics.SurfaceTexture@42962b00)
03-17 06:16:30.550  3689  6995 I HUREV   : [51] m.e | USB reads recovered after 1 errors
03-17 06:16:30.550  3689  6995 I HUREV   : [51] s0.l | Handshake: Version response received (ret=12, attempt=1).
03-17 06:16:30.560  3689  6995 I HUREV   : [51] s0.l | Handshake: Version response recv ret: 12
03-17 06:16:30.810  3689  6995 I HUREV   : [51] n0.performHandshake | SSL handshake complete. Session id: GWMFCapgPTwz8+rk7IxJ0cfKEfcVCqWr+6EV3y05F1c=
03-17 06:16:30.820  3689  6995 I HUREV   : [51] s0.l | Handshake: Status OK sent: 8
03-17 06:16:30.830  3689  6994 I HUREV   : [50] j.c | Audio Focus Request: stream=3, type=1
03-17 06:16:30.830  3689  6994 D AudioManager: Qian:requestAudioFocus:3
03-17 06:16:30.860  3689  6994 I HUREV   : [50] j.c | Audio focus request result (legacy): GRANTED
03-17 06:16:30.870  3689  6994 I HUREV   : [50] s0.E | Start Aap transport read loop
03-17 06:16:30.880  3689  6994 E dalvikvm: Could not find class 'android.app.NotificationChannel', referenced from method com.andrerinas.headunitrevived.aap.a$a.a
03-17 06:16:30.880  3689  6994 W dalvikvm: VFY: unable to resolve new-instance 67 (Landroid/app/NotificationChannel;) in Lcom/andrerinas/headunitrevived/aap/a$a;
03-17 06:16:30.880  3689  6994 D dalvikvm: VFY: replacing opcode 0x22 at 0x000b
03-17 06:16:30.880  3689  6994 D dalvikvm: DexOpt: unable to opt direct call 0x019c at 0x16 in Lcom/andrerinas/headunitrevived/aap/a$a;.a
03-17 06:16:30.920  3689  3689 I HUREV   : [1] g.onReceive | Received request to resend night mode state
03-17 06:16:30.940  3689  3689 I HUREV   : [1] w.invoke | NightMode update: false
03-17 06:16:30.980  3689  7031 I HUREV   : [56] p.h | Service Discovery Request: Android
03-17 06:16:30.980  3689  7031 I HUREV   : [56] g.p | CarScreen: usable width: 1920 height: 720 (Raw: 1920x720, Insets: L0 T0 R0 B0)
03-17 06:16:30.980  3689  7031 I HUREV   : [56] g.p | CarScreen isSmallScreen: true, scaleFactor: 1.0
03-17 06:16:30.980  3689  7031 I HUREV   : [56] g.p | CarScreen using: _1920x1080, number: 3, scales: scaleX: 1.0, scaleY: 1.5
03-17 06:16:30.990  3689  7031 I HUREV   : [56] a.b | [ServiceDiscovery] Announcing NIGHT sensor support. Strategy: MANUAL_TIME
03-17 06:16:31.010  3689  7031 I HUREV   : [56] a.b | [ServiceDiscovery] NegotiatedResolution is: 1920x1080
03-17 06:16:31.010  3689  7031 I HUREV   : [56] a.b | [ServiceDiscovery] Margins are: 0x360
03-17 06:16:31.020  3689  7031 I HUREV   : [56] a.b | BT MAC Address is empty. Skip bluetooth service
03-17 06:16:31.130  3689  3694 D dalvikvm: GC_CONCURRENT freed 763K, 61% free 10089K/25756K, paused 9ms+14ms, total 136ms
03-17 06:16:31.250  3689  7031 I HUREV   : [56] m.e | USB reads recovered after 1 errors
03-17 06:16:31.260  3689  7031 I HUREV   : [56] p.c | Audio Focus Request: RELEASE
03-17 06:16:31.260  3689  7031 I HUREV   : [56] j.c | Audio Focus Request: stream=3, type=4
03-17 06:16:31.260  3689  7031 D AudioManager: Qian:abandonAudioFocus:
03-17 06:16:31.260  3689  7031 I HUREV   : [56] j.c | Audio focus request result (legacy): GRANTED
03-17 06:16:31.260  3689  7031 I HUREV   : [56] p.c | Sending immediate AudioFocusNotification: STATE_LOSS
03-17 06:16:31.300  3689  7031 I HUREV   : [56] n.b | Sensor Start Request sensor: DRIVING_STATUS, minUpdatePeriod: 0
03-17 06:16:31.300  3689  7031 I HUREV   : [56] n.b | SENSOR Sensor Start Response type: 32770 flags: 11 size: 8 dataOffset: 6
03-17 06:16:31.320  3689  7031 I HUREV   : [56] m.b | Media Sink Setup Request: 2 on channel AUDIO2
03-17 06:16:31.420  3689  7031 I HUREV   : [56] m.b | Config response: status: HEADUNIT
03-17 06:16:31.420  3689  7031 I HUREV   : max_unacked: 3
03-17 06:16:31.420  3689  7031 I HUREV   : configuration_indices: 0
03-17 06:16:31.420  3689  7031 I HUREV   : [56] m.b | Media Sink Setup Request: 2 on channel AUDIO1
03-17 06:16:31.420  3689  7031 I HUREV   : [56] m.b | Config response: status: HEADUNIT
03-17 06:16:31.420  3689  7031 I HUREV   : max_unacked: 3
03-17 06:16:31.420  3689  7031 I HUREV   : configuration_indices: 0
03-17 06:16:31.420  3689  7031 W HUREV   : [56] t0.a | AapVideo: Dropped Flag 11 packet. len=4, buf[10]=?
03-17 06:16:31.420  3689  7031 I HUREV   : [56] m.b | Media Sink Setup Request: 3 on channel VIDEO
03-17 06:16:31.430  3689  7031 I HUREV   : [56] m.b | Config response: status: HEADUNIT
03-17 06:16:31.430  3689  7031 I HUREV   : max_unacked: 1
03-17 06:16:31.430  3689  7031 I HUREV   : configuration_indices: 0
03-17 06:16:31.490  3689  3689 I HUREV   : [1] AapProjectionActivity.onPause | AapProjectionActivity: onPause
03-17 06:16:31.520  3689  3689 I HUREV   : [1] AapProjectionActivity.onNewIntent | AapProjectionActivity: onNewIntent received
03-17 06:16:31.530  3689  3689 I HUREV   : [1] AapProjectionActivity.onResume | AapProjectionActivity: onResume
03-17 06:16:31.540  3689  3689 D zjy     : view visibility = 7
03-17 06:16:33.970  3689  7031 W HUREV   : [56] m.e | USB read errors (10) for 2s — waiting for recovery...
03-17 06:16:34.540  3689  3689 W HUREV   : [1] k.run | Watchdog: No video received. Requesting Keyframe (Unsolicited Focus)...
03-17 06:16:37.470  3689  7031 W HUREV   : [56] m.e | USB read errors (20) for 5s — waiting for recovery...
03-17 06:16:37.570  3689  3689 W HUREV   : [1] k.run | Watchdog: No video received. Requesting Keyframe (Unsolicited Focus)...
03-17 06:16:37.690  3689  3689 I HUREV   : [1] p.onReceive | USB Intent: Intent { act=android.hardware.usb.action.USB_DEVICE_DETACHED flg=0x10 (has extras) }
03-17 06:16:37.690  3689  3689 I HUREV   : [1] p.onReceive | USB Intent: Intent { act=android.hardware.usb.action.USB_DEVICE_DETACHED flg=0x10 (has extras) }
03-17 06:16:40.580  3689  3689 W HUREV   : [1] k.run | Watchdog: No video received. Requesting Keyframe (Unsolicited Focus)...
03-17 06:16:40.760  3689  3689 I HUREV   : [1] AapProjectionActivity.onPause | AapProjectionActivity: onPause
03-17 06:16:40.800  3689  3689 I HUREV   : [1] p.onReceive | USB Intent: Intent { act=android.hardware.usb.action.USB_DEVICE_ATTACHED flg=0x10000010 (has extras) }
03-17 06:16:40.800  3689  3689 I HUREV   : [1] AapService.onUsbAttach | Normal USB device attached: 4884 1314:1520. Will check auto-connect in 2000ms...
03-17 06:16:40.800  3689  3689 I HUREV   : [1] p.onReceive | USB Intent: Intent { act=android.hardware.usb.action.USB_DEVICE_ATTACHED flg=0x10000010 (has extras) }
03-17 06:16:40.810  3689  3689 I HUREV   : [1] UsbAttachedActivity.onCreate | USB Intent: Intent { act=android.hardware.usb.action.USB_DEVICE_ATTACHED flg=0x10000000 cmp=com.andrerinas.headunitrevived/.app.UsbAttachedActivity (has extras) }
03-17 06:16:40.810  3689  3689 E HUREV   : [1] UsbAttachedActivity.onCreate | Thread already running
03-17 06:16:40.830  3689  3689 D zjy     : view visibility = 7
03-17 06:16:40.870  3689  3689 I HUREV   : [1] AapProjectionActivity.onResume | AapProjectionActivity: onResume
03-17 06:16:40.880  3689  3689 D zjy     : view visibility = 7
03-17 06:16:40.980  3689  7031 W HUREV   : [56] m.e | USB read errors (30) for 9s — waiting for recovery...
03-17 06:16:43.870  3689  3689 W HUREV   : [1] k.run | Watchdog: No video received. Requesting Keyframe (Unsolicited Focus)...
03-17 06:16:44.480  3689  7031 W HUREV   : [56] m.e | USB read errors (40) for 12s — waiting for recovery...
03-17 06:16:46.880  3689  3689 W HUREV   : [1] k.run | Watchdog: No video received. Requesting Keyframe (Unsolicited Focus)...
03-17 06:16:47.980  3689  7031 W HUREV   : [56] m.e | USB read errors (50) for 16s — waiting for recovery...
03-17 06:16:49.880  3689  3689 W HUREV   : [1] k.run | Watchdog: No video received. Requesting Keyframe (Unsolicited Focus)...
03-17 06:16:51.480  3689  7031 W HUREV   : [56] m.e | USB read errors (60) for 19s — waiting for recovery...
03-17 06:16:52.340  3689  3689 I HUREV   : [1] p.onReceive | USB Intent: Intent { act=android.hardware.usb.action.USB_DEVICE_DETACHED flg=0x10 (has extras) }
03-17 06:16:52.350  3689  3689 I HUREV   : [1] p.onReceive | USB Intent: Intent { act=android.hardware.usb.action.USB_DEVICE_DETACHED flg=0x10 (has extras) }
03-17 06:16:52.880  3689  3689 W HUREV   : [1] k.run | Watchdog: No video received. Requesting Keyframe (Unsolicited Focus)...
03-17 06:16:54.980  3689  7031 W HUREV   : [56] m.e | USB read errors (70) for 23s — waiting for recovery...
03-17 06:16:55.460  3689  3689 I HUREV   : [1] p.onReceive | USB Intent: Intent { act=android.hardware.usb.action.USB_DEVICE_ATTACHED flg=0x10000010 (has extras) }
03-17 06:16:55.460  3689  3689 I HUREV   : [1] AapService.onUsbAttach | Normal USB device attached: 4884 1314:1520. Will check auto-connect in 2000ms...
03-17 06:16:55.470  3689  3689 I HUREV   : [1] p.onReceive | USB Intent: Intent { act=android.hardware.usb.action.USB_DEVICE_ATTACHED flg=0x10000010 (has extras) }
03-17 06:16:55.470  3689  3689 I HUREV   : [1] AapProjectionActivity.onPause | AapProjectionActivity: onPause
03-17 06:16:55.520  3689  3689 I HUREV   : [1] UsbAttachedActivity.onCreate | USB Intent: Intent { act=android.hardware.usb.action.USB_DEVICE_ATTACHED flg=0x10000000 cmp=com.andrerinas.headunitrevived/.app.UsbAttachedActivity (has extras) }
03-17 06:16:55.520  3689  3689 E HUREV   : [1] UsbAttachedActivity.onCreate | Thread already running
03-17 06:16:55.540  3689  3689 D zjy     : view visibility = 7
03-17 06:16:55.580  3689  3689 I HUREV   : [1] AapProjectionActivity.onResume | AapProjectionActivity: onResume
03-17 06:16:55.580  3689  3689 D zjy     : view visibility = 7
03-17 06:16:58.480  3689  7031 W HUREV   : [56] m.e | USB read errors (80) for 26s — waiting for recovery...
03-17 06:16:58.580  3689  3689 W HUREV   : [1] k.run | Watchdog: No video received. Requesting Keyframe (Unsolicited Focus)...
03-17 06:17:01.580  3689  3689 W HUREV   : [1] k.run | Watchdog: No video received. Requesting Keyframe (Unsolicited Focus)...
03-17 06:17:01.980  3689  7031 W HUREV   : [56] m.e | USB read errors (90) for 30s — waiting for recovery...
03-17 06:17:04.600  3689  3689 W HUREV   : [1] k.run | Watchdog: No video received. Requesting Keyframe (Unsolicited Focus)...
03-17 06:17:05.480  3689  7031 W HUREV   : [56] m.e | USB read errors (100) for 33s — waiting for recovery...
03-17 06:17:07.610  3689  3689 W HUREV   : [1] k.run | Watchdog: No video received. Requesting Keyframe (Unsolicited Focus)...
03-17 06:17:08.020  3689  3689 I HUREV   : [1] p.onReceive | USB Intent: Intent { act=android.hardware.usb.action.USB_DEVICE_DETACHED flg=0x10 (has extras) }
03-17 06:17:08.020  3689  3689 I HUREV   : [1] p.onReceive | USB Intent: Intent { act=android.hardware.usb.action.USB_DEVICE_DETACHED flg=0x10 (has extras) }
03-17 06:17:08.980  3689  7031 W HUREV   : [56] m.e | USB read errors (110) for 37s — waiting for recovery...
03-17 06:17:10.630  3689  3689 W HUREV   : [1] k.run | Watchdog: No video received. Requesting Keyframe (Unsolicited Focus)...
03-17 06:17:11.110  3689  3689 I HUREV   : [1] p.onReceive | USB Intent: Intent { act=android.hardware.usb.action.USB_DEVICE_ATTACHED flg=0x10000010 (has extras) }
03-17 06:17:11.110  3689  3689 I HUREV   : [1] AapService.onUsbAttach | Normal USB device attached: 4884 1314:1520. Will check auto-connect in 2000ms...
03-17 06:17:11.110  3689  3689 I HUREV   : [1] p.onReceive | USB Intent: Intent { act=android.hardware.usb.action.USB_DEVICE_ATTACHED flg=0x10000010 (has extras) }
03-17 06:17:11.120  3689  3689 I HUREV   : [1] AapProjectionActivity.onPause | AapProjectionActivity: onPause
03-17 06:17:11.150  3689  3689 I HUREV   : [1] UsbAttachedActivity.onCreate | USB Intent: Intent { act=android.hardware.usb.action.USB_DEVICE_ATTACHED flg=0x10000000 cmp=com.andrerinas.headunitrevived/.app.UsbAttachedActivity (has extras) }
03-17 06:17:11.150  3689  3689 E HUREV   : [1] UsbAttachedActivity.onCreate | Thread already running
03-17 06:17:11.160  3689  3689 D zjy     : view visibility = 7
03-17 06:17:11.180  3689  3689 I HUREV   : [1] AapProjectionActivity.onResume | AapProjectionActivity: onResume
03-17 06:17:11.180  3689  3689 D zjy     : view visibility = 7
03-17 06:17:12.480  3689  7031 W HUREV   : [56] m.e | USB read errors (120) for 40s — waiting for recovery...
03-17 06:17:14.180  3689  3689 W HUREV   : [1] k.run | Watchdog: No video received. Requesting Keyframe (Unsolicited Focus)...
03-17 06:17:15.980  3689  7031 W HUREV   : [56] m.e | USB read errors (130) for 44s — waiting for recovery...
03-17 06:17:16.450  3689  3689 I HUREV   : [1] AapProjectionActivity.onPause | AapProjectionActivity: onPause
03-17 06:17:16.490  3689  3689 D zjy     : view visibility = 7
03-17 06:17:16.510  3689  3689 I HUREV   : [1] AapProjectionActivity.onResume | AapProjectionActivity: onResume
03-17 06:17:16.510  3689  3689 D zjy     : view visibility = 7
03-17 06:17:19.480  3689  7031 W HUREV   : [56] m.e | USB read errors (140) for 47s — waiting for recovery...
03-17 06:17:19.510  3689  3689 W HUREV   : [1] k.run | Watchdog: No video received. Requesting Keyframe (Unsolicited Focus)...
03-17 06:17:22.510  3689  3689 W HUREV   : [1] k.run | Watchdog: No video received. Requesting Keyframe (Unsolicited Focus)...
03-17 06:17:22.670  3689  3689 I HUREV   : [1] p.onReceive | USB Intent: Intent { act=android.hardware.usb.action.USB_DEVICE_DETACHED flg=0x10 (has extras) }
03-17 06:17:22.670  3689  3689 I HUREV   : [1] p.onReceive | USB Intent: Intent { act=android.hardware.usb.action.USB_DEVICE_DETACHED flg=0x10 (has extras) }
03-17 06:17:22.980  3689  7031 W HUREV   : [56] m.e | USB read errors (150) for 51s — waiting for recovery...
03-17 06:17:25.510  3689  3689 W HUREV   : [1] k.run | Watchdog: No video received. Requesting Keyframe (Unsolicited Focus)...
03-17 06:17:25.780  3689  3689 I HUREV   : [1] p.onReceive | USB Intent: Intent { act=android.hardware.usb.action.USB_DEVICE_ATTACHED flg=0x10000010 (has extras) }
03-17 06:17:25.780  3689  3689 I HUREV   : [1] AapService.onUsbAttach | Normal USB device attached: 4884 1314:1520. Will check auto-connect in 2000ms...
03-17 06:17:25.790  3689  3689 I HUREV   : [1] p.onReceive | USB Intent: Intent { act=android.hardware.usb.action.USB_DEVICE_ATTACHED flg=0x10000010 (has extras) }
03-17 06:17:25.800  3689  3689 I HUREV   : [1] AapProjectionActivity.onPause | AapProjectionActivity: onPause
03-17 06:17:25.830  3689  3689 I HUREV   : [1] UsbAttachedActivity.onCreate | USB Intent: Intent { act=android.hardware.usb.action.USB_DEVICE_ATTACHED flg=0x10000000 cmp=com.andrerinas.headunitrevived/.app.UsbAttachedActivity (has extras) }
03-17 06:17:25.830  3689  3689 E HUREV   : [1] UsbAttachedActivity.onCreate | Thread already running
03-17 06:17:25.850  3689  3689 D zjy     : view visibility = 7
03-17 06:17:25.880  3689  3689 I HUREV   : [1] AapProjectionActivity.onResume | AapProjectionActivity: onResume
03-17 06:17:25.880  3689  3689 D zjy     : view visibility = 7
03-17 06:17:26.480  3689  7031 W HUREV   : [56] m.e | USB read errors (160) for 54s — waiting for recovery...
03-17 06:17:28.880  3689  3689 W HUREV   : [1] k.run | Watchdog: No video received. Requesting Keyframe (Unsolicited Focus)...
03-17 06:17:29.980  3689  7031 W HUREV   : [56] m.e | USB read errors (170) for 58s — waiting for recovery...
03-17 06:17:31.730  3689  7031 E HUREV   : [56] m.e | USB read errors persisting for 60s — disconnecting
03-17 06:17:31.730  3689  7031 D UsbDeviceConnectionJNI: close
03-17 06:17:31.730  3689  7031 I HUREV   : [56] m.b | Google 18D1:2D00 - UsbDevice[mName=/dev/bus/usb/002/005,mVendorId=6353,mProductId=11520,mClass=0,mSubclass=0,mProtocol=0,mInterfaces=[Landroid.os.Parcelable;@434d4e68]
03-17 06:17:31.730  3689  7031 E UsbDeviceConnectionJNI: device is closed in native_release_interface
03-17 06:17:31.730  3689  7031 I HUREV   : [56] m.b | OK releaseInterface()
03-17 06:17:31.730  3689  7031 E HUREV   : [56] e0.a | AapRead: Connection lost. Stopping read loop.
03-17 06:17:31.730  3689  7031 I HUREV   : [56] s0.n | Quitting because ret < 0
03-17 06:17:31.730  3689  7031 I HUREV   : [56] s0.o | AapTransport quitting (clean=false)
03-17 06:17:31.730  3689  6994 I HUREV   : [50] s0.o | AapTransport quitting (clean=false)
03-17 06:17:31.750  3689  3689 I HUREV   : [1] AapProjectionActivity.M | Hiding reconnecting overlay — frames resumed
03-17 06:17:31.760  3689  3689 I HUREV   : [1] AapService.K | WifiLock released
03-17 06:17:31.770  3689  6994 I HUREV   : [50] a0.s | Decoder stopped: AapService::onDisconnect
03-17 06:17:31.790  3689  3689 I HUREV   : [1] AapProjectionActivity.onPause | AapProjectionActivity: onPause
03-17 06:17:31.830  3689  3689 D zjy     : view visibility = 7
03-17 06:17:31.900  3689  3689 D zjy     : view visibility = 7
03-17 06:17:38.390  3689  3689 I HUREV   : [1] p.onReceive | USB Intent: Intent { act=android.hardware.usb.action.USB_DEVICE_DETACHED flg=0x10 (has extras) }
03-17 06:17:38.390  3689  3689 I HUREV   : [1] p.onReceive | USB Intent: Intent { act=android.hardware.usb.action.USB_DEVICE_DETACHED flg=0x10 (has extras) }
03-17 06:17:41.490  3689  3689 I HUREV   : [1] p.onReceive | USB Intent: Intent { act=android.hardware.usb.action.USB_DEVICE_ATTACHED flg=0x10000010 (has extras) }
03-17 06:17:41.490  3689  3689 I HUREV   : [1] AapService.onUsbAttach | Normal USB device attached: 4884 1314:1520. Will check auto-connect in 2000ms...
03-17 06:17:41.490  3689  3689 I HUREV   : [1] p.onReceive | USB Intent: Intent { act=android.hardware.usb.action.USB_DEVICE_ATTACHED flg=0x10000010 (has extras) }
03-17 06:17:41.560  3689  3689 I HUREV   : [1] UsbAttachedActivity.onCreate | USB Intent: Intent { act=android.hardware.usb.action.USB_DEVICE_ATTACHED flg=0x10000000 cmp=com.andrerinas.headunitrevived/.app.UsbAttachedActivity (has extras) }
03-17 06:17:41.560  3689  3689 I HUREV   : [1] UsbAttachedActivity.onCreate | Skipping device 4884 1314:1520
03-17 06:17:41.580  3689  3689 D zjy     : view visibility = 7
03-17 06:17:41.640  3689  3689 D zjy     : view visibility = 7
03-17 06:17:43.500  3689  3689 I HUREV   : [1] m.invokeSuspend | UsbAttachedActivity didn't handle 4884 1314:1520. Trying from service...
03-17 06:17:43.500  3689  3689 I HUREV   : [1] AapService.u | Found device already in accessory mode: Google 18D1:2D00
03-17 06:17:43.510  3689  6994 I HUREV   : [50] m.l | Established connection: android.hardware.usb.UsbDeviceConnection@43462840
03-17 06:17:43.510  3689  6994 I HUREV   : [50] m.l | interfaceCount: 1
03-17 06:17:43.510  3689  6994 I HUREV   : [50] m.j | Check accessory endpoints
03-17 06:17:43.510  3689  6994 I HUREV   : [50] m.j | Connected have EPs
03-17 06:17:43.520  3689  3689 I HUREV   : [1] AapService.t | WifiLock acquired (HIGH_PERF)
03-17 06:17:43.530  3689  6994 I HUREV   : [50] s0.<init> | Using Java SSL implementation
03-17 06:17:43.600  3689  6994 D dalvikvm: GC_FOR_ALLOC freed 3313K, 68% free 8251K/25756K, paused 65ms, total 65ms
03-17 06:17:43.610  3689  6994 I HUREV   : [50] s0.B | Start Aap transport handshake for w0.m@43462598
03-17 06:17:43.650  3689  3696 I dalvikvm: Jit: resizing JitTable from 4096 to 8192
03-17 06:17:43.740  3689  3689 I HUREV   : [1] AapProjectionActivity.onCreate | HeadUnit for Android Auto (tm) - Copyright 2011-2015 Michael A. Reid., since 2025 André Rinas All Rights Reserved...
03-17 06:17:43.740  3689  3689 I HUREV   : [1] AapProjectionActivity.onCreate | Using TextureView
03-17 06:17:43.740  3689  3689 I HUREV   : [1] g.p | CarScreen: usable width: 1920 height: 720 (Raw: 1920x720, Insets: L0 T0 R0 B0)
03-17 06:17:43.740  3689  3689 I HUREV   : [1] g.p | CarScreen isSmallScreen: true, scaleFactor: 1.0
03-17 06:17:43.740  3689  3689 I HUREV   : [1] g.p | CarScreen using: _1920x1080, number: 3, scales: scaleX: 1.0, scaleY: 1.5
03-17 06:17:43.740  3689  3689 D zjy     : view visibility = 7
