03-17 12:38:51.530  3763  3768 D dalvikvm: GC_CONCURRENT freed 2488K, 56% free 10617K/23992K, paused 6ms+5ms, total 105ms
03-17 12:38:53.760  3763  3768 D dalvikvm: GC_CONCURRENT freed 2519K, 56% free 10591K/23992K, paused 6ms+6ms, total 88ms
03-17 12:38:55.970  3763  3768 D dalvikvm: GC_CONCURRENT freed 2493K, 56% free 10594K/23992K, paused 5ms+6ms, total 85ms
03-17 12:38:58.240  3763  3768 D dalvikvm: GC_CONCURRENT freed 2484K, 56% free 10578K/23992K, paused 7ms+5ms, total 95ms
03-17 12:39:00.540  3763  3768 D dalvikvm: GC_CONCURRENT freed 2479K, 56% free 10577K/23992K, paused 6ms+6ms, total 94ms
03-17 12:39:02.990  3763  3768 D dalvikvm: GC_CONCURRENT freed 2481K, 56% free 10604K/23992K, paused 5ms+6ms, total 85ms
03-17 12:39:05.320  3763  3768 D dalvikvm: GC_CONCURRENT freed 2506K, 56% free 10600K/23992K, paused 6ms+5ms, total 83ms
03-17 12:39:07.710  3763  3768 D dalvikvm: GC_CONCURRENT freed 2523K, 56% free 10590K/23992K, paused 8ms+5ms, total 96ms
03-17 12:39:09.760  3763  3768 D dalvikvm: GC_CONCURRENT freed 2502K, 56% free 10613K/23992K, paused 6ms+5ms, total 85ms
03-17 12:39:12.240  3763  3768 D dalvikvm: GC_CONCURRENT freed 2532K, 56% free 10591K/23992K, paused 6ms+6ms, total 89ms
03-17 12:39:14.600  3763  3768 D dalvikvm: GC_CONCURRENT freed 2482K, 56% free 10602K/23992K, paused 7ms+11ms, total 113ms
03-17 12:39:17.010  3763  3768 D dalvikvm: GC_CONCURRENT freed 2512K, 56% free 10582K/23992K, paused 7ms+7ms, total 87ms
03-17 12:39:19.350  3763  3768 D dalvikvm: GC_CONCURRENT freed 2494K, 56% free 10594K/23992K, paused 8ms+5ms, total 86ms
03-17 12:39:21.560  3763  3768 D dalvikvm: GC_CONCURRENT freed 2521K, 56% free 10613K/23992K, paused 6ms+5ms, total 109ms
03-17 12:39:23.610  3763  3768 D dalvikvm: GC_CONCURRENT freed 2540K, 56% free 10591K/23992K, paused 7ms+8ms, total 94ms
03-17 12:39:26.010  3763  3768 D dalvikvm: GC_CONCURRENT freed 2487K, 56% free 10569K/23992K, paused 7ms+7ms, total 94ms
03-17 12:39:28.460  3763  3768 D dalvikvm: GC_CONCURRENT freed 2483K, 56% free 10591K/23992K, paused 6ms+5ms, total 79ms
03-17 12:39:30.780  3763  3768 D dalvikvm: GC_CONCURRENT freed 2538K, 56% free 10586K/23992K, paused 6ms+4ms, total 93ms
03-17 12:39:30.780  3763  7067 D dalvikvm: WAIT_FOR_CONCURRENT_GC blocked 28ms
03-17 12:39:30.780  3763  7229 D dalvikvm: WAIT_FOR_CONCURRENT_GC blocked 29ms
03-17 12:39:32.840  3763  3768 D dalvikvm: GC_CONCURRENT freed 2472K, 56% free 10582K/23992K, paused 7ms+5ms, total 84ms
03-17 12:39:35.160  3763  3768 D dalvikvm: GC_CONCURRENT freed 2499K, 56% free 10608K/23992K, paused 7ms+4ms, total 76ms
03-17 12:39:37.410  3763  3768 D dalvikvm: GC_CONCURRENT freed 2494K, 56% free 10597K/23992K, paused 7ms+5ms, total 85ms
03-17 12:39:39.710  3763  3768 D dalvikvm: GC_CONCURRENT freed 2481K, 56% free 10603K/23992K, paused 6ms+10ms, total 92ms
03-17 12:39:41.900  3763  3768 D dalvikvm: GC_CONCURRENT freed 2539K, 56% free 10591K/23992K, paused 6ms+5ms, total 82ms
03-17 12:39:44.210  3763  3768 D dalvikvm: GC_CONCURRENT freed 2530K, 56% free 10588K/23992K, paused 5ms+4ms, total 81ms
03-17 12:39:46.630  3763  3768 D dalvikvm: GC_CONCURRENT freed 2519K, 56% free 10608K/23992K, paused 7ms+7ms, total 120ms
03-17 12:39:49.050  3763  3768 D dalvikvm: GC_CONCURRENT freed 2563K, 56% free 10594K/23992K, paused 6ms+6ms, total 104ms
03-17 12:39:51.400  3763  3768 D dalvikvm: GC_CONCURRENT freed 2457K, 56% free 10605K/23992K, paused 6ms+6ms, total 86ms
03-17 12:39:53.990  3763  3768 D dalvikvm: GC_CONCURRENT freed 2524K, 56% free 10589K/23992K, paused 9ms+4ms, total 93ms
03-17 12:39:56.180  3763  3768 D dalvikvm: GC_CONCURRENT freed 2540K, 56% free 10592K/23992K, paused 6ms+6ms, total 107ms
03-17 12:39:58.270  3763  3768 D dalvikvm: GC_CONCURRENT freed 2507K, 56% free 10579K/23992K, paused 8ms+5ms, total 79ms
03-17 12:40:00.610  3763  3768 D dalvikvm: GC_CONCURRENT freed 2491K, 56% free 10581K/23992K, paused 6ms+6ms, total 116ms
03-17 12:40:03.100  3763  3768 D dalvikvm: GC_CONCURRENT freed 2466K, 56% free 10590K/23992K, paused 8ms+5ms, total 85ms
03-17 12:40:05.400  3763  3768 D dalvikvm: GC_CONCURRENT freed 2499K, 56% free 10593K/23992K, paused 6ms+4ms, total 91ms
03-17 12:40:05.670  3763  7067 I HUREV   : [55] m.d | Media Start Request AUDIO1: session_id: 5
03-17 12:40:05.670  3763  7067 I HUREV   : configuration_index: 0
03-17 12:40:05.670  3763  7067 I HUREV   : [55] j.a | AudioDecoder.start: channel=4, stream=3, gain=1.0, sampleRate=16000, numberOfBits=16, numberOfChannels=1, isAac=true
03-17 12:40:05.670  3763  7067 I HUREV   : [55] s.f | Audio stream: 3 buffer size: 40960 (min: 5120) sampleRateInHz: 16000 channelCount: 1
03-17 12:40:05.680  3763  7067 D AudioTrack: AudioTrack::start 0x7ff15d80,mStreamType=3
03-17 12:40:05.680  3763 11965 I OMXClient: Using client-side OMX mux.
03-17 12:40:05.680  3763 11965 E OMXMaster: A component of name 'OMX.Freescale.std.parser.fsl.sw-based' already exists, ignoring this one.
03-17 12:40:05.680  3763 11965 E OMXMaster: A component of name 'OMX.Freescale.std.parser.fsl.sw-based' already exists, ignoring this one.
03-17 12:40:05.680  3763 11965 E OMXMaster: A component of name 'OMX.Freescale.std.parser.fsl.sw-based' already exists, ignoring this one.
03-17 12:40:05.680  3763 11965 E OMXMaster: A component of name 'OMX.Freescale.std.parser.fsl.sw-based' already exists, ignoring this one.
03-17 12:40:05.680  3763 11965 E OMXMaster: A component of name 'OMX.Freescale.std.parser.fsl.sw-based' already exists, ignoring this one.
03-17 12:40:05.680  3763 11965 E OMXMaster: A component of name 'OMX.Freescale.std.parser.fsl.sw-based' already exists, ignoring this one.
03-17 12:40:05.680  3763 11965 E OMXMaster: A component of name 'OMX.Freescale.std.parser.fsl.sw-based' already exists, ignoring this one.
03-17 12:40:05.680  3763 11965 E OMXMaster: A component of name 'OMX.Freescale.std.parser.fsl.sw-based' already exists, ignoring this one.
03-17 12:40:05.680  3763 11965 E OMXMaster: A component of name 'OMX.Freescale.std.parser.fsl.sw-based' already exists, ignoring this one.
03-17 12:40:05.680  3763 11965 E OMXMaster: A component of name 'OMX.Freescale.std.parser.fsl.sw-based' already exists, ignoring this one.
03-17 12:40:05.680  3763 11965 E OMXMaster: A component of name 'OMX.Freescale.std.parser.fsl.sw-based' already exists, ignoring this one.
03-17 12:40:05.680  3763 11965 E OMXMaster: A component of name 'OMX.Freescale.std.parser.streaming.sw-based' already exists, ignoring this one.
03-17 12:40:05.680  3763 11965 E OMXMaster: A component of name 'OMX.Freescale.std.parser.fsl.sw-based' already exists, ignoring this one.
03-17 12:40:05.690  3763  7067 I HUREV   : [55] s.i | AAC Decoder started for 16000 Hz, 1 channels with is-adts (Async)
03-17 12:40:05.690  3763 11966 I SoftAAC2: Reconfiguring decoder: 0->16000 Hz, 0->1 channels
03-17 12:40:06.180  3763 11968 W AudioTrack: releaseBuffer() track 0x7ff15d80 name=0x1 disabled, restarting
03-17 12:40:06.630  3763 11968 W AudioTrack: releaseBuffer() track 0x7ff15d80 name=0x1 disabled, restarting
03-17 12:40:06.950  3763  7067 I HUREV   : [55] m.c | Media Sink Stop Request: AUDIO1
03-17 12:40:06.950  3763  7067 I HUREV   : [55] j.d | Audio Stop: AUDIO1
03-17 12:40:06.960  3763 11968 D AudioTrack: AudioTrack::stop 0x7ff15d80,mStreamType=3
03-17 12:40:06.960  3763 11968 E HUREV   : [18576] s.e | Error during audio track cleanup
03-17 12:40:06.960  3763 11968 E HUREV   : java.lang.InterruptedException
03-17 12:40:06.960  3763 11968 E HUREV   : 	at java.lang.VMThread.sleep(Native Method)
03-17 12:40:06.960  3763 11968 E HUREV   : 	at java.lang.Thread.sleep(Thread.java:1013)
03-17 12:40:06.960  3763 11968 E HUREV   : 	at java.lang.Thread.sleep(Thread.java:995)
03-17 12:40:06.960  3763 11968 E HUREV   : 	at y0.s.e(r8-map-id-8722f06efe6fab086a70200d597343236d3225d15181a7b075b269dcf50b7ff7:125)
03-17 12:40:06.960  3763 11968 E HUREV   : 	at y0.s.run(r8-map-id-8722f06efe6fab086a70200d597343236d3225d15181a7b075b269dcf50b7ff7:85)
03-17 12:40:06.960  3763 11968 D AudioTrack: AudioTrack::stop 0x7ff15d80,mStreamType=3
03-17 12:40:06.960  3763 11968 D AudioTrack: AudioTrack::stop 0x7ff15d80,mStreamType=3
03-17 12:40:06.960  3763 11968 D AudioTrack: AudioTrack::stop 0x7ff15d80,mStreamType=3
03-17 12:40:06.960  3763 11968 I HUREV   : [18576] s.run | AudioTrackWrapper thread finished.
03-17 12:40:07.570  3763  3768 D dalvikvm: GC_CONCURRENT freed 2528K, 56% free 10591K/23992K, paused 8ms+10ms, total 122ms
03-17 12:40:10.020  3763  3768 D dalvikvm: GC_CONCURRENT freed 2544K, 56% free 10578K/23992K, paused 7ms+5ms, total 112ms
03-17 12:40:10.020  3763  7067 D dalvikvm: WAIT_FOR_CONCURRENT_GC blocked 11ms
03-17 12:40:12.430  3763  3768 D dalvikvm: GC_CONCURRENT freed 2481K, 56% free 10597K/23992K, paused 5ms+6ms, total 91ms
03-17 12:40:14.770  3763  3768 D dalvikvm: GC_CONCURRENT freed 2499K, 56% free 10576K/23992K, paused 8ms+5ms, total 86ms
03-17 12:40:17.120  3763  3768 D dalvikvm: GC_CONCURRENT freed 2510K, 56% free 10589K/23992K, paused 15ms+5ms, total 112ms
03-17 12:40:19.520  3763  3768 D dalvikvm: GC_CONCURRENT freed 2537K, 56% free 10584K/23992K, paused 10ms+5ms, total 107ms
03-17 12:40:19.520  3763  9256 D dalvikvm: WAIT_FOR_CONCURRENT_GC blocked 25ms
03-17 12:40:19.520  3763  7229 D dalvikvm: WAIT_FOR_CONCURRENT_GC blocked 29ms
03-17 12:40:21.680  3763  3768 D dalvikvm: GC_CONCURRENT freed 2524K, 56% free 10580K/23992K, paused 13ms+5ms, total 125ms
03-17 12:40:21.680  3763  7067 D dalvikvm: WAIT_FOR_CONCURRENT_GC blocked 65ms
03-17 12:40:23.950  3763  3768 D dalvikvm: GC_CONCURRENT freed 2478K, 56% free 10596K/23992K, paused 8ms+4ms, total 99ms
03-17 12:40:26.260  3763  3768 D dalvikvm: GC_CONCURRENT freed 2516K, 56% free 10603K/23992K, paused 8ms+5ms, total 119ms
03-17 12:40:28.590  3763  3768 D dalvikvm: GC_CONCURRENT freed 2519K, 56% free 10593K/23992K, paused 10ms+6ms, total 113ms
03-17 12:40:30.890  3763  3768 D dalvikvm: GC_CONCURRENT freed 2524K, 56% free 10593K/23992K, paused 10ms+6ms, total 112ms
03-17 12:40:33.520  3763  3768 D dalvikvm: GC_CONCURRENT freed 2503K, 56% free 10598K/23992K, paused 5ms+5ms, total 83ms
03-17 12:40:37.240  3763  3768 D dalvikvm: GC_CONCURRENT freed 2516K, 56% free 10628K/23992K, paused 8ms+7ms, total 97ms
03-17 12:40:39.010  3763  3768 D dalvikvm: GC_CONCURRENT freed 2567K, 56% free 10601K/23992K, paused 7ms+6ms, total 89ms
03-17 12:40:41.040  3763  3768 D dalvikvm: GC_CONCURRENT freed 2498K, 56% free 10621K/23992K, paused 6ms+6ms, total 99ms
03-17 12:40:43.080  3763  3768 D dalvikvm: GC_CONCURRENT freed 2567K, 56% free 10595K/23992K, paused 6ms+4ms, total 101ms
03-17 12:40:44.960  3763  3768 D dalvikvm: GC_CONCURRENT freed 2514K, 56% free 10591K/23992K, paused 7ms+6ms, total 88ms
03-17 12:40:47.240  3763  3768 D dalvikvm: GC_CONCURRENT freed 2513K, 56% free 10581K/23992K, paused 6ms+4ms, total 95ms
03-17 12:40:49.540  3763  3768 D dalvikvm: GC_CONCURRENT freed 2487K, 56% free 10591K/23992K, paused 5ms+5ms, total 87ms
03-17 12:40:51.850  3763  3768 D dalvikvm: GC_CONCURRENT freed 2524K, 56% free 10609K/23992K, paused 7ms+5ms, total 97ms
03-17 12:40:54.160  3763  3768 D dalvikvm: GC_CONCURRENT freed 2499K, 56% free 10585K/23992K, paused 10ms+5ms, total 85ms
03-17 12:40:56.290  3763  3768 D dalvikvm: GC_CONCURRENT freed 2462K, 56% free 10592K/23992K, paused 7ms+5ms, total 79ms
03-17 12:40:57.710  3763  7067 I HUREV   : [55] m.d | Media Start Request AUDIO1: session_id: 6
03-17 12:40:57.710  3763  7067 I HUREV   : configuration_index: 0
03-17 12:40:57.720  3763  7067 I HUREV   : [55] j.a | AudioDecoder.start: channel=4, stream=3, gain=1.0, sampleRate=16000, numberOfBits=16, numberOfChannels=1, isAac=true
03-17 12:40:57.720  3763  7067 I HUREV   : [55] s.f | Audio stream: 3 buffer size: 40960 (min: 5120) sampleRateInHz: 16000 channelCount: 1
03-17 12:40:57.720  3763  7067 D AudioTrack: AudioTrack::start 0x7ec73bf0,mStreamType=3
03-17 12:40:57.730  3763 12301 I OMXClient: Using client-side OMX mux.
03-17 12:40:57.730  3763 12301 E OMXMaster: A component of name 'OMX.Freescale.std.parser.fsl.sw-based' already exists, ignoring this one.
03-17 12:40:57.730  3763 12301 E OMXMaster: A component of name 'OMX.Freescale.std.parser.fsl.sw-based' already exists, ignoring this one.
03-17 12:40:57.730  3763 12301 E OMXMaster: A component of name 'OMX.Freescale.std.parser.fsl.sw-based' already exists, ignoring this one.
03-17 12:40:57.730  3763 12301 E OMXMaster: A component of name 'OMX.Freescale.std.parser.fsl.sw-based' already exists, ignoring this one.
03-17 12:40:57.730  3763 12301 E OMXMaster: A component of name 'OMX.Freescale.std.parser.fsl.sw-based' already exists, ignoring this one.
03-17 12:40:57.730  3763 12301 E OMXMaster: A component of name 'OMX.Freescale.std.parser.fsl.sw-based' already exists, ignoring this one.
03-17 12:40:57.730  3763 12301 E OMXMaster: A component of name 'OMX.Freescale.std.parser.fsl.sw-based' already exists, ignoring this one.
03-17 12:40:57.730  3763 12301 E OMXMaster: A component of name 'OMX.Freescale.std.parser.fsl.sw-based' already exists, ignoring this one.
03-17 12:40:57.730  3763 12301 E OMXMaster: A component of name 'OMX.Freescale.std.parser.fsl.sw-based' already exists, ignoring this one.
03-17 12:40:57.730  3763 12301 E OMXMaster: A component of name 'OMX.Freescale.std.parser.fsl.sw-based' already exists, ignoring this one.
03-17 12:40:57.730  3763 12301 E OMXMaster: A component of name 'OMX.Freescale.std.parser.fsl.sw-based' already exists, ignoring this one.
03-17 12:40:57.730  3763 12301 E OMXMaster: A component of name 'OMX.Freescale.std.parser.streaming.sw-based' already exists, ignoring this one.
03-17 12:40:57.730  3763 12301 E OMXMaster: A component of name 'OMX.Freescale.std.parser.fsl.sw-based' already exists, ignoring this one.
03-17 12:40:57.740  3763  7067 I HUREV   : [55] s.i | AAC Decoder started for 16000 Hz, 1 channels with is-adts (Async)
03-17 12:40:57.740  3763 12302 I SoftAAC2: Reconfiguring decoder: 0->16000 Hz, 0->1 channels
03-17 12:40:58.170  3763 12304 W AudioTrack: releaseBuffer() track 0x7ec73bf0 name=0x1 disabled, restarting
03-17 12:40:58.420  3763  7067 I HUREV   : [55] m.c | Media Sink Stop Request: AUDIO1
03-17 12:40:58.430  3763  7067 I HUREV   : [55] j.d | Audio Stop: AUDIO1
03-17 12:40:58.430  3763 12304 D AudioTrack: AudioTrack::stop 0x7ec73bf0,mStreamType=3
03-17 12:40:58.440  3763 12304 E HUREV   : [20124] s.e | Error during audio track cleanup
03-17 12:40:58.440  3763 12304 E HUREV   : java.lang.InterruptedException
03-17 12:40:58.440  3763 12304 E HUREV   : 	at java.lang.VMThread.sleep(Native Method)
03-17 12:40:58.440  3763 12304 E HUREV   : 	at java.lang.Thread.sleep(Thread.java:1013)
03-17 12:40:58.440  3763 12304 E HUREV   : 	at java.lang.Thread.sleep(Thread.java:995)
03-17 12:40:58.440  3763 12304 E HUREV   : 	at y0.s.e(r8-map-id-8722f06efe6fab086a70200d597343236d3225d15181a7b075b269dcf50b7ff7:125)
03-17 12:40:58.440  3763 12304 E HUREV   : 	at y0.s.run(r8-map-id-8722f06efe6fab086a70200d597343236d3225d15181a7b075b269dcf50b7ff7:85)
03-17 12:40:58.440  3763 12304 D AudioTrack: AudioTrack::stop 0x7ec73bf0,mStreamType=3
03-17 12:40:58.440  3763 12304 D AudioTrack: AudioTrack::stop 0x7ec73bf0,mStreamType=3
03-17 12:40:58.440  3763 12304 D AudioTrack: AudioTrack::stop 0x7ec73bf0,mStreamType=3
03-17 12:40:58.440  3763 12304 I HUREV   : [20124] s.run | AudioTrackWrapper thread finished.
03-17 12:40:58.540  3763  3768 D dalvikvm: GC_CONCURRENT freed 2524K, 56% free 10590K/23992K, paused 6ms+12ms, total 133ms
03-17 12:40:58.540  3763  7067 D dalvikvm: WAIT_FOR_CONCURRENT_GC blocked 37ms
03-17 12:41:00.830  3763  3768 D dalvikvm: GC_CONCURRENT freed 2465K, 56% free 10613K/23992K, paused 7ms+5ms, total 88ms
03-17 12:41:03.100  3763  3768 D dalvikvm: GC_CONCURRENT freed 2522K, 56% free 10580K/23992K, paused 8ms+6ms, total 93ms
03-17 12:41:05.380  3763  3768 D dalvikvm: GC_CONCURRENT freed 2522K, 56% free 10597K/23992K, paused 7ms+7ms, total 90ms
03-17 12:41:07.560  3763  3768 D dalvikvm: GC_CONCURRENT freed 2490K, 56% free 10574K/23992K, paused 6ms+5ms, total 93ms
03-17 12:41:10.060  3763  3768 D dalvikvm: GC_CONCURRENT freed 2467K, 56% free 10630K/23992K, paused 7ms+11ms, total 116ms
03-17 12:41:12.450  3763  3768 D dalvikvm: GC_CONCURRENT freed 2545K, 56% free 10592K/23992K, paused 6ms+5ms, total 85ms
03-17 12:41:14.880  3763  3768 D dalvikvm: GC_CONCURRENT freed 2526K, 56% free 10576K/23992K, paused 7ms+4ms, total 81ms
03-17 12:41:17.100  3763  3768 D dalvikvm: GC_CONCURRENT freed 2465K, 56% free 10573K/23992K, paused 6ms+5ms, total 81ms
03-17 12:41:19.510  3763  3768 D dalvikvm: GC_CONCURRENT freed 2479K, 56% free 10611K/23992K, paused 4ms+4ms, total 99ms
03-17 12:41:21.870  3763  3768 D dalvikvm: GC_CONCURRENT freed 2549K, 56% free 10580K/23992K, paused 11ms+5ms, total 90ms
03-17 12:41:24.800  3763  3768 D dalvikvm: GC_CONCURRENT freed 2510K, 56% free 10590K/23992K, paused 7ms+5ms, total 88ms
03-17 12:41:26.870  3763  3768 D dalvikvm: GC_CONCURRENT freed 2545K, 56% free 10572K/23992K, paused 12ms+5ms, total 116ms
03-17 12:41:29.100  3763  3768 D dalvikvm: GC_CONCURRENT freed 2478K, 56% free 10582K/23992K, paused 6ms+6ms, total 86ms
03-17 12:41:31.680  3763  3768 D dalvikvm: GC_CONCURRENT freed 2454K, 56% free 10579K/23992K, paused 10ms+5ms, total 93ms
03-17 12:41:34.650  3763  3768 D dalvikvm: GC_CONCURRENT freed 2457K, 56% free 10602K/23992K, paused 11ms+4ms, total 102ms
03-17 12:41:36.650  3763  3768 D dalvikvm: GC_CONCURRENT freed 2554K, 56% free 10571K/23992K, paused 8ms+5ms, total 99ms
03-17 12:41:36.650  3763  7067 D dalvikvm: WAIT_FOR_CONCURRENT_GC blocked 11ms
03-17 12:41:38.470  3763  3768 D dalvikvm: GC_CONCURRENT freed 2499K, 56% free 10592K/23992K, paused 7ms+6ms, total 101ms
03-17 12:41:40.370  3763  3768 D dalvikvm: GC_CONCURRENT freed 2526K, 56% free 10596K/23992K, paused 8ms+5ms, total 95ms
03-17 12:41:42.470  3763  3768 D dalvikvm: GC_CONCURRENT freed 2515K, 56% free 10578K/23992K, paused 6ms+5ms, total 81ms
03-17 12:41:44.470  3763  7067 E HUREV   : [55] a.b | Nav: failed to parse NextTurnDetail
03-17 12:41:44.470  3763  7067 E HUREV   : com.google.protobuf.UninitializedMessageException: Message missing required fields: nextturn
03-17 12:41:44.470  3763  7067 E HUREV   : 	at com.google.protobuf.AbstractMessage$Builder.newUninitializedMessageException(r8-map-id-8722f06efe6fab086a70200d597343236d3225d15181a7b075b269dcf50b7ff7:7)
03-17 12:41:44.470  3763  7067 E HUREV   : 	at com.andrerinas.headunitrevived.aap.protocol.proto.NavigationStatus$NextTurnDetail$Builder.build(r8-map-id-8722f06efe6fab086a70200d597343236d3225d15181a7b075b269dcf50b7ff7:5)
03-17 12:41:44.470  3763  7067 E HUREV   : 	at com.andrerinas.headunitrevived.aap.a.b(r8-map-id-8722f06efe6fab086a70200d597343236d3225d15181a7b075b269dcf50b7ff7:207)
03-17 12:41:44.470  3763  7067 E HUREV   : 	at t0.u.a(r8-map-id-8722f06efe6fab086a70200d597343236d3225d15181a7b075b269dcf50b7ff7:123)
03-17 12:41:44.470  3763  7067 E HUREV   : 	at t0.e0.d(r8-map-id-8722f06efe6fab086a70200d597343236d3225d15181a7b075b269dcf50b7ff7:149)
03-17 12:41:44.470  3763  7067 E HUREV   : 	at t0.e0.a(r8-map-id-8722f06efe6fab086a70200d597343236d3225d15181a7b075b269dcf50b7ff7:98)
03-17 12:41:44.470  3763  7067 E HUREV   : 	at t0.d0$a.read(r8-map-id-8722f06efe6fab086a70200d597343236d3225d15181a7b075b269dcf50b7ff7:14)
03-17 12:41:44.470  3763  7067 E HUREV   : 	at t0.s0.n(r8-map-id-8722f06efe6fab086a70200d597343236d3225d15181a7b075b269dcf50b7ff7:15)
03-17 12:41:44.470  3763  7067 E HUREV   : 	at t0.s0.c(r8-map-id-8722f06efe6fab086a70200d597343236d3225d15181a7b075b269dcf50b7ff7:1)
03-17 12:41:44.470  3763  7067 E HUREV   : 	at t0.q0.handleMessage(r8-map-id-8722f06efe6fab086a70200d597343236d3225d15181a7b075b269dcf50b7ff7:3)
03-17 12:41:44.470  3763  7067 E HUREV   : 	at android.os.Handler.dispatchMessage(Handler.java:95)
03-17 12:41:44.470  3763  7067 E HUREV   : 	at android.os.Looper.loop(Looper.java:137)
03-17 12:41:44.470  3763  7067 E HUREV   : 	at android.os.HandlerThread.run(HandlerThread.java:61)
03-17 12:41:44.540  3763  3768 D dalvikvm: GC_CONCURRENT freed 2472K, 56% free 10616K/23992K, paused 6ms+5ms, total 82ms
03-17 12:41:47.100  3763  3768 D dalvikvm: GC_CONCURRENT freed 2473K, 56% free 10610K/23992K, paused 8ms+5ms, total 81ms
03-17 12:41:47.380  3763  7067 E HUREV   : [55] a.b | Nav: failed to parse NextTurnDetail
03-17 12:41:47.380  3763  7067 E HUREV   : com.google.protobuf.UninitializedMessageException: Message missing required fields: nextturn
03-17 12:41:47.380  3763  7067 E HUREV   : 	at com.google.protobuf.AbstractMessage$Builder.newUninitializedMessageException(r8-map-id-8722f06efe6fab086a70200d597343236d3225d15181a7b075b269dcf50b7ff7:7)
03-17 12:41:47.380  3763  7067 E HUREV   : 	at com.andrerinas.headunitrevived.aap.protocol.proto.NavigationStatus$NextTurnDetail$Builder.build(r8-map-id-8722f06efe6fab086a70200d597343236d3225d15181a7b075b269dcf50b7ff7:5)
03-17 12:41:47.380  3763  7067 E HUREV   : 	at com.andrerinas.headunitrevived.aap.a.b(r8-map-id-8722f06efe6fab086a70200d597343236d3225d15181a7b075b269dcf50b7ff7:207)
03-17 12:41:47.380  3763  7067 E HUREV   : 	at t0.u.a(r8-map-id-8722f06efe6fab086a70200d597343236d3225d15181a7b075b269dcf50b7ff7:123)
03-17 12:41:47.380  3763  7067 E HUREV   : 	at t0.e0.d(r8-map-id-8722f06efe6fab086a70200d597343236d3225d15181a7b075b269dcf50b7ff7:149)
03-17 12:41:47.380  3763  7067 E HUREV   : 	at t0.e0.a(r8-map-id-8722f06efe6fab086a70200d597343236d3225d15181a7b075b269dcf50b7ff7:98)
03-17 12:41:47.380  3763  7067 E HUREV   : 	at t0.d0$a.read(r8-map-id-8722f06efe6fab086a70200d597343236d3225d15181a7b075b269dcf50b7ff7:14)
03-17 12:41:47.380  3763  7067 E HUREV   : 	at t0.s0.n(r8-map-id-8722f06efe6fab086a70200d597343236d3225d15181a7b075b269dcf50b7ff7:15)
03-17 12:41:47.380  3763  7067 E HUREV   : 	at t0.s0.c(r8-map-id-8722f06efe6fab086a70200d597343236d3225d15181a7b075b269dcf50b7ff7:1)
03-17 12:41:47.380  3763  7067 E HUREV   : 	at t0.q0.handleMessage(r8-map-id-8722f06efe6fab086a70200d597343236d3225d15181a7b075b269dcf50b7ff7:3)
03-17 12:41:47.380  3763  7067 E HUREV   : 	at android.os.Handler.dispatchMessage(Handler.java:95)
03-17 12:41:47.380  3763  7067 E HUREV   : 	at android.os.Looper.loop(Looper.java:137)
03-17 12:41:47.380  3763  7067 E HUREV   : 	at android.os.HandlerThread.run(HandlerThread.java:61)
03-17 12:41:49.320  3763  3768 D dalvikvm: GC_CONCURRENT freed 2466K, 56% free 10660K/23992K, paused 4ms+5ms, total 84ms
03-17 12:41:49.430  3763  7067 E HUREV   : [55] a.b | Nav: failed to parse NextTurnDetail
03-17 12:41:49.430  3763  7067 E HUREV   : com.google.protobuf.UninitializedMessageException: Message missing required fields: nextturn
03-17 12:41:49.430  3763  7067 E HUREV   : 	at com.google.protobuf.AbstractMessage$Builder.newUninitializedMessageException(r8-map-id-8722f06efe6fab086a70200d597343236d3225d15181a7b075b269dcf50b7ff7:7)
03-17 12:41:49.430  3763  7067 E HUREV   : 	at com.andrerinas.headunitrevived.aap.protocol.proto.NavigationStatus$NextTurnDetail$Builder.build(r8-map-id-8722f06efe6fab086a70200d597343236d3225d15181a7b075b269dcf50b7ff7:5)
03-17 12:41:49.430  3763  7067 E HUREV   : 	at com.andrerinas.headunitrevived.aap.a.b(r8-map-id-8722f06efe6fab086a70200d597343236d3225d15181a7b075b269dcf50b7ff7:207)
03-17 12:41:49.430  3763  7067 E HUREV   : 	at t0.u.a(r8-map-id-8722f06efe6fab086a70200d597343236d3225d15181a7b075b269dcf50b7ff7:123)
03-17 12:41:49.430  3763  7067 E HUREV   : 	at t0.e0.d(r8-map-id-8722f06efe6fab086a70200d597343236d3225d15181a7b075b269dcf50b7ff7:149)
03-17 12:41:49.430  3763  7067 E HUREV   : 	at t0.e0.a(r8-map-id-8722f06efe6fab086a70200d597343236d3225d15181a7b075b269dcf50b7ff7:98)
03-17 12:41:49.430  3763  7067 E HUREV   : 	at t0.d0$a.read(r8-map-id-8722f06efe6fab086a70200d597343236d3225d15181a7b075b269dcf50b7ff7:14)
03-17 12:41:49.430  3763  7067 E HUREV   : 	at t0.s0.n(r8-map-id-8722f06efe6fab086a70200d597343236d3225d15181a7b075b269dcf50b7ff7:15)
03-17 12:41:49.430  3763  7067 E HUREV   : 	at t0.s0.c(r8-map-id-8722f06efe6fab086a70200d597343236d3225d15181a7b075b269dcf50b7ff7:1)
03-17 12:41:49.430  3763  7067 E HUREV   : 	at t0.q0.handleMessage(r8-map-id-8722f06efe6fab086a70200d597343236d3225d15181a7b075b269dcf50b7ff7:3)
03-17 12:41:49.430  3763  7067 E HUREV   : 	at android.os.Handler.dispatchMessage(Handler.java:95)
03-17 12:41:49.430  3763  7067 E HUREV   : 	at android.os.Looper.loop(Looper.java:137)
03-17 12:41:49.430  3763  7067 E HUREV   : 	at android.os.HandlerThread.run(HandlerThread.java:61)
03-17 12:41:51.190  3763  3768 D dalvikvm: GC_CONCURRENT freed 2583K, 56% free 10605K/23992K, paused 7ms+5ms, total 81ms
03-17 12:41:52.460  3763  7067 E HUREV   : [55] a.b | Nav: failed to parse NextTurnDetail
03-17 12:41:52.460  3763  7067 E HUREV   : com.google.protobuf.UninitializedMessageException: Message missing required fields: nextturn
03-17 12:41:52.460  3763  7067 E HUREV   : 	at com.google.protobuf.AbstractMessage$Builder.newUninitializedMessageException(r8-map-id-8722f06efe6fab086a70200d597343236d3225d15181a7b075b269dcf50b7ff7:7)
03-17 12:41:52.460  3763  7067 E HUREV   : 	at com.andrerinas.headunitrevived.aap.protocol.proto.NavigationStatus$NextTurnDetail$Builder.build(r8-map-id-8722f06efe6fab086a70200d597343236d3225d15181a7b075b269dcf50b7ff7:5)
03-17 12:41:52.460  3763  7067 E HUREV   : 	at com.andrerinas.headunitrevived.aap.a.b(r8-map-id-8722f06efe6fab086a70200d597343236d3225d15181a7b075b269dcf50b7ff7:207)
03-17 12:41:52.460  3763  7067 E HUREV   : 	at t0.u.a(r8-map-id-8722f06efe6fab086a70200d597343236d3225d15181a7b075b269dcf50b7ff7:123)
03-17 12:41:52.460  3763  7067 E HUREV   : 	at t0.e0.d(r8-map-id-8722f06efe6fab086a70200d597343236d3225d15181a7b075b269dcf50b7ff7:149)
03-17 12:41:52.460  3763  7067 E HUREV   : 	at t0.e0.a(r8-map-id-8722f06efe6fab086a70200d597343236d3225d15181a7b075b269dcf50b7ff7:98)
03-17 12:41:52.460  3763  7067 E HUREV   : 	at t0.d0$a.read(r8-map-id-8722f06efe6fab086a70200d597343236d3225d15181a7b075b269dcf50b7ff7:14)
03-17 12:41:52.460  3763  7067 E HUREV   : 	at t0.s0.n(r8-map-id-8722f06efe6fab086a70200d597343236d3225d15181a7b075b269dcf50b7ff7:15)
03-17 12:41:52.460  3763  7067 E HUREV   : 	at t0.s0.c(r8-map-id-8722f06efe6fab086a70200d597343236d3225d15181a7b075b269dcf50b7ff7:1)
03-17 12:41:52.460  3763  7067 E HUREV   : 	at t0.q0.handleMessage(r8-map-id-8722f06efe6fab086a70200d597343236d3225d15181a7b075b269dcf50b7ff7:3)
03-17 12:41:52.460  3763  7067 E HUREV   : 	at android.os.Handler.dispatchMessage(Handler.java:95)
03-17 12:41:52.460  3763  7067 E HUREV   : 	at android.os.Looper.loop(Looper.java:137)
03-17 12:41:52.460  3763  7067 E HUREV   : 	at android.os.HandlerThread.run(HandlerThread.java:61)
03-17 12:41:53.540  3763  3768 D dalvikvm: GC_CONCURRENT freed 2476K, 56% free 10631K/23992K, paused 6ms+6ms, total 88ms
03-17 12:41:55.790  3763  3768 D dalvikvm: GC_CONCURRENT freed 2531K, 56% free 10627K/23992K, paused 8ms+5ms, total 87ms
03-17 12:41:56.410  3763  7067 E HUREV   : [55] a.b | Nav: failed to parse NextTurnDetail
03-17 12:41:56.410  3763  7067 E HUREV   : com.google.protobuf.UninitializedMessageException: Message missing required fields: nextturn
03-17 12:41:56.410  3763  7067 E HUREV   : 	at com.google.protobuf.AbstractMessage$Builder.newUninitializedMessageException(r8-map-id-8722f06efe6fab086a70200d597343236d3225d15181a7b075b269dcf50b7ff7:7)
03-17 12:41:56.410  3763  7067 E HUREV   : 	at com.andrerinas.headunitrevived.aap.protocol.proto.NavigationStatus$NextTurnDetail$Builder.build(r8-map-id-8722f06efe6fab086a70200d597343236d3225d15181a7b075b269dcf50b7ff7:5)
03-17 12:41:56.410  3763  7067 E HUREV   : 	at com.andrerinas.headunitrevived.aap.a.b(r8-map-id-8722f06efe6fab086a70200d597343236d3225d15181a7b075b269dcf50b7ff7:207)
03-17 12:41:56.410  3763  7067 E HUREV   : 	at t0.u.a(r8-map-id-8722f06efe6fab086a70200d597343236d3225d15181a7b075b269dcf50b7ff7:123)
03-17 12:41:56.410  3763  7067 E HUREV   : 	at t0.e0.d(r8-map-id-8722f06efe6fab086a70200d597343236d3225d15181a7b075b269dcf50b7ff7:149)
03-17 12:41:56.410  3763  7067 E HUREV   : 	at t0.e0.a(r8-map-id-8722f06efe6fab086a70200d597343236d3225d15181a7b075b269dcf50b7ff7:98)
03-17 12:41:56.410  3763  7067 E HUREV   : 	at t0.d0$a.read(r8-map-id-8722f06efe6fab086a70200d597343236d3225d15181a7b075b269dcf50b7ff7:14)
03-17 12:41:56.410  3763  7067 E HUREV   : 	at t0.s0.n(r8-map-id-8722f06efe6fab086a70200d597343236d3225d15181a7b075b269dcf50b7ff7:15)
03-17 12:41:56.410  3763  7067 E HUREV   : 	at t0.s0.c(r8-map-id-8722f06efe6fab086a70200d597343236d3225d15181a7b075b269dcf50b7ff7:1)
03-17 12:41:56.410  3763  7067 E HUREV   : 	at t0.q0.handleMessage(r8-map-id-8722f06efe6fab086a70200d597343236d3225d15181a7b075b269dcf50b7ff7:3)
03-17 12:41:56.410  3763  7067 E HUREV   : 	at android.os.Handler.dispatchMessage(Handler.java:95)
03-17 12:41:56.410  3763  7067 E HUREV   : 	at android.os.Looper.loop(Looper.java:137)
03-17 12:41:56.410  3763  7067 E HUREV   : 	at android.os.HandlerThread.run(HandlerThread.java:61)
03-17 12:41:56.540  3763  7067 I HUREV   : [55] p.f | Navigation Focus Request: NAV_FOCUS_1
03-17 12:41:56.540  3763  7067 I HUREV   : [55] p.f | CONTROL Navigation Focus Notification type: 14 flags: 11 size: 8 dataOffset: 6
03-17 12:41:58.110  3763  3768 D dalvikvm: GC_CONCURRENT freed 2491K, 56% free 10619K/23992K, paused 6ms+5ms, total 80ms
03-17 12:42:00.470  3763  3768 D dalvikvm: GC_CONCURRENT freed 2519K, 56% free 10636K/23992K, paused 7ms+6ms, total 85ms
03-17 12:42:02.600  3763  3768 D dalvikvm: GC_CONCURRENT freed 2476K, 56% free 10618K/23992K, paused 6ms+7ms, total 87ms
03-17 12:42:04.950  3763  3768 D dalvikvm: GC_CONCURRENT freed 2519K, 56% free 10607K/23992K, paused 9ms+5ms, total 97ms
03-17 12:42:07.690  3763  3768 D dalvikvm: GC_CONCURRENT freed 2512K, 56% free 10636K/23992K, paused 5ms+6ms, total 90ms
03-17 12:42:10.340  3763  3768 D dalvikvm: GC_CONCURRENT freed 2527K, 56% free 10625K/23992K, paused 7ms+5ms, total 71ms
03-17 12:42:16.460  3763  3768 D dalvikvm: GC_CONCURRENT freed 2557K, 56% free 10612K/23992K, paused 11ms+7ms, total 134ms
03-17 12:42:16.460  3763  9256 D dalvikvm: WAIT_FOR_CONCURRENT_GC blocked 79ms
03-17 12:42:16.460  3763  7067 D dalvikvm: WAIT_FOR_CONCURRENT_GC blocked 79ms
03-17 12:42:16.460  3763  7229 D dalvikvm: WAIT_FOR_CONCURRENT_GC blocked 21ms
03-17 12:42:20.580  3763  3768 D dalvikvm: GC_CONCURRENT freed 2547K, 56% free 10604K/23992K, paused 15ms+6ms, total 163ms
03-17 12:42:20.580  3763  9256 D dalvikvm: WAIT_FOR_CONCURRENT_GC blocked 34ms
03-17 12:42:20.580  3763  7067 D dalvikvm: WAIT_FOR_CONCURRENT_GC blocked 33ms
03-17 12:42:20.580  3763  7066 D dalvikvm: WAIT_FOR_CONCURRENT_GC blocked 31ms
03-17 12:42:27.660  3763  3768 D dalvikvm: GC_CONCURRENT freed 2427K, 56% free 10690K/23992K, paused 8ms+7ms, total 154ms
03-17 12:42:32.940  3763  3768 D dalvikvm: GC_CONCURRENT freed 2457K, 56% free 10750K/23992K, paused 10ms+9ms, total 280ms
03-17 12:42:39.950  3763  3768 D dalvikvm: GC_CONCURRENT freed 2674K, 56% free 10624K/23992K, paused 18ms+6ms, total 202ms
03-17 12:42:48.980  3763  3768 D dalvikvm: GC_CONCURRENT freed 2524K, 56% free 10617K/23992K, paused 7ms+8ms, total 119ms
03-17 12:42:53.900  3763  3768 D dalvikvm: GC_CONCURRENT freed 2391K, 56% free 10720K/23992K, paused 19ms+5ms, total 174ms
03-17 12:42:59.090  3763  3768 D dalvikvm: GC_CONCURRENT freed 2505K, 56% free 10698K/23992K, paused 13ms+6ms, total 122ms
03-17 12:43:02.660  3763  3768 D dalvikvm: GC_CONCURRENT freed 2194K, 54% free 11081K/23992K, paused 5ms+6ms, total 137ms
03-17 12:43:02.660  3763  7067 D dalvikvm: WAIT_FOR_CONCURRENT_GC blocked 20ms
03-17 12:43:02.660  3763  7229 D dalvikvm: WAIT_FOR_CONCURRENT_GC blocked 19ms
03-17 12:43:07.310  3763  3768 D dalvikvm: GC_CONCURRENT freed 2477K, 54% free 11225K/23992K, paused 10ms+7ms, total 116ms
03-17 12:43:11.090  3763  3763 I HUREV   : [1] p.onReceive | USB Intent: Intent { act=android.hardware.usb.action.USB_DEVICE_DETACHED flg=0x10 (has extras) }
03-17 12:43:11.120  3763  3763 I HUREV   : [1] AapProjectionActivity.M | Hiding reconnecting overlay — frames resumed
03-17 12:43:11.130  3763  3763 I HUREV   : [1] p.onReceive | USB Intent: Intent { act=android.hardware.usb.action.USB_DEVICE_DETACHED flg=0x10 (has extras) }
03-17 12:43:11.130  3763  7042 I HUREV   : [49] s0.o | AapTransport quitting (clean=false)
03-17 12:43:11.130  3763  3763 I HUREV   : [1] AapService.K | WifiLock released
03-17 12:43:11.150  3763  7249 I HUREV   : [57] a0.l | Output thread stopped
03-17 12:43:11.160  3763  3763 I HUREV   : [1] AapProjectionActivity.onPause | AapProjectionActivity: onPause
03-17 12:43:11.160  3763  7043 I HUREV   : [50] a0.s | Decoder stopped: AapService::onDisconnect
03-17 12:43:11.220  3763  3763 D zjy     : view visibility = 7
03-17 12:43:11.270  3763  7067 W MessageQueue: Handler (android.os.Handler) {42c2c2f0} sending message to a Handler on a dead thread
03-17 12:43:11.270  3763  7067 W MessageQueue: java.lang.RuntimeException: Handler (android.os.Handler) {42c2c2f0} sending message to a Handler on a dead thread
03-17 12:43:11.270  3763  7067 W MessageQueue: 	at android.os.MessageQueue.enqueueMessage(MessageQueue.java:309)
03-17 12:43:11.270  3763  7067 W MessageQueue: 	at android.os.Handler.enqueueMessage(Handler.java:623)
03-17 12:43:11.270  3763  7067 W MessageQueue: 	at android.os.Handler.sendMessageAtTime(Handler.java:592)
03-17 12:43:11.270  3763  7067 W MessageQueue: 	at android.os.Handler.sendMessageDelayed(Handler.java:563)
03-17 12:43:11.270  3763  7067 W MessageQueue: 	at android.os.Handler.sendEmptyMessageDelayed(Handler.java:527)
03-17 12:43:11.270  3763  7067 W MessageQueue: 	at android.os.Handler.sendEmptyMessage(Handler.java:512)
03-17 12:43:11.270  3763  7067 W MessageQueue: 	at t0.s0.n(r8-map-id-8722f06efe6fab086a70200d597343236d3225d15181a7b075b269dcf50b7ff7:36)
03-17 12:43:11.270  3763  7067 W MessageQueue: 	at t0.s0.c(r8-map-id-8722f06efe6fab086a70200d597343236d3225d15181a7b075b269dcf50b7ff7:1)
03-17 12:43:11.270  3763  7067 W MessageQueue: 	at t0.q0.handleMessage(r8-map-id-8722f06efe6fab086a70200d597343236d3225d15181a7b075b269dcf50b7ff7:3)
03-17 12:43:11.270  3763  7067 W MessageQueue: 	at android.os.Handler.dispatchMessage(Handler.java:95)
03-17 12:43:11.270  3763  7067 W MessageQueue: 	at android.os.Looper.loop(Looper.java:137)
03-17 12:43:11.270  3763  7067 W MessageQueue: 	at android.os.HandlerThread.run(HandlerThread.java:61)
03-17 12:43:11.270  3763  7042 D UsbDeviceConnectionJNI: close
03-17 12:43:11.270  3763  7042 I HUREV   : [49] m.b | Google 18D1:2D00 - UsbDevice[mName=/dev/bus/usb/002/006,mVendorId=6353,mProductId=11520,mClass=0,mSubclass=0,mProtocol=0,mInterfaces=[Landroid.os.Parcelable;@42e53be0]
03-17 12:43:11.270  3763  7042 E UsbDeviceConnectionJNI: device is closed in native_release_interface
03-17 12:43:11.270  3763  7042 I HUREV   : [49] m.b | OK releaseInterface()
03-17 12:43:11.290  3763  3763 D zjy     : view visibility = 7
03-17 12:43:13.480  3763  3768 D dalvikvm: GC_CONCURRENT freed 3905K, 59% free 9951K/23992K, paused 4ms+4ms, total 63ms
03-17 12:43:20.490  3763  9256 D AudioTrack: AudioTrack::stop 0x664e3f80,mStreamType=3
03-17 12:43:21.790  3763  9256 D AudioTrack: AudioTrack::stop 0x664e3f80,mStreamType=3
03-17 12:43:21.790  3763  9256 D AudioTrack: AudioTrack::stop 0x664e3f80,mStreamType=3
03-17 12:43:21.790  3763  9256 D AudioTrack: AudioTrack::stop 0x664e3f80,mStreamType=3
03-17 12:43:21.790  3763  9256 I HUREV   : [7202] s.run | AudioTrackWrapper thread finished.
03-17 12:43:28.050  3763  3763 D zjy     : view visibility = 7
03-17 12:43:30.560  3763  3763 I HUREV   : [1] AapProjectionActivity.onDestroy | AapProjectionActivity.onDestroy called. isFinishing=true
03-17 12:43:30.590  3763  3763 I HUREV   : [1] i.onSurfaceTextureDestroyed | TextureProjectionView: Surface destroyed
03-17 12:43:30.590  3763  3763 I HUREV   : [1] AapProjectionActivity.c | SurfaceCallback: onSurfaceDestroyed. Surface: Surface(name=android.graphics.SurfaceTexture@4307d538)
03-17 12:43:30.590  3763  3763 I HUREV   : [1] a0.s | Decoder stopped: surfaceDestroyed
03-17 12:43:32.550  3763  3774 D AudioManager: dispatchAudioFocusChange [android.media.AudioManager@42e93d58t0.o@432e15b0], hint = -2
03-17 12:43:32.550  3763  3763 D AudioManager: Begin listener.onAudioFocusChange  [android.media.AudioManager@42e93d58t0.o@432e15b0], hint = -2
03-17 12:43:32.560  3763  3763 I HUREV   : [1] p.d | Audio Focus async change: STATE_GAIN, system focus change: -2 AUDIOFOCUS_LOSS_TRANSIENT
03-17 12:43:32.560  3763  3763 I HUREV   : [1] p.d | CONTROL Audio Focus Notification type: 19 flags: 11 size: 8 dataOffset: 6
03-17 12:43:32.570  3763  3763 I HUREV   : [1] s0.r | Cannot send message, handler is null (quitting?)
03-17 12:43:32.570  3763  3763 D AudioManager: End listener.onAudioFocusChange [android.media.AudioManager@42e93d58t0.o@432e15b0], hint = -2
