03-17 10:52:10.580  5712  8949 E OMXMaster: A component of name 'OMX.Freescale.std.parser.fsl.sw-based' already exists, ignoring this one.
03-17 10:52:10.580  5712  8949 E OMXMaster: A component of name 'OMX.Freescale.std.parser.fsl.sw-based' already exists, ignoring this one.
03-17 10:52:10.590  5712  8949 E OMXMaster: A component of name 'OMX.Freescale.std.parser.fsl.sw-based' already exists, ignoring this one.
03-17 10:52:10.590  5712  8949 E OMXMaster: A component of name 'OMX.Freescale.std.parser.fsl.sw-based' already exists, ignoring this one.
03-17 10:52:10.590  5712  8949 E OMXMaster: A component of name 'OMX.Freescale.std.parser.fsl.sw-based' already exists, ignoring this one.
03-17 10:52:10.590  5712  8949 E OMXMaster: A component of name 'OMX.Freescale.std.parser.fsl.sw-based' already exists, ignoring this one.
03-17 10:52:10.590  5712  8949 E OMXMaster: A component of name 'OMX.Freescale.std.parser.streaming.sw-based' already exists, ignoring this one.
03-17 10:52:10.590  5712  8949 E OMXMaster: A component of name 'OMX.Freescale.std.parser.fsl.sw-based' already exists, ignoring this one.
03-17 10:52:10.600  5712  6428 I HUREV   : [181] s.i | AAC Decoder started for 16000 Hz, 1 channels with is-adts (Async)
03-17 10:52:10.600  5712  8950 I SoftAAC2: Reconfiguring decoder: 0->16000 Hz, 0->1 channels
03-17 10:52:11.010  5712  8952 W AudioTrack: releaseBuffer() track 0x68783688 name=0x1 disabled, restarting
03-17 10:52:11.520  5712  8952 W AudioTrack: releaseBuffer() track 0x68783688 name=0x1 disabled, restarting
03-17 10:52:11.780  5712  5716 D dalvikvm: GC_CONCURRENT freed 2553K, 59% free 10639K/25856K, paused 14ms+8ms, total 163ms
03-17 10:52:11.780  5712  6428 D dalvikvm: WAIT_FOR_CONCURRENT_GC blocked 106ms
03-17 10:52:11.870  5712  6428 I HUREV   : [181] m.c | Media Sink Stop Request: AUDIO1
03-17 10:52:11.870  5712  6428 I HUREV   : [181] j.d | Audio Stop: AUDIO1
03-17 10:52:11.930  5712  8952 D AudioTrack: AudioTrack::stop 0x68783688,mStreamType=3
03-17 10:52:11.930  5712  8952 E HUREV   : [3854] s.e | Error during audio track cleanup
03-17 10:52:11.930  5712  8952 E HUREV   : java.lang.InterruptedException
03-17 10:52:11.930  5712  8952 E HUREV   : 	at java.lang.VMThread.sleep(Native Method)
03-17 10:52:11.930  5712  8952 E HUREV   : 	at java.lang.Thread.sleep(Thread.java:1013)
03-17 10:52:11.930  5712  8952 E HUREV   : 	at java.lang.Thread.sleep(Thread.java:995)
03-17 10:52:11.930  5712  8952 E HUREV   : 	at y0.s.e(r8-map-id-8722f06efe6fab086a70200d597343236d3225d15181a7b075b269dcf50b7ff7:125)
03-17 10:52:11.930  5712  8952 E HUREV   : 	at y0.s.run(r8-map-id-8722f06efe6fab086a70200d597343236d3225d15181a7b075b269dcf50b7ff7:85)
03-17 10:52:11.930  5712  8952 D AudioTrack: AudioTrack::stop 0x68783688,mStreamType=3
03-17 10:52:11.930  5712  8952 D AudioTrack: AudioTrack::stop 0x68783688,mStreamType=3
03-17 10:52:11.930  5712  8952 D AudioTrack: AudioTrack::stop 0x68783688,mStreamType=3
03-17 10:52:11.930  5712  8952 I HUREV   : [3854] s.run | AudioTrackWrapper thread finished.
03-17 10:52:13.380  5712  5716 D dalvikvm: GC_CONCURRENT freed 2543K, 59% free 10641K/25856K, paused 8ms+13ms, total 168ms
03-17 10:52:13.380  5712  6428 D dalvikvm: WAIT_FOR_CONCURRENT_GC blocked 94ms
03-17 10:52:13.380  5712  8422 D dalvikvm: WAIT_FOR_CONCURRENT_GC blocked 77ms
03-17 10:52:15.060  5712  5716 D dalvikvm: GC_CONCURRENT freed 2552K, 59% free 10638K/25856K, paused 14ms+8ms, total 159ms
03-17 10:52:15.060  5712  8422 D dalvikvm: WAIT_FOR_CONCURRENT_GC blocked 18ms
03-17 10:52:15.060  5712  6428 D dalvikvm: WAIT_FOR_CONCURRENT_GC blocked 27ms
03-17 10:52:16.820  5712  5716 D dalvikvm: GC_CONCURRENT freed 2528K, 59% free 10652K/25856K, paused 8ms+7ms, total 128ms
03-17 10:52:16.820  5712  6428 D dalvikvm: WAIT_FOR_CONCURRENT_GC blocked 24ms
03-17 10:52:18.760  5712  5716 D dalvikvm: GC_CONCURRENT freed 2576K, 59% free 10627K/25856K, paused 14ms+13ms, total 164ms
03-17 10:52:18.760  5712  6428 D dalvikvm: WAIT_FOR_CONCURRENT_GC blocked 54ms
03-17 10:52:20.340  5712  5716 D dalvikvm: GC_CONCURRENT freed 2548K, 59% free 10623K/25856K, paused 15ms+5ms, total 133ms
03-17 10:52:20.340  5712  6428 D dalvikvm: WAIT_FOR_CONCURRENT_GC blocked 58ms
03-17 10:52:20.340  5712  8422 D dalvikvm: WAIT_FOR_CONCURRENT_GC blocked 56ms
03-17 10:52:20.340  5712  6518 D dalvikvm: WAIT_FOR_CONCURRENT_GC blocked 47ms
03-17 10:52:22.400  5712  5716 D dalvikvm: GC_CONCURRENT freed 2525K, 59% free 10657K/25856K, paused 7ms+7ms, total 100ms
03-17 10:52:22.400  5712  8422 D dalvikvm: WAIT_FOR_CONCURRENT_GC blocked 15ms
03-17 10:52:24.270  5712  5716 D dalvikvm: GC_CONCURRENT freed 2567K, 59% free 10643K/25856K, paused 7ms+7ms, total 126ms
03-17 10:52:24.270  5712  8422 D dalvikvm: WAIT_FOR_CONCURRENT_GC blocked 29ms
03-17 10:52:24.270  5712  6428 D dalvikvm: WAIT_FOR_CONCURRENT_GC blocked 8ms
03-17 10:52:26.050  5712  5716 D dalvikvm: GC_CONCURRENT freed 2552K, 59% free 10637K/25856K, paused 10ms+8ms, total 121ms
03-17 10:52:26.050  5712  8422 D dalvikvm: WAIT_FOR_CONCURRENT_GC blocked 25ms
03-17 10:52:26.050  5712  6428 D dalvikvm: WAIT_FOR_CONCURRENT_GC blocked 21ms
03-17 10:52:28.430  5712  5716 D dalvikvm: GC_CONCURRENT freed 2549K, 59% free 10635K/25856K, paused 9ms+4ms, total 107ms
03-17 10:52:28.430  5712  6428 D dalvikvm: WAIT_FOR_CONCURRENT_GC blocked 54ms
03-17 10:52:28.430  5712  8422 D dalvikvm: WAIT_FOR_CONCURRENT_GC blocked 38ms
03-17 10:52:30.940  5712  5716 D dalvikvm: GC_CONCURRENT freed 2525K, 59% free 10648K/25856K, paused 11ms+6ms, total 131ms
03-17 10:52:30.940  5712  6428 D dalvikvm: WAIT_FOR_CONCURRENT_GC blocked 43ms
03-17 10:52:32.470  5712  5716 D dalvikvm: GC_CONCURRENT freed 2548K, 59% free 10649K/25856K, paused 10ms+9ms, total 132ms
03-17 10:52:32.470  5712  6428 D dalvikvm: WAIT_FOR_CONCURRENT_GC blocked 44ms
03-17 10:52:34.320  5712  5716 D dalvikvm: GC_CONCURRENT freed 2550K, 59% free 10650K/25856K, paused 17ms+5ms, total 145ms
03-17 10:52:38.500  5712  5716 D dalvikvm: GC_CONCURRENT freed 2568K, 59% free 10622K/25856K, paused 14ms+5ms, total 96ms
03-17 10:52:38.500  5712  6428 D dalvikvm: WAIT_FOR_CONCURRENT_GC blocked 48ms
03-17 10:52:39.440  5712  5716 D dalvikvm: GC_CONCURRENT freed 2540K, 59% free 10625K/25856K, paused 12ms+8ms, total 119ms
03-17 10:52:39.440  5712  6428 D dalvikvm: WAIT_FOR_CONCURRENT_GC blocked 37ms
03-17 10:52:39.440  5712  8422 D dalvikvm: WAIT_FOR_CONCURRENT_GC blocked 25ms
03-17 10:52:41.110  5712  5716 D dalvikvm: GC_CONCURRENT freed 2550K, 59% free 10619K/25856K, paused 13ms+6ms, total 142ms
03-17 10:52:41.110  5712  8422 D dalvikvm: WAIT_FOR_CONCURRENT_GC blocked 24ms
03-17 10:52:41.110  5712  6427 D dalvikvm: WAIT_FOR_CONCURRENT_GC blocked 29ms
03-17 10:52:42.980  5712  5716 D dalvikvm: GC_CONCURRENT freed 2514K, 59% free 10640K/25856K, paused 12ms+6ms, total 140ms
03-17 10:52:42.980  5712  6428 D dalvikvm: WAIT_FOR_CONCURRENT_GC blocked 22ms
03-17 10:52:44.860  5712  5716 D dalvikvm: GC_CONCURRENT freed 2569K, 59% free 10619K/25856K, paused 14ms+5ms, total 129ms
03-17 10:52:44.860  5712  8422 D dalvikvm: WAIT_FOR_CONCURRENT_GC blocked 67ms
03-17 10:52:44.860  5712  6428 D dalvikvm: WAIT_FOR_CONCURRENT_GC blocked 65ms
03-17 10:52:44.860  5712  6518 D dalvikvm: WAIT_FOR_CONCURRENT_GC blocked 52ms
03-17 10:52:46.760  5712  5716 D dalvikvm: GC_CONCURRENT freed 2519K, 59% free 10642K/25856K, paused 8ms+4ms, total 153ms
03-17 10:52:46.760  5712  6428 D dalvikvm: WAIT_FOR_CONCURRENT_GC blocked 38ms
03-17 10:52:46.770  5712  6518 D dalvikvm: WAIT_FOR_CONCURRENT_GC blocked 37ms
03-17 10:52:46.770  5712  8422 D dalvikvm: WAIT_FOR_CONCURRENT_GC blocked 27ms
03-17 10:52:48.370  5712  5716 D dalvikvm: GC_CONCURRENT freed 2562K, 59% free 10622K/25856K, paused 7ms+4ms, total 121ms
03-17 10:52:48.370  5712  6428 D dalvikvm: WAIT_FOR_CONCURRENT_GC blocked 56ms
03-17 10:52:52.710  5712  5716 D dalvikvm: GC_CONCURRENT freed 2457K, 59% free 10641K/25856K, paused 7ms+6ms, total 102ms
03-17 10:52:57.860  5712  5716 D dalvikvm: GC_CONCURRENT freed 2534K, 59% free 10650K/25856K, paused 14ms+9ms, total 184ms
03-17 10:53:03.060  5712  5716 D dalvikvm: GC_CONCURRENT freed 2479K, 59% free 10644K/25856K, paused 13ms+8ms, total 108ms
03-17 10:53:08.180  5712  5716 D dalvikvm: GC_CONCURRENT freed 2462K, 59% free 10642K/25856K, paused 4ms+6ms, total 84ms
03-17 10:53:13.300  5712  5716 D dalvikvm: GC_CONCURRENT freed 2468K, 59% free 10634K/25856K, paused 8ms+5ms, total 87ms
03-17 10:53:18.470  5712  5716 D dalvikvm: GC_CONCURRENT freed 2472K, 59% free 10630K/25856K, paused 15ms+5ms, total 112ms
03-17 10:53:24.720  5712  5716 D dalvikvm: GC_CONCURRENT freed 2439K, 59% free 10638K/25856K, paused 8ms+4ms, total 82ms
03-17 10:53:28.170  5712  5716 D dalvikvm: GC_CONCURRENT freed 2535K, 59% free 10642K/25856K, paused 10ms+7ms, total 105ms
03-17 10:53:28.180  5712  6428 D dalvikvm: WAIT_FOR_CONCURRENT_GC blocked 56ms
03-17 10:53:29.390  5712  5716 D dalvikvm: GC_CONCURRENT freed 2555K, 59% free 10622K/25856K, paused 10ms+5ms, total 108ms
03-17 10:53:29.390  5712  6428 D dalvikvm: WAIT_FOR_CONCURRENT_GC blocked 57ms
03-17 10:53:30.830  5712  5716 D dalvikvm: GC_CONCURRENT freed 2523K, 59% free 10642K/25856K, paused 15ms+7ms, total 143ms
03-17 10:53:30.830  5712  6428 D dalvikvm: WAIT_FOR_CONCURRENT_GC blocked 22ms
03-17 10:53:30.830  5712  8422 D dalvikvm: WAIT_FOR_CONCURRENT_GC blocked 14ms
03-17 10:53:32.860  5712  5716 D dalvikvm: GC_CONCURRENT freed 2561K, 59% free 10628K/25856K, paused 11ms+6ms, total 132ms
03-17 10:53:32.860  5712  6428 D dalvikvm: WAIT_FOR_CONCURRENT_GC blocked 47ms
03-17 10:53:32.860  5712  8422 D dalvikvm: WAIT_FOR_CONCURRENT_GC blocked 36ms
03-17 10:53:34.580  5712  5716 D dalvikvm: GC_CONCURRENT freed 2479K, 59% free 10655K/25856K, paused 8ms+6ms, total 125ms
03-17 10:53:37.310  5712  5716 D dalvikvm: GC_CONCURRENT freed 2569K, 59% free 10639K/25856K, paused 10ms+6ms, total 147ms
03-17 10:53:37.310  5712  8422 D dalvikvm: WAIT_FOR_CONCURRENT_GC blocked 21ms
03-17 10:53:39.630  5712  5716 D dalvikvm: GC_CONCURRENT freed 2541K, 59% free 10645K/25856K, paused 7ms+9ms, total 129ms
03-17 10:53:39.630  5712  8422 D dalvikvm: WAIT_FOR_CONCURRENT_GC blocked 46ms
03-17 10:53:39.630  5712  6428 D dalvikvm: WAIT_FOR_CONCURRENT_GC blocked 48ms
03-17 10:53:41.350  5712  5716 D dalvikvm: GC_CONCURRENT freed 2557K, 59% free 10634K/25856K, paused 11ms+7ms, total 135ms
03-17 10:53:41.350  5712  6428 D dalvikvm: WAIT_FOR_CONCURRENT_GC blocked 69ms
03-17 10:53:43.190  5712  5716 D dalvikvm: GC_CONCURRENT freed 2553K, 59% free 10627K/25856K, paused 12ms+7ms, total 159ms
03-17 10:53:43.190  5712  6428 D dalvikvm: WAIT_FOR_CONCURRENT_GC blocked 33ms
03-17 10:53:43.190  5712  8422 D dalvikvm: WAIT_FOR_CONCURRENT_GC blocked 46ms
03-17 10:53:43.190  5712  6518 D dalvikvm: WAIT_FOR_CONCURRENT_GC blocked 21ms
03-17 10:53:45.640  5712  5716 D dalvikvm: GC_CONCURRENT freed 2441K, 59% free 10634K/25856K, paused 6ms+4ms, total 64ms
03-17 10:53:51.510  5712  5716 D dalvikvm: GC_CONCURRENT freed 2445K, 59% free 10632K/25856K, paused 4ms+5ms, total 64ms
03-17 10:53:56.830  5712  5716 D dalvikvm: GC_CONCURRENT freed 2443K, 59% free 10626K/25856K, paused 4ms+4ms, total 56ms
03-17 10:54:02.270  5712  5716 D dalvikvm: GC_CONCURRENT freed 2480K, 59% free 10637K/25856K, paused 8ms+4ms, total 97ms
03-17 10:54:05.510  5712  5716 D dalvikvm: GC_CONCURRENT freed 2540K, 59% free 10641K/25856K, paused 5ms+4ms, total 64ms
03-17 10:54:05.510  5712  6428 D dalvikvm: WAIT_FOR_CONCURRENT_GC blocked 41ms
03-17 10:54:05.510  5712  8422 D dalvikvm: WAIT_FOR_CONCURRENT_GC blocked 15ms
03-17 10:54:06.240  5712  5716 D dalvikvm: GC_CONCURRENT freed 2561K, 59% free 10628K/25856K, paused 7ms+5ms, total 80ms
03-17 10:54:06.240  5712  8422 D dalvikvm: WAIT_FOR_CONCURRENT_GC blocked 37ms
03-17 10:54:06.240  5712  6428 D dalvikvm: WAIT_FOR_CONCURRENT_GC blocked 37ms
03-17 10:54:06.240  5712  6518 D dalvikvm: WAIT_FOR_CONCURRENT_GC blocked 14ms
03-17 10:54:06.280  5712  6428 I HUREV   : [181] p.f | Navigation Focus Request: NAV_FOCUS_2
03-17 10:54:06.280  5712  6428 I HUREV   : [181] p.f | CONTROL Navigation Focus Notification type: 14 flags: 11 size: 8 dataOffset: 6
03-17 10:54:07.510  5712  5716 D dalvikvm: GC_CONCURRENT freed 2519K, 59% free 10651K/25856K, paused 10ms+7ms, total 139ms
03-17 10:54:07.510  5712  6428 D dalvikvm: WAIT_FOR_CONCURRENT_GC blocked 40ms
03-17 10:54:09.260  5712  5716 D dalvikvm: GC_CONCURRENT freed 2539K, 59% free 10666K/25856K, paused 9ms+6ms, total 115ms
03-17 10:54:09.260  5712  6428 D dalvikvm: WAIT_FOR_CONCURRENT_GC blocked 12ms
03-17 10:54:11.160  5712  5716 D dalvikvm: GC_CONCURRENT freed 2585K, 59% free 10638K/25856K, paused 11ms+5ms, total 156ms
03-17 10:54:11.160  5712  6428 D dalvikvm: WAIT_FOR_CONCURRENT_GC blocked 71ms
03-17 10:54:11.160  5712  8422 D dalvikvm: WAIT_FOR_CONCURRENT_GC blocked 61ms
03-17 10:54:12.840  5712  5716 D dalvikvm: GC_CONCURRENT freed 2536K, 59% free 10650K/25856K, paused 12ms+6ms, total 133ms
03-17 10:54:12.840  5712  8422 D dalvikvm: WAIT_FOR_CONCURRENT_GC blocked 19ms
03-17 10:54:12.840  5712  6428 D dalvikvm: WAIT_FOR_CONCURRENT_GC blocked 21ms
03-17 10:54:14.890  5712  5716 D dalvikvm: GC_CONCURRENT freed 2562K, 59% free 10639K/25856K, paused 7ms+6ms, total 135ms
03-17 10:54:14.890  5712  6428 D dalvikvm: WAIT_FOR_CONCURRENT_GC blocked 27ms
03-17 10:54:14.890  5712  8422 D dalvikvm: WAIT_FOR_CONCURRENT_GC blocked 23ms
03-17 10:54:16.950  5712  5716 D dalvikvm: GC_CONCURRENT freed 2499K, 59% free 10663K/25856K, paused 6ms+6ms, total 100ms
03-17 10:54:19.040  5712  5716 D dalvikvm: GC_CONCURRENT freed 2559K, 59% free 10658K/25856K, paused 8ms+6ms, total 128ms
03-17 10:54:19.040  5712  6428 D dalvikvm: WAIT_FOR_CONCURRENT_GC blocked 34ms
03-17 10:54:21.120  5712  5716 D dalvikvm: GC_CONCURRENT freed 2565K, 59% free 10673K/25856K, paused 7ms+6ms, total 187ms
03-17 10:54:23.010  5712  5716 D dalvikvm: GC_CONCURRENT freed 2574K, 59% free 10655K/25856K, paused 6ms+8ms, total 128ms
03-17 10:54:23.010  5712  6428 D dalvikvm: WAIT_FOR_CONCURRENT_GC blocked 35ms
03-17 10:54:24.830  5712  5716 D dalvikvm: GC_CONCURRENT freed 2555K, 59% free 10650K/25856K, paused 7ms+8ms, total 162ms
03-17 10:54:24.830  5712  6428 D dalvikvm: WAIT_FOR_CONCURRENT_GC blocked 44ms
03-17 10:54:26.670  5712  5716 D dalvikvm: GC_CONCURRENT freed 2534K, 59% free 10670K/25856K, paused 9ms+10ms, total 133ms
03-17 10:54:28.760  5712  5716 D dalvikvm: GC_CONCURRENT freed 2571K, 59% free 10653K/25856K, paused 12ms+7ms, total 129ms
03-17 10:54:28.760  5712  6428 D dalvikvm: WAIT_FOR_CONCURRENT_GC blocked 22ms
03-17 10:54:30.660  5712  5716 D dalvikvm: GC_CONCURRENT freed 2565K, 59% free 10639K/25856K, paused 6ms+7ms, total 155ms
03-17 10:54:30.660  5712  8422 D dalvikvm: WAIT_FOR_CONCURRENT_GC blocked 59ms
03-17 10:54:30.660  5712  6428 D dalvikvm: WAIT_FOR_CONCURRENT_GC blocked 59ms
03-17 10:54:32.570  5712  5716 D dalvikvm: GC_CONCURRENT freed 2522K, 59% free 10665K/25856K, paused 9ms+6ms, total 138ms
03-17 10:54:32.570  5712  8422 D dalvikvm: WAIT_FOR_CONCURRENT_GC blocked 44ms
03-17 10:54:32.570  5712  6518 D dalvikvm: WAIT_FOR_CONCURRENT_GC blocked 45ms
03-17 10:54:34.290  5712  5716 D dalvikvm: GC_CONCURRENT freed 2572K, 59% free 10649K/25856K, paused 7ms+6ms, total 132ms
03-17 10:54:34.290  5712  6428 D dalvikvm: WAIT_FOR_CONCURRENT_GC blocked 57ms
03-17 10:54:34.290  5712  8422 D dalvikvm: WAIT_FOR_CONCURRENT_GC blocked 44ms
03-17 10:54:36.260  5712  5716 D dalvikvm: GC_CONCURRENT freed 2512K, 59% free 10684K/25856K, paused 14ms+8ms, total 127ms
03-17 10:54:38.250  5712  5716 D dalvikvm: GC_CONCURRENT freed 2600K, 59% free 10646K/25856K, paused 9ms+9ms, total 155ms
03-17 10:54:38.250  5712  8422 D dalvikvm: WAIT_FOR_CONCURRENT_GC blocked 26ms
03-17 10:54:38.250  5712  6428 D dalvikvm: WAIT_FOR_CONCURRENT_GC blocked 50ms
03-17 10:54:40.080  5712  5716 D dalvikvm: GC_CONCURRENT freed 2545K, 59% free 10651K/25856K, paused 8ms+8ms, total 141ms
03-17 10:54:40.080  5712  6428 D dalvikvm: WAIT_FOR_CONCURRENT_GC blocked 29ms
03-17 10:54:41.960  5712  5716 D dalvikvm: GC_CONCURRENT freed 2548K, 59% free 10652K/25856K, paused 8ms+9ms, total 135ms
03-17 10:54:41.960  5712  6428 D dalvikvm: WAIT_FOR_CONCURRENT_GC blocked 54ms
03-17 10:54:43.920  5712  5716 D dalvikvm: GC_CONCURRENT freed 2530K, 59% free 10689K/25856K, paused 9ms+6ms, total 155ms
03-17 10:54:45.890  5712  5716 D dalvikvm: GC_CONCURRENT freed 2622K, 59% free 10631K/25856K, paused 25ms+4ms, total 184ms
03-17 10:54:45.890  5712  6428 D dalvikvm: WAIT_FOR_CONCURRENT_GC blocked 48ms
03-17 10:54:45.890  5712  8422 D dalvikvm: WAIT_FOR_CONCURRENT_GC blocked 29ms
03-17 10:54:47.830  5712  5716 D dalvikvm: GC_CONCURRENT freed 2524K, 59% free 10641K/25856K, paused 10ms+6ms, total 138ms
03-17 10:54:47.830  5712  6428 D dalvikvm: WAIT_FOR_CONCURRENT_GC blocked 29ms
03-17 10:54:49.880  5712  5716 D dalvikvm: GC_CONCURRENT freed 2536K, 59% free 10649K/25856K, paused 14ms+5ms, total 134ms
03-17 10:54:49.880  5712  6428 D dalvikvm: WAIT_FOR_CONCURRENT_GC blocked 38ms
03-17 10:54:52.340  5712  5716 D dalvikvm: GC_CONCURRENT freed 2561K, 59% free 10636K/25856K, paused 8ms+4ms, total 102ms
03-17 10:54:52.340  5712  8422 D dalvikvm: WAIT_FOR_CONCURRENT_GC blocked 17ms
03-17 10:54:52.340  5712  6428 D dalvikvm: WAIT_FOR_CONCURRENT_GC blocked 23ms
03-17 10:54:54.130  5712  5716 D dalvikvm: GC_CONCURRENT freed 2497K, 59% free 10677K/25856K, paused 7ms+6ms, total 90ms
03-17 10:54:56.180  5712  5716 D dalvikvm: GC_CONCURRENT freed 2525K, 59% free 10675K/25856K, paused 5ms+5ms, total 79ms
03-17 10:54:58.050  5712  5716 D dalvikvm: GC_CONCURRENT freed 2564K, 59% free 10654K/25856K, paused 5ms+6ms, total 94ms
03-17 10:55:00.000  5712  5716 D dalvikvm: GC_CONCURRENT freed 2557K, 59% free 10658K/25856K, paused 6ms+8ms, total 127ms
03-17 10:55:00.000  5712  8422 D dalvikvm: WAIT_FOR_CONCURRENT_GC blocked 38ms
03-17 10:55:00.000  5712  6428 D dalvikvm: WAIT_FOR_CONCURRENT_GC blocked 26ms
03-17 10:55:00.000  5712  6518 D dalvikvm: WAIT_FOR_CONCURRENT_GC blocked 24ms
03-17 10:55:01.940  5712  5716 D dalvikvm: GC_CONCURRENT freed 2536K, 59% free 10648K/25856K, paused 7ms+5ms, total 110ms
03-17 10:55:04.060  5712  5716 D dalvikvm: GC_CONCURRENT freed 2518K, 59% free 10663K/25856K, paused 7ms+7ms, total 109ms
03-17 10:55:05.930  5712  5716 D dalvikvm: GC_CONCURRENT freed 2531K, 59% free 10666K/25856K, paused 5ms+6ms, total 106ms
03-17 10:55:07.870  5712  5716 D dalvikvm: GC_CONCURRENT freed 2578K, 59% free 10646K/25856K, paused 7ms+5ms, total 141ms
03-17 10:55:07.870  5712  6428 D dalvikvm: WAIT_FOR_CONCURRENT_GC blocked 26ms
03-17 10:55:09.890  5712  5716 D dalvikvm: GC_CONCURRENT freed 2538K, 59% free 10657K/25856K, paused 9ms+7ms, total 156ms
03-17 10:55:09.890  5712  6428 D dalvikvm: WAIT_FOR_CONCURRENT_GC blocked 55ms
03-17 10:55:10.680  5712  6428 I HUREV   : [181] p.f | Navigation Focus Request: NAV_FOCUS_1
03-17 10:55:10.680  5712  6428 I HUREV   : [181] p.f | CONTROL Navigation Focus Notification type: 14 flags: 11 size: 8 dataOffset: 6
03-17 10:55:12.040  5712  5716 D dalvikvm: GC_CONCURRENT freed 2566K, 59% free 10660K/25856K, paused 8ms+6ms, total 108ms
03-17 10:55:13.930  5712  5716 D dalvikvm: GC_CONCURRENT freed 2580K, 59% free 10635K/25856K, paused 12ms+8ms, total 150ms
03-17 10:55:13.930  5712  6428 D dalvikvm: WAIT_FOR_CONCURRENT_GC blocked 65ms
03-17 10:55:15.130  5712  6428 I HUREV   : [181] p.f | Navigation Focus Request: NAV_FOCUS_2
03-17 10:55:15.130  5712  6428 I HUREV   : [181] p.f | CONTROL Navigation Focus Notification type: 14 flags: 11 size: 8 dataOffset: 6
03-17 10:55:15.680  5712  5716 D dalvikvm: GC_CONCURRENT freed 2515K, 59% free 10658K/25856K, paused 7ms+5ms, total 110ms
03-17 10:55:15.680  5712  6428 D dalvikvm: WAIT_FOR_CONCURRENT_GC blocked 28ms
03-17 10:55:17.650  5712  5716 D dalvikvm: GC_CONCURRENT freed 2552K, 59% free 10636K/25856K, paused 14ms+8ms, total 135ms
03-17 10:55:19.560  5712  5716 D dalvikvm: GC_CONCURRENT freed 2544K, 59% free 10639K/25856K, paused 8ms+7ms, total 117ms
03-17 10:55:19.560  5712  8422 D dalvikvm: WAIT_FOR_CONCURRENT_GC blocked 40ms
03-17 10:55:19.560  5712  6518 D dalvikvm: WAIT_FOR_CONCURRENT_GC blocked 44ms
03-17 10:55:21.400  5712  5716 D dalvikvm: GC_CONCURRENT freed 2537K, 59% free 10650K/25856K, paused 10ms+6ms, total 157ms
03-17 10:55:21.400  5712  6428 D dalvikvm: WAIT_FOR_CONCURRENT_GC blocked 66ms
03-17 10:55:21.400  5712  6518 D dalvikvm: WAIT_FOR_CONCURRENT_GC blocked 27ms
03-17 10:55:21.400  5712  8422 D dalvikvm: WAIT_FOR_CONCURRENT_GC blocked 40ms
03-17 10:55:23.370  5712  5716 D dalvikvm: GC_CONCURRENT freed 2530K, 59% free 10660K/25856K, paused 12ms+8ms, total 128ms
03-17 10:55:23.370  5712  6428 D dalvikvm: WAIT_FOR_CONCURRENT_GC blocked 5ms
03-17 10:55:25.450  5712  5716 D dalvikvm: GC_CONCURRENT freed 2577K, 59% free 10638K/25856K, paused 10ms+9ms, total 124ms
03-17 10:55:25.450  5712  8422 D dalvikvm: WAIT_FOR_CONCURRENT_GC blocked 22ms
03-17 10:55:25.450  5712  6428 D dalvikvm: WAIT_FOR_CONCURRENT_GC blocked 59ms
03-17 10:55:27.920  5712  5716 D dalvikvm: GC_CONCURRENT freed 2520K, 59% free 10679K/25856K, paused 10ms+6ms, total 170ms
03-17 10:55:30.190  5712  5716 D dalvikvm: GC_CONCURRENT freed 2551K, 59% free 10668K/25856K, paused 7ms+6ms, total 128ms
03-17 10:55:32.750  5712  5716 D dalvikvm: GC_CONCURRENT freed 2572K, 59% free 10648K/25856K, paused 8ms+8ms, total 123ms
03-17 10:55:32.750  5712  6428 D dalvikvm: WAIT_FOR_CONCURRENT_GC blocked 47ms
03-17 10:55:35.210  5712  5716 D dalvikvm: GC_CONCURRENT freed 2558K, 59% free 10640K/25856K, paused 8ms+7ms, total 137ms
03-17 10:55:35.210  5712  6428 D dalvikvm: WAIT_FOR_CONCURRENT_GC blocked 39ms
03-17 10:55:37.470  5712  5716 D dalvikvm: GC_CONCURRENT freed 2513K, 59% free 10700K/25856K, paused 11ms+11ms, total 244ms
03-17 10:55:39.860  5712  5716 D dalvikvm: GC_CONCURRENT freed 2600K, 59% free 10643K/25856K, paused 9ms+8ms, total 173ms
03-17 10:55:42.540  5712  5716 D dalvikvm: GC_CONCURRENT freed 2517K, 59% free 10666K/25856K, paused 11ms+13ms, total 147ms
03-17 10:55:42.540  5712  6428 D dalvikvm: WAIT_FOR_CONCURRENT_GC blocked 7ms
03-17 10:55:45.040  5712  5716 D dalvikvm: GC_CONCURRENT freed 2580K, 59% free 10643K/25856K, paused 12ms+5ms, total 156ms
03-17 10:55:45.040  5712  8422 D dalvikvm: WAIT_FOR_CONCURRENT_GC blocked 81ms
03-17 10:55:45.040  5712  6518 D dalvikvm: WAIT_FOR_CONCURRENT_GC blocked 80ms
03-17 10:55:45.050  5712  6428 D dalvikvm: WAIT_FOR_CONCURRENT_GC blocked 91ms
03-17 10:55:47.470  5712  5716 D dalvikvm: GC_CONCURRENT freed 2545K, 59% free 10648K/25856K, paused 9ms+12ms, total 156ms
03-17 10:55:47.470  5712  8422 D dalvikvm: WAIT_FOR_CONCURRENT_GC blocked 11ms
03-17 10:55:47.470  5712  6428 D dalvikvm: WAIT_FOR_CONCURRENT_GC blocked 33ms
03-17 10:55:47.470  5712  6518 D dalvikvm: WAIT_FOR_CONCURRENT_GC blocked 15ms
03-17 10:55:49.790  5712  5716 D dalvikvm: GC_CONCURRENT freed 2558K, 59% free 10639K/25856K, paused 11ms+8ms, total 171ms
03-17 10:55:49.790  5712  6428 D dalvikvm: WAIT_FOR_CONCURRENT_GC blocked 54ms
03-17 10:55:49.790  5712  8422 D dalvikvm: WAIT_FOR_CONCURRENT_GC blocked 41ms
03-17 10:55:52.090  5712  5716 D dalvikvm: GC_CONCURRENT freed 2521K, 59% free 10663K/25856K, paused 5ms+6ms, total 117ms
03-17 10:55:52.090  5712  6428 D dalvikvm: WAIT_FOR_CONCURRENT_GC blocked 18ms
03-17 10:55:52.450  5712  6428 I HUREV   : [181] m.d | Media Start Request AUDIO1: session_id: 1
03-17 10:55:52.450  5712  6428 I HUREV   : configuration_index: 0
03-17 10:55:52.450  5712  6428 I HUREV   : [181] j.a | AudioDecoder.start: channel=4, stream=3, gain=1.0, sampleRate=16000, numberOfBits=16, numberOfChannels=1, isAac=true
03-17 10:55:52.450  5712  6428 I HUREV   : [181] s.f | Audio stream: 3 buffer size: 40960 (min: 5120) sampleRateInHz: 16000 channelCount: 1
03-17 10:55:52.460  5712  6428 D AudioTrack: AudioTrack::start 0x681572d0,mStreamType=3
03-17 10:55:52.460  5712 10395 I OMXClient: Using client-side OMX mux.
03-17 10:55:52.460  5712 10395 E OMXMaster: A component of name 'OMX.Freescale.std.parser.fsl.sw-based' already exists, ignoring this one.
03-17 10:55:52.460  5712 10395 E OMXMaster: A component of name 'OMX.Freescale.std.parser.fsl.sw-based' already exists, ignoring this one.
03-17 10:55:52.460  5712 10395 E OMXMaster: A component of name 'OMX.Freescale.std.parser.fsl.sw-based' already exists, ignoring this one.
03-17 10:55:52.460  5712 10395 E OMXMaster: A component of name 'OMX.Freescale.std.parser.fsl.sw-based' already exists, ignoring this one.
03-17 10:55:52.460  5712 10395 E OMXMaster: A component of name 'OMX.Freescale.std.parser.fsl.sw-based' already exists, ignoring this one.
03-17 10:55:52.460  5712 10395 E OMXMaster: A component of name 'OMX.Freescale.std.parser.fsl.sw-based' already exists, ignoring this one.
03-17 10:55:52.460  5712 10395 E OMXMaster: A component of name 'OMX.Freescale.std.parser.fsl.sw-based' already exists, ignoring this one.
03-17 10:55:52.470  5712 10395 E OMXMaster: A component of name 'OMX.Freescale.std.parser.fsl.sw-based' already exists, ignoring this one.
03-17 10:55:52.470  5712 10395 E OMXMaster: A component of name 'OMX.Freescale.std.parser.fsl.sw-based' already exists, ignoring this one.
03-17 10:55:52.470  5712 10395 E OMXMaster: A component of name 'OMX.Freescale.std.parser.fsl.sw-based' already exists, ignoring this one.
03-17 10:55:52.470  5712 10395 E OMXMaster: A component of name 'OMX.Freescale.std.parser.fsl.sw-based' already exists, ignoring this one.
03-17 10:55:52.470  5712 10395 E OMXMaster: A component of name 'OMX.Freescale.std.parser.streaming.sw-based' already exists, ignoring this one.
03-17 10:55:52.470  5712 10395 E OMXMaster: A component of name 'OMX.Freescale.std.parser.fsl.sw-based' already exists, ignoring this one.
03-17 10:55:52.470  5712  6428 I HUREV   : [181] s.i | AAC Decoder started for 16000 Hz, 1 channels with is-adts (Async)
03-17 10:55:52.470  5712 10396 I SoftAAC2: Reconfiguring decoder: 0->16000 Hz, 0->1 channels
03-17 10:55:52.900  5712 10398 W AudioTrack: releaseBuffer() track 0x681572d0 name=0x1 disabled, restarting
03-17 10:55:53.140  5712  6428 I HUREV   : [181] m.c | Media Sink Stop Request: AUDIO1
03-17 10:55:53.140  5712  6428 I HUREV   : [181] j.d | Audio Stop: AUDIO1
03-17 10:55:53.140  5712 10398 D AudioTrack: AudioTrack::stop 0x681572d0,mStreamType=3
03-17 10:55:53.840  5712 10398 D AudioTrack: AudioTrack::stop 0x681572d0,mStreamType=3
03-17 10:55:53.840  5712 10398 D AudioTrack: AudioTrack::stop 0x681572d0,mStreamType=3
03-17 10:55:53.840  5712 10398 D AudioTrack: AudioTrack::stop 0x681572d0,mStreamType=3
03-17 10:55:53.850  5712 10398 I HUREV   : [8666] s.run | AudioTrackWrapper thread finished.
03-17 10:55:54.190  5712  5716 D dalvikvm: GC_CONCURRENT freed 2512K, 59% free 10664K/25856K, paused 9ms+8ms, total 98ms
03-17 10:55:56.600  5712  5716 D dalvikvm: GC_CONCURRENT freed 2532K, 59% free 10650K/25856K, paused 6ms+5ms, total 70ms
03-17 10:55:58.610  5712  5716 D dalvikvm: GC_CONCURRENT freed 2466K, 59% free 10646K/25856K, paused 7ms+5ms, total 81ms
03-17 10:56:00.680  5712  5716 D dalvikvm: GC_CONCURRENT freed 2533K, 59% free 10667K/25856K, paused 6ms+5ms, total 86ms
03-17 10:56:03.060  5712  5716 D dalvikvm: GC_CONCURRENT freed 2512K, 59% free 10660K/25856K, paused 6ms+4ms, total 95ms
03-17 10:56:05.860  5712  5716 D dalvikvm: GC_CONCURRENT freed 2560K, 59% free 10666K/25856K, paused 6ms+6ms, total 97ms
03-17 10:56:08.150  5712  5716 D dalvikvm: GC_CONCURRENT freed 2545K, 59% free 10649K/25856K, paused 11ms+5ms, total 119ms
03-17 10:56:09.400  5712  6428 I HUREV   : [181] m.d | Media Start Request AUDIO1: session_id: 2
03-17 10:56:09.400  5712  6428 I HUREV   : configuration_index: 0
03-17 10:56:09.410  5712  6428 I HUREV   : [181] j.a | AudioDecoder.start: channel=4, stream=3, gain=1.0, sampleRate=16000, numberOfBits=16, numberOfChannels=1, isAac=true
03-17 10:56:09.410  5712  6428 I HUREV   : [181] s.f | Audio stream: 3 buffer size: 40960 (min: 5120) sampleRateInHz: 16000 channelCount: 1
03-17 10:56:09.420  5712  6428 D AudioTrack: AudioTrack::start 0x66219640,mStreamType=3
03-17 10:56:09.420  5712 10512 I OMXClient: Using client-side OMX mux.
03-17 10:56:09.420  5712 10512 E OMXMaster: A component of name 'OMX.Freescale.std.parser.fsl.sw-based' already exists, ignoring this one.
03-17 10:56:09.420  5712 10512 E OMXMaster: A component of name 'OMX.Freescale.std.parser.fsl.sw-based' already exists, ignoring this one.
03-17 10:56:09.420  5712 10512 E OMXMaster: A component of name 'OMX.Freescale.std.parser.fsl.sw-based' already exists, ignoring this one.
03-17 10:56:09.420  5712 10512 E OMXMaster: A component of name 'OMX.Freescale.std.parser.fsl.sw-based' already exists, ignoring this one.
03-17 10:56:09.420  5712 10512 E OMXMaster: A component of name 'OMX.Freescale.std.parser.fsl.sw-based' already exists, ignoring this one.
03-17 10:56:09.420  5712 10512 E OMXMaster: A component of name 'OMX.Freescale.std.parser.fsl.sw-based' already exists, ignoring this one.
03-17 10:56:09.420  5712 10512 E OMXMaster: A component of name 'OMX.Freescale.std.parser.fsl.sw-based' already exists, ignoring this one.
03-17 10:56:09.420  5712 10512 E OMXMaster: A component of name 'OMX.Freescale.std.parser.fsl.sw-based' already exists, ignoring this one.
03-17 10:56:09.420  5712 10512 E OMXMaster: A component of name 'OMX.Freescale.std.parser.fsl.sw-based' already exists, ignoring this one.
03-17 10:56:09.420  5712 10512 E OMXMaster: A component of name 'OMX.Freescale.std.parser.fsl.sw-based' already exists, ignoring this one.
03-17 10:56:09.420  5712 10512 E OMXMaster: A component of name 'OMX.Freescale.std.parser.fsl.sw-based' already exists, ignoring this one.
03-17 10:56:09.420  5712 10512 E OMXMaster: A component of name 'OMX.Freescale.std.parser.streaming.sw-based' already exists, ignoring this one.
03-17 10:56:09.430  5712 10512 E OMXMaster: A component of name 'OMX.Freescale.std.parser.fsl.sw-based' already exists, ignoring this one.
03-17 10:56:09.430  5712  6428 I HUREV   : [181] s.i | AAC Decoder started for 16000 Hz, 1 channels with is-adts (Async)
03-17 10:56:09.440  5712 10513 I SoftAAC2: Reconfiguring decoder: 0->16000 Hz, 0->1 channels
03-17 10:56:09.860  5712 10515 W AudioTrack: releaseBuffer() track 0x66219640 name=0x1 disabled, restarting
03-17 10:56:10.300  5712 10515 W AudioTrack: releaseBuffer() track 0x66219640 name=0x1 disabled, restarting
03-17 10:56:10.380  5712  5716 D dalvikvm: GC_CONCURRENT freed 2557K, 59% free 10644K/25856K, paused 10ms+8ms, total 132ms
03-17 10:56:10.380  5712  8422 D dalvikvm: WAIT_FOR_CONCURRENT_GC blocked 44ms
03-17 10:56:10.380  5712  6428 D dalvikvm: WAIT_FOR_CONCURRENT_GC blocked 35ms
03-17 10:56:10.380  5712  6518 D dalvikvm: WAIT_FOR_CONCURRENT_GC blocked 8ms
03-17 10:56:10.680  5712  6428 I HUREV   : [181] m.c | Media Sink Stop Request: AUDIO1
03-17 10:56:10.690  5712  6428 I HUREV   : [181] j.d | Audio Stop: AUDIO1
03-17 10:56:10.700  5712 10515 D AudioTrack: AudioTrack::stop 0x66219640,mStreamType=3
03-17 10:56:10.700  5712 10515 E HUREV   : [9168] s.e | Error during audio track cleanup
03-17 10:56:10.700  5712 10515 E HUREV   : java.lang.InterruptedException
03-17 10:56:10.700  5712 10515 E HUREV   : 	at java.lang.VMThread.sleep(Native Method)
03-17 10:56:10.700  5712 10515 E HUREV   : 	at java.lang.Thread.sleep(Thread.java:1013)
03-17 10:56:10.700  5712 10515 E HUREV   : 	at java.lang.Thread.sleep(Thread.java:995)
03-17 10:56:10.700  5712 10515 E HUREV   : 	at y0.s.e(r8-map-id-8722f06efe6fab086a70200d597343236d3225d15181a7b075b269dcf50b7ff7:125)
03-17 10:56:10.700  5712 10515 E HUREV   : 	at y0.s.run(r8-map-id-8722f06efe6fab086a70200d597343236d3225d15181a7b075b269dcf50b7ff7:85)
03-17 10:56:10.700  5712 10515 D AudioTrack: AudioTrack::stop 0x66219640,mStreamType=3
03-17 10:56:10.700  5712 10515 D AudioTrack: AudioTrack::stop 0x66219640,mStreamType=3
03-17 10:56:10.700  5712 10515 D AudioTrack: AudioTrack::stop 0x66219640,mStreamType=3
03-17 10:56:10.700  5712 10515 I HUREV   : [9168] s.run | AudioTrackWrapper thread finished.
03-17 10:56:12.730  5712  5716 D dalvikvm: GC_CONCURRENT freed 2533K, 59% free 10657K/25856K, paused 12ms+5ms, total 128ms
03-17 10:56:12.730  5712  8422 D dalvikvm: WAIT_FOR_CONCURRENT_GC blocked 15ms
03-17 10:56:15.340  5712  5716 D dalvikvm: GC_CONCURRENT freed 2492K, 59% free 10651K/25856K, paused 8ms+8ms, total 118ms
03-17 10:56:17.470  5712  5716 D dalvikvm: GC_CONCURRENT freed 2525K, 59% free 10675K/25856K, paused 6ms+7ms, total 119ms
03-17 10:56:19.560  5712  5716 D dalvikvm: GC_CONCURRENT freed 2580K, 59% free 10655K/25856K, paused 11ms+5ms, total 141ms
03-17 10:56:19.560  5712  8422 D dalvikvm: WAIT_FOR_CONCURRENT_GC blocked 36ms
03-17 10:56:19.560  5712  6428 D dalvikvm: WAIT_FOR_CONCURRENT_GC blocked 36ms
03-17 10:56:19.560  5712  6518 D dalvikvm: WAIT_FOR_CONCURRENT_GC blocked 32ms
03-17 10:56:22.230  5712  5716 D dalvikvm: GC_CONCURRENT freed 2508K, 59% free 10737K/25856K, paused 8ms+11ms, total 141ms
03-17 10:56:24.980  5712  5716 D dalvikvm: GC_CONCURRENT freed 2660K, 59% free 10654K/25856K, paused 16ms+5ms, total 136ms
03-17 10:56:27.050  5712  5716 D dalvikvm: GC_CONCURRENT freed 2509K, 59% free 10681K/25856K, paused 6ms+11ms, total 137ms
03-17 10:56:29.410  5712  5716 D dalvikvm: GC_CONCURRENT freed 2561K, 59% free 10671K/25856K, paused 7ms+13ms, total 133ms
03-17 10:56:31.940  5712  5716 D dalvikvm: GC_CONCURRENT freed 2572K, 59% free 10660K/25856K, paused 9ms+7ms, total 168ms
03-17 10:56:31.940  5712  6428 D dalvikvm: WAIT_FOR_CONCURRENT_GC blocked 31ms
03-17 10:56:34.210  5712  5716 D dalvikvm: GC_CONCURRENT freed 2580K, 59% free 10635K/25856K, paused 24ms+8ms, total 160ms
03-17 10:56:34.210  5712  6428 D dalvikvm: WAIT_FOR_CONCURRENT_GC blocked 44ms
03-17 10:56:34.210  5712  8422 D dalvikvm: WAIT_FOR_CONCURRENT_GC blocked 38ms
03-17 10:56:36.710  5712  5716 D dalvikvm: GC_CONCURRENT freed 2543K, 59% free 10640K/25856K, paused 8ms+7ms, total 129ms
03-17 10:56:36.710  5712  6428 D dalvikvm: WAIT_FOR_CONCURRENT_GC blocked 65ms
03-17 10:56:38.900  5712  5716 D dalvikvm: GC_CONCURRENT freed 2545K, 59% free 10641K/25856K, paused 8ms+7ms, total 207ms
03-17 10:56:38.900  5712  6428 D dalvikvm: WAIT_FOR_CONCURRENT_GC blocked 83ms
03-17 10:56:41.370  5712  5716 D dalvikvm: GC_CONCURRENT freed 2521K, 59% free 10684K/25856K, paused 9ms+9ms, total 140ms
03-17 10:56:43.930  5712  5716 D dalvikvm: GC_CONCURRENT freed 2560K, 59% free 10678K/25856K, paused 11ms+11ms, total 178ms
03-17 10:56:45.930  5712  5716 D dalvikvm: GC_CONCURRENT freed 2590K, 59% free 10649K/25856K, paused 14ms+8ms, total 190ms
03-17 10:56:45.930  5712  6428 D dalvikvm: WAIT_FOR_CONCURRENT_GC blocked 92ms
03-17 10:56:45.930  5712  6518 D dalvikvm: WAIT_FOR_CONCURRENT_GC blocked 70ms
03-17 10:56:50.050  5712  5716 D dalvikvm: GC_CONCURRENT freed 2482K, 59% free 10653K/25856K, paused 12ms+5ms, total 131ms
03-17 10:56:55.080  5712  5716 D dalvikvm: GC_CONCURRENT freed 2476K, 59% free 10643K/25856K, paused 9ms+8ms, total 93ms
03-17 10:56:59.140  5712  5716 D dalvikvm: GC_CONCURRENT freed 2523K, 59% free 10713K/25856K, paused 10ms+5ms, total 111ms
03-17 10:57:00.880  5712  5716 D dalvikvm: GC_CONCURRENT freed 2632K, 59% free 10655K/25856K, paused 6ms+6ms, total 115ms
03-17 10:57:00.880  5712  6428 D dalvikvm: WAIT_FOR_CONCURRENT_GC blocked 69ms
03-17 10:57:02.390  5712  5716 D dalvikvm: GC_CONCURRENT freed 2553K, 59% free 10655K/25856K, paused 5ms+7ms, total 79ms
03-17 10:57:02.390  5712  6428 D dalvikvm: WAIT_FOR_CONCURRENT_GC blocked 30ms
03-17 10:57:02.390  5712  8422 D dalvikvm: WAIT_FOR_CONCURRENT_GC blocked 15ms
03-17 10:57:03.860  5712  5716 D dalvikvm: GC_CONCURRENT freed 2556K, 59% free 10652K/25856K, paused 5ms+6ms, total 96ms
03-17 10:57:03.860  5712  8422 D dalvikvm: WAIT_FOR_CONCURRENT_GC blocked 13ms
03-17 10:57:03.860  5712  6428 D dalvikvm: WAIT_FOR_CONCURRENT_GC blocked 41ms
03-17 10:57:05.560  5712  5716 D dalvikvm: GC_CONCURRENT freed 2536K, 59% free 10655K/25856K, paused 5ms+10ms, total 135ms
03-17 10:57:07.650  5712  5716 D dalvikvm: GC_CONCURRENT freed 2559K, 59% free 10643K/25856K, paused 7ms+7ms, total 113ms
03-17 10:57:07.650  5712  6428 D dalvikvm: WAIT_FOR_CONCURRENT_GC blocked 45ms
03-17 10:57:09.740  5712  5716 D dalvikvm: GC_CONCURRENT freed 2492K, 59% free 10704K/25856K, paused 9ms+10ms, total 122ms
03-17 10:57:11.910  5712  5716 D dalvikvm: GC_CONCURRENT freed 2632K, 59% free 10643K/25856K, paused 11ms+9ms, total 132ms
03-17 10:57:11.910  5712  6428 D dalvikvm: WAIT_FOR_CONCURRENT_GC blocked 27ms
03-17 10:57:14.240  5712  5716 D dalvikvm: GC_CONCURRENT freed 2544K, 59% free 10646K/25856K, paused 10ms+9ms, total 141ms
03-17 10:57:14.240  5712  6428 D dalvikvm: WAIT_FOR_CONCURRENT_GC blocked 24ms
03-17 10:57:15.990  5712  5716 D dalvikvm: GC_CONCURRENT freed 2522K, 59% free 10685K/25856K, paused 8ms+7ms, total 118ms
03-17 10:57:18.060  5712  5716 D dalvikvm: GC_CONCURRENT freed 2594K, 59% free 10650K/25856K, paused 7ms+9ms, total 191ms
03-17 10:57:18.060  5712  8422 D dalvikvm: WAIT_FOR_CONCURRENT_GC blocked 30ms
03-17 10:57:18.060  5712  6428 D dalvikvm: WAIT_FOR_CONCURRENT_GC blocked 72ms
03-17 10:57:20.080  5712  5716 D dalvikvm: GC_CONCURRENT freed 2544K, 59% free 10655K/25856K, paused 9ms+7ms, total 153ms
03-17 10:57:20.080  5712  6428 D dalvikvm: WAIT_FOR_CONCURRENT_GC blocked 55ms
03-17 10:57:22.250  5712  5716 D dalvikvm: GC_CONCURRENT freed 2530K, 59% free 10656K/25856K, paused 11ms+9ms, total 152ms
03-17 10:57:24.390  5712  5716 D dalvikvm: GC_CONCURRENT freed 2573K, 59% free 10635K/25856K, paused 13ms+10ms, total 143ms
03-17 10:57:24.390  5712  6428 D dalvikvm: WAIT_FOR_CONCURRENT_GC blocked 42ms
03-17 10:57:26.680  5712  5716 D dalvikvm: GC_CONCURRENT freed 2467K, 59% free 10688K/25856K, paused 9ms+10ms, total 131ms
03-17 10:57:29.250  5712  5716 D dalvikvm: GC_CONCURRENT freed 2613K, 59% free 10639K/25856K, paused 12ms+6ms, total 155ms
03-17 10:57:29.250  5712  6428 D dalvikvm: WAIT_FOR_CONCURRENT_GC blocked 40ms
03-17 10:57:29.250  5712  8422 D dalvikvm: WAIT_FOR_CONCURRENT_GC blocked 31ms
03-17 10:57:29.250  5712  6518 D dalvikvm: WAIT_FOR_CONCURRENT_GC blocked 29ms
03-17 10:57:31.710  5712  5716 D dalvikvm: GC_CONCURRENT freed 2525K, 59% free 10649K/25856K, paused 10ms+8ms, total 147ms
03-17 10:57:31.710  5712  6428 D dalvikvm: WAIT_FOR_CONCURRENT_GC blocked 27ms
03-17 10:57:34.020  5712  5716 D dalvikvm: GC_CONCURRENT freed 2544K, 59% free 10657K/25856K, paused 8ms+8ms, total 139ms
03-17 10:57:34.020  5712  6428 D dalvikvm: WAIT_FOR_CONCURRENT_GC blocked 12ms
03-17 10:57:34.020  5712  8422 D dalvikvm: WAIT_FOR_CONCURRENT_GC blocked 11ms
03-17 10:57:36.240  5712  5716 D dalvikvm: GC_CONCURRENT freed 2526K, 59% free 10666K/25856K, paused 9ms+9ms, total 146ms
03-17 10:57:38.550  5712  5716 D dalvikvm: GC_CONCURRENT freed 2572K, 59% free 10650K/25856K, paused 12ms+7ms, total 155ms
03-17 10:57:38.550  5712  8422 D dalvikvm: WAIT_FOR_CONCURRENT_GC blocked 50ms
03-17 10:57:38.550  5712  6428 D dalvikvm: WAIT_FOR_CONCURRENT_GC blocked 50ms
03-17 10:57:41.100  5712  5716 D dalvikvm: GC_CONCURRENT freed 2557K, 59% free 10643K/25856K, paused 12ms+10ms, total 203ms
03-17 10:57:41.100  5712  6428 D dalvikvm: WAIT_FOR_CONCURRENT_GC blocked 76ms
03-17 10:57:41.110  5712  8422 D dalvikvm: WAIT_FOR_CONCURRENT_GC blocked 62ms
03-17 10:57:43.430  5712  5716 D dalvikvm: GC_CONCURRENT freed 2544K, 59% free 10645K/25856K, paused 7ms+17ms, total 159ms
03-17 10:57:43.430  5712  6428 D dalvikvm: WAIT_FOR_CONCURRENT_GC blocked 61ms
03-17 10:57:45.770  5712  5716 D dalvikvm: GC_CONCURRENT freed 2516K, 59% free 10669K/25856K, paused 12ms+8ms, total 132ms
03-17 10:57:48.190  5712  5716 D dalvikvm: GC_CONCURRENT freed 2588K, 59% free 10641K/25856K, paused 10ms+8ms, total 134ms
03-17 10:57:48.190  5712  8422 D dalvikvm: WAIT_FOR_CONCURRENT_GC blocked 30ms
03-17 10:57:50.480  5712  5716 D dalvikvm: GC_CONCURRENT freed 2499K, 59% free 10663K/25856K, paused 6ms+7ms, total 82ms
03-17 10:57:53.040  5712  5716 D dalvikvm: GC_CONCURRENT freed 2527K, 59% free 10648K/25856K, paused 5ms+8ms, total 95ms
03-17 10:57:55.510  5712  5716 D dalvikvm: GC_CONCURRENT freed 2513K, 59% free 10683K/25856K, paused 7ms+6ms, total 125ms
03-17 10:57:57.970  5712  5716 D dalvikvm: GC_CONCURRENT freed 2594K, 59% free 10647K/25856K, paused 8ms+7ms, total 106ms
03-17 10:57:57.970  5712  6428 D dalvikvm: WAIT_FOR_CONCURRENT_GC blocked 29ms
03-17 10:58:00.190  5712  5716 D dalvikvm: GC_CONCURRENT freed 2512K, 59% free 10696K/25856K, paused 7ms+6ms, total 87ms
03-17 10:58:02.480  5712  5716 D dalvikvm: GC_CONCURRENT freed 2574K, 59% free 10661K/25856K, paused 7ms+7ms, total 84ms
03-17 10:58:04.610  5712  5716 D dalvikvm: GC_CONCURRENT freed 2571K, 59% free 10646K/25856K, paused 6ms+6ms, total 112ms
03-17 10:58:04.610  5712  6428 D dalvikvm: WAIT_FOR_CONCURRENT_GC blocked 49ms
03-17 10:58:04.610  5712  6518 D dalvikvm: WAIT_FOR_CONCURRENT_GC blocked 29ms
03-17 10:58:04.610  5712  8422 D dalvikvm: WAIT_FOR_CONCURRENT_GC blocked 18ms
03-17 10:58:06.820  5712  5716 D dalvikvm: GC_CONCURRENT freed 2528K, 59% free 10693K/25856K, paused 9ms+16ms, total 129ms
03-17 10:58:09.390  5712  5716 D dalvikvm: GC_CONCURRENT freed 2623K, 59% free 10636K/25856K, paused 13ms+6ms, total 137ms
03-17 10:58:09.390  5712  6428 D dalvikvm: WAIT_FOR_CONCURRENT_GC blocked 84ms
03-17 10:58:09.390  5712  8422 D dalvikvm: WAIT_FOR_CONCURRENT_GC blocked 46ms
03-17 10:58:11.820  5712  5716 D dalvikvm: GC_CONCURRENT freed 2540K, 59% free 10648K/25856K, paused 14ms+7ms, total 152ms
03-17 10:58:11.820  5712  6428 D dalvikvm: WAIT_FOR_CONCURRENT_GC blocked 46ms
03-17 10:58:13.900  5712  5716 D dalvikvm: GC_CONCURRENT freed 2561K, 59% free 10639K/25856K, paused 8ms+5ms, total 108ms
03-17 10:58:13.900  5712  8422 D dalvikvm: WAIT_FOR_CONCURRENT_GC blocked 40ms
03-17 10:58:13.900  5712  6428 D dalvikvm: WAIT_FOR_CONCURRENT_GC blocked 40ms
03-17 10:58:13.900  5712  6518 D dalvikvm: WAIT_FOR_CONCURRENT_GC blocked 22ms
03-17 10:58:16.340  5712  5716 D dalvikvm: GC_CONCURRENT freed 2524K, 59% free 10659K/25856K, paused 7ms+9ms, total 146ms
03-17 10:58:18.840  5712  5716 D dalvikvm: GC_CONCURRENT freed 2545K, 59% free 10697K/25856K, paused 14ms+10ms, total 167ms
03-17 10:58:21.530  5712  5716 D dalvikvm: GC_CONCURRENT freed 2619K, 59% free 10646K/25856K, paused 12ms+9ms, total 168ms
03-17 10:58:21.530  5712  6428 D dalvikvm: WAIT_FOR_CONCURRENT_GC blocked 60ms
03-17 10:58:24.000  5712  5716 D dalvikvm: GC_CONCURRENT freed 2561K, 59% free 10636K/25856K, paused 10ms+14ms, total 172ms
03-17 10:58:24.000  5712  6428 D dalvikvm: WAIT_FOR_CONCURRENT_GC blocked 53ms
03-17 10:58:24.000  5712  8422 D dalvikvm: WAIT_FOR_CONCURRENT_GC blocked 35ms
03-17 10:58:24.020  5712  6518 D dalvikvm: WAIT_FOR_CONCURRENT_GC blocked 51ms
03-17 10:58:26.450  5712  5716 D dalvikvm: GC_CONCURRENT freed 2527K, 59% free 10655K/25856K, paused 12ms+12ms, total 170ms
03-17 10:58:26.450  5712  6428 D dalvikvm: WAIT_FOR_CONCURRENT_GC blocked 65ms
03-17 10:58:26.450  5712  8422 D dalvikvm: WAIT_FOR_CONCURRENT_GC blocked 66ms
03-17 10:58:28.840  5712  5716 D dalvikvm: GC_CONCURRENT freed 2573K, 59% free 10636K/25856K, paused 13ms+18ms, total 169ms
03-17 10:58:28.840  5712  6518 D dalvikvm: WAIT_FOR_CONCURRENT_GC blocked 15ms
03-17 10:58:28.840  5712  6428 D dalvikvm: WAIT_FOR_CONCURRENT_GC blocked 66ms
03-17 10:58:31.220  5712  5716 D dalvikvm: GC_CONCURRENT freed 2516K, 59% free 10677K/25856K, paused 6ms+10ms, total 132ms
03-17 10:58:33.620  5712  5716 D dalvikvm: GC_CONCURRENT freed 2566K, 59% free 10703K/25856K, paused 8ms+9ms, total 145ms
03-17 10:58:36.070  5712  5716 D dalvikvm: GC_CONCURRENT freed 2602K, 59% free 10670K/25856K, paused 17ms+8ms, total 154ms
03-17 10:58:38.570  5712  5716 D dalvikvm: GC_CONCURRENT freed 2575K, 59% free 10653K/25856K, paused 8ms+8ms, total 134ms
03-17 10:58:38.570  5712  6428 D dalvikvm: WAIT_FOR_CONCURRENT_GC blocked 40ms
03-17 10:58:38.570  5712  8422 D dalvikvm: WAIT_FOR_CONCURRENT_GC blocked 25ms
03-17 10:58:38.570  5712  6518 D dalvikvm: WAIT_FOR_CONCURRENT_GC blocked 9ms
03-17 10:58:40.850  5712  5716 D dalvikvm: GC_CONCURRENT freed 2562K, 59% free 10645K/25856K, paused 11ms+18ms, total 159ms
03-17 10:58:40.850  5712  6428 D dalvikvm: WAIT_FOR_CONCURRENT_GC blocked 50ms
03-17 10:58:40.850  5712  8422 D dalvikvm: WAIT_FOR_CONCURRENT_GC blocked 36ms
03-17 10:58:43.050  5712  5716 D dalvikvm: GC_CONCURRENT freed 2513K, 59% free 10672K/25856K, paused 10ms+9ms, total 138ms
03-17 10:58:45.540  5712  5716 D dalvikvm: GC_CONCURRENT freed 2534K, 59% free 10683K/25856K, paused 7ms+10ms, total 142ms
03-17 10:58:48.020  5712  5716 D dalvikvm: GC_CONCURRENT freed 2566K, 59% free 10651K/25856K, paused 9ms+10ms, total 118ms
03-17 10:58:50.310  5712  5716 D dalvikvm: GC_CONCURRENT freed 2461K, 59% free 10662K/25856K, paused 6ms+7ms, total 88ms
03-17 10:58:52.550  5712  5716 D dalvikvm: GC_CONCURRENT freed 2478K, 59% free 10662K/25856K, paused 8ms+7ms, total 87ms
03-17 10:58:54.570  5712  5716 D dalvikvm: GC_CONCURRENT freed 2509K, 59% free 10644K/25856K, paused 6ms+7ms, total 84ms
03-17 10:58:56.930  5712  5716 D dalvikvm: GC_CONCURRENT freed 2514K, 59% free 10657K/25856K, paused 7ms+10ms, total 103ms
03-17 10:58:59.360  5712  5716 D dalvikvm: GC_CONCURRENT freed 2485K, 59% free 10650K/25856K, paused 8ms+8ms, total 92ms
03-17 10:59:02.510  5712  5716 D dalvikvm: GC_CONCURRENT freed 2544K, 59% free 10656K/25856K, paused 9ms+7ms, total 114ms
03-17 10:59:02.510  5712  8422 D dalvikvm: WAIT_FOR_CONCURRENT_GC blocked 65ms
03-17 10:59:02.510  5712  6428 D dalvikvm: WAIT_FOR_CONCURRENT_GC blocked 68ms
03-17 10:59:04.180  5712  5716 D dalvikvm: GC_CONCURRENT freed 2534K, 59% free 10676K/25856K, paused 10ms+6ms, total 113ms
03-17 10:59:06.470  5712  5716 D dalvikvm: GC_CONCURRENT freed 2576K, 59% free 10666K/25856K, paused 7ms+6ms, total 120ms
03-17 10:59:06.470  5712  8422 D dalvikvm: WAIT_FOR_CONCURRENT_GC blocked 35ms
03-17 10:59:08.950  5712  5716 D dalvikvm: GC_CONCURRENT freed 2554K, 59% free 10682K/25856K, paused 9ms+6ms, total 173ms
03-17 10:59:11.330  5712  5716 D dalvikvm: GC_CONCURRENT freed 2584K, 59% free 10658K/25856K, paused 7ms+6ms, total 118ms
03-17 10:59:11.330  5712  6428 D dalvikvm: WAIT_FOR_CONCURRENT_GC blocked 23ms
03-17 10:59:13.800  5712  5716 D dalvikvm: GC_CONCURRENT freed 2534K, 59% free 10646K/25856K, paused 10ms+7ms, total 125ms
03-17 10:59:15.920  5712  5716 D dalvikvm: GC_CONCURRENT freed 2532K, 59% free 10667K/25856K, paused 8ms+5ms, total 145ms
03-17 10:59:18.310  5712  5716 D dalvikvm: GC_CONCURRENT freed 2508K, 59% free 10685K/25856K, paused 8ms+5ms, total 122ms
03-17 10:59:20.710  5712  5716 D dalvikvm: GC_CONCURRENT freed 2570K, 59% free 10696K/25856K, paused 8ms+6ms, total 117ms
03-17 10:59:23.200  5712  5716 D dalvikvm: GC_CONCURRENT freed 2594K, 59% free 10667K/25856K, paused 12ms+7ms, total 149ms
03-17 10:59:25.700  5712  5716 D dalvikvm: GC_CONCURRENT freed 2566K, 59% free 10655K/25856K, paused 10ms+20ms, total 169ms
03-17 10:59:25.700  5712  8422 D dalvikvm: WAIT_FOR_CONCURRENT_GC blocked 42ms
03-17 10:59:25.700  5712  6428 D dalvikvm: WAIT_FOR_CONCURRENT_GC blocked 40ms
03-17 10:59:28.050  5712  5716 D dalvikvm: GC_CONCURRENT freed 2557K, 59% free 10652K/25856K, paused 7ms+7ms, total 134ms
03-17 10:59:28.050  5712  8422 D dalvikvm: WAIT_FOR_CONCURRENT_GC blocked 22ms
03-17 10:59:28.050  5712  6428 D dalvikvm: WAIT_FOR_CONCURRENT_GC blocked 32ms
03-17 10:59:30.540  5712  5716 D dalvikvm: GC_CONCURRENT freed 2543K, 59% free 10660K/25856K, paused 12ms+8ms, total 137ms
03-17 10:59:30.540  5712  6428 D dalvikvm: WAIT_FOR_CONCURRENT_GC blocked 20ms
03-17 10:59:32.950  5712  5716 D dalvikvm: GC_CONCURRENT freed 2575K, 59% free 10640K/25856K, paused 12ms+8ms, total 179ms
03-17 10:59:32.950  5712  6428 D dalvikvm: WAIT_FOR_CONCURRENT_GC blocked 57ms
03-17 10:59:32.950  5712  8422 D dalvikvm: WAIT_FOR_CONCURRENT_GC blocked 65ms
03-17 10:59:35.180  5712  5716 D dalvikvm: GC_CONCURRENT freed 2541K, 59% free 10657K/25856K, paused 16ms+20ms, total 182ms
03-17 10:59:35.190  5712  6428 D dalvikvm: WAIT_FOR_CONCURRENT_GC blocked 39ms
03-17 10:59:37.560  5712  5716 D dalvikvm: GC_CONCURRENT freed 2557K, 59% free 10653K/25856K, paused 6ms+9ms, total 147ms
03-17 10:59:37.560  5712  8422 D dalvikvm: WAIT_FOR_CONCURRENT_GC blocked 26ms
03-17 10:59:37.560  5712  6428 D dalvikvm: WAIT_FOR_CONCURRENT_GC blocked 21ms
03-17 10:59:40.040  5712  5716 D dalvikvm: GC_CONCURRENT freed 2522K, 59% free 10672K/25856K, paused 9ms+9ms, total 149ms
03-17 10:59:42.440  5712  5716 D dalvikvm: GC_CONCURRENT freed 2582K, 59% free 10653K/25856K, paused 9ms+9ms, total 149ms
03-17 10:59:44.980  5712  5716 D dalvikvm: GC_CONCURRENT freed 2557K, 59% free 10654K/25856K, paused 9ms+6ms, total 159ms
03-17 10:59:47.280  5712  5716 D dalvikvm: GC_CONCURRENT freed 2545K, 59% free 10676K/25856K, paused 11ms+7ms, total 158ms
03-17 10:59:49.530  5712  5716 D dalvikvm: GC_CONCURRENT freed 2574K, 59% free 10665K/25856K, paused 5ms+5ms, total 90ms
03-17 10:59:51.470  5712  5716 D dalvikvm: GC_CONCURRENT freed 2491K, 59% free 10671K/25856K, paused 5ms+5ms, total 78ms
03-17 10:59:54.030  5712  5716 D dalvikvm: GC_CONCURRENT freed 2533K, 59% free 10663K/25856K, paused 6ms+6ms, total 105ms
03-17 10:59:56.380  5712  5716 D dalvikvm: GC_CONCURRENT freed 2518K, 59% free 10670K/25856K, paused 7ms+5ms, total 92ms
03-17 10:59:58.980  5712  5716 D dalvikvm: GC_CONCURRENT freed 2563K, 59% free 10644K/25856K, paused 8ms+5ms, total 108ms
03-17 11:00:01.370  5712  5716 D dalvikvm: GC_CONCURRENT freed 2532K, 59% free 10681K/25856K, paused 8ms+7ms, total 155ms
03-17 11:00:03.800  5712  5716 D dalvikvm: GC_CONCURRENT freed 2575K, 59% free 10646K/25856K, paused 7ms+5ms, total 108ms
03-17 11:00:06.190  5712  5716 D dalvikvm: GC_CONCURRENT freed 2512K, 59% free 10663K/25856K, paused 7ms+6ms, total 105ms
