03-17 19:08:28.350  5504  6972 I HUREV   : [176] m.e | USB reads recovered after 1 errors
03-17 19:08:28.550  5504  6972 I HUREV   : [176] m.e | USB reads recovered after 1 errors
03-17 19:08:28.750  5504  6972 I HUREV   : [176] m.e | USB reads recovered after 1 errors
03-17 19:08:28.950  5504  6972 I HUREV   : [176] m.e | USB reads recovered after 1 errors
03-17 19:08:29.150  5504  6972 I HUREV   : [176] m.e | USB reads recovered after 1 errors
03-17 19:08:29.350  5504  6972 I HUREV   : [176] m.e | USB reads recovered after 1 errors
03-17 19:08:29.550  5504  6972 I HUREV   : [176] m.e | USB reads recovered after 1 errors
03-17 19:08:29.750  5504  6972 I HUREV   : [176] m.e | USB reads recovered after 1 errors
03-17 19:08:29.950  5504  6972 I HUREV   : [176] m.e | USB reads recovered after 1 errors
03-17 19:08:30.160  5504  6972 I HUREV   : [176] m.e | USB reads recovered after 1 errors
03-17 19:08:30.350  5504  6972 I HUREV   : [176] m.e | USB reads recovered after 1 errors
03-17 19:08:30.550  5504  6972 I HUREV   : [176] m.e | USB reads recovered after 1 errors
03-17 19:08:30.760  5504  6972 I HUREV   : [176] m.e | USB reads recovered after 1 errors
03-17 19:08:30.950  5504  6972 I HUREV   : [176] m.e | USB reads recovered after 1 errors
03-17 19:08:31.150  5504  6972 I HUREV   : [176] m.e | USB reads recovered after 1 errors
03-17 19:08:31.350  5504  6972 I HUREV   : [176] m.e | USB reads recovered after 1 errors
03-17 19:08:31.550  5504  6972 I HUREV   : [176] m.e | USB reads recovered after 1 errors
03-17 19:08:31.750  5504  6972 I HUREV   : [176] m.e | USB reads recovered after 1 errors
03-17 19:08:31.950  5504  6972 I HUREV   : [176] m.e | USB reads recovered after 1 errors
03-17 19:08:32.150  5504  6972 I HUREV   : [176] m.e | USB reads recovered after 1 errors
03-17 19:08:32.350  5504  6972 I HUREV   : [176] m.e | USB reads recovered after 1 errors
03-17 19:08:32.550  5504  6972 I HUREV   : [176] m.e | USB reads recovered after 1 errors
03-17 19:08:32.750  5504  6972 I HUREV   : [176] m.e | USB reads recovered after 1 errors
03-17 19:08:32.950  5504  6972 I HUREV   : [176] m.e | USB reads recovered after 1 errors
03-17 19:08:33.130  5504  6972 I HUREV   : [176] m.e | USB reads recovered after 1 errors
03-17 19:08:35.550  5504  6972 I HUREV   : [176] m.e | USB reads recovered after 1 errors
03-17 19:08:35.750  5504  6972 I HUREV   : [176] m.e | USB reads recovered after 1 errors
03-17 19:08:35.950  5504  6972 I HUREV   : [176] m.e | USB reads recovered after 1 errors
03-17 19:08:36.150  5504  6972 I HUREV   : [176] m.e | USB reads recovered after 1 errors
03-17 19:08:36.350  5504  6972 I HUREV   : [176] m.e | USB reads recovered after 1 errors
03-17 19:08:36.580  5504  6972 I HUREV   : [176] m.e | USB reads recovered after 1 errors
03-17 19:08:36.780  5504  6972 I HUREV   : [176] m.e | USB reads recovered after 1 errors
03-17 19:08:37.000  5504  6972 I HUREV   : [176] m.e | USB reads recovered after 1 errors
03-17 19:08:37.650  5504  6972 I HUREV   : [176] m.e | USB reads recovered after 1 errors
03-17 19:08:37.860  5504  6972 I HUREV   : [176] m.e | USB reads recovered after 1 errors
03-17 19:08:38.060  5504  6972 I HUREV   : [176] m.e | USB reads recovered after 1 errors
03-17 19:08:38.250  5504  6972 I HUREV   : [176] m.e | USB reads recovered after 1 errors
03-17 19:08:38.470  5504  6972 I HUREV   : [176] m.e | USB reads recovered after 1 errors
03-17 19:08:39.450  5504  6972 I HUREV   : [176] m.e | USB reads recovered after 1 errors
03-17 19:08:39.660  5504  6972 I HUREV   : [176] m.e | USB reads recovered after 1 errors
03-17 19:08:39.860  5504  6972 I HUREV   : [176] m.e | USB reads recovered after 1 errors
03-17 19:08:40.250  5504  6972 I HUREV   : [176] m.e | USB reads recovered after 1 errors
03-17 19:08:40.450  5504  6972 I HUREV   : [176] m.e | USB reads recovered after 1 errors
03-17 19:08:40.650  5504  6972 I HUREV   : [176] m.e | USB reads recovered after 1 errors
03-17 19:08:40.850  5504  6972 I HUREV   : [176] m.e | USB reads recovered after 1 errors
03-17 19:08:41.140  5504  5504 I HUREV   : [1] p.onReceive | USB Intent: Intent { act=android.hardware.usb.action.USB_DEVICE_DETACHED flg=0x10 (has extras) }
03-17 19:08:41.140  5504  5504 I HUREV   : [1] p.onReceive | USB Intent: Intent { act=android.hardware.usb.action.USB_DEVICE_DETACHED flg=0x10 (has extras) }
03-17 19:08:41.160  5504  5504 I HUREV   : [1] AapProjectionActivity.M | Hiding reconnecting overlay — frames resumed
03-17 19:08:41.170  5504  6966 I HUREV   : [170] t0.o | AapTransport quitting (clean=false)
03-17 19:08:41.170  5504  5504 I HUREV   : [1] AapProjectionActivity.onPause | AapProjectionActivity: onPause
03-17 19:08:41.190  5504  5504 I HUREV   : [1] AapService.K | WifiLock released
03-17 19:08:41.210  5504  7019 I HUREV   : [177] z.l | Output thread stopped
03-17 19:08:41.220  5504  6968 I HUREV   : [172] z.t | Decoder stopped: AapService::onDisconnect
03-17 19:08:41.240  5504  5504 D zjy     : view visibility = 7
03-17 19:08:41.310  5504  5504 D zjy     : view visibility = 7
03-17 19:08:41.350  5504  6972 W MessageQueue: Handler (android.os.Handler) {429ba290} sending message to a Handler on a dead thread
03-17 19:08:41.350  5504  6972 W MessageQueue: java.lang.RuntimeException: Handler (android.os.Handler) {429ba290} sending message to a Handler on a dead thread
03-17 19:08:41.350  5504  6972 W MessageQueue: 	at android.os.MessageQueue.enqueueMessage(MessageQueue.java:309)
03-17 19:08:41.350  5504  6972 W MessageQueue: 	at android.os.Handler.enqueueMessage(Handler.java:623)
03-17 19:08:41.350  5504  6972 W MessageQueue: 	at android.os.Handler.sendMessageAtTime(Handler.java:592)
03-17 19:08:41.350  5504  6972 W MessageQueue: 	at android.os.Handler.sendMessageDelayed(Handler.java:563)
03-17 19:08:41.350  5504  6972 W MessageQueue: 	at android.os.Handler.sendEmptyMessageDelayed(Handler.java:527)
03-17 19:08:41.350  5504  6972 W MessageQueue: 	at android.os.Handler.sendEmptyMessage(Handler.java:512)
03-17 19:08:41.350  5504  6972 W MessageQueue: 	at t0.t0.n(r8-map-id-f1537b069f239da04e78454013a0eb60e949cb54a227911edc102ef5973c8398:36)
03-17 19:08:41.350  5504  6972 W MessageQueue: 	at t0.t0.c(r8-map-id-f1537b069f239da04e78454013a0eb60e949cb54a227911edc102ef5973c8398:1)
03-17 19:08:41.350  5504  6972 W MessageQueue: 	at t0.r0.handleMessage(r8-map-id-f1537b069f239da04e78454013a0eb60e949cb54a227911edc102ef5973c8398:3)
03-17 19:08:41.350  5504  6972 W MessageQueue: 	at android.os.Handler.dispatchMessage(Handler.java:95)
03-17 19:08:41.350  5504  6972 W MessageQueue: 	at android.os.Looper.loop(Looper.java:137)
03-17 19:08:41.350  5504  6972 W MessageQueue: 	at android.os.HandlerThread.run(HandlerThread.java:61)
03-17 19:08:41.350  5504  6966 D UsbDeviceConnectionJNI: close
03-17 19:08:41.350  5504  6966 I HUREV   : [170] m.b | Google 18D1:2D00 - UsbDevice[mName=/dev/bus/usb/002/004,mVendorId=6353,mProductId=11520,mClass=0,mSubclass=0,mProtocol=0,mInterfaces=[Landroid.os.Parcelable;@42b71238]
03-17 19:08:41.350  5504  6966 E UsbDeviceConnectionJNI: device is closed in native_release_interface
03-17 19:08:41.350  5504  6966 I HUREV   : [170] m.b | OK releaseInterface()
03-17 19:09:00.800  5504  5504 I HUREV   : [1] p.onReceive | USB Intent: Intent { act=android.hardware.usb.action.USB_DEVICE_ATTACHED flg=0x10000010 (has extras) }
03-17 19:09:00.810  5504  5504 I HUREV   : [1] p.onReceive | USB Intent: Intent { act=android.hardware.usb.action.USB_DEVICE_ATTACHED flg=0x10000010 (has extras) }
03-17 19:09:00.810  5504  5504 I HUREV   : [1] AapService.onUsbAttach | Normal USB device attached: Google 18D1:4EE1. Will check auto-connect in 2000ms...
03-17 19:09:00.900  5504  5504 I HUREV   : [1] UsbAttachedActivity.onCreate | USB Intent: Intent { act=android.hardware.usb.action.USB_DEVICE_ATTACHED flg=0x10000000 cmp=com.andrerinas.headunitrevived/.app.UsbAttachedActivity (has extras) }
03-17 19:09:00.900  5504  5504 I HUREV   : [1] UsbAttachedActivity.onCreate | Skipping device Google 18D1:4EE1
03-17 19:09:00.920  5504  5504 D zjy     : view visibility = 7
03-17 19:09:01.000  5504  5504 D zjy     : view visibility = 7
03-17 19:09:02.840  5504  5504 I HUREV   : [1] m.invokeSuspend | UsbAttachedActivity didn't handle Google 18D1:4EE1. Trying from service...
03-17 19:09:03.050  5504  5504 I HUREV   : [1] n.c | Success controlTransfer len: 2  acc_ver: 2
03-17 19:09:03.050  5504  5504 I HUREV   : [1] n.c | acc_ver: 2
03-17 19:09:03.060  5504  5504 I HUREV   : [1] n.b | Success controlTransfer len: 7  index: 0  string: "Android"
03-17 19:09:03.060  5504  5504 I HUREV   : [1] n.b | Success controlTransfer len: 12  index: 1  string: "Android Auto"
03-17 19:09:03.060  5504  5504 I HUREV   : [1] n.b | Success controlTransfer len: 12  index: 2  string: "Android Auto"
03-17 19:09:03.060  5504  5504 I HUREV   : [1] n.b | Success controlTransfer len: 5  index: 3  string: "2.0.1"
03-17 19:09:03.060  5504  5504 I HUREV   : [1] n.b | Success controlTransfer len: 45  index: 4  string: "https://developer.android.com/auto/index.html"
03-17 19:09:03.060  5504  5504 I HUREV   : [1] n.b | Success controlTransfer len: 12  index: 5  string: "HU-AAAAAA001"
03-17 19:09:03.060  5504  5504 I HUREV   : [1] n.c | Sending acc start
03-17 19:09:03.060  5504  5504 I HUREV   : [1] n.c | Acc start sent (len=0). Waiting for re-enumeration...
03-17 19:09:03.560  5504  5504 D UsbDeviceConnectionJNI: close
03-17 19:09:03.560  5504  5504 I HUREV   : [1] n.a | Result: true
03-17 19:09:03.580  5504  5504 I HUREV   : [1] p.onReceive | USB Intent: Intent { act=android.hardware.usb.action.USB_DEVICE_DETACHED flg=0x10 (has extras) }
03-17 19:09:03.580  5504  5504 I HUREV   : [1] p.onReceive | USB Intent: Intent { act=android.hardware.usb.action.USB_DEVICE_DETACHED flg=0x10 (has extras) }
03-17 19:09:03.640  5504  5504 I HUREV   : [1] p.onReceive | USB Intent: Intent { act=android.hardware.usb.action.USB_DEVICE_ATTACHED flg=0x10000010 (has extras) }
03-17 19:09:03.640  5504  5504 I HUREV   : [1] p.onReceive | USB Intent: Intent { act=android.hardware.usb.action.USB_DEVICE_ATTACHED flg=0x10000010 (has extras) }
03-17 19:09:03.640  5504  5504 I HUREV   : [1] AapService.onUsbAttach | USB accessory device attached, connecting.
03-17 19:09:03.640  5504  5504 I HUREV   : [1] AapService.u | Found device already in accessory mode: Google 18D1:2D00
03-17 19:09:03.720  5504  6966 I HUREV   : [170] m.l | Established connection: android.hardware.usb.UsbDeviceConnection@42eb3bd8
03-17 19:09:03.720  5504  6966 I HUREV   : [170] m.l | interfaceCount: 1
03-17 19:09:03.720  5504  6966 I HUREV   : [170] m.j | Check accessory endpoints
03-17 19:09:03.720  5504  6966 I HUREV   : [170] m.j | Connected have EPs
03-17 19:09:03.730  5504  5504 I HUREV   : [1] UsbAttachedActivity.onCreate | USB Intent: Intent { act=android.hardware.usb.action.USB_DEVICE_ATTACHED flg=0x10000000 cmp=com.andrerinas.headunitrevived/.app.UsbAttachedActivity (has extras) }
03-17 19:09:03.730  5504  5504 E HUREV   : [1] UsbAttachedActivity.onCreate | Usb in accessory mode
03-17 19:09:03.790  5504  5504 I HUREV   : [1] AapService.t | WifiLock acquired (HIGH_PERF)
03-17 19:09:03.820  5504  5504 D zjy     : view visibility = 7
03-17 19:09:03.900  5504  6966 I HUREV   : [170] t0.<init> | Using Java SSL implementation
03-17 19:09:03.990  5504  6966 D dalvikvm: GC_FOR_ALLOC freed 4118K, 67% free 6799K/20488K, paused 95ms, total 95ms
03-17 19:09:04.010  5504  6966 I HUREV   : [170] t0.B | Start Aap transport handshake for w0.m@42eaf7e0
03-17 19:09:04.180  5504  5506 D dalvikvm: GC_CONCURRENT freed 299K, 63% free 7769K/20488K, paused 5ms+6ms, total 119ms
03-17 19:09:04.180  5504  5504 D dalvikvm: WAIT_FOR_CONCURRENT_GC blocked 60ms
03-17 19:09:04.240  5504  5504 I HUREV   : [1] AapProjectionActivity.onCreate | HeadUnit for Android Auto (tm) - Copyright 2011-2015 Michael A. Reid., since 2025 André Rinas All Rights Reserved...
03-17 19:09:04.240  5504  5504 I HUREV   : [1] AapProjectionActivity.onCreate | Using TextureView
03-17 19:09:04.240  5504  5504 I HUREV   : [1] i.p | CarScreen: usable width: 1920 height: 720 (Raw: 1920x720, Insets: L0 T0 R0 B0)
03-17 19:09:04.240  5504  5504 I HUREV   : [1] i.p | CarScreen isSmallScreen: true, scaleFactor: 1.0
03-17 19:09:04.240  5504  5504 I HUREV   : [1] i.p | CarScreen using: _1920x1080, number: 3, scales: scaleX: 1.0, scaleY: 1.5
03-17 19:09:04.250  5504  5504 D zjy     : view visibility = 7
03-17 19:09:04.250  5504  5504 I HUREV   : [1] AapProjectionActivity.onResume | AapProjectionActivity: onResume
03-17 19:09:04.250  5504  5504 D zjy     : view visibility = 7
03-17 19:09:04.320  5504  5504 D zjy     : view visibility = 7
03-17 19:09:04.350  5504  5504 I HUREV   : [1] i.onSurfaceTextureAvailable | TextureProjectionView: Surface available: 1920x720
03-17 19:09:04.350  5504  5504 I HUREV   : [1] AapProjectionActivity.d | [AapProjectionActivity] onSurfaceCreated
03-17 19:09:04.350  5504  5504 I HUREV   : [1] AapProjectionActivity.b | [AapProjectionActivity] onSurfaceChanged. Actual surface dimensions: width=1920, height=720
03-17 19:09:04.360  5504  5504 I HUREV   : [1] z.q | New surface set: Surface(name=android.graphics.SurfaceTexture@42f10848)
03-17 19:09:04.360  5504  5504 I HUREV   : [1] AapProjectionActivity.b | [AapProjectionActivity] Decoder already has dimensions: 1920x1088. Applying to view.
03-17 19:09:04.360  5504  5504 I HUREV   : [1] i.a | TextureProjectionView
03-17 19:09:04.370  5504  5504 I HUREV   : [1] i.p | CarScreen: usable width: 1920 height: 720 (Raw: 1920x720, Insets: L0 T0 R0 B0)
03-17 19:09:04.370  5504  5504 I HUREV   : [1] i.p | CarScreen isSmallScreen: true, scaleFactor: 1.0
03-17 19:09:04.380  5504  5504 I HUREV   : [1] i.p | CarScreen using: _1920x1080, number: 3, scales: scaleX: 1.0, scaleY: 1.5
03-17 19:09:04.380  5504  5504 I HUREV   : [1] h.a | ProjectionViewScaler: Dimensions: Video: 1920x1088, Content: 1920x640, View: 1920x720
03-17 19:09:04.390  5504  5504 I HUREV   : [1] h.a | ProjectionViewScaler: Scale updated for view i. scaleX: 1.0, scaleY: 1.5
03-17 19:09:04.390  5504  5504 I HUREV   : [1] h.a | ProjectionViewScaler: Dimensions: Video: 1920x1088, Content: 1920x640, View: 1920x720
03-17 19:09:04.390  5504  5504 I HUREV   : [1] h.a | ProjectionViewScaler: Scale updated for view i. scaleX: 1.0, scaleY: 1.5
03-17 19:09:04.560  5504  6966 I HUREV   : [170] m.e | USB reads recovered after 1 errors
03-17 19:09:04.560  5504  6966 I HUREV   : [170] t0.l | Handshake: Version response received (ret=12, attempt=1).
03-17 19:09:04.560  5504  6966 I HUREV   : [170] t0.l | Handshake: Version response recv ret: 12
03-17 19:09:04.770  5504  6966 I HUREV   : [170] o0.performHandshake | SSL handshake complete. Session id: txtj0c1Gib+8w45TeKFQovEmXEBod0DIo20ZtlGBdNU=
03-17 19:09:04.770  5504  6966 I HUREV   : [170] t0.l | Handshake: Status OK sent: 8
03-17 19:09:04.790  5504  5504 I HUREV   : [1] AapProjectionActivity.onDestroy | AapProjectionActivity.onDestroy called. isFinishing=true
03-17 19:09:04.790  5504  5504 I HUREV   : [1] i.onSurfaceTextureDestroyed | TextureProjectionView: Surface destroyed
03-17 19:09:04.800  5504  5504 I HUREV   : [1] AapProjectionActivity.c | SurfaceCallback: onSurfaceDestroyed. Surface: Surface(name=android.graphics.SurfaceTexture@42b899a8)
03-17 19:09:04.810  5504  5504 I HUREV   : [1] z.t | Decoder stopped: surfaceDestroyed
03-17 19:09:04.830  5504  6966 I HUREV   : [170] i.c | Audio Focus Request: stream=3, type=1
03-17 19:09:04.830  5504  6966 D AudioManager: Qian:requestAudioFocus:3
03-17 19:09:04.830  5504  5796 D AudioManager: dispatchAudioFocusChange [android.media.AudioManager@42b8a948w0.d@42acfe78], hint = -1
03-17 19:09:04.850  5504  6966 I HUREV   : [170] i.c | Audio focus request result (legacy): GRANTED
03-17 19:09:04.850  5504  6966 I HUREV   : [170] t0.E | Start Aap transport read loop
03-17 19:09:04.920  5504  6966 D dalvikvm: GC_FOR_ALLOC freed 1026K, 61% free 8063K/20488K, paused 63ms, total 64ms
03-17 19:09:04.920  5504  6966 I dalvikvm-heap: Grow heap (frag case) to 17.651MB for 524336-byte allocation
03-17 19:09:04.970  5504  5504 D dalvikvm: GC_FOR_ALLOC freed 56K, 60% free 8518K/21004K, paused 54ms, total 54ms
03-17 19:09:04.970  5504  5504 D AudioManager: Begin listener.onAudioFocusChange  [android.media.AudioManager@42b8a948w0.d@42acfe78], hint = -1
03-17 19:09:04.970  5504  5504 D AudioManager: End listener.onAudioFocusChange [android.media.AudioManager@42b8a948w0.d@42acfe78], hint = -1
03-17 19:09:04.980  5504  8481 I HUREV   : [2049] o.h | Service Discovery Request: Auto
03-17 19:09:04.980  5504  8481 I HUREV   : [2049] a.b | [ServiceDiscovery] Announcing NIGHT sensor support. Strategy: MANUAL_TIME
03-17 19:09:04.980  5504  8481 I HUREV   : [2049] a.b | [ServiceDiscovery] NegotiatedResolution is: 1920x1080
03-17 19:09:04.980  5504  8481 I HUREV   : [2049] a.b | [ServiceDiscovery] Margins are: 0x360
03-17 19:09:04.990  5504  8481 I HUREV   : [2049] a.b | BT MAC Address is empty. Skip bluetooth service
03-17 19:09:05.020  5504  8481 I HUREV   : [2049] o.c | Audio Focus Request: RELEASE
03-17 19:09:05.020  5504  8481 I HUREV   : [2049] i.c | Audio Focus Request: stream=3, type=4
03-17 19:09:05.020  5504  8481 D AudioManager: Qian:abandonAudioFocus:
03-17 19:09:05.020  5504  8481 I HUREV   : [2049] i.c | Audio focus request result (legacy): GRANTED
03-17 19:09:05.020  5504  8481 I HUREV   : [2049] o.c | Sending immediate AudioFocusNotification: STATE_LOSS
03-17 19:09:05.040  5504  8481 W HUREV   : [2049] u0.a | AapVideo: Dropped Flag 11 packet. len=4, buf[10]=?
03-17 19:09:05.040  5504  8481 I HUREV   : [2049] l.b | Media Sink Setup Request: 3 on channel VIDEO
03-17 19:09:05.050  5504  8481 I HUREV   : [2049] l.b | Config response: status: HEADUNIT
03-17 19:09:05.050  5504  8481 I HUREV   : max_unacked: 1
03-17 19:09:05.050  5504  8481 I HUREV   : configuration_indices: 0
03-17 19:09:05.050  5504  5504 I HUREV   : [1] g.onReceive | Received request to resend night mode state
03-17 19:09:05.060  5504  8481 I HUREV   : [2049] l.b | Media Sink Setup Request: 2 on channel AUDIO
03-17 19:09:05.060  5504  5504 I HUREV   : [1] v.invoke | NightMode update: true
03-17 19:09:05.060  5504  8481 I HUREV   : [2049] l.b | Config response: status: HEADUNIT
03-17 19:09:05.060  5504  8481 I HUREV   : max_unacked: 3
03-17 19:09:05.060  5504  8481 I HUREV   : configuration_indices: 0
03-17 19:09:05.060  5504  8481 I HUREV   : [2049] l.b | Media Sink Setup Request: 2 on channel AUDIO1
03-17 19:09:05.060  5504  8481 I HUREV   : [2049] l.b | Config response: status: HEADUNIT
03-17 19:09:05.060  5504  8481 I HUREV   : max_unacked: 3
03-17 19:09:05.060  5504  8481 I HUREV   : configuration_indices: 0
03-17 19:09:05.070  5504  8481 I HUREV   : [2049] l.b | Media Sink Setup Request: 2 on channel AUDIO2
03-17 19:09:05.070  5504  8481 I HUREV   : [2049] l.b | Config response: status: HEADUNIT
03-17 19:09:05.070  5504  8481 I HUREV   : max_unacked: 3
03-17 19:09:05.070  5504  8481 I HUREV   : configuration_indices: 0
03-17 19:09:05.100  5504  5504 I HUREV   : [1] AapProjectionActivity.onPause | AapProjectionActivity: onPause
03-17 19:09:05.100  5504  5504 I HUREV   : [1] AapProjectionActivity.onNewIntent | AapProjectionActivity: onNewIntent received
03-17 19:09:05.100  5504  5504 I HUREV   : [1] AapProjectionActivity.onResume | AapProjectionActivity: onResume
03-17 19:09:05.110  5504  5504 D zjy     : view visibility = 7
03-17 19:09:07.570  5504  8481 W HUREV   : [2049] m.e | USB read errors (10) for 2s — waiting for recovery...
03-17 19:09:08.110  5504  5504 W HUREV   : [1] l.run | Watchdog: No video received. Requesting Keyframe (Unsolicited Focus)...
03-17 19:09:08.120  5504  8481 I HUREV   : [2049] m.e | USB reads recovered after 11 errors
03-17 19:09:08.120  5504  8481 W HUREV   : [2049] u0.a | AapVideo: Dropped Flag 11 packet. len=6, buf[10]=?
03-17 19:09:08.120  5504  8481 I HUREV   : [2049] l.d | Media Start Request VIDEO: session=0, config_index=0
03-17 19:09:08.230  5504  8481 I HUREV   : [2049] z.c | H.264/AVC config detected in frame (38 bytes)
03-17 19:09:08.230  5504  8481 I HUREV   : [2049] z.m | SPS parsed: 1920x1080
03-17 19:09:08.230  5504  8512 I OMXClient: Using client-side OMX mux.
03-17 19:09:08.240  5504  8481 I HUREV   : [2049] z.r | Configuring decoder: OMX.Freescale.std.video_decoder.avc.v3.hw-based with surface
03-17 19:09:08.240  5504  8512 I ACodec  : Send reorder config(0) to VPU
03-17 19:09:08.620  5504  8481 I HUREV   : [2049] z.r | Codec initialized: OMX.Freescale.std.video_decoder.avc.v3.hw-based for stream 1920x1080
03-17 19:09:08.620  5504  8515 I HUREV   : [2050] z.l | Output thread started
03-17 19:09:08.730  5504  8515 I HUREV   : [2050] z.j | Output Format Changed: {height=1088, what=1869968451, color-format=19, slice-height=0, crop-left=0, width=1920, crop-bottom=1079, crop-top=0, mime=video/raw, stride=1920, crop-right=1919}
03-17 19:09:08.730  5504  8515 I HUREV   : [2050] z.j | Video dimensions changed via format: 1920x1088
03-17 19:09:08.730  5504  8512 E ACodec  : dequeueBuffer failed.
03-17 19:09:08.760  5504  8512 E ACodec  : dequeueBuffer failed.
03-17 19:09:11.130  5504  5504 W HUREV   : [1] l.run | Watchdog: No video received. Requesting Keyframe (Unsolicited Focus)...
03-17 19:09:14.140  5504  5504 W HUREV   : [1] l.run | Watchdog: No video received. Requesting Keyframe (Unsolicited Focus)...
03-17 19:09:17.150  5504  5504 W HUREV   : [1] l.run | Watchdog: No video received. Requesting Keyframe (Unsolicited Focus)...
03-17 19:09:19.140  5504  8481 I HUREV   : [2049] m.e | USB reads recovered after 1 errors
03-17 19:09:19.540  5504  8481 I HUREV   : [2049] m.e | USB reads recovered after 1 errors
03-17 19:09:19.740  5504  8481 I HUREV   : [2049] m.e | USB reads recovered after 1 errors
03-17 19:09:19.940  5504  8481 I HUREV   : [2049] m.e | USB reads recovered after 1 errors
03-17 19:09:20.140  5504  8481 I HUREV   : [2049] m.e | USB reads recovered after 1 errors
03-17 19:09:20.150  5504  5504 W HUREV   : [1] l.run | Watchdog: No video received. Requesting Keyframe (Unsolicited Focus)...
03-17 19:09:20.340  5504  8481 I HUREV   : [2049] m.e | USB reads recovered after 1 errors
03-17 19:09:20.570  5504  8481 I HUREV   : [2049] m.e | USB reads recovered after 1 errors
03-17 19:09:20.780  5504  8481 I HUREV   : [2049] m.e | USB reads recovered after 1 errors
03-17 19:09:20.970  5504  8481 I HUREV   : [2049] m.e | USB reads recovered after 1 errors
03-17 19:09:21.170  5504  8481 I HUREV   : [2049] m.e | USB reads recovered after 1 errors
03-17 19:09:21.370  5504  8481 I HUREV   : [2049] m.e | USB reads recovered after 1 errors
03-17 19:09:21.570  5504  8481 I HUREV   : [2049] m.e | USB reads recovered after 1 errors
03-17 19:09:21.770  5504  8481 I HUREV   : [2049] m.e | USB reads recovered after 1 errors
03-17 19:09:21.970  5504  8481 I HUREV   : [2049] m.e | USB reads recovered after 1 errors
03-17 19:09:22.170  5504  8481 I HUREV   : [2049] m.e | USB reads recovered after 1 errors
03-17 19:09:22.370  5504  8481 I HUREV   : [2049] m.e | USB reads recovered after 1 errors
03-17 19:09:22.570  5504  8481 I HUREV   : [2049] m.e | USB reads recovered after 1 errors
03-17 19:09:22.770  5504  8481 I HUREV   : [2049] m.e | USB reads recovered after 1 errors
03-17 19:09:22.980  5504  8481 I HUREV   : [2049] m.e | USB reads recovered after 1 errors
03-17 19:09:23.160  5504  5504 W HUREV   : [1] l.run | Watchdog: No video received. Requesting Keyframe (Unsolicited Focus)...
03-17 19:09:23.180  5504  8481 I HUREV   : [2049] m.e | USB reads recovered after 1 errors
03-17 19:09:23.580  5504  8481 I HUREV   : [2049] m.e | USB reads recovered after 1 errors
03-17 19:09:23.770  5504  8481 I HUREV   : [2049] m.e | USB reads recovered after 1 errors
03-17 19:09:23.980  5504  8481 I HUREV   : [2049] m.e | USB reads recovered after 1 errors
03-17 19:09:24.180  5504  8481 I HUREV   : [2049] m.e | USB reads recovered after 1 errors
03-17 19:09:24.570  5504  8481 I HUREV   : [2049] m.e | USB reads recovered after 1 errors
03-17 19:09:24.780  5504  8481 I HUREV   : [2049] m.e | USB reads recovered after 1 errors
03-17 19:09:24.980  5504  8481 I HUREV   : [2049] m.e | USB reads recovered after 1 errors
03-17 19:09:25.180  5504  8481 I HUREV   : [2049] m.e | USB reads recovered after 1 errors
03-17 19:09:25.440  5504  8481 I HUREV   : [2049] m.e | USB reads recovered after 1 errors
03-17 19:09:25.640  5504  8481 I HUREV   : [2049] m.e | USB reads recovered after 1 errors
03-17 19:09:25.840  5504  8481 I HUREV   : [2049] m.e | USB reads recovered after 1 errors
03-17 19:09:26.050  5504  8481 I HUREV   : [2049] m.e | USB reads recovered after 1 errors
03-17 19:09:26.180  5504  5504 W HUREV   : [1] l.run | Watchdog: No video received. Requesting Keyframe (Unsolicited Focus)...
03-17 19:09:26.210  5504  8481 I HUREV   : [2049] m.e | USB reads recovered after 1 errors
03-17 19:09:26.440  5504  8481 I HUREV   : [2049] m.e | USB reads recovered after 1 errors
03-17 19:09:26.640  5504  8481 I HUREV   : [2049] m.e | USB reads recovered after 1 errors
03-17 19:09:26.840  5504  8481 I HUREV   : [2049] m.e | USB reads recovered after 1 errors
03-17 19:09:27.050  5504  8481 I HUREV   : [2049] m.e | USB reads recovered after 1 errors
03-17 19:09:27.180  5504  5506 D dalvikvm: GC_CONCURRENT freed 1275K, 57% free 8959K/20808K, paused 22ms+8ms, total 127ms
03-17 19:09:27.240  5504  8481 I HUREV   : [2049] m.e | USB reads recovered after 1 errors
03-17 19:09:27.440  5504  8481 I HUREV   : [2049] m.e | USB reads recovered after 1 errors
03-17 19:09:27.640  5504  8481 I HUREV   : [2049] m.e | USB reads recovered after 1 errors
03-17 19:09:27.840  5504  8481 I HUREV   : [2049] m.e | USB reads recovered after 1 errors
03-17 19:09:28.040  5504  8481 I HUREV   : [2049] m.e | USB reads recovered after 1 errors
03-17 19:09:28.210  5504  8481 I HUREV   : [2049] m.e | USB reads recovered after 1 errors
03-17 19:09:28.440  5504  8481 I HUREV   : [2049] m.e | USB reads recovered after 1 errors
03-17 19:09:28.670  5504  8481 I HUREV   : [2049] m.e | USB reads recovered after 1 errors
03-17 19:09:28.840  5504  8481 I HUREV   : [2049] m.e | USB reads recovered after 1 errors
03-17 19:09:29.080  5504  8481 I HUREV   : [2049] m.e | USB reads recovered after 1 errors
03-17 19:09:29.190  5504  5504 W HUREV   : [1] l.run | Watchdog: No video received. Requesting Keyframe (Unsolicited Focus)...
03-17 19:09:29.270  5504  8481 I HUREV   : [2049] m.e | USB reads recovered after 1 errors
03-17 19:09:29.480  5504  8481 I HUREV   : [2049] m.e | USB reads recovered after 1 errors
03-17 19:09:29.680  5504  8481 I HUREV   : [2049] m.e | USB reads recovered after 1 errors
03-17 19:09:29.870  5504  8481 I HUREV   : [2049] m.e | USB reads recovered after 1 errors
03-17 19:09:30.070  5504  8481 I HUREV   : [2049] m.e | USB reads recovered after 1 errors
03-17 19:09:30.270  5504  8481 I HUREV   : [2049] m.e | USB reads recovered after 1 errors
03-17 19:09:30.700  5504  8481 I HUREV   : [2049] m.e | USB reads recovered after 1 errors
03-17 19:09:30.870  5504  8481 I HUREV   : [2049] m.e | USB reads recovered after 1 errors
03-17 19:09:31.080  5504  8481 I HUREV   : [2049] m.e | USB reads recovered after 1 errors
03-17 19:09:31.280  5504  8481 I HUREV   : [2049] m.e | USB reads recovered after 1 errors
03-17 19:09:31.480  5504  8481 I HUREV   : [2049] m.e | USB reads recovered after 1 errors
03-17 19:09:31.710  5504  8481 I HUREV   : [2049] m.e | USB reads recovered after 1 errors
03-17 19:09:31.910  5504  8481 I HUREV   : [2049] m.e | USB reads recovered after 1 errors
03-17 19:09:32.110  5504  8481 I HUREV   : [2049] m.e | USB reads recovered after 1 errors
03-17 19:09:32.240  5504  5504 W HUREV   : [1] l.run | Watchdog: No video received. Requesting Keyframe (Unsolicited Focus)...
03-17 19:09:32.530  5504  8481 I HUREV   : [2049] m.e | USB reads recovered after 1 errors
03-17 19:09:32.710  5504  8481 I HUREV   : [2049] m.e | USB reads recovered after 1 errors
03-17 19:09:32.940  5504  8481 I HUREV   : [2049] m.e | USB reads recovered after 1 errors
03-17 19:09:33.110  5504  8481 I HUREV   : [2049] m.e | USB reads recovered after 1 errors
03-17 19:09:33.500  5504  8481 I HUREV   : [2049] m.e | USB reads recovered after 1 errors
03-17 19:09:33.710  5504  8481 I HUREV   : [2049] m.e | USB reads recovered after 1 errors
03-17 19:09:33.910  5504  8481 I HUREV   : [2049] m.e | USB reads recovered after 1 errors
03-17 19:09:34.110  5504  8481 I HUREV   : [2049] m.e | USB reads recovered after 1 errors
03-17 19:09:34.510  5504  8481 I HUREV   : [2049] m.e | USB reads recovered after 1 errors
03-17 19:09:34.710  5504  8481 I HUREV   : [2049] m.e | USB reads recovered after 1 errors
03-17 19:09:34.940  5504  8481 I HUREV   : [2049] m.e | USB reads recovered after 1 errors
03-17 19:09:35.150  5504  8481 I HUREV   : [2049] m.e | USB reads recovered after 1 errors
03-17 19:09:35.260  5504  5504 W HUREV   : [1] l.run | Watchdog: No video received. Requesting Keyframe (Unsolicited Focus)...
03-17 19:09:35.540  5504  8481 I HUREV   : [2049] m.e | USB reads recovered after 1 errors
03-17 19:09:35.740  5504  8481 I HUREV   : [2049] m.e | USB reads recovered after 1 errors
03-17 19:09:35.940  5504  8481 I HUREV   : [2049] m.e | USB reads recovered after 1 errors
03-17 19:09:36.150  5504  8481 I HUREV   : [2049] m.e | USB reads recovered after 1 errors
03-17 19:09:36.540  5504  8481 I HUREV   : [2049] m.e | USB reads recovered after 1 errors
03-17 19:09:36.740  5504  8481 I HUREV   : [2049] m.e | USB reads recovered after 1 errors
03-17 19:09:36.940  5504  8481 I HUREV   : [2049] m.e | USB reads recovered after 1 errors
03-17 19:09:37.150  5504  8481 I HUREV   : [2049] m.e | USB reads recovered after 1 errors
03-17 19:09:37.550  5504  8481 I HUREV   : [2049] m.e | USB reads recovered after 1 errors
03-17 19:09:37.740  5504  8481 I HUREV   : [2049] m.e | USB reads recovered after 1 errors
03-17 19:09:37.940  5504  8481 I HUREV   : [2049] m.e | USB reads recovered after 1 errors
03-17 19:09:38.140  5504  8481 I HUREV   : [2049] m.e | USB reads recovered after 1 errors
03-17 19:09:38.270  5504  5504 W HUREV   : [1] l.run | Watchdog: No video received. Requesting Keyframe (Unsolicited Focus)...
03-17 19:09:38.550  5504  8481 I HUREV   : [2049] m.e | USB reads recovered after 1 errors
03-17 19:09:38.740  5504  8481 I HUREV   : [2049] m.e | USB reads recovered after 1 errors
03-17 19:09:38.940  5504  8481 I HUREV   : [2049] m.e | USB reads recovered after 1 errors
03-17 19:09:39.140  5504  8481 I HUREV   : [2049] m.e | USB reads recovered after 1 errors
03-17 19:09:39.540  5504  8481 I HUREV   : [2049] m.e | USB reads recovered after 1 errors
03-17 19:09:39.740  5504  8481 I HUREV   : [2049] m.e | USB reads recovered after 1 errors
03-17 19:09:39.950  5504  8481 I HUREV   : [2049] m.e | USB reads recovered after 1 errors
03-17 19:09:40.140  5504  8481 I HUREV   : [2049] m.e | USB reads recovered after 1 errors
03-17 19:09:40.540  5504  8481 I HUREV   : [2049] m.e | USB reads recovered after 1 errors
03-17 19:09:40.780  5504  8481 I HUREV   : [2049] m.e | USB reads recovered after 1 errors
03-17 19:09:40.980  5504  8481 I HUREV   : [2049] m.e | USB reads recovered after 1 errors
03-17 19:09:41.170  5504  8481 I HUREV   : [2049] m.e | USB reads recovered after 1 errors
03-17 19:09:41.290  5504  5504 W HUREV   : [1] l.run | Watchdog: No video received. Requesting Keyframe (Unsolicited Focus)...
03-17 19:09:41.580  5504  8481 I HUREV   : [2049] m.e | USB reads recovered after 1 errors
03-17 19:09:41.780  5504  8481 I HUREV   : [2049] m.e | USB reads recovered after 1 errors
03-17 19:09:41.970  5504  8481 I HUREV   : [2049] m.e | USB reads recovered after 1 errors
03-17 19:09:42.170  5504  8481 I HUREV   : [2049] m.e | USB reads recovered after 1 errors
03-17 19:09:42.400  5504  8481 I HUREV   : [2049] m.e | USB reads recovered after 1 errors
03-17 19:09:42.580  5504  8481 I HUREV   : [2049] m.e | USB reads recovered after 1 errors
03-17 19:09:42.780  5504  8481 I HUREV   : [2049] m.e | USB reads recovered after 1 errors
03-17 19:09:42.980  5504  8481 I HUREV   : [2049] m.e | USB reads recovered after 1 errors
03-17 19:09:43.200  5504  8481 I HUREV   : [2049] m.e | USB reads recovered after 1 errors
03-17 19:09:43.580  5504  8481 I HUREV   : [2049] m.e | USB reads recovered after 1 errors
03-17 19:09:43.770  5504  8481 I HUREV   : [2049] m.e | USB reads recovered after 1 errors
03-17 19:09:43.980  5504  8481 I HUREV   : [2049] m.e | USB reads recovered after 1 errors
03-17 19:09:44.180  5504  8481 I HUREV   : [2049] m.e | USB reads recovered after 1 errors
03-17 19:09:44.310  5504  5504 W HUREV   : [1] l.run | Watchdog: No video received. Requesting Keyframe (Unsolicited Focus)...
03-17 19:09:44.580  5504  8481 I HUREV   : [2049] m.e | USB reads recovered after 1 errors
03-17 19:09:44.770  5504  8481 I HUREV   : [2049] m.e | USB reads recovered after 1 errors
03-17 19:09:44.980  5504  8481 I HUREV   : [2049] m.e | USB reads recovered after 1 errors
03-17 19:09:45.170  5504  8481 I HUREV   : [2049] m.e | USB reads recovered after 1 errors
03-17 19:09:45.570  5504  8481 I HUREV   : [2049] m.e | USB reads recovered after 1 errors
03-17 19:09:45.770  5504  8481 I HUREV   : [2049] m.e | USB reads recovered after 1 errors
03-17 19:09:45.970  5504  8481 I HUREV   : [2049] m.e | USB reads recovered after 1 errors
03-17 19:09:46.170  5504  8481 I HUREV   : [2049] m.e | USB reads recovered after 1 errors
03-17 19:09:46.570  5504  8481 I HUREV   : [2049] m.e | USB reads recovered after 1 errors
03-17 19:09:46.980  5504  8481 I HUREV   : [2049] m.e | USB reads recovered after 1 errors
03-17 19:09:47.210  5504  8481 I HUREV   : [2049] m.e | USB reads recovered after 1 errors
03-17 19:09:47.330  5504  5504 W HUREV   : [1] l.run | Watchdog: No video received. Requesting Keyframe (Unsolicited Focus)...
03-17 19:09:47.610  5504  8481 I HUREV   : [2049] m.e | USB reads recovered after 1 errors
03-17 19:09:47.830  5504  8481 I HUREV   : [2049] m.e | USB reads recovered after 1 errors
03-17 19:09:48.010  5504  8481 I HUREV   : [2049] m.e | USB reads recovered after 1 errors
03-17 19:09:48.210  5504  8481 I HUREV   : [2049] m.e | USB reads recovered after 1 errors
03-17 19:09:48.610  5504  8481 I HUREV   : [2049] m.e | USB reads recovered after 1 errors
03-17 19:09:48.810  5504  8481 I HUREV   : [2049] m.e | USB reads recovered after 1 errors
03-17 19:09:49.040  5504  8481 I HUREV   : [2049] m.e | USB reads recovered after 1 errors
03-17 19:09:49.250  5504  8481 I HUREV   : [2049] m.e | USB reads recovered after 1 errors
03-17 19:09:49.610  5504  8481 I HUREV   : [2049] m.e | USB reads recovered after 1 errors
03-17 19:09:49.810  5504  8481 I HUREV   : [2049] m.e | USB reads recovered after 1 errors
03-17 19:09:50.010  5504  8481 I HUREV   : [2049] m.e | USB reads recovered after 1 errors
03-17 19:09:50.220  5504  8481 I HUREV   : [2049] m.e | USB reads recovered after 1 errors
03-17 19:09:50.350  5504  5504 W HUREV   : [1] l.run | Watchdog: No video received. Requesting Keyframe (Unsolicited Focus)...
03-17 19:09:50.650  5504  8481 I HUREV   : [2049] m.e | USB reads recovered after 1 errors
03-17 19:09:50.810  5504  8481 I HUREV   : [2049] m.e | USB reads recovered after 1 errors
03-17 19:09:51.050  5504  8481 I HUREV   : [2049] m.e | USB reads recovered after 1 errors
03-17 19:09:51.280  5504  8481 I HUREV   : [2049] m.e | USB reads recovered after 1 errors
03-17 19:09:51.450  5504  8481 I HUREV   : [2049] m.e | USB reads recovered after 1 errors
03-17 19:09:51.650  5504  8481 I HUREV   : [2049] m.e | USB reads recovered after 1 errors
03-17 19:09:51.840  5504  8481 I HUREV   : [2049] m.e | USB reads recovered after 1 errors
03-17 19:09:52.040  5504  8481 I HUREV   : [2049] m.e | USB reads recovered after 1 errors
03-17 19:09:52.240  5504  8481 I HUREV   : [2049] m.e | USB reads recovered after 1 errors
03-17 19:09:52.660  5504  8481 I HUREV   : [2049] m.e | USB reads recovered after 1 errors
03-17 19:09:52.830  5504  8481 D dalvikvm: GC_FOR_ALLOC freed 1153K, 57% free 9008K/20808K, paused 80ms, total 80ms
03-17 19:09:52.830  5504  8481 I dalvikvm-heap: Grow heap (frag case) to 18.278MB for 213762-byte allocation
03-17 19:09:52.900  5504  8481 D dalvikvm: GC_FOR_ALLOC freed 137K, 57% free 9079K/21020K, paused 62ms, total 62ms
03-17 19:09:53.250  5504  8481 I HUREV   : [2049] m.e | USB reads recovered after 1 errors
03-17 19:09:53.360  5504  5504 W HUREV   : [1] l.run | Watchdog: No video received. Requesting Keyframe (Unsolicited Focus)...
03-17 19:09:53.670  5504  8481 I HUREV   : [2049] m.e | USB reads recovered after 1 errors
03-17 19:09:53.880  5504  8481 I HUREV   : [2049] m.e | USB reads recovered after 1 errors
03-17 19:09:54.040  5504  8481 I HUREV   : [2049] m.e | USB reads recovered after 1 errors
03-17 19:09:54.240  5504  8481 I HUREV   : [2049] m.e | USB reads recovered after 1 errors
03-17 19:09:54.640  5504  8481 I HUREV   : [2049] m.e | USB reads recovered after 1 errors
03-17 19:09:54.840  5504  8481 I HUREV   : [2049] m.e | USB reads recovered after 1 errors
03-17 19:09:55.050  5504  8481 I HUREV   : [2049] m.e | USB reads recovered after 1 errors
03-17 19:09:55.250  5504  8481 I HUREV   : [2049] m.e | USB reads recovered after 1 errors
03-17 19:09:55.640  5504  8481 I HUREV   : [2049] m.e | USB reads recovered after 1 errors
03-17 19:09:55.850  5504  8481 I HUREV   : [2049] m.e | USB reads recovered after 1 errors
03-17 19:09:56.040  5504  8481 I HUREV   : [2049] m.e | USB reads recovered after 1 errors
03-17 19:09:56.240  5504  8481 I HUREV   : [2049] m.e | USB reads recovered after 1 errors
03-17 19:09:56.390  5504  5504 W HUREV   : [1] l.run | Watchdog: No video received. Requesting Keyframe (Unsolicited Focus)...
03-17 19:09:56.640  5504  8481 I HUREV   : [2049] m.e | USB reads recovered after 1 errors
03-17 19:09:56.840  5504  8481 I HUREV   : [2049] m.e | USB reads recovered after 1 errors
03-17 19:09:57.050  5504  8481 I HUREV   : [2049] m.e | USB reads recovered after 1 errors
03-17 19:09:57.280  5504  8481 I HUREV   : [2049] m.e | USB reads recovered after 1 errors
03-17 19:09:57.680  5504  8481 I HUREV   : [2049] m.e | USB reads recovered after 1 errors
03-17 19:09:57.870  5504  8481 I HUREV   : [2049] m.e | USB reads recovered after 1 errors
03-17 19:09:58.080  5504  8481 I HUREV   : [2049] m.e | USB reads recovered after 1 errors
03-17 19:09:58.280  5504  8481 I HUREV   : [2049] m.e | USB reads recovered after 1 errors
03-17 19:09:58.870  5504  8481 I HUREV   : [2049] m.e | USB reads recovered after 1 errors
03-17 19:09:59.080  5504  8481 I HUREV   : [2049] m.e | USB reads recovered after 1 errors
03-17 19:09:59.300  5504  8481 I HUREV   : [2049] m.e | USB reads recovered after 1 errors
03-17 19:09:59.420  5504  5504 W HUREV   : [1] l.run | Watchdog: No video received. Requesting Keyframe (Unsolicited Focus)...
03-17 19:09:59.680  5504  8481 I HUREV   : [2049] m.e | USB reads recovered after 1 errors
03-17 19:09:59.870  5504  8481 I HUREV   : [2049] m.e | USB reads recovered after 1 errors
03-17 19:10:00.080  5504  8481 I HUREV   : [2049] m.e | USB reads recovered after 1 errors
03-17 19:10:00.280  5504  8481 I HUREV   : [2049] m.e | USB reads recovered after 1 errors
03-17 19:10:00.670  5504  8481 I HUREV   : [2049] m.e | USB reads recovered after 1 errors
03-17 19:10:00.870  5504  8481 I HUREV   : [2049] m.e | USB reads recovered after 1 errors
03-17 19:10:01.080  5504  8481 I HUREV   : [2049] m.e | USB reads recovered after 1 errors
03-17 19:10:01.280  5504  8481 I HUREV   : [2049] m.e | USB reads recovered after 1 errors
03-17 19:10:01.680  5504  8481 I HUREV   : [2049] m.e | USB reads recovered after 1 errors
03-17 19:10:01.820  5504  5504 D AudioManager: Qian:preDispatchKeyEvent:keyCode:4,-2147483648
03-17 19:10:01.830  5504  5504 D AudioManager: Qian:preDispatchKeyEvent:keyCode:4,-2147483648
03-17 19:10:01.880  5504  8481 I HUREV   : [2049] m.e | USB reads recovered after 1 errors
03-17 19:10:02.070  5504  8481 I HUREV   : [2049] m.e | USB reads recovered after 1 errors
03-17 19:10:02.280  5504  8481 I HUREV   : [2049] m.e | USB reads recovered after 1 errors
03-17 19:10:02.420  5504  5504 W HUREV   : [1] l.run | Watchdog: No video received. Requesting Keyframe (Unsolicited Focus)...
03-17 19:10:02.670  5504  8481 I HUREV   : [2049] m.e | USB reads recovered after 1 errors
03-17 19:10:02.870  5504  8481 I HUREV   : [2049] m.e | USB reads recovered after 1 errors
03-17 19:10:03.110  5504  8481 I HUREV   : [2049] m.e | USB reads recovered after 1 errors
03-17 19:10:03.320  5504  8481 I HUREV   : [2049] m.e | USB reads recovered after 1 errors
03-17 19:10:03.510  5504  8481 I HUREV   : [2049] m.e | USB reads recovered after 1 errors
03-17 19:10:03.720  5504  8481 I HUREV   : [2049] m.e | USB reads recovered after 1 errors
03-17 19:10:03.910  5504  8481 I HUREV   : [2049] m.e | USB reads recovered after 1 errors
03-17 19:10:04.110  5504  8481 I HUREV   : [2049] m.e | USB reads recovered after 1 errors
03-17 19:10:04.310  5504  8481 I HUREV   : [2049] m.e | USB reads recovered after 1 errors
03-17 19:10:04.510  5504  8481 I HUREV   : [2049] m.e | USB reads recovered after 1 errors
03-17 19:10:04.580  5504  5504 D AudioManager: Qian:preDispatchKeyEvent:keyCode:4,-2147483648
03-17 19:10:04.600  5504  5504 D AudioManager: Qian:preDispatchKeyEvent:keyCode:4,-2147483648
03-17 19:10:04.720  5504  8481 I HUREV   : [2049] m.e | USB reads recovered after 1 errors
03-17 19:10:04.910  5504  8481 I HUREV   : [2049] m.e | USB reads recovered after 1 errors
03-17 19:10:05.110  5504  8481 I HUREV   : [2049] m.e | USB reads recovered after 1 errors
03-17 19:10:05.280  5504  5504 D AudioManager: Qian:preDispatchKeyEvent:keyCode:4,-2147483648
03-17 19:10:05.300  5504  5504 D AudioManager: Qian:preDispatchKeyEvent:keyCode:4,-2147483648
03-17 19:10:05.300  5504  5504 I HUREV   : [1] AapProjectionActivity.onBackPressed | AapProjectionActivity: Double back press detected. Disconnecting...
03-17 19:10:05.310  5504  8481 I HUREV   : [2049] m.e | USB reads recovered after 1 errors
03-17 19:10:05.320  5504  5504 I HUREV   : [1] AapProjectionActivity.M | Hiding reconnecting overlay — frames resumed
03-17 19:10:05.330  5504  6966 I HUREV   : [170] t0.G | AapTransport stopping and sending byebye
03-17 19:10:05.340  5504  5504 I HUREV   : [1] AapService.K | WifiLock released
03-17 19:10:05.360  5504  5504 I HUREV   : [1] AapProjectionActivity.onPause | AapProjectionActivity: onPause
03-17 19:10:05.360  5504  8515 I HUREV   : [2050] z.l | Output thread stopped
03-17 19:10:05.370  5504  6968 I HUREV   : [172] z.t | Decoder stopped: AapService::onDisconnect
03-17 19:10:05.390  5504  5504 D zjy     : view visibility = 7
03-17 19:10:05.440  5504  5504 D zjy     : view visibility = 7
03-17 19:10:05.490  5504  6966 I HUREV   : [170] t0.o | AapTransport quitting (clean=false)
03-17 19:10:05.540  5504  8481 I HUREV   : [2049] m.e | USB reads recovered after 1 errors
03-17 19:10:05.540  5504  8481 W MessageQueue: Handler (android.os.Handler) {42e6e040} sending message to a Handler on a dead thread
03-17 19:10:05.540  5504  8481 W MessageQueue: java.lang.RuntimeException: Handler (android.os.Handler) {42e6e040} sending message to a Handler on a dead thread
03-17 19:10:05.540  5504  8481 W MessageQueue: 	at android.os.MessageQueue.enqueueMessage(MessageQueue.java:309)
03-17 19:10:05.540  5504  8481 W MessageQueue: 	at android.os.Handler.enqueueMessage(Handler.java:623)
03-17 19:10:05.540  5504  8481 W MessageQueue: 	at android.os.Handler.sendMessageAtTime(Handler.java:592)
03-17 19:10:05.540  5504  8481 W MessageQueue: 	at android.os.Handler.sendMessageDelayed(Handler.java:563)
03-17 19:10:05.540  5504  8481 W MessageQueue: 	at android.os.Handler.sendMessage(Handler.java:500)
03-17 19:10:05.540  5504  8481 W MessageQueue: 	at t0.t0.r(r8-map-id-f1537b069f239da04e78454013a0eb60e949cb54a227911edc102ef5973c8398:54)
03-17 19:10:05.540  5504  8481 W MessageQueue: 	at t0.t0.v(r8-map-id-f1537b069f239da04e78454013a0eb60e949cb54a227911edc102ef5973c8398:12)
03-17 19:10:05.540  5504  8481 W MessageQueue: 	at t0.t.a(r8-map-id-f1537b069f239da04e78454013a0eb60e949cb54a227911edc102ef5973c8398:40)
03-17 19:10:05.540  5504  8481 W MessageQueue: 	at t0.f0.d(r8-map-id-f1537b069f239da04e78454013a0eb60e949cb54a227911edc102ef5973c8398:149)
03-17 19:10:05.540  5504  8481 W MessageQueue: 	at t0.f0.a(r8-map-id-f1537b069f239da04e78454013a0eb60e949cb54a227911edc102ef5973c8398:98)
03-17 19:10:05.540  5504  8481 W MessageQueue: 	at t0.e0$a.read(r8-map-id-f1537b069f239da04e78454013a0eb60e949cb54a227911edc102ef5973c8398:14)
03-17 19:10:05.540  5504  8481 W MessageQueue: 	at t0.t0.n(r8-map-id-f1537b069f239da04e78454013a0eb60e949cb54a227911edc102ef5973c8398:15)
03-17 19:10:05.540  5504  8481 W MessageQueue: 	at t0.t0.c(r8-map-id-f1537b069f239da04e78454013a0eb60e949cb54a227911edc102ef5973c8398:1)
03-17 19:10:05.540  5504  8481 W MessageQueue: 	at t0.r0.handleMessage(r8-map-id-f1537b069f239da04e78454013a0eb60e949cb54a227911edc102ef5973c8398:3)
03-17 19:10:05.540  5504  8481 W MessageQueue: 	at android.os.Handler.dispatchMessage(Handler.java:95)
03-17 19:10:05.540  5504  8481 W MessageQueue: 	at android.os.Looper.loop(Looper.java:137)
03-17 19:10:05.540  5504  8481 W MessageQueue: 	at android.os.HandlerThread.run(HandlerThread.java:61)
03-17 19:10:05.540  5504  8481 I HUREV   : [2049] z.c | H.265/HEVC config detected in frame (15 bytes)
03-17 19:10:05.550  5504  8481 E HUREV   : [2049] z.r | Failed to start decoder
03-17 19:10:05.550  5504  8481 E HUREV   : java.lang.IllegalStateException: No decoder available for video/hevc
03-17 19:10:05.550  5504  8481 E HUREV   : 	at y0.z.r(r8-map-id-f1537b069f239da04e78454013a0eb60e949cb54a227911edc102ef5973c8398:251)
03-17 19:10:05.550  5504  8481 E HUREV   : 	at y0.z.c(r8-map-id-f1537b069f239da04e78454013a0eb60e949cb54a227911edc102ef5973c8398:253)
03-17 19:10:05.550  5504  8481 E HUREV   : 	at t0.u0.a(r8-map-id-f1537b069f239da04e78454013a0eb60e949cb54a227911edc102ef5973c8398:85)
03-17 19:10:05.550  5504  8481 E HUREV   : 	at t0.t.a(r8-map-id-f1537b069f239da04e78454013a0eb60e949cb54a227911edc102ef5973c8398:45)
03-17 19:10:05.550  5504  8481 E HUREV   : 	at t0.f0.d(r8-map-id-f1537b069f239da04e78454013a0eb60e949cb54a227911edc102ef5973c8398:149)
03-17 19:10:05.550  5504  8481 E HUREV   : 	at t0.f0.a(r8-map-id-f1537b069f239da04e78454013a0eb60e949cb54a227911edc102ef5973c8398:98)
03-17 19:10:05.550  5504  8481 E HUREV   : 	at t0.e0$a.read(r8-map-id-f1537b069f239da04e78454013a0eb60e949cb54a227911edc102ef5973c8398:14)
03-17 19:10:05.550  5504  8481 E HUREV   : 	at t0.t0.n(r8-map-id-f1537b069f239da04e78454013a0eb60e949cb54a227911edc102ef5973c8398:15)
03-17 19:10:05.550  5504  8481 E HUREV   : 	at t0.t0.c(r8-map-id-f1537b069f239da04e78454013a0eb60e949cb54a227911edc102ef5973c8398:1)
03-17 19:10:05.550  5504  8481 E HUREV   : 	at t0.r0.handleMessage(r8-map-id-f1537b069f239da04e78454013a0eb60e949cb54a227911edc102ef5973c8398:3)
03-17 19:10:05.550  5504  8481 E HUREV   : 	at android.os.Handler.dispatchMessage(Handler.java:95)
03-17 19:10:05.550  5504  8481 E HUREV   : 	at android.os.Looper.loop(Looper.java:137)
03-17 19:10:05.550  5504  8481 E HUREV   : 	at android.os.HandlerThread.run(HandlerThread.java:61)
03-17 19:10:05.550  5504  8481 W MessageQueue: Handler (android.os.Handler) {42e67690} sending message to a Handler on a dead thread
03-17 19:10:05.550  5504  8481 W MessageQueue: java.lang.RuntimeException: Handler (android.os.Handler) {42e67690} sending message to a Handler on a dead thread
03-17 19:10:05.550  5504  8481 W MessageQueue: 	at android.os.MessageQueue.enqueueMessage(MessageQueue.java:309)
03-17 19:10:05.550  5504  8481 W MessageQueue: 	at android.os.Handler.enqueueMessage(Handler.java:623)
03-17 19:10:05.550  5504  8481 W MessageQueue: 	at android.os.Handler.sendMessageAtTime(Handler.java:592)
03-17 19:10:05.550  5504  8481 W MessageQueue: 	at android.os.Handler.sendMessageDelayed(Handler.java:563)
03-17 19:10:05.550  5504  8481 W MessageQueue: 	at android.os.Handler.sendEmptyMessageDelayed(Handler.java:527)
03-17 19:10:05.550  5504  8481 W MessageQueue: 	at android.os.Handler.sendEmptyMessage(Handler.java:512)
03-17 19:10:05.550  5504  8481 W MessageQueue: 	at t0.t0.n(r8-map-id-f1537b069f239da04e78454013a0eb60e949cb54a227911edc102ef5973c8398:36)
03-17 19:10:05.550  5504  8481 W MessageQueue: 	at t0.t0.c(r8-map-id-f1537b069f239da04e78454013a0eb60e949cb54a227911edc102ef5973c8398:1)
03-17 19:10:05.550  5504  8481 W MessageQueue: 	at t0.r0.handleMessage(r8-map-id-f1537b069f239da04e78454013a0eb60e949cb54a227911edc102ef5973c8398:3)
03-17 19:10:05.550  5504  8481 W MessageQueue: 	at android.os.Handler.dispatchMessage(Handler.java:95)
03-17 19:10:05.550  5504  8481 W MessageQueue: 	at android.os.Looper.loop(Looper.java:137)
03-17 19:10:05.550  5504  8481 W MessageQueue: 	at android.os.HandlerThread.run(HandlerThread.java:61)
03-17 19:10:05.550  5504  6966 D UsbDeviceConnectionJNI: close
03-17 19:10:05.550  5504  6966 I HUREV   : [170] m.b | Google 18D1:2D00 - UsbDevice[mName=/dev/bus/usb/002/006,mVendorId=6353,mProductId=11520,mClass=0,mSubclass=0,mProtocol=0,mInterfaces=[Landroid.os.Parcelable;@42ea04a0]
03-17 19:10:05.550  5504  6966 E UsbDeviceConnectionJNI: device is closed in native_release_interface
03-17 19:10:05.550  5504  6966 I HUREV   : [170] m.b | OK releaseInterface()
03-17 19:10:05.850  5504  5504 I HUREV   : [1] AapProjectionActivity.onDestroy | AapProjectionActivity.onDestroy called. isFinishing=true
03-17 19:10:05.850  5504  5504 I HUREV   : [1] i.onSurfaceTextureDestroyed | TextureProjectionView: Surface destroyed
03-17 19:10:05.850  5504  5504 I HUREV   : [1] AapProjectionActivity.c | SurfaceCallback: onSurfaceDestroyed. Surface: Surface(name=android.graphics.SurfaceTexture@42f10848)
