03-17 19:12:11.420  5504  5504 D zjy     : view visibility = 7
03-17 19:12:11.450  5504  5504 I HUREV   : [1] i.onSurfaceTextureAvailable | TextureProjectionView: Surface available: 1920x720
03-17 19:12:11.450  5504  5504 I HUREV   : [1] AapProjectionActivity.d | [AapProjectionActivity] onSurfaceCreated
03-17 19:12:11.450  5504  5504 I HUREV   : [1] AapProjectionActivity.b | [AapProjectionActivity] onSurfaceChanged. Actual surface dimensions: width=1920, height=720
03-17 19:12:11.450  5504  5504 I HUREV   : [1] z.q | New surface set: Surface(name=android.graphics.SurfaceTexture@42b95080)
03-17 19:12:11.460  5504  5504 I HUREV   : [1] AapProjectionActivity.b | [AapProjectionActivity] Decoder already has dimensions: 1920x1088. Applying to view.
03-17 19:12:11.460  5504  5504 I HUREV   : [1] i.a | TextureProjectionView
03-17 19:12:11.460  5504  5504 I HUREV   : [1] i.p | CarScreen: usable width: 1920 height: 720 (Raw: 1920x720, Insets: L0 T0 R0 B0)
03-17 19:12:11.460  5504  5504 I HUREV   : [1] i.p | CarScreen isSmallScreen: true, scaleFactor: 1.0
03-17 19:12:11.470  5504  5504 I HUREV   : [1] i.p | CarScreen using: _1920x1080, number: 3, scales: scaleX: 1.0, scaleY: 1.5
03-17 19:12:11.470  5504  5504 I HUREV   : [1] h.a | ProjectionViewScaler: Dimensions: Video: 1920x1088, Content: 1920x640, View: 1920x720
03-17 19:12:11.470  5504  5504 I HUREV   : [1] h.a | ProjectionViewScaler: Scale updated for view i. scaleX: 1.0, scaleY: 1.5
03-17 19:12:11.470  5504  5504 I HUREV   : [1] h.a | ProjectionViewScaler: Dimensions: Video: 1920x1088, Content: 1920x640, View: 1920x720
03-17 19:12:11.480  5504  5504 I HUREV   : [1] h.a | ProjectionViewScaler: Scale updated for view i. scaleX: 1.0, scaleY: 1.5
03-17 19:12:11.740  5504  8969 W HUREV   : [2480] t0.l | Handshake: Version request send failed (ret=-1), attempt 1
03-17 19:12:11.970  5504  8969 W HUREV   : [2480] t0.l | Handshake: Version request send failed (ret=-1), attempt 2
03-17 19:12:12.210  5504  8969 W HUREV   : [2480] t0.l | Handshake: Version request send failed (ret=-1), attempt 3
03-17 19:12:12.410  5504  8969 E HUREV   : [2480] t0.l | Handshake: Version request/response failed after 3 attempt(s). last ret: -1
03-17 19:12:12.410  5504  8969 I HUREV   : [2480] t0.o | AapTransport quitting (clean=false)
03-17 19:12:12.410  5504  6967 I HUREV   : [171] t0.o | AapTransport quitting (clean=false)
03-17 19:12:12.410  5504  6967 D UsbDeviceConnectionJNI: close
03-17 19:12:12.410  5504  8969 E HUREV   : [2480] t0.B | Handshake failed
03-17 19:12:12.410  5504  6967 I HUREV   : [171] m.b | Google 18D1:2D00 - UsbDevice[mName=/dev/bus/usb/002/008,mVendorId=6353,mProductId=11520,mClass=0,mSubclass=0,mProtocol=0,mInterfaces=[Landroid.os.Parcelable;@42ad9d80]
03-17 19:12:12.410  5504  6967 E UsbDeviceConnectionJNI: device is closed in native_release_interface
03-17 19:12:12.410  5504  6967 I HUREV   : [171] m.b | OK releaseInterface()
03-17 19:12:12.420  5504  5504 I HUREV   : [1] AapService.K | WifiLock released
03-17 19:12:12.430  5504  8969 I HUREV   : [2480] z.t | Decoder stopped: AapService::onDisconnect
03-17 19:12:12.450  5504  5504 I HUREV   : [1] AapProjectionActivity.M | Hiding reconnecting overlay — frames resumed
03-17 19:12:12.460  5504  5504 I HUREV   : [1] AapProjectionActivity.onPause | AapProjectionActivity: onPause
03-17 19:12:12.480  5504  5504 D zjy     : view visibility = 7
03-17 19:12:12.500  5504  5504 D zjy     : view visibility = 7
03-17 19:12:12.920  5504  5504 I HUREV   : [1] AapProjectionActivity.onDestroy | AapProjectionActivity.onDestroy called. isFinishing=true
03-17 19:12:12.920  5504  5504 I HUREV   : [1] i.onSurfaceTextureDestroyed | TextureProjectionView: Surface destroyed
03-17 19:12:12.920  5504  5504 I HUREV   : [1] AapProjectionActivity.c | SurfaceCallback: onSurfaceDestroyed. Surface: Surface(name=android.graphics.SurfaceTexture@42b95080)
03-17 19:12:12.920  5504  5504 I HUREV   : [1] z.t | Decoder stopped: surfaceDestroyed
03-17 19:12:56.390  5504  5504 I HUREV   : [1] AapService.u | Found device already in accessory mode: Google 18D1:2D00
03-17 19:12:56.390  5504  8969 I HUREV   : [2480] m.l | Established connection: android.hardware.usb.UsbDeviceConnection@42b2fb70
03-17 19:12:56.390  5504  8969 I HUREV   : [2480] m.l | interfaceCount: 1
03-17 19:12:56.390  5504  8969 I HUREV   : [2480] m.j | Check accessory endpoints
03-17 19:12:56.390  5504  8969 I HUREV   : [2480] m.j | Connected have EPs
03-17 19:12:56.430  5504  5504 I HUREV   : [1] AapService.t | WifiLock acquired (HIGH_PERF)
03-17 19:12:56.470  5504  8969 I HUREV   : [2480] t0.<init> | Using Java SSL implementation
03-17 19:12:56.540  5504  8969 D dalvikvm: GC_FOR_ALLOC freed 2133K, 66% free 7085K/20280K, paused 70ms, total 70ms
03-17 19:12:56.550  5504  8969 I HUREV   : [2480] t0.B | Start Aap transport handshake for w0.m@42b2f920
03-17 19:12:56.680  5504  5506 D dalvikvm: GC_CONCURRENT freed 421K, 61% free 8028K/20280K, paused 4ms+4ms, total 59ms
03-17 19:12:56.680  5504  5504 D dalvikvm: WAIT_FOR_CONCURRENT_GC blocked 20ms
03-17 19:12:56.710  5504  5504 I HUREV   : [1] AapProjectionActivity.onCreate | HeadUnit for Android Auto (tm) - Copyright 2011-2015 Michael A. Reid., since 2025 André Rinas All Rights Reserved...
03-17 19:12:56.710  5504  5504 I HUREV   : [1] AapProjectionActivity.onCreate | Using TextureView
03-17 19:12:56.710  5504  5504 I HUREV   : [1] i.p | CarScreen: usable width: 1920 height: 720 (Raw: 1920x720, Insets: L0 T0 R0 B0)
03-17 19:12:56.710  5504  5504 I HUREV   : [1] i.p | CarScreen isSmallScreen: true, scaleFactor: 1.0
03-17 19:12:56.710  5504  5504 I HUREV   : [1] i.p | CarScreen using: _1920x1080, number: 3, scales: scaleX: 1.0, scaleY: 1.5
03-17 19:12:56.710  5504  5504 D zjy     : view visibility = 7
03-17 19:12:56.720  5504  5504 I HUREV   : [1] AapProjectionActivity.onResume | AapProjectionActivity: onResume
03-17 19:12:56.720  5504  5504 D zjy     : view visibility = 7
03-17 19:12:56.790  5504  5504 D zjy     : view visibility = 7
03-17 19:12:56.810  5504  5504 I HUREV   : [1] i.onSurfaceTextureAvailable | TextureProjectionView: Surface available: 1920x720
03-17 19:12:56.810  5504  5504 I HUREV   : [1] AapProjectionActivity.d | [AapProjectionActivity] onSurfaceCreated
03-17 19:12:56.810  5504  5504 I HUREV   : [1] AapProjectionActivity.b | [AapProjectionActivity] onSurfaceChanged. Actual surface dimensions: width=1920, height=720
03-17 19:12:56.820  5504  5504 I HUREV   : [1] z.q | New surface set: Surface(name=android.graphics.SurfaceTexture@42a2a8c8)
03-17 19:12:56.820  5504  5504 I HUREV   : [1] AapProjectionActivity.b | [AapProjectionActivity] Decoder already has dimensions: 1920x1088. Applying to view.
03-17 19:12:56.820  5504  5504 I HUREV   : [1] i.a | TextureProjectionView
03-17 19:12:56.820  5504  5504 I HUREV   : [1] i.p | CarScreen: usable width: 1920 height: 720 (Raw: 1920x720, Insets: L0 T0 R0 B0)
03-17 19:12:56.830  5504  5504 I HUREV   : [1] i.p | CarScreen isSmallScreen: true, scaleFactor: 1.0
03-17 19:12:56.830  5504  5504 I HUREV   : [1] i.p | CarScreen using: _1920x1080, number: 3, scales: scaleX: 1.0, scaleY: 1.5
03-17 19:12:56.830  5504  5504 I HUREV   : [1] h.a | ProjectionViewScaler: Dimensions: Video: 1920x1088, Content: 1920x640, View: 1920x720
03-17 19:12:56.830  5504  5504 I HUREV   : [1] h.a | ProjectionViewScaler: Scale updated for view i. scaleX: 1.0, scaleY: 1.5
03-17 19:12:56.840  5504  5504 I HUREV   : [1] h.a | ProjectionViewScaler: Dimensions: Video: 1920x1088, Content: 1920x640, View: 1920x720
03-17 19:12:56.840  5504  5504 I HUREV   : [1] h.a | ProjectionViewScaler: Scale updated for view i. scaleX: 1.0, scaleY: 1.5
03-17 19:12:57.120  5504  8969 W HUREV   : [2480] t0.l | Handshake: Version request send failed (ret=-1), attempt 1
03-17 19:12:57.350  5504  8969 W HUREV   : [2480] t0.l | Handshake: Version request send failed (ret=-1), attempt 2
03-17 19:12:57.590  5504  8969 W HUREV   : [2480] t0.l | Handshake: Version request send failed (ret=-1), attempt 3
03-17 19:12:57.790  5504  8969 E HUREV   : [2480] t0.l | Handshake: Version request/response failed after 3 attempt(s). last ret: -1
03-17 19:12:57.790  5504  8969 I HUREV   : [2480] t0.o | AapTransport quitting (clean=false)
03-17 19:12:57.790  5504  6967 I HUREV   : [171] t0.o | AapTransport quitting (clean=false)
03-17 19:12:57.790  5504  6967 D UsbDeviceConnectionJNI: close
03-17 19:12:57.790  5504  8969 E HUREV   : [2480] t0.B | Handshake failed
03-17 19:12:57.800  5504  6967 I HUREV   : [171] m.b | Google 18D1:2D00 - UsbDevice[mName=/dev/bus/usb/002/008,mVendorId=6353,mProductId=11520,mClass=0,mSubclass=0,mProtocol=0,mInterfaces=[Landroid.os.Parcelable;@42ea5270]
03-17 19:12:57.800  5504  6967 E UsbDeviceConnectionJNI: device is closed in native_release_interface
03-17 19:12:57.800  5504  6967 I HUREV   : [171] m.b | OK releaseInterface()
03-17 19:12:57.810  5504  5504 I HUREV   : [1] AapProjectionActivity.M | Hiding reconnecting overlay — frames resumed
03-17 19:12:57.810  5504  5504 I HUREV   : [1] AapService.K | WifiLock released
03-17 19:12:57.830  5504  6967 I HUREV   : [171] z.t | Decoder stopped: AapService::onDisconnect
03-17 19:12:57.840  5504  5504 I HUREV   : [1] AapProjectionActivity.onPause | AapProjectionActivity: onPause
03-17 19:12:57.850  5504  5504 D zjy     : view visibility = 7
03-17 19:12:57.880  5504  5504 D zjy     : view visibility = 7
03-17 19:12:58.290  5504  5504 I HUREV   : [1] AapProjectionActivity.onDestroy | AapProjectionActivity.onDestroy called. isFinishing=true
03-17 19:12:58.290  5504  5504 I HUREV   : [1] i.onSurfaceTextureDestroyed | TextureProjectionView: Surface destroyed
03-17 19:12:58.290  5504  5504 I HUREV   : [1] AapProjectionActivity.c | SurfaceCallback: onSurfaceDestroyed. Surface: Surface(name=android.graphics.SurfaceTexture@42a2a8c8)
03-17 19:12:58.300  5504  5504 I HUREV   : [1] z.t | Decoder stopped: surfaceDestroyed
03-17 19:15:03.500  5504  5504 I HUREV   : [1] HomeFragment.onResume | HomeFragment: onResume. isConnected=false
03-17 19:15:03.570  5504  5506 D dalvikvm: GC_CONCURRENT freed 2604K, 66% free 7075K/20280K, paused 4ms+11ms, total 68ms
03-17 19:15:52.120  5504  5504 I HUREV   : [1] p.onReceive | USB Intent: Intent { act=android.hardware.usb.action.USB_DEVICE_DETACHED flg=0x10 (has extras) }
03-17 19:15:52.120  5504  5504 I HUREV   : [1] p.onReceive | USB Intent: Intent { act=android.hardware.usb.action.USB_DEVICE_DETACHED flg=0x10 (has extras) }
03-17 19:17:05.520  5504  5504 I HUREV   : [1] p.onReceive | USB Intent: Intent { act=android.hardware.usb.action.USB_DEVICE_ATTACHED flg=0x10000010 (has extras) }
03-17 19:17:05.530  5504  5504 I HUREV   : [1] p.onReceive | USB Intent: Intent { act=android.hardware.usb.action.USB_DEVICE_ATTACHED flg=0x10000010 (has extras) }
03-17 19:17:05.530  5504  5504 I HUREV   : [1] AapService.onUsbAttach | Normal USB device attached: Google 18D1:4EE1. Will check auto-connect in 2000ms...
03-17 19:17:05.570  5504  5504 I HUREV   : [1] UsbAttachedActivity.onCreate | USB Intent: Intent { act=android.hardware.usb.action.USB_DEVICE_ATTACHED flg=0x10000000 cmp=com.andrerinas.headunitrevived/.app.UsbAttachedActivity (has extras) }
03-17 19:17:05.570  5504  5504 I HUREV   : [1] UsbAttachedActivity.onCreate | Skipping device Google 18D1:4EE1
03-17 19:17:05.580  5504  5504 D zjy     : view visibility = 7
03-17 19:17:05.630  5504  5504 D zjy     : view visibility = 7
03-17 19:17:07.550  5504  5504 I HUREV   : [1] m.invokeSuspend | UsbAttachedActivity didn't handle Google 18D1:4EE1. Trying from service...
03-17 19:17:09.740  5504  5504 I HUREV   : [1] n.c | Success controlTransfer len: 2  acc_ver: 2
03-17 19:17:09.750  5504  5504 I HUREV   : [1] n.c | acc_ver: 2
03-17 19:17:09.750  5504  5504 I HUREV   : [1] n.b | Success controlTransfer len: 7  index: 0  string: "Android"
03-17 19:17:09.750  5504  5504 I HUREV   : [1] n.b | Success controlTransfer len: 12  index: 1  string: "Android Auto"
03-17 19:17:09.750  5504  5504 I HUREV   : [1] n.b | Success controlTransfer len: 12  index: 2  string: "Android Auto"
03-17 19:17:09.750  5504  5504 I HUREV   : [1] n.b | Success controlTransfer len: 5  index: 3  string: "2.0.1"
03-17 19:17:09.750  5504  5504 I HUREV   : [1] n.b | Success controlTransfer len: 45  index: 4  string: "https://developer.android.com/auto/index.html"
03-17 19:17:09.750  5504  5504 I HUREV   : [1] n.b | Success controlTransfer len: 12  index: 5  string: "HU-AAAAAA001"
03-17 19:17:09.750  5504  5504 I HUREV   : [1] n.c | Sending acc start
03-17 19:17:09.760  5504  5504 I HUREV   : [1] n.c | Acc start sent (len=0). Waiting for re-enumeration...
03-17 19:17:10.260  5504  5504 D UsbDeviceConnectionJNI: close
03-17 19:17:10.260  5504  5504 I HUREV   : [1] n.a | Result: true
03-17 19:17:10.270  5504  5504 I HUREV   : [1] p.onReceive | USB Intent: Intent { act=android.hardware.usb.action.USB_DEVICE_DETACHED flg=0x10 (has extras) }
03-17 19:17:10.270  5504  5504 I HUREV   : [1] p.onReceive | USB Intent: Intent { act=android.hardware.usb.action.USB_DEVICE_DETACHED flg=0x10 (has extras) }
03-17 19:17:10.330  5504  5504 I HUREV   : [1] p.onReceive | USB Intent: Intent { act=android.hardware.usb.action.USB_DEVICE_ATTACHED flg=0x10000010 (has extras) }
03-17 19:17:10.330  5504  5504 I HUREV   : [1] p.onReceive | USB Intent: Intent { act=android.hardware.usb.action.USB_DEVICE_ATTACHED flg=0x10000010 (has extras) }
03-17 19:17:10.330  5504  5504 I HUREV   : [1] AapService.onUsbAttach | USB accessory device attached, connecting.
03-17 19:17:10.330  5504  5504 I HUREV   : [1] AapService.u | Found device already in accessory mode: Google 18D1:2D00
03-17 19:17:10.350  5504  6967 I HUREV   : [171] m.l | Established connection: android.hardware.usb.UsbDeviceConnection@42ec82a8
03-17 19:17:10.350  5504  6967 I HUREV   : [171] m.l | interfaceCount: 1
03-17 19:17:10.350  5504  6967 I HUREV   : [171] m.j | Check accessory endpoints
03-17 19:17:10.350  5504  6967 I HUREV   : [171] m.j | Connected have EPs
03-17 19:17:10.390  5504  5504 I HUREV   : [1] UsbAttachedActivity.onCreate | USB Intent: Intent { act=android.hardware.usb.action.USB_DEVICE_ATTACHED flg=0x10000000 cmp=com.andrerinas.headunitrevived/.app.UsbAttachedActivity (has extras) }
03-17 19:17:10.390  5504  5504 E HUREV   : [1] UsbAttachedActivity.onCreate | Usb in accessory mode
03-17 19:17:10.420  5504  5504 I HUREV   : [1] AapService.t | WifiLock acquired (HIGH_PERF)
03-17 19:17:10.450  5504  5504 D zjy     : view visibility = 7
03-17 19:17:10.520  5504  5506 D dalvikvm: GC_CONCURRENT freed 1155K, 65% free 7183K/20280K, paused 7ms+14ms, total 92ms
03-17 19:17:10.540  5504  6967 I HUREV   : [171] t0.<init> | Using Java SSL implementation
03-17 19:17:10.550  5504  6967 I HUREV   : [171] t0.B | Start Aap transport handshake for w0.m@42ec80b0
03-17 19:17:10.680  5504  5506 D dalvikvm: GC_CONCURRENT freed 828K, 62% free 7751K/20280K, paused 8ms+5ms, total 78ms
03-17 19:17:10.680  5504  5504 D dalvikvm: WAIT_FOR_CONCURRENT_GC blocked 33ms
03-17 19:17:10.720  5504  5504 I HUREV   : [1] AapProjectionActivity.onCreate | HeadUnit for Android Auto (tm) - Copyright 2011-2015 Michael A. Reid., since 2025 André Rinas All Rights Reserved...
03-17 19:17:10.720  5504  5504 I HUREV   : [1] AapProjectionActivity.onCreate | Using TextureView
03-17 19:17:10.720  5504  5504 I HUREV   : [1] i.p | CarScreen: usable width: 1920 height: 720 (Raw: 1920x720, Insets: L0 T0 R0 B0)
03-17 19:17:10.720  5504  5504 I HUREV   : [1] i.p | CarScreen isSmallScreen: true, scaleFactor: 1.0
03-17 19:17:10.720  5504  5504 I HUREV   : [1] i.p | CarScreen using: _1920x1080, number: 3, scales: scaleX: 1.0, scaleY: 1.5
03-17 19:17:10.720  5504  5504 D zjy     : view visibility = 7
03-17 19:17:10.720  5504  5504 I HUREV   : [1] AapProjectionActivity.onResume | AapProjectionActivity: onResume
03-17 19:17:10.730  5504  5504 D zjy     : view visibility = 7
03-17 19:17:10.800  5504  5504 D dalvikvm: GC_EXPLICIT freed 275K, 63% free 7672K/20280K, paused 5ms+4ms, total 64ms
03-17 19:17:10.840  5504  5504 D zjy     : view visibility = 7
03-17 19:17:10.850  5504  5504 I HUREV   : [1] i.onSurfaceTextureAvailable | TextureProjectionView: Surface available: 1920x720
03-17 19:17:10.850  5504  5504 I HUREV   : [1] AapProjectionActivity.d | [AapProjectionActivity] onSurfaceCreated
03-17 19:17:10.860  5504  5504 I HUREV   : [1] AapProjectionActivity.b | [AapProjectionActivity] onSurfaceChanged. Actual surface dimensions: width=1920, height=720
03-17 19:17:10.860  5504  5504 I HUREV   : [1] z.q | New surface set: Surface(name=android.graphics.SurfaceTexture@42b01a80)
03-17 19:17:10.860  5504  5504 I HUREV   : [1] AapProjectionActivity.b | [AapProjectionActivity] Decoder already has dimensions: 1920x1088. Applying to view.
03-17 19:17:10.860  5504  5504 I HUREV   : [1] i.a | TextureProjectionView
03-17 19:17:10.870  5504  5504 I HUREV   : [1] i.p | CarScreen: usable width: 1920 height: 720 (Raw: 1920x720, Insets: L0 T0 R0 B0)
03-17 19:17:10.870  5504  5504 I HUREV   : [1] i.p | CarScreen isSmallScreen: true, scaleFactor: 1.0
03-17 19:17:10.870  5504  5504 I HUREV   : [1] i.p | CarScreen using: _1920x1080, number: 3, scales: scaleX: 1.0, scaleY: 1.5
03-17 19:17:10.880  5504  5504 I HUREV   : [1] h.a | ProjectionViewScaler: Dimensions: Video: 1920x1088, Content: 1920x640, View: 1920x720
03-17 19:17:10.880  5504  5504 I HUREV   : [1] h.a | ProjectionViewScaler: Scale updated for view i. scaleX: 1.0, scaleY: 1.5
03-17 19:17:10.880  5504  5504 I HUREV   : [1] h.a | ProjectionViewScaler: Dimensions: Video: 1920x1088, Content: 1920x640, View: 1920x720
03-17 19:17:10.880  5504  5504 I HUREV   : [1] h.a | ProjectionViewScaler: Scale updated for view i. scaleX: 1.0, scaleY: 1.5
03-17 19:17:11.110  5504  6967 I HUREV   : [171] m.e | USB reads recovered after 1 errors
03-17 19:17:11.110  5504  6967 I HUREV   : [171] t0.l | Handshake: Version response received (ret=12, attempt=1).
03-17 19:17:11.110  5504  6967 I HUREV   : [171] t0.l | Handshake: Version response recv ret: 12
03-17 19:17:11.320  5504  6967 I HUREV   : [171] o0.performHandshake | SSL handshake complete. Session id: qgqhfZXjrmjdm3w1gHgC2w8CVubbWdjfuYeunoT/owc=
03-17 19:17:11.320  5504  6967 I HUREV   : [171] t0.l | Handshake: Status OK sent: 8
03-17 19:17:11.320  5504  6967 I HUREV   : [171] i.c | Audio Focus Request: stream=3, type=1
03-17 19:17:11.330  5504  6967 D AudioManager: Qian:requestAudioFocus:3
03-17 19:17:11.330  5504  5519 D AudioManager: dispatchAudioFocusChange [android.media.AudioManager@42b8a948w0.d@428a5a18], hint = -1
03-17 19:17:11.330  5504  5504 D AudioManager: Begin listener.onAudioFocusChange  [android.media.AudioManager@42b8a948w0.d@428a5a18], hint = -1
03-17 19:17:11.330  5504  5504 D AudioManager: End listener.onAudioFocusChange [android.media.AudioManager@42b8a948w0.d@428a5a18], hint = -1
03-17 19:17:11.330  5504  6967 I HUREV   : [171] i.c | Audio focus request result (legacy): GRANTED
03-17 19:17:11.330  5504  6967 I HUREV   : [171] t0.E | Start Aap transport read loop
03-17 19:17:11.400  5504  6967 D dalvikvm: GC_FOR_ALLOC freed 735K, 59% free 8446K/20280K, paused 59ms, total 59ms
03-17 19:17:11.410  5504 11811 I HUREV   : [3298] o.h | Service Discovery Request: Auto
03-17 19:17:11.410  5504 11811 I HUREV   : [3298] a.b | [ServiceDiscovery] Announcing NIGHT sensor support. Strategy: MANUAL_TIME
03-17 19:17:11.420  5504 11811 I HUREV   : [3298] a.b | [ServiceDiscovery] NegotiatedResolution is: 1920x1080
03-17 19:17:11.420  5504 11811 I HUREV   : [3298] a.b | [ServiceDiscovery] Margins are: 0x360
03-17 19:17:11.420  5504  5504 I HUREV   : [1] g.onReceive | Received request to resend night mode state
03-17 19:17:11.420  5504 11811 I HUREV   : [3298] a.b | BT MAC Address is empty. Skip bluetooth service
03-17 19:17:11.420  5504  5504 I HUREV   : [1] v.invoke | NightMode update: true
03-17 19:17:11.440  5504 11811 I HUREV   : [3298] o.c | Audio Focus Request: RELEASE
03-17 19:17:11.440  5504 11811 I HUREV   : [3298] i.c | Audio Focus Request: stream=3, type=4
03-17 19:17:11.440  5504 11811 D AudioManager: Qian:abandonAudioFocus:
03-17 19:17:11.440  5504 11811 I HUREV   : [3298] i.c | Audio focus request result (legacy): GRANTED
03-17 19:17:11.440  5504 11811 I HUREV   : [3298] o.c | Sending immediate AudioFocusNotification: STATE_LOSS
03-17 19:17:11.480  5504 11811 W HUREV   : [3298] u0.a | AapVideo: Dropped Flag 11 packet. len=4, buf[10]=?
03-17 19:17:11.480  5504 11811 I HUREV   : [3298] l.b | Media Sink Setup Request: 3 on channel VIDEO
03-17 19:17:11.480  5504 11811 I HUREV   : [3298] l.b | Config response: status: HEADUNIT
03-17 19:17:11.480  5504 11811 I HUREV   : max_unacked: 1
03-17 19:17:11.480  5504 11811 I HUREV   : configuration_indices: 0
03-17 19:17:11.490  5504 11811 I HUREV   : [3298] l.b | Media Sink Setup Request: 2 on channel AUDIO
03-17 19:17:11.500  5504 11811 I HUREV   : [3298] l.b | Config response: status: HEADUNIT
03-17 19:17:11.500  5504 11811 I HUREV   : max_unacked: 3
03-17 19:17:11.500  5504 11811 I HUREV   : configuration_indices: 0
03-17 19:17:11.500  5504 11811 I HUREV   : [3298] l.b | Media Sink Setup Request: 2 on channel AUDIO1
03-17 19:17:11.500  5504 11811 I HUREV   : [3298] l.b | Config response: status: HEADUNIT
03-17 19:17:11.500  5504 11811 I HUREV   : max_unacked: 3
03-17 19:17:11.500  5504 11811 I HUREV   : configuration_indices: 0
03-17 19:17:11.510  5504 11811 I HUREV   : [3298] l.b | Media Sink Setup Request: 2 on channel AUDIO2
03-17 19:17:11.510  5504 11811 I HUREV   : [3298] l.b | Config response: status: HEADUNIT
03-17 19:17:11.510  5504 11811 I HUREV   : max_unacked: 3
03-17 19:17:11.510  5504 11811 I HUREV   : configuration_indices: 0
03-17 19:17:11.520  5504  5504 I HUREV   : [1] AapProjectionActivity.onPause | AapProjectionActivity: onPause
03-17 19:17:11.530  5504  5504 I HUREV   : [1] AapProjectionActivity.onNewIntent | AapProjectionActivity: onNewIntent received
03-17 19:17:11.530  5504  5504 I HUREV   : [1] AapProjectionActivity.onResume | AapProjectionActivity: onResume
03-17 19:17:11.530  5504  5504 D zjy     : view visibility = 7
03-17 19:17:11.540  5504  5506 D dalvikvm: GC_CONCURRENT freed 194K, 58% free 8653K/20280K, paused 6ms+14ms, total 140ms
03-17 19:17:14.010  5504 11811 W HUREV   : [3298] m.e | USB read errors (10) for 2s — waiting for recovery...
03-17 19:17:14.530  5504  5504 W HUREV   : [1] l.run | Watchdog: No video received. Requesting Keyframe (Unsolicited Focus)...
03-17 19:17:14.560  5504 11811 I HUREV   : [3298] m.e | USB reads recovered after 11 errors
03-17 19:17:14.560  5504 11811 W HUREV   : [3298] u0.a | AapVideo: Dropped Flag 11 packet. len=6, buf[10]=?
03-17 19:17:14.560  5504 11811 I HUREV   : [3298] l.d | Media Start Request VIDEO: session=0, config_index=0
03-17 19:17:14.740  5504 11811 I HUREV   : [3298] m.e | USB reads recovered after 1 errors
03-17 19:17:14.740  5504 11811 I HUREV   : [3298] z.c | H.264/AVC config detected in frame (38 bytes)
03-17 19:17:14.740  5504 11811 I HUREV   : [3298] z.m | SPS parsed: 1920x1080
03-17 19:17:14.740  5504 11811 I HUREV   : [3298] AapProjectionActivity.a | [AapProjectionActivity] Received video dimensions: 1920x1080
03-17 19:17:14.740  5504  5504 I HUREV   : [1] i.a | TextureProjectionView
03-17 19:17:14.750  5504 11839 I OMXClient: Using client-side OMX mux.
03-17 19:17:14.750  5504  5504 I HUREV   : [1] h.a | ProjectionViewScaler: Dimensions: Video: 1920x1080, Content: 1920x640, View: 1920x720
03-17 19:17:14.750  5504 11811 I HUREV   : [3298] z.r | Configuring decoder: OMX.Freescale.std.video_decoder.avc.v3.hw-based with surface
03-17 19:17:14.750  5504  5504 I HUREV   : [1] h.a | ProjectionViewScaler: Scale updated for view i. scaleX: 1.0, scaleY: 1.5
03-17 19:17:14.750  5504 11839 I ACodec  : Send reorder config(0) to VPU
03-17 19:17:15.160  5504 11811 I HUREV   : [3298] z.r | Codec initialized: OMX.Freescale.std.video_decoder.avc.v3.hw-based for stream 1920x1080
03-17 19:17:15.160  5504 11851 I HUREV   : [3299] z.l | Output thread started
03-17 19:17:15.270  5504 11851 I HUREV   : [3299] z.j | Output Format Changed: {height=1088, what=1869968451, color-format=19, slice-height=0, crop-left=0, width=1920, crop-bottom=1079, crop-top=0, mime=video/raw, stride=1920, crop-right=1919}
03-17 19:17:15.270  5504 11851 I HUREV   : [3299] z.j | Video dimensions changed via format: 1920x1088
03-17 19:17:15.280  5504 11851 I HUREV   : [3299] AapProjectionActivity.a | [AapProjectionActivity] Received video dimensions: 1920x1088
03-17 19:17:15.280  5504  5504 I HUREV   : [1] i.a | TextureProjectionView
03-17 19:17:15.280  5504 11839 E ACodec  : dequeueBuffer failed.
03-17 19:17:15.280  5504  5504 I HUREV   : [1] h.a | ProjectionViewScaler: Dimensions: Video: 1920x1088, Content: 1920x640, View: 1920x720
03-17 19:17:15.280  5504  5504 I HUREV   : [1] h.a | ProjectionViewScaler: Scale updated for view i. scaleX: 1.0, scaleY: 1.5
03-17 19:17:15.290  5504 11839 E ACodec  : dequeueBuffer failed.
03-17 19:17:22.570  5504 11811 I HUREV   : [3298] m.e | USB reads recovered after 1 errors
03-17 19:17:22.990  5504 11811 I HUREV   : [3298] m.e | USB reads recovered after 1 errors
03-17 19:17:23.190  5504 11811 I HUREV   : [3298] m.e | USB reads recovered after 1 errors
03-17 19:17:23.240  5504 11811 D dalvikvm: GC_FOR_ALLOC freed 779K, 57% free 8863K/20280K, paused 49ms, total 49ms
03-17 19:17:23.390  5504 11811 I HUREV   : [3298] m.e | USB reads recovered after 1 errors
03-17 19:17:23.560  5504 11811 I HUREV   : [3298] m.e | USB reads recovered after 1 errors
03-17 19:17:23.790  5504 11811 I HUREV   : [3298] m.e | USB reads recovered after 1 errors
03-17 19:17:23.990  5504 11811 I HUREV   : [3298] m.e | USB reads recovered after 1 errors
03-17 19:17:24.190  5504 11811 I HUREV   : [3298] m.e | USB reads recovered after 1 errors
03-17 19:17:24.390  5504 11811 I HUREV   : [3298] m.e | USB reads recovered after 1 errors
03-17 19:17:24.560  5504 11811 I HUREV   : [3298] m.e | USB reads recovered after 1 errors
03-17 19:17:24.790  5504 11811 I HUREV   : [3298] m.e | USB reads recovered after 1 errors
03-17 19:17:24.990  5504 11811 I HUREV   : [3298] m.e | USB reads recovered after 1 errors
03-17 19:17:25.190  5504 11811 I HUREV   : [3298] m.e | USB reads recovered after 1 errors
03-17 19:17:25.390  5504 11811 I HUREV   : [3298] m.e | USB reads recovered after 1 errors
03-17 19:17:25.560  5504 11811 I HUREV   : [3298] m.e | USB reads recovered after 1 errors
03-17 19:17:25.790  5504 11811 I HUREV   : [3298] m.e | USB reads recovered after 1 errors
03-17 19:17:26.000  5504 11811 I HUREV   : [3298] m.e | USB reads recovered after 1 errors
03-17 19:17:26.200  5504 11811 I HUREV   : [3298] m.e | USB reads recovered after 1 errors
03-17 19:17:26.430  5504 11811 I HUREV   : [3298] m.e | USB reads recovered after 1 errors
03-17 19:17:26.580  5504 11811 I HUREV   : [3298] m.e | USB reads recovered after 1 errors
03-17 19:17:26.830  5504 11811 I HUREV   : [3298] m.e | USB reads recovered after 1 errors
03-17 19:17:27.030  5504 11811 I HUREV   : [3298] m.e | USB reads recovered after 1 errors
03-17 19:17:27.230  5504 11811 I HUREV   : [3298] m.e | USB reads recovered after 1 errors
03-17 19:17:27.430  5504 11811 I HUREV   : [3298] m.e | USB reads recovered after 1 errors
03-17 19:17:27.830  5504 11811 I HUREV   : [3298] m.e | USB reads recovered after 1 errors
03-17 19:17:28.030  5504 11811 I HUREV   : [3298] m.e | USB reads recovered after 1 errors
03-17 19:17:28.230  5504 11811 I HUREV   : [3298] m.e | USB reads recovered after 1 errors
03-17 19:17:28.430  5504 11811 I HUREV   : [3298] m.e | USB reads recovered after 1 errors
03-17 19:17:28.610  5504 11811 I HUREV   : [3298] m.e | USB reads recovered after 1 errors
03-17 19:17:28.860  5504 11811 I HUREV   : [3298] m.e | USB reads recovered after 1 errors
03-17 19:17:29.030  5504 11811 I HUREV   : [3298] m.e | USB reads recovered after 1 errors
03-17 19:17:29.230  5504 11811 I HUREV   : [3298] m.e | USB reads recovered after 1 errors
03-17 19:17:29.430  5504 11811 I HUREV   : [3298] m.e | USB reads recovered after 1 errors
03-17 19:17:29.600  5504 11811 I HUREV   : [3298] m.e | USB reads recovered after 1 errors
03-17 19:17:29.830  5504 11811 I HUREV   : [3298] m.e | USB reads recovered after 1 errors
03-17 19:17:30.030  5504 11811 I HUREV   : [3298] m.e | USB reads recovered after 1 errors
03-17 19:17:30.260  5504 11811 I HUREV   : [3298] m.e | USB reads recovered after 1 errors
03-17 19:17:30.460  5504 11811 I HUREV   : [3298] m.e | USB reads recovered after 1 errors
03-17 19:17:30.860  5504 11811 I HUREV   : [3298] m.e | USB reads recovered after 1 errors
03-17 19:17:31.060  5504 11811 I HUREV   : [3298] m.e | USB reads recovered after 1 errors
03-17 19:17:31.260  5504 11811 I HUREV   : [3298] m.e | USB reads recovered after 1 errors
03-17 19:17:31.470  5504 11811 I HUREV   : [3298] m.e | USB reads recovered after 1 errors
03-17 19:17:31.860  5504 11811 I HUREV   : [3298] m.e | USB reads recovered after 1 errors
03-17 19:17:32.060  5504 11811 I HUREV   : [3298] m.e | USB reads recovered after 1 errors
03-17 19:17:32.260  5504 11811 I HUREV   : [3298] m.e | USB reads recovered after 1 errors
03-17 19:17:32.460  5504 11811 I HUREV   : [3298] m.e | USB reads recovered after 1 errors
03-17 19:17:32.690  5504 11811 I HUREV   : [3298] m.e | USB reads recovered after 1 errors
03-17 19:17:32.860  5504 11811 I HUREV   : [3298] m.e | USB reads recovered after 1 errors
03-17 19:17:33.060  5504 11811 I HUREV   : [3298] m.e | USB reads recovered after 1 errors
03-17 19:17:33.260  5504 11811 I HUREV   : [3298] m.e | USB reads recovered after 1 errors
03-17 19:17:33.460  5504 11811 I HUREV   : [3298] m.e | USB reads recovered after 1 errors
03-17 19:17:33.660  5504 11811 I HUREV   : [3298] m.e | USB reads recovered after 1 errors
03-17 19:17:33.860  5504 11811 I HUREV   : [3298] m.e | USB reads recovered after 1 errors
03-17 19:17:34.060  5504 11811 I HUREV   : [3298] m.e | USB reads recovered after 1 errors
03-17 19:17:34.460  5504 11811 I HUREV   : [3298] m.e | USB reads recovered after 1 errors
03-17 19:17:34.870  5504 11811 I HUREV   : [3298] m.e | USB reads recovered after 1 errors
03-17 19:17:35.060  5504 11811 I HUREV   : [3298] m.e | USB reads recovered after 1 errors
03-17 19:17:35.260  5504 11811 I HUREV   : [3298] m.e | USB reads recovered after 1 errors
03-17 19:17:35.500  5504 11811 I HUREV   : [3298] m.e | USB reads recovered after 1 errors
03-17 19:17:35.900  5504 11811 I HUREV   : [3298] m.e | USB reads recovered after 1 errors
03-17 19:17:36.100  5504 11811 I HUREV   : [3298] m.e | USB reads recovered after 1 errors
03-17 19:17:36.300  5504 11811 I HUREV   : [3298] m.e | USB reads recovered after 1 errors
03-17 19:17:36.490  5504 11811 I HUREV   : [3298] m.e | USB reads recovered after 1 errors
03-17 19:17:36.890  5504 11811 I HUREV   : [3298] m.e | USB reads recovered after 1 errors
03-17 19:17:37.090  5504 11811 I HUREV   : [3298] m.e | USB reads recovered after 1 errors
03-17 19:17:37.290  5504 11811 I HUREV   : [3298] m.e | USB reads recovered after 1 errors
03-17 19:17:37.500  5504 11811 I HUREV   : [3298] m.e | USB reads recovered after 1 errors
03-17 19:17:37.890  5504 11811 I HUREV   : [3298] m.e | USB reads recovered after 1 errors
03-17 19:17:38.090  5504 11811 I HUREV   : [3298] m.e | USB reads recovered after 1 errors
03-17 19:17:38.290  5504 11811 I HUREV   : [3298] m.e | USB reads recovered after 1 errors
03-17 19:17:38.490  5504 11811 I HUREV   : [3298] m.e | USB reads recovered after 1 errors
03-17 19:17:38.890  5504 11811 I HUREV   : [3298] m.e | USB reads recovered after 1 errors
03-17 19:17:39.090  5504 11811 I HUREV   : [3298] m.e | USB reads recovered after 1 errors
03-17 19:17:39.300  5504 11811 I HUREV   : [3298] m.e | USB reads recovered after 1 errors
03-17 19:17:39.500  5504 11811 I HUREV   : [3298] m.e | USB reads recovered after 1 errors
03-17 19:17:39.890  5504 11811 I HUREV   : [3298] m.e | USB reads recovered after 1 errors
03-17 19:17:40.130  5504 11811 I HUREV   : [3298] m.e | USB reads recovered after 1 errors
03-17 19:17:40.330  5504 11811 I HUREV   : [3298] m.e | USB reads recovered after 1 errors
03-17 19:17:40.530  5504 11811 I HUREV   : [3298] m.e | USB reads recovered after 1 errors
03-17 19:17:40.930  5504 11811 I HUREV   : [3298] m.e | USB reads recovered after 1 errors
03-17 19:17:41.130  5504 11811 I HUREV   : [3298] m.e | USB reads recovered after 1 errors
03-17 19:17:41.320  5504 11811 I HUREV   : [3298] m.e | USB reads recovered after 1 errors
03-17 19:17:41.530  5504 11811 I HUREV   : [3298] m.e | USB reads recovered after 1 errors
03-17 19:17:41.930  5504 11811 I HUREV   : [3298] m.e | USB reads recovered after 1 errors
03-17 19:17:42.130  5504 11811 I HUREV   : [3298] m.e | USB reads recovered after 1 errors
03-17 19:17:42.330  5504 11811 I HUREV   : [3298] m.e | USB reads recovered after 1 errors
03-17 19:17:42.530  5504 11811 I HUREV   : [3298] m.e | USB reads recovered after 1 errors
03-17 19:17:42.930  5504 11811 I HUREV   : [3298] m.e | USB reads recovered after 1 errors
03-17 19:17:43.120  5504 11811 I HUREV   : [3298] m.e | USB reads recovered after 1 errors
03-17 19:17:43.330  5504 11811 I HUREV   : [3298] m.e | USB reads recovered after 1 errors
03-17 19:17:43.550  5504 11811 I HUREV   : [3298] m.e | USB reads recovered after 1 errors
03-17 19:17:43.930  5504 11811 I HUREV   : [3298] m.e | USB reads recovered after 1 errors
03-17 19:17:44.140  5504 11811 I HUREV   : [3298] m.e | USB reads recovered after 1 errors
03-17 19:17:44.330  5504 11811 I HUREV   : [3298] m.e | USB reads recovered after 1 errors
03-17 19:17:44.520  5504 11811 I HUREV   : [3298] m.e | USB reads recovered after 1 errors
03-17 19:17:44.930  5504 11811 I HUREV   : [3298] m.e | USB reads recovered after 1 errors
03-17 19:17:45.140  5504 11811 I HUREV   : [3298] m.e | USB reads recovered after 1 errors
03-17 19:17:45.330  5504 11811 I HUREV   : [3298] m.e | USB reads recovered after 1 errors
03-17 19:17:45.570  5504 11811 I HUREV   : [3298] m.e | USB reads recovered after 1 errors
03-17 19:17:45.960  5504 11811 I HUREV   : [3298] m.e | USB reads recovered after 1 errors
03-17 19:17:46.160  5504 11811 I HUREV   : [3298] m.e | USB reads recovered after 1 errors
03-17 19:17:46.360  5504 11811 I HUREV   : [3298] m.e | USB reads recovered after 1 errors
03-17 19:17:46.560  5504 11811 I HUREV   : [3298] m.e | USB reads recovered after 1 errors
03-17 19:17:46.960  5504 11811 I HUREV   : [3298] m.e | USB reads recovered after 1 errors
03-17 19:17:47.160  5504 11811 I HUREV   : [3298] m.e | USB reads recovered after 1 errors
03-17 19:17:47.360  5504 11811 I HUREV   : [3298] m.e | USB reads recovered after 1 errors
03-17 19:17:47.570  5504 11811 I HUREV   : [3298] m.e | USB reads recovered after 1 errors
03-17 19:17:47.960  5504 11811 I HUREV   : [3298] m.e | USB reads recovered after 1 errors
03-17 19:17:48.160  5504 11811 I HUREV   : [3298] m.e | USB reads recovered after 1 errors
03-17 19:17:48.360  5504 11811 I HUREV   : [3298] m.e | USB reads recovered after 1 errors
03-17 19:17:48.560  5504 11811 I HUREV   : [3298] m.e | USB reads recovered after 1 errors
03-17 19:17:48.960  5504 11811 I HUREV   : [3298] m.e | USB reads recovered after 1 errors
03-17 19:17:49.160  5504 11811 I HUREV   : [3298] m.e | USB reads recovered after 1 errors
03-17 19:17:49.360  5504 11811 I HUREV   : [3298] m.e | USB reads recovered after 1 errors
03-17 19:17:49.560  5504 11811 I HUREV   : [3298] m.e | USB reads recovered after 1 errors
03-17 19:17:49.930  5504 11811 I HUREV   : [3298] m.e | USB reads recovered after 1 errors
03-17 19:17:50.160  5504 11811 I HUREV   : [3298] m.e | USB reads recovered after 1 errors
03-17 19:17:50.360  5504 11811 I HUREV   : [3298] m.e | USB reads recovered after 1 errors
03-17 19:17:50.560  5504 11811 I HUREV   : [3298] m.e | USB reads recovered after 1 errors
03-17 19:17:50.970  5504 11811 I HUREV   : [3298] m.e | USB reads recovered after 1 errors
03-17 19:17:51.160  5504 11811 I HUREV   : [3298] m.e | USB reads recovered after 1 errors
03-17 19:17:51.390  5504 11811 I HUREV   : [3298] m.e | USB reads recovered after 1 errors
03-17 19:17:51.560  5504 11811 I HUREV   : [3298] m.e | USB reads recovered after 1 errors
03-17 19:17:52.030  5504 11811 I HUREV   : [3298] m.e | USB reads recovered after 1 errors
03-17 19:17:52.190  5504 11811 I HUREV   : [3298] m.e | USB reads recovered after 1 errors
03-17 19:17:52.390  5504 11811 I HUREV   : [3298] m.e | USB reads recovered after 1 errors
03-17 19:17:52.590  5504 11811 I HUREV   : [3298] m.e | USB reads recovered after 1 errors
03-17 19:17:52.990  5504 11811 I HUREV   : [3298] m.e | USB reads recovered after 1 errors
03-17 19:17:53.200  5504 11811 I HUREV   : [3298] m.e | USB reads recovered after 1 errors
03-17 19:17:53.390  5504 11811 I HUREV   : [3298] m.e | USB reads recovered after 1 errors
03-17 19:17:53.610  5504 11811 I HUREV   : [3298] m.e | USB reads recovered after 1 errors
03-17 19:17:54.000  5504 11811 I HUREV   : [3298] m.e | USB reads recovered after 1 errors
03-17 19:17:54.190  5504 11811 I HUREV   : [3298] m.e | USB reads recovered after 1 errors
03-17 19:17:54.390  5504 11811 I HUREV   : [3298] m.e | USB reads recovered after 1 errors
03-17 19:17:54.600  5504 11811 I HUREV   : [3298] m.e | USB reads recovered after 1 errors
03-17 19:17:54.990  5504 11811 I HUREV   : [3298] m.e | USB reads recovered after 1 errors
03-17 19:17:55.190  5504 11811 I HUREV   : [3298] m.e | USB reads recovered after 1 errors
03-17 19:17:55.400  5504 11811 I HUREV   : [3298] m.e | USB reads recovered after 1 errors
03-17 19:17:55.590  5504 11811 I HUREV   : [3298] m.e | USB reads recovered after 1 errors
03-17 19:17:56.000  5504 11811 I HUREV   : [3298] m.e | USB reads recovered after 1 errors
03-17 19:17:56.200  5504 11811 I HUREV   : [3298] m.e | USB reads recovered after 1 errors
03-17 19:17:56.430  5504 11811 I HUREV   : [3298] m.e | USB reads recovered after 1 errors
03-17 19:17:56.630  5504 11811 I HUREV   : [3298] m.e | USB reads recovered after 1 errors
03-17 19:17:57.030  5504 11811 I HUREV   : [3298] m.e | USB reads recovered after 1 errors
03-17 19:17:57.230  5504 11811 I HUREV   : [3298] m.e | USB reads recovered after 1 errors
03-17 19:17:57.430  5504 11811 I HUREV   : [3298] m.e | USB reads recovered after 1 errors
03-17 19:17:57.630  5504 11811 I HUREV   : [3298] m.e | USB reads recovered after 1 errors
03-17 19:17:58.020  5504 11811 I HUREV   : [3298] m.e | USB reads recovered after 1 errors
03-17 19:17:58.230  5504 11811 I HUREV   : [3298] m.e | USB reads recovered after 1 errors
03-17 19:17:58.430  5504 11811 I HUREV   : [3298] m.e | USB reads recovered after 1 errors
03-17 19:17:58.630  5504 11811 I HUREV   : [3298] m.e | USB reads recovered after 1 errors
03-17 19:17:59.020  5504 11811 I HUREV   : [3298] m.e | USB reads recovered after 1 errors
03-17 19:17:59.220  5504 11811 I HUREV   : [3298] m.e | USB reads recovered after 1 errors
03-17 19:17:59.440  5504 11811 I HUREV   : [3298] m.e | USB reads recovered after 1 errors
03-17 19:17:59.630  5504 11811 I HUREV   : [3298] m.e | USB reads recovered after 1 errors
03-17 19:17:59.790  5504 11811 I HUREV   : [3298] m.e | USB reads recovered after 1 errors
03-17 19:18:00.030  5504 11811 I HUREV   : [3298] m.e | USB reads recovered after 1 errors
03-17 19:18:00.230  5504 11811 I HUREV   : [3298] m.e | USB reads recovered after 1 errors
03-17 19:18:00.430  5504 11811 I HUREV   : [3298] m.e | USB reads recovered after 1 errors
03-17 19:18:00.630  5504 11811 I HUREV   : [3298] m.e | USB reads recovered after 1 errors
03-17 19:18:01.030  5504 11811 I HUREV   : [3298] m.e | USB reads recovered after 1 errors
03-17 19:18:01.230  5504 11811 I HUREV   : [3298] m.e | USB reads recovered after 1 errors
03-17 19:18:01.430  5504 11811 I HUREV   : [3298] m.e | USB reads recovered after 1 errors
03-17 19:18:01.630  5504 11811 I HUREV   : [3298] m.e | USB reads recovered after 1 errors
03-17 19:18:02.440  5504 11811 I HUREV   : [3298] m.e | USB reads recovered after 1 errors
03-17 19:18:02.550  5504 11811 D dalvikvm: GC_FOR_ALLOC freed 1382K, 57% free 8841K/20280K, paused 57ms, total 57ms
03-17 19:18:02.550  5504 11811 I dalvikvm-heap: Grow heap (frag case) to 18.178MB for 212308-byte allocation
03-17 19:18:02.600  5504  5512 D dalvikvm: GC_FOR_ALLOC freed 122K, 57% free 8926K/20488K, paused 48ms, total 48ms
03-17 19:18:02.650  5504 11811 D dalvikvm: GC_FOR_ALLOC freed <1K, 57% free 8926K/20488K, paused 47ms, total 47ms
03-17 19:18:02.650  5504 11811 I dalvikvm-heap: Grow heap (frag case) to 18.261MB for 212308-byte allocation
03-17 19:18:02.700  5504  5512 D dalvikvm: GC_FOR_ALLOC freed 121K, 57% free 9011K/20696K, paused 47ms, total 47ms
03-17 19:18:03.060  5504 11811 I HUREV   : [3298] m.e | USB reads recovered after 1 errors
03-17 19:18:03.260  5504 11811 I HUREV   : [3298] m.e | USB reads recovered after 1 errors
03-17 19:18:03.460  5504 11811 I HUREV   : [3298] m.e | USB reads recovered after 1 errors
03-17 19:18:03.670  5504 11811 I HUREV   : [3298] m.e | USB reads recovered after 1 errors
03-17 19:18:04.060  5504 11811 I HUREV   : [3298] m.e | USB reads recovered after 1 errors
03-17 19:18:04.260  5504 11811 I HUREV   : [3298] m.e | USB reads recovered after 1 errors
03-17 19:18:04.460  5504 11811 I HUREV   : [3298] m.e | USB reads recovered after 1 errors
03-17 19:18:04.660  5504 11811 I HUREV   : [3298] m.e | USB reads recovered after 1 errors
03-17 19:18:05.060  5504 11811 I HUREV   : [3298] m.e | USB reads recovered after 1 errors
03-17 19:18:05.260  5504 11811 I HUREV   : [3298] m.e | USB reads recovered after 1 errors
03-17 19:18:05.460  5504 11811 I HUREV   : [3298] m.e | USB reads recovered after 1 errors
03-17 19:18:05.660  5504 11811 I HUREV   : [3298] m.e | USB reads recovered after 1 errors
03-17 19:18:06.060  5504 11811 I HUREV   : [3298] m.e | USB reads recovered after 1 errors
03-17 19:18:06.260  5504 11811 I HUREV   : [3298] m.e | USB reads recovered after 1 errors
03-17 19:18:06.460  5504 11811 I HUREV   : [3298] m.e | USB reads recovered after 1 errors
03-17 19:18:06.660  5504 11811 I HUREV   : [3298] m.e | USB reads recovered after 1 errors
03-17 19:18:07.060  5504 11811 I HUREV   : [3298] m.e | USB reads recovered after 1 errors
03-17 19:18:07.260  5504 11811 I HUREV   : [3298] m.e | USB reads recovered after 1 errors
03-17 19:18:07.460  5504 11811 I HUREV   : [3298] m.e | USB reads recovered after 1 errors
03-17 19:18:07.670  5504 11811 I HUREV   : [3298] m.e | USB reads recovered after 1 errors
03-17 19:18:08.090  5504 11811 I HUREV   : [3298] m.e | USB reads recovered after 1 errors
03-17 19:18:08.310  5504 11811 I HUREV   : [3298] m.e | USB reads recovered after 1 errors
03-17 19:18:08.490  5504 11811 I HUREV   : [3298] m.e | USB reads recovered after 1 errors
03-17 19:18:08.700  5504 11811 I HUREV   : [3298] m.e | USB reads recovered after 1 errors
03-17 19:18:09.090  5504 11811 I HUREV   : [3298] m.e | USB reads recovered after 1 errors
03-17 19:18:09.290  5504 11811 I HUREV   : [3298] m.e | USB reads recovered after 1 errors
03-17 19:18:09.490  5504 11811 I HUREV   : [3298] m.e | USB reads recovered after 1 errors
03-17 19:18:09.690  5504 11811 I HUREV   : [3298] m.e | USB reads recovered after 1 errors
03-17 19:18:10.100  5504 11811 I HUREV   : [3298] m.e | USB reads recovered after 1 errors
03-17 19:18:10.290  5504 11811 I HUREV   : [3298] m.e | USB reads recovered after 1 errors
03-17 19:18:10.490  5504 11811 I HUREV   : [3298] m.e | USB reads recovered after 1 errors
03-17 19:18:10.700  5504 11811 I HUREV   : [3298] m.e | USB reads recovered after 1 errors
03-17 19:18:11.100  5504 11811 I HUREV   : [3298] m.e | USB reads recovered after 1 errors
03-17 19:18:11.290  5504 11811 I HUREV   : [3298] m.e | USB reads recovered after 1 errors
03-17 19:18:11.490  5504 11811 I HUREV   : [3298] m.e | USB reads recovered after 1 errors
03-17 19:18:11.700  5504 11811 I HUREV   : [3298] m.e | USB reads recovered after 1 errors
03-17 19:18:12.100  5504 11811 I HUREV   : [3298] m.e | USB reads recovered after 1 errors
03-17 19:18:12.290  5504 11811 I HUREV   : [3298] m.e | USB reads recovered after 1 errors
03-17 19:18:12.500  5504 11811 I HUREV   : [3298] m.e | USB reads recovered after 1 errors
03-17 19:18:12.740  5504 11811 I HUREV   : [3298] m.e | USB reads recovered after 1 errors
03-17 19:18:13.090  5504 11811 I HUREV   : [3298] m.e | USB reads recovered after 1 errors
03-17 19:18:13.300  5504 11811 I HUREV   : [3298] m.e | USB reads recovered after 1 errors
03-17 19:18:13.500  5504 11811 I HUREV   : [3298] m.e | USB reads recovered after 1 errors
03-17 19:18:13.690  5504 11811 I HUREV   : [3298] m.e | USB reads recovered after 1 errors
03-17 19:18:14.090  5504 11811 I HUREV   : [3298] m.e | USB reads recovered after 1 errors
03-17 19:18:14.330  5504 11811 I HUREV   : [3298] m.e | USB reads recovered after 1 errors
03-17 19:18:14.530  5504 11811 I HUREV   : [3298] m.e | USB reads recovered after 1 errors
03-17 19:18:14.730  5504 11811 I HUREV   : [3298] m.e | USB reads recovered after 1 errors
03-17 19:18:15.130  5504 11811 I HUREV   : [3298] m.e | USB reads recovered after 1 errors
03-17 19:18:15.320  5504 11811 I HUREV   : [3298] m.e | USB reads recovered after 1 errors
03-17 19:18:15.530  5504 11811 I HUREV   : [3298] m.e | USB reads recovered after 1 errors
03-17 19:18:15.730  5504 11811 I HUREV   : [3298] m.e | USB reads recovered after 1 errors
03-17 19:18:16.130  5504 11811 I HUREV   : [3298] m.e | USB reads recovered after 1 errors
03-17 19:18:16.330  5504 11811 I HUREV   : [3298] m.e | USB reads recovered after 1 errors
03-17 19:18:16.590  5504 11811 I HUREV   : [3298] m.e | USB reads recovered after 1 errors
03-17 19:18:17.130  5504 11811 I HUREV   : [3298] m.e | USB reads recovered after 1 errors
03-17 19:18:17.330  5504 11811 I HUREV   : [3298] m.e | USB reads recovered after 1 errors
03-17 19:18:17.530  5504 11811 I HUREV   : [3298] m.e | USB reads recovered after 1 errors
03-17 19:18:17.730  5504 11811 I HUREV   : [3298] m.e | USB reads recovered after 1 errors
03-17 19:18:18.160  5504 11811 I HUREV   : [3298] m.e | USB reads recovered after 1 errors
03-17 19:18:18.320  5504 11811 I HUREV   : [3298] m.e | USB reads recovered after 1 errors
03-17 19:18:18.530  5504 11811 I HUREV   : [3298] m.e | USB reads recovered after 1 errors
03-17 19:18:18.730  5504 11811 I HUREV   : [3298] m.e | USB reads recovered after 1 errors
03-17 19:18:19.130  5504 11811 I HUREV   : [3298] m.e | USB reads recovered after 1 errors
03-17 19:18:19.390  5504 11811 I HUREV   : [3298] m.e | USB reads recovered after 1 errors
03-17 19:18:19.540  5504 11811 I HUREV   : [3298] m.e | USB reads recovered after 1 errors
03-17 19:18:19.730  5504 11811 I HUREV   : [3298] m.e | USB reads recovered after 1 errors
03-17 19:18:20.160  5504 11811 I HUREV   : [3298] m.e | USB reads recovered after 1 errors
03-17 19:18:20.360  5504 11811 I HUREV   : [3298] m.e | USB reads recovered after 1 errors
03-17 19:18:20.580  5504 11811 I HUREV   : [3298] m.e | USB reads recovered after 1 errors
03-17 19:18:20.760  5504 11811 I HUREV   : [3298] m.e | USB reads recovered after 1 errors
03-17 19:18:21.160  5504 11811 I HUREV   : [3298] m.e | USB reads recovered after 1 errors
03-17 19:18:21.400  5504 11811 I HUREV   : [3298] m.e | USB reads recovered after 1 errors
03-17 19:18:21.560  5504 11811 I HUREV   : [3298] m.e | USB reads recovered after 1 errors
03-17 19:18:21.760  5504 11811 I HUREV   : [3298] m.e | USB reads recovered after 1 errors
03-17 19:18:22.160  5504 11811 I HUREV   : [3298] m.e | USB reads recovered after 1 errors
03-17 19:18:22.360  5504 11811 I HUREV   : [3298] m.e | USB reads recovered after 1 errors
03-17 19:18:22.560  5504 11811 I HUREV   : [3298] m.e | USB reads recovered after 1 errors
03-17 19:18:22.760  5504 11811 I HUREV   : [3298] m.e | USB reads recovered after 1 errors
03-17 19:18:23.160  5504 11811 I HUREV   : [3298] m.e | USB reads recovered after 1 errors
03-17 19:18:23.360  5504 11811 I HUREV   : [3298] m.e | USB reads recovered after 1 errors
03-17 19:18:23.560  5504 11811 I HUREV   : [3298] m.e | USB reads recovered after 1 errors
03-17 19:18:23.760  5504 11811 I HUREV   : [3298] m.e | USB reads recovered after 1 errors
03-17 19:18:24.160  5504 11811 I HUREV   : [3298] m.e | USB reads recovered after 1 errors
03-17 19:18:24.360  5504 11811 I HUREV   : [3298] m.e | USB reads recovered after 1 errors
03-17 19:18:24.560  5504 11811 I HUREV   : [3298] m.e | USB reads recovered after 1 errors
03-17 19:18:24.770  5504 11811 I HUREV   : [3298] m.e | USB reads recovered after 1 errors
03-17 19:18:25.190  5504 11811 I HUREV   : [3298] m.e | USB reads recovered after 1 errors
03-17 19:18:25.390  5504 11811 I HUREV   : [3298] m.e | USB reads recovered after 1 errors
03-17 19:18:25.600  5504 11811 I HUREV   : [3298] m.e | USB reads recovered after 1 errors
03-17 19:18:25.800  5504 11811 I HUREV   : [3298] m.e | USB reads recovered after 1 errors
03-17 19:18:26.210  5504 11811 I HUREV   : [3298] m.e | USB reads recovered after 1 errors
03-17 19:18:26.410  5504 11811 I HUREV   : [3298] m.e | USB reads recovered after 1 errors
03-17 19:18:26.590  5504 11811 I HUREV   : [3298] m.e | USB reads recovered after 1 errors
03-17 19:18:26.800  5504 11811 I HUREV   : [3298] m.e | USB reads recovered after 1 errors
03-17 19:18:26.960  5504 11811 I HUREV   : [3298] m.e | USB reads recovered after 1 errors
03-17 19:18:27.190  5504 11811 I HUREV   : [3298] m.e | USB reads recovered after 1 errors
03-17 19:18:27.390  5504 11811 I HUREV   : [3298] m.e | USB reads recovered after 1 errors
03-17 19:18:27.590  5504 11811 I HUREV   : [3298] m.e | USB reads recovered after 1 errors
03-17 19:18:27.800  5504 11811 I HUREV   : [3298] m.e | USB reads recovered after 1 errors
03-17 19:18:28.190  5504 11811 I HUREV   : [3298] m.e | USB reads recovered after 1 errors
