03-17 19:10:05.850  5504  5504 I HUREV   : [1] z.t | Decoder stopped: surfaceDestroyed
03-17 19:10:07.650  5504  5504 I HUREV   : [1] AapService.u | Found device already in accessory mode: Google 18D1:2D00
03-17 19:10:07.660  5504  6966 I HUREV   : [170] m.l | Established connection: android.hardware.usb.UsbDeviceConnection@42f02e20
03-17 19:10:07.660  5504  6966 I HUREV   : [170] m.l | interfaceCount: 1
03-17 19:10:07.660  5504  6966 I HUREV   : [170] m.j | Check accessory endpoints
03-17 19:10:07.660  5504  6966 I HUREV   : [170] m.j | Connected have EPs
03-17 19:10:07.690  5504  5504 I HUREV   : [1] AapService.t | WifiLock acquired (HIGH_PERF)
03-17 19:10:07.710  5504  6966 I HUREV   : [170] t0.<init> | Using Java SSL implementation
03-17 19:10:07.760  5504  6966 D dalvikvm: GC_FOR_ALLOC freed 3413K, 68% free 6749K/21020K, paused 53ms, total 54ms
03-17 19:10:07.770  5504  6966 I HUREV   : [170] t0.B | Start Aap transport handshake for w0.m@42f02bd0
03-17 19:10:07.860  5504  5506 D dalvikvm: GC_CONCURRENT freed 240K, 64% free 7760K/21020K, paused 5ms+5ms, total 56ms
03-17 19:10:07.860  5504  5504 D dalvikvm: WAIT_FOR_CONCURRENT_GC blocked 25ms
03-17 19:10:07.910  5504  5504 I HUREV   : [1] AapProjectionActivity.onCreate | HeadUnit for Android Auto (tm) - Copyright 2011-2015 Michael A. Reid., since 2025 André Rinas All Rights Reserved...
03-17 19:10:07.920  5504  5504 I HUREV   : [1] AapProjectionActivity.onCreate | Using TextureView
03-17 19:10:07.920  5504  5504 I HUREV   : [1] i.p | CarScreen: usable width: 1920 height: 720 (Raw: 1920x720, Insets: L0 T0 R0 B0)
03-17 19:10:07.920  5504  5504 I HUREV   : [1] i.p | CarScreen isSmallScreen: true, scaleFactor: 1.0
03-17 19:10:07.920  5504  5504 I HUREV   : [1] i.p | CarScreen using: _1920x1080, number: 3, scales: scaleX: 1.0, scaleY: 1.5
03-17 19:10:07.920  5504  5504 D zjy     : view visibility = 7
03-17 19:10:07.920  5504  5504 I HUREV   : [1] AapProjectionActivity.onResume | AapProjectionActivity: onResume
03-17 19:10:07.930  5504  5504 D zjy     : view visibility = 7
03-17 19:10:08.020  5504  5504 D zjy     : view visibility = 7
03-17 19:10:08.050  5504  5504 I HUREV   : [1] i.onSurfaceTextureAvailable | TextureProjectionView: Surface available: 1920x720
03-17 19:10:08.050  5504  5504 I HUREV   : [1] AapProjectionActivity.d | [AapProjectionActivity] onSurfaceCreated
03-17 19:10:08.050  5504  5504 I HUREV   : [1] AapProjectionActivity.b | [AapProjectionActivity] onSurfaceChanged. Actual surface dimensions: width=1920, height=720
03-17 19:10:08.050  5504  5504 I HUREV   : [1] z.q | New surface set: Surface(name=android.graphics.SurfaceTexture@42afcf58)
03-17 19:10:08.060  5504  5504 I HUREV   : [1] AapProjectionActivity.b | [AapProjectionActivity] Decoder already has dimensions: 1920x1088. Applying to view.
03-17 19:10:08.060  5504  5504 I HUREV   : [1] i.a | TextureProjectionView
03-17 19:10:08.060  5504  5504 I HUREV   : [1] i.p | CarScreen: usable width: 1920 height: 720 (Raw: 1920x720, Insets: L0 T0 R0 B0)
03-17 19:10:08.060  5504  5504 I HUREV   : [1] i.p | CarScreen isSmallScreen: true, scaleFactor: 1.0
03-17 19:10:08.070  5504  5504 I HUREV   : [1] i.p | CarScreen using: _1920x1080, number: 3, scales: scaleX: 1.0, scaleY: 1.5
03-17 19:10:08.070  5504  5504 I HUREV   : [1] h.a | ProjectionViewScaler: Dimensions: Video: 1920x1088, Content: 1920x640, View: 1920x720
03-17 19:10:08.070  5504  5504 I HUREV   : [1] h.a | ProjectionViewScaler: Scale updated for view i. scaleX: 1.0, scaleY: 1.5
03-17 19:10:08.070  5504  5504 I HUREV   : [1] h.a | ProjectionViewScaler: Dimensions: Video: 1920x1088, Content: 1920x640, View: 1920x720
03-17 19:10:08.080  5504  5504 I HUREV   : [1] h.a | ProjectionViewScaler: Scale updated for view i. scaleX: 1.0, scaleY: 1.5
03-17 19:10:08.360  5504  6966 I HUREV   : [170] t0.l | Handshake: Drained 700 bytes of stale data before version request
03-17 19:10:08.360  5504  6966 I HUREV   : [170] m.e | USB reads recovered after 1 errors
03-17 19:10:08.360  5504  6966 I HUREV   : [170] t0.l | Handshake: Version response received (ret=12, attempt=1).
03-17 19:10:08.360  5504  6966 I HUREV   : [170] t0.l | Handshake: Version response recv ret: 12
03-17 19:10:08.520  5504  6966 E HUREV   : [170] t0.l | Handshake failed with exception
03-17 19:10:08.520  5504  6966 E HUREV   : javax.net.ssl.SSLException: Unable to parse TLS packet header
03-17 19:10:08.520  5504  6966 E HUREV   : 	at org.conscrypt.ConscryptEngine.unwrap(r8-map-id-f1537b069f239da04e78454013a0eb60e949cb54a227911edc102ef5973c8398:41)
03-17 19:10:08.520  5504  6966 E HUREV   : 	at org.conscrypt.ConscryptEngine.unwrap(r8-map-id-f1537b069f239da04e78454013a0eb60e949cb54a227911edc102ef5973c8398:18)
03-17 19:10:08.520  5504  6966 E HUREV   : 	at org.conscrypt.ConscryptEngine.unwrap(r8-map-id-f1537b069f239da04e78454013a0eb60e949cb54a227911edc102ef5973c8398:2)
03-17 19:10:08.520  5504  6966 E HUREV   : 	at t0.o0.performHandshake(r8-map-id-f1537b069f239da04e78454013a0eb60e949cb54a227911edc102ef5973c8398:180)
03-17 19:10:08.520  5504  6966 E HUREV   : 	at t0.t0.l(r8-map-id-f1537b069f239da04e78454013a0eb60e949cb54a227911edc102ef5973c8398:581)
03-17 19:10:08.520  5504  6966 E HUREV   : 	at t0.t0.B(r8-map-id-f1537b069f239da04e78454013a0eb60e949cb54a227911edc102ef5973c8398:117)
03-17 19:10:08.520  5504  6966 E HUREV   : 	at w0.b$f.invokeSuspend(r8-map-id-f1537b069f239da04e78454013a0eb60e949cb54a227911edc102ef5973c8398:239)
03-17 19:10:08.520  5504  6966 E HUREV   : 	at kotlin.coroutines.jvm.internal.a.resumeWith(r8-map-id-f1537b069f239da04e78454013a0eb60e949cb54a227911edc102ef5973c8398:12)
03-17 19:10:08.520  5504  6966 E HUREV   : 	at kotlinx.coroutines.u0.run(r8-map-id-f1537b069f239da04e78454013a0eb60e949cb54a227911edc102ef5973c8398:124)
03-17 19:10:08.520  5504  6966 E HUREV   : 	at kotlinx.coroutines.internal.h.run(r8-map-id-f1537b069f239da04e78454013a0eb60e949cb54a227911edc102ef5973c8398:13)
03-17 19:10:08.520  5504  6966 E HUREV   : 	at kotlinx.coroutines.scheduling.k.run(r8-map-id-f1537b069f239da04e78454013a0eb60e949cb54a227911edc102ef5973c8398:3)
03-17 19:10:08.520  5504  6966 E HUREV   : 	at kotlinx.coroutines.scheduling.a.m(r8-map-id-f1537b069f239da04e78454013a0eb60e949cb54a227911edc102ef5973c8398:1)
03-17 19:10:08.520  5504  6966 E HUREV   : 	at kotlinx.coroutines.scheduling.a$c.d(r8-map-id-f1537b069f239da04e78454013a0eb60e949cb54a227911edc102ef5973c8398:15)
03-17 19:10:08.520  5504  6966 E HUREV   : 	at kotlinx.coroutines.scheduling.a$c.n(r8-map-id-f1537b069f239da04e78454013a0eb60e949cb54a227911edc102ef5973c8398:29)
03-17 19:10:08.520  5504  6966 E HUREV   : 	at kotlinx.coroutines.scheduling.a$c.run(r8-map-id-f1537b069f239da04e78454013a0eb60e949cb54a227911edc102ef5973c8398:1)
03-17 19:10:08.520  5504  6966 I HUREV   : [170] t0.o | AapTransport quitting (clean=false)
03-17 19:10:08.530  5504  6967 I HUREV   : [171] t0.o | AapTransport quitting (clean=false)
03-17 19:10:08.530  5504  6967 D UsbDeviceConnectionJNI: close
03-17 19:10:08.530  5504  6967 I HUREV   : [171] m.b | Google 18D1:2D00 - UsbDevice[mName=/dev/bus/usb/002/006,mVendorId=6353,mProductId=11520,mClass=0,mSubclass=0,mProtocol=0,mInterfaces=[Landroid.os.Parcelable;@42b80b98]
03-17 19:10:08.530  5504  6966 E HUREV   : [170] t0.B | Handshake failed
03-17 19:10:08.530  5504  6967 E UsbDeviceConnectionJNI: device is closed in native_release_interface
03-17 19:10:08.530  5504  6967 I HUREV   : [171] m.b | OK releaseInterface()
03-17 19:10:08.540  5504  5504 I HUREV   : [1] AapService.K | WifiLock released
03-17 19:10:08.560  5504  6966 I HUREV   : [170] z.t | Decoder stopped: AapService::onDisconnect
03-17 19:10:08.570  5504  5504 I HUREV   : [1] AapProjectionActivity.M | Hiding reconnecting overlay — frames resumed
03-17 19:10:08.580  5504  5504 I HUREV   : [1] AapProjectionActivity.onPause | AapProjectionActivity: onPause
03-17 19:10:08.590  5504  5504 D zjy     : view visibility = 7
03-17 19:10:08.620  5504  5504 D zjy     : view visibility = 7
03-17 19:10:09.040  5504  5504 I HUREV   : [1] AapProjectionActivity.onDestroy | AapProjectionActivity.onDestroy called. isFinishing=true
03-17 19:10:09.040  5504  5504 I HUREV   : [1] i.onSurfaceTextureDestroyed | TextureProjectionView: Surface destroyed
03-17 19:10:09.040  5504  5504 I HUREV   : [1] AapProjectionActivity.c | SurfaceCallback: onSurfaceDestroyed. Surface: Surface(name=android.graphics.SurfaceTexture@42afcf58)
03-17 19:10:09.040  5504  5504 I HUREV   : [1] z.t | Decoder stopped: surfaceDestroyed
03-17 19:10:10.560  5504  5504 D dalvikvm: GC_FOR_ALLOC freed 2287K, 68% free 6821K/21020K, paused 58ms, total 58ms
03-17 19:10:11.720  5504  5504 I HUREV   : [1] AapService.u | Found device already in accessory mode: Google 18D1:2D00
03-17 19:10:11.730  5504  6966 I HUREV   : [170] m.l | Established connection: android.hardware.usb.UsbDeviceConnection@4282bef8
03-17 19:10:11.730  5504  6966 I HUREV   : [170] m.l | interfaceCount: 1
03-17 19:10:11.730  5504  6966 I HUREV   : [170] m.j | Check accessory endpoints
03-17 19:10:11.730  5504  6966 I HUREV   : [170] m.j | Connected have EPs
03-17 19:10:11.740  5504  5504 I HUREV   : [1] AapService.t | WifiLock acquired (HIGH_PERF)
03-17 19:10:11.760  5504  6966 I HUREV   : [170] t0.<init> | Using Java SSL implementation
03-17 19:10:11.810  5504  6966 D dalvikvm: GC_FOR_ALLOC freed 291K, 67% free 6990K/21020K, paused 52ms, total 54ms
03-17 19:10:11.810  5504  6966 I HUREV   : [170] t0.B | Start Aap transport handshake for w0.m@42aec950
03-17 19:10:11.930  5504  5506 D dalvikvm: GC_CONCURRENT freed 255K, 62% free 8066K/21020K, paused 4ms+8ms, total 62ms
03-17 19:10:11.930  5504  5504 D dalvikvm: WAIT_FOR_CONCURRENT_GC blocked 26ms
03-17 19:10:11.970  5504  5504 I HUREV   : [1] AapProjectionActivity.onCreate | HeadUnit for Android Auto (tm) - Copyright 2011-2015 Michael A. Reid., since 2025 André Rinas All Rights Reserved...
03-17 19:10:11.970  5504  5504 I HUREV   : [1] AapProjectionActivity.onCreate | Using TextureView
03-17 19:10:11.970  5504  5504 I HUREV   : [1] i.p | CarScreen: usable width: 1920 height: 720 (Raw: 1920x720, Insets: L0 T0 R0 B0)
03-17 19:10:11.970  5504  5504 I HUREV   : [1] i.p | CarScreen isSmallScreen: true, scaleFactor: 1.0
03-17 19:10:11.970  5504  5504 I HUREV   : [1] i.p | CarScreen using: _1920x1080, number: 3, scales: scaleX: 1.0, scaleY: 1.5
03-17 19:10:11.970  5504  5504 D zjy     : view visibility = 7
03-17 19:10:11.980  5504  5504 I HUREV   : [1] AapProjectionActivity.onResume | AapProjectionActivity: onResume
03-17 19:10:11.980  5504  5504 D zjy     : view visibility = 7
03-17 19:10:12.060  5504  5504 D zjy     : view visibility = 7
03-17 19:10:12.070  5504  5504 I HUREV   : [1] i.onSurfaceTextureAvailable | TextureProjectionView: Surface available: 1920x720
03-17 19:10:12.070  5504  5504 I HUREV   : [1] AapProjectionActivity.d | [AapProjectionActivity] onSurfaceCreated
03-17 19:10:12.080  5504  5504 I HUREV   : [1] AapProjectionActivity.b | [AapProjectionActivity] onSurfaceChanged. Actual surface dimensions: width=1920, height=720
03-17 19:10:12.080  5504  5504 I HUREV   : [1] z.q | New surface set: Surface(name=android.graphics.SurfaceTexture@42aeeb00)
03-17 19:10:12.080  5504  5504 I HUREV   : [1] AapProjectionActivity.b | [AapProjectionActivity] Decoder already has dimensions: 1920x1088. Applying to view.
03-17 19:10:12.080  5504  5504 I HUREV   : [1] i.a | TextureProjectionView
03-17 19:10:12.090  5504  5504 I HUREV   : [1] i.p | CarScreen: usable width: 1920 height: 720 (Raw: 1920x720, Insets: L0 T0 R0 B0)
03-17 19:10:12.090  5504  5504 I HUREV   : [1] i.p | CarScreen isSmallScreen: true, scaleFactor: 1.0
03-17 19:10:12.090  5504  5504 I HUREV   : [1] i.p | CarScreen using: _1920x1080, number: 3, scales: scaleX: 1.0, scaleY: 1.5
03-17 19:10:12.100  5504  5504 I HUREV   : [1] h.a | ProjectionViewScaler: Dimensions: Video: 1920x1088, Content: 1920x640, View: 1920x720
03-17 19:10:12.100  5504  5504 I HUREV   : [1] h.a | ProjectionViewScaler: Scale updated for view i. scaleX: 1.0, scaleY: 1.5
03-17 19:10:12.100  5504  5504 I HUREV   : [1] h.a | ProjectionViewScaler: Dimensions: Video: 1920x1088, Content: 1920x640, View: 1920x720
03-17 19:10:12.100  5504  5504 I HUREV   : [1] h.a | ProjectionViewScaler: Scale updated for view i. scaleX: 1.0, scaleY: 1.5
03-17 19:10:12.390  5504  6966 I HUREV   : [170] t0.l | Handshake: Drained 1050 bytes of stale data before version request
03-17 19:10:12.390  5504  6966 I HUREV   : [170] m.e | USB reads recovered after 1 errors
03-17 19:10:12.390  5504  6966 I HUREV   : [170] t0.l | Handshake: Version response received (ret=12, attempt=1).
03-17 19:10:12.390  5504  6966 I HUREV   : [170] t0.l | Handshake: Version response recv ret: 12
03-17 19:10:12.540  5504  6966 E HUREV   : [170] t0.l | Handshake failed with exception
03-17 19:10:12.540  5504  6966 E HUREV   : javax.net.ssl.SSLException: Unable to parse TLS packet header
03-17 19:10:12.540  5504  6966 E HUREV   : 	at org.conscrypt.ConscryptEngine.unwrap(r8-map-id-f1537b069f239da04e78454013a0eb60e949cb54a227911edc102ef5973c8398:41)
03-17 19:10:12.540  5504  6966 E HUREV   : 	at org.conscrypt.ConscryptEngine.unwrap(r8-map-id-f1537b069f239da04e78454013a0eb60e949cb54a227911edc102ef5973c8398:18)
03-17 19:10:12.540  5504  6966 E HUREV   : 	at org.conscrypt.ConscryptEngine.unwrap(r8-map-id-f1537b069f239da04e78454013a0eb60e949cb54a227911edc102ef5973c8398:2)
03-17 19:10:12.540  5504  6966 E HUREV   : 	at t0.o0.performHandshake(r8-map-id-f1537b069f239da04e78454013a0eb60e949cb54a227911edc102ef5973c8398:180)
03-17 19:10:12.540  5504  6966 E HUREV   : 	at t0.t0.l(r8-map-id-f1537b069f239da04e78454013a0eb60e949cb54a227911edc102ef5973c8398:581)
03-17 19:10:12.540  5504  6966 E HUREV   : 	at t0.t0.B(r8-map-id-f1537b069f239da04e78454013a0eb60e949cb54a227911edc102ef5973c8398:117)
03-17 19:10:12.540  5504  6966 E HUREV   : 	at w0.b$f.invokeSuspend(r8-map-id-f1537b069f239da04e78454013a0eb60e949cb54a227911edc102ef5973c8398:239)
03-17 19:10:12.540  5504  6966 E HUREV   : 	at kotlin.coroutines.jvm.internal.a.resumeWith(r8-map-id-f1537b069f239da04e78454013a0eb60e949cb54a227911edc102ef5973c8398:12)
03-17 19:10:12.540  5504  6966 E HUREV   : 	at kotlinx.coroutines.u0.run(r8-map-id-f1537b069f239da04e78454013a0eb60e949cb54a227911edc102ef5973c8398:124)
03-17 19:10:12.540  5504  6966 E HUREV   : 	at kotlinx.coroutines.internal.h.run(r8-map-id-f1537b069f239da04e78454013a0eb60e949cb54a227911edc102ef5973c8398:13)
03-17 19:10:12.540  5504  6966 E HUREV   : 	at kotlinx.coroutines.scheduling.k.run(r8-map-id-f1537b069f239da04e78454013a0eb60e949cb54a227911edc102ef5973c8398:3)
03-17 19:10:12.540  5504  6966 E HUREV   : 	at kotlinx.coroutines.scheduling.a.m(r8-map-id-f1537b069f239da04e78454013a0eb60e949cb54a227911edc102ef5973c8398:1)
03-17 19:10:12.540  5504  6966 E HUREV   : 	at kotlinx.coroutines.scheduling.a$c.d(r8-map-id-f1537b069f239da04e78454013a0eb60e949cb54a227911edc102ef5973c8398:15)
03-17 19:10:12.540  5504  6966 E HUREV   : 	at kotlinx.coroutines.scheduling.a$c.n(r8-map-id-f1537b069f239da04e78454013a0eb60e949cb54a227911edc102ef5973c8398:29)
03-17 19:10:12.540  5504  6966 E HUREV   : 	at kotlinx.coroutines.scheduling.a$c.run(r8-map-id-f1537b069f239da04e78454013a0eb60e949cb54a227911edc102ef5973c8398:1)
03-17 19:10:12.540  5504  6966 I HUREV   : [170] t0.o | AapTransport quitting (clean=false)
03-17 19:10:12.550  5504  6968 I HUREV   : [172] t0.o | AapTransport quitting (clean=false)
03-17 19:10:12.550  5504  6968 D UsbDeviceConnectionJNI: close
03-17 19:10:12.550  5504  6966 E HUREV   : [170] t0.B | Handshake failed
03-17 19:10:12.550  5504  6968 I HUREV   : [172] m.b | Google 18D1:2D00 - UsbDevice[mName=/dev/bus/usb/002/006,mVendorId=6353,mProductId=11520,mClass=0,mSubclass=0,mProtocol=0,mInterfaces=[Landroid.os.Parcelable;@42858928]
03-17 19:10:12.550  5504  6968 E UsbDeviceConnectionJNI: device is closed in native_release_interface
03-17 19:10:12.550  5504  6968 I HUREV   : [172] m.b | OK releaseInterface()
03-17 19:10:12.560  5504  5504 I HUREV   : [1] AapProjectionActivity.M | Hiding reconnecting overlay — frames resumed
03-17 19:10:12.570  5504  5504 I HUREV   : [1] AapService.K | WifiLock released
03-17 19:10:12.580  5504  8969 I HUREV   : [2480] z.t | Decoder stopped: AapService::onDisconnect
03-17 19:10:12.580  5504  5504 I HUREV   : [1] AapProjectionActivity.onPause | AapProjectionActivity: onPause
03-17 19:10:12.620  5504  5504 D zjy     : view visibility = 7
03-17 19:10:12.680  5504  5504 D zjy     : view visibility = 7
03-17 19:10:13.110  5504  5504 I HUREV   : [1] AapProjectionActivity.onDestroy | AapProjectionActivity.onDestroy called. isFinishing=true
03-17 19:10:13.110  5504  5504 I HUREV   : [1] i.onSurfaceTextureDestroyed | TextureProjectionView: Surface destroyed
03-17 19:10:13.120  5504  5504 I HUREV   : [1] AapProjectionActivity.c | SurfaceCallback: onSurfaceDestroyed. Surface: Surface(name=android.graphics.SurfaceTexture@42aeeb00)
03-17 19:10:13.120  5504  5504 I HUREV   : [1] z.t | Decoder stopped: surfaceDestroyed
03-17 19:10:20.770  5504  5504 I HUREV   : [1] p.onReceive | USB Intent: Intent { act=android.hardware.usb.action.USB_DEVICE_DETACHED flg=0x10 (has extras) }
03-17 19:10:20.770  5504  5504 I HUREV   : [1] p.onReceive | USB Intent: Intent { act=android.hardware.usb.action.USB_DEVICE_DETACHED flg=0x10 (has extras) }
03-17 19:10:37.830  5504  5504 I HUREV   : [1] p.onReceive | USB Intent: Intent { act=android.hardware.usb.action.USB_DEVICE_ATTACHED flg=0x10000010 (has extras) }
03-17 19:10:37.840  5504  5504 I HUREV   : [1] p.onReceive | USB Intent: Intent { act=android.hardware.usb.action.USB_DEVICE_ATTACHED flg=0x10000010 (has extras) }
03-17 19:10:37.840  5504  5504 I HUREV   : [1] AapService.onUsbAttach | Normal USB device attached: Google 18D1:4EE1. Will check auto-connect in 2000ms...
03-17 19:10:37.920  5504  5504 I HUREV   : [1] UsbAttachedActivity.onCreate | USB Intent: Intent { act=android.hardware.usb.action.USB_DEVICE_ATTACHED flg=0x10000000 cmp=com.andrerinas.headunitrevived/.app.UsbAttachedActivity (has extras) }
03-17 19:10:37.920  5504  5504 I HUREV   : [1] UsbAttachedActivity.onCreate | Skipping device Google 18D1:4EE1
03-17 19:10:37.940  5504  5504 D zjy     : view visibility = 7
03-17 19:10:38.000  5504  5504 D zjy     : view visibility = 7
03-17 19:10:39.870  5504  5504 I HUREV   : [1] m.invokeSuspend | UsbAttachedActivity didn't handle Google 18D1:4EE1. Trying from service...
03-17 19:10:49.100  5504  5504 I HUREV   : [1] n.c | Success controlTransfer len: 2  acc_ver: 2
03-17 19:10:49.110  5504  5504 I HUREV   : [1] n.c | acc_ver: 2
03-17 19:10:49.110  5504  5504 I HUREV   : [1] n.b | Success controlTransfer len: 7  index: 0  string: "Android"
03-17 19:10:49.110  5504  5504 I HUREV   : [1] n.b | Success controlTransfer len: 12  index: 1  string: "Android Auto"
03-17 19:10:49.110  5504  5504 I HUREV   : [1] n.b | Success controlTransfer len: 12  index: 2  string: "Android Auto"
03-17 19:10:49.110  5504  5504 I HUREV   : [1] n.b | Success controlTransfer len: 5  index: 3  string: "2.0.1"
03-17 19:10:49.110  5504  5504 I HUREV   : [1] n.b | Success controlTransfer len: 45  index: 4  string: "https://developer.android.com/auto/index.html"
03-17 19:10:49.110  5504  5504 I HUREV   : [1] n.b | Success controlTransfer len: 12  index: 5  string: "HU-AAAAAA001"
03-17 19:10:49.110  5504  5504 I HUREV   : [1] n.c | Sending acc start
03-17 19:10:49.110  5504  5504 I HUREV   : [1] n.c | Acc start sent (len=0). Waiting for re-enumeration...
03-17 19:10:49.610  5504  5504 D UsbDeviceConnectionJNI: close
03-17 19:10:49.610  5504  5504 I HUREV   : [1] n.a | Result: true
03-17 19:10:49.630  5504  5504 I HUREV   : [1] p.onReceive | USB Intent: Intent { act=android.hardware.usb.action.USB_DEVICE_DETACHED flg=0x10 (has extras) }
03-17 19:10:49.630  5504  5504 I HUREV   : [1] p.onReceive | USB Intent: Intent { act=android.hardware.usb.action.USB_DEVICE_DETACHED flg=0x10 (has extras) }
03-17 19:10:49.710  5504  5506 D dalvikvm: GC_CONCURRENT freed 2507K, 65% free 7142K/20296K, paused 4ms+11ms, total 82ms
03-17 19:10:50.030  5504  5504 I HUREV   : [1] p.onReceive | USB Intent: Intent { act=android.hardware.usb.action.USB_DEVICE_ATTACHED flg=0x10000010 (has extras) }
03-17 19:10:50.040  5504  5504 I HUREV   : [1] p.onReceive | USB Intent: Intent { act=android.hardware.usb.action.USB_DEVICE_ATTACHED flg=0x10000010 (has extras) }
03-17 19:10:50.040  5504  5504 I HUREV   : [1] AapService.onUsbAttach | USB accessory device attached, connecting.
03-17 19:10:50.040  5504  5504 I HUREV   : [1] AapService.u | Found device already in accessory mode: Google 18D1:2D00
03-17 19:10:50.060  5504  8969 I HUREV   : [2480] m.l | Established connection: android.hardware.usb.UsbDeviceConnection@42e66e90
03-17 19:10:50.060  5504  8969 I HUREV   : [2480] m.l | interfaceCount: 1
03-17 19:10:50.060  5504  8969 I HUREV   : [2480] m.j | Check accessory endpoints
03-17 19:10:50.060  5504  8969 I HUREV   : [2480] m.j | Connected have EPs
03-17 19:10:50.100  5504  5504 I HUREV   : [1] UsbAttachedActivity.onCreate | USB Intent: Intent { act=android.hardware.usb.action.USB_DEVICE_ATTACHED flg=0x10000000 cmp=com.andrerinas.headunitrevived/.app.UsbAttachedActivity (has extras) }
03-17 19:10:50.100  5504  5504 E HUREV   : [1] UsbAttachedActivity.onCreate | Usb in accessory mode
03-17 19:10:50.130  5504  5504 I HUREV   : [1] AapService.t | WifiLock acquired (HIGH_PERF)
03-17 19:10:50.140  5504  5504 D zjy     : view visibility = 7
03-17 19:10:50.200  5504  8969 I HUREV   : [2480] t0.<init> | Using Java SSL implementation
03-17 19:10:50.220  5504  8969 I HUREV   : [2480] t0.B | Start Aap transport handshake for w0.m@42bcf590
03-17 19:10:50.290  5504  5506 D dalvikvm: GC_CONCURRENT freed 520K, 61% free 8004K/20296K, paused 8ms+6ms, total 81ms
03-17 19:10:50.290  5504  5504 D dalvikvm: WAIT_FOR_CONCURRENT_GC blocked 40ms
03-17 19:10:50.380  5504  5504 I HUREV   : [1] AapProjectionActivity.onCreate | HeadUnit for Android Auto (tm) - Copyright 2011-2015 Michael A. Reid., since 2025 André Rinas All Rights Reserved...
03-17 19:10:50.380  5504  5504 I HUREV   : [1] AapProjectionActivity.onCreate | Using TextureView
03-17 19:10:50.380  5504  5504 I HUREV   : [1] i.p | CarScreen: usable width: 1920 height: 720 (Raw: 1920x720, Insets: L0 T0 R0 B0)
03-17 19:10:50.380  5504  5504 I HUREV   : [1] i.p | CarScreen isSmallScreen: true, scaleFactor: 1.0
03-17 19:10:50.380  5504  5504 I HUREV   : [1] i.p | CarScreen using: _1920x1080, number: 3, scales: scaleX: 1.0, scaleY: 1.5
03-17 19:10:50.380  5504  5504 D zjy     : view visibility = 7
03-17 19:10:50.390  5504  5504 I HUREV   : [1] AapProjectionActivity.onResume | AapProjectionActivity: onResume
03-17 19:10:50.390  5504  5504 D zjy     : view visibility = 7
03-17 19:10:50.450  5504  5504 D zjy     : view visibility = 7
03-17 19:10:50.470  5504  5504 I HUREV   : [1] i.onSurfaceTextureAvailable | TextureProjectionView: Surface available: 1920x720
03-17 19:10:50.470  5504  5504 I HUREV   : [1] AapProjectionActivity.d | [AapProjectionActivity] onSurfaceCreated
03-17 19:10:50.480  5504  5504 I HUREV   : [1] AapProjectionActivity.b | [AapProjectionActivity] onSurfaceChanged. Actual surface dimensions: width=1920, height=720
03-17 19:10:50.480  5504  5504 I HUREV   : [1] z.q | New surface set: Surface(name=android.graphics.SurfaceTexture@42e66e50)
03-17 19:10:50.480  5504  5504 I HUREV   : [1] AapProjectionActivity.b | [AapProjectionActivity] Decoder already has dimensions: 1920x1088. Applying to view.
03-17 19:10:50.480  5504  5504 I HUREV   : [1] i.a | TextureProjectionView
03-17 19:10:50.490  5504  5504 I HUREV   : [1] i.p | CarScreen: usable width: 1920 height: 720 (Raw: 1920x720, Insets: L0 T0 R0 B0)
03-17 19:10:50.490  5504  5504 I HUREV   : [1] i.p | CarScreen isSmallScreen: true, scaleFactor: 1.0
03-17 19:10:50.490  5504  5504 I HUREV   : [1] i.p | CarScreen using: _1920x1080, number: 3, scales: scaleX: 1.0, scaleY: 1.5
03-17 19:10:50.490  5504  5504 I HUREV   : [1] h.a | ProjectionViewScaler: Dimensions: Video: 1920x1088, Content: 1920x640, View: 1920x720
03-17 19:10:50.490  5504  5504 I HUREV   : [1] h.a | ProjectionViewScaler: Scale updated for view i. scaleX: 1.0, scaleY: 1.5
03-17 19:10:50.500  5504  5504 I HUREV   : [1] h.a | ProjectionViewScaler: Dimensions: Video: 1920x1088, Content: 1920x640, View: 1920x720
03-17 19:10:50.500  5504  5504 I HUREV   : [1] h.a | ProjectionViewScaler: Scale updated for view i. scaleX: 1.0, scaleY: 1.5
03-17 19:10:50.780  5504  8969 I HUREV   : [2480] m.e | USB reads recovered after 1 errors
03-17 19:10:50.780  5504  8969 I HUREV   : [2480] t0.l | Handshake: Version response received (ret=12, attempt=1).
03-17 19:10:50.780  5504  8969 I HUREV   : [2480] t0.l | Handshake: Version response recv ret: 12
03-17 19:10:51.050  5504  8969 I HUREV   : [2480] o0.performHandshake | SSL handshake complete. Session id: 9H36oSUJOi6slKZ7ADZaKiv4fNATalm56e3lajDwFvI=
03-17 19:10:51.050  5504  8969 I HUREV   : [2480] t0.l | Handshake: Status OK sent: 8
03-17 19:10:51.070  5504  8969 I HUREV   : [2480] i.c | Audio Focus Request: stream=3, type=1
03-17 19:10:51.070  5504  8969 D AudioManager: Qian:requestAudioFocus:3
03-17 19:10:51.080  5504  5516 D AudioManager: dispatchAudioFocusChange [android.media.AudioManager@42b8a948w0.d@42b4e5a0], hint = -1
03-17 19:10:51.080  5504  8969 I HUREV   : [2480] i.c | Audio focus request result (legacy): GRANTED
03-17 19:10:51.080  5504  8969 I HUREV   : [2480] t0.E | Start Aap transport read loop
03-17 19:10:51.090  5504  5504 D AudioManager: Begin listener.onAudioFocusChange  [android.media.AudioManager@42b8a948w0.d@42b4e5a0], hint = -1
03-17 19:10:51.090  5504  5504 D AudioManager: End listener.onAudioFocusChange [android.media.AudioManager@42b8a948w0.d@42b4e5a0], hint = -1
03-17 19:10:51.150  5504  8969 D dalvikvm: GC_FOR_ALLOC freed 1132K, 60% free 8308K/20296K, paused 57ms, total 57ms
03-17 19:10:51.160  5504  8969 I dalvikvm-heap: Grow heap (frag case) to 17.891MB for 524336-byte allocation
03-17 19:10:51.210  5504  8969 D dalvikvm: GC_FOR_ALLOC freed <1K, 58% free 8820K/20812K, paused 50ms, total 50ms
03-17 19:10:51.210  5504  9254 I HUREV   : [2484] o.h | Service Discovery Request: Auto
03-17 19:10:51.210  5504  9254 I HUREV   : [2484] a.b | [ServiceDiscovery] Announcing NIGHT sensor support. Strategy: MANUAL_TIME
03-17 19:10:51.210  5504  9254 I HUREV   : [2484] a.b | [ServiceDiscovery] NegotiatedResolution is: 1920x1080
03-17 19:10:51.210  5504  9254 I HUREV   : [2484] a.b | [ServiceDiscovery] Margins are: 0x360
03-17 19:10:51.220  5504  9254 I HUREV   : [2484] a.b | BT MAC Address is empty. Skip bluetooth service
03-17 19:10:51.220  5504  5504 I HUREV   : [1] g.onReceive | Received request to resend night mode state
03-17 19:10:51.220  5504  5504 I HUREV   : [1] v.invoke | NightMode update: true
03-17 19:10:51.230  5504  9254 I HUREV   : [2484] o.c | Audio Focus Request: RELEASE
03-17 19:10:51.230  5504  9254 I HUREV   : [2484] i.c | Audio Focus Request: stream=3, type=4
03-17 19:10:51.230  5504  9254 D AudioManager: Qian:abandonAudioFocus:
03-17 19:10:51.240  5504  9254 I HUREV   : [2484] i.c | Audio focus request result (legacy): GRANTED
03-17 19:10:51.240  5504  9254 I HUREV   : [2484] o.c | Sending immediate AudioFocusNotification: STATE_LOSS
03-17 19:10:51.280  5504  9254 W HUREV   : [2484] u0.a | AapVideo: Dropped Flag 11 packet. len=4, buf[10]=?
03-17 19:10:51.280  5504  9254 I HUREV   : [2484] l.b | Media Sink Setup Request: 3 on channel VIDEO
03-17 19:10:51.280  5504  9254 I HUREV   : [2484] l.b | Config response: status: HEADUNIT
03-17 19:10:51.280  5504  9254 I HUREV   : max_unacked: 1
03-17 19:10:51.280  5504  9254 I HUREV   : configuration_indices: 0
03-17 19:10:51.290  5504  9254 I HUREV   : [2484] l.b | Media Sink Setup Request: 2 on channel AUDIO1
03-17 19:10:51.290  5504  9254 I HUREV   : [2484] l.b | Config response: status: HEADUNIT
03-17 19:10:51.290  5504  9254 I HUREV   : max_unacked: 3
03-17 19:10:51.290  5504  9254 I HUREV   : configuration_indices: 0
03-17 19:10:51.290  5504  9254 I HUREV   : [2484] l.b | Media Sink Setup Request: 2 on channel AUDIO2
03-17 19:10:51.290  5504  9254 I HUREV   : [2484] l.b | Config response: status: HEADUNIT
03-17 19:10:51.290  5504  9254 I HUREV   : max_unacked: 3
03-17 19:10:51.290  5504  9254 I HUREV   : configuration_indices: 0
03-17 19:10:51.300  5504  9254 I HUREV   : [2484] l.b | Media Sink Setup Request: 2 on channel AUDIO
03-17 19:10:51.300  5504  9254 I HUREV   : [2484] l.b | Config response: status: HEADUNIT
03-17 19:10:51.300  5504  9254 I HUREV   : max_unacked: 3
03-17 19:10:51.300  5504  9254 I HUREV   : configuration_indices: 0
03-17 19:10:51.300  5504  5504 I HUREV   : [1] AapProjectionActivity.onPause | AapProjectionActivity: onPause
03-17 19:10:51.300  5504  5504 I HUREV   : [1] AapProjectionActivity.onNewIntent | AapProjectionActivity: onNewIntent received
03-17 19:10:51.300  5504  5504 I HUREV   : [1] AapProjectionActivity.onResume | AapProjectionActivity: onResume
03-17 19:10:51.310  5504  5504 D zjy     : view visibility = 7
03-17 19:10:53.800  5504  9254 W HUREV   : [2484] m.e | USB read errors (10) for 2s — waiting for recovery...
03-17 19:10:54.310  5504  5504 W HUREV   : [1] l.run | Watchdog: No video received. Requesting Keyframe (Unsolicited Focus)...
03-17 19:10:54.350  5504  9254 I HUREV   : [2484] m.e | USB reads recovered after 11 errors
03-17 19:10:54.350  5504  9254 W HUREV   : [2484] u0.a | AapVideo: Dropped Flag 11 packet. len=6, buf[10]=?
03-17 19:10:54.350  5504  9254 I HUREV   : [2484] l.d | Media Start Request VIDEO: session=0, config_index=0
03-17 19:10:54.460  5504  9254 I HUREV   : [2484] z.c | H.264/AVC config detected in frame (38 bytes)
03-17 19:10:54.460  5504  9254 I HUREV   : [2484] z.m | SPS parsed: 1920x1080
03-17 19:10:54.460  5504  9254 I HUREV   : [2484] AapProjectionActivity.a | [AapProjectionActivity] Received video dimensions: 1920x1080
03-17 19:10:54.460  5504  5504 I HUREV   : [1] i.a | TextureProjectionView
03-17 19:10:54.460  5504  9283 I OMXClient: Using client-side OMX mux.
03-17 19:10:54.460  5504  5504 I HUREV   : [1] h.a | ProjectionViewScaler: Dimensions: Video: 1920x1080, Content: 1920x640, View: 1920x720
03-17 19:10:54.460  5504  5504 I HUREV   : [1] h.a | ProjectionViewScaler: Scale updated for view i. scaleX: 1.0, scaleY: 1.5
03-17 19:10:54.460  5504  9254 I HUREV   : [2484] z.r | Configuring decoder: OMX.Freescale.std.video_decoder.avc.v3.hw-based with surface
03-17 19:10:54.460  5504  9283 I ACodec  : Send reorder config(0) to VPU
03-17 19:10:54.850  5504  9254 I HUREV   : [2484] z.r | Codec initialized: OMX.Freescale.std.video_decoder.avc.v3.hw-based for stream 1920x1080
03-17 19:10:54.850  5504  9292 I HUREV   : [2485] z.l | Output thread started
03-17 19:10:54.970  5504  9292 I HUREV   : [2485] z.j | Output Format Changed: {height=1088, what=1869968451, color-format=19, slice-height=0, crop-left=0, width=1920, crop-bottom=1079, crop-top=0, mime=video/raw, stride=1920, crop-right=1919}
03-17 19:10:54.970  5504  9292 I HUREV   : [2485] z.j | Video dimensions changed via format: 1920x1088
03-17 19:10:54.970  5504  9292 I HUREV   : [2485] AapProjectionActivity.a | [AapProjectionActivity] Received video dimensions: 1920x1088
03-17 19:10:54.970  5504  5504 I HUREV   : [1] i.a | TextureProjectionView
03-17 19:10:54.970  5504  9283 E ACodec  : dequeueBuffer failed.
03-17 19:10:54.970  5504  5504 I HUREV   : [1] h.a | ProjectionViewScaler: Dimensions: Video: 1920x1088, Content: 1920x640, View: 1920x720
03-17 19:10:54.980  5504  5504 I HUREV   : [1] h.a | ProjectionViewScaler: Scale updated for view i. scaleX: 1.0, scaleY: 1.5
03-17 19:10:54.990  5504  9283 E ACodec  : dequeueBuffer failed.
03-17 19:10:55.500  5504  9254 D dalvikvm: GC_FOR_ALLOC freed 877K, 55% free 9362K/20792K, paused 49ms, total 50ms
03-17 19:10:55.680  5504  9254 I HUREV   : [2484] m.e | USB reads recovered after 1 errors
03-17 19:10:55.880  5504  9254 I HUREV   : [2484] m.e | USB reads recovered after 1 errors
03-17 19:10:56.080  5504  9254 I HUREV   : [2484] m.e | USB reads recovered after 1 errors
03-17 19:10:56.270  5504  9254 D dalvikvm: GC_FOR_ALLOC freed 431K, 56% free 9349K/20792K, paused 45ms, total 45ms
03-17 19:10:56.270  5504  9254 I dalvikvm-heap: Grow heap (frag case) to 18.610MB for 212491-byte allocation
03-17 19:10:56.320  5504  9254 D dalvikvm: GC_FOR_ALLOC freed 186K, 56% free 9370K/21000K, paused 45ms, total 45ms
03-17 19:10:56.620  5504  9254 I HUREV   : [2484] m.e | USB reads recovered after 1 errors
03-17 19:10:56.820  5504  9254 I HUREV   : [2484] m.e | USB reads recovered after 1 errors
03-17 19:10:56.990  5504  9254 I HUREV   : [2484] m.e | USB reads recovered after 1 errors
03-17 19:10:57.220  5504  9254 I HUREV   : [2484] m.e | USB reads recovered after 1 errors
03-17 19:10:57.420  5504  9254 I HUREV   : [2484] m.e | USB reads recovered after 1 errors
03-17 19:10:57.630  5504  9254 I HUREV   : [2484] m.e | USB reads recovered after 1 errors
03-17 19:10:58.050  5504  9254 I HUREV   : [2484] m.e | USB reads recovered after 1 errors
03-17 19:10:58.220  5504  9254 I HUREV   : [2484] m.e | USB reads recovered after 1 errors
03-17 19:10:58.450  5504  9254 I HUREV   : [2484] m.e | USB reads recovered after 1 errors
03-17 19:10:58.660  5504  9254 I HUREV   : [2484] m.e | USB reads recovered after 1 errors
03-17 19:10:59.050  5504  9254 I HUREV   : [2484] m.e | USB reads recovered after 1 errors
03-17 19:10:59.460  5504  9254 I HUREV   : [2484] m.e | USB reads recovered after 1 errors
03-17 19:10:59.520  5504  9254 D dalvikvm: GC_FOR_ALLOC freed 952K, 56% free 9389K/21000K, paused 48ms, total 48ms
03-17 19:10:59.850  5504  9254 I HUREV   : [2484] m.e | USB reads recovered after 1 errors
03-17 19:11:00.060  5504  9254 I HUREV   : [2484] m.e | USB reads recovered after 1 errors
03-17 19:11:00.650  5504  9254 I HUREV   : [2484] m.e | USB reads recovered after 1 errors
03-17 19:11:00.860  5504  9254 I HUREV   : [2484] m.e | USB reads recovered after 1 errors
03-17 19:11:01.050  5504  9254 I HUREV   : [2484] m.e | USB reads recovered after 1 errors
03-17 19:11:01.650  5504  9254 I HUREV   : [2484] m.e | USB reads recovered after 1 errors
03-17 19:11:01.850  5504  9254 I HUREV   : [2484] m.e | USB reads recovered after 1 errors
03-17 19:11:02.060  5504  9254 I HUREV   : [2484] m.e | USB reads recovered after 1 errors
03-17 19:11:02.450  5504  9254 I HUREV   : [2484] m.e | USB reads recovered after 1 errors
03-17 19:11:02.650  5504  9254 I HUREV   : [2484] m.e | USB reads recovered after 1 errors
03-17 19:11:02.900  5504  9254 I HUREV   : [2484] m.e | USB reads recovered after 1 errors
03-17 19:11:02.960  5504  9254 D dalvikvm: GC_FOR_ALLOC freed 975K, 56% free 9389K/21016K, paused 48ms, total 48ms
03-17 19:11:03.490  5504  9254 I HUREV   : [2484] m.e | USB reads recovered after 1 errors
03-17 19:11:03.700  5504  9254 I HUREV   : [2484] m.e | USB reads recovered after 1 errors
03-17 19:11:04.090  5504  9254 I HUREV   : [2484] m.e | USB reads recovered after 1 errors
03-17 19:11:04.480  5504  9254 I HUREV   : [2484] m.e | USB reads recovered after 1 errors
03-17 19:11:04.680  5504  9254 I HUREV   : [2484] m.e | USB reads recovered after 1 errors
03-17 19:11:04.920  5504  9254 I HUREV   : [2484] m.e | USB reads recovered after 1 errors
03-17 19:11:05.090  5504  9254 I HUREV   : [2484] m.e | USB reads recovered after 1 errors
03-17 19:11:05.290  5504  9254 I HUREV   : [2484] m.e | USB reads recovered after 1 errors
03-17 19:11:05.490  5504  9254 I HUREV   : [2484] m.e | USB reads recovered after 1 errors
03-17 19:11:05.680  5504  9254 I HUREV   : [2484] m.e | USB reads recovered after 1 errors
03-17 19:11:05.880  5504  9254 I HUREV   : [2484] m.e | USB reads recovered after 1 errors
03-17 19:11:06.080  5504  9254 I HUREV   : [2484] m.e | USB reads recovered after 1 errors
03-17 19:11:06.280  5504  9254 I HUREV   : [2484] m.e | USB reads recovered after 1 errors
03-17 19:11:06.480  5504  9254 I HUREV   : [2484] m.e | USB reads recovered after 1 errors
03-17 19:11:06.690  5504  9254 I HUREV   : [2484] m.e | USB reads recovered after 1 errors
03-17 19:11:07.080  5504  9254 I HUREV   : [2484] m.e | USB reads recovered after 1 errors
03-17 19:11:07.290  5504  9254 I HUREV   : [2484] m.e | USB reads recovered after 1 errors
03-17 19:11:07.480  5504  9254 I HUREV   : [2484] m.e | USB reads recovered after 1 errors
03-17 19:11:07.680  5504  9254 I HUREV   : [2484] m.e | USB reads recovered after 1 errors
03-17 19:11:07.880  5504  9254 I HUREV   : [2484] m.e | USB reads recovered after 1 errors
03-17 19:11:08.080  5504  9254 I HUREV   : [2484] m.e | USB reads recovered after 1 errors
03-17 19:11:08.250  5504  9254 I HUREV   : [2484] m.e | USB reads recovered after 1 errors
03-17 19:11:08.480  5504  9254 I HUREV   : [2484] m.e | USB reads recovered after 1 errors
03-17 19:11:08.720  5504  9254 I HUREV   : [2484] m.e | USB reads recovered after 1 errors
03-17 19:11:08.980  5504  9254 I HUREV   : [2484] m.e | USB reads recovered after 1 errors
03-17 19:11:09.160  5504  9254 I HUREV   : [2484] m.e | USB reads recovered after 1 errors
03-17 19:11:09.510  5504  9254 I HUREV   : [2484] m.e | USB reads recovered after 1 errors
03-17 19:11:09.720  5504  9254 I HUREV   : [2484] m.e | USB reads recovered after 1 errors
03-17 19:11:09.920  5504  9254 I HUREV   : [2484] m.e | USB reads recovered after 1 errors
03-17 19:11:10.110  5504  9254 I HUREV   : [2484] m.e | USB reads recovered after 1 errors
03-17 19:11:10.520  5504  9254 I HUREV   : [2484] m.e | USB reads recovered after 1 errors
03-17 19:11:10.760  5504  9254 I HUREV   : [2484] m.e | USB reads recovered after 1 errors
03-17 19:11:10.920  5504  9254 I HUREV   : [2484] m.e | USB reads recovered after 1 errors
03-17 19:11:11.110  5504  9254 I HUREV   : [2484] m.e | USB reads recovered after 1 errors
03-17 19:11:11.510  5504  9254 I HUREV   : [2484] m.e | USB reads recovered after 1 errors
03-17 19:11:11.720  5504  9254 I HUREV   : [2484] m.e | USB reads recovered after 1 errors
03-17 19:11:11.920  5504  9254 I HUREV   : [2484] m.e | USB reads recovered after 1 errors
03-17 19:11:12.200  5504  9254 I HUREV   : [2484] m.e | USB reads recovered after 1 errors
03-17 19:11:12.520  5504  9254 I HUREV   : [2484] m.e | USB reads recovered after 1 errors
03-17 19:11:12.720  5504  9254 I HUREV   : [2484] m.e | USB reads recovered after 1 errors
03-17 19:11:12.920  5504  9254 I HUREV   : [2484] m.e | USB reads recovered after 1 errors
03-17 19:11:13.120  5504  9254 I HUREV   : [2484] m.e | USB reads recovered after 1 errors
03-17 19:11:13.520  5504  9254 I HUREV   : [2484] m.e | USB reads recovered after 1 errors
03-17 19:11:13.750  5504  9254 I HUREV   : [2484] m.e | USB reads recovered after 1 errors
03-17 19:11:13.910  5504  9254 I HUREV   : [2484] m.e | USB reads recovered after 1 errors
03-17 19:11:14.120  5504  9254 I HUREV   : [2484] m.e | USB reads recovered after 1 errors
03-17 19:11:14.510  5504  9254 I HUREV   : [2484] m.e | USB reads recovered after 1 errors
03-17 19:11:14.750  5504  9254 I HUREV   : [2484] m.e | USB reads recovered after 1 errors
03-17 19:11:14.950  5504  9254 I HUREV   : [2484] m.e | USB reads recovered after 1 errors
03-17 19:11:15.150  5504  9254 I HUREV   : [2484] m.e | USB reads recovered after 1 errors
03-17 19:11:15.550  5504  9254 I HUREV   : [2484] m.e | USB reads recovered after 1 errors
03-17 19:11:15.750  5504  9254 I HUREV   : [2484] m.e | USB reads recovered after 1 errors
03-17 19:11:15.950  5504  9254 I HUREV   : [2484] m.e | USB reads recovered after 1 errors
03-17 19:11:16.150  5504  9254 I HUREV   : [2484] m.e | USB reads recovered after 1 errors
03-17 19:11:16.580  5504  9254 I HUREV   : [2484] m.e | USB reads recovered after 1 errors
03-17 19:11:16.750  5504  9254 I HUREV   : [2484] m.e | USB reads recovered after 1 errors
03-17 19:11:16.950  5504  9254 I HUREV   : [2484] m.e | USB reads recovered after 1 errors
03-17 19:11:17.150  5504  9254 I HUREV   : [2484] m.e | USB reads recovered after 1 errors
03-17 19:11:17.550  5504  9254 I HUREV   : [2484] m.e | USB reads recovered after 1 errors
03-17 19:11:17.750  5504  9254 I HUREV   : [2484] m.e | USB reads recovered after 1 errors
03-17 19:11:17.950  5504  9254 I HUREV   : [2484] m.e | USB reads recovered after 1 errors
03-17 19:11:18.150  5504  9254 I HUREV   : [2484] m.e | USB reads recovered after 1 errors
03-17 19:11:18.550  5504  9254 I HUREV   : [2484] m.e | USB reads recovered after 1 errors
03-17 19:11:18.750  5504  9254 I HUREV   : [2484] m.e | USB reads recovered after 1 errors
03-17 19:11:18.950  5504  9254 I HUREV   : [2484] m.e | USB reads recovered after 1 errors
03-17 19:11:19.150  5504  9254 I HUREV   : [2484] m.e | USB reads recovered after 1 errors
03-17 19:11:19.310  5504  9254 I HUREV   : [2484] m.e | USB reads recovered after 1 errors
03-17 19:11:19.580  5504  9254 I HUREV   : [2484] m.e | USB reads recovered after 1 errors
03-17 19:11:19.780  5504  9254 I HUREV   : [2484] m.e | USB reads recovered after 1 errors
03-17 19:11:19.980  5504  9254 I HUREV   : [2484] m.e | USB reads recovered after 1 errors
03-17 19:11:20.180  5504  9254 I HUREV   : [2484] m.e | USB reads recovered after 1 errors
03-17 19:11:20.580  5504  9254 I HUREV   : [2484] m.e | USB reads recovered after 1 errors
03-17 19:11:20.780  5504  9254 I HUREV   : [2484] m.e | USB reads recovered after 1 errors
03-17 19:11:21.820  5504  9254 I HUREV   : [2484] m.e | USB reads recovered after 1 errors
03-17 19:11:22.010  5504  9254 I HUREV   : [2484] m.e | USB reads recovered after 1 errors
03-17 19:11:22.220  5504  9254 I HUREV   : [2484] m.e | USB reads recovered after 1 errors
03-17 19:11:22.420  5504  9254 I HUREV   : [2484] m.e | USB reads recovered after 1 errors
03-17 19:11:22.620  5504  9254 I HUREV   : [2484] m.e | USB reads recovered after 1 errors
03-17 19:11:22.820  5504  9254 I HUREV   : [2484] m.e | USB reads recovered after 1 errors
03-17 19:11:23.020  5504  9254 I HUREV   : [2484] m.e | USB reads recovered after 1 errors
03-17 19:11:23.210  5504  9254 I HUREV   : [2484] m.e | USB reads recovered after 1 errors
03-17 19:11:23.390  5504  9254 I HUREV   : [2484] m.e | USB reads recovered after 1 errors
03-17 19:11:23.620  5504  9254 I HUREV   : [2484] m.e | USB reads recovered after 1 errors
03-17 19:11:23.820  5504  9254 I HUREV   : [2484] m.e | USB reads recovered after 1 errors
03-17 19:11:24.010  5504  9254 I HUREV   : [2484] m.e | USB reads recovered after 1 errors
03-17 19:11:24.220  5504  9254 I HUREV   : [2484] m.e | USB reads recovered after 1 errors
03-17 19:11:25.050  5504  9254 I HUREV   : [2484] m.e | USB reads recovered after 1 errors
03-17 19:11:25.220  5504  9254 I HUREV   : [2484] m.e | USB reads recovered after 1 errors
03-17 19:11:25.420  5504  9254 I HUREV   : [2484] m.e | USB reads recovered after 1 errors
03-17 19:11:25.630  5504  9254 I HUREV   : [2484] m.e | USB reads recovered after 1 errors
03-17 19:11:25.850  5504  9254 I HUREV   : [2484] m.e | USB reads recovered after 1 errors
03-17 19:11:26.040  5504  9254 I HUREV   : [2484] m.e | USB reads recovered after 1 errors
03-17 19:11:26.530  5504  9254 I HUREV   : [2484] m.e | USB reads recovered after 1 errors
03-17 19:11:31.430  5504  5506 D dalvikvm: GC_CONCURRENT freed 2015K, 56% free 9398K/21016K, paused 8ms+7ms, total 105ms
03-17 19:11:41.190  5504  9254 D dalvikvm: GC_FOR_ALLOC freed 1548K, 56% free 9388K/21032K, paused 53ms, total 53ms
03-17 19:11:47.820  5504  9254 W HUREV   : [2484] m.e | USB read errors (10) for 1s — waiting for recovery...
03-17 19:11:50.150  5504  9254 W HUREV   : [2484] m.e | USB read errors (20) for 3s — waiting for recovery...
03-17 19:11:52.480  5504  9254 W HUREV   : [2484] m.e | USB read errors (30) for 5s — waiting for recovery...
03-17 19:11:54.810  5504  9254 W HUREV   : [2484] m.e | USB read errors (40) for 8s — waiting for recovery...
03-17 19:11:57.140  5504  9254 W HUREV   : [2484] m.e | USB read errors (50) for 10s — waiting for recovery...
03-17 19:11:58.360  5504  5504 I HUREV   : [1] AapProjectionActivity.V | Showing reconnecting overlay
03-17 19:11:59.470  5504  9254 W HUREV   : [2484] m.e | USB read errors (60) for 12s — waiting for recovery...
03-17 19:12:01.810  5504  9254 W HUREV   : [2484] m.e | USB read errors (70) for 15s — waiting for recovery...
03-17 19:12:04.060  5504  5504 I HUREV   : [1] AapProjectionActivity.M | Hiding reconnecting overlay — frames resumed
03-17 19:12:04.070  5504  8969 I HUREV   : [2480] t0.G | AapTransport stopping and sending byebye
03-17 19:12:04.080  5504  5504 I HUREV   : [1] AapService.K | WifiLock released
03-17 19:12:04.100  5504  9292 I HUREV   : [2485] z.l | Output thread stopped
03-17 19:12:04.110  5504  5504 I HUREV   : [1] AapProjectionActivity.onPause | AapProjectionActivity: onPause
03-17 19:12:04.110  5504  6967 I HUREV   : [171] z.t | Decoder stopped: AapService::onDisconnect
03-17 19:12:04.130  5504  9254 W HUREV   : [2484] m.e | USB read errors (80) for 17s — waiting for recovery...
03-17 19:12:04.150  5504  5504 D zjy     : view visibility = 7
03-17 19:12:04.190  5504  5504 D zjy     : view visibility = 7
03-17 19:12:04.220  5504  8969 I HUREV   : [2480] t0.o | AapTransport quitting (clean=false)
03-17 19:12:04.330  5504  9254 W MessageQueue: Handler (android.os.Handler) {428a83a8} sending message to a Handler on a dead thread
03-17 19:12:04.330  5504  9254 W MessageQueue: java.lang.RuntimeException: Handler (android.os.Handler) {428a83a8} sending message to a Handler on a dead thread
03-17 19:12:04.330  5504  9254 W MessageQueue: 	at android.os.MessageQueue.enqueueMessage(MessageQueue.java:309)
03-17 19:12:04.330  5504  9254 W MessageQueue: 	at android.os.Handler.enqueueMessage(Handler.java:623)
03-17 19:12:04.330  5504  9254 W MessageQueue: 	at android.os.Handler.sendMessageAtTime(Handler.java:592)
03-17 19:12:04.330  5504  9254 W MessageQueue: 	at android.os.Handler.sendMessageDelayed(Handler.java:563)
03-17 19:12:04.330  5504  9254 W MessageQueue: 	at android.os.Handler.sendEmptyMessageDelayed(Handler.java:527)
03-17 19:12:04.330  5504  9254 W MessageQueue: 	at android.os.Handler.sendEmptyMessage(Handler.java:512)
03-17 19:12:04.330  5504  9254 W MessageQueue: 	at t0.t0.n(r8-map-id-f1537b069f239da04e78454013a0eb60e949cb54a227911edc102ef5973c8398:36)
03-17 19:12:04.330  5504  9254 W MessageQueue: 	at t0.t0.c(r8-map-id-f1537b069f239da04e78454013a0eb60e949cb54a227911edc102ef5973c8398:1)
03-17 19:12:04.330  5504  9254 W MessageQueue: 	at t0.r0.handleMessage(r8-map-id-f1537b069f239da04e78454013a0eb60e949cb54a227911edc102ef5973c8398:3)
03-17 19:12:04.330  5504  9254 W MessageQueue: 	at android.os.Handler.dispatchMessage(Handler.java:95)
03-17 19:12:04.330  5504  9254 W MessageQueue: 	at android.os.Looper.loop(Looper.java:137)
03-17 19:12:04.330  5504  9254 W MessageQueue: 	at android.os.HandlerThread.run(HandlerThread.java:61)
03-17 19:12:04.330  5504  8969 D UsbDeviceConnectionJNI: close
03-17 19:12:04.340  5504  8969 I HUREV   : [2480] m.b | Google 18D1:2D00 - UsbDevice[mName=/dev/bus/usb/002/008,mVendorId=6353,mProductId=11520,mClass=0,mSubclass=0,mProtocol=0,mInterfaces=[Landroid.os.Parcelable;@42eca380]
03-17 19:12:04.340  5504  8969 E UsbDeviceConnectionJNI: device is closed in native_release_interface
03-17 19:12:04.340  5504  8969 I HUREV   : [2480] m.b | OK releaseInterface()
03-17 19:12:04.590  5504  5504 I HUREV   : [1] AapProjectionActivity.onDestroy | AapProjectionActivity.onDestroy called. isFinishing=true
03-17 19:12:04.600  5504  5504 I HUREV   : [1] i.onSurfaceTextureDestroyed | TextureProjectionView: Surface destroyed
03-17 19:12:04.600  5504  5504 I HUREV   : [1] AapProjectionActivity.c | SurfaceCallback: onSurfaceDestroyed. Surface: Surface(name=android.graphics.SurfaceTexture@42e66e50)
03-17 19:12:04.600  5504  5504 I HUREV   : [1] z.t | Decoder stopped: surfaceDestroyed
03-17 19:12:11.020  5504  5504 I HUREV   : [1] AapService.u | Found device already in accessory mode: Google 18D1:2D00
03-17 19:12:11.040  5504  8969 I HUREV   : [2480] m.l | Established connection: android.hardware.usb.UsbDeviceConnection@42b3b7a0
03-17 19:12:11.040  5504  8969 I HUREV   : [2480] m.l | interfaceCount: 1
03-17 19:12:11.040  5504  8969 I HUREV   : [2480] m.j | Check accessory endpoints
03-17 19:12:11.040  5504  8969 I HUREV   : [2480] m.j | Connected have EPs
03-17 19:12:11.050  5504  5504 I HUREV   : [1] AapService.t | WifiLock acquired (HIGH_PERF)
03-17 19:12:11.100  5504  8969 I HUREV   : [2480] t0.<init> | Using Java SSL implementation
03-17 19:12:11.160  5504  8969 D dalvikvm: GC_FOR_ALLOC freed 3775K, 67% free 7048K/21032K, paused 59ms, total 59ms
03-17 19:12:11.170  5504  8969 I HUREV   : [2480] t0.B | Start Aap transport handshake for w0.m@42b3b548
03-17 19:12:11.300  5504  5506 D dalvikvm: GC_CONCURRENT freed 374K, 62% free 8025K/21032K, paused 5ms+5ms, total 69ms
03-17 19:12:11.300  5504  5504 D dalvikvm: WAIT_FOR_CONCURRENT_GC blocked 23ms
03-17 19:12:11.340  5504  5504 I HUREV   : [1] AapProjectionActivity.onCreate | HeadUnit for Android Auto (tm) - Copyright 2011-2015 Michael A. Reid., since 2025 André Rinas All Rights Reserved...
03-17 19:12:11.340  5504  5504 I HUREV   : [1] AapProjectionActivity.onCreate | Using TextureView
03-17 19:12:11.340  5504  5504 I HUREV   : [1] i.p | CarScreen: usable width: 1920 height: 720 (Raw: 1920x720, Insets: L0 T0 R0 B0)
03-17 19:12:11.340  5504  5504 I HUREV   : [1] i.p | CarScreen isSmallScreen: true, scaleFactor: 1.0
03-17 19:12:11.340  5504  5504 I HUREV   : [1] i.p | CarScreen using: _1920x1080, number: 3, scales: scaleX: 1.0, scaleY: 1.5
03-17 19:12:11.340  5504  5504 D zjy     : view visibility = 7
03-17 19:12:11.350  5504  5504 I HUREV   : [1] AapProjectionActivity.onResume | AapProjectionActivity: onResume
03-17 19:12:11.350  5504  5504 D zjy     : view visibility = 7
