03-17 06:17:43.750  3689  3689 I HUREV   : [1] AapProjectionActivity.onResume | AapProjectionActivity: onResume
03-17 06:17:43.750  3689  3689 D zjy     : view visibility = 7
03-17 06:17:43.840  3689  3689 D zjy     : view visibility = 7
03-17 06:17:43.860  3689  3689 I HUREV   : [1] i.onSurfaceTextureAvailable | TextureProjectionView: Surface available: 1920x720
03-17 06:17:43.870  3689  3689 I HUREV   : [1] AapProjectionActivity.d | [AapProjectionActivity] onSurfaceCreated
03-17 06:17:43.870  3689  3689 I HUREV   : [1] AapProjectionActivity.b | [AapProjectionActivity] onSurfaceChanged. Actual surface dimensions: width=1920, height=720
03-17 06:17:43.870  3689  3689 I HUREV   : [1] a0.p | New surface set: Surface(name=android.graphics.SurfaceTexture@42ad1c88)
03-17 06:17:43.960  3689  3694 D dalvikvm: GC_CONCURRENT freed 606K, 64% free 9319K/25756K, paused 7ms+6ms, total 104ms
03-17 06:17:44.260  3689  3689 I HUREV   : [1] AapProjectionActivity.onDestroy | AapProjectionActivity.onDestroy called. isFinishing=true
03-17 06:17:44.270  3689  3689 I HUREV   : [1] i.onSurfaceTextureDestroyed | TextureProjectionView: Surface destroyed
03-17 06:17:44.270  3689  3689 I HUREV   : [1] AapProjectionActivity.c | SurfaceCallback: onSurfaceDestroyed. Surface: Surface(name=android.graphics.SurfaceTexture@42962b00)
03-17 06:17:44.270  3689  3689 I HUREV   : [1] a0.s | Decoder stopped: surfaceDestroyed
03-17 06:17:46.170  3689  6994 W HUREV   : [50] s0.l | Handshake: Version request send failed (ret=-1), attempt 1
03-17 06:17:46.750  3689  3689 W HUREV   : [1] k.run | Watchdog: No video received. Requesting Keyframe (Unsolicited Focus)...
03-17 06:17:48.370  3689  6994 W HUREV   : [50] s0.l | Handshake: Version request send failed (ret=-1), attempt 2
03-17 06:17:49.760  3689  3689 W HUREV   : [1] k.run | Watchdog: No video received. Requesting Keyframe (Unsolicited Focus)...
03-17 06:17:50.570  3689  6994 W HUREV   : [50] s0.l | Handshake: Version request send failed (ret=-1), attempt 3
03-17 06:17:50.770  3689  6994 E HUREV   : [50] s0.l | Handshake: Version request/response failed after 3 attempt(s). last ret: -1
03-17 06:17:50.770  3689  6994 I HUREV   : [50] s0.o | AapTransport quitting (clean=false)
03-17 06:17:50.770  3689  6995 I HUREV   : [51] s0.o | AapTransport quitting (clean=false)
03-17 06:17:50.780  3689  6995 D UsbDeviceConnectionJNI: close
03-17 06:17:50.780  3689  6995 I HUREV   : [51] m.b | Google 18D1:2D00 - UsbDevice[mName=/dev/bus/usb/002/005,mVendorId=6353,mProductId=11520,mClass=0,mSubclass=0,mProtocol=0,mInterfaces=[Landroid.os.Parcelable;@4340f750]
03-17 06:17:50.780  3689  6995 E UsbDeviceConnectionJNI: device is closed in native_release_interface
03-17 06:17:50.780  3689  6995 I HUREV   : [51] m.b | OK releaseInterface()
03-17 06:17:50.780  3689  3689 I HUREV   : [1] AapService.K | WifiLock released
03-17 06:17:50.780  3689  6994 E HUREV   : [50] s0.B | Handshake failed
03-17 06:17:50.800  3689  6995 I HUREV   : [51] a0.s | Decoder stopped: AapService::onDisconnect
03-17 06:17:50.820  3689  3689 I HUREV   : [1] AapProjectionActivity.M | Hiding reconnecting overlay — frames resumed
03-17 06:17:50.840  3689  3689 I HUREV   : [1] AapProjectionActivity.onPause | AapProjectionActivity: onPause
03-17 06:17:50.880  3689  3689 D zjy     : view visibility = 7
03-17 06:17:50.950  3689  3689 D zjy     : view visibility = 7
03-17 06:17:51.410  3689  3689 I HUREV   : [1] AapProjectionActivity.onDestroy | AapProjectionActivity.onDestroy called. isFinishing=true
03-17 06:17:51.410  3689  3689 I HUREV   : [1] i.onSurfaceTextureDestroyed | TextureProjectionView: Surface destroyed
03-17 06:17:51.410  3689  3689 I HUREV   : [1] AapProjectionActivity.c | SurfaceCallback: onSurfaceDestroyed. Surface: Surface(name=android.graphics.SurfaceTexture@42ad1c88)
03-17 06:17:51.410  3689  3689 I HUREV   : [1] a0.s | Decoder stopped: surfaceDestroyed
03-17 06:17:54.050  3689  3689 I HUREV   : [1] p.onReceive | USB Intent: Intent { act=android.hardware.usb.action.USB_DEVICE_DETACHED flg=0x10 (has extras) }
03-17 06:17:54.050  3689  3689 I HUREV   : [1] p.onReceive | USB Intent: Intent { act=android.hardware.usb.action.USB_DEVICE_DETACHED flg=0x10 (has extras) }
03-17 06:17:57.290  3689  3689 I HUREV   : [1] p.onReceive | USB Intent: Intent { act=android.hardware.usb.action.USB_DEVICE_ATTACHED flg=0x10000010 (has extras) }
03-17 06:17:57.290  3689  3689 I HUREV   : [1] AapService.onUsbAttach | Normal USB device attached: 4884 1314:1520. Will check auto-connect in 2000ms...
03-17 06:17:57.290  3689  3689 I HUREV   : [1] p.onReceive | USB Intent: Intent { act=android.hardware.usb.action.USB_DEVICE_ATTACHED flg=0x10000010 (has extras) }
03-17 06:17:57.370  3689  3689 I HUREV   : [1] UsbAttachedActivity.onCreate | USB Intent: Intent { act=android.hardware.usb.action.USB_DEVICE_ATTACHED flg=0x10000000 cmp=com.andrerinas.headunitrevived/.app.UsbAttachedActivity (has extras) }
03-17 06:17:57.370  3689  3689 I HUREV   : [1] UsbAttachedActivity.onCreate | Skipping device 4884 1314:1520
03-17 06:17:57.380  3689  3689 D zjy     : view visibility = 7
03-17 06:17:57.440  3689  3689 D zjy     : view visibility = 7
03-17 06:17:59.310  3689  3689 I HUREV   : [1] m.invokeSuspend | UsbAttachedActivity didn't handle 4884 1314:1520. Trying from service...
03-17 06:17:59.310  3689  3689 I HUREV   : [1] AapService.u | Found device already in accessory mode: Google 18D1:2D00
03-17 06:17:59.310  3689  6995 I HUREV   : [51] m.l | Established connection: android.hardware.usb.UsbDeviceConnection@43344e28
03-17 06:17:59.310  3689  6995 I HUREV   : [51] m.l | interfaceCount: 1
03-17 06:17:59.310  3689  6995 I HUREV   : [51] m.j | Check accessory endpoints
03-17 06:17:59.310  3689  6995 I HUREV   : [51] m.j | Connected have EPs
03-17 06:17:59.330  3689  3689 I HUREV   : [1] AapService.t | WifiLock acquired (HIGH_PERF)
03-17 06:17:59.340  3689  6995 I HUREV   : [51] s0.<init> | Using Java SSL implementation
03-17 06:17:59.350  3689  6995 I HUREV   : [51] s0.B | Start Aap transport handshake for w0.m@43344c40
03-17 06:17:59.480  3689  3694 D dalvikvm: GC_CONCURRENT freed 2043K, 64% free 9384K/25756K, paused 5ms+18ms, total 78ms
03-17 06:17:59.480  3689  3689 D dalvikvm: WAIT_FOR_CONCURRENT_GC blocked 37ms
03-17 06:17:59.530  3689  3689 I HUREV   : [1] AapProjectionActivity.onCreate | HeadUnit for Android Auto (tm) - Copyright 2011-2015 Michael A. Reid., since 2025 André Rinas All Rights Reserved...
03-17 06:17:59.530  3689  3689 I HUREV   : [1] AapProjectionActivity.onCreate | Using TextureView
03-17 06:17:59.530  3689  3689 I HUREV   : [1] g.p | CarScreen: usable width: 1920 height: 720 (Raw: 1920x720, Insets: L0 T0 R0 B0)
03-17 06:17:59.530  3689  3689 I HUREV   : [1] g.p | CarScreen isSmallScreen: true, scaleFactor: 1.0
03-17 06:17:59.530  3689  3689 I HUREV   : [1] g.p | CarScreen using: _1920x1080, number: 3, scales: scaleX: 1.0, scaleY: 1.5
03-17 06:17:59.540  3689  3689 D zjy     : view visibility = 7
03-17 06:17:59.540  3689  3689 I HUREV   : [1] AapProjectionActivity.onResume | AapProjectionActivity: onResume
03-17 06:17:59.540  3689  3689 D zjy     : view visibility = 7
03-17 06:17:59.630  3689  3689 D zjy     : view visibility = 7
03-17 06:17:59.650  3689  3689 I HUREV   : [1] i.onSurfaceTextureAvailable | TextureProjectionView: Surface available: 1920x720
03-17 06:17:59.660  3689  3689 I HUREV   : [1] AapProjectionActivity.d | [AapProjectionActivity] onSurfaceCreated
03-17 06:17:59.660  3689  3689 I HUREV   : [1] AapProjectionActivity.b | [AapProjectionActivity] onSurfaceChanged. Actual surface dimensions: width=1920, height=720
03-17 06:17:59.660  3689  3689 I HUREV   : [1] a0.p | New surface set: Surface(name=android.graphics.SurfaceTexture@42925260)
03-17 06:18:01.910  3689  6995 W HUREV   : [51] s0.l | Handshake: Version request send failed (ret=-1), attempt 1
03-17 06:18:02.540  3689  3689 W HUREV   : [1] k.run | Watchdog: No video received. Requesting Keyframe (Unsolicited Focus)...
03-17 06:18:04.110  3689  6995 W HUREV   : [51] s0.l | Handshake: Version request send failed (ret=-1), attempt 2
03-17 06:18:05.540  3689  3689 W HUREV   : [1] k.run | Watchdog: No video received. Requesting Keyframe (Unsolicited Focus)...
03-17 06:18:06.310  3689  6995 W HUREV   : [51] s0.l | Handshake: Version request send failed (ret=-1), attempt 3
03-17 06:18:06.510  3689  6995 E HUREV   : [51] s0.l | Handshake: Version request/response failed after 3 attempt(s). last ret: -1
03-17 06:18:06.510  3689  6995 I HUREV   : [51] s0.o | AapTransport quitting (clean=false)
03-17 06:18:06.510  3689  6994 I HUREV   : [50] s0.o | AapTransport quitting (clean=false)
03-17 06:18:06.510  3689  6994 D UsbDeviceConnectionJNI: close
03-17 06:18:06.510  3689  6995 E HUREV   : [51] s0.B | Handshake failed
03-17 06:18:06.510  3689  6994 I HUREV   : [50] m.b | Google 18D1:2D00 - UsbDevice[mName=/dev/bus/usb/002/005,mVendorId=6353,mProductId=11520,mClass=0,mSubclass=0,mProtocol=0,mInterfaces=[Landroid.os.Parcelable;@43332fa0]
03-17 06:18:06.510  3689  6994 E UsbDeviceConnectionJNI: device is closed in native_release_interface
03-17 06:18:06.510  3689  6994 I HUREV   : [50] m.b | OK releaseInterface()
03-17 06:18:06.510  3689  3689 I HUREV   : [1] AapService.K | WifiLock released
03-17 06:18:06.530  3689  7932 I HUREV   : [61] a0.s | Decoder stopped: AapService::onDisconnect
03-17 06:18:06.540  3689  3689 I HUREV   : [1] AapProjectionActivity.M | Hiding reconnecting overlay — frames resumed
03-17 06:18:06.570  3689  3689 I HUREV   : [1] AapProjectionActivity.onPause | AapProjectionActivity: onPause
03-17 06:18:06.600  3689  3689 D zjy     : view visibility = 7
03-17 06:18:06.640  3689  3689 D zjy     : view visibility = 7
03-17 06:18:07.040  3689  3689 I HUREV   : [1] AapProjectionActivity.onDestroy | AapProjectionActivity.onDestroy called. isFinishing=true
03-17 06:18:07.040  3689  3689 I HUREV   : [1] i.onSurfaceTextureDestroyed | TextureProjectionView: Surface destroyed
03-17 06:18:07.040  3689  3689 I HUREV   : [1] AapProjectionActivity.c | SurfaceCallback: onSurfaceDestroyed. Surface: Surface(name=android.graphics.SurfaceTexture@42925260)
03-17 06:18:07.040  3689  3689 I HUREV   : [1] a0.s | Decoder stopped: surfaceDestroyed
03-17 06:18:08.860  3689  3689 I HUREV   : [1] p.onReceive | USB Intent: Intent { act=android.hardware.usb.action.USB_DEVICE_DETACHED flg=0x10 (has extras) }
03-17 06:18:08.860  3689  3689 I HUREV   : [1] p.onReceive | USB Intent: Intent { act=android.hardware.usb.action.USB_DEVICE_DETACHED flg=0x10 (has extras) }
03-17 06:18:11.950  3689  3689 I HUREV   : [1] p.onReceive | USB Intent: Intent { act=android.hardware.usb.action.USB_DEVICE_ATTACHED flg=0x10000010 (has extras) }
03-17 06:18:11.960  3689  3689 I HUREV   : [1] AapService.onUsbAttach | Normal USB device attached: 4884 1314:1520. Will check auto-connect in 2000ms...
03-17 06:18:11.960  3689  3689 I HUREV   : [1] p.onReceive | USB Intent: Intent { act=android.hardware.usb.action.USB_DEVICE_ATTACHED flg=0x10000010 (has extras) }
03-17 06:18:12.020  3689  3689 I HUREV   : [1] UsbAttachedActivity.onCreate | USB Intent: Intent { act=android.hardware.usb.action.USB_DEVICE_ATTACHED flg=0x10000000 cmp=com.andrerinas.headunitrevived/.app.UsbAttachedActivity (has extras) }
03-17 06:18:12.020  3689  3689 I HUREV   : [1] UsbAttachedActivity.onCreate | Skipping device 4884 1314:1520
03-17 06:18:12.030  3689  3689 D zjy     : view visibility = 7
03-17 06:18:12.070  3689  3689 D zjy     : view visibility = 7
03-17 06:18:13.980  3689  3689 I HUREV   : [1] m.invokeSuspend | UsbAttachedActivity didn't handle 4884 1314:1520. Trying from service...
03-17 06:18:13.980  3689  3689 I HUREV   : [1] AapService.u | Found device already in accessory mode: Google 18D1:2D00
03-17 06:18:13.980  3689  7932 I HUREV   : [61] m.l | Established connection: android.hardware.usb.UsbDeviceConnection@43507458
03-17 06:18:13.980  3689  7932 I HUREV   : [61] m.l | interfaceCount: 1
03-17 06:18:13.980  3689  7932 I HUREV   : [61] m.j | Check accessory endpoints
03-17 06:18:13.980  3689  7932 I HUREV   : [61] m.j | Connected have EPs
03-17 06:18:13.990  3689  3689 I HUREV   : [1] AapService.t | WifiLock acquired (HIGH_PERF)
03-17 06:18:14.000  3689  7932 I HUREV   : [61] s0.<init> | Using Java SSL implementation
03-17 06:18:14.050  3689  7932 D dalvikvm: GC_FOR_ALLOC freed 2229K, 68% free 8279K/25756K, paused 53ms, total 53ms
03-17 06:18:14.060  3689  7932 I HUREV   : [61] s0.B | Start Aap transport handshake for w0.m@43507208
03-17 06:18:14.160  3689  3689 I HUREV   : [1] AapProjectionActivity.onCreate | HeadUnit for Android Auto (tm) - Copyright 2011-2015 Michael A. Reid., since 2025 André Rinas All Rights Reserved...
03-17 06:18:14.160  3689  3689 I HUREV   : [1] AapProjectionActivity.onCreate | Using TextureView
03-17 06:18:14.170  3689  3689 I HUREV   : [1] g.p | CarScreen: usable width: 1920 height: 720 (Raw: 1920x720, Insets: L0 T0 R0 B0)
03-17 06:18:14.170  3689  3689 I HUREV   : [1] g.p | CarScreen isSmallScreen: true, scaleFactor: 1.0
03-17 06:18:14.170  3689  3689 I HUREV   : [1] g.p | CarScreen using: _1920x1080, number: 3, scales: scaleX: 1.0, scaleY: 1.5
03-17 06:18:14.170  3689  3689 D zjy     : view visibility = 7
03-17 06:18:14.170  3689  3689 I HUREV   : [1] AapProjectionActivity.onResume | AapProjectionActivity: onResume
03-17 06:18:14.170  3689  3689 D zjy     : view visibility = 7
03-17 06:18:14.250  3689  3689 D zjy     : view visibility = 7
03-17 06:18:14.270  3689  3689 I HUREV   : [1] i.onSurfaceTextureAvailable | TextureProjectionView: Surface available: 1920x720
03-17 06:18:14.270  3689  3689 I HUREV   : [1] AapProjectionActivity.d | [AapProjectionActivity] onSurfaceCreated
03-17 06:18:14.280  3689  3689 I HUREV   : [1] AapProjectionActivity.b | [AapProjectionActivity] onSurfaceChanged. Actual surface dimensions: width=1920, height=720
03-17 06:18:14.280  3689  3689 I HUREV   : [1] a0.p | New surface set: Surface(name=android.graphics.SurfaceTexture@42b1d5a8)
03-17 06:18:14.350  3689  3694 D dalvikvm: GC_CONCURRENT freed 708K, 65% free 9262K/25756K, paused 5ms+8ms, total 85ms
03-17 06:18:16.620  3689  7932 W HUREV   : [61] s0.l | Handshake: Version request send failed (ret=-1), attempt 1
03-17 06:18:17.170  3689  3689 W HUREV   : [1] k.run | Watchdog: No video received. Requesting Keyframe (Unsolicited Focus)...
03-17 06:18:18.820  3689  7932 W HUREV   : [61] s0.l | Handshake: Version request send failed (ret=-1), attempt 2
03-17 06:18:20.240  3689  3689 W HUREV   : [1] k.run | Watchdog: No video received. Requesting Keyframe (Unsolicited Focus)...
03-17 06:18:21.020  3689  7932 W HUREV   : [61] s0.l | Handshake: Version request send failed (ret=-1), attempt 3
03-17 06:18:21.220  3689  7932 E HUREV   : [61] s0.l | Handshake: Version request/response failed after 3 attempt(s). last ret: -1
03-17 06:18:21.220  3689  7932 I HUREV   : [61] s0.o | AapTransport quitting (clean=false)
03-17 06:18:21.220  3689  6996 I HUREV   : [52] s0.o | AapTransport quitting (clean=false)
03-17 06:18:21.220  3689  7932 E HUREV   : [61] s0.B | Handshake failed
03-17 06:18:21.220  3689  6996 D UsbDeviceConnectionJNI: close
03-17 06:18:21.230  3689  6996 I HUREV   : [52] m.b | Google 18D1:2D00 - UsbDevice[mName=/dev/bus/usb/002/005,mVendorId=6353,mProductId=11520,mClass=0,mSubclass=0,mProtocol=0,mInterfaces=[Landroid.os.Parcelable;@4342ebf0]
03-17 06:18:21.230  3689  6996 E UsbDeviceConnectionJNI: device is closed in native_release_interface
03-17 06:18:21.230  3689  6996 I HUREV   : [52] m.b | OK releaseInterface()
03-17 06:18:21.290  3689  3689 I HUREV   : [1] AapProjectionActivity.M | Hiding reconnecting overlay — frames resumed
03-17 06:18:21.300  3689  3689 I HUREV   : [1] AapService.K | WifiLock released
03-17 06:18:21.320  3689  6996 I HUREV   : [52] a0.s | Decoder stopped: AapService::onDisconnect
03-17 06:18:21.340  3689  3689 I HUREV   : [1] AapProjectionActivity.onPause | AapProjectionActivity: onPause
03-17 06:18:21.470  3689  3689 D zjy     : view visibility = 7
03-17 06:18:21.600  3689  3689 D zjy     : view visibility = 7
03-17 06:18:22.280  3689  3689 I HUREV   : [1] AapProjectionActivity.onDestroy | AapProjectionActivity.onDestroy called. isFinishing=true
03-17 06:18:22.280  3689  3689 I HUREV   : [1] i.onSurfaceTextureDestroyed | TextureProjectionView: Surface destroyed
03-17 06:18:22.290  3689  3689 I HUREV   : [1] AapProjectionActivity.c | SurfaceCallback: onSurfaceDestroyed. Surface: Surface(name=android.graphics.SurfaceTexture@42b1d5a8)
03-17 06:18:22.290  3689  3689 I HUREV   : [1] a0.s | Decoder stopped: surfaceDestroyed
03-17 06:18:24.530  3689  3689 I HUREV   : [1] p.onReceive | USB Intent: Intent { act=android.hardware.usb.action.USB_DEVICE_DETACHED flg=0x10 (has extras) }
03-17 06:18:24.530  3689  3689 I HUREV   : [1] p.onReceive | USB Intent: Intent { act=android.hardware.usb.action.USB_DEVICE_DETACHED flg=0x10 (has extras) }
03-17 06:18:27.750  3689  3689 I HUREV   : [1] p.onReceive | USB Intent: Intent { act=android.hardware.usb.action.USB_DEVICE_ATTACHED flg=0x10000010 (has extras) }
03-17 06:18:27.750  3689  3689 I HUREV   : [1] AapService.onUsbAttach | Normal USB device attached: 4884 1314:1520. Will check auto-connect in 2000ms...
03-17 06:18:27.750  3689  3689 I HUREV   : [1] p.onReceive | USB Intent: Intent { act=android.hardware.usb.action.USB_DEVICE_ATTACHED flg=0x10000010 (has extras) }
03-17 06:18:27.870  3689  3689 I HUREV   : [1] UsbAttachedActivity.onCreate | USB Intent: Intent { act=android.hardware.usb.action.USB_DEVICE_ATTACHED flg=0x10000000 cmp=com.andrerinas.headunitrevived/.app.UsbAttachedActivity (has extras) }
03-17 06:18:27.870  3689  3689 I HUREV   : [1] UsbAttachedActivity.onCreate | Skipping device 4884 1314:1520
03-17 06:18:27.880  3689  3689 D zjy     : view visibility = 7
03-17 06:18:28.040  3689  3689 D zjy     : view visibility = 7
03-17 06:18:29.760  3689  3689 I HUREV   : [1] m.invokeSuspend | UsbAttachedActivity didn't handle 4884 1314:1520. Trying from service...
03-17 06:18:29.770  3689  3689 I HUREV   : [1] AapService.u | Found device already in accessory mode: Google 18D1:2D00
03-17 06:18:29.770  3689  6996 I HUREV   : [52] m.l | Established connection: android.hardware.usb.UsbDeviceConnection@434e5768
03-17 06:18:29.770  3689  6996 I HUREV   : [52] m.l | interfaceCount: 1
03-17 06:18:29.770  3689  6996 I HUREV   : [52] m.j | Check accessory endpoints
03-17 06:18:29.780  3689  6996 I HUREV   : [52] m.j | Connected have EPs
03-17 06:18:29.800  3689  3689 I HUREV   : [1] AapService.t | WifiLock acquired (HIGH_PERF)
03-17 06:18:29.820  3689  6996 I HUREV   : [52] s0.<init> | Using Java SSL implementation
03-17 06:18:29.840  3689  6996 I HUREV   : [52] s0.B | Start Aap transport handshake for w0.m@4335a9f0
03-17 06:18:30.020  3689  3694 D dalvikvm: GC_CONCURRENT freed 2016K, 64% free 9336K/25756K, paused 7ms+8ms, total 93ms
03-17 06:18:30.020  3689  3689 D dalvikvm: WAIT_FOR_CONCURRENT_GC blocked 26ms
03-17 06:18:30.080  3689  3689 I HUREV   : [1] AapProjectionActivity.onCreate | HeadUnit for Android Auto (tm) - Copyright 2011-2015 Michael A. Reid., since 2025 André Rinas All Rights Reserved...
03-17 06:18:30.080  3689  3689 I HUREV   : [1] AapProjectionActivity.onCreate | Using TextureView
03-17 06:18:30.080  3689  3689 I HUREV   : [1] g.p | CarScreen: usable width: 1920 height: 720 (Raw: 1920x720, Insets: L0 T0 R0 B0)
03-17 06:18:30.080  3689  3689 I HUREV   : [1] g.p | CarScreen isSmallScreen: true, scaleFactor: 1.0
03-17 06:18:30.080  3689  3689 I HUREV   : [1] g.p | CarScreen using: _1920x1080, number: 3, scales: scaleX: 1.0, scaleY: 1.5
03-17 06:18:30.090  3689  3689 D zjy     : view visibility = 7
03-17 06:18:30.090  3689  3689 I HUREV   : [1] AapProjectionActivity.onResume | AapProjectionActivity: onResume
03-17 06:18:30.100  3689  3689 D zjy     : view visibility = 7
03-17 06:18:30.250  3689  3689 D zjy     : view visibility = 7
03-17 06:18:30.360  3689  3689 I HUREV   : [1] i.onSurfaceTextureAvailable | TextureProjectionView: Surface available: 1920x720
03-17 06:18:30.370  3689  3689 I HUREV   : [1] AapProjectionActivity.d | [AapProjectionActivity] onSurfaceCreated
03-17 06:18:30.370  3689  3689 I HUREV   : [1] AapProjectionActivity.b | [AapProjectionActivity] onSurfaceChanged. Actual surface dimensions: width=1920, height=720
03-17 06:18:30.370  3689  3689 I HUREV   : [1] a0.p | New surface set: Surface(name=android.graphics.SurfaceTexture@43409c38)
03-17 06:18:32.390  3689  6996 W HUREV   : [52] s0.l | Handshake: Version request send failed (ret=-1), attempt 1
03-17 06:18:33.120  3689  3689 W HUREV   : [1] k.run | Watchdog: No video received. Requesting Keyframe (Unsolicited Focus)...
03-17 06:18:34.590  3689  6996 W HUREV   : [52] s0.l | Handshake: Version request send failed (ret=-1), attempt 2
03-17 06:18:36.140  3689  3689 W HUREV   : [1] k.run | Watchdog: No video received. Requesting Keyframe (Unsolicited Focus)...
03-17 06:18:36.790  3689  6996 W HUREV   : [52] s0.l | Handshake: Version request send failed (ret=-1), attempt 3
03-17 06:18:36.990  3689  6996 E HUREV   : [52] s0.l | Handshake: Version request/response failed after 3 attempt(s). last ret: -1
03-17 06:18:36.990  3689  6996 I HUREV   : [52] s0.o | AapTransport quitting (clean=false)
03-17 06:18:37.000  3689  7932 I HUREV   : [61] s0.o | AapTransport quitting (clean=false)
03-17 06:18:37.000  3689  7932 D UsbDeviceConnectionJNI: close
03-17 06:18:37.000  3689  7932 I HUREV   : [61] m.b | Google 18D1:2D00 - UsbDevice[mName=/dev/bus/usb/002/005,mVendorId=6353,mProductId=11520,mClass=0,mSubclass=0,mProtocol=0,mInterfaces=[Landroid.os.Parcelable;@43331df8]
03-17 06:18:37.000  3689  7932 E UsbDeviceConnectionJNI: device is closed in native_release_interface
03-17 06:18:37.000  3689  7932 I HUREV   : [61] m.b | OK releaseInterface()
03-17 06:18:37.010  3689  6996 E HUREV   : [52] s0.B | Handshake failed
03-17 06:18:37.010  3689  3689 I HUREV   : [1] AapService.K | WifiLock released
03-17 06:18:37.060  3689  7933 I HUREV   : [62] a0.s | Decoder stopped: AapService::onDisconnect
03-17 06:18:37.100  3689  3689 I HUREV   : [1] AapProjectionActivity.M | Hiding reconnecting overlay — frames resumed
03-17 06:18:37.140  3689  3689 I HUREV   : [1] AapProjectionActivity.onPause | AapProjectionActivity: onPause
03-17 06:18:37.270  3689  3689 D zjy     : view visibility = 7
03-17 06:18:37.470  3689  3689 D zjy     : view visibility = 7
03-17 06:18:38.210  3689  3689 I HUREV   : [1] AapProjectionActivity.onDestroy | AapProjectionActivity.onDestroy called. isFinishing=true
03-17 06:18:38.210  3689  3689 I HUREV   : [1] i.onSurfaceTextureDestroyed | TextureProjectionView: Surface destroyed
03-17 06:18:38.210  3689  3689 I HUREV   : [1] AapProjectionActivity.c | SurfaceCallback: onSurfaceDestroyed. Surface: Surface(name=android.graphics.SurfaceTexture@43409c38)
03-17 06:18:38.210  3689  3689 I HUREV   : [1] a0.s | Decoder stopped: surfaceDestroyed
03-17 06:18:39.320  3689  3689 I HUREV   : [1] p.onReceive | USB Intent: Intent { act=android.hardware.usb.action.USB_DEVICE_DETACHED flg=0x10 (has extras) }
03-17 06:18:39.320  3689  3689 I HUREV   : [1] p.onReceive | USB Intent: Intent { act=android.hardware.usb.action.USB_DEVICE_DETACHED flg=0x10 (has extras) }
03-17 06:18:42.430  3689  3689 I HUREV   : [1] p.onReceive | USB Intent: Intent { act=android.hardware.usb.action.USB_DEVICE_ATTACHED flg=0x10000010 (has extras) }
03-17 06:18:42.430  3689  3689 I HUREV   : [1] AapService.onUsbAttach | Normal USB device attached: 4884 1314:1520. Will check auto-connect in 2000ms...
03-17 06:18:42.440  3689  3689 I HUREV   : [1] p.onReceive | USB Intent: Intent { act=android.hardware.usb.action.USB_DEVICE_ATTACHED flg=0x10000010 (has extras) }
03-17 06:18:42.510  3689  3689 I HUREV   : [1] UsbAttachedActivity.onCreate | USB Intent: Intent { act=android.hardware.usb.action.USB_DEVICE_ATTACHED flg=0x10000000 cmp=com.andrerinas.headunitrevived/.app.UsbAttachedActivity (has extras) }
03-17 06:18:42.510  3689  3689 I HUREV   : [1] UsbAttachedActivity.onCreate | Skipping device 4884 1314:1520
03-17 06:18:42.520  3689  3689 D zjy     : view visibility = 7
03-17 06:18:42.580  3689  3689 D zjy     : view visibility = 7
03-17 06:18:44.470  3689  3689 I HUREV   : [1] m.invokeSuspend | UsbAttachedActivity didn't handle 4884 1314:1520. Trying from service...
03-17 06:18:44.470  3689  3689 I HUREV   : [1] AapService.u | Found device already in accessory mode: Google 18D1:2D00
03-17 06:18:44.470  3689  7933 I HUREV   : [62] m.l | Established connection: android.hardware.usb.UsbDeviceConnection@433f2828
03-17 06:18:44.470  3689  7933 I HUREV   : [62] m.l | interfaceCount: 1
03-17 06:18:44.480  3689  7933 I HUREV   : [62] m.j | Check accessory endpoints
03-17 06:18:44.480  3689  7933 I HUREV   : [62] m.j | Connected have EPs
03-17 06:18:44.490  3689  3689 I HUREV   : [1] AapService.t | WifiLock acquired (HIGH_PERF)
03-17 06:18:44.500  3689  7933 I HUREV   : [62] s0.<init> | Using Java SSL implementation
03-17 06:18:44.510  3689  7933 I HUREV   : [62] s0.B | Start Aap transport handshake for w0.m@433f25d8
03-17 06:18:44.610  3689  3694 D dalvikvm: GC_CONCURRENT freed 2141K, 64% free 9309K/25756K, paused 7ms+9ms, total 102ms
03-17 06:18:44.610  3689  8203 D dalvikvm: WAIT_FOR_CONCURRENT_GC blocked 92ms
03-17 06:18:44.610  3689  3689 D dalvikvm: WAIT_FOR_CONCURRENT_GC blocked 92ms
03-17 06:18:44.760  3689  3689 I HUREV   : [1] AapProjectionActivity.onCreate | HeadUnit for Android Auto (tm) - Copyright 2011-2015 Michael A. Reid., since 2025 André Rinas All Rights Reserved...
03-17 06:18:44.770  3689  3689 I HUREV   : [1] AapProjectionActivity.onCreate | Using TextureView
03-17 06:18:44.770  3689  3689 I HUREV   : [1] g.p | CarScreen: usable width: 1920 height: 720 (Raw: 1920x720, Insets: L0 T0 R0 B0)
03-17 06:18:44.770  3689  3689 I HUREV   : [1] g.p | CarScreen isSmallScreen: true, scaleFactor: 1.0
03-17 06:18:44.770  3689  3689 I HUREV   : [1] g.p | CarScreen using: _1920x1080, number: 3, scales: scaleX: 1.0, scaleY: 1.5
03-17 06:18:44.770  3689  3689 D zjy     : view visibility = 7
03-17 06:18:44.780  3689  3689 I HUREV   : [1] AapProjectionActivity.onResume | AapProjectionActivity: onResume
03-17 06:18:44.780  3689  3689 D zjy     : view visibility = 7
03-17 06:18:44.870  3689  3689 D zjy     : view visibility = 7
03-17 06:18:44.890  3689  3689 I HUREV   : [1] i.onSurfaceTextureAvailable | TextureProjectionView: Surface available: 1920x720
03-17 06:18:44.890  3689  3689 I HUREV   : [1] AapProjectionActivity.d | [AapProjectionActivity] onSurfaceCreated
03-17 06:18:44.890  3689  3689 I HUREV   : [1] AapProjectionActivity.b | [AapProjectionActivity] onSurfaceChanged. Actual surface dimensions: width=1920, height=720
03-17 06:18:44.890  3689  3689 I HUREV   : [1] a0.p | New surface set: Surface(name=android.graphics.SurfaceTexture@4349c818)
03-17 06:18:47.070  3689  7933 W HUREV   : [62] s0.l | Handshake: Version request send failed (ret=-1), attempt 1
03-17 06:18:47.780  3689  3689 W HUREV   : [1] k.run | Watchdog: No video received. Requesting Keyframe (Unsolicited Focus)...
03-17 06:18:49.270  3689  7933 W HUREV   : [62] s0.l | Handshake: Version request send failed (ret=-1), attempt 2
03-17 06:18:50.780  3689  3689 W HUREV   : [1] k.run | Watchdog: No video received. Requesting Keyframe (Unsolicited Focus)...
03-17 06:18:51.470  3689  7933 W HUREV   : [62] s0.l | Handshake: Version request send failed (ret=-1), attempt 3
03-17 06:18:51.670  3689  7933 E HUREV   : [62] s0.l | Handshake: Version request/response failed after 3 attempt(s). last ret: -1
03-17 06:18:51.670  3689  7933 I HUREV   : [62] s0.o | AapTransport quitting (clean=false)
03-17 06:18:51.670  3689  7932 I HUREV   : [61] s0.o | AapTransport quitting (clean=false)
03-17 06:18:51.670  3689  7932 D UsbDeviceConnectionJNI: close
03-17 06:18:51.670  3689  3689 I HUREV   : [1] AapService.K | WifiLock released
03-17 06:18:51.680  3689  7932 I HUREV   : [61] m.b | Google 18D1:2D00 - UsbDevice[mName=/dev/bus/usb/002/005,mVendorId=6353,mProductId=11520,mClass=0,mSubclass=0,mProtocol=0,mInterfaces=[Landroid.os.Parcelable;@42ad93c0]
03-17 06:18:51.680  3689  7932 E UsbDeviceConnectionJNI: device is closed in native_release_interface
03-17 06:18:51.680  3689  7933 E HUREV   : [62] s0.B | Handshake failed
03-17 06:18:51.680  3689  7932 I HUREV   : [61] m.b | OK releaseInterface()
03-17 06:18:51.690  3689  7932 I HUREV   : [61] a0.s | Decoder stopped: AapService::onDisconnect
03-17 06:18:51.710  3689  3689 I HUREV   : [1] AapProjectionActivity.M | Hiding reconnecting overlay — frames resumed
03-17 06:18:51.730  3689  3689 I HUREV   : [1] AapProjectionActivity.onPause | AapProjectionActivity: onPause
03-17 06:18:51.780  3689  3689 D zjy     : view visibility = 7
03-17 06:18:51.830  3689  3689 D zjy     : view visibility = 7
03-17 06:18:52.240  3689  3689 I HUREV   : [1] AapProjectionActivity.onDestroy | AapProjectionActivity.onDestroy called. isFinishing=true
03-17 06:18:52.240  3689  3689 I HUREV   : [1] i.onSurfaceTextureDestroyed | TextureProjectionView: Surface destroyed
03-17 06:18:52.240  3689  3689 I HUREV   : [1] AapProjectionActivity.c | SurfaceCallback: onSurfaceDestroyed. Surface: Surface(name=android.graphics.SurfaceTexture@4349c818)
03-17 06:18:52.240  3689  3689 I HUREV   : [1] a0.s | Decoder stopped: surfaceDestroyed
03-17 06:18:54.990  3689  3689 I HUREV   : [1] p.onReceive | USB Intent: Intent { act=android.hardware.usb.action.USB_DEVICE_DETACHED flg=0x10 (has extras) }
03-17 06:18:54.990  3689  3689 I HUREV   : [1] p.onReceive | USB Intent: Intent { act=android.hardware.usb.action.USB_DEVICE_DETACHED flg=0x10 (has extras) }
03-17 06:18:58.140  3689  3689 I HUREV   : [1] p.onReceive | USB Intent: Intent { act=android.hardware.usb.action.USB_DEVICE_ATTACHED flg=0x10000010 (has extras) }
03-17 06:18:58.140  3689  3689 I HUREV   : [1] AapService.onUsbAttach | Normal USB device attached: 4884 1314:1520. Will check auto-connect in 2000ms...
03-17 06:18:58.140  3689  3689 I HUREV   : [1] p.onReceive | USB Intent: Intent { act=android.hardware.usb.action.USB_DEVICE_ATTACHED flg=0x10000010 (has extras) }
03-17 06:18:58.200  3689  3689 I HUREV   : [1] UsbAttachedActivity.onCreate | USB Intent: Intent { act=android.hardware.usb.action.USB_DEVICE_ATTACHED flg=0x10000000 cmp=com.andrerinas.headunitrevived/.app.UsbAttachedActivity (has extras) }
03-17 06:18:58.200  3689  3689 I HUREV   : [1] UsbAttachedActivity.onCreate | Skipping device 4884 1314:1520
03-17 06:18:58.210  3689  3689 D zjy     : view visibility = 7
03-17 06:18:58.260  3689  3689 D zjy     : view visibility = 7
03-17 06:19:00.160  3689  3689 I HUREV   : [1] m.invokeSuspend | UsbAttachedActivity didn't handle 4884 1314:1520. Trying from service...
03-17 06:19:00.160  3689  3689 I HUREV   : [1] AapService.u | Found device already in accessory mode: Google 18D1:2D00
03-17 06:19:00.160  3689  7932 I HUREV   : [61] m.l | Established connection: android.hardware.usb.UsbDeviceConnection@43523798
03-17 06:19:00.160  3689  7932 I HUREV   : [61] m.l | interfaceCount: 1
03-17 06:19:00.160  3689  7932 I HUREV   : [61] m.j | Check accessory endpoints
03-17 06:19:00.160  3689  7932 I HUREV   : [61] m.j | Connected have EPs
03-17 06:19:00.170  3689  3689 I HUREV   : [1] AapService.t | WifiLock acquired (HIGH_PERF)
03-17 06:19:00.180  3689  7932 I HUREV   : [61] s0.<init> | Using Java SSL implementation
03-17 06:19:00.240  3689  7932 D dalvikvm: GC_FOR_ALLOC freed 2429K, 68% free 8289K/25756K, paused 60ms, total 61ms
03-17 06:19:00.240  3689  7932 I HUREV   : [61] s0.B | Start Aap transport handshake for w0.m@43523548
03-17 06:19:00.370  3689  3689 I HUREV   : [1] AapProjectionActivity.onCreate | HeadUnit for Android Auto (tm) - Copyright 2011-2015 Michael A. Reid., since 2025 André Rinas All Rights Reserved...
03-17 06:19:00.370  3689  3689 I HUREV   : [1] AapProjectionActivity.onCreate | Using TextureView
03-17 06:19:00.370  3689  3689 I HUREV   : [1] g.p | CarScreen: usable width: 1920 height: 720 (Raw: 1920x720, Insets: L0 T0 R0 B0)
03-17 06:19:00.370  3689  3689 I HUREV   : [1] g.p | CarScreen isSmallScreen: true, scaleFactor: 1.0
03-17 06:19:00.370  3689  3689 I HUREV   : [1] g.p | CarScreen using: _1920x1080, number: 3, scales: scaleX: 1.0, scaleY: 1.5
03-17 06:19:00.370  3689  3689 D zjy     : view visibility = 7
03-17 06:19:00.380  3689  3689 I HUREV   : [1] AapProjectionActivity.onResume | AapProjectionActivity: onResume
03-17 06:19:00.380  3689  3689 D zjy     : view visibility = 7
03-17 06:19:00.440  3689  3689 D zjy     : view visibility = 7
03-17 06:19:00.460  3689  3689 I HUREV   : [1] i.onSurfaceTextureAvailable | TextureProjectionView: Surface available: 1920x720
03-17 06:19:00.480  3689  3689 I HUREV   : [1] AapProjectionActivity.d | [AapProjectionActivity] onSurfaceCreated
03-17 06:19:00.480  3689  3689 I HUREV   : [1] AapProjectionActivity.b | [AapProjectionActivity] onSurfaceChanged. Actual surface dimensions: width=1920, height=720
03-17 06:19:00.480  3689  3689 I HUREV   : [1] a0.p | New surface set: Surface(name=android.graphics.SurfaceTexture@432b86d8)
03-17 06:19:00.550  3689  3694 D dalvikvm: GC_CONCURRENT freed 712K, 65% free 9267K/25756K, paused 6ms+5ms, total 85ms
03-17 06:19:02.800  3689  7932 W HUREV   : [61] s0.l | Handshake: Version request send failed (ret=-1), attempt 1
03-17 06:19:03.380  3689  3689 W HUREV   : [1] k.run | Watchdog: No video received. Requesting Keyframe (Unsolicited Focus)...
03-17 06:19:05.000  3689  7932 W HUREV   : [61] s0.l | Handshake: Version request send failed (ret=-1), attempt 2
03-17 06:19:06.380  3689  3689 W HUREV   : [1] k.run | Watchdog: No video received. Requesting Keyframe (Unsolicited Focus)...
03-17 06:19:07.200  3689  7932 W HUREV   : [61] s0.l | Handshake: Version request send failed (ret=-1), attempt 3
03-17 06:19:07.400  3689  7932 E HUREV   : [61] s0.l | Handshake: Version request/response failed after 3 attempt(s). last ret: -1
03-17 06:19:07.400  3689  7932 I HUREV   : [61] s0.o | AapTransport quitting (clean=false)
03-17 06:19:07.400  3689  7932 E HUREV   : [61] s0.B | Handshake failed
03-17 06:19:07.400  3689  7933 I HUREV   : [62] s0.o | AapTransport quitting (clean=false)
03-17 06:19:07.400  3689  7933 D UsbDeviceConnectionJNI: close
03-17 06:19:07.400  3689  7933 I HUREV   : [62] m.b | Google 18D1:2D00 - UsbDevice[mName=/dev/bus/usb/002/005,mVendorId=6353,mProductId=11520,mClass=0,mSubclass=0,mProtocol=0,mInterfaces=[Landroid.os.Parcelable;@434fdfa8]
03-17 06:19:07.400  3689  7933 E UsbDeviceConnectionJNI: device is closed in native_release_interface
03-17 06:19:07.400  3689  7933 I HUREV   : [62] m.b | OK releaseInterface()
03-17 06:19:07.420  3689  3689 I HUREV   : [1] AapProjectionActivity.M | Hiding reconnecting overlay — frames resumed
03-17 06:19:07.420  3689  3689 I HUREV   : [1] AapService.K | WifiLock released
03-17 06:19:07.430  3689  7933 I HUREV   : [62] a0.s | Decoder stopped: AapService::onDisconnect
03-17 06:19:07.450  3689  3689 I HUREV   : [1] AapProjectionActivity.onPause | AapProjectionActivity: onPause
03-17 06:19:07.490  3689  3689 D zjy     : view visibility = 7
03-17 06:19:07.530  3689  3689 D zjy     : view visibility = 7
03-17 06:19:07.930  3689  3689 I HUREV   : [1] AapProjectionActivity.onDestroy | AapProjectionActivity.onDestroy called. isFinishing=true
03-17 06:19:07.940  3689  3689 I HUREV   : [1] i.onSurfaceTextureDestroyed | TextureProjectionView: Surface destroyed
03-17 06:19:07.940  3689  3689 I HUREV   : [1] AapProjectionActivity.c | SurfaceCallback: onSurfaceDestroyed. Surface: Surface(name=android.graphics.SurfaceTexture@432b86d8)
03-17 06:19:07.940  3689  3689 I HUREV   : [1] a0.s | Decoder stopped: surfaceDestroyed
03-17 06:19:09.700  3689  3689 I HUREV   : [1] p.onReceive | USB Intent: Intent { act=android.hardware.usb.action.USB_DEVICE_DETACHED flg=0x10 (has extras) }
03-17 06:19:09.700  3689  3689 I HUREV   : [1] p.onReceive | USB Intent: Intent { act=android.hardware.usb.action.USB_DEVICE_DETACHED flg=0x10 (has extras) }
03-17 06:19:12.770  3689  3689 I HUREV   : [1] p.onReceive | USB Intent: Intent { act=android.hardware.usb.action.USB_DEVICE_ATTACHED flg=0x10000010 (has extras) }
03-17 06:19:12.770  3689  3689 I HUREV   : [1] AapService.onUsbAttach | Normal USB device attached: 4884 1314:1520. Will check auto-connect in 2000ms...
03-17 06:19:12.770  3689  3689 I HUREV   : [1] p.onReceive | USB Intent: Intent { act=android.hardware.usb.action.USB_DEVICE_ATTACHED flg=0x10000010 (has extras) }
03-17 06:19:12.850  3689  3689 I HUREV   : [1] UsbAttachedActivity.onCreate | USB Intent: Intent { act=android.hardware.usb.action.USB_DEVICE_ATTACHED flg=0x10000000 cmp=com.andrerinas.headunitrevived/.app.UsbAttachedActivity (has extras) }
03-17 06:19:12.850  3689  3689 I HUREV   : [1] UsbAttachedActivity.onCreate | Skipping device 4884 1314:1520
03-17 06:19:12.860  3689  3689 D zjy     : view visibility = 7
03-17 06:19:12.910  3689  3689 D zjy     : view visibility = 7
03-17 06:19:14.780  3689  3689 I HUREV   : [1] m.invokeSuspend | UsbAttachedActivity didn't handle 4884 1314:1520. Trying from service...
03-17 06:19:14.780  3689  3689 I HUREV   : [1] AapService.u | Found device already in accessory mode: Google 18D1:2D00
03-17 06:19:14.790  3689  7933 I HUREV   : [62] m.l | Established connection: android.hardware.usb.UsbDeviceConnection@42b08aa0
03-17 06:19:14.790  3689  7933 I HUREV   : [62] m.l | interfaceCount: 1
03-17 06:19:14.790  3689  7933 I HUREV   : [62] m.j | Check accessory endpoints
03-17 06:19:14.790  3689  7933 I HUREV   : [62] m.j | Connected have EPs
03-17 06:19:14.810  3689  3689 I HUREV   : [1] AapService.t | WifiLock acquired (HIGH_PERF)
03-17 06:19:14.850  3689  7933 I HUREV   : [62] s0.<init> | Using Java SSL implementation
03-17 06:19:14.850  3689  7933 I HUREV   : [62] s0.B | Start Aap transport handshake for w0.m@42b088b8
03-17 06:19:15.020  3689  3694 D dalvikvm: GC_CONCURRENT freed 2021K, 64% free 9336K/25756K, paused 4ms+8ms, total 66ms
03-17 06:19:15.020  3689  3689 D dalvikvm: WAIT_FOR_CONCURRENT_GC blocked 28ms
03-17 06:19:15.050  3689  3689 I HUREV   : [1] AapProjectionActivity.onCreate | HeadUnit for Android Auto (tm) - Copyright 2011-2015 Michael A. Reid., since 2025 André Rinas All Rights Reserved...
03-17 06:19:15.060  3689  3689 I HUREV   : [1] AapProjectionActivity.onCreate | Using TextureView
03-17 06:19:15.060  3689  3689 I HUREV   : [1] g.p | CarScreen: usable width: 1920 height: 720 (Raw: 1920x720, Insets: L0 T0 R0 B0)
03-17 06:19:15.060  3689  3689 I HUREV   : [1] g.p | CarScreen isSmallScreen: true, scaleFactor: 1.0
03-17 06:19:15.060  3689  3689 I HUREV   : [1] g.p | CarScreen using: _1920x1080, number: 3, scales: scaleX: 1.0, scaleY: 1.5
03-17 06:19:15.060  3689  3689 D zjy     : view visibility = 7
03-17 06:19:15.060  3689  3689 I HUREV   : [1] AapProjectionActivity.onResume | AapProjectionActivity: onResume
03-17 06:19:15.070  3689  3689 D zjy     : view visibility = 7
03-17 06:19:15.150  3689  3689 D zjy     : view visibility = 7
03-17 06:19:15.170  3689  3689 I HUREV   : [1] i.onSurfaceTextureAvailable | TextureProjectionView: Surface available: 1920x720
03-17 06:19:15.180  3689  3689 I HUREV   : [1] AapProjectionActivity.d | [AapProjectionActivity] onSurfaceCreated
03-17 06:19:15.180  3689  3689 I HUREV   : [1] AapProjectionActivity.b | [AapProjectionActivity] onSurfaceChanged. Actual surface dimensions: width=1920, height=720
03-17 06:19:15.180  3689  3689 I HUREV   : [1] a0.p | New surface set: Surface(name=android.graphics.SurfaceTexture@42af0d10)
03-17 06:19:17.420  3689  7933 W HUREV   : [62] s0.l | Handshake: Version request send failed (ret=-1), attempt 1
03-17 06:19:18.070  3689  3689 W HUREV   : [1] k.run | Watchdog: No video received. Requesting Keyframe (Unsolicited Focus)...
03-17 06:19:19.620  3689  7933 W HUREV   : [62] s0.l | Handshake: Version request send failed (ret=-1), attempt 2
03-17 06:19:21.070  3689  3689 W HUREV   : [1] k.run | Watchdog: No video received. Requesting Keyframe (Unsolicited Focus)...
03-17 06:19:21.820  3689  7933 W HUREV   : [62] s0.l | Handshake: Version request send failed (ret=-1), attempt 3
03-17 06:19:22.020  3689  7933 E HUREV   : [62] s0.l | Handshake: Version request/response failed after 3 attempt(s). last ret: -1
03-17 06:19:22.020  3689  7933 I HUREV   : [62] s0.o | AapTransport quitting (clean=false)
03-17 06:19:22.020  3689  6996 I HUREV   : [52] s0.o | AapTransport quitting (clean=false)
03-17 06:19:22.020  3689  6996 D UsbDeviceConnectionJNI: close
03-17 06:19:22.020  3689  6996 I HUREV   : [52] m.b | Google 18D1:2D00 - UsbDevice[mName=/dev/bus/usb/002/005,mVendorId=6353,mProductId=11520,mClass=0,mSubclass=0,mProtocol=0,mInterfaces=[Landroid.os.Parcelable;@433c9c98]
03-17 06:19:22.030  3689  7933 E HUREV   : [62] s0.B | Handshake failed
03-17 06:19:22.030  3689  6996 E UsbDeviceConnectionJNI: device is closed in native_release_interface
03-17 06:19:22.030  3689  6996 I HUREV   : [52] m.b | OK releaseInterface()
03-17 06:19:22.030  3689  3689 I HUREV   : [1] AapService.K | WifiLock released
03-17 06:19:22.040  3689  6996 I HUREV   : [52] a0.s | Decoder stopped: AapService::onDisconnect
03-17 06:19:22.060  3689  3689 I HUREV   : [1] AapProjectionActivity.M | Hiding reconnecting overlay — frames resumed
03-17 06:19:22.100  3689  3689 I HUREV   : [1] AapProjectionActivity.onPause | AapProjectionActivity: onPause
03-17 06:19:22.130  3689  3689 D zjy     : view visibility = 7
03-17 06:19:22.210  3689  3689 D zjy     : view visibility = 7
03-17 06:19:22.640  3689  3689 I HUREV   : [1] AapProjectionActivity.onDestroy | AapProjectionActivity.onDestroy called. isFinishing=true
03-17 06:19:22.640  3689  3689 I HUREV   : [1] i.onSurfaceTextureDestroyed | TextureProjectionView: Surface destroyed
03-17 06:19:22.640  3689  3689 I HUREV   : [1] AapProjectionActivity.c | SurfaceCallback: onSurfaceDestroyed. Surface: Surface(name=android.graphics.SurfaceTexture@42af0d10)
03-17 06:19:22.640  3689  3689 I HUREV   : [1] a0.s | Decoder stopped: surfaceDestroyed
03-17 06:19:25.360  3689  3689 I HUREV   : [1] p.onReceive | USB Intent: Intent { act=android.hardware.usb.action.USB_DEVICE_DETACHED flg=0x10 (has extras) }
03-17 06:19:25.370  3689  3689 I HUREV   : [1] p.onReceive | USB Intent: Intent { act=android.hardware.usb.action.USB_DEVICE_DETACHED flg=0x10 (has extras) }
03-17 06:19:28.520  3689  3689 I HUREV   : [1] p.onReceive | USB Intent: Intent { act=android.hardware.usb.action.USB_DEVICE_ATTACHED flg=0x10000010 (has extras) }
03-17 06:19:28.520  3689  3689 I HUREV   : [1] AapService.onUsbAttach | Normal USB device attached: 4884 1314:1520. Will check auto-connect in 2000ms...
03-17 06:19:28.520  3689  3689 I HUREV   : [1] p.onReceive | USB Intent: Intent { act=android.hardware.usb.action.USB_DEVICE_ATTACHED flg=0x10000010 (has extras) }
03-17 06:19:28.590  3689  3689 I HUREV   : [1] UsbAttachedActivity.onCreate | USB Intent: Intent { act=android.hardware.usb.action.USB_DEVICE_ATTACHED flg=0x10000000 cmp=com.andrerinas.headunitrevived/.app.UsbAttachedActivity (has extras) }
03-17 06:19:28.590  3689  3689 I HUREV   : [1] UsbAttachedActivity.onCreate | Skipping device 4884 1314:1520
03-17 06:19:28.600  3689  3689 D zjy     : view visibility = 7
03-17 06:19:28.660  3689  3689 D zjy     : view visibility = 7
03-17 06:19:29.900  3689  3689 I HUREV   : [1] p.onReceive | USB Intent: Intent { act=android.hardware.usb.action.USB_DEVICE_DETACHED flg=0x10 (has extras) }
03-17 06:19:29.900  3689  3689 I HUREV   : [1] p.onReceive | USB Intent: Intent { act=android.hardware.usb.action.USB_DEVICE_DETACHED flg=0x10 (has extras) }
03-17 06:19:30.540  3689  3689 I HUREV   : [1] m.invokeSuspend | UsbAttachedActivity didn't handle 4884 1314:1520. Trying from service...
03-17 06:19:40.090  3689  3689 I HUREV   : [1] p.onReceive | USB Intent: Intent { act=android.hardware.usb.action.USB_DEVICE_DETACHED flg=0x10 (has extras) }
03-17 06:19:40.090  3689  3689 I HUREV   : [1] p.onReceive | USB Intent: Intent { act=android.hardware.usb.action.USB_DEVICE_DETACHED flg=0x10 (has extras) }
03-17 06:19:43.170  3689  3689 I HUREV   : [1] p.onReceive | USB Intent: Intent { act=android.hardware.usb.action.USB_DEVICE_ATTACHED flg=0x10000010 (has extras) }
03-17 06:19:43.170  3689  3689 I HUREV   : [1] AapService.onUsbAttach | Normal USB device attached: 4884 1314:1520. Will check auto-connect in 2000ms...
03-17 06:19:43.180  3689  3689 I HUREV   : [1] p.onReceive | USB Intent: Intent { act=android.hardware.usb.action.USB_DEVICE_ATTACHED flg=0x10000010 (has extras) }
03-17 06:19:43.220  3689  3689 I HUREV   : [1] UsbAttachedActivity.onCreate | USB Intent: Intent { act=android.hardware.usb.action.USB_DEVICE_ATTACHED flg=0x10000000 cmp=com.andrerinas.headunitrevived/.app.UsbAttachedActivity (has extras) }
03-17 06:19:43.220  3689  3689 I HUREV   : [1] UsbAttachedActivity.onCreate | Skipping device 4884 1314:1520
03-17 06:19:43.230  3689  3689 D zjy     : view visibility = 7
03-17 06:19:43.260  3689  3689 D zjy     : view visibility = 7
03-17 06:19:45.190  3689  3689 I HUREV   : [1] m.invokeSuspend | UsbAttachedActivity didn't handle 4884 1314:1520. Trying from service...
03-17 06:19:55.750  3689  3689 I HUREV   : [1] p.onReceive | USB Intent: Intent { act=android.hardware.usb.action.USB_DEVICE_DETACHED flg=0x10 (has extras) }
03-17 06:19:55.750  3689  3689 I HUREV   : [1] p.onReceive | USB Intent: Intent { act=android.hardware.usb.action.USB_DEVICE_DETACHED flg=0x10 (has extras) }
03-17 06:19:58.940  3689  3689 I HUREV   : [1] p.onReceive | USB Intent: Intent { act=android.hardware.usb.action.USB_DEVICE_ATTACHED flg=0x10000010 (has extras) }
03-17 06:19:58.940  3689  3689 I HUREV   : [1] AapService.onUsbAttach | Normal USB device attached: 4884 1314:1520. Will check auto-connect in 2000ms...
03-17 06:19:58.940  3689  3689 I HUREV   : [1] p.onReceive | USB Intent: Intent { act=android.hardware.usb.action.USB_DEVICE_ATTACHED flg=0x10000010 (has extras) }
03-17 06:19:58.990  3689  3689 I HUREV   : [1] UsbAttachedActivity.onCreate | USB Intent: Intent { act=android.hardware.usb.action.USB_DEVICE_ATTACHED flg=0x10000000 cmp=com.andrerinas.headunitrevived/.app.UsbAttachedActivity (has extras) }
03-17 06:19:58.990  3689  3689 I HUREV   : [1] UsbAttachedActivity.onCreate | Skipping device 4884 1314:1520
03-17 06:19:59.000  3689  3689 D zjy     : view visibility = 7
03-17 06:19:59.040  3689  3689 D zjy     : view visibility = 7
03-17 06:20:00.950  3689  3689 I HUREV   : [1] m.invokeSuspend | UsbAttachedActivity didn't handle 4884 1314:1520. Trying from service...
03-17 06:20:10.510  3689  3689 I HUREV   : [1] p.onReceive | USB Intent: Intent { act=android.hardware.usb.action.USB_DEVICE_DETACHED flg=0x10 (has extras) }
03-17 06:20:10.510  3689  3689 I HUREV   : [1] p.onReceive | USB Intent: Intent { act=android.hardware.usb.action.USB_DEVICE_DETACHED flg=0x10 (has extras) }
03-17 06:20:13.570  3689  3689 I HUREV   : [1] p.onReceive | USB Intent: Intent { act=android.hardware.usb.action.USB_DEVICE_ATTACHED flg=0x10000010 (has extras) }
03-17 06:20:13.570  3689  3689 I HUREV   : [1] AapService.onUsbAttach | Normal USB device attached: 4884 1314:1520. Will check auto-connect in 2000ms...
03-17 06:20:13.570  3689  3689 I HUREV   : [1] p.onReceive | USB Intent: Intent { act=android.hardware.usb.action.USB_DEVICE_ATTACHED flg=0x10000010 (has extras) }
03-17 06:20:14.120  3689  3689 I HUREV   : [1] UsbAttachedActivity.onCreate | USB Intent: Intent { act=android.hardware.usb.action.USB_DEVICE_ATTACHED flg=0x10400000 cmp=com.andrerinas.headunitrevived/.app.UsbAttachedActivity (has extras) }
03-17 06:20:14.120  3689  3689 I HUREV   : [1] UsbAttachedActivity.onCreate | Skipping device 4884 1314:1520
03-17 06:20:14.260  3689  3689 D zjy     : view visibility = 7
03-17 06:20:14.380  3689  3689 D zjy     : view visibility = 7
03-17 06:20:15.590  3689  3689 I HUREV   : [1] m.invokeSuspend | UsbAttachedActivity didn't handle 4884 1314:1520. Trying from service...
03-17 06:20:26.170  3689  3689 I HUREV   : [1] p.onReceive | USB Intent: Intent { act=android.hardware.usb.action.USB_DEVICE_DETACHED flg=0x10 (has extras) }
03-17 06:20:26.170  3689  3689 I HUREV   : [1] p.onReceive | USB Intent: Intent { act=android.hardware.usb.action.USB_DEVICE_DETACHED flg=0x10 (has extras) }
03-17 06:20:29.360  3689  3689 I HUREV   : [1] p.onReceive | USB Intent: Intent { act=android.hardware.usb.action.USB_DEVICE_ATTACHED flg=0x10000010 (has extras) }
03-17 06:20:29.360  3689  3689 I HUREV   : [1] AapService.onUsbAttach | Normal USB device attached: 4884 1314:1520. Will check auto-connect in 2000ms...
03-17 06:20:29.370  3689  3689 I HUREV   : [1] p.onReceive | USB Intent: Intent { act=android.hardware.usb.action.USB_DEVICE_ATTACHED flg=0x10000010 (has extras) }
03-17 06:20:29.420  3689  3689 I HUREV   : [1] UsbAttachedActivity.onCreate | USB Intent: Intent { act=android.hardware.usb.action.USB_DEVICE_ATTACHED flg=0x10000000 cmp=com.andrerinas.headunitrevived/.app.UsbAttachedActivity (has extras) }
03-17 06:20:29.420  3689  3689 I HUREV   : [1] UsbAttachedActivity.onCreate | Skipping device 4884 1314:1520
03-17 06:20:29.430  3689  3689 D zjy     : view visibility = 7
03-17 06:20:29.460  3689  3689 D zjy     : view visibility = 7
03-17 06:20:29.830  3689  3689 I HUREV   : [1] p.onReceive | USB Intent: Intent { act=android.hardware.usb.action.USB_DEVICE_DETACHED flg=0x10 (has extras) }
03-17 06:20:29.830  3689  3689 I HUREV   : [1] p.onReceive | USB Intent: Intent { act=android.hardware.usb.action.USB_DEVICE_DETACHED flg=0x10 (has extras) }
03-17 06:20:31.380  3689  3689 I HUREV   : [1] m.invokeSuspend | UsbAttachedActivity didn't handle 4884 1314:1520. Trying from service...
03-17 06:23:03.590  3689  3689 I HUREV   : [1] MainActivity.handleIntent | MainActivity received intent: android.intent.action.MAIN, data: null
