--------- beginning of /dev/log/main
03-17 10:48:44.200  5712  5712 D dalvikvm: GC_FOR_ALLOC freed <1K, 49% free 11502K/22540K, paused 74ms, total 75ms
03-17 10:48:44.220  5712  5712 I dalvikvm-heap: Grow heap (frag case) to 22.009MB for 1572880-byte allocation
03-17 10:48:44.380  5712  5712 D dalvikvm: GC_FOR_ALLOC freed 0K, 46% free 13038K/24080K, paused 74ms, total 74ms
03-17 10:48:44.540  5712  5712 I dalvikvm: Could not find method android.widget.TextView.getAutoSizeMaxTextSize, referenced from method androidx.appcompat.widget.g0.e
03-17 10:48:44.540  5712  5712 W dalvikvm: VFY: unable to resolve virtual method 4350: Landroid/widget/TextView;.getAutoSizeMaxTextSize ()I
03-17 10:48:44.540  5712  5712 D dalvikvm: VFY: replacing opcode 0x6f at 0x0000
03-17 10:48:44.540  5712  5712 I dalvikvm: Could not find method android.widget.TextView.setFirstBaselineToTopHeight, referenced from method androidx.appcompat.widget.g0.f
03-17 10:48:44.540  5712  5712 W dalvikvm: VFY: unable to resolve virtual method 4432: Landroid/widget/TextView;.setFirstBaselineToTopHeight (I)V
03-17 10:48:44.540  5712  5712 D dalvikvm: VFY: replacing opcode 0x6f at 0x0000
03-17 10:48:44.540  5712  5712 I dalvikvm: Could not find method android.widget.TextView.getAutoSizeMinTextSize, referenced from method androidx.appcompat.widget.g0.g
03-17 10:48:44.540  5712  5712 W dalvikvm: VFY: unable to resolve virtual method 4351: Landroid/widget/TextView;.getAutoSizeMinTextSize ()I
03-17 10:48:44.540  5712  5712 D dalvikvm: VFY: replacing opcode 0x6f at 0x0000
03-17 10:48:44.540  5712  5712 I dalvikvm: Could not find method android.widget.TextView.setLastBaselineToBottomHeight, referenced from method androidx.appcompat.widget.g0.h
03-17 10:48:44.540  5712  5712 W dalvikvm: VFY: unable to resolve virtual method 4441: Landroid/widget/TextView;.setLastBaselineToBottomHeight (I)V
03-17 10:48:44.540  5712  5712 D dalvikvm: VFY: replacing opcode 0x6f at 0x0000
03-17 10:48:44.540  5712  5712 I dalvikvm: Could not find method android.widget.TextView.getAutoSizeStepGranularity, referenced from method androidx.appcompat.widget.g0.i
03-17 10:48:44.540  5712  5712 W dalvikvm: VFY: unable to resolve virtual method 4352: Landroid/widget/TextView;.getAutoSizeStepGranularity ()I
03-17 10:48:44.540  5712  5712 D dalvikvm: VFY: replacing opcode 0x6f at 0x0000
03-17 10:48:44.540  5712  5712 I dalvikvm: Could not find method android.widget.TextView.getAutoSizeTextAvailableSizes, referenced from method androidx.appcompat.widget.g0.j
03-17 10:48:44.540  5712  5712 W dalvikvm: VFY: unable to resolve virtual method 4353: Landroid/widget/TextView;.getAutoSizeTextAvailableSizes ()[I
03-17 10:48:44.540  5712  5712 D dalvikvm: VFY: replacing opcode 0x6f at 0x0000
03-17 10:48:44.540  5712  5712 I dalvikvm: Could not find method android.widget.TextView.getAutoSizeTextType, referenced from method androidx.appcompat.widget.g0.k
03-17 10:48:44.540  5712  5712 W dalvikvm: VFY: unable to resolve virtual method 4354: Landroid/widget/TextView;.getAutoSizeTextType ()I
03-17 10:48:44.540  5712  5712 D dalvikvm: VFY: replacing opcode 0x6f at 0x0000
03-17 10:48:44.540  5712  5712 I dalvikvm: Could not find method android.widget.TextView.getTextClassifier, referenced from method androidx.appcompat.widget.g0.l
03-17 10:48:44.540  5712  5712 W dalvikvm: VFY: unable to resolve virtual method 4389: Landroid/widget/TextView;.getTextClassifier ()Landroid/view/textclassifier/TextClassifier;
03-17 10:48:44.540  5712  5712 D dalvikvm: VFY: replacing opcode 0x6f at 0x0000
03-17 10:48:44.540  5712  5712 I dalvikvm: Could not find method android.widget.TextView.setAutoSizeTextTypeUniformWithConfiguration, referenced from method androidx.appcompat.widget.g0.m
03-17 10:48:44.540  5712  5712 W dalvikvm: VFY: unable to resolve virtual method 4413: Landroid/widget/TextView;.setAutoSizeTextTypeUniformWithConfiguration (IIII)V
03-17 10:48:44.540  5712  5712 D dalvikvm: VFY: replacing opcode 0x6f at 0x0000
03-17 10:48:44.540  5712  5712 I dalvikvm: Could not find method android.widget.TextView.setAutoSizeTextTypeUniformWithPresetSizes, referenced from method androidx.appcompat.widget.g0.n
03-17 10:48:44.540  5712  5712 W dalvikvm: VFY: unable to resolve virtual method 4414: Landroid/widget/TextView;.setAutoSizeTextTypeUniformWithPresetSizes ([II)V
03-17 10:48:44.540  5712  5712 D dalvikvm: VFY: replacing opcode 0x6f at 0x0000
03-17 10:48:44.540  5712  5712 I dalvikvm: Could not find method android.widget.TextView.setAutoSizeTextTypeWithDefaults, referenced from method androidx.appcompat.widget.g0.o
03-17 10:48:44.540  5712  5712 W dalvikvm: VFY: unable to resolve virtual method 4415: Landroid/widget/TextView;.setAutoSizeTextTypeWithDefaults (I)V
03-17 10:48:44.540  5712  5712 D dalvikvm: VFY: replacing opcode 0x6f at 0x0000
03-17 10:48:44.540  5712  5712 W dalvikvm: VFY: unable to find class referenced in signature (Landroid/view/textclassifier/TextClassifier;)
03-17 10:48:44.540  5712  5712 I dalvikvm: Could not find method android.widget.TextView.setTextClassifier, referenced from method androidx.appcompat.widget.g0.p
03-17 10:48:44.540  5712  5712 W dalvikvm: VFY: unable to resolve virtual method 4462: Landroid/widget/TextView;.setTextClassifier (Landroid/view/textclassifier/TextClassifier;)V
03-17 10:48:44.540  5712  5712 D dalvikvm: VFY: replacing opcode 0x6f at 0x0000
03-17 10:48:44.540  5712  5712 W dalvikvm: VFY: unable to find class referenced in signature (Landroid/view/textclassifier/TextClassifier;)
03-17 10:48:44.540  5712  5712 W dalvikvm: VFY: unable to find class referenced in signature (Landroid/view/textclassifier/TextClassifier;)
03-17 10:48:44.550  5712  5712 W dalvikvm: VFY: unable to find class referenced in signature (Landroid/view/textclassifier/TextClassifier;)
03-17 10:48:44.550  5712  5712 W dalvikvm: VFY: unable to find class referenced in signature (Landroid/view/textclassifier/TextClassifier;)
03-17 10:48:44.550  5712  5712 W dalvikvm: VFY: unable to find class referenced in signature (Landroid/view/textclassifier/TextClassifier;)
03-17 10:48:44.550  5712  5712 W dalvikvm: VFY: unable to find class referenced in signature (Landroid/view/textclassifier/TextClassifier;)
03-17 10:48:44.550  5712  5712 W dalvikvm: VFY: unable to find class referenced in signature (Landroid/view/textclassifier/TextClassifier;)
03-17 10:48:44.730  5712  5712 D zjy     : view visibility = 7
03-17 10:48:44.740  5712  5712 I HUREV   : [1] MainActivity.handleIntent | MainActivity received intent: android.intent.action.MAIN, data: null
03-17 10:48:44.880  5712  5712 W dalvikvm: Unable to resolve superclass of Lcom/andrerinas/headunitrevived/aap/AapService$q; (289)
03-17 10:48:44.880  5712  5712 W dalvikvm: Link of class 'Lcom/andrerinas/headunitrevived/aap/AapService$q;' failed
03-17 10:48:44.880  5712  5712 E dalvikvm: Could not find class 'com.andrerinas.headunitrevived.aap.AapService$q', referenced from method com.andrerinas.headunitrevived.aap.AapService.I
03-17 10:48:44.880  5712  5712 W dalvikvm: VFY: unable to resolve new-instance 2864 (Lcom/andrerinas/headunitrevived/aap/AapService$q;) in Lcom/andrerinas/headunitrevived/aap/AapService;
03-17 10:48:44.880  5712  5712 D dalvikvm: VFY: replacing opcode 0x22 at 0x0014
03-17 10:48:44.880  5712  5712 W dalvikvm: VFY: unable to find class referenced in signature (Landroid/net/Network;)
03-17 10:48:44.900  5712  5712 W dalvikvm: Unable to resolve superclass of Lcom/andrerinas/headunitrevived/aap/AapService$q; (289)
03-17 10:48:44.900  5712  5712 W dalvikvm: Link of class 'Lcom/andrerinas/headunitrevived/aap/AapService$q;' failed
03-17 10:48:44.900  5712  5712 D dalvikvm: DexOpt: unable to opt direct call 0x4150 at 0x16 in Lcom/andrerinas/headunitrevived/aap/AapService;.I
03-17 10:48:44.910  5712  5712 D dalvikvm: DexOpt: unable to opt direct call 0x05b0 at 0x21 in Lcom/andrerinas/headunitrevived/aap/AapService;.I
03-17 10:48:45.020  5712  5712 I dalvikvm: Could not find method android.widget.Button.setElevation, referenced from method com.google.android.material.button.MaterialButton.setElevation
03-17 10:48:45.020  5712  5712 W dalvikvm: VFY: unable to resolve virtual method 3910: Landroid/widget/Button;.setElevation (F)V
03-17 10:48:45.020  5712  5712 D dalvikvm: VFY: replacing opcode 0x6f at 0x0000
03-17 10:48:45.020  5712  5712 I dalvikvm: Could not find method android.widget.Button.getAutoSizeMaxTextSize, referenced from method androidx.appcompat.widget.f.getAutoSizeMaxTextSize
03-17 10:48:45.020  5712  5712 W dalvikvm: VFY: unable to resolve virtual method 3885: Landroid/widget/Button;.getAutoSizeMaxTextSize ()I
03-17 10:48:45.020  5712  5712 D dalvikvm: VFY: replacing opcode 0x6f at 0x0004
03-17 10:48:45.020  5712  5712 I dalvikvm: Could not find method android.widget.Button.getAutoSizeMinTextSize, referenced from method androidx.appcompat.widget.f.getAutoSizeMinTextSize
03-17 10:48:45.020  5712  5712 W dalvikvm: VFY: unable to resolve virtual method 3886: Landroid/widget/Button;.getAutoSizeMinTextSize ()I
03-17 10:48:45.020  5712  5712 D dalvikvm: VFY: replacing opcode 0x6f at 0x0004
03-17 10:48:45.020  5712  5712 I dalvikvm: Could not find method android.widget.Button.getAutoSizeStepGranularity, referenced from method androidx.appcompat.widget.f.getAutoSizeStepGranularity
03-17 10:48:45.020  5712  5712 W dalvikvm: VFY: unable to resolve virtual method 3887: Landroid/widget/Button;.getAutoSizeStepGranularity ()I
03-17 10:48:45.020  5712  5712 D dalvikvm: VFY: replacing opcode 0x6f at 0x0004
03-17 10:48:45.020  5712  5712 I dalvikvm: Could not find method android.widget.Button.getAutoSizeTextAvailableSizes, referenced from method androidx.appcompat.widget.f.getAutoSizeTextAvailableSizes
03-17 10:48:45.020  5712  5712 W dalvikvm: VFY: unable to resolve virtual method 3888: Landroid/widget/Button;.getAutoSizeTextAvailableSizes ()[I
03-17 10:48:45.020  5712  5712 D dalvikvm: VFY: replacing opcode 0x6f at 0x0004
03-17 10:48:45.020  5712  5712 I dalvikvm: Could not find method android.widget.Button.getAutoSizeTextType, referenced from method androidx.appcompat.widget.f.getAutoSizeTextType
03-17 10:48:45.020  5712  5712 W dalvikvm: VFY: unable to resolve virtual method 3889: Landroid/widget/Button;.getAutoSizeTextType ()I
03-17 10:48:45.020  5712  5712 D dalvikvm: VFY: replacing opcode 0x6f at 0x0005
03-17 10:48:45.020  5712  5712 I dalvikvm: Could not find method android.widget.Button.setAutoSizeTextTypeUniformWithConfiguration, referenced from method androidx.appcompat.widget.f.setAutoSizeTextTypeUniformWithConfiguration
03-17 10:48:45.020  5712  5712 W dalvikvm: VFY: unable to resolve virtual method 3903: Landroid/widget/Button;.setAutoSizeTextTypeUniformWithConfiguration (IIII)V
03-17 10:48:45.020  5712  5712 D dalvikvm: VFY: replacing opcode 0x6f at 0x0004
03-17 10:48:45.020  5712  5712 I dalvikvm: Could not find method android.widget.Button.setAutoSizeTextTypeUniformWithPresetSizes, referenced from method androidx.appcompat.widget.f.setAutoSizeTextTypeUniformWithPresetSizes
03-17 10:48:45.020  5712  5712 W dalvikvm: VFY: unable to resolve virtual method 3904: Landroid/widget/Button;.setAutoSizeTextTypeUniformWithPresetSizes ([II)V
03-17 10:48:45.020  5712  5712 D dalvikvm: VFY: replacing opcode 0x6f at 0x0004
03-17 10:48:45.030  5712  5712 I dalvikvm: Could not find method android.widget.Button.setAutoSizeTextTypeWithDefaults, referenced from method androidx.appcompat.widget.f.setAutoSizeTextTypeWithDefaults
03-17 10:48:45.030  5712  5712 W dalvikvm: VFY: unable to resolve virtual method 3905: Landroid/widget/Button;.setAutoSizeTextTypeWithDefaults (I)V
03-17 10:48:45.030  5712  5712 D dalvikvm: VFY: replacing opcode 0x6f at 0x0004
03-17 10:48:45.050  5712  5712 E dalvikvm: Could not find class 'android.graphics.drawable.RippleDrawable', referenced from method com.google.android.material.button.e.a
03-17 10:48:45.050  5712  5712 W dalvikvm: VFY: unable to resolve new-instance 210 (Landroid/graphics/drawable/RippleDrawable;) in Lcom/google/android/material/button/e;
03-17 10:48:45.050  5712  5712 D dalvikvm: VFY: replacing opcode 0x22 at 0x0056
03-17 10:48:45.050  5712  5712 W dalvikvm: VFY: unable to find class referenced in signature (Landroid/graphics/drawable/RippleDrawable;)
03-17 10:48:45.050  5712  5712 W dalvikvm: VFY: unable to find class referenced in signature (Landroid/graphics/drawable/RippleDrawable;)
03-17 10:48:45.060  5712  5712 D dalvikvm: DexOpt: unable to opt direct call 0x04a0 at 0x6f in Lcom/google/android/material/button/e;.a
03-17 10:48:45.330  5712  5712 D zjy     : view visibility = 7
03-17 10:48:45.330  5712  5712 I HUREV   : [1] HomeFragment.onResume | HomeFragment: onResume. isConnected=false
03-17 10:48:45.350  5712  5712 I HUREV   : [1] AapService.onCreate | AapService creating...
03-17 10:48:45.570  5712  5712 I HUREV   : [1] w.invoke | NightMode update: false
03-17 10:48:45.620  5712  5712 I HUREV   : [1] AapService.J | Registered runtime MEDIA_BUTTON receiver
03-17 10:48:45.630  5712  5712 W dalvikvm: Unable to resolve superclass of Landroid/support/v4/media/session/MediaSessionCompat$b$b; (279)
03-17 10:48:45.630  5712  5712 W dalvikvm: Link of class 'Landroid/support/v4/media/session/MediaSessionCompat$b$b;' failed
03-17 10:48:45.630  5712  5712 E dalvikvm: Could not find class 'android.support.v4.media.session.MediaSessionCompat$b$b', referenced from method android.support.v4.media.session.MediaSessionCompat$b.<init>
03-17 10:48:45.630  5712  5712 W dalvikvm: VFY: unable to resolve new-instance 447 (Landroid/support/v4/media/session/MediaSessionCompat$b$b;) in Landroid/support/v4/media/session/MediaSessionCompat$b;
03-17 10:48:45.630  5712  5712 D dalvikvm: VFY: replacing opcode 0x22 at 0x0011
03-17 10:48:45.640  5712  5712 W dalvikvm: Unable to resolve superclass of Landroid/support/v4/media/session/MediaSessionCompat$b$b; (279)
03-17 10:48:45.640  5712  5712 W dalvikvm: Link of class 'Landroid/support/v4/media/session/MediaSessionCompat$b$b;' failed
03-17 10:48:45.640  5712  5712 D dalvikvm: DexOpt: unable to opt direct call 0x07f2 at 0x13 in Landroid/support/v4/media/session/MediaSessionCompat$b;.<init>
03-17 10:48:45.650  5712  5712 W dalvikvm: Unable to resolve superclass of Lk0/k$a; (274)
03-17 10:48:45.650  5712  5712 W dalvikvm: Link of class 'Lk0/k$a;' failed
03-17 10:48:45.650  5712  5712 E dalvikvm: Could not find class 'k0.k$a', referenced from method k0.k.d
03-17 10:48:45.650  5712  5712 W dalvikvm: VFY: unable to resolve new-instance 5269 (Lk0/k$a;) in Lk0/k;
03-17 10:48:45.650  5712  5712 D dalvikvm: VFY: replacing opcode 0x22 at 0x000a
03-17 10:48:45.650  5712  5712 W dalvikvm: Unable to resolve superclass of Lk0/k$b; (274)
03-17 10:48:45.650  5712  5712 W dalvikvm: Link of class 'Lk0/k$b;' failed
03-17 10:48:45.650  5712  5712 E dalvikvm: Could not find class 'k0.k$b', referenced from method k0.k.d
03-17 10:48:45.650  5712  5712 W dalvikvm: VFY: unable to resolve new-instance 5270 (Lk0/k$b;) in Lk0/k;
03-17 10:48:45.650  5712  5712 D dalvikvm: VFY: replacing opcode 0x22 at 0x0020
03-17 10:48:45.650  5712  5712 W dalvikvm: Unable to resolve superclass of Lk0/k$a; (274)
03-17 10:48:45.650  5712  5712 W dalvikvm: Link of class 'Lk0/k$a;' failed
03-17 10:48:45.650  5712  5712 D dalvikvm: DexOpt: unable to opt direct call 0xd82a at 0x15 in Lk0/k;.d
03-17 10:48:45.650  5712  5712 W dalvikvm: Unable to resolve superclass of Lk0/k$b; (274)
03-17 10:48:45.650  5712  5712 W dalvikvm: Link of class 'Lk0/k$b;' failed
03-17 10:48:45.650  5712  5712 D dalvikvm: DexOpt: unable to opt direct call 0xd82d at 0x28 in Lk0/k;.d
03-17 10:48:45.970  5712  5712 I HUREV   : [1] AapService.onCreate | Auto-started continuous log capture
03-17 10:48:46.280  5712  5712 I HUREV   : [1] AapService.onCreate | Auto-started continuous log capture
03-17 10:48:46.340  5712  5712 I Choreographer: Skipped 54 frames!  The application may be doing too much work on its main thread.
03-17 10:48:47.340  5712  5712 D libEGL  : loaded /system/lib/egl/libEGL_VIVANTE.so
03-17 10:48:49.330  5712  5712 D libEGL  : loaded /system/lib/egl/libGLESv1_CM_VIVANTE.so
03-17 10:48:49.640  5712  5712 D libEGL  : loaded /system/lib/egl/libGLESv2_VIVANTE.so
03-17 10:48:50.040  5712  5712 D OpenGLRenderer: Enabling debug mode 0
03-17 10:48:50.200  5712  5712 I HUREV   : [1] a.a | Request location updates
03-17 10:48:50.200  5712  5712 I HUREV   : [1] a.a | Last known location:  Unknown
03-17 10:48:50.270  5712  5712 I Choreographer: Skipped 218 frames!  The application may be doing too much work on its main thread.
03-17 10:48:50.580  5712  5712 D zjy     : view visibility = 7
03-17 10:48:52.630  5712  5712 W dalvikvm: VFY: unable to find class referenced in signature (Landroid/view/ViewOutlineProvider;)
03-17 10:48:52.630  5712  5712 W dalvikvm: VFY: unable to find class referenced in signature (Landroid/view/ViewOutlineProvider;)
03-17 10:48:52.670  5712  5712 I dalvikvm: Could not find method android.widget.LinearLayout.setElevation, referenced from method com.google.android.material.appbar.AppBarLayout.setElevation
03-17 10:48:52.670  5712  5712 W dalvikvm: VFY: unable to resolve virtual method 4194: Landroid/widget/LinearLayout;.setElevation (F)V
03-17 10:48:52.670  5712  5712 D dalvikvm: VFY: replacing opcode 0x6f at 0x0000
03-17 10:48:52.750  5712  5712 I dalvikvm: Could not find method android.view.ViewGroup.setElevation, referenced from method com.google.android.material.appbar.MaterialToolbar.setElevation
03-17 10:48:52.750  5712  5712 W dalvikvm: VFY: unable to resolve virtual method 3431: Landroid/view/ViewGroup;.setElevation (F)V
03-17 10:48:52.750  5712  5712 D dalvikvm: VFY: replacing opcode 0x6f at 0x0000
03-17 10:48:52.820  5712  5712 I dalvikvm: Could not find method android.widget.LinearLayout$LayoutParams.<init>, referenced from method com.google.android.material.appbar.AppBarLayout$d.<init>
03-17 10:48:52.820  5712  5712 W dalvikvm: VFY: unable to resolve direct method 4163: Landroid/widget/LinearLayout$LayoutParams;.<init> (Landroid/widget/LinearLayout$LayoutParams;)V
03-17 10:48:52.820  5712  5712 D dalvikvm: VFY: replacing opcode 0x70 at 0x0000
03-17 10:48:57.050  5712  5712 I HUREV   : [1] n.c | Success controlTransfer len: 2  acc_ver: 2
03-17 10:48:57.050  5712  5712 I HUREV   : [1] n.c | acc_ver: 2
03-17 10:48:57.060  5712  5712 I HUREV   : [1] n.b | Success controlTransfer len: 7  index: 0  string: "Android"
03-17 10:48:57.060  5712  5712 I HUREV   : [1] n.b | Success controlTransfer len: 12  index: 1  string: "Android Auto"
03-17 10:48:57.070  5712  5712 I HUREV   : [1] n.b | Success controlTransfer len: 12  index: 2  string: "Android Auto"
03-17 10:48:57.070  5712  5712 I HUREV   : [1] n.b | Success controlTransfer len: 5  index: 3  string: "2.0.1"
03-17 10:48:57.070  5712  5712 I HUREV   : [1] n.b | Success controlTransfer len: 45  index: 4  string: "https://developer.android.com/auto/index.html"
03-17 10:48:57.080  5712  5712 I HUREV   : [1] n.b | Success controlTransfer len: 12  index: 5  string: "HU-AAAAAA001"
03-17 10:48:57.080  5712  5712 I HUREV   : [1] n.c | Sending acc start
03-17 10:48:57.080  5712  5712 I HUREV   : [1] n.c | Acc start sent (len=0). Waiting for re-enumeration...
03-17 10:48:57.580  5712  5712 D UsbDeviceConnectionJNI: close
03-17 10:48:57.580  5712  5712 I HUREV   : [1] n.a | Result: true
03-17 10:48:57.590  5712  5712 D AlfusResources: cookie name=/system/framework/framework-res.apk
03-17 10:48:57.690  5712  5712 I HUREV   : [1] p.onReceive | USB Intent: Intent { act=android.hardware.usb.action.USB_DEVICE_DETACHED flg=0x10 (has extras) }
03-17 10:48:57.700  5712  5712 I HUREV   : [1] p.onReceive | USB Intent: Intent { act=android.hardware.usb.action.USB_DEVICE_DETACHED flg=0x10 (has extras) }
03-17 10:48:57.870  5712  5712 I HUREV   : [1] p.onReceive | USB Intent: Intent { act=android.hardware.usb.action.USB_DEVICE_ATTACHED flg=0x10000010 (has extras) }
03-17 10:48:57.870  5712  5712 I HUREV   : [1] p.onReceive | USB Intent: Intent { act=android.hardware.usb.action.USB_DEVICE_ATTACHED flg=0x10000010 (has extras) }
03-17 10:48:57.870  5712  5712 I HUREV   : [1] AapService.onUsbAttach | USB accessory device attached, connecting.
03-17 10:48:57.880  5712  5712 I HUREV   : [1] AapService.u | Found device already in accessory mode: Google 18D1:2D00
03-17 10:48:57.890  5712  5712 I HUREV   : [1] UsbAttachedActivity.onCreate | USB Intent: Intent { act=android.hardware.usb.action.USB_DEVICE_ATTACHED flg=0x10000000 cmp=com.andrerinas.headunitrevived/.app.UsbAttachedActivity (has extras) }
03-17 10:48:57.890  5712  5712 E HUREV   : [1] UsbAttachedActivity.onCreate | Usb in accessory mode
03-17 10:48:58.040  5712  6408 I HUREV   : [175] m.l | Established connection: android.hardware.usb.UsbDeviceConnection@43958fb8
03-17 10:48:58.040  5712  6408 I HUREV   : [175] m.l | interfaceCount: 1
03-17 10:48:58.040  5712  6408 I HUREV   : [175] m.j | Check accessory endpoints
03-17 10:48:58.040  5712  6408 I HUREV   : [175] m.j | Connected have EPs
03-17 10:48:58.060  5712  5712 D zjy     : view visibility = 7
03-17 10:48:58.190  5712  5712 I HUREV   : [1] AapService.t | WifiLock acquired (HIGH_PERF)
03-17 10:48:58.230  5712  5712 D zjy     : view visibility = 7
03-17 10:48:58.230  5712  5712 I HUREV   : [1] MainActivity.onResume | MainActivity: Active session detected, bringing projection to front
03-17 10:48:58.270  5712  6408 I HUREV   : [175] s0.<init> | Using Java SSL implementation
03-17 10:48:58.290  5712  6408 W dalvikvm: VFY: unable to find class referenced in signature (Landroid/media/AudioFocusRequest;)
03-17 10:48:58.300  5712  6408 E dalvikvm: Could not find class 'android.media.AudioAttributes$Builder', referenced from method t0.j.c
03-17 10:48:58.300  5712  6408 W dalvikvm: VFY: unable to resolve new-instance 245 (Landroid/media/AudioAttributes$Builder;) in Lt0/j;
03-17 10:48:58.300  5712  6408 D dalvikvm: VFY: replacing opcode 0x22 at 0x004b
03-17 10:48:58.300  5712  6408 D dalvikvm: DexOpt: unable to opt direct call 0x04eb at 0x4d in Lt0/j;.c
03-17 10:48:58.300  5712  6408 D dalvikvm: DexOpt: unable to opt direct call 0x04f2 at 0x62 in Lt0/j;.c
03-17 10:48:58.520  5712  5716 D dalvikvm: GC_CONCURRENT freed 8451K, 70% free 7920K/25856K, paused 11ms+33ms, total 266ms
03-17 10:48:58.520  5712  6408 D dalvikvm: WAIT_FOR_CONCURRENT_GC blocked 227ms
03-17 10:48:58.530  5712  6408 I HUREV   : [175] s0.B | Start Aap transport handshake for w0.m@43953838
03-17 10:48:58.970  5712  5716 D dalvikvm: GC_CONCURRENT freed 663K, 66% free 8899K/25856K, paused 7ms+5ms, total 103ms
03-17 10:48:58.970  5712  5712 D dalvikvm: WAIT_FOR_CONCURRENT_GC blocked 55ms
03-17 10:48:58.970  5712  5712 I HUREV   : [1] AapProjectionActivity.onCreate | HeadUnit for Android Auto (tm) - Copyright 2011-2015 Michael A. Reid., since 2025 André Rinas All Rights Reserved...
03-17 10:48:58.970  5712  5712 I HUREV   : [1] AapProjectionActivity.onCreate | Using TextureView
03-17 10:48:58.980  5712  5712 I HUREV   : [1] g.p | CarScreen: usable width: 1920 height: 720 (Raw: 1920x720, Insets: L0 T0 R0 B0)
03-17 10:48:58.980  5712  5712 I HUREV   : [1] g.p | CarScreen isSmallScreen: true, scaleFactor: 1.0
03-17 10:48:58.980  5712  5712 I HUREV   : [1] g.p | CarScreen using: _1920x1080, number: 3, scales: scaleX: 1.0, scaleY: 1.5
03-17 10:48:58.980  5712  5712 D zjy     : view visibility = 7
03-17 10:48:58.990  5712  5712 I HUREV   : [1] AapProjectionActivity.onResume | AapProjectionActivity: onResume
03-17 10:48:58.990  5712  5712 D zjy     : view visibility = 7
03-17 10:48:59.100  5712  6408 I HUREV   : [175] m.e | USB reads recovered after 1 errors
03-17 10:48:59.100  5712  6408 I HUREV   : [175] s0.l | Handshake: Version response received (ret=12, attempt=1).
03-17 10:48:59.100  5712  6408 I HUREV   : [175] s0.l | Handshake: Version response recv ret: 12
03-17 10:48:59.160  5712  5712 D zjy     : view visibility = 7
03-17 10:48:59.460  5712  5712 I HUREV   : [1] i.onSurfaceTextureAvailable | TextureProjectionView: Surface available: 1920x720
03-17 10:48:59.470  5712  5712 I HUREV   : [1] AapProjectionActivity.d | [AapProjectionActivity] onSurfaceCreated
03-17 10:48:59.470  5712  5712 I HUREV   : [1] AapProjectionActivity.b | [AapProjectionActivity] onSurfaceChanged. Actual surface dimensions: width=1920, height=720
03-17 10:48:59.470  5712  5712 I HUREV   : [1] a0.p | New surface set: Surface(name=android.graphics.SurfaceTexture@42e73098)
03-17 10:48:59.770  5712  6408 I HUREV   : [175] n0.performHandshake | SSL handshake complete. Session id: 7ELego7RWuN7DAQ9fbZjAJPIgbLoPoop8kLvXH6v3Bs=
03-17 10:48:59.780  5712  6408 I HUREV   : [175] s0.l | Handshake: Status OK sent: 8
03-17 10:48:59.780  5712  6410 I HUREV   : [177] j.c | Audio Focus Request: stream=3, type=1
03-17 10:48:59.780  5712  6410 D AudioManager: Qian:requestAudioFocus:3
03-17 10:48:59.810  5712  6410 I HUREV   : [177] j.c | Audio focus request result (legacy): GRANTED
03-17 10:48:59.830  5712  6410 I HUREV   : [177] s0.E | Start Aap transport read loop
03-17 10:48:59.860  5712  6410 E dalvikvm: Could not find class 'android.app.NotificationChannel', referenced from method com.andrerinas.headunitrevived.aap.a$a.a
03-17 10:48:59.880  5712  6410 W dalvikvm: VFY: unable to resolve new-instance 67 (Landroid/app/NotificationChannel;) in Lcom/andrerinas/headunitrevived/aap/a$a;
03-17 10:48:59.880  5712  6410 D dalvikvm: VFY: replacing opcode 0x22 at 0x000b
03-17 10:48:59.890  5712  6410 D dalvikvm: DexOpt: unable to opt direct call 0x019c at 0x16 in Lcom/andrerinas/headunitrevived/aap/a$a;.a
03-17 10:48:59.920  5712  5712 I HUREV   : [1] g.onReceive | Received request to resend night mode state
03-17 10:48:59.920  5712  5712 I HUREV   : [1] w.invoke | NightMode update: false
03-17 10:48:59.920  5712  6428 I HUREV   : [181] p.h | Service Discovery Request: Android
03-17 10:48:59.930  5712  6428 I HUREV   : [181] g.p | CarScreen: usable width: 1920 height: 720 (Raw: 1920x720, Insets: L0 T0 R0 B0)
03-17 10:48:59.930  5712  6428 I HUREV   : [181] g.p | CarScreen isSmallScreen: true, scaleFactor: 1.0
03-17 10:48:59.930  5712  6428 I HUREV   : [181] g.p | CarScreen using: _1920x1080, number: 3, scales: scaleX: 1.0, scaleY: 1.5
03-17 10:48:59.940  5712  6428 I HUREV   : [181] a.b | [ServiceDiscovery] Announcing NIGHT sensor support. Strategy: MANUAL_TIME
03-17 10:48:59.960  5712  6428 I HUREV   : [181] a.b | [ServiceDiscovery] NegotiatedResolution is: 1920x1080
03-17 10:48:59.960  5712  6428 I HUREV   : [181] a.b | [ServiceDiscovery] Margins are: 0x360
03-17 10:48:59.980  5712  6428 I HUREV   : [181] a.b | BT MAC Address is empty. Skip bluetooth service
03-17 10:49:00.120  5712  5716 D dalvikvm: GC_CONCURRENT freed 798K, 62% free 10069K/25856K, paused 12ms+33ms, total 177ms
03-17 10:49:00.120  5712  5712 D dalvikvm: WAIT_FOR_CONCURRENT_GC blocked 94ms
03-17 10:49:00.330  5712  6428 I HUREV   : [181] m.e | USB reads recovered after 2 errors
03-17 10:49:00.330  5712  6428 I HUREV   : [181] p.c | Audio Focus Request: RELEASE
03-17 10:49:00.330  5712  6428 I HUREV   : [181] j.c | Audio Focus Request: stream=3, type=4
03-17 10:49:00.330  5712  6428 D AudioManager: Qian:abandonAudioFocus:
03-17 10:49:00.330  5712  6428 I HUREV   : [181] j.c | Audio focus request result (legacy): GRANTED
03-17 10:49:00.340  5712  6428 I HUREV   : [181] p.c | Sending immediate AudioFocusNotification: STATE_LOSS
03-17 10:49:00.400  5712  6428 I HUREV   : [181] m.b | Media Sink Setup Request: 2 on channel AUDIO2
03-17 10:49:00.480  5712  6428 I HUREV   : [181] m.b | Config response: status: HEADUNIT
03-17 10:49:00.480  5712  6428 I HUREV   : max_unacked: 3
03-17 10:49:00.480  5712  6428 I HUREV   : configuration_indices: 0
03-17 10:49:00.480  5712  6428 I HUREV   : [181] m.b | Media Sink Setup Request: 2 on channel AUDIO1
03-17 10:49:00.480  5712  6428 I HUREV   : [181] m.b | Config response: status: HEADUNIT
03-17 10:49:00.480  5712  6428 I HUREV   : max_unacked: 3
03-17 10:49:00.480  5712  6428 I HUREV   : configuration_indices: 0
03-17 10:49:00.490  5712  6428 I HUREV   : [181] n.b | Sensor Start Request sensor: DRIVING_STATUS, minUpdatePeriod: 0
03-17 10:49:00.490  5712  6428 I HUREV   : [181] n.b | SENSOR Sensor Start Response type: 32770 flags: 11 size: 8 dataOffset: 6
03-17 10:49:00.490  5712  6428 I HUREV   : [181] m.b | Media Sink Setup Request: 2 on channel AUDIO
03-17 10:49:00.490  5712  6428 I HUREV   : [181] m.b | Config response: status: HEADUNIT
03-17 10:49:00.490  5712  6428 I HUREV   : max_unacked: 3
03-17 10:49:00.490  5712  6428 I HUREV   : configuration_indices: 0
03-17 10:49:00.500  5712  6428 W HUREV   : [181] t0.a | AapVideo: Dropped Flag 11 packet. len=4, buf[10]=?
03-17 10:49:00.500  5712  6428 I HUREV   : [181] m.b | Media Sink Setup Request: 3 on channel VIDEO
03-17 10:49:00.500  5712  6428 I HUREV   : [181] m.b | Config response: status: HEADUNIT
03-17 10:49:00.500  5712  6428 I HUREV   : max_unacked: 1
03-17 10:49:00.500  5712  6428 I HUREV   : configuration_indices: 0
03-17 10:49:00.500  5712  6428 I HUREV   : [181] n.b | Sensor Start Request sensor: NIGHT, minUpdatePeriod: 0
03-17 10:49:00.500  5712  6428 I HUREV   : [181] n.b | SENSOR Sensor Start Response type: 32770 flags: 11 size: 8 dataOffset: 6
03-17 10:49:00.500  5712  6428 I HUREV   : [181] n.b | Night sensor requested. Triggering immediate update.
03-17 10:49:00.530  5712  5712 I HUREV   : [1] g.onReceive | Received request to resend night mode state
03-17 10:49:00.530  5712  5712 I HUREV   : [1] w.invoke | NightMode update: false
03-17 10:49:00.540  5712  5712 I HUREV   : [1] AapProjectionActivity.onPause | AapProjectionActivity: onPause
03-17 10:49:00.540  5712  5712 I HUREV   : [1] AapProjectionActivity.onNewIntent | AapProjectionActivity: onNewIntent received
03-17 10:49:00.550  5712  5712 I HUREV   : [1] AapProjectionActivity.onResume | AapProjectionActivity: onResume
03-17 10:49:00.550  5712  5712 D zjy     : view visibility = 7
03-17 10:49:03.010  5712  6428 W HUREV   : [181] m.e | USB read errors (10) for 2s — waiting for recovery...
03-17 10:49:03.560  5712  5712 W HUREV   : [1] k.run | Watchdog: No video received. Requesting Keyframe (Unsolicited Focus)...
03-17 10:49:03.580  5712  6428 I HUREV   : [181] m.e | USB reads recovered after 11 errors
03-17 10:49:03.580  5712  6428 W HUREV   : [181] t0.a | AapVideo: Dropped Flag 11 packet. len=6, buf[10]=?
03-17 10:49:03.580  5712  6428 I HUREV   : [181] m.d | Media Start Request VIDEO: session_id: 0
03-17 10:49:03.580  5712  6428 I HUREV   : configuration_index: 0
03-17 10:49:04.300  5712  6428 I HUREV   : [181] m.e | USB reads recovered after 4 errors
03-17 10:49:04.310  5712  6428 I HUREV   : [181] a0.c | H.264/AVC config detected in frame (30 bytes)
03-17 10:49:04.320  5712  6428 I HUREV   : [181] a0.m | SPS parsed: 1920x1080
03-17 10:49:04.320  5712  6428 I HUREV   : [181] AapProjectionActivity.a | [AapProjectionActivity] Received video dimensions: 1920x1080
03-17 10:49:04.330  5712  5712 I HUREV   : [1] i.a | TextureProjectionView
03-17 10:49:04.340  5712  5712 I HUREV   : [1] h.a | ProjectionViewScaler: Dimensions: Video: 1920x1080, Content: 1920x640, View: 1920x720
03-17 10:49:04.340  5712  5712 I HUREV   : [1] h.a | ProjectionViewScaler: Scale updated for view i. scaleX: 1.0, scaleY: 1.5
03-17 10:49:04.350  5712  6518 I OMXClient: Using client-side OMX mux.
03-17 10:49:04.360  5712  6428 I HUREV   : [181] a0.q | Configuring decoder: OMX.Freescale.std.video_decoder.avc.v3.hw-based with surface
03-17 10:49:04.370  5712  6518 I ACodec  : Send reorder config(0) to VPU
03-17 10:49:05.250  5712  6428 I HUREV   : [181] a0.q | Codec initialized: OMX.Freescale.std.video_decoder.avc.v3.hw-based for stream 1920x1080
03-17 10:49:05.260  5712  6529 I HUREV   : [183] a0.l | Output thread started
03-17 10:49:05.580  5712  6529 I HUREV   : [183] a0.j | Output Format Changed: {height=1088, what=1869968451, color-format=19, slice-height=0, crop-left=0, width=1920, crop-bottom=1079, crop-top=0, mime=video/raw, stride=1920, crop-right=1919}
03-17 10:49:05.580  5712  6529 I HUREV   : [183] a0.j | Video dimensions changed via format: 1920x1088
03-17 10:49:05.580  5712  6529 I HUREV   : [183] AapProjectionActivity.a | [AapProjectionActivity] Received video dimensions: 1920x1088
03-17 10:49:05.590  5712  6518 E ACodec  : dequeueBuffer failed.
03-17 10:49:05.590  5712  5712 I HUREV   : [1] i.a | TextureProjectionView
03-17 10:49:05.600  5712  5712 I HUREV   : [1] h.a | ProjectionViewScaler: Dimensions: Video: 1920x1088, Content: 1920x640, View: 1920x720
03-17 10:49:05.610  5712  5712 I HUREV   : [1] h.a | ProjectionViewScaler: Scale updated for view i. scaleX: 1.0, scaleY: 1.5
03-17 10:49:05.620  5712  6518 E ACodec  : dequeueBuffer failed.
03-17 10:49:07.840  5712  6428 I HUREV   : [181] m.e | USB reads recovered after 5 errors
03-17 10:49:09.310  5712  6428 I HUREV   : [181] m.e | USB reads recovered after 3 errors
03-17 10:49:10.870  5712  6428 I HUREV   : [181] m.e | USB reads recovered after 6 errors
03-17 10:49:12.440  5712  6428 I HUREV   : [181] m.e | USB reads recovered after 2 errors
03-17 10:49:14.180  5712  6428 I HUREV   : [181] p.c | Audio Focus Request: GAIN
03-17 10:49:14.180  5712  6428 I HUREV   : [181] j.c | Audio Focus Request: stream=3, type=1
03-17 10:49:14.180  5712  6428 D AudioManager: Qian:requestAudioFocus:3
03-17 10:49:14.190  5712  5722 D AudioManager: dispatchAudioFocusChange [android.media.AudioManager@4396e758w0.d@42e53ea0], hint = -1
03-17 10:49:14.190  5712  6428 I HUREV   : [181] j.c | Audio focus request result (legacy): GRANTED
03-17 10:49:14.190  5712  6428 I HUREV   : [181] p.c | Sending immediate AudioFocusNotification: STATE_GAIN
03-17 10:49:14.200  5712  5712 D AudioManager: Begin listener.onAudioFocusChange  [android.media.AudioManager@4396e758w0.d@42e53ea0], hint = -1
03-17 10:49:14.220  5712  5712 D AudioManager: End listener.onAudioFocusChange [android.media.AudioManager@4396e758w0.d@42e53ea0], hint = -1
03-17 10:49:17.820  5712  5716 D dalvikvm: GC_CONCURRENT freed 1913K, 60% free 10387K/25856K, paused 15ms+7ms, total 132ms
03-17 10:49:27.130  5712  6428 W HUREV   : [181] a0.e | Decoder input buffer full, retrying...
03-17 10:49:34.930  5712  6428 W HUREV   : [181] a0.e | Decoder input buffer full, retrying...
03-17 10:49:35.850  5712  5716 D dalvikvm: GC_CONCURRENT freed 2435K, 60% free 10400K/25856K, paused 36ms+16ms, total 284ms
03-17 10:49:35.850  5712  6428 D dalvikvm: WAIT_FOR_CONCURRENT_GC blocked 56ms
03-17 10:49:35.860  5712  5718 I dalvikvm: Jit: resizing JitTable from 4096 to 8192
03-17 10:49:38.940  5712  6428 W HUREV   : [181] a0.e | Decoder input buffer full, retrying...
03-17 10:49:48.520  5712  5716 D dalvikvm: GC_CONCURRENT freed 2375K, 60% free 10392K/25856K, paused 26ms+8ms, total 360ms
03-17 10:49:50.680  5712  5712 D zjy     : view visibility = 7
03-17 10:50:04.800  5712  5712 I HUREV   : [1] AapProjectionActivity.onPause | AapProjectionActivity: onPause
03-17 10:50:04.880  5712  5712 D zjy     : view visibility = 7
03-17 10:50:04.990  5712  5712 I HUREV   : [1] AapProjectionActivity.onResume | AapProjectionActivity: onResume
03-17 10:50:04.990  5712  5712 D zjy     : view visibility = 7
03-17 10:50:07.790  5712  5716 D dalvikvm: GC_CONCURRENT freed 2352K, 60% free 10388K/25856K, paused 11ms+8ms, total 159ms
03-17 10:50:23.850  5712  5716 D dalvikvm: GC_CONCURRENT freed 2382K, 60% free 10431K/25856K, paused 11ms+11ms, total 149ms
03-17 10:50:31.480  5712  5716 D dalvikvm: GC_CONCURRENT freed 2499K, 60% free 10416K/25856K, paused 8ms+10ms, total 147ms
03-17 10:50:34.990  5712  5716 D dalvikvm: GC_CONCURRENT freed 2442K, 60% free 10392K/25856K, paused 11ms+7ms, total 143ms
03-17 10:50:36.950  5712  6428 W HUREV   : [181] a0.e | Decoder input buffer full, retrying...
03-17 10:50:39.160  5712  5716 D dalvikvm: GC_CONCURRENT freed 2353K, 60% free 10405K/25856K, paused 8ms+4ms, total 97ms
03-17 10:50:43.230  5712  5716 D dalvikvm: GC_CONCURRENT freed 2438K, 60% free 10440K/25856K, paused 13ms+5ms, total 179ms
03-17 10:50:46.500  5712  5716 D dalvikvm: GC_CONCURRENT freed 2475K, 60% free 10426K/25856K, paused 8ms+11ms, total 190ms
03-17 10:50:49.790  5712  5716 D dalvikvm: GC_CONCURRENT freed 2448K, 60% free 10409K/25856K, paused 15ms+12ms, total 123ms
03-17 10:50:54.500  5712  5716 D dalvikvm: GC_CONCURRENT freed 2408K, 60% free 10416K/25856K, paused 16ms+9ms, total 120ms
03-17 10:51:00.990  5712  5716 D dalvikvm: GC_CONCURRENT freed 2478K, 60% free 10404K/25856K, paused 20ms+9ms, total 183ms
03-17 10:51:00.990  5712  6428 D dalvikvm: WAIT_FOR_CONCURRENT_GC blocked 85ms
03-17 10:51:04.270  5712  5716 D dalvikvm: GC_CONCURRENT freed 2448K, 60% free 10441K/25856K, paused 9ms+11ms, total 181ms
03-17 10:51:07.080  5712  5716 D dalvikvm: GC_CONCURRENT freed 2463K, 60% free 10417K/25856K, paused 18ms+7ms, total 118ms
03-17 10:51:08.270  5712  6428 I HUREV   : [181] m.d | Media Start Request AUDIO: session_id: 0
03-17 10:51:08.270  5712  6428 I HUREV   : configuration_index: 0
03-17 10:51:08.300  5712  6428 I HUREV   : [181] j.a | AudioDecoder.start: channel=6, stream=3, gain=1.0, sampleRate=48000, numberOfBits=16, numberOfChannels=2, isAac=true
03-17 10:51:08.300  5712  6428 E dalvikvm: Could not find class 'android.media.AudioAttributes$Builder', referenced from method y0.s.f
03-17 10:51:08.300  5712  6428 W dalvikvm: VFY: unable to resolve new-instance 245 (Landroid/media/AudioAttributes$Builder;) in Ly0/s;
03-17 10:51:08.300  5712  6428 D dalvikvm: VFY: replacing opcode 0x22 at 0x0054
03-17 10:51:08.310  5712  6428 W dalvikvm: Unable to resolve superclass of Ly0/s$a; (257)
03-17 10:51:08.310  5712  6428 W dalvikvm: Link of class 'Ly0/s$a;' failed
03-17 10:51:08.310  5712  6428 E dalvikvm: Could not find class 'y0.s$a', referenced from method y0.s.i
03-17 10:51:08.310  5712  6428 W dalvikvm: VFY: unable to resolve new-instance 6443 (Ly0/s$a;) in Ly0/s;
03-17 10:51:08.310  5712  6428 D dalvikvm: VFY: replacing opcode 0x22 at 0x0040
03-17 10:51:08.310  5712  6428 D dalvikvm: DexOpt: unable to opt direct call 0x04eb at 0x56 in Ly0/s;.f
03-17 10:51:08.310  5712  6428 D dalvikvm: DexOpt: unable to opt direct call 0x04f7 at 0x63 in Ly0/s;.f
03-17 10:51:08.320  5712  6428 D dalvikvm: DexOpt: unable to opt direct call 0x0514 at 0x78 in Ly0/s;.f
03-17 10:51:08.320  5712  6428 W dalvikvm: Unable to resolve superclass of Ly0/s$a; (257)
03-17 10:51:08.320  5712  6428 W dalvikvm: Link of class 'Ly0/s$a;' failed
03-17 10:51:08.320  5712  6428 D dalvikvm: DexOpt: unable to opt direct call 0xf20a at 0x42 in Ly0/s;.i
03-17 10:51:08.330  5712  6428 I HUREV   : [181] s.f | Audio stream: 3 buffer size: 245760 (min: 30720) sampleRateInHz: 48000 channelCount: 2
03-17 10:51:08.340  5712  6428 D AudioTrack: AudioTrack::start 0x40029410,mStreamType=3
03-17 10:51:08.360  5712  8419 I OMXClient: Using client-side OMX mux.
03-17 10:51:08.390  5712  8419 E OMXMaster: A component of name 'OMX.Freescale.std.parser.fsl.sw-based' already exists, ignoring this one.
03-17 10:51:08.390  5712  8419 E OMXMaster: A component of name 'OMX.Freescale.std.parser.fsl.sw-based' already exists, ignoring this one.
03-17 10:51:08.390  5712  8419 E OMXMaster: A component of name 'OMX.Freescale.std.parser.fsl.sw-based' already exists, ignoring this one.
03-17 10:51:08.390  5712  8419 E OMXMaster: A component of name 'OMX.Freescale.std.parser.fsl.sw-based' already exists, ignoring this one.
03-17 10:51:08.390  5712  8419 E OMXMaster: A component of name 'OMX.Freescale.std.parser.fsl.sw-based' already exists, ignoring this one.
03-17 10:51:08.390  5712  8419 E OMXMaster: A component of name 'OMX.Freescale.std.parser.fsl.sw-based' already exists, ignoring this one.
03-17 10:51:08.390  5712  8419 E OMXMaster: A component of name 'OMX.Freescale.std.parser.fsl.sw-based' already exists, ignoring this one.
03-17 10:51:08.390  5712  8419 E OMXMaster: A component of name 'OMX.Freescale.std.parser.fsl.sw-based' already exists, ignoring this one.
03-17 10:51:08.390  5712  8419 E OMXMaster: A component of name 'OMX.Freescale.std.parser.fsl.sw-based' already exists, ignoring this one.
03-17 10:51:08.390  5712  8419 E OMXMaster: A component of name 'OMX.Freescale.std.parser.fsl.sw-based' already exists, ignoring this one.
03-17 10:51:08.390  5712  8419 E OMXMaster: A component of name 'OMX.Freescale.std.parser.fsl.sw-based' already exists, ignoring this one.
03-17 10:51:08.390  5712  8419 E OMXMaster: A component of name 'OMX.Freescale.std.parser.streaming.sw-based' already exists, ignoring this one.
03-17 10:51:08.390  5712  8419 E OMXMaster: A component of name 'OMX.Freescale.std.parser.fsl.sw-based' already exists, ignoring this one.
03-17 10:51:08.410  5712  6428 I HUREV   : [181] s.i | AAC Decoder started for 48000 Hz, 2 channels with is-adts (Async)
03-17 10:51:08.410  5712  8420 I SoftAAC2: Reconfiguring decoder: 0->48000 Hz, 0->2 channels
03-17 10:51:08.750  5712  8422 W AudioTrack: releaseBuffer() track 0x40029410 name=0 disabled, restarting
03-17 10:51:09.150  5712  8422 W AudioTrack: releaseBuffer() track 0x40029410 name=0 disabled, restarting
03-17 10:51:09.500  5712  5716 D dalvikvm: GC_CONCURRENT freed 2496K, 60% free 10394K/25856K, paused 14ms+9ms, total 202ms
03-17 10:51:09.500  5712  6428 D dalvikvm: WAIT_FOR_CONCURRENT_GC blocked 80ms
03-17 10:51:09.560  5712  8422 W AudioTrack: releaseBuffer() track 0x40029410 name=0 disabled, restarting
03-17 10:51:11.860  5712  5716 D dalvikvm: GC_CONCURRENT freed 2435K, 60% free 10415K/25856K, paused 11ms+8ms, total 120ms
03-17 10:51:11.860  5712  6428 D dalvikvm: WAIT_FOR_CONCURRENT_GC blocked 64ms
03-17 10:51:12.730  5712  5716 D dalvikvm: GC_CONCURRENT freed 2265K, 59% free 10624K/25856K, paused 7ms+9ms, total 145ms
03-17 10:51:12.730  5712  6428 D dalvikvm: WAIT_FOR_CONCURRENT_GC blocked 69ms
03-17 10:51:12.740  5712  6518 D dalvikvm: WAIT_FOR_CONCURRENT_GC blocked 49ms
03-17 10:51:12.740  5712  8422 D dalvikvm: WAIT_FOR_CONCURRENT_GC blocked 29ms
03-17 10:51:14.320  5712  5716 D dalvikvm: GC_CONCURRENT freed 2540K, 59% free 10627K/25856K, paused 12ms+7ms, total 128ms
03-17 10:51:14.320  5712  8422 D dalvikvm: WAIT_FOR_CONCURRENT_GC blocked 34ms
03-17 10:51:14.320  5712  6428 D dalvikvm: WAIT_FOR_CONCURRENT_GC blocked 30ms
03-17 10:51:16.090  5712  5716 D dalvikvm: GC_CONCURRENT freed 2529K, 59% free 10640K/25856K, paused 25ms+4ms, total 148ms
03-17 10:51:16.090  5712  6428 D dalvikvm: WAIT_FOR_CONCURRENT_GC blocked 74ms
03-17 10:51:16.090  5712  8422 D dalvikvm: WAIT_FOR_CONCURRENT_GC blocked 71ms
03-17 10:51:17.970  5712  5716 D dalvikvm: GC_CONCURRENT freed 2551K, 59% free 10636K/25856K, paused 16ms+8ms, total 146ms
03-17 10:51:17.970  5712  6428 D dalvikvm: WAIT_FOR_CONCURRENT_GC blocked 99ms
03-17 10:51:17.970  5712  8422 D dalvikvm: WAIT_FOR_CONCURRENT_GC blocked 69ms
03-17 10:51:20.610  5712  5716 D dalvikvm: GC_CONCURRENT freed 2541K, 59% free 10637K/25856K, paused 11ms+4ms, total 105ms
03-17 10:51:20.610  5712  6428 D dalvikvm: WAIT_FOR_CONCURRENT_GC blocked 46ms
03-17 10:51:22.010  5712  5716 D dalvikvm: GC_CONCURRENT freed 2542K, 59% free 10641K/25856K, paused 26ms+5ms, total 120ms
03-17 10:51:22.010  5712  6428 D dalvikvm: WAIT_FOR_CONCURRENT_GC blocked 62ms
03-17 10:51:22.010  5712  8422 D dalvikvm: WAIT_FOR_CONCURRENT_GC blocked 26ms
03-17 10:51:23.870  5712  5716 D dalvikvm: GC_CONCURRENT freed 2556K, 59% free 10631K/25856K, paused 8ms+6ms, total 116ms
03-17 10:51:23.870  5712  6428 D dalvikvm: WAIT_FOR_CONCURRENT_GC blocked 56ms
03-17 10:51:25.940  5712  5716 D dalvikvm: GC_CONCURRENT freed 2546K, 59% free 10630K/25856K, paused 10ms+5ms, total 133ms
03-17 10:51:25.940  5712  8422 D dalvikvm: WAIT_FOR_CONCURRENT_GC blocked 17ms
03-17 10:51:25.940  5712  6428 D dalvikvm: WAIT_FOR_CONCURRENT_GC blocked 31ms
03-17 10:51:28.010  5712  5716 D dalvikvm: GC_CONCURRENT freed 2544K, 59% free 10641K/25856K, paused 8ms+7ms, total 135ms
03-17 10:51:28.010  5712  6428 D dalvikvm: WAIT_FOR_CONCURRENT_GC blocked 30ms
03-17 10:51:30.060  5712  5716 D dalvikvm: GC_CONCURRENT freed 2554K, 59% free 10639K/25856K, paused 12ms+5ms, total 153ms
03-17 10:51:30.060  5712  6428 D dalvikvm: WAIT_FOR_CONCURRENT_GC blocked 33ms
03-17 10:51:32.080  5712  5716 D dalvikvm: GC_CONCURRENT freed 2548K, 59% free 10640K/25856K, paused 16ms+6ms, total 149ms
03-17 10:51:32.080  5712  8422 D dalvikvm: WAIT_FOR_CONCURRENT_GC blocked 53ms
03-17 10:51:32.080  5712  6518 D dalvikvm: WAIT_FOR_CONCURRENT_GC blocked 26ms
03-17 10:51:32.080  5712  6428 D dalvikvm: WAIT_FOR_CONCURRENT_GC blocked 48ms
03-17 10:51:34.180  5712  5716 D dalvikvm: GC_CONCURRENT freed 2533K, 59% free 10659K/25856K, paused 8ms+9ms, total 118ms
03-17 10:51:36.240  5712  5716 D dalvikvm: GC_CONCURRENT freed 2540K, 59% free 10652K/25856K, paused 15ms+8ms, total 138ms
03-17 10:51:38.100  5712  5716 D dalvikvm: GC_CONCURRENT freed 2561K, 59% free 10637K/25856K, paused 16ms+9ms, total 175ms
03-17 10:51:38.100  5712  6428 D dalvikvm: WAIT_FOR_CONCURRENT_GC blocked 82ms
03-17 10:51:39.920  5712  5716 D dalvikvm: GC_CONCURRENT freed 2538K, 59% free 10636K/25856K, paused 11ms+13ms, total 150ms
03-17 10:51:39.920  5712  6428 D dalvikvm: WAIT_FOR_CONCURRENT_GC blocked 58ms
03-17 10:51:41.850  5712  5716 D dalvikvm: GC_CONCURRENT freed 2548K, 59% free 10645K/25856K, paused 9ms+6ms, total 96ms
03-17 10:51:43.960  5712  5716 D dalvikvm: GC_CONCURRENT freed 2549K, 59% free 10650K/25856K, paused 9ms+10ms, total 135ms
03-17 10:51:45.750  5712  5716 D dalvikvm: GC_CONCURRENT freed 2571K, 59% free 10621K/25856K, paused 33ms+5ms, total 171ms
03-17 10:51:45.750  5712  6428 D dalvikvm: WAIT_FOR_CONCURRENT_GC blocked 88ms
03-17 10:51:47.460  5712  5716 D dalvikvm: GC_CONCURRENT freed 2524K, 59% free 10630K/25856K, paused 13ms+9ms, total 149ms
03-17 10:51:47.460  5712  6428 D dalvikvm: WAIT_FOR_CONCURRENT_GC blocked 57ms
03-17 10:51:49.340  5712  5716 D dalvikvm: GC_CONCURRENT freed 2534K, 59% free 10667K/25856K, paused 9ms+8ms, total 137ms
03-17 10:51:51.120  5712  5716 D dalvikvm: GC_CONCURRENT freed 2571K, 59% free 10656K/25856K, paused 6ms+12ms, total 132ms
03-17 10:51:51.120  5712  6428 D dalvikvm: WAIT_FOR_CONCURRENT_GC blocked 43ms
03-17 10:51:52.850  5712  5716 D dalvikvm: GC_CONCURRENT freed 2568K, 59% free 10643K/25856K, paused 16ms+12ms, total 177ms
03-17 10:51:52.850  5712  6428 D dalvikvm: WAIT_FOR_CONCURRENT_GC blocked 82ms
03-17 10:51:52.850  5712  8422 D dalvikvm: WAIT_FOR_CONCURRENT_GC blocked 69ms
03-17 10:51:54.690  5712  5716 D dalvikvm: GC_CONCURRENT freed 2555K, 59% free 10638K/25856K, paused 11ms+8ms, total 169ms
03-17 10:51:54.690  5712  6428 D dalvikvm: WAIT_FOR_CONCURRENT_GC blocked 41ms
03-17 10:51:54.690  5712  8422 D dalvikvm: WAIT_FOR_CONCURRENT_GC blocked 29ms
03-17 10:51:56.690  5712  5716 D dalvikvm: GC_CONCURRENT freed 2546K, 59% free 10640K/25856K, paused 9ms+7ms, total 132ms
03-17 10:51:56.690  5712  8422 D dalvikvm: WAIT_FOR_CONCURRENT_GC blocked 26ms
03-17 10:51:56.690  5712  6428 D dalvikvm: WAIT_FOR_CONCURRENT_GC blocked 25ms
03-17 10:51:58.510  5712  5716 D dalvikvm: GC_CONCURRENT freed 2541K, 59% free 10644K/25856K, paused 15ms+5ms, total 138ms
03-17 10:51:58.510  5712  6428 D dalvikvm: WAIT_FOR_CONCURRENT_GC blocked 70ms
03-17 10:52:00.510  5712  5716 D dalvikvm: GC_CONCURRENT freed 2551K, 59% free 10641K/25856K, paused 15ms+8ms, total 145ms
03-17 10:52:00.510  5712  6428 D dalvikvm: WAIT_FOR_CONCURRENT_GC blocked 67ms
03-17 10:52:00.510  5712  8422 D dalvikvm: WAIT_FOR_CONCURRENT_GC blocked 59ms
03-17 10:52:02.290  5712  5716 D dalvikvm: GC_CONCURRENT freed 2548K, 59% free 10641K/25856K, paused 8ms+19ms, total 162ms
03-17 10:52:02.290  5712  6428 D dalvikvm: WAIT_FOR_CONCURRENT_GC blocked 51ms
03-17 10:52:02.290  5712  8422 D dalvikvm: WAIT_FOR_CONCURRENT_GC blocked 51ms
03-17 10:52:04.770  5712  5716 D dalvikvm: GC_CONCURRENT freed 2543K, 59% free 10637K/25856K, paused 8ms+4ms, total 127ms
03-17 10:52:04.770  5712  6428 D dalvikvm: WAIT_FOR_CONCURRENT_GC blocked 59ms
03-17 10:52:06.480  5712  5716 D dalvikvm: GC_CONCURRENT freed 2540K, 59% free 10642K/25856K, paused 9ms+7ms, total 120ms
03-17 10:52:06.480  5712  6428 D dalvikvm: WAIT_FOR_CONCURRENT_GC blocked 54ms
03-17 10:52:08.210  5712  5716 D dalvikvm: GC_CONCURRENT freed 2519K, 59% free 10653K/25856K, paused 8ms+7ms, total 115ms
03-17 10:52:09.900  5712  5716 D dalvikvm: GC_CONCURRENT freed 2559K, 59% free 10644K/25856K, paused 9ms+6ms, total 131ms
03-17 10:52:09.900  5712  6428 D dalvikvm: WAIT_FOR_CONCURRENT_GC blocked 78ms
03-17 10:52:10.550  5712  6428 I HUREV   : [181] m.d | Media Start Request AUDIO1: session_id: 0
03-17 10:52:10.550  5712  6428 I HUREV   : configuration_index: 0
03-17 10:52:10.570  5712  6428 I HUREV   : [181] j.a | AudioDecoder.start: channel=4, stream=3, gain=1.0, sampleRate=16000, numberOfBits=16, numberOfChannels=1, isAac=true
03-17 10:52:10.570  5712  6428 I HUREV   : [181] s.f | Audio stream: 3 buffer size: 40960 (min: 5120) sampleRateInHz: 16000 channelCount: 1
03-17 10:52:10.580  5712  6428 D AudioTrack: AudioTrack::start 0x68783688,mStreamType=3
03-17 10:52:10.580  5712  8949 I OMXClient: Using client-side OMX mux.
03-17 10:52:10.580  5712  8949 E OMXMaster: A component of name 'OMX.Freescale.std.parser.fsl.sw-based' already exists, ignoring this one.
03-17 10:52:10.580  5712  8949 E OMXMaster: A component of name 'OMX.Freescale.std.parser.fsl.sw-based' already exists, ignoring this one.
03-17 10:52:10.580  5712  8949 E OMXMaster: A component of name 'OMX.Freescale.std.parser.fsl.sw-based' already exists, ignoring this one.
03-17 10:52:10.580  5712  8949 E OMXMaster: A component of name 'OMX.Freescale.std.parser.fsl.sw-based' already exists, ignoring this one.
03-17 10:52:10.580  5712  8949 E OMXMaster: A component of name 'OMX.Freescale.std.parser.fsl.sw-based' already exists, ignoring this one.
