03-17 12:29:56.060  3763  3768 D dalvikvm: GC_CONCURRENT freed 2472K, 56% free 10595K/23992K, paused 6ms+5ms, total 101ms
03-17 12:29:59.950  3763  3768 D dalvikvm: GC_CONCURRENT freed 2493K, 56% free 10580K/23992K, paused 8ms+5ms, total 95ms
03-17 12:30:03.300  3763  3768 D dalvikvm: GC_CONCURRENT freed 2453K, 56% free 10592K/23992K, paused 6ms+5ms, total 99ms
03-17 12:30:06.600  3763  3768 D dalvikvm: GC_CONCURRENT freed 2481K, 56% free 10578K/23992K, paused 10ms+6ms, total 112ms
03-17 12:30:10.470  3763  3768 D dalvikvm: GC_CONCURRENT freed 2510K, 56% free 10589K/23992K, paused 9ms+15ms, total 149ms
03-17 12:30:14.110  3763  3768 D dalvikvm: GC_CONCURRENT freed 2542K, 56% free 10573K/23992K, paused 9ms+8ms, total 155ms
03-17 12:30:14.110  3763  7067 D dalvikvm: WAIT_FOR_CONCURRENT_GC blocked 20ms
03-17 12:30:18.770  3763  3768 D dalvikvm: GC_CONCURRENT freed 2526K, 56% free 10560K/23992K, paused 11ms+7ms, total 110ms
03-17 12:30:18.770  3763  7067 D dalvikvm: WAIT_FOR_CONCURRENT_GC blocked 37ms
03-17 12:30:21.990  3763  3768 D dalvikvm: GC_CONCURRENT freed 2490K, 56% free 10590K/23992K, paused 6ms+8ms, total 95ms
03-17 12:30:25.070  3763  3768 D dalvikvm: GC_CONCURRENT freed 2480K, 56% free 10566K/23992K, paused 7ms+8ms, total 87ms
03-17 12:30:28.070  3763  3768 D dalvikvm: GC_CONCURRENT freed 2485K, 56% free 10576K/23992K, paused 5ms+4ms, total 71ms
03-17 12:30:32.010  3763  3768 D dalvikvm: GC_CONCURRENT freed 2524K, 56% free 10576K/23992K, paused 7ms+5ms, total 89ms
03-17 12:30:32.010  3763  7067 D dalvikvm: WAIT_FOR_CONCURRENT_GC blocked 14ms
03-17 12:30:36.260  3763  3768 D dalvikvm: GC_CONCURRENT freed 2438K, 56% free 10561K/23992K, paused 8ms+5ms, total 83ms
03-17 12:30:39.410  3763  3768 D dalvikvm: GC_CONCURRENT freed 2449K, 56% free 10576K/23992K, paused 4ms+6ms, total 101ms
03-17 12:30:41.720  3763  7067 I HUREV   : [55] m.d | Media Start Request AUDIO1: session_id: 1
03-17 12:30:41.720  3763  7067 I HUREV   : configuration_index: 0
03-17 12:30:41.730  3763  7067 I HUREV   : [55] j.a | AudioDecoder.start: channel=4, stream=3, gain=1.0, sampleRate=16000, numberOfBits=16, numberOfChannels=1, isAac=true
03-17 12:30:41.740  3763  7067 I HUREV   : [55] s.f | Audio stream: 3 buffer size: 40960 (min: 5120) sampleRateInHz: 16000 channelCount: 1
03-17 12:30:41.750  3763  7067 D AudioTrack: AudioTrack::start 0x7ec21a18,mStreamType=3
03-17 12:30:41.760  3763  8251 I OMXClient: Using client-side OMX mux.
03-17 12:30:41.780  3763  8251 E OMXMaster: A component of name 'OMX.Freescale.std.parser.fsl.sw-based' already exists, ignoring this one.
03-17 12:30:41.780  3763  8251 E OMXMaster: A component of name 'OMX.Freescale.std.parser.fsl.sw-based' already exists, ignoring this one.
03-17 12:30:41.780  3763  8251 E OMXMaster: A component of name 'OMX.Freescale.std.parser.fsl.sw-based' already exists, ignoring this one.
03-17 12:30:41.780  3763  8251 E OMXMaster: A component of name 'OMX.Freescale.std.parser.fsl.sw-based' already exists, ignoring this one.
03-17 12:30:41.780  3763  8251 E OMXMaster: A component of name 'OMX.Freescale.std.parser.fsl.sw-based' already exists, ignoring this one.
03-17 12:30:41.780  3763  8251 E OMXMaster: A component of name 'OMX.Freescale.std.parser.fsl.sw-based' already exists, ignoring this one.
03-17 12:30:41.780  3763  8251 E OMXMaster: A component of name 'OMX.Freescale.std.parser.fsl.sw-based' already exists, ignoring this one.
03-17 12:30:41.780  3763  8251 E OMXMaster: A component of name 'OMX.Freescale.std.parser.fsl.sw-based' already exists, ignoring this one.
03-17 12:30:41.780  3763  8251 E OMXMaster: A component of name 'OMX.Freescale.std.parser.fsl.sw-based' already exists, ignoring this one.
03-17 12:30:41.790  3763  8251 E OMXMaster: A component of name 'OMX.Freescale.std.parser.fsl.sw-based' already exists, ignoring this one.
03-17 12:30:41.790  3763  8251 E OMXMaster: A component of name 'OMX.Freescale.std.parser.fsl.sw-based' already exists, ignoring this one.
03-17 12:30:41.790  3763  8251 E OMXMaster: A component of name 'OMX.Freescale.std.parser.streaming.sw-based' already exists, ignoring this one.
03-17 12:30:41.790  3763  8251 E OMXMaster: A component of name 'OMX.Freescale.std.parser.fsl.sw-based' already exists, ignoring this one.
03-17 12:30:41.800  3763  7067 I HUREV   : [55] s.i | AAC Decoder started for 16000 Hz, 1 channels with is-adts (Async)
03-17 12:30:41.800  3763  8257 I SoftAAC2: Reconfiguring decoder: 0->16000 Hz, 0->1 channels
03-17 12:30:42.210  3763  8259 W AudioTrack: releaseBuffer() track 0x7ec21a18 name=0 disabled, restarting
03-17 12:30:42.620  3763  8259 W AudioTrack: releaseBuffer() track 0x7ec21a18 name=0 disabled, restarting
03-17 12:30:43.000  3763  7067 I HUREV   : [55] m.c | Media Sink Stop Request: AUDIO1
03-17 12:30:43.000  3763  7067 I HUREV   : [55] j.d | Audio Stop: AUDIO1
03-17 12:30:43.010  3763  8259 D AudioTrack: AudioTrack::stop 0x7ec21a18,mStreamType=3
03-17 12:30:43.020  3763  8259 E HUREV   : [3241] s.e | Error during audio track cleanup
03-17 12:30:43.020  3763  8259 E HUREV   : java.lang.InterruptedException
03-17 12:30:43.020  3763  8259 E HUREV   : 	at java.lang.VMThread.sleep(Native Method)
03-17 12:30:43.020  3763  8259 E HUREV   : 	at java.lang.Thread.sleep(Thread.java:1013)
03-17 12:30:43.020  3763  8259 E HUREV   : 	at java.lang.Thread.sleep(Thread.java:995)
03-17 12:30:43.020  3763  8259 E HUREV   : 	at y0.s.e(r8-map-id-8722f06efe6fab086a70200d597343236d3225d15181a7b075b269dcf50b7ff7:125)
03-17 12:30:43.020  3763  8259 E HUREV   : 	at y0.s.run(r8-map-id-8722f06efe6fab086a70200d597343236d3225d15181a7b075b269dcf50b7ff7:85)
03-17 12:30:43.020  3763  8259 D AudioTrack: AudioTrack::stop 0x7ec21a18,mStreamType=3
03-17 12:30:43.020  3763  8259 D AudioTrack: AudioTrack::stop 0x7ec21a18,mStreamType=3
03-17 12:30:43.020  3763  8259 D AudioTrack: AudioTrack::stop 0x7ec21a18,mStreamType=3
03-17 12:30:43.020  3763  8259 I HUREV   : [3241] s.run | AudioTrackWrapper thread finished.
03-17 12:30:43.370  3763  3768 D dalvikvm: GC_CONCURRENT freed 2508K, 56% free 10580K/23992K, paused 7ms+12ms, total 116ms
03-17 12:30:46.560  3763  3768 D dalvikvm: GC_CONCURRENT freed 2455K, 56% free 10586K/23992K, paused 11ms+5ms, total 103ms
03-17 12:30:50.430  3763  3768 D dalvikvm: GC_CONCURRENT freed 2534K, 56% free 10577K/23992K, paused 8ms+6ms, total 135ms
03-17 12:30:50.430  3763  7067 D dalvikvm: WAIT_FOR_CONCURRENT_GC blocked 66ms
03-17 12:30:54.090  3763  3768 D dalvikvm: GC_CONCURRENT freed 2470K, 56% free 10586K/23992K, paused 11ms+14ms, total 138ms
03-17 12:30:57.640  3763  3768 D dalvikvm: GC_CONCURRENT freed 2465K, 56% free 10593K/23992K, paused 9ms+19ms, total 158ms
03-17 12:31:01.390  3763  3768 D dalvikvm: GC_CONCURRENT freed 2517K, 56% free 10579K/23992K, paused 26ms+8ms, total 174ms
03-17 12:31:04.560  3763  3768 D dalvikvm: GC_CONCURRENT freed 2437K, 56% free 10577K/23992K, paused 14ms+10ms, total 134ms
03-17 12:31:07.870  3763  3768 D dalvikvm: GC_CONCURRENT freed 2462K, 56% free 10576K/23992K, paused 8ms+6ms, total 114ms
03-17 12:31:11.860  3763  3768 D dalvikvm: GC_CONCURRENT freed 2502K, 56% free 10585K/23992K, paused 10ms+13ms, total 141ms
03-17 12:31:14.790  3763  3768 D dalvikvm: GC_CONCURRENT freed 2531K, 56% free 10577K/23992K, paused 9ms+8ms, total 114ms
03-17 12:31:14.790  3763  7067 D dalvikvm: WAIT_FOR_CONCURRENT_GC blocked 51ms
03-17 12:31:19.100  3763  3768 D dalvikvm: GC_CONCURRENT freed 2444K, 56% free 10595K/23992K, paused 6ms+18ms, total 123ms
03-17 12:31:22.930  3763  3768 D dalvikvm: GC_CONCURRENT freed 2462K, 56% free 10577K/23992K, paused 4ms+5ms, total 72ms
03-17 12:31:26.200  3763  3768 D dalvikvm: GC_CONCURRENT freed 2439K, 56% free 10593K/23992K, paused 6ms+5ms, total 69ms
03-17 12:31:29.890  3763  3768 D dalvikvm: GC_CONCURRENT freed 2453K, 56% free 10593K/23992K, paused 7ms+5ms, total 75ms
03-17 12:31:33.560  3763  3768 D dalvikvm: GC_CONCURRENT freed 2467K, 56% free 10594K/23992K, paused 5ms+6ms, total 79ms
03-17 12:31:37.030  3763  3768 D dalvikvm: GC_CONCURRENT freed 2492K, 56% free 10576K/23992K, paused 8ms+5ms, total 97ms
03-17 12:31:40.690  3763  3768 D dalvikvm: GC_CONCURRENT freed 2486K, 56% free 10600K/23992K, paused 11ms+8ms, total 122ms
03-17 12:31:44.330  3763  3768 D dalvikvm: GC_CONCURRENT freed 2490K, 56% free 10570K/23992K, paused 7ms+6ms, total 101ms
03-17 12:31:47.910  3763  3768 D dalvikvm: GC_CONCURRENT freed 2445K, 56% free 10595K/23992K, paused 10ms+7ms, total 120ms
03-17 12:31:51.390  3763  3768 D dalvikvm: GC_CONCURRENT freed 2520K, 56% free 10585K/23992K, paused 10ms+8ms, total 140ms
03-17 12:31:54.170  3763  3768 D dalvikvm: GC_CONCURRENT freed 2489K, 56% free 10579K/23992K, paused 7ms+6ms, total 106ms
03-17 12:31:59.280  3763  3768 D dalvikvm: GC_CONCURRENT freed 2508K, 56% free 10589K/23992K, paused 11ms+5ms, total 119ms
03-17 12:32:01.140  3763  7067 D dalvikvm: GC_FOR_ALLOC freed 2359K, 56% free 10561K/23992K, paused 64ms, total 64ms
03-17 12:32:05.230  3763  3768 D dalvikvm: GC_CONCURRENT freed 2436K, 56% free 10571K/23992K, paused 9ms+6ms, total 104ms
03-17 12:32:08.810  3763  3768 D dalvikvm: GC_CONCURRENT freed 2486K, 56% free 10566K/23992K, paused 10ms+7ms, total 113ms
03-17 12:32:12.410  3763  3768 D dalvikvm: GC_CONCURRENT freed 2514K, 56% free 10574K/23992K, paused 8ms+7ms, total 118ms
03-17 12:32:15.940  3763  3768 D dalvikvm: GC_CONCURRENT freed 2457K, 56% free 10574K/23992K, paused 5ms+5ms, total 76ms
03-17 12:32:19.870  3763  3768 D dalvikvm: GC_CONCURRENT freed 2446K, 56% free 10576K/23992K, paused 6ms+6ms, total 71ms
03-17 12:32:22.890  3763  3768 D dalvikvm: GC_CONCURRENT freed 2460K, 56% free 10576K/23992K, paused 5ms+7ms, total 73ms
03-17 12:32:26.910  3763  3768 D dalvikvm: GC_CONCURRENT freed 2457K, 56% free 10576K/23992K, paused 5ms+5ms, total 80ms
03-17 12:32:30.200  3763  3768 D dalvikvm: GC_CONCURRENT freed 2496K, 56% free 10567K/23992K, paused 9ms+4ms, total 96ms
03-17 12:32:33.810  3763  3768 D dalvikvm: GC_CONCURRENT freed 2432K, 56% free 10577K/23992K, paused 7ms+5ms, total 89ms
03-17 12:32:37.490  3763  3768 D dalvikvm: GC_CONCURRENT freed 2531K, 56% free 10565K/23992K, paused 10ms+6ms, total 102ms
03-17 12:32:37.490  3763  7067 D dalvikvm: WAIT_FOR_CONCURRENT_GC blocked 33ms
03-17 12:32:40.730  3763  3768 D dalvikvm: GC_CONCURRENT freed 2466K, 56% free 10577K/23992K, paused 14ms+7ms, total 104ms
03-17 12:32:44.710  3763  3768 D dalvikvm: GC_CONCURRENT freed 2477K, 56% free 10591K/23992K, paused 7ms+9ms, total 121ms
03-17 12:32:47.820  3763  3768 D dalvikvm: GC_CONCURRENT freed 2469K, 56% free 10575K/23992K, paused 11ms+6ms, total 105ms
03-17 12:32:52.000  3763  3768 D dalvikvm: GC_CONCURRENT freed 2495K, 56% free 10601K/23992K, paused 16ms+7ms, total 180ms
03-17 12:32:55.520  3763  3768 D dalvikvm: GC_CONCURRENT freed 2534K, 56% free 10568K/23992K, paused 12ms+6ms, total 213ms
03-17 12:32:55.520  3763  7067 D dalvikvm: WAIT_FOR_CONCURRENT_GC blocked 61ms
03-17 12:33:00.000  3763  3768 D dalvikvm: GC_CONCURRENT freed 2418K, 56% free 10586K/23992K, paused 9ms+8ms, total 119ms
03-17 12:33:07.330  3763  3768 D dalvikvm: GC_CONCURRENT freed 2433K, 56% free 10563K/23992K, paused 9ms+5ms, total 82ms
03-17 12:33:09.040  3763  7067 I HUREV   : [55] m.d | Media Start Request AUDIO: session_id: 0
03-17 12:33:09.040  3763  7067 I HUREV   : configuration_index: 0
03-17 12:33:09.060  3763  7067 I HUREV   : [55] j.a | AudioDecoder.start: channel=6, stream=3, gain=1.0, sampleRate=48000, numberOfBits=16, numberOfChannels=2, isAac=true
03-17 12:33:09.070  3763  7067 I HUREV   : [55] s.f | Audio stream: 3 buffer size: 245760 (min: 30720) sampleRateInHz: 48000 channelCount: 2
03-17 12:33:09.070  3763  7067 D AudioTrack: AudioTrack::start 0x664e3f80,mStreamType=3
03-17 12:33:09.070  3763  9253 I OMXClient: Using client-side OMX mux.
03-17 12:33:09.080  3763  9253 E OMXMaster: A component of name 'OMX.Freescale.std.parser.fsl.sw-based' already exists, ignoring this one.
03-17 12:33:09.080  3763  9253 E OMXMaster: A component of name 'OMX.Freescale.std.parser.fsl.sw-based' already exists, ignoring this one.
03-17 12:33:09.080  3763  9253 E OMXMaster: A component of name 'OMX.Freescale.std.parser.fsl.sw-based' already exists, ignoring this one.
03-17 12:33:09.080  3763  9253 E OMXMaster: A component of name 'OMX.Freescale.std.parser.fsl.sw-based' already exists, ignoring this one.
03-17 12:33:09.080  3763  9253 E OMXMaster: A component of name 'OMX.Freescale.std.parser.fsl.sw-based' already exists, ignoring this one.
03-17 12:33:09.080  3763  9253 E OMXMaster: A component of name 'OMX.Freescale.std.parser.fsl.sw-based' already exists, ignoring this one.
03-17 12:33:09.080  3763  9253 E OMXMaster: A component of name 'OMX.Freescale.std.parser.fsl.sw-based' already exists, ignoring this one.
03-17 12:33:09.080  3763  9253 E OMXMaster: A component of name 'OMX.Freescale.std.parser.fsl.sw-based' already exists, ignoring this one.
03-17 12:33:09.080  3763  9253 E OMXMaster: A component of name 'OMX.Freescale.std.parser.fsl.sw-based' already exists, ignoring this one.
03-17 12:33:09.080  3763  9253 E OMXMaster: A component of name 'OMX.Freescale.std.parser.fsl.sw-based' already exists, ignoring this one.
03-17 12:33:09.080  3763  9253 E OMXMaster: A component of name 'OMX.Freescale.std.parser.fsl.sw-based' already exists, ignoring this one.
03-17 12:33:09.080  3763  9253 E OMXMaster: A component of name 'OMX.Freescale.std.parser.streaming.sw-based' already exists, ignoring this one.
03-17 12:33:09.080  3763  9253 E OMXMaster: A component of name 'OMX.Freescale.std.parser.fsl.sw-based' already exists, ignoring this one.
03-17 12:33:09.090  3763  7067 I HUREV   : [55] s.i | AAC Decoder started for 48000 Hz, 2 channels with is-adts (Async)
03-17 12:33:09.100  3763  9254 I SoftAAC2: Reconfiguring decoder: 0->48000 Hz, 0->2 channels
03-17 12:33:09.540  3763  9256 W AudioTrack: releaseBuffer() track 0x664e3f80 name=0 disabled, restarting
03-17 12:33:09.940  3763  9256 W AudioTrack: releaseBuffer() track 0x664e3f80 name=0 disabled, restarting
03-17 12:33:10.370  3763  9256 W AudioTrack: releaseBuffer() track 0x664e3f80 name=0 disabled, restarting
03-17 12:33:11.960  3763  3768 D dalvikvm: GC_CONCURRENT freed 2436K, 56% free 10590K/23992K, paused 9ms+4ms, total 96ms
03-17 12:33:14.010  3763  3768 D dalvikvm: GC_CONCURRENT freed 2533K, 56% free 10583K/23992K, paused 8ms+6ms, total 91ms
03-17 12:33:17.330  3763  3768 D dalvikvm: GC_CONCURRENT freed 2483K, 56% free 10581K/23992K, paused 7ms+5ms, total 86ms
03-17 12:33:20.400  3763  3768 D dalvikvm: GC_CONCURRENT freed 2466K, 56% free 10589K/23992K, paused 6ms+4ms, total 82ms
03-17 12:33:23.030  3763  3768 D dalvikvm: GC_CONCURRENT freed 2552K, 56% free 10568K/23992K, paused 9ms+5ms, total 110ms
03-17 12:33:23.030  3763  7067 D dalvikvm: WAIT_FOR_CONCURRENT_GC blocked 49ms
03-17 12:33:25.440  3763  3768 D dalvikvm: GC_CONCURRENT freed 2461K, 56% free 10630K/23992K, paused 7ms+7ms, total 131ms
03-17 12:33:27.820  3763  3768 D dalvikvm: GC_CONCURRENT freed 2548K, 56% free 10585K/23992K, paused 8ms+6ms, total 109ms
03-17 12:33:30.020  3763  3768 D dalvikvm: GC_CONCURRENT freed 2537K, 56% free 10591K/23992K, paused 8ms+8ms, total 130ms
03-17 12:33:30.020  3763  9256 D dalvikvm: WAIT_FOR_CONCURRENT_GC blocked 18ms
03-17 12:33:32.220  3763  3768 D dalvikvm: GC_CONCURRENT freed 2512K, 56% free 10597K/23992K, paused 9ms+5ms, total 109ms
03-17 12:33:34.560  3763  3768 D dalvikvm: GC_CONCURRENT freed 2557K, 56% free 10570K/23992K, paused 9ms+7ms, total 167ms
03-17 12:33:34.560  3763  7067 D dalvikvm: WAIT_FOR_CONCURRENT_GC blocked 59ms
03-17 12:33:36.760  3763  3768 D dalvikvm: GC_CONCURRENT freed 2516K, 56% free 10582K/23992K, paused 10ms+6ms, total 140ms
03-17 12:33:36.760  3763  7067 D dalvikvm: WAIT_FOR_CONCURRENT_GC blocked 9ms
03-17 12:33:39.060  3763  3768 D dalvikvm: GC_CONCURRENT freed 2537K, 56% free 10564K/23992K, paused 20ms+6ms, total 173ms
03-17 12:33:39.060  3763  7067 D dalvikvm: WAIT_FOR_CONCURRENT_GC blocked 74ms
03-17 12:33:41.240  3763  3768 D dalvikvm: GC_CONCURRENT freed 2491K, 56% free 10585K/23992K, paused 6ms+6ms, total 121ms
03-17 12:33:41.240  3763  7067 D dalvikvm: WAIT_FOR_CONCURRENT_GC blocked 35ms
03-17 12:33:43.460  3763  3768 D dalvikvm: GC_CONCURRENT freed 2541K, 56% free 10571K/23992K, paused 8ms+5ms, total 151ms
03-17 12:33:43.460  3763  7067 D dalvikvm: WAIT_FOR_CONCURRENT_GC blocked 42ms
03-17 12:33:43.460  3763  9256 D dalvikvm: WAIT_FOR_CONCURRENT_GC blocked 52ms
03-17 12:33:45.570  3763  3768 D dalvikvm: GC_CONCURRENT freed 2517K, 56% free 10580K/23992K, paused 14ms+6ms, total 137ms
03-17 12:33:45.570  3763  7067 D dalvikvm: WAIT_FOR_CONCURRENT_GC blocked 48ms
03-17 12:33:47.710  3763  3768 D dalvikvm: GC_CONCURRENT freed 2524K, 56% free 10577K/23992K, paused 15ms+7ms, total 171ms
03-17 12:33:49.850  3763  3768 D dalvikvm: GC_CONCURRENT freed 2528K, 56% free 10576K/23992K, paused 7ms+6ms, total 136ms
03-17 12:33:49.850  3763  9256 D dalvikvm: WAIT_FOR_CONCURRENT_GC blocked 37ms
03-17 12:33:49.850  3763  7067 D dalvikvm: WAIT_FOR_CONCURRENT_GC blocked 35ms
03-17 12:33:52.110  3763  3768 D dalvikvm: GC_CONCURRENT freed 2524K, 56% free 10574K/23992K, paused 9ms+5ms, total 137ms
03-17 12:33:52.110  3763  7067 D dalvikvm: WAIT_FOR_CONCURRENT_GC blocked 13ms
03-17 12:33:54.770  3763  3768 D dalvikvm: GC_CONCURRENT freed 2508K, 56% free 10578K/23992K, paused 9ms+8ms, total 158ms
03-17 12:33:54.770  3763  7067 D dalvikvm: WAIT_FOR_CONCURRENT_GC blocked 23ms
03-17 12:33:57.650  3763  3768 D dalvikvm: GC_CONCURRENT freed 2524K, 56% free 10625K/23992K, paused 12ms+15ms, total 209ms
03-17 12:34:00.610  3763  3768 D dalvikvm: GC_CONCURRENT freed 2561K, 56% free 10612K/23992K, paused 8ms+9ms, total 156ms
03-17 12:34:03.070  3763  3768 D dalvikvm: GC_CONCURRENT freed 2581K, 56% free 10569K/23992K, paused 6ms+6ms, total 116ms
03-17 12:34:03.070  3763  9256 D dalvikvm: WAIT_FOR_CONCURRENT_GC blocked 59ms
03-17 12:34:03.070  3763  7067 D dalvikvm: WAIT_FOR_CONCURRENT_GC blocked 55ms
03-17 12:34:03.150  3763  7067 I HUREV   : [55] m.d | Media Start Request AUDIO1: session_id: 2
03-17 12:34:03.150  3763  7067 I HUREV   : configuration_index: 0
03-17 12:34:03.160  3763  7067 I HUREV   : [55] j.a | AudioDecoder.start: channel=4, stream=3, gain=1.0, sampleRate=16000, numberOfBits=16, numberOfChannels=1, isAac=true
03-17 12:34:03.160  3763  7067 I HUREV   : [55] s.f | Audio stream: 3 buffer size: 40960 (min: 5120) sampleRateInHz: 16000 channelCount: 1
03-17 12:34:03.160  3763  7067 D AudioTrack: AudioTrack::start 0x66a1adc8,mStreamType=3
03-17 12:34:03.170  3763  9590 I OMXClient: Using client-side OMX mux.
03-17 12:34:03.170  3763  9590 E OMXMaster: A component of name 'OMX.Freescale.std.parser.fsl.sw-based' already exists, ignoring this one.
03-17 12:34:03.170  3763  9590 E OMXMaster: A component of name 'OMX.Freescale.std.parser.fsl.sw-based' already exists, ignoring this one.
03-17 12:34:03.170  3763  9590 E OMXMaster: A component of name 'OMX.Freescale.std.parser.fsl.sw-based' already exists, ignoring this one.
03-17 12:34:03.170  3763  9590 E OMXMaster: A component of name 'OMX.Freescale.std.parser.fsl.sw-based' already exists, ignoring this one.
03-17 12:34:03.170  3763  9590 E OMXMaster: A component of name 'OMX.Freescale.std.parser.fsl.sw-based' already exists, ignoring this one.
03-17 12:34:03.170  3763  9590 E OMXMaster: A component of name 'OMX.Freescale.std.parser.fsl.sw-based' already exists, ignoring this one.
03-17 12:34:03.170  3763  9590 E OMXMaster: A component of name 'OMX.Freescale.std.parser.fsl.sw-based' already exists, ignoring this one.
03-17 12:34:03.170  3763  9590 E OMXMaster: A component of name 'OMX.Freescale.std.parser.fsl.sw-based' already exists, ignoring this one.
03-17 12:34:03.170  3763  9590 E OMXMaster: A component of name 'OMX.Freescale.std.parser.fsl.sw-based' already exists, ignoring this one.
03-17 12:34:03.170  3763  9590 E OMXMaster: A component of name 'OMX.Freescale.std.parser.fsl.sw-based' already exists, ignoring this one.
03-17 12:34:03.170  3763  9590 E OMXMaster: A component of name 'OMX.Freescale.std.parser.fsl.sw-based' already exists, ignoring this one.
03-17 12:34:03.170  3763  9590 E OMXMaster: A component of name 'OMX.Freescale.std.parser.streaming.sw-based' already exists, ignoring this one.
03-17 12:34:03.170  3763  9590 E OMXMaster: A component of name 'OMX.Freescale.std.parser.fsl.sw-based' already exists, ignoring this one.
03-17 12:34:03.190  3763  7067 I HUREV   : [55] s.i | AAC Decoder started for 16000 Hz, 1 channels with is-adts (Async)
03-17 12:34:03.200  3763  9591 I SoftAAC2: Reconfiguring decoder: 0->16000 Hz, 0->1 channels
03-17 12:34:03.600  3763  9593 W AudioTrack: releaseBuffer() track 0x66a1adc8 name=0x1 disabled, restarting
03-17 12:34:03.850  3763  7067 I HUREV   : [55] m.c | Media Sink Stop Request: AUDIO1
03-17 12:34:03.850  3763  7067 I HUREV   : [55] j.d | Audio Stop: AUDIO1
03-17 12:34:03.870  3763  9593 D AudioTrack: AudioTrack::stop 0x66a1adc8,mStreamType=3
03-17 12:34:03.880  3763  9593 E HUREV   : [8581] s.e | Error during audio track cleanup
03-17 12:34:03.880  3763  9593 E HUREV   : java.lang.InterruptedException
03-17 12:34:03.880  3763  9593 E HUREV   : 	at java.lang.VMThread.sleep(Native Method)
03-17 12:34:03.880  3763  9593 E HUREV   : 	at java.lang.Thread.sleep(Thread.java:1013)
03-17 12:34:03.880  3763  9593 E HUREV   : 	at java.lang.Thread.sleep(Thread.java:995)
03-17 12:34:03.880  3763  9593 E HUREV   : 	at y0.s.e(r8-map-id-8722f06efe6fab086a70200d597343236d3225d15181a7b075b269dcf50b7ff7:125)
03-17 12:34:03.880  3763  9593 E HUREV   : 	at y0.s.run(r8-map-id-8722f06efe6fab086a70200d597343236d3225d15181a7b075b269dcf50b7ff7:85)
03-17 12:34:03.880  3763  9593 D AudioTrack: AudioTrack::stop 0x66a1adc8,mStreamType=3
03-17 12:34:03.880  3763  9593 D AudioTrack: AudioTrack::stop 0x66a1adc8,mStreamType=3
03-17 12:34:03.880  3763  9593 D AudioTrack: AudioTrack::stop 0x66a1adc8,mStreamType=3
03-17 12:34:03.880  3763  9593 I HUREV   : [8581] s.run | AudioTrackWrapper thread finished.
03-17 12:34:04.080  3763  3768 D dalvikvm: GC_CONCURRENT freed 2524K, 56% free 10568K/23992K, paused 17ms+6ms, total 151ms
03-17 12:34:04.090  3763  9256 D dalvikvm: WAIT_FOR_CONCURRENT_GC blocked 86ms
03-17 12:34:04.090  3763  7067 D dalvikvm: WAIT_FOR_CONCURRENT_GC blocked 84ms
03-17 12:34:05.530  3763  3768 D dalvikvm: GC_CONCURRENT freed 2527K, 56% free 10565K/23992K, paused 9ms+7ms, total 171ms
03-17 12:34:05.540  3763  9256 D dalvikvm: WAIT_FOR_CONCURRENT_GC blocked 78ms
03-17 12:34:05.540  3763  7067 D dalvikvm: WAIT_FOR_CONCURRENT_GC blocked 76ms
03-17 12:34:07.640  3763  3768 D dalvikvm: GC_CONCURRENT freed 2488K, 56% free 10588K/23992K, paused 8ms+5ms, total 122ms
03-17 12:34:07.640  3763  7067 D dalvikvm: WAIT_FOR_CONCURRENT_GC blocked 22ms
03-17 12:34:09.820  3763  3768 D dalvikvm: GC_CONCURRENT freed 2507K, 56% free 10609K/23992K, paused 9ms+7ms, total 100ms
03-17 12:34:11.910  3763  3768 D dalvikvm: GC_CONCURRENT freed 2505K, 56% free 10593K/23992K, paused 7ms+6ms, total 92ms
03-17 12:34:13.980  3763  3768 D dalvikvm: GC_CONCURRENT freed 2519K, 56% free 10592K/23992K, paused 8ms+6ms, total 90ms
03-17 12:34:16.250  3763  3768 D dalvikvm: GC_CONCURRENT freed 2496K, 56% free 10571K/23992K, paused 6ms+5ms, total 82ms
03-17 12:34:18.300  3763  3768 D dalvikvm: GC_CONCURRENT freed 2494K, 56% free 10581K/23992K, paused 7ms+6ms, total 93ms
03-17 12:34:20.380  3763  3768 D dalvikvm: GC_CONCURRENT freed 2484K, 56% free 10607K/23992K, paused 8ms+5ms, total 95ms
03-17 12:34:22.060  3763  7067 E HUREV   : [55] a.b | Decrypted payload too short: 1
03-17 12:34:22.500  3763  3768 D dalvikvm: GC_CONCURRENT freed 2498K, 56% free 10622K/23992K, paused 9ms+4ms, total 121ms
03-17 12:34:24.590  3763  3768 D dalvikvm: GC_CONCURRENT freed 2586K, 56% free 10579K/23992K, paused 7ms+6ms, total 116ms
03-17 12:34:24.590  3763  9256 D dalvikvm: WAIT_FOR_CONCURRENT_GC blocked 26ms
03-17 12:34:24.590  3763  7067 D dalvikvm: WAIT_FOR_CONCURRENT_GC blocked 24ms
03-17 12:34:26.660  3763  3768 D dalvikvm: GC_CONCURRENT freed 2534K, 56% free 10573K/23992K, paused 8ms+6ms, total 113ms
03-17 12:34:26.660  3763  9256 D dalvikvm: WAIT_FOR_CONCURRENT_GC blocked 24ms
03-17 12:34:26.660  3763  7229 D dalvikvm: WAIT_FOR_CONCURRENT_GC blocked 8ms
03-17 12:34:28.730  3763  3768 D dalvikvm: GC_CONCURRENT freed 2470K, 56% free 10639K/23992K, paused 8ms+6ms, total 118ms
03-17 12:34:30.910  3763  3768 D dalvikvm: GC_CONCURRENT freed 2611K, 56% free 10571K/23992K, paused 11ms+7ms, total 145ms
03-17 12:34:30.910  3763  7067 D dalvikvm: WAIT_FOR_CONCURRENT_GC blocked 20ms
03-17 12:34:32.960  3763  3768 D dalvikvm: GC_CONCURRENT freed 2524K, 56% free 10572K/23992K, paused 9ms+6ms, total 116ms
03-17 12:34:32.960  3763  7066 D dalvikvm: WAIT_FOR_CONCURRENT_GC blocked 28ms
03-17 12:34:35.010  3763  3768 D dalvikvm: GC_CONCURRENT freed 2503K, 56% free 10596K/23992K, paused 9ms+9ms, total 129ms
03-17 12:34:35.010  3763  9256 D dalvikvm: WAIT_FOR_CONCURRENT_GC blocked 8ms
03-17 12:34:38.200  3763  3768 D dalvikvm: GC_CONCURRENT freed 2530K, 56% free 10608K/23992K, paused 9ms+10ms, total 161ms
03-17 12:34:42.640  3763  3768 D dalvikvm: GC_CONCURRENT freed 2500K, 56% free 10585K/23992K, paused 10ms+5ms, total 137ms
03-17 12:34:47.370  3763  3768 D dalvikvm: GC_CONCURRENT freed 2473K, 56% free 10596K/23992K, paused 10ms+12ms, total 155ms
03-17 12:34:51.820  3763  3768 D dalvikvm: GC_CONCURRENT freed 2542K, 56% free 10574K/23992K, paused 10ms+5ms, total 148ms
03-17 12:34:51.820  3763  7067 D dalvikvm: WAIT_FOR_CONCURRENT_GC blocked 65ms
03-17 12:34:53.370  3763  3768 D dalvikvm: GC_CONCURRENT freed 2517K, 56% free 10574K/23992K, paused 10ms+9ms, total 136ms
03-17 12:34:53.370  3763  7067 D dalvikvm: WAIT_FOR_CONCURRENT_GC blocked 38ms
03-17 12:34:54.640  3763  3768 D dalvikvm: GC_CONCURRENT freed 2514K, 56% free 10587K/23992K, paused 14ms+5ms, total 122ms
03-17 12:34:54.640  3763  9256 D dalvikvm: WAIT_FOR_CONCURRENT_GC blocked 32ms
03-17 12:34:54.640  3763  7067 D dalvikvm: WAIT_FOR_CONCURRENT_GC blocked 32ms
03-17 12:34:58.860  3763  3768 D dalvikvm: GC_CONCURRENT freed 2526K, 56% free 10583K/23992K, paused 12ms+7ms, total 132ms
03-17 12:34:58.860  3763  7067 D dalvikvm: WAIT_FOR_CONCURRENT_GC blocked 39ms
03-17 12:35:00.660  3763  3768 D dalvikvm: GC_CONCURRENT freed 2542K, 56% free 10569K/23992K, paused 10ms+7ms, total 137ms
03-17 12:35:00.660  3763  7067 D dalvikvm: WAIT_FOR_CONCURRENT_GC blocked 75ms
03-17 12:35:02.280  3763  3768 D dalvikvm: GC_CONCURRENT freed 2524K, 56% free 10569K/23992K, paused 11ms+6ms, total 126ms
03-17 12:35:02.280  3763  7067 D dalvikvm: WAIT_FOR_CONCURRENT_GC blocked 43ms
03-17 12:35:03.810  3763  3768 D dalvikvm: GC_CONCURRENT freed 2511K, 56% free 10579K/23992K, paused 8ms+5ms, total 123ms
03-17 12:35:03.810  3763  7067 D dalvikvm: WAIT_FOR_CONCURRENT_GC blocked 33ms
03-17 12:35:05.700  3763  3768 D dalvikvm: GC_CONCURRENT freed 2529K, 56% free 10602K/23992K, paused 7ms+7ms, total 136ms
03-17 12:35:07.920  3763  3768 D dalvikvm: GC_CONCURRENT freed 2549K, 56% free 10595K/23992K, paused 12ms+6ms, total 104ms
03-17 12:35:10.010  3763  3768 D dalvikvm: GC_CONCURRENT freed 2529K, 56% free 10574K/23992K, paused 8ms+8ms, total 86ms
03-17 12:35:11.600  3763  7067 I HUREV   : [55] m.d | Media Start Request AUDIO1: session_id: 3
03-17 12:35:11.600  3763  7067 I HUREV   : configuration_index: 0
03-17 12:35:11.600  3763  7067 I HUREV   : [55] j.a | AudioDecoder.start: channel=4, stream=3, gain=1.0, sampleRate=16000, numberOfBits=16, numberOfChannels=1, isAac=true
03-17 12:35:11.610  3763  7067 I HUREV   : [55] s.f | Audio stream: 3 buffer size: 40960 (min: 5120) sampleRateInHz: 16000 channelCount: 1
03-17 12:35:11.610  3763  7067 D AudioTrack: AudioTrack::start 0x7eb87638,mStreamType=3
03-17 12:35:11.610  3763 10051 I OMXClient: Using client-side OMX mux.
03-17 12:35:11.610  3763 10051 E OMXMaster: A component of name 'OMX.Freescale.std.parser.fsl.sw-based' already exists, ignoring this one.
03-17 12:35:11.610  3763 10051 E OMXMaster: A component of name 'OMX.Freescale.std.parser.fsl.sw-based' already exists, ignoring this one.
03-17 12:35:11.610  3763 10051 E OMXMaster: A component of name 'OMX.Freescale.std.parser.fsl.sw-based' already exists, ignoring this one.
03-17 12:35:11.610  3763 10051 E OMXMaster: A component of name 'OMX.Freescale.std.parser.fsl.sw-based' already exists, ignoring this one.
03-17 12:35:11.610  3763 10051 E OMXMaster: A component of name 'OMX.Freescale.std.parser.fsl.sw-based' already exists, ignoring this one.
03-17 12:35:11.610  3763 10051 E OMXMaster: A component of name 'OMX.Freescale.std.parser.fsl.sw-based' already exists, ignoring this one.
03-17 12:35:11.620  3763 10051 E OMXMaster: A component of name 'OMX.Freescale.std.parser.fsl.sw-based' already exists, ignoring this one.
03-17 12:35:11.620  3763 10051 E OMXMaster: A component of name 'OMX.Freescale.std.parser.fsl.sw-based' already exists, ignoring this one.
03-17 12:35:11.620  3763 10051 E OMXMaster: A component of name 'OMX.Freescale.std.parser.fsl.sw-based' already exists, ignoring this one.
03-17 12:35:11.620  3763 10051 E OMXMaster: A component of name 'OMX.Freescale.std.parser.fsl.sw-based' already exists, ignoring this one.
03-17 12:35:11.620  3763 10051 E OMXMaster: A component of name 'OMX.Freescale.std.parser.fsl.sw-based' already exists, ignoring this one.
03-17 12:35:11.620  3763 10051 E OMXMaster: A component of name 'OMX.Freescale.std.parser.streaming.sw-based' already exists, ignoring this one.
03-17 12:35:11.620  3763 10051 E OMXMaster: A component of name 'OMX.Freescale.std.parser.fsl.sw-based' already exists, ignoring this one.
03-17 12:35:11.620  3763  7067 I HUREV   : [55] s.i | AAC Decoder started for 16000 Hz, 1 channels with is-adts (Async)
03-17 12:35:11.630  3763 10052 I SoftAAC2: Reconfiguring decoder: 0->16000 Hz, 0->1 channels
03-17 12:35:11.950  3763  3768 D dalvikvm: GC_CONCURRENT freed 2518K, 56% free 10599K/23992K, paused 10ms+9ms, total 104ms
03-17 12:35:12.050  3763 10054 W AudioTrack: releaseBuffer() track 0x7eb87638 name=0x1 disabled, restarting
03-17 12:35:12.500  3763 10054 W AudioTrack: releaseBuffer() track 0x7eb87638 name=0x1 disabled, restarting
03-17 12:35:12.810  3763  7067 I HUREV   : [55] m.c | Media Sink Stop Request: AUDIO1
03-17 12:35:12.820  3763  7067 I HUREV   : [55] j.d | Audio Stop: AUDIO1
03-17 12:35:12.820  3763 10054 D AudioTrack: AudioTrack::stop 0x7eb87638,mStreamType=3
03-17 12:35:12.820  3763 10054 E HUREV   : [10351] s.e | Error during audio track cleanup
03-17 12:35:12.820  3763 10054 E HUREV   : java.lang.InterruptedException
03-17 12:35:12.820  3763 10054 E HUREV   : 	at java.lang.VMThread.sleep(Native Method)
03-17 12:35:12.820  3763 10054 E HUREV   : 	at java.lang.Thread.sleep(Thread.java:1013)
03-17 12:35:12.820  3763 10054 E HUREV   : 	at java.lang.Thread.sleep(Thread.java:995)
03-17 12:35:12.820  3763 10054 E HUREV   : 	at y0.s.e(r8-map-id-8722f06efe6fab086a70200d597343236d3225d15181a7b075b269dcf50b7ff7:125)
03-17 12:35:12.820  3763 10054 E HUREV   : 	at y0.s.run(r8-map-id-8722f06efe6fab086a70200d597343236d3225d15181a7b075b269dcf50b7ff7:85)
03-17 12:35:12.820  3763 10054 D AudioTrack: AudioTrack::stop 0x7eb87638,mStreamType=3
03-17 12:35:12.820  3763 10054 D AudioTrack: AudioTrack::stop 0x7eb87638,mStreamType=3
03-17 12:35:12.820  3763 10054 D AudioTrack: AudioTrack::stop 0x7eb87638,mStreamType=3
03-17 12:35:12.820  3763 10054 I HUREV   : [10351] s.run | AudioTrackWrapper thread finished.
03-17 12:35:13.830  3763  3768 D dalvikvm: GC_CONCURRENT freed 2534K, 56% free 10587K/23992K, paused 5ms+5ms, total 85ms
03-17 12:35:15.880  3763  3768 D dalvikvm: GC_CONCURRENT freed 2515K, 56% free 10591K/23992K, paused 9ms+6ms, total 98ms
03-17 12:35:18.070  3763  3768 D dalvikvm: GC_CONCURRENT freed 2511K, 56% free 10615K/23992K, paused 6ms+10ms, total 111ms
03-17 12:35:20.160  3763  3768 D dalvikvm: GC_CONCURRENT freed 2505K, 56% free 10586K/23992K, paused 8ms+5ms, total 73ms
03-17 12:35:22.260  3763  3768 D dalvikvm: GC_CONCURRENT freed 2460K, 56% free 10612K/23992K, paused 5ms+4ms, total 84ms
03-17 12:35:24.380  3763  3768 D dalvikvm: GC_CONCURRENT freed 2562K, 56% free 10587K/23992K, paused 10ms+4ms, total 105ms
03-17 12:35:24.380  3763  7067 D dalvikvm: WAIT_FOR_CONCURRENT_GC blocked 29ms
03-17 12:35:24.380  3763  9256 D dalvikvm: WAIT_FOR_CONCURRENT_GC blocked 10ms
03-17 12:35:26.270  3763  3768 D dalvikvm: GC_CONCURRENT freed 2498K, 56% free 10612K/23992K, paused 8ms+8ms, total 111ms
03-17 12:35:28.430  3763  3768 D dalvikvm: GC_CONCURRENT freed 2565K, 56% free 10599K/23992K, paused 13ms+12ms, total 141ms
03-17 12:35:30.550  3763  3768 D dalvikvm: GC_CONCURRENT freed 2542K, 56% free 10573K/23992K, paused 10ms+6ms, total 140ms
03-17 12:35:32.670  3763  3768 D dalvikvm: GC_CONCURRENT freed 2531K, 56% free 10563K/23992K, paused 17ms+6ms, total 150ms
03-17 12:35:32.670  3763  7067 D dalvikvm: WAIT_FOR_CONCURRENT_GC blocked 43ms
03-17 12:35:34.890  3763  3768 D dalvikvm: GC_CONCURRENT freed 2514K, 56% free 10571K/23992K, paused 12ms+7ms, total 176ms
03-17 12:35:34.890  3763  7067 D dalvikvm: WAIT_FOR_CONCURRENT_GC blocked 69ms
03-17 12:35:34.890  3763  9256 D dalvikvm: WAIT_FOR_CONCURRENT_GC blocked 70ms
03-17 12:35:37.060  3763  3768 D dalvikvm: GC_CONCURRENT freed 2495K, 56% free 10591K/23992K, paused 9ms+11ms, total 146ms
03-17 12:35:39.270  3763  3768 D dalvikvm: GC_CONCURRENT freed 2494K, 56% free 10596K/23992K, paused 6ms+6ms, total 107ms
03-17 12:35:42.190  3763  3768 D dalvikvm: GC_CONCURRENT freed 2473K, 56% free 10580K/23992K, paused 8ms+8ms, total 142ms
03-17 12:35:46.630  3763  3768 D dalvikvm: GC_CONCURRENT freed 2455K, 56% free 10592K/23992K, paused 9ms+7ms, total 137ms
03-17 12:35:49.210  3763  3768 D dalvikvm: GC_CONCURRENT freed 2535K, 56% free 10584K/23992K, paused 8ms+6ms, total 116ms
03-17 12:35:49.210  3763  7067 D dalvikvm: WAIT_FOR_CONCURRENT_GC blocked 63ms
03-17 12:35:50.960  3763  3768 D dalvikvm: GC_CONCURRENT freed 2525K, 56% free 10584K/23992K, paused 12ms+9ms, total 186ms
03-17 12:35:50.960  3763  7067 D dalvikvm: WAIT_FOR_CONCURRENT_GC blocked 70ms
03-17 12:35:52.640  3763  3768 D dalvikvm: GC_CONCURRENT freed 2540K, 56% free 10569K/23992K, paused 8ms+8ms, total 124ms
03-17 12:35:52.640  3763  7067 D dalvikvm: WAIT_FOR_CONCURRENT_GC blocked 52ms
03-17 12:35:54.290  3763  3768 D dalvikvm: GC_CONCURRENT freed 2510K, 56% free 10584K/23992K, paused 9ms+7ms, total 138ms
03-17 12:35:54.290  3763  7067 D dalvikvm: WAIT_FOR_CONCURRENT_GC blocked 26ms
03-17 12:35:54.290  3763  9256 D dalvikvm: WAIT_FOR_CONCURRENT_GC blocked 27ms
03-17 12:35:56.450  3763  3768 D dalvikvm: GC_CONCURRENT freed 2545K, 56% free 10569K/23992K, paused 16ms+7ms, total 135ms
03-17 12:35:56.450  3763  7067 D dalvikvm: WAIT_FOR_CONCURRENT_GC blocked 48ms
03-17 12:35:56.450  3763  9256 D dalvikvm: WAIT_FOR_CONCURRENT_GC blocked 47ms
03-17 12:35:56.450  3763  7229 D dalvikvm: WAIT_FOR_CONCURRENT_GC blocked 17ms
03-17 12:35:58.670  3763  3768 D dalvikvm: GC_CONCURRENT freed 2511K, 56% free 10582K/23992K, paused 12ms+6ms, total 153ms
03-17 12:35:58.670  3763  7067 D dalvikvm: WAIT_FOR_CONCURRENT_GC blocked 48ms
03-17 12:36:00.740  3763  3768 D dalvikvm: GC_CONCURRENT freed 2529K, 56% free 10582K/23992K, paused 9ms+8ms, total 139ms
03-17 12:36:00.740  3763  7067 D dalvikvm: WAIT_FOR_CONCURRENT_GC blocked 29ms
03-17 12:36:00.740  3763  9256 D dalvikvm: WAIT_FOR_CONCURRENT_GC blocked 27ms
03-17 12:36:00.740  3763  7229 D dalvikvm: WAIT_FOR_CONCURRENT_GC blocked 21ms
03-17 12:36:02.680  3763  3768 D dalvikvm: GC_CONCURRENT freed 2531K, 56% free 10573K/23992K, paused 8ms+7ms, total 160ms
03-17 12:36:02.680  3763  7067 D dalvikvm: WAIT_FOR_CONCURRENT_GC blocked 19ms
03-17 12:36:04.640  3763  3768 D dalvikvm: GC_CONCURRENT freed 2486K, 56% free 10592K/23992K, paused 11ms+6ms, total 125ms
03-17 12:36:06.580  3763  3768 D dalvikvm: GC_CONCURRENT freed 2523K, 56% free 10582K/23992K, paused 9ms+5ms, total 102ms
03-17 12:36:08.550  3763  3768 D dalvikvm: GC_CONCURRENT freed 2514K, 56% free 10594K/23992K, paused 6ms+6ms, total 102ms
03-17 12:36:10.630  3763  3768 D dalvikvm: GC_CONCURRENT freed 2533K, 56% free 10584K/23992K, paused 9ms+6ms, total 118ms
03-17 12:36:10.630  3763  7067 D dalvikvm: WAIT_FOR_CONCURRENT_GC blocked 42ms
03-17 12:36:12.660  3763  3768 D dalvikvm: GC_CONCURRENT freed 2534K, 56% free 10580K/23992K, paused 6ms+5ms, total 116ms
03-17 12:36:12.660  3763  7067 D dalvikvm: WAIT_FOR_CONCURRENT_GC blocked 17ms
03-17 12:36:12.660  3763  7229 D dalvikvm: WAIT_FOR_CONCURRENT_GC blocked 12ms
03-17 12:36:14.740  3763  3768 D dalvikvm: GC_CONCURRENT freed 2525K, 56% free 10589K/23992K, paused 6ms+7ms, total 108ms
03-17 12:36:16.870  3763  3768 D dalvikvm: GC_CONCURRENT freed 2509K, 56% free 10601K/23992K, paused 6ms+6ms, total 81ms
03-17 12:36:19.010  3763  3768 D dalvikvm: GC_CONCURRENT freed 2498K, 56% free 10613K/23992K, paused 7ms+5ms, total 96ms
03-17 12:36:22.360  3763  3768 D dalvikvm: GC_CONCURRENT freed 2512K, 56% free 10591K/23992K, paused 6ms+6ms, total 110ms
03-17 12:36:25.730  3763  3768 D dalvikvm: GC_CONCURRENT freed 2548K, 56% free 10573K/23992K, paused 17ms+6ms, total 151ms
03-17 12:36:25.730  3763  7067 D dalvikvm: WAIT_FOR_CONCURRENT_GC blocked 48ms
03-17 12:36:27.590  3763  3768 D dalvikvm: GC_CONCURRENT freed 2528K, 56% free 10569K/23992K, paused 7ms+5ms, total 148ms
03-17 12:36:27.590  3763  7067 D dalvikvm: WAIT_FOR_CONCURRENT_GC blocked 48ms
03-17 12:36:29.350  3763  3768 D dalvikvm: GC_CONCURRENT freed 2506K, 56% free 10614K/23992K, paused 19ms+6ms, total 170ms
03-17 12:36:31.560  3763  3768 D dalvikvm: GC_CONCURRENT freed 2568K, 56% free 10578K/23992K, paused 8ms+6ms, total 138ms
03-17 12:36:31.560  3763  7067 D dalvikvm: WAIT_FOR_CONCURRENT_GC blocked 38ms
03-17 12:36:33.830  3763  3768 D dalvikvm: GC_CONCURRENT freed 2499K, 56% free 10608K/23992K, paused 9ms+5ms, total 124ms
03-17 12:36:36.130  3763  3768 D dalvikvm: GC_CONCURRENT freed 2575K, 56% free 10568K/23992K, paused 12ms+5ms, total 142ms
03-17 12:36:36.130  3763  7067 D dalvikvm: WAIT_FOR_CONCURRENT_GC blocked 57ms
03-17 12:36:38.110  3763  3768 D dalvikvm: GC_CONCURRENT freed 2509K, 56% free 10583K/23992K, paused 15ms+6ms, total 141ms
03-17 12:36:38.110  3763  7067 D dalvikvm: WAIT_FOR_CONCURRENT_GC blocked 47ms
03-17 12:36:38.110  3763  9256 D dalvikvm: WAIT_FOR_CONCURRENT_GC blocked 50ms
03-17 12:36:40.070  3763  3768 D dalvikvm: GC_CONCURRENT freed 2527K, 56% free 10586K/23992K, paused 8ms+6ms, total 157ms
03-17 12:36:40.070  3763  7067 D dalvikvm: WAIT_FOR_CONCURRENT_GC blocked 38ms
03-17 12:36:40.080  3763  9256 D dalvikvm: WAIT_FOR_CONCURRENT_GC blocked 38ms
03-17 12:36:42.310  3763  3768 D dalvikvm: GC_CONCURRENT freed 2489K, 56% free 10584K/23992K, paused 7ms+5ms, total 109ms
03-17 12:36:42.740  3763  7067 I HUREV   : [55] m.d | Media Start Request AUDIO1: session_id: 4
03-17 12:36:42.740  3763  7067 I HUREV   : configuration_index: 0
03-17 12:36:42.750  3763  7067 I HUREV   : [55] j.a | AudioDecoder.start: channel=4, stream=3, gain=1.0, sampleRate=16000, numberOfBits=16, numberOfChannels=1, isAac=true
03-17 12:36:42.760  3763  7067 I HUREV   : [55] s.f | Audio stream: 3 buffer size: 40960 (min: 5120) sampleRateInHz: 16000 channelCount: 1
03-17 12:36:42.760  3763  7067 D AudioTrack: AudioTrack::start 0x7ff15e40,mStreamType=3
03-17 12:36:42.770  3763 10656 I OMXClient: Using client-side OMX mux.
03-17 12:36:42.770  3763 10656 E OMXMaster: A component of name 'OMX.Freescale.std.parser.fsl.sw-based' already exists, ignoring this one.
03-17 12:36:42.770  3763 10656 E OMXMaster: A component of name 'OMX.Freescale.std.parser.fsl.sw-based' already exists, ignoring this one.
03-17 12:36:42.770  3763 10656 E OMXMaster: A component of name 'OMX.Freescale.std.parser.fsl.sw-based' already exists, ignoring this one.
03-17 12:36:42.770  3763 10656 E OMXMaster: A component of name 'OMX.Freescale.std.parser.fsl.sw-based' already exists, ignoring this one.
03-17 12:36:42.770  3763 10656 E OMXMaster: A component of name 'OMX.Freescale.std.parser.fsl.sw-based' already exists, ignoring this one.
03-17 12:36:42.770  3763 10656 E OMXMaster: A component of name 'OMX.Freescale.std.parser.fsl.sw-based' already exists, ignoring this one.
03-17 12:36:42.770  3763 10656 E OMXMaster: A component of name 'OMX.Freescale.std.parser.fsl.sw-based' already exists, ignoring this one.
03-17 12:36:42.770  3763 10656 E OMXMaster: A component of name 'OMX.Freescale.std.parser.fsl.sw-based' already exists, ignoring this one.
03-17 12:36:42.770  3763 10656 E OMXMaster: A component of name 'OMX.Freescale.std.parser.fsl.sw-based' already exists, ignoring this one.
03-17 12:36:42.770  3763 10656 E OMXMaster: A component of name 'OMX.Freescale.std.parser.fsl.sw-based' already exists, ignoring this one.
03-17 12:36:42.770  3763 10656 E OMXMaster: A component of name 'OMX.Freescale.std.parser.fsl.sw-based' already exists, ignoring this one.
03-17 12:36:42.770  3763 10656 E OMXMaster: A component of name 'OMX.Freescale.std.parser.streaming.sw-based' already exists, ignoring this one.
03-17 12:36:42.770  3763 10656 E OMXMaster: A component of name 'OMX.Freescale.std.parser.fsl.sw-based' already exists, ignoring this one.
03-17 12:36:42.780  3763  7067 I HUREV   : [55] s.i | AAC Decoder started for 16000 Hz, 1 channels with is-adts (Async)
03-17 12:36:42.840  3763 10659 I SoftAAC2: Reconfiguring decoder: 0->16000 Hz, 0->1 channels
03-17 12:36:43.160  3763 10661 W AudioTrack: releaseBuffer() track 0x7ff15e40 name=0x1 disabled, restarting
03-17 12:36:43.590  3763 10661 W AudioTrack: releaseBuffer() track 0x7ff15e40 name=0x1 disabled, restarting
03-17 12:36:43.950  3763  7067 I HUREV   : [55] m.c | Media Sink Stop Request: AUDIO1
03-17 12:36:43.950  3763  7067 I HUREV   : [55] j.d | Audio Stop: AUDIO1
03-17 12:36:43.980  3763 10661 D AudioTrack: AudioTrack::stop 0x7ff15e40,mStreamType=3
03-17 12:36:44.380  3763  3768 D dalvikvm: GC_CONCURRENT freed 2543K, 56% free 10571K/23992K, paused 9ms+5ms, total 138ms
03-17 12:36:44.380  3763  7067 D dalvikvm: WAIT_FOR_CONCURRENT_GC blocked 23ms
03-17 12:36:44.380  3763  9256 D dalvikvm: WAIT_FOR_CONCURRENT_GC blocked 20ms
03-17 12:36:45.280  3763 10661 D AudioTrack: AudioTrack::stop 0x7ff15e40,mStreamType=3
03-17 12:36:45.280  3763 10661 D AudioTrack: AudioTrack::stop 0x7ff15e40,mStreamType=3
03-17 12:36:45.280  3763 10661 D AudioTrack: AudioTrack::stop 0x7ff15e40,mStreamType=3
03-17 12:36:45.290  3763 10661 I HUREV   : [12709] s.run | AudioTrackWrapper thread finished.
03-17 12:36:46.720  3763  3768 D dalvikvm: GC_CONCURRENT freed 2503K, 56% free 10626K/23992K, paused 8ms+8ms, total 201ms
03-17 12:36:49.170  3763  3768 D dalvikvm: GC_CONCURRENT freed 2584K, 56% free 10587K/23992K, paused 8ms+9ms, total 188ms
03-17 12:36:49.170  3763  7067 D dalvikvm: WAIT_FOR_CONCURRENT_GC blocked 30ms
03-17 12:36:51.370  3763  3768 D dalvikvm: GC_CONCURRENT freed 2548K, 56% free 10565K/23992K, paused 9ms+7ms, total 136ms
03-17 12:36:51.370  3763  7067 D dalvikvm: WAIT_FOR_CONCURRENT_GC blocked 29ms
03-17 12:36:53.440  3763  3768 D dalvikvm: GC_CONCURRENT freed 2493K, 56% free 10581K/23992K, paused 8ms+7ms, total 136ms
03-17 12:36:55.980  3763  3768 D dalvikvm: GC_CONCURRENT freed 2492K, 56% free 10612K/23992K, paused 10ms+5ms, total 145ms
03-17 12:36:58.150  3763  3768 D dalvikvm: GC_CONCURRENT freed 2574K, 56% free 10570K/23992K, paused 9ms+5ms, total 136ms
03-17 12:36:58.150  3763  7067 D dalvikvm: WAIT_FOR_CONCURRENT_GC blocked 17ms
03-17 12:37:00.500  3763  3768 D dalvikvm: GC_CONCURRENT freed 2529K, 56% free 10567K/23992K, paused 14ms+16ms, total 159ms
03-17 12:37:00.510  3763  7229 D dalvikvm: WAIT_FOR_CONCURRENT_GC blocked 10ms
03-17 12:37:00.510  3763  7067 D dalvikvm: WAIT_FOR_CONCURRENT_GC blocked 26ms
03-17 12:37:03.030  3763  3768 D dalvikvm: GC_CONCURRENT freed 2504K, 56% free 10579K/23992K, paused 7ms+6ms, total 122ms
03-17 12:37:03.030  3763  7067 D dalvikvm: WAIT_FOR_CONCURRENT_GC blocked 30ms
03-17 12:37:05.350  3763  3768 D dalvikvm: GC_CONCURRENT freed 2487K, 56% free 10605K/23992K, paused 6ms+6ms, total 98ms
03-17 12:37:07.640  3763  3768 D dalvikvm: GC_CONCURRENT freed 2500K, 56% free 10587K/23992K, paused 6ms+6ms, total 100ms
03-17 12:37:10.050  3763  3768 D dalvikvm: GC_CONCURRENT freed 2501K, 56% free 10604K/23992K, paused 6ms+5ms, total 99ms
03-17 12:37:12.290  3763  3768 D dalvikvm: GC_CONCURRENT freed 2545K, 56% free 10575K/23992K, paused 7ms+5ms, total 85ms
03-17 12:37:14.540  3763  3768 D dalvikvm: GC_CONCURRENT freed 2490K, 56% free 10571K/23992K, paused 5ms+7ms, total 111ms
03-17 12:37:16.970  3763  3768 D dalvikvm: GC_CONCURRENT freed 2512K, 56% free 10580K/23992K, paused 8ms+5ms, total 94ms
03-17 12:37:16.970  3763  7067 D dalvikvm: WAIT_FOR_CONCURRENT_GC blocked 27ms
03-17 12:37:19.240  3763  3768 D dalvikvm: GC_CONCURRENT freed 2523K, 56% free 10589K/23992K, paused 7ms+5ms, total 89ms
03-17 12:37:19.240  3763  7067 D dalvikvm: WAIT_FOR_CONCURRENT_GC blocked 15ms
03-17 12:37:21.330  3763  3768 D dalvikvm: GC_CONCURRENT freed 2497K, 56% free 10570K/23992K, paused 6ms+5ms, total 72ms
03-17 12:37:23.740  3763  3768 D dalvikvm: GC_CONCURRENT freed 2487K, 56% free 10592K/23992K, paused 7ms+5ms, total 95ms
03-17 12:37:26.020  3763  3768 D dalvikvm: GC_CONCURRENT freed 2525K, 56% free 10596K/23992K, paused 6ms+5ms, total 91ms
03-17 12:37:28.210  3763  3768 D dalvikvm: GC_CONCURRENT freed 2471K, 56% free 10585K/23992K, paused 9ms+4ms, total 90ms
03-17 12:37:30.650  3763  3768 D dalvikvm: GC_CONCURRENT freed 2486K, 56% free 10596K/23992K, paused 8ms+6ms, total 99ms
03-17 12:37:33.040  3763  3768 D dalvikvm: GC_CONCURRENT freed 2512K, 56% free 10571K/23992K, paused 7ms+6ms, total 96ms
03-17 12:37:35.200  3763  3768 D dalvikvm: GC_CONCURRENT freed 2448K, 56% free 10575K/23992K, paused 8ms+9ms, total 93ms
03-17 12:37:37.570  3763  3768 D dalvikvm: GC_CONCURRENT freed 2502K, 56% free 10572K/23992K, paused 8ms+6ms, total 114ms
03-17 12:37:39.990  3763  3768 D dalvikvm: GC_CONCURRENT freed 2478K, 56% free 10598K/23992K, paused 7ms+5ms, total 97ms
03-17 12:37:42.190  3763  3768 D dalvikvm: GC_CONCURRENT freed 2503K, 56% free 10593K/23992K, paused 6ms+4ms, total 74ms
03-17 12:37:44.370  3763  3768 D dalvikvm: GC_CONCURRENT freed 2497K, 56% free 10575K/23992K, paused 7ms+5ms, total 87ms
03-17 12:37:46.600  3763  3768 D dalvikvm: GC_CONCURRENT freed 2454K, 56% free 10579K/23992K, paused 10ms+5ms, total 95ms
03-17 12:37:48.830  3763  3768 D dalvikvm: GC_CONCURRENT freed 2517K, 56% free 10584K/23992K, paused 7ms+5ms, total 87ms
03-17 12:37:48.830  3763  7067 D dalvikvm: WAIT_FOR_CONCURRENT_GC blocked 17ms
03-17 12:37:51.170  3763  3768 D dalvikvm: GC_CONCURRENT freed 2475K, 56% free 10571K/23992K, paused 6ms+9ms, total 89ms
03-17 12:37:53.710  3763  3768 D dalvikvm: GC_CONCURRENT freed 2470K, 56% free 10581K/23992K, paused 6ms+6ms, total 85ms
03-17 12:37:56.160  3763  3768 D dalvikvm: GC_CONCURRENT freed 2472K, 56% free 10603K/23992K, paused 5ms+7ms, total 96ms
03-17 12:37:58.580  3763  3768 D dalvikvm: GC_CONCURRENT freed 2533K, 56% free 10590K/23992K, paused 11ms+6ms, total 107ms
03-17 12:38:00.860  3763  3768 D dalvikvm: GC_CONCURRENT freed 2452K, 56% free 10609K/23992K, paused 5ms+5ms, total 84ms
03-17 12:38:03.040  3763  3768 D dalvikvm: GC_CONCURRENT freed 2556K, 56% free 10598K/23992K, paused 6ms+8ms, total 101ms
03-17 12:38:05.290  3763  3768 D dalvikvm: GC_CONCURRENT freed 2516K, 56% free 10585K/23992K, paused 7ms+6ms, total 78ms
03-17 12:38:07.550  3763  3768 D dalvikvm: GC_CONCURRENT freed 2528K, 56% free 10574K/23992K, paused 8ms+7ms, total 94ms
03-17 12:38:10.000  3763  3768 D dalvikvm: GC_CONCURRENT freed 2516K, 56% free 10580K/23992K, paused 11ms+8ms, total 107ms
03-17 12:38:12.170  3763  3768 D dalvikvm: GC_CONCURRENT freed 2461K, 56% free 10603K/23992K, paused 5ms+6ms, total 97ms
03-17 12:38:14.460  3763  3768 D dalvikvm: GC_CONCURRENT freed 2526K, 56% free 10598K/23992K, paused 8ms+6ms, total 87ms
03-17 12:38:16.770  3763  3768 D dalvikvm: GC_CONCURRENT freed 2515K, 56% free 10576K/23992K, paused 6ms+5ms, total 96ms
03-17 12:38:19.170  3763  3768 D dalvikvm: GC_CONCURRENT freed 2503K, 56% free 10592K/23992K, paused 8ms+7ms, total 109ms
03-17 12:38:21.370  3763  3768 D dalvikvm: GC_CONCURRENT freed 2486K, 56% free 10586K/23992K, paused 7ms+5ms, total 89ms
03-17 12:38:23.760  3763  3768 D dalvikvm: GC_CONCURRENT freed 2429K, 56% free 10601K/23992K, paused 7ms+5ms, total 87ms
03-17 12:38:26.090  3763  3768 D dalvikvm: GC_CONCURRENT freed 2517K, 56% free 10602K/23992K, paused 7ms+11ms, total 119ms
03-17 12:38:28.520  3763  3768 D dalvikvm: GC_CONCURRENT freed 2550K, 56% free 10607K/23992K, paused 7ms+6ms, total 112ms
03-17 12:38:30.800  3763  3768 D dalvikvm: GC_CONCURRENT freed 2477K, 56% free 10596K/23992K, paused 6ms+6ms, total 84ms
03-17 12:38:33.230  3763  3768 D dalvikvm: GC_CONCURRENT freed 2552K, 56% free 10574K/23992K, paused 6ms+5ms, total 84ms
03-17 12:38:35.380  3763  3768 D dalvikvm: GC_CONCURRENT freed 2486K, 56% free 10602K/23992K, paused 10ms+7ms, total 101ms
03-17 12:38:37.740  3763  3768 D dalvikvm: GC_CONCURRENT freed 2517K, 56% free 10570K/23992K, paused 6ms+5ms, total 98ms
03-17 12:38:40.140  3763  3768 D dalvikvm: GC_CONCURRENT freed 2476K, 56% free 10588K/23992K, paused 8ms+5ms, total 89ms
03-17 12:38:42.470  3763  3768 D dalvikvm: GC_CONCURRENT freed 2486K, 56% free 10577K/23992K, paused 5ms+5ms, total 74ms
03-17 12:38:44.620  3763  3768 D dalvikvm: GC_CONCURRENT freed 2451K, 56% free 10594K/23992K, paused 6ms+7ms, total 112ms
03-17 12:38:46.810  3763  3768 D dalvikvm: GC_CONCURRENT freed 2464K, 56% free 10575K/23992K, paused 8ms+6ms, total 89ms
03-17 12:38:49.100  3763  3768 D dalvikvm: GC_CONCURRENT freed 2447K, 56% free 10593K/23992K, paused 7ms+5ms, total 89ms
