03-17 06:42:46.540  3689 19873 I HUREV   : [2334] m.e | USB reads recovered after 1 errors
03-17 06:42:46.570  3689 19873 I HUREV   : [2334] m.e | USB reads recovered after 1 errors
03-17 06:42:46.610  3689 19873 I HUREV   : [2334] m.e | USB reads recovered after 2 errors
03-17 06:42:46.650  3689 19873 I HUREV   : [2334] m.e | USB reads recovered after 2 errors
03-17 06:42:46.680  3689 19873 I HUREV   : [2334] m.e | USB reads recovered after 1 errors
03-17 06:42:46.720  3689 19873 I HUREV   : [2334] m.e | USB reads recovered after 2 errors
03-17 06:42:46.750  3689 19873 I HUREV   : [2334] m.e | USB reads recovered after 1 errors
03-17 06:42:47.690  3689 19873 I HUREV   : [2334] m.e | USB reads recovered after 1 errors
03-17 06:42:48.120  3689  3694 D dalvikvm: GC_CONCURRENT freed 2268K, 63% free 10284K/27292K, paused 10ms+7ms, total 174ms
03-17 06:42:48.120  3689 19873 D dalvikvm: WAIT_FOR_CONCURRENT_GC blocked 47ms
03-17 06:42:49.010  3689 19873 I HUREV   : [2334] m.e | USB reads recovered after 1 errors
03-17 06:42:49.070  3689 19873 I HUREV   : [2334] m.e | USB reads recovered after 1 errors
03-17 06:42:49.150  3689 19873 I HUREV   : [2334] m.e | USB reads recovered after 1 errors
03-17 06:42:49.190  3689 19873 I HUREV   : [2334] m.e | USB reads recovered after 1 errors
03-17 06:42:49.280  3689 19873 I HUREV   : [2334] m.e | USB reads recovered after 1 errors
03-17 06:42:49.470  3689 19873 I HUREV   : [2334] m.e | USB reads recovered after 1 errors
03-17 06:42:49.510  3689 19873 I HUREV   : [2334] m.e | USB reads recovered after 1 errors
03-17 06:42:49.780  3689 19873 I HUREV   : [2334] m.e | USB reads recovered after 1 errors
03-17 06:42:50.080  3689 19873 I HUREV   : [2334] m.e | USB reads recovered after 1 errors
03-17 06:42:50.110  3689 19873 I HUREV   : [2334] m.e | USB reads recovered after 1 errors
03-17 06:42:50.150  3689 19873 I HUREV   : [2334] m.e | USB reads recovered after 1 errors
03-17 06:42:50.180  3689 19873 I HUREV   : [2334] m.e | USB reads recovered after 1 errors
03-17 06:42:50.280  3689 19873 I HUREV   : [2334] m.e | USB reads recovered after 1 errors
03-17 06:42:50.340  3689 19873 I HUREV   : [2334] m.e | USB reads recovered after 1 errors
03-17 06:42:50.380  3689 19873 I HUREV   : [2334] m.e | USB reads recovered after 1 errors
03-17 06:42:50.460  3689 19873 I HUREV   : [2334] m.e | USB reads recovered after 1 errors
03-17 06:42:50.540  3689 19873 I HUREV   : [2334] m.e | USB reads recovered after 1 errors
03-17 06:42:50.580  3689 19873 I HUREV   : [2334] m.e | USB reads recovered after 1 errors
03-17 06:42:50.610  3689 19873 I HUREV   : [2334] m.e | USB reads recovered after 1 errors
03-17 06:42:50.660  3689 19873 I HUREV   : [2334] m.e | USB reads recovered after 1 errors
03-17 06:42:50.690  3689 19873 I HUREV   : [2334] m.e | USB reads recovered after 1 errors
03-17 06:42:50.720  3689 19873 I HUREV   : [2334] m.e | USB reads recovered after 1 errors
03-17 06:42:50.810  3689 19873 I HUREV   : [2334] m.e | USB reads recovered after 1 errors
03-17 06:42:50.840  3689 19873 I HUREV   : [2334] m.e | USB reads recovered after 1 errors
03-17 06:42:50.910  3689 19873 I HUREV   : [2334] m.e | USB reads recovered after 1 errors
03-17 06:42:50.940  3689 19873 I HUREV   : [2334] m.e | USB reads recovered after 1 errors
03-17 06:42:50.970  3689 19873 I HUREV   : [2334] m.e | USB reads recovered after 1 errors
03-17 06:42:51.010  3689 19873 I HUREV   : [2334] m.e | USB reads recovered after 1 errors
03-17 06:42:51.040  3689 19873 I HUREV   : [2334] m.e | USB reads recovered after 1 errors
03-17 06:42:51.080  3689 19873 I HUREV   : [2334] m.e | USB reads recovered after 1 errors
03-17 06:42:51.110  3689 19873 I HUREV   : [2334] m.e | USB reads recovered after 1 errors
03-17 06:42:51.140  3689 19873 I HUREV   : [2334] m.e | USB reads recovered after 1 errors
03-17 06:42:51.180  3689 19873 I HUREV   : [2334] m.e | USB reads recovered after 1 errors
03-17 06:42:51.210  3689 19873 I HUREV   : [2334] m.e | USB reads recovered after 1 errors
03-17 06:42:51.240  3689 19873 I HUREV   : [2334] m.e | USB reads recovered after 1 errors
03-17 06:42:51.270  3689 19873 I HUREV   : [2334] m.e | USB reads recovered after 1 errors
03-17 06:42:51.310  3689 19873 I HUREV   : [2334] m.e | USB reads recovered after 2 errors
03-17 06:42:51.340  3689 19873 I HUREV   : [2334] m.e | USB reads recovered after 1 errors
03-17 06:42:51.410  3689 19873 I HUREV   : [2334] m.e | USB reads recovered after 1 errors
03-17 06:42:51.440  3689 19873 I HUREV   : [2334] m.e | USB reads recovered after 1 errors
03-17 06:42:51.470  3689 19873 I HUREV   : [2334] m.e | USB reads recovered after 1 errors
03-17 06:42:51.510  3689 19873 I HUREV   : [2334] m.e | USB reads recovered after 2 errors
03-17 06:42:51.540  3689 19873 I HUREV   : [2334] m.e | USB reads recovered after 1 errors
03-17 06:42:51.580  3689 19873 I HUREV   : [2334] m.e | USB reads recovered after 2 errors
03-17 06:42:51.610  3689 19873 I HUREV   : [2334] m.e | USB reads recovered after 2 errors
03-17 06:42:51.640  3689 19873 I HUREV   : [2334] m.e | USB reads recovered after 2 errors
03-17 06:42:51.700  3689 19873 I HUREV   : [2334] m.e | USB reads recovered after 2 errors
03-17 06:42:51.720  3689 19873 I HUREV   : [2334] m.e | USB reads recovered after 1 errors
03-17 06:42:51.770  3689 19873 I HUREV   : [2334] m.e | USB reads recovered after 1 errors
03-17 06:42:51.810  3689 19873 I HUREV   : [2334] m.e | USB reads recovered after 1 errors
03-17 06:42:51.840  3689 19873 I HUREV   : [2334] m.e | USB reads recovered after 2 errors
03-17 06:42:51.870  3689 19873 I HUREV   : [2334] m.e | USB reads recovered after 1 errors
03-17 06:42:51.910  3689 19873 I HUREV   : [2334] m.e | USB reads recovered after 1 errors
03-17 06:42:51.940  3689 19873 I HUREV   : [2334] m.e | USB reads recovered after 1 errors
03-17 06:42:51.970  3689 19873 I HUREV   : [2334] m.e | USB reads recovered after 1 errors
03-17 06:42:52.010  3689 19873 I HUREV   : [2334] m.e | USB reads recovered after 1 errors
03-17 06:42:52.040  3689 19873 I HUREV   : [2334] m.e | USB reads recovered after 2 errors
03-17 06:42:52.080  3689 19873 I HUREV   : [2334] m.e | USB reads recovered after 1 errors
03-17 06:42:52.110  3689 19873 I HUREV   : [2334] m.e | USB reads recovered after 1 errors
03-17 06:42:52.150  3689 19873 I HUREV   : [2334] m.e | USB reads recovered after 1 errors
03-17 06:42:52.180  3689 19873 I HUREV   : [2334] m.e | USB reads recovered after 1 errors
03-17 06:42:52.240  3689 19873 I HUREV   : [2334] m.e | USB reads recovered after 1 errors
03-17 06:42:52.280  3689 19873 I HUREV   : [2334] m.e | USB reads recovered after 1 errors
03-17 06:42:52.340  3689 19873 I HUREV   : [2334] m.e | USB reads recovered after 2 errors
03-17 06:42:52.380  3689 19873 I HUREV   : [2334] m.e | USB reads recovered after 1 errors
03-17 06:42:52.410  3689 19873 I HUREV   : [2334] m.e | USB reads recovered after 1 errors
03-17 06:42:52.440  3689 19873 I HUREV   : [2334] m.e | USB reads recovered after 2 errors
03-17 06:42:52.470  3689 19873 I HUREV   : [2334] m.e | USB reads recovered after 2 errors
03-17 06:42:52.510  3689 19873 I HUREV   : [2334] m.e | USB reads recovered after 1 errors
03-17 06:42:52.540  3689 19873 I HUREV   : [2334] m.e | USB reads recovered after 2 errors
03-17 06:42:52.570  3689 19873 I HUREV   : [2334] m.e | USB reads recovered after 2 errors
03-17 06:42:52.610  3689 19873 I HUREV   : [2334] m.e | USB reads recovered after 1 errors
03-17 06:42:52.650  3689 19873 I HUREV   : [2334] m.e | USB reads recovered after 1 errors
03-17 06:42:52.690  3689 19873 I HUREV   : [2334] m.e | USB reads recovered after 2 errors
03-17 06:42:52.720  3689 19873 I HUREV   : [2334] m.e | USB reads recovered after 1 errors
03-17 06:42:52.750  3689 19873 I HUREV   : [2334] m.e | USB reads recovered after 2 errors
03-17 06:42:52.780  3689 19873 I HUREV   : [2334] m.e | USB reads recovered after 1 errors
03-17 06:42:52.810  3689 19873 I HUREV   : [2334] m.e | USB reads recovered after 1 errors
03-17 06:42:52.840  3689 19873 I HUREV   : [2334] m.e | USB reads recovered after 2 errors
03-17 06:42:52.910  3689 19873 I HUREV   : [2334] m.e | USB reads recovered after 2 errors
03-17 06:42:52.940  3689 19873 I HUREV   : [2334] m.e | USB reads recovered after 1 errors
03-17 06:42:52.970  3689 19873 I HUREV   : [2334] m.e | USB reads recovered after 2 errors
03-17 06:42:53.010  3689 19873 I HUREV   : [2334] m.e | USB reads recovered after 1 errors
03-17 06:42:53.040  3689 19873 I HUREV   : [2334] m.e | USB reads recovered after 1 errors
03-17 06:42:53.070  3689 19873 I HUREV   : [2334] m.e | USB reads recovered after 2 errors
03-17 06:42:53.110  3689 19873 I HUREV   : [2334] m.e | USB reads recovered after 2 errors
03-17 06:42:53.240  3689 19873 I HUREV   : [2334] m.e | USB reads recovered after 1 errors
03-17 06:42:53.280  3689 19873 I HUREV   : [2334] m.e | USB reads recovered after 1 errors
03-17 06:42:53.310  3689 19873 I HUREV   : [2334] m.e | USB reads recovered after 2 errors
03-17 06:42:53.350  3689 19873 I HUREV   : [2334] m.e | USB reads recovered after 1 errors
03-17 06:42:53.410  3689 19873 I HUREV   : [2334] m.e | USB reads recovered after 1 errors
03-17 06:42:53.440  3689 19873 I HUREV   : [2334] m.e | USB reads recovered after 1 errors
03-17 06:42:53.480  3689 19873 I HUREV   : [2334] m.e | USB reads recovered after 2 errors
03-17 06:42:53.510  3689 19873 I HUREV   : [2334] m.e | USB reads recovered after 2 errors
03-17 06:42:53.540  3689 19873 I HUREV   : [2334] m.e | USB reads recovered after 1 errors
03-17 06:42:53.580  3689 19873 I HUREV   : [2334] m.e | USB reads recovered after 2 errors
03-17 06:42:53.620  3689 19873 I HUREV   : [2334] m.e | USB reads recovered after 2 errors
03-17 06:42:53.680  3689 19873 I HUREV   : [2334] m.e | USB reads recovered after 1 errors
03-17 06:42:53.700  3689  3694 D dalvikvm: GC_CONCURRENT freed 2365K, 63% free 10261K/27292K, paused 6ms+7ms, total 85ms
03-17 06:42:53.720  3689 19873 I HUREV   : [2334] m.e | USB reads recovered after 2 errors
03-17 06:42:53.740  3689 19873 I HUREV   : [2334] m.e | USB reads recovered after 1 errors
03-17 06:42:53.810  3689 19873 I HUREV   : [2334] m.e | USB reads recovered after 1 errors
03-17 06:42:53.840  3689 19873 I HUREV   : [2334] m.e | USB reads recovered after 2 errors
03-17 06:42:53.880  3689 19873 I HUREV   : [2334] m.e | USB reads recovered after 1 errors
03-17 06:42:53.910  3689 19873 I HUREV   : [2334] m.e | USB reads recovered after 1 errors
03-17 06:42:53.940  3689 19873 I HUREV   : [2334] m.e | USB reads recovered after 1 errors
03-17 06:42:53.970  3689 19873 I HUREV   : [2334] m.e | USB reads recovered after 2 errors
03-17 06:42:54.010  3689 19873 I HUREV   : [2334] m.e | USB reads recovered after 1 errors
03-17 06:42:54.040  3689 19873 I HUREV   : [2334] m.e | USB reads recovered after 1 errors
03-17 06:42:54.080  3689 19873 I HUREV   : [2334] m.e | USB reads recovered after 1 errors
03-17 06:42:54.110  3689 19873 I HUREV   : [2334] m.e | USB reads recovered after 1 errors
03-17 06:42:54.140  3689 19873 I HUREV   : [2334] m.e | USB reads recovered after 2 errors
03-17 06:42:54.180  3689 19873 I HUREV   : [2334] m.e | USB reads recovered after 2 errors
03-17 06:42:54.210  3689 19873 I HUREV   : [2334] m.e | USB reads recovered after 2 errors
03-17 06:42:54.240  3689 19873 I HUREV   : [2334] m.e | USB reads recovered after 2 errors
03-17 06:42:54.270  3689 19873 I HUREV   : [2334] m.e | USB reads recovered after 2 errors
03-17 06:42:54.310  3689 19873 I HUREV   : [2334] m.e | USB reads recovered after 1 errors
03-17 06:42:54.340  3689 19873 I HUREV   : [2334] m.e | USB reads recovered after 2 errors
03-17 06:42:54.370  3689 19873 I HUREV   : [2334] m.e | USB reads recovered after 2 errors
03-17 06:42:54.410  3689 19873 I HUREV   : [2334] m.e | USB reads recovered after 1 errors
03-17 06:42:54.440  3689 19873 I HUREV   : [2334] m.e | USB reads recovered after 2 errors
03-17 06:42:54.470  3689 19873 I HUREV   : [2334] m.e | USB reads recovered after 1 errors
03-17 06:42:54.510  3689 19873 I HUREV   : [2334] m.e | USB reads recovered after 2 errors
03-17 06:42:54.540  3689 19873 I HUREV   : [2334] m.e | USB reads recovered after 2 errors
03-17 06:42:54.580  3689 19873 I HUREV   : [2334] m.e | USB reads recovered after 2 errors
03-17 06:42:54.610  3689 19873 I HUREV   : [2334] m.e | USB reads recovered after 2 errors
03-17 06:42:54.650  3689 19873 I HUREV   : [2334] m.e | USB reads recovered after 2 errors
03-17 06:42:54.690  3689 19873 I HUREV   : [2334] m.e | USB reads recovered after 3 errors
03-17 06:42:54.720  3689 19873 I HUREV   : [2334] m.e | USB reads recovered after 1 errors
03-17 06:42:54.740  3689 19873 I HUREV   : [2334] m.e | USB reads recovered after 1 errors
03-17 06:42:54.780  3689 19873 I HUREV   : [2334] m.e | USB reads recovered after 1 errors
03-17 06:42:54.810  3689 19873 I HUREV   : [2334] m.e | USB reads recovered after 1 errors
03-17 06:42:54.840  3689 19873 I HUREV   : [2334] m.e | USB reads recovered after 2 errors
03-17 06:42:54.870  3689 19873 I HUREV   : [2334] m.e | USB reads recovered after 1 errors
03-17 06:42:54.910  3689 19873 I HUREV   : [2334] m.e | USB reads recovered after 2 errors
03-17 06:42:54.950  3689 19873 I HUREV   : [2334] m.e | USB reads recovered after 2 errors
03-17 06:42:55.010  3689 19873 I HUREV   : [2334] m.e | USB reads recovered after 1 errors
03-17 06:42:55.040  3689 19873 I HUREV   : [2334] m.e | USB reads recovered after 2 errors
03-17 06:42:55.070  3689 19873 I HUREV   : [2334] m.e | USB reads recovered after 2 errors
03-17 06:42:55.100  3689 19873 E HUREV   : [2334] n0.decrypt | SSL Decrypt failed
03-17 06:42:55.100  3689 19873 E HUREV   : javax.net.ssl.SSLProtocolException: Read error: ssl=0x64175e20: Failure in SSL library, usually a protocol error
03-17 06:42:55.100  3689 19873 E HUREV   : error:1e000065:Cipher functions:OPENSSL_internal:BAD_DECRYPT (/usr/local/google/home/prb/src/boringssl/crypto/fipsmodule/cipher/e_aes.c:1068 0x6bab7d46:0x00000000)
03-17 06:42:55.100  3689 19873 E HUREV   : error:1000008b:SSL routines:OPENSSL_internal:DECRYPTION_FAILED_OR_BAD_RECORD_MAC (/usr/local/google/home/prb/src/boringssl/ssl/tls_record.cc:298 0x6bab7d46:0x00000000)
03-17 06:42:55.100  3689 19873 E HUREV   : 	at org.conscrypt.NativeCrypto.ENGINE_SSL_read_direct(Native Method)
03-17 06:42:55.100  3689 19873 E HUREV   : 	at org.conscrypt.NativeSsl.readDirectByteBuffer(r8-map-id-8722f06efe6fab086a70200d597343236d3225d15181a7b075b269dcf50b7ff7:17)
03-17 06:42:55.100  3689 19873 E HUREV   : 	at org.conscrypt.ConscryptEngine.readPlaintextDataDirect(r8-map-id-8722f06efe6fab086a70200d597343236d3225d15181a7b075b269dcf50b7ff7:7)
03-17 06:42:55.100  3689 19873 E HUREV   : 	at org.conscrypt.ConscryptEngine.readPlaintextData(r8-map-id-8722f06efe6fab086a70200d597343236d3225d15181a7b075b269dcf50b7ff7:22)
03-17 06:42:55.100  3689 19873 E HUREV   : 	at org.conscrypt.ConscryptEngine.unwrap(r8-map-id-8722f06efe6fab086a70200d597343236d3225d15181a7b075b269dcf50b7ff7:49)
03-17 06:42:55.100  3689 19873 E HUREV   : 	at org.conscrypt.ConscryptEngine.unwrap(r8-map-id-8722f06efe6fab086a70200d597343236d3225d15181a7b075b269dcf50b7ff7:18)
03-17 06:42:55.100  3689 19873 E HUREV   : 	at org.conscrypt.ConscryptEngine.unwrap(r8-map-id-8722f06efe6fab086a70200d597343236d3225d15181a7b075b269dcf50b7ff7:2)
03-17 06:42:55.100  3689 19873 E HUREV   : 	at t0.n0.decrypt(r8-map-id-8722f06efe6fab086a70200d597343236d3225d15181a7b075b269dcf50b7ff7:60)
03-17 06:42:55.100  3689 19873 E HUREV   : 	at t0.v$a.b(r8-map-id-8722f06efe6fab086a70200d597343236d3225d15181a7b075b269dcf50b7ff7:115)
03-17 06:42:55.100  3689 19873 E HUREV   : 	at t0.e0.d(r8-map-id-8722f06efe6fab086a70200d597343236d3225d15181a7b075b269dcf50b7ff7:139)
03-17 06:42:55.100  3689 19873 E HUREV   : 	at t0.e0.a(r8-map-id-8722f06efe6fab086a70200d597343236d3225d15181a7b075b269dcf50b7ff7:98)
03-17 06:42:55.100  3689 19873 E HUREV   : 	at t0.d0$a.read(r8-map-id-8722f06efe6fab086a70200d597343236d3225d15181a7b075b269dcf50b7ff7:14)
03-17 06:42:55.100  3689 19873 E HUREV   : 	at t0.s0.n(r8-map-id-8722f06efe6fab086a70200d597343236d3225d15181a7b075b269dcf50b7ff7:15)
03-17 06:42:55.100  3689 19873 E HUREV   : 	at t0.s0.c(r8-map-id-8722f06efe6fab086a70200d597343236d3225d15181a7b075b269dcf50b7ff7:1)
03-17 06:42:55.100  3689 19873 E HUREV   : 	at t0.q0.handleMessage(r8-map-id-8722f06efe6fab086a70200d597343236d3225d15181a7b075b269dcf50b7ff7:3)
03-17 06:42:55.100  3689 19873 E HUREV   : 	at android.os.Handler.dispatchMessage(Handler.java:95)
03-17 06:42:55.100  3689 19873 E HUREV   : 	at android.os.Looper.loop(Looper.java:137)
03-17 06:42:55.100  3689 19873 E HUREV   : 	at android.os.HandlerThread.run(HandlerThread.java:61)
03-17 06:42:55.110  3689 19873 E HUREV   : [2334] a.b | Decrypted payload too short: 0
03-17 06:42:55.110  3689 19873 E HUREV   : [2334] a.b | Decrypted payload too short: 0
03-17 06:42:55.110  3689 19873 E HUREV   : [2334] a.b | Decrypted payload too short: 0
03-17 06:42:55.140  3689 19873 I HUREV   : [2334] m.e | USB reads recovered after 2 errors
03-17 06:42:55.140  3689 19873 E HUREV   : [2334] a.b | Decrypted payload too short: 0
03-17 06:42:55.620  3689 19873 I HUREV   : [2334] m.e | USB reads recovered after 6 errors
03-17 06:42:55.630  3689 19873 E HUREV   : [2334] a.b | Decrypted payload too short: 0
03-17 06:42:55.900  3689 19873 I HUREV   : [2334] m.e | USB reads recovered after 5 errors
03-17 06:42:55.900  3689 19873 E HUREV   : [2334] a.b | Decrypted payload too short: 0
03-17 06:42:56.170  3689 19873 I HUREV   : [2334] m.e | USB reads recovered after 5 errors
03-17 06:42:56.170  3689 19873 E HUREV   : [2334] a.b | Decrypted payload too short: 0
03-17 06:42:56.440  3689 19873 I HUREV   : [2334] m.e | USB reads recovered after 5 errors
03-17 06:42:56.440  3689 19873 E HUREV   : [2334] a.b | Decrypted payload too short: 0
03-17 06:42:56.440  3689 19873 E HUREV   : [2334] a.b | Decrypted payload too short: 0
03-17 06:42:56.440  3689 19873 E HUREV   : [2334] a.b | Decrypted payload too short: 0
03-17 06:42:56.710  3689 19873 I HUREV   : [2334] m.e | USB reads recovered after 5 errors
03-17 06:42:56.710  3689 19873 E HUREV   : [2334] a.b | Decrypted payload too short: 0
03-17 06:42:56.710  3689 19873 E HUREV   : [2334] a.b | Decrypted payload too short: 0
03-17 06:42:56.710  3689 19873 E HUREV   : [2334] a.b | Decrypted payload too short: 0
03-17 06:42:57.200  3689 19873 I HUREV   : [2334] m.e | USB reads recovered after 6 errors
03-17 06:42:57.200  3689 19873 E HUREV   : [2334] a.b | Decrypted payload too short: 0
03-17 06:42:57.200  3689 19873 E HUREV   : [2334] a.b | Decrypted payload too short: 0
03-17 06:42:57.210  3689 19873 E HUREV   : [2334] a.b | Decrypted payload too short: 0
03-17 06:42:57.470  3689 19873 I HUREV   : [2334] m.e | USB reads recovered after 5 errors
03-17 06:42:57.470  3689 19873 E HUREV   : [2334] a.b | Decrypted payload too short: 0
03-17 06:42:57.750  3689 19873 I HUREV   : [2334] m.e | USB reads recovered after 5 errors
03-17 06:42:57.750  3689 19873 E HUREV   : [2334] a.b | Decrypted payload too short: 0
03-17 06:42:58.010  3689 19873 I HUREV   : [2334] m.e | USB reads recovered after 5 errors
03-17 06:42:58.010  3689 19873 E HUREV   : [2334] a.b | Decrypted payload too short: 0
03-17 06:42:58.280  3689 19873 I HUREV   : [2334] m.e | USB reads recovered after 5 errors
03-17 06:42:58.280  3689 19873 E HUREV   : [2334] a.b | Decrypted payload too short: 0
03-17 06:42:58.550  3689 19873 I HUREV   : [2334] m.e | USB reads recovered after 5 errors
03-17 06:42:58.550  3689 19873 E HUREV   : [2334] a.b | Decrypted payload too short: 0
03-17 06:42:58.550  3689 19873 E HUREV   : [2334] a.b | Decrypted payload too short: 0
03-17 06:42:58.820  3689 19873 I HUREV   : [2334] m.e | USB reads recovered after 5 errors
03-17 06:42:58.820  3689 19873 E HUREV   : [2334] a.b | Decrypted payload too short: 0
03-17 06:42:58.820  3689 19873 E HUREV   : [2334] a.b | Decrypted payload too short: 0
03-17 06:42:58.830  3689 19873 E HUREV   : [2334] a.b | Decrypted payload too short: 0
03-17 06:42:59.300  3689 19873 I HUREV   : [2334] m.e | USB reads recovered after 6 errors
03-17 06:42:59.300  3689 19873 E HUREV   : [2334] a.b | Decrypted payload too short: 0
03-17 06:42:59.570  3689 19873 I HUREV   : [2334] m.e | USB reads recovered after 5 errors
03-17 06:42:59.580  3689 19873 E HUREV   : [2334] a.b | Decrypted payload too short: 0
03-17 06:42:59.850  3689 19873 I HUREV   : [2334] m.e | USB reads recovered after 5 errors
03-17 06:42:59.850  3689 19873 E HUREV   : [2334] a.b | Decrypted payload too short: 0
03-17 06:43:00.120  3689 19873 I HUREV   : [2334] m.e | USB reads recovered after 5 errors
03-17 06:43:00.120  3689 19873 E HUREV   : [2334] a.b | Decrypted payload too short: 0
03-17 06:43:00.120  3689 19873 E HUREV   : [2334] a.b | Decrypted payload too short: 0
03-17 06:43:00.130  3689 19873 E HUREV   : [2334] a.b | Decrypted payload too short: 0
03-17 06:43:00.390  3689 19873 I HUREV   : [2334] m.e | USB reads recovered after 5 errors
03-17 06:43:00.400  3689 19873 E HUREV   : [2334] a.b | Decrypted payload too short: 0
03-17 06:43:00.400  3689 19873 E HUREV   : [2334] a.b | Decrypted payload too short: 0
03-17 06:43:00.660  3689 19873 I HUREV   : [2334] m.e | USB reads recovered after 5 errors
03-17 06:43:00.660  3689 19873 E HUREV   : [2334] a.b | Decrypted payload too short: 0
03-17 06:43:01.140  3689 19873 I HUREV   : [2334] m.e | USB reads recovered after 6 errors
03-17 06:43:01.140  3689 19873 E HUREV   : [2334] a.b | Decrypted payload too short: 0
03-17 06:43:01.140  3689 19873 E HUREV   : [2334] a.b | Decrypted payload too short: 0
03-17 06:43:01.150  3689 19873 E HUREV   : [2334] a.b | Decrypted payload too short: 0
03-17 06:43:01.420  3689 19873 I HUREV   : [2334] m.e | USB reads recovered after 5 errors
03-17 06:43:01.420  3689 19873 E HUREV   : [2334] a.b | Decrypted payload too short: 0
03-17 06:43:01.690  3689 19873 I HUREV   : [2334] m.e | USB reads recovered after 5 errors
03-17 06:43:01.690  3689 19873 E HUREV   : [2334] a.b | Decrypted payload too short: 0
03-17 06:43:01.960  3689 19873 I HUREV   : [2334] m.e | USB reads recovered after 5 errors
03-17 06:43:01.960  3689 19873 E HUREV   : [2334] a.b | Decrypted payload too short: 0
03-17 06:43:02.230  3689 19873 I HUREV   : [2334] m.e | USB reads recovered after 5 errors
03-17 06:43:02.230  3689 19873 E HUREV   : [2334] a.b | Decrypted payload too short: 0
03-17 06:43:02.500  3689 19873 I HUREV   : [2334] m.e | USB reads recovered after 5 errors
03-17 06:43:02.500  3689 19873 E HUREV   : [2334] a.b | Decrypted payload too short: 0
03-17 06:43:02.770  3689 19873 I HUREV   : [2334] m.e | USB reads recovered after 5 errors
03-17 06:43:02.770  3689 19873 E HUREV   : [2334] a.b | Decrypted payload too short: 0
03-17 06:43:03.250  3689 19873 I HUREV   : [2334] m.e | USB reads recovered after 6 errors
03-17 06:43:03.250  3689 19873 E HUREV   : [2334] a.b | Decrypted payload too short: 0
03-17 06:43:03.530  3689 19873 I HUREV   : [2334] m.e | USB reads recovered after 5 errors
03-17 06:43:03.530  3689 19873 E HUREV   : [2334] a.b | Decrypted payload too short: 0
03-17 06:43:03.800  3689 19873 I HUREV   : [2334] m.e | USB reads recovered after 5 errors
03-17 06:43:03.810  3689 19873 E HUREV   : [2334] a.b | Decrypted payload too short: 0
03-17 06:43:04.070  3689 19873 I HUREV   : [2334] m.e | USB reads recovered after 5 errors
03-17 06:43:04.080  3689 19873 E HUREV   : [2334] a.b | Decrypted payload too short: 0
03-17 06:43:04.080  3689 19873 E HUREV   : [2334] a.b | Decrypted payload too short: 0
03-17 06:43:04.080  3689 19873 E HUREV   : [2334] a.b | Decrypted payload too short: 0
03-17 06:43:04.350  3689 19873 I HUREV   : [2334] m.e | USB reads recovered after 5 errors
03-17 06:43:04.350  3689 19873 E HUREV   : [2334] a.b | Decrypted payload too short: 0
03-17 06:43:04.650  3689 19873 I HUREV   : [2334] m.e | USB reads recovered after 5 errors
03-17 06:43:04.650  3689 19873 E HUREV   : [2334] a.b | Decrypted payload too short: 0
03-17 06:43:04.900  3689 19873 I HUREV   : [2334] m.e | USB reads recovered after 5 errors
03-17 06:43:04.910  3689 19873 E HUREV   : [2334] a.b | Decrypted payload too short: 0
03-17 06:43:04.910  3689 19873 E HUREV   : [2334] a.b | Decrypted payload too short: 0
03-17 06:43:05.380  3689 19873 I HUREV   : [2334] m.e | USB reads recovered after 6 errors
03-17 06:43:05.380  3689 19873 E HUREV   : [2334] a.b | Decrypted payload too short: 0
03-17 06:43:05.630  3689 19873 I HUREV   : [2334] m.e | USB reads recovered after 5 errors
03-17 06:43:05.630  3689 19873 E HUREV   : [2334] a.b | Decrypted payload too short: 0
03-17 06:43:05.880  3689 19873 I HUREV   : [2334] m.e | USB reads recovered after 5 errors
03-17 06:43:05.880  3689 19873 E HUREV   : [2334] a.b | Decrypted payload too short: 0
03-17 06:43:06.130  3689 19873 I HUREV   : [2334] m.e | USB reads recovered after 5 errors
03-17 06:43:06.130  3689 19873 E HUREV   : [2334] a.b | Decrypted payload too short: 0
03-17 06:43:06.130  3689 19873 E HUREV   : [2334] a.b | Decrypted payload too short: 0
03-17 06:43:06.570  3689  3689 I HUREV   : [1] AapProjectionActivity.V | Showing reconnecting overlay
03-17 06:43:06.590  3689 19873 I HUREV   : [2334] m.e | USB reads recovered after 6 errors
03-17 06:43:06.590  3689 19873 E HUREV   : [2334] a.b | Decrypted payload too short: 0
03-17 06:43:06.590  3689 19873 E HUREV   : [2334] a.b | Decrypted payload too short: 0
03-17 06:43:06.840  3689 19873 I HUREV   : [2334] m.e | USB reads recovered after 5 errors
03-17 06:43:06.840  3689 19873 E HUREV   : [2334] a.b | Decrypted payload too short: 0
03-17 06:43:07.090  3689 19873 I HUREV   : [2334] m.e | USB reads recovered after 5 errors
03-17 06:43:07.100  3689 19873 E HUREV   : [2334] a.b | Decrypted payload too short: 0
03-17 06:43:07.100  3689 19873 E HUREV   : [2334] a.b | Decrypted payload too short: 0
03-17 06:43:07.100  3689 19873 E HUREV   : [2334] a.b | Decrypted payload too short: 0
03-17 06:43:07.350  3689 19873 I HUREV   : [2334] m.e | USB reads recovered after 5 errors
03-17 06:43:07.350  3689 19873 E HUREV   : [2334] a.b | Decrypted payload too short: 0
03-17 06:43:07.810  3689 19873 I HUREV   : [2334] m.e | USB reads recovered after 6 errors
03-17 06:43:07.810  3689 19873 E HUREV   : [2334] a.b | Decrypted payload too short: 0
03-17 06:43:08.070  3689 19873 I HUREV   : [2334] m.e | USB reads recovered after 5 errors
03-17 06:43:08.070  3689 19873 E HUREV   : [2334] a.b | Decrypted payload too short: 0
03-17 06:43:08.080  3689 19873 E HUREV   : [2334] a.b | Decrypted payload too short: 0
03-17 06:43:08.080  3689 19873 E HUREV   : [2334] a.b | Decrypted payload too short: 0
03-17 06:43:08.080  3689 19873 E HUREV   : [2334] a.b | Decrypted payload too short: 0
03-17 06:43:08.340  3689 19873 I HUREV   : [2334] m.e | USB reads recovered after 5 errors
03-17 06:43:08.340  3689 19873 E HUREV   : [2334] a.b | Decrypted payload too short: 0
03-17 06:43:08.600  3689 19873 I HUREV   : [2334] m.e | USB reads recovered after 5 errors
03-17 06:43:08.610  3689 19873 E HUREV   : [2334] a.b | Decrypted payload too short: 0
03-17 06:43:08.870  3689 19873 I HUREV   : [2334] m.e | USB reads recovered after 5 errors
03-17 06:43:08.870  3689 19873 E HUREV   : [2334] a.b | Decrypted payload too short: 0
03-17 06:43:09.330  3689 19873 I HUREV   : [2334] m.e | USB reads recovered after 6 errors
03-17 06:43:09.330  3689 19873 E HUREV   : [2334] a.b | Decrypted payload too short: 0
03-17 06:43:09.590  3689 19873 I HUREV   : [2334] m.e | USB reads recovered after 5 errors
03-17 06:43:09.590  3689 19873 E HUREV   : [2334] a.b | Decrypted payload too short: 0
03-17 06:43:09.590  3689 19873 E HUREV   : [2334] a.b | Decrypted payload too short: 0
03-17 06:43:09.850  3689 19873 I HUREV   : [2334] m.e | USB reads recovered after 5 errors
03-17 06:43:09.850  3689 19873 E HUREV   : [2334] a.b | Decrypted payload too short: 0
03-17 06:43:10.110  3689 19873 I HUREV   : [2334] m.e | USB reads recovered after 5 errors
03-17 06:43:10.110  3689 19873 E HUREV   : [2334] a.b | Decrypted payload too short: 0
03-17 06:43:10.370  3689 19873 I HUREV   : [2334] m.e | USB reads recovered after 5 errors
03-17 06:43:10.370  3689 19873 E HUREV   : [2334] a.b | Decrypted payload too short: 0
03-17 06:43:10.850  3689 19873 I HUREV   : [2334] m.e | USB reads recovered after 6 errors
03-17 06:43:10.850  3689 19873 E HUREV   : [2334] a.b | Decrypted payload too short: 0
03-17 06:43:11.110  3689 19873 I HUREV   : [2334] m.e | USB reads recovered after 5 errors
03-17 06:43:11.110  3689 19873 E HUREV   : [2334] a.b | Decrypted payload too short: 0
03-17 06:43:11.370  3689 19873 I HUREV   : [2334] m.e | USB reads recovered after 5 errors
03-17 06:43:11.370  3689 19873 E HUREV   : [2334] a.b | Decrypted payload too short: 0
03-17 06:43:11.630  3689 19873 I HUREV   : [2334] m.e | USB reads recovered after 5 errors
03-17 06:43:11.630  3689 19873 E HUREV   : [2334] a.b | Decrypted payload too short: 0
03-17 06:43:11.890  3689 19873 I HUREV   : [2334] m.e | USB reads recovered after 5 errors
03-17 06:43:11.890  3689 19873 E HUREV   : [2334] a.b | Decrypted payload too short: 0
03-17 06:43:12.360  3689 19873 I HUREV   : [2334] m.e | USB reads recovered after 6 errors
03-17 06:43:12.360  3689 19873 E HUREV   : [2334] a.b | Decrypted payload too short: 0
03-17 06:43:12.630  3689 19873 I HUREV   : [2334] m.e | USB reads recovered after 5 errors
03-17 06:43:12.630  3689 19873 E HUREV   : [2334] a.b | Decrypted payload too short: 0
03-17 06:43:12.630  3689 19873 E HUREV   : [2334] a.b | Decrypted payload too short: 0
03-17 06:43:12.890  3689 19873 I HUREV   : [2334] m.e | USB reads recovered after 5 errors
03-17 06:43:12.900  3689 19873 E HUREV   : [2334] a.b | Decrypted payload too short: 0
03-17 06:43:13.150  3689 19873 I HUREV   : [2334] m.e | USB reads recovered after 5 errors
03-17 06:43:13.150  3689 19873 E HUREV   : [2334] a.b | Decrypted payload too short: 0
03-17 06:43:13.410  3689 19873 I HUREV   : [2334] m.e | USB reads recovered after 5 errors
03-17 06:43:13.410  3689 19873 E HUREV   : [2334] a.b | Decrypted payload too short: 0
03-17 06:43:13.880  3689 19873 I HUREV   : [2334] m.e | USB reads recovered after 6 errors
03-17 06:43:13.880  3689 19873 E HUREV   : [2334] a.b | Decrypted payload too short: 0
03-17 06:43:14.130  3689 19873 I HUREV   : [2334] m.e | USB reads recovered after 5 errors
03-17 06:43:14.140  3689 19873 E HUREV   : [2334] a.b | Decrypted payload too short: 0
03-17 06:43:14.140  3689 19873 E HUREV   : [2334] a.b | Decrypted payload too short: 0
03-17 06:43:14.390  3689 19873 I HUREV   : [2334] m.e | USB reads recovered after 5 errors
03-17 06:43:14.390  3689 19873 E HUREV   : [2334] a.b | Decrypted payload too short: 0
03-17 06:43:14.640  3689 19873 I HUREV   : [2334] m.e | USB reads recovered after 5 errors
03-17 06:43:14.640  3689 19873 E HUREV   : [2334] a.b | Decrypted payload too short: 0
03-17 06:43:15.100  3689 19873 I HUREV   : [2334] m.e | USB reads recovered after 6 errors
03-17 06:43:15.100  3689 19873 E HUREV   : [2334] a.b | Decrypted payload too short: 0
03-17 06:43:15.350  3689 19873 I HUREV   : [2334] m.e | USB reads recovered after 5 errors
03-17 06:43:15.360  3689 19873 E HUREV   : [2334] a.b | Decrypted payload too short: 0
03-17 06:43:15.460  3689  3694 D dalvikvm: GC_CONCURRENT freed 2333K, 63% free 10252K/27292K, paused 9ms+6ms, total 105ms
03-17 06:43:15.610  3689 19873 I HUREV   : [2334] m.e | USB reads recovered after 5 errors
03-17 06:43:15.610  3689 19873 E HUREV   : [2334] a.b | Decrypted payload too short: 0
03-17 06:43:15.870  3689 19873 I HUREV   : [2334] m.e | USB reads recovered after 5 errors
03-17 06:43:15.870  3689 19873 E HUREV   : [2334] a.b | Decrypted payload too short: 0
03-17 06:43:16.330  3689 19873 I HUREV   : [2334] m.e | USB reads recovered after 6 errors
03-17 06:43:16.330  3689 19873 E HUREV   : [2334] a.b | Decrypted payload too short: 0
03-17 06:43:16.340  3689 19873 E HUREV   : [2334] a.b | Decrypted payload too short: 0
03-17 06:43:16.590  3689 19873 I HUREV   : [2334] m.e | USB reads recovered after 5 errors
03-17 06:43:16.590  3689 19873 E HUREV   : [2334] a.b | Decrypted payload too short: 0
03-17 06:43:16.600  3689 19873 E HUREV   : [2334] a.b | Decrypted payload too short: 0
03-17 06:43:16.600  3689 19873 E HUREV   : [2334] a.b | Decrypted payload too short: 0
03-17 06:43:16.860  3689 19873 I HUREV   : [2334] m.e | USB reads recovered after 5 errors
03-17 06:43:16.860  3689 19873 E HUREV   : [2334] a.b | Decrypted payload too short: 0
03-17 06:43:16.860  3689 19873 E HUREV   : [2334] a.b | Decrypted payload too short: 0
03-17 06:43:16.870  3689 19873 E HUREV   : [2334] a.b | Decrypted payload too short: 0
03-17 06:43:17.120  3689 19873 I HUREV   : [2334] m.e | USB reads recovered after 5 errors
03-17 06:43:17.120  3689 19873 E HUREV   : [2334] a.b | Decrypted payload too short: 0
03-17 06:43:17.370  3689 19873 I HUREV   : [2334] m.e | USB reads recovered after 5 errors
03-17 06:43:17.370  3689 19873 E HUREV   : [2334] a.b | Decrypted payload too short: 0
03-17 06:43:17.840  3689 19873 I HUREV   : [2334] m.e | USB reads recovered after 6 errors
03-17 06:43:17.840  3689 19873 E HUREV   : [2334] a.b | Decrypted payload too short: 0
03-17 06:43:18.090  3689 19873 I HUREV   : [2334] m.e | USB reads recovered after 5 errors
03-17 06:43:18.090  3689 19873 E HUREV   : [2334] a.b | Decrypted payload too short: 0
03-17 06:43:18.360  3689 19873 I HUREV   : [2334] m.e | USB reads recovered after 5 errors
03-17 06:43:18.360  3689 19873 E HUREV   : [2334] a.b | Decrypted payload too short: 0
03-17 06:43:18.360  3689 19873 E HUREV   : [2334] a.b | Decrypted payload too short: 0
03-17 06:43:18.620  3689 19873 I HUREV   : [2334] m.e | USB reads recovered after 5 errors
03-17 06:43:18.630  3689 19873 E HUREV   : [2334] a.b | Decrypted payload too short: 0
03-17 06:43:18.630  3689 19873 E HUREV   : [2334] a.b | Decrypted payload too short: 0
03-17 06:43:18.630  3689 19873 E HUREV   : [2334] a.b | Decrypted payload too short: 0
03-17 06:43:18.890  3689 19873 I HUREV   : [2334] m.e | USB reads recovered after 5 errors
03-17 06:43:18.890  3689 19873 E HUREV   : [2334] a.b | Decrypted payload too short: 0
03-17 06:43:19.350  3689 19873 I HUREV   : [2334] m.e | USB reads recovered after 6 errors
03-17 06:43:19.360  3689 19873 E HUREV   : [2334] a.b | Decrypted payload too short: 0
03-17 06:43:19.360  3689 19873 E HUREV   : [2334] a.b | Decrypted payload too short: 0
03-17 06:43:19.360  3689 19873 E HUREV   : [2334] a.b | Decrypted payload too short: 0
03-17 06:43:19.610  3689 19873 I HUREV   : [2334] m.e | USB reads recovered after 5 errors
03-17 06:43:19.620  3689 19873 E HUREV   : [2334] a.b | Decrypted payload too short: 0
03-17 06:43:19.620  3689 19873 E HUREV   : [2334] a.b | Decrypted payload too short: 0
03-17 06:43:19.620  3689 19873 E HUREV   : [2334] a.b | Decrypted payload too short: 0
03-17 06:43:19.880  3689 19873 I HUREV   : [2334] m.e | USB reads recovered after 5 errors
03-17 06:43:19.880  3689 19873 E HUREV   : [2334] a.b | Decrypted payload too short: 0
03-17 06:43:19.890  3689 19873 E HUREV   : [2334] a.b | Decrypted payload too short: 0
03-17 06:43:19.890  3689 19873 E HUREV   : [2334] a.b | Decrypted payload too short: 0
03-17 06:43:20.150  3689 19873 I HUREV   : [2334] m.e | USB reads recovered after 5 errors
03-17 06:43:20.150  3689 19873 E HUREV   : [2334] a.b | Decrypted payload too short: 0
03-17 06:43:20.150  3689 19873 E HUREV   : [2334] a.b | Decrypted payload too short: 0
03-17 06:43:20.160  3689 19873 E HUREV   : [2334] a.b | Decrypted payload too short: 0
03-17 06:43:20.430  3689 19873 I HUREV   : [2334] m.e | USB reads recovered after 5 errors
03-17 06:43:20.430  3689 19873 E HUREV   : [2334] a.b | Decrypted payload too short: 0
03-17 06:43:20.690  3689 19873 I HUREV   : [2334] m.e | USB reads recovered after 5 errors
03-17 06:43:20.690  3689 19873 E HUREV   : [2334] a.b | Decrypted payload too short: 0
03-17 06:43:21.160  3689 19873 I HUREV   : [2334] m.e | USB reads recovered after 6 errors
03-17 06:43:21.160  3689 19873 E HUREV   : [2334] a.b | Decrypted payload too short: 0
03-17 06:43:21.420  3689 19873 I HUREV   : [2334] m.e | USB reads recovered after 5 errors
03-17 06:43:21.420  3689 19873 E HUREV   : [2334] a.b | Decrypted payload too short: 0
03-17 06:43:21.430  3689 19873 E HUREV   : [2334] a.b | Decrypted payload too short: 0
03-17 06:43:21.680  3689 19873 I HUREV   : [2334] m.e | USB reads recovered after 5 errors
03-17 06:43:21.680  3689 19873 E HUREV   : [2334] a.b | Decrypted payload too short: 0
03-17 06:43:21.680  3689 19873 E HUREV   : [2334] a.b | Decrypted payload too short: 0
03-17 06:43:21.690  3689 19873 E HUREV   : [2334] a.b | Decrypted payload too short: 0
03-17 06:43:21.940  3689 19873 I HUREV   : [2334] m.e | USB reads recovered after 5 errors
03-17 06:43:21.940  3689 19873 E HUREV   : [2334] a.b | Decrypted payload too short: 0
03-17 06:43:22.210  3689 19873 I HUREV   : [2334] m.e | USB reads recovered after 5 errors
03-17 06:43:22.210  3689 19873 E HUREV   : [2334] a.b | Decrypted payload too short: 0
03-17 06:43:22.510  3689 19873 I HUREV   : [2334] m.e | USB reads recovered after 5 errors
03-17 06:43:22.510  3689 19873 E HUREV   : [2334] a.b | Decrypted payload too short: 0
03-17 06:43:22.510  3689 19873 E HUREV   : [2334] a.b | Decrypted payload too short: 0
03-17 06:43:22.520  3689 19873 E HUREV   : [2334] a.b | Decrypted payload too short: 0
03-17 06:43:22.790  3689 19873 I HUREV   : [2334] m.e | USB reads recovered after 5 errors
03-17 06:43:22.790  3689 19873 E HUREV   : [2334] a.b | Decrypted payload too short: 0
03-17 06:43:23.080  3689 19873 I HUREV   : [2334] m.e | USB reads recovered after 5 errors
03-17 06:43:23.080  3689 19873 E HUREV   : [2334] a.b | Decrypted payload too short: 0
03-17 06:43:23.080  3689 19873 E HUREV   : [2334] a.b | Decrypted payload too short: 0
03-17 06:43:23.090  3689 19873 E HUREV   : [2334] a.b | Decrypted payload too short: 0
03-17 06:43:23.390  3689 19873 I HUREV   : [2334] m.e | USB reads recovered after 5 errors
03-17 06:43:23.390  3689 19873 E HUREV   : [2334] a.b | Decrypted payload too short: 0
03-17 06:43:23.870  3689 19873 I HUREV   : [2334] m.e | USB reads recovered after 6 errors
03-17 06:43:23.870  3689 19873 E HUREV   : [2334] a.b | Decrypted payload too short: 0
03-17 06:43:24.130  3689 19873 I HUREV   : [2334] m.e | USB reads recovered after 5 errors
03-17 06:43:24.140  3689 19873 E HUREV   : [2334] a.b | Decrypted payload too short: 0
03-17 06:43:24.390  3689 19873 I HUREV   : [2334] m.e | USB reads recovered after 5 errors
03-17 06:43:24.390  3689 19873 E HUREV   : [2334] a.b | Decrypted payload too short: 0
03-17 06:43:24.400  3689 19873 E HUREV   : [2334] a.b | Decrypted payload too short: 0
03-17 06:43:24.650  3689 19873 I HUREV   : [2334] m.e | USB reads recovered after 5 errors
03-17 06:43:24.650  3689 19873 E HUREV   : [2334] a.b | Decrypted payload too short: 0
03-17 06:43:24.660  3689 19873 E HUREV   : [2334] a.b | Decrypted payload too short: 0
03-17 06:43:24.960  3689  3689 I HUREV   : [1] AapProjectionActivity.M | Hiding reconnecting overlay — frames resumed
03-17 06:43:24.970  3689 12666 I HUREV   : [1532] s0.G | AapTransport stopping and sending byebye
03-17 06:43:25.000  3689  3689 I HUREV   : [1] AapService.K | WifiLock released
03-17 06:43:25.030  3689 19907 I HUREV   : [2335] a0.l | Output thread stopped
03-17 06:43:25.040  3689 12696 I HUREV   : [1559] a0.s | Decoder stopped: AapService::onDisconnect
03-17 06:43:25.040  3689  3689 I HUREV   : [1] AapProjectionActivity.onPause | AapProjectionActivity: onPause
03-17 06:43:25.080  3689  3689 D zjy     : view visibility = 7
03-17 06:43:25.130  3689  3689 D zjy     : view visibility = 7
03-17 06:43:25.160  3689 12666 I HUREV   : [1532] s0.o | AapTransport quitting (clean=false)
03-17 06:43:25.170  3689 19873 W MessageQueue: Handler (android.os.Handler) {42b1f5c0} sending message to a Handler on a dead thread
03-17 06:43:25.170  3689 19873 W MessageQueue: java.lang.RuntimeException: Handler (android.os.Handler) {42b1f5c0} sending message to a Handler on a dead thread
03-17 06:43:25.170  3689 19873 W MessageQueue: 	at android.os.MessageQueue.enqueueMessage(MessageQueue.java:309)
03-17 06:43:25.170  3689 19873 W MessageQueue: 	at android.os.Handler.enqueueMessage(Handler.java:623)
03-17 06:43:25.170  3689 19873 W MessageQueue: 	at android.os.Handler.sendMessageAtTime(Handler.java:592)
03-17 06:43:25.170  3689 19873 W MessageQueue: 	at android.os.Handler.sendMessageDelayed(Handler.java:563)
03-17 06:43:25.170  3689 19873 W MessageQueue: 	at android.os.Handler.sendEmptyMessageDelayed(Handler.java:527)
03-17 06:43:25.170  3689 19873 W MessageQueue: 	at android.os.Handler.sendEmptyMessage(Handler.java:512)
03-17 06:43:25.170  3689 19873 W MessageQueue: 	at t0.s0.n(r8-map-id-8722f06efe6fab086a70200d597343236d3225d15181a7b075b269dcf50b7ff7:36)
03-17 06:43:25.170  3689 19873 W MessageQueue: 	at t0.s0.c(r8-map-id-8722f06efe6fab086a70200d597343236d3225d15181a7b075b269dcf50b7ff7:1)
03-17 06:43:25.170  3689 19873 W MessageQueue: 	at t0.q0.handleMessage(r8-map-id-8722f06efe6fab086a70200d597343236d3225d15181a7b075b269dcf50b7ff7:3)
03-17 06:43:25.170  3689 19873 W MessageQueue: 	at android.os.Handler.dispatchMessage(Handler.java:95)
03-17 06:43:25.170  3689 19873 W MessageQueue: 	at android.os.Looper.loop(Looper.java:137)
03-17 06:43:25.170  3689 19873 W MessageQueue: 	at android.os.HandlerThread.run(HandlerThread.java:61)
03-17 06:43:25.170  3689 12666 D UsbDeviceConnectionJNI: close
03-17 06:43:25.170  3689 12666 I HUREV   : [1532] m.b | Google 18D1:2D00 - UsbDevice[mName=/dev/bus/usb/002/020,mVendorId=6353,mProductId=11520,mClass=0,mSubclass=0,mProtocol=0,mInterfaces=[Landroid.os.Parcelable;@42a95e90]
03-17 06:43:25.170  3689 12666 E UsbDeviceConnectionJNI: device is closed in native_release_interface
03-17 06:43:25.170  3689 12666 I HUREV   : [1532] m.b | OK releaseInterface()
03-17 06:43:25.560  3689  3689 I HUREV   : [1] AapProjectionActivity.onDestroy | AapProjectionActivity.onDestroy called. isFinishing=true
03-17 06:43:25.560  3689  3689 I HUREV   : [1] i.onSurfaceTextureDestroyed | TextureProjectionView: Surface destroyed
03-17 06:43:25.570  3689  3689 I HUREV   : [1] AapProjectionActivity.c | SurfaceCallback: onSurfaceDestroyed. Surface: Surface(name=android.graphics.SurfaceTexture@4336cb28)
03-17 06:43:25.570  3689  3689 I HUREV   : [1] a0.s | Decoder stopped: surfaceDestroyed
03-17 06:43:27.560  3689  3689 I HUREV   : [1] AapService.u | Found device already in accessory mode: Google 18D1:2D00
03-17 06:43:27.560  3689 12666 I HUREV   : [1532] m.l | Established connection: android.hardware.usb.UsbDeviceConnection@4347cab8
03-17 06:43:27.560  3689 12666 I HUREV   : [1532] m.l | interfaceCount: 1
03-17 06:43:27.560  3689 12666 I HUREV   : [1532] m.j | Check accessory endpoints
03-17 06:43:27.560  3689 12666 I HUREV   : [1532] m.j | Connected have EPs
03-17 06:43:27.580  3689  3689 I HUREV   : [1] AapService.t | WifiLock acquired (HIGH_PERF)
03-17 06:43:27.610  3689 12666 I HUREV   : [1532] s0.<init> | Using Java SSL implementation
03-17 06:43:27.630  3689 12666 I HUREV   : [1532] s0.B | Start Aap transport handshake for w0.m@4347c878
03-17 06:43:27.700  3689  3694 D dalvikvm: GC_CONCURRENT freed 3469K, 67% free 9225K/27292K, paused 8ms+6ms, total 79ms
03-17 06:43:27.700  3689  3689 D dalvikvm: WAIT_FOR_CONCURRENT_GC blocked 25ms
03-17 06:43:27.790  3689  3689 I HUREV   : [1] AapProjectionActivity.onCreate | HeadUnit for Android Auto (tm) - Copyright 2011-2015 Michael A. Reid., since 2025 André Rinas All Rights Reserved...
03-17 06:43:27.790  3689  3689 I HUREV   : [1] AapProjectionActivity.onCreate | Using TextureView
03-17 06:43:27.800  3689  3689 I HUREV   : [1] g.p | CarScreen: usable width: 1920 height: 720 (Raw: 1920x720, Insets: L0 T0 R0 B0)
03-17 06:43:27.800  3689  3689 I HUREV   : [1] g.p | CarScreen isSmallScreen: true, scaleFactor: 1.0
03-17 06:43:27.800  3689  3689 I HUREV   : [1] g.p | CarScreen using: _1920x1080, number: 3, scales: scaleX: 1.0, scaleY: 1.5
03-17 06:43:27.800  3689  3689 D zjy     : view visibility = 7
03-17 06:43:27.800  3689  3689 I HUREV   : [1] AapProjectionActivity.onResume | AapProjectionActivity: onResume
03-17 06:43:27.810  3689  3689 D zjy     : view visibility = 7
03-17 06:43:27.880  3689  3689 D zjy     : view visibility = 7
03-17 06:43:27.910  3689  3689 I HUREV   : [1] i.onSurfaceTextureAvailable | TextureProjectionView: Surface available: 1920x720
03-17 06:43:27.910  3689  3689 I HUREV   : [1] AapProjectionActivity.d | [AapProjectionActivity] onSurfaceCreated
03-17 06:43:27.920  3689  3689 I HUREV   : [1] AapProjectionActivity.b | [AapProjectionActivity] onSurfaceChanged. Actual surface dimensions: width=1920, height=720
03-17 06:43:27.920  3689  3689 I HUREV   : [1] a0.p | New surface set: Surface(name=android.graphics.SurfaceTexture@429258e0)
03-17 06:43:27.920  3689  3689 I HUREV   : [1] AapProjectionActivity.b | [AapProjectionActivity] Decoder already has dimensions: 1920x1088. Applying to view.
03-17 06:43:27.920  3689  3689 I HUREV   : [1] i.a | TextureProjectionView
03-17 06:43:27.930  3689  3689 I HUREV   : [1] g.p | CarScreen: usable width: 1920 height: 720 (Raw: 1920x720, Insets: L0 T0 R0 B0)
03-17 06:43:27.930  3689  3689 I HUREV   : [1] g.p | CarScreen isSmallScreen: true, scaleFactor: 1.0
03-17 06:43:27.930  3689  3689 I HUREV   : [1] g.p | CarScreen using: _1920x1080, number: 3, scales: scaleX: 1.0, scaleY: 1.5
03-17 06:43:27.940  3689  3689 I HUREV   : [1] h.a | ProjectionViewScaler: Dimensions: Video: 1920x1088, Content: 1920x640, View: 1920x720
03-17 06:43:27.940  3689  3689 I HUREV   : [1] h.a | ProjectionViewScaler: Scale updated for view i. scaleX: 1.0, scaleY: 1.5
03-17 06:43:27.950  3689  3689 I HUREV   : [1] h.a | ProjectionViewScaler: Dimensions: Video: 1920x1088, Content: 1920x640, View: 1920x720
03-17 06:43:27.950  3689  3689 I HUREV   : [1] h.a | ProjectionViewScaler: Scale updated for view i. scaleX: 1.0, scaleY: 1.5
03-17 06:43:28.170  3689 12666 W HUREV   : [1532] s0.l | Handshake: Version request send failed (ret=-1), attempt 1
03-17 06:43:28.390  3689 12666 W HUREV   : [1532] s0.l | Handshake: Version request send failed (ret=-1), attempt 2
03-17 06:43:28.610  3689 12666 W HUREV   : [1532] s0.l | Handshake: Version request send failed (ret=-1), attempt 3
03-17 06:43:28.820  3689 12666 E HUREV   : [1532] s0.l | Handshake: Version request/response failed after 3 attempt(s). last ret: -1
03-17 06:43:28.820  3689 12666 I HUREV   : [1532] s0.o | AapTransport quitting (clean=false)
03-17 06:43:28.820  3689 12696 I HUREV   : [1559] s0.o | AapTransport quitting (clean=false)
03-17 06:43:28.830  3689 12696 D UsbDeviceConnectionJNI: close
03-17 06:43:28.830  3689 12696 I HUREV   : [1559] m.b | Google 18D1:2D00 - UsbDevice[mName=/dev/bus/usb/002/020,mVendorId=6353,mProductId=11520,mClass=0,mSubclass=0,mProtocol=0,mInterfaces=[Landroid.os.Parcelable;@42bd3380]
03-17 06:43:28.830  3689 12696 E UsbDeviceConnectionJNI: device is closed in native_release_interface
03-17 06:43:28.830  3689 12666 E HUREV   : [1532] s0.B | Handshake failed
03-17 06:43:28.830  3689 12696 I HUREV   : [1559] m.b | OK releaseInterface()
03-17 06:43:28.840  3689  3689 I HUREV   : [1] AapProjectionActivity.M | Hiding reconnecting overlay — frames resumed
03-17 06:43:28.850  3689  3689 I HUREV   : [1] AapService.K | WifiLock released
03-17 06:43:28.870  3689 12696 I HUREV   : [1559] a0.s | Decoder stopped: AapService::onDisconnect
03-17 06:43:28.880  3689  3689 I HUREV   : [1] AapProjectionActivity.onPause | AapProjectionActivity: onPause
03-17 06:43:28.920  3689  3689 D zjy     : view visibility = 7
03-17 06:43:28.980  3689  3689 D zjy     : view visibility = 7
03-17 06:43:29.400  3689  3689 I HUREV   : [1] AapProjectionActivity.onDestroy | AapProjectionActivity.onDestroy called. isFinishing=true
03-17 06:43:29.400  3689  3689 I HUREV   : [1] i.onSurfaceTextureDestroyed | TextureProjectionView: Surface destroyed
03-17 06:43:29.400  3689  3689 I HUREV   : [1] AapProjectionActivity.c | SurfaceCallback: onSurfaceDestroyed. Surface: Surface(name=android.graphics.SurfaceTexture@429258e0)
03-17 06:43:29.400  3689  3689 I HUREV   : [1] a0.s | Decoder stopped: surfaceDestroyed
03-17 06:43:32.370  3689  3689 I HUREV   : [1] p.onReceive | USB Intent: Intent { act=android.hardware.usb.action.USB_DEVICE_DETACHED flg=0x10 (has extras) }
03-17 06:43:32.370  3689  3689 I HUREV   : [1] p.onReceive | USB Intent: Intent { act=android.hardware.usb.action.USB_DEVICE_DETACHED flg=0x10 (has extras) }
03-17 06:43:37.630  3689  3689 I HUREV   : [1] p.onReceive | USB Intent: Intent { act=android.hardware.usb.action.USB_DEVICE_ATTACHED flg=0x10000010 (has extras) }
03-17 06:43:37.630  3689  3689 I HUREV   : [1] AapService.onUsbAttach | Normal USB device attached: Samsung 04E8:6860. Will check auto-connect in 2000ms...
03-17 06:43:37.640  3689  3689 I HUREV   : [1] p.onReceive | USB Intent: Intent { act=android.hardware.usb.action.USB_DEVICE_ATTACHED flg=0x10000010 (has extras) }
03-17 06:43:37.720  3689  3689 I HUREV   : [1] UsbAttachedActivity.onCreate | USB Intent: Intent { act=android.hardware.usb.action.USB_DEVICE_ATTACHED flg=0x10000000 cmp=com.andrerinas.headunitrevived/.app.UsbAttachedActivity (has extras) }
03-17 06:43:37.720  3689  3689 I HUREV   : [1] UsbAttachedActivity.onCreate | Skipping device Samsung 04E8:6860
03-17 06:43:37.730  3689  3689 D zjy     : view visibility = 7
03-17 06:43:37.770  3689  3689 D zjy     : view visibility = 7
03-17 06:43:39.630  3689  3689 I HUREV   : [1] m.invokeSuspend | UsbAttachedActivity didn't handle Samsung 04E8:6860. Trying from service...
