03-17 18:30:24.280  9010 13596 E HUREV   : 	at org.conscrypt.NativeCrypto.ENGINE_SSL_read_direct(Native Method)
03-17 18:30:24.280  9010 13596 E HUREV   : 	at org.conscrypt.NativeSsl.readDirectByteBuffer(r8-map-id-f1537b069f239da04e78454013a0eb60e949cb54a227911edc102ef5973c8398:17)
03-17 18:30:24.280  9010 13596 E HUREV   : 	at org.conscrypt.ConscryptEngine.readPlaintextDataDirect(r8-map-id-f1537b069f239da04e78454013a0eb60e949cb54a227911edc102ef5973c8398:7)
03-17 18:30:24.280  9010 13596 E HUREV   : 	at org.conscrypt.ConscryptEngine.readPlaintextData(r8-map-id-f1537b069f239da04e78454013a0eb60e949cb54a227911edc102ef5973c8398:22)
03-17 18:30:24.280  9010 13596 E HUREV   : 	at org.conscrypt.ConscryptEngine.unwrap(r8-map-id-f1537b069f239da04e78454013a0eb60e949cb54a227911edc102ef5973c8398:49)
03-17 18:30:24.280  9010 13596 E HUREV   : 	at org.conscrypt.ConscryptEngine.unwrap(r8-map-id-f1537b069f239da04e78454013a0eb60e949cb54a227911edc102ef5973c8398:18)
03-17 18:30:24.280  9010 13596 E HUREV   : 	at org.conscrypt.ConscryptEngine.unwrap(r8-map-id-f1537b069f239da04e78454013a0eb60e949cb54a227911edc102ef5973c8398:2)
03-17 18:30:24.280  9010 13596 E HUREV   : 	at t0.o0.decrypt(r8-map-id-f1537b069f239da04e78454013a0eb60e949cb54a227911edc102ef5973c8398:60)
03-17 18:30:24.280  9010 13596 E HUREV   : 	at t0.u$a.b(r8-map-id-f1537b069f239da04e78454013a0eb60e949cb54a227911edc102ef5973c8398:115)
03-17 18:30:24.280  9010 13596 E HUREV   : 	at t0.f0.d(r8-map-id-f1537b069f239da04e78454013a0eb60e949cb54a227911edc102ef5973c8398:139)
03-17 18:30:24.280  9010 13596 E HUREV   : 	at t0.f0.a(r8-map-id-f1537b069f239da04e78454013a0eb60e949cb54a227911edc102ef5973c8398:98)
03-17 18:30:24.280  9010 13596 E HUREV   : 	at t0.e0$a.read(r8-map-id-f1537b069f239da04e78454013a0eb60e949cb54a227911edc102ef5973c8398:14)
03-17 18:30:24.280  9010 13596 E HUREV   : 	at t0.t0.n(r8-map-id-f1537b069f239da04e78454013a0eb60e949cb54a227911edc102ef5973c8398:15)
03-17 18:30:24.280  9010 13596 E HUREV   : 	at t0.t0.c(r8-map-id-f1537b069f239da04e78454013a0eb60e949cb54a227911edc102ef5973c8398:1)
03-17 18:30:24.280  9010 13596 E HUREV   : 	at t0.r0.handleMessage(r8-map-id-f1537b069f239da04e78454013a0eb60e949cb54a227911edc102ef5973c8398:3)
03-17 18:30:24.280  9010 13596 E HUREV   : 	at android.os.Handler.dispatchMessage(Handler.java:95)
03-17 18:30:24.280  9010 13596 E HUREV   : 	at android.os.Looper.loop(Looper.java:137)
03-17 18:30:24.280  9010 13596 E HUREV   : 	at android.os.HandlerThread.run(HandlerThread.java:61)
03-17 18:30:24.350  9010 13596 E HUREV   : [2274] a.b | WRONG FLAG: enc_len: 13847  chan: 11 NOTIFICATION flags: 0x10  msg_type: 0x00 Media Data
03-17 18:30:24.420  9010 13596 E HUREV   : [2274] a.b | Decrypted payload too short: 0
03-17 18:30:24.620  9010 13596 E HUREV   : [2274] a.b | Decrypted payload too short: 0
03-17 18:30:25.060  9010 13596 E HUREV   : [2274] a.b | Decrypted payload too short: 0
03-17 18:30:25.060  9010 13596 E HUREV   : [2274] a.b | WRONG FLAG: enc_len: 3189  chan: -20 UNK flags: 0xffffffd1  msg_type: 0x00 Media Data
03-17 18:30:25.090  9010 13596 E HUREV   : [2274] a.b | Decrypted payload too short: 0
03-17 18:30:25.130  9010 13596 E HUREV   : [2274] a.b | WRONG FLAG: enc_len: 5552  chan: -29 UNK flags: 0xffffffc6  msg_type: 0x00 Media Data
03-17 18:30:25.190  9010 13596 E HUREV   : [2274] a.b | Decrypted payload too short: 0
03-17 18:30:25.460  9010 13596 E HUREV   : [2274] a.b | Decrypted payload too short: 0
03-17 18:30:25.760  9010 13596 I HUREV   : [2274] m.e | USB reads recovered after 1 errors
03-17 18:30:25.770  9010 13596 E HUREV   : [2274] a.b | Decrypted payload too short: 0
03-17 18:30:25.770  9010 13596 E HUREV   : [2274] a.b | WRONG FLAG: enc_len: 3086  chan: 63 UNK flags: 0xffffffb0  msg_type: 0x00 Media Data
03-17 18:30:25.790  9010 13596 E HUREV   : [2274] a.b | Decrypted payload too short: 0
03-17 18:30:26.060  9010 13596 E HUREV   : [2274] a.b | Decrypted payload too short: 0
03-17 18:30:26.460  9010 13596 E HUREV   : [2274] a.b | WRONG FLAG: enc_len: 43326  chan: 20 UNK flags: 0xfffffff3  msg_type: 0x00 Media Data
03-17 18:30:26.920  9010 13596 E HUREV   : [2274] a.b | Decrypted payload too short: 0
03-17 18:30:27.420  9010 13596 E HUREV   : [2274] a.b | WRONG FLAG: enc_len: 55815  chan: -10 UNK flags: 0xffffffe2  msg_type: 0x00 Media Data
03-17 18:30:27.690  9010 13596 E HUREV   : [2274] a.b | Decrypted payload too short: 0
03-17 18:30:28.020  9010 13596 E HUREV   : [2274] a.b | Decrypted payload too short: 0
03-17 18:30:28.240  9010 13596 E HUREV   : [2274] a.b | WRONG FLAG: enc_len: 24372  chan: -103 UNK flags: 0x55  msg_type: 0x00 Media Data
03-17 18:30:28.750  9010 13596 E HUREV   : [2274] a.b | Decrypted payload too short: 0
03-17 18:30:29.030  9010 13596 E HUREV   : [2274] a.b | WRONG FLAG: enc_len: 32129  chan: -67 UNK flags: 0x25  msg_type: 0x00 Media Data
03-17 18:30:29.360  9010 13596 E HUREV   : [2274] a.b | WRONG FLAG: enc_len: 43800  chan: -25 UNK flags: 0x16  msg_type: 0x00 Media Data
03-17 18:30:29.590  9010 13596 E HUREV   : [2274] a.b | WRONG FLAG: enc_len: 25324  chan: -48 UNK flags: 0x21  msg_type: 0x00 Media Data
03-17 18:30:29.890  9010 13596 E HUREV   : [2274] a.b | Decrypted payload too short: 0
03-17 18:30:29.920  9010 13596 E HUREV   : [2274] a.b | WRONG FLAG: enc_len: 5365  chan: -115 UNK flags: 0xffffffe3  msg_type: 0x00 Media Data
03-17 18:30:30.420  9010 13596 E HUREV   : [2274] a.b | WRONG FLAG: enc_len: 59454  chan: -90 UNK flags: 0xffffff84  msg_type: 0x00 Media Data
03-17 18:30:30.910  9010 13596 E HUREV   : [2274] a.b | WRONG FLAG: enc_len: 59753  chan: 96 UNK flags: 0x65  msg_type: 0x00 Media Data
03-17 18:30:31.020  9010 13596 E HUREV   : [2274] a.b | Decrypted payload too short: 0
03-17 18:30:31.360  9010 13596 E HUREV   : [2274] a.b | WRONG FLAG: enc_len: 36426  chan: -26 UNK flags: 0xffffffa4  msg_type: 0x00 Media Data
03-17 18:30:31.420  9010 13596 E HUREV   : [2274] a.b | Decrypted payload too short: 0
03-17 18:30:31.590  9010 13596 E HUREV   : [2274] a.b | Decrypted payload too short: 0
03-17 18:30:31.790  9010 13596 E HUREV   : [2274] a.b | WRONG FLAG: enc_len: 26686  chan: -75 UNK flags: 0xffffff95  msg_type: 0x00 Media Data
03-17 18:30:32.220  9010 13596 E HUREV   : [2274] a.b | WRONG FLAG: enc_len: 48534  chan: -33 UNK flags: 0x61  msg_type: 0x00 Media Data
03-17 18:30:32.290  9010 13596 E HUREV   : [2274] a.b | Decrypted payload too short: 0
03-17 18:30:32.550  9010 13596 E HUREV   : [2274] a.b | WRONG FLAG: enc_len: 33103  chan: -87 UNK flags: 0x16  msg_type: 0x00 Media Data
03-17 18:30:32.860  9010 13596 E HUREV   : [2274] a.b | Decrypted payload too short: 0
03-17 18:30:33.050  9010 13596 E HUREV   : [2274] a.b | Decrypted payload too short: 0
03-17 18:30:33.460  9010 13596 E HUREV   : [2274] a.b | Decrypted payload too short: 0
03-17 18:30:33.890  9010 13596 E HUREV   : [2274] a.b | WRONG FLAG: enc_len: 52005  chan: -9 UNK flags: 0xffffff86  msg_type: 0x00 Media Data
03-17 18:30:33.890  9010 13596 E HUREV   : [2274] a.b | Decrypted payload too short: 0
03-17 18:30:34.090  9010 13596 E HUREV   : [2274] a.b | WRONG FLAG: enc_len: 22752  chan: 103 UNK flags: 0x15  msg_type: 0x00 Media Data
03-17 18:30:34.090  9010 13596 E HUREV   : [2274] a.b | WRONG FLAG: enc_len: 1225  chan: 83 UNK flags: 0xfffffff6  msg_type: 0x00 Media Data
03-17 18:30:35.100  9010  9010 I HUREV   : [1] AapProjectionActivity.V | Showing reconnecting overlay
03-17 18:30:35.780  9010 13596 W HUREV   : [2274] m.e | USB read errors (10) for 1s — waiting for recovery...
03-17 18:30:38.110  9010 13596 W HUREV   : [2274] m.e | USB read errors (20) for 3s — waiting for recovery...
03-17 18:30:38.650  9010  9010 I HUREV   : [1] AapProjectionActivity.M | Hiding reconnecting overlay — frames resumed
03-17 18:30:38.670  9010  9010 I HUREV   : [1] AapProjectionActivity.onPause | AapProjectionActivity: onPause
03-17 18:30:38.690  9010  9010 I HUREV   : [1] AapService.K | WifiLock released
03-17 18:30:38.710  9010 13627 I HUREV   : [2275] z.l | Output thread stopped
03-17 18:30:38.740  9010  9010 D zjy     : view visibility = 7
03-17 18:30:38.740  9010 11251 I HUREV   : [308] z.t | Decoder stopped: AapService::onDisconnect
03-17 18:30:38.790  9010  9010 D zjy     : view visibility = 7
03-17 18:30:39.180  9010  9010 I HUREV   : [1] AapProjectionActivity.onDestroy | AapProjectionActivity.onDestroy called. isFinishing=true
03-17 18:30:39.180  9010  9010 I HUREV   : [1] i.onSurfaceTextureDestroyed | TextureProjectionView: Surface destroyed
03-17 18:30:39.190  9010  9010 I HUREV   : [1] AapProjectionActivity.c | SurfaceCallback: onSurfaceDestroyed. Surface: Surface(name=android.graphics.SurfaceTexture@426eec08)
03-17 18:30:39.190  9010  9010 I HUREV   : [1] z.t | Decoder stopped: surfaceDestroyed
03-17 18:30:40.440  9010 13596 W HUREV   : [2274] m.e | USB read errors (30) for 5s — waiting for recovery...
03-17 18:30:42.770  9010 13596 W HUREV   : [2274] m.e | USB read errors (40) for 8s — waiting for recovery...
03-17 18:30:45.100  9010 13596 W HUREV   : [2274] m.e | USB read errors (50) for 10s — waiting for recovery...
03-17 18:30:47.430  9010 13596 W HUREV   : [2274] m.e | USB read errors (60) for 12s — waiting for recovery...
03-17 18:30:49.760  9010 13596 W HUREV   : [2274] m.e | USB read errors (70) for 15s — waiting for recovery...
03-17 18:30:52.100  9010 13596 W HUREV   : [2274] m.e | USB read errors (80) for 17s — waiting for recovery...
03-17 18:30:54.440  9010 13596 W HUREV   : [2274] m.e | USB read errors (90) for 19s — waiting for recovery...
03-17 18:30:56.580  9010  9020 D AudioManager: dispatchAudioFocusChange [android.media.AudioManager@427299b8w0.d@427b0868], hint = -2
03-17 18:30:56.580  9010  9010 D AudioManager: Begin listener.onAudioFocusChange  [android.media.AudioManager@427299b8w0.d@427b0868], hint = -2
03-17 18:30:56.580  9010  9010 D AudioManager: End listener.onAudioFocusChange [android.media.AudioManager@427299b8w0.d@427b0868], hint = -2
03-17 18:30:56.790  9010 13596 W HUREV   : [2274] m.e | USB read errors (100) for 22s — waiting for recovery...
03-17 18:30:57.470  9010  9010 D zjy     : view visibility = 7
03-17 18:30:59.130  9010 13596 W HUREV   : [2274] m.e | USB read errors (110) for 24s — waiting for recovery...
03-17 18:31:00.810  9010  9010 D zjy     : view visibility = 7
03-17 18:31:01.480  9010 13596 W HUREV   : [2274] m.e | USB read errors (120) for 26s — waiting for recovery...
03-17 18:31:03.810  9010 13596 W HUREV   : [2274] m.e | USB read errors (130) for 29s — waiting for recovery...
03-17 18:31:06.140  9010 13596 W HUREV   : [2274] m.e | USB read errors (140) for 31s — waiting for recovery...
03-17 18:31:08.470  9010 13596 W HUREV   : [2274] m.e | USB read errors (150) for 33s — waiting for recovery...
03-17 18:31:10.800  9010 13596 W HUREV   : [2274] m.e | USB read errors (160) for 36s — waiting for recovery...
03-17 18:31:13.130  9010 13596 W HUREV   : [2274] m.e | USB read errors (170) for 38s — waiting for recovery...
03-17 18:31:15.460  9010 13596 W HUREV   : [2274] m.e | USB read errors (180) for 40s — waiting for recovery...
03-17 18:31:17.790  9010 13596 W HUREV   : [2274] m.e | USB read errors (190) for 43s — waiting for recovery...
03-17 18:31:20.120  9010 13596 W HUREV   : [2274] m.e | USB read errors (200) for 45s — waiting for recovery...
03-17 18:31:22.450  9010 13596 W HUREV   : [2274] m.e | USB read errors (210) for 47s — waiting for recovery...
03-17 18:31:24.790  9010 13596 W HUREV   : [2274] m.e | USB read errors (220) for 50s — waiting for recovery...
03-17 18:31:27.120  9010 13596 W HUREV   : [2274] m.e | USB read errors (230) for 52s — waiting for recovery...
03-17 18:31:29.450  9010 13596 W HUREV   : [2274] m.e | USB read errors (240) for 54s — waiting for recovery...
03-17 18:31:31.780  9010 13596 W HUREV   : [2274] m.e | USB read errors (250) for 57s — waiting for recovery...
03-17 18:31:34.110  9010 13596 W HUREV   : [2274] m.e | USB read errors (260) for 59s — waiting for recovery...
03-17 18:31:34.570  9010 13596 E HUREV   : [2274] m.e | USB read errors persisting for 60s — disconnecting
03-17 18:31:34.570  9010 13596 D UsbDeviceConnectionJNI: close
03-17 18:31:34.570  9010 13596 I HUREV   : [2274] m.b | Google 18D1:2D00 - UsbDevice[mName=/dev/bus/usb/002/012,mVendorId=6353,mProductId=11520,mClass=0,mSubclass=0,mProtocol=0,mInterfaces=[Landroid.os.Parcelable;@426b1528]
03-17 18:31:34.570  9010 13596 E UsbDeviceConnectionJNI: device is closed in native_release_interface
03-17 18:31:34.570  9010 13596 I HUREV   : [2274] m.b | OK releaseInterface()
03-17 18:31:34.570  9010 13596 E HUREV   : [2274] f0.a | AapRead: Connection lost. Stopping read loop.
03-17 18:31:34.570  9010 13596 I HUREV   : [2274] t0.n | Quitting because ret < 0
03-17 18:31:34.570  9010 13596 I HUREV   : [2274] t0.o | AapTransport quitting (clean=false)
