03-06 21:07:49.037 27795 28825 I BufferQueueProducer: [SurfaceTexture-0-27795-1](this:0x7152bd5000,id:1,api:3,p:27795,c:27795) queueBuffer: slot 1 is dropped, handle=0x7152881400
03-06 21:07:49.068 27795 28825 I BufferQueueProducer: [SurfaceTexture-0-27795-1](this:0x7152bd5000,id:1,api:3,p:27795,c:27795) queueBuffer: slot 4 is dropped, handle=0x7152881640
03-06 21:07:49.099 27795 28825 I BufferQueueProducer: [SurfaceTexture-0-27795-1](this:0x7152bd5000,id:1,api:3,p:27795,c:27795) queueBuffer: slot 6 is dropped, handle=0x71528817c0
03-06 21:07:49.132 27795 28825 I BufferQueueProducer: [SurfaceTexture-0-27795-1](this:0x7152bd5000,id:1,api:3,p:27795,c:27795) queueBuffer: slot 0 is dropped, handle=0x7152881340
03-06 21:07:49.167 27795 28825 I BufferQueueProducer: [SurfaceTexture-0-27795-1](this:0x7152bd5000,id:1,api:3,p:27795,c:27795) queueBuffer: slot 5 is dropped, handle=0x7152881700
03-06 21:07:49.201 27795 28825 I BufferQueueProducer: [SurfaceTexture-0-27795-1](this:0x7152bd5000,id:1,api:3,p:27795,c:27795) queueBuffer: slot 7 is dropped, handle=0x7152881880
03-06 21:07:49.234 27795 28825 I BufferQueueProducer: [SurfaceTexture-0-27795-1](this:0x7152bd5000,id:1,api:3,p:27795,c:27795) queueBuffer: slot 2 is dropped, handle=0x71528814c0
03-06 21:07:49.267 27795 28825 I BufferQueueProducer: [SurfaceTexture-0-27795-1](this:0x7152bd5000,id:1,api:3,p:27795,c:27795) queueBuffer: slot 1 is dropped, handle=0x7152881400
03-06 21:07:49.305 27795 28825 I BufferQueueProducer: [SurfaceTexture-0-27795-1](this:0x7152bd5000,id:1,api:3,p:27795,c:27795) queueBuffer: slot 4 is dropped, handle=0x7152881640
03-06 21:07:49.335 27795 28825 I BufferQueueProducer: [SurfaceTexture-0-27795-1](this:0x7152bd5000,id:1,api:3,p:27795,c:27795) queueBuffer: slot 6 is dropped, handle=0x71528817c0
03-06 21:07:49.366 27795 28825 I BufferQueueProducer: [SurfaceTexture-0-27795-1](this:0x7152bd5000,id:1,api:3,p:27795,c:27795) queueBuffer: slot 0 is dropped, handle=0x7152881340
03-06 21:07:49.404 27795 28825 I BufferQueueProducer: [SurfaceTexture-0-27795-1](this:0x7152bd5000,id:1,api:3,p:27795,c:27795) queueBuffer: slot 5 is dropped, handle=0x7152881700
03-06 21:07:49.434 27795 28825 I BufferQueueProducer: [SurfaceTexture-0-27795-1](this:0x7152bd5000,id:1,api:3,p:27795,c:27795) queueBuffer: slot 7 is dropped, handle=0x7152881880
03-06 21:07:49.466 27795 28825 I BufferQueueProducer: [SurfaceTexture-0-27795-1](this:0x7152bd5000,id:1,api:3,p:27795,c:27795) queueBuffer: slot 2 is dropped, handle=0x71528814c0
03-06 21:07:49.504 27795 28825 I BufferQueueProducer: [SurfaceTexture-0-27795-1](this:0x7152bd5000,id:1,api:3,p:27795,c:27795) queueBuffer: slot 1 is dropped, handle=0x7152881400
03-06 21:07:49.537 27795 28825 I BufferQueueProducer: [SurfaceTexture-0-27795-1](this:0x7152bd5000,id:1,api:3,p:27795,c:27795) queueBuffer: slot 4 is dropped, handle=0x7152881640
03-06 21:07:49.537 27795 28825 I BufferQueueProducer: [SurfaceTexture-0-27795-1](this:0x7152bd5000,id:1,api:3,p:27795,c:27795) queueBuffer: fps=30.18 dur=1027.10 max=40.80 min=27.38
03-06 21:07:49.568 27795 28825 I BufferQueueProducer: [SurfaceTexture-0-27795-1](this:0x7152bd5000,id:1,api:3,p:27795,c:27795) queueBuffer: slot 6 is dropped, handle=0x71528817c0
03-06 21:07:49.602 27795 28825 I BufferQueueProducer: [SurfaceTexture-0-27795-1](this:0x7152bd5000,id:1,api:3,p:27795,c:27795) queueBuffer: slot 0 is dropped, handle=0x7152881340
03-06 21:07:49.635 27795 28825 I BufferQueueProducer: [SurfaceTexture-0-27795-1](this:0x7152bd5000,id:1,api:3,p:27795,c:27795) queueBuffer: slot 5 is dropped, handle=0x7152881700
03-06 21:07:49.675 27795 28825 I BufferQueueProducer: [SurfaceTexture-0-27795-1](this:0x7152bd5000,id:1,api:3,p:27795,c:27795) queueBuffer: slot 7 is dropped, handle=0x7152881880
03-06 21:07:49.707 27795 28825 I BufferQueueProducer: [SurfaceTexture-0-27795-1](this:0x7152bd5000,id:1,api:3,p:27795,c:27795) queueBuffer: slot 2 is dropped, handle=0x71528814c0
03-06 21:07:49.734 27795 28825 I BufferQueueProducer: [SurfaceTexture-0-27795-1](this:0x7152bd5000,id:1,api:3,p:27795,c:27795) queueBuffer: slot 1 is dropped, handle=0x7152881400
03-06 21:07:49.768 27795 28825 I BufferQueueProducer: [SurfaceTexture-0-27795-1](this:0x7152bd5000,id:1,api:3,p:27795,c:27795) queueBuffer: slot 4 is dropped, handle=0x7152881640
03-06 21:07:49.801 27795 28825 I BufferQueueProducer: [SurfaceTexture-0-27795-1](this:0x7152bd5000,id:1,api:3,p:27795,c:27795) queueBuffer: slot 6 is dropped, handle=0x71528817c0
03-06 21:07:49.834 27795 28825 I BufferQueueProducer: [SurfaceTexture-0-27795-1](this:0x7152bd5000,id:1,api:3,p:27795,c:27795) queueBuffer: slot 0 is dropped, handle=0x7152881340
03-06 21:07:49.868 27795 28825 I BufferQueueProducer: [SurfaceTexture-0-27795-1](this:0x7152bd5000,id:1,api:3,p:27795,c:27795) queueBuffer: slot 5 is dropped, handle=0x7152881700
03-06 21:07:49.899 27795 28825 I BufferQueueProducer: [SurfaceTexture-0-27795-1](this:0x7152bd5000,id:1,api:3,p:27795,c:27795) queueBuffer: slot 7 is dropped, handle=0x7152881880
03-06 21:07:49.935 27795 28825 I BufferQueueProducer: [SurfaceTexture-0-27795-1](this:0x7152bd5000,id:1,api:3,p:27795,c:27795) queueBuffer: slot 2 is dropped, handle=0x71528814c0
03-06 21:07:49.970 27795 28825 I BufferQueueProducer: [SurfaceTexture-0-27795-1](this:0x7152bd5000,id:1,api:3,p:27795,c:27795) queueBuffer: slot 1 is dropped, handle=0x7152881400
03-06 21:07:50.003 27795 28825 I BufferQueueProducer: [SurfaceTexture-0-27795-1](this:0x7152bd5000,id:1,api:3,p:27795,c:27795) queueBuffer: slot 4 is dropped, handle=0x7152881640
03-06 21:07:50.037 27795 28825 I BufferQueueProducer: [SurfaceTexture-0-27795-1](this:0x7152bd5000,id:1,api:3,p:27795,c:27795) queueBuffer: slot 6 is dropped, handle=0x71528817c0
03-06 21:07:50.074 27795 28825 I BufferQueueProducer: [SurfaceTexture-0-27795-1](this:0x7152bd5000,id:1,api:3,p:27795,c:27795) queueBuffer: slot 0 is dropped, handle=0x7152881340
03-06 21:07:50.099 27795 28825 I BufferQueueProducer: [SurfaceTexture-0-27795-1](this:0x7152bd5000,id:1,api:3,p:27795,c:27795) queueBuffer: slot 5 is dropped, handle=0x7152881700
03-06 21:07:50.137 27795 28825 I BufferQueueProducer: [SurfaceTexture-0-27795-1](this:0x7152bd5000,id:1,api:3,p:27795,c:27795) queueBuffer: slot 7 is dropped, handle=0x7152881880
03-06 21:07:50.167 27795 28825 I BufferQueueProducer: [SurfaceTexture-0-27795-1](this:0x7152bd5000,id:1,api:3,p:27795,c:27795) queueBuffer: slot 2 is dropped, handle=0x71528814c0
03-06 21:07:50.200 27795 28825 I BufferQueueProducer: [SurfaceTexture-0-27795-1](this:0x7152bd5000,id:1,api:3,p:27795,c:27795) queueBuffer: slot 1 is dropped, handle=0x7152881400
03-06 21:07:50.234 27795 28825 I BufferQueueProducer: [SurfaceTexture-0-27795-1](this:0x7152bd5000,id:1,api:3,p:27795,c:27795) queueBuffer: slot 4 is dropped, handle=0x7152881640
03-06 21:07:50.269 27795 28825 I BufferQueueProducer: [SurfaceTexture-0-27795-1](this:0x7152bd5000,id:1,api:3,p:27795,c:27795) queueBuffer: slot 6 is dropped, handle=0x71528817c0
03-06 21:07:50.301 27795 28825 I BufferQueueProducer: [SurfaceTexture-0-27795-1](this:0x7152bd5000,id:1,api:3,p:27795,c:27795) queueBuffer: slot 0 is dropped, handle=0x7152881340
03-06 21:07:50.336 27795 28825 I BufferQueueProducer: [SurfaceTexture-0-27795-1](this:0x7152bd5000,id:1,api:3,p:27795,c:27795) queueBuffer: slot 5 is dropped, handle=0x7152881700
03-06 21:07:50.369 27795 28825 I BufferQueueProducer: [SurfaceTexture-0-27795-1](this:0x7152bd5000,id:1,api:3,p:27795,c:27795) queueBuffer: slot 7 is dropped, handle=0x7152881880
03-06 21:07:50.402 27795 28825 I BufferQueueProducer: [SurfaceTexture-0-27795-1](this:0x7152bd5000,id:1,api:3,p:27795,c:27795) queueBuffer: slot 2 is dropped, handle=0x71528814c0
03-06 21:07:50.422 27795 27795 I CAR.HU.J: [2] AapProjectionActivity.onResume | AapProjectionActivity: onResume
03-06 21:07:50.452 27795 27795 D Surface : Surface::allocateBuffers(this=0x7152bef000)
03-06 21:07:50.452 27795 27816 D Surface : Surface::connect(this=0x7152bef000,api=1)
03-06 21:07:50.462 27795 27795 D TextureView: getHardwareLayer, createNewSurface:false
03-06 21:07:50.462 27795 27795 D OpenGLRenderer: 0x71691580c0 setSurfaceTexture: 0x0 to 0x714c02ec00
03-06 21:07:50.466 27795 27816 I GLConsumer: [SurfaceTexture-0-27795-1] attachToContext
03-06 21:07:50.467 27795 27816 I GPUAUX  : [AUX]GPUAUXContext:60: create: 0x71510a7c10
03-06 21:07:50.468 27795 27816 W IMGSRV  : IMGeglCreateImageKHR:1111: 1280x736, crop to (0,0)-(1280,720)
03-06 21:07:50.470 27795 27795 I RenderThread: type=1400 audit(0.0:169286): avc: denied { call } for scontext=u:r:untrusted_app:s0:c512,c768 tcontext=u:r:mtk_hal_pq:s0 tclass=binder permissive=1
03-06 21:07:50.474 27795 27816 D MDP     : DpEngine_TDSHP: configFrame() time 5 ms
03-06 21:07:50.485 27795 27816 W IMGSRV  : IMGeglCreateImageKHR:1111: 1280x736, crop to (0,0)-(1280,720)
03-06 21:07:50.605 27795 28825 I BufferQueueProducer: [SurfaceTexture-0-27795-1](this:0x7152bd5000,id:1,api:3,p:27795,c:27795) queueBuffer: fps=25.27 dur=1068.30 max=202.50 min=25.31
03-06 21:07:50.614 27795 27816 W IMGSRV  : IMGeglCreateImageKHR:1111: 1280x736, crop to (0,0)-(1280,720)
03-06 21:07:51.633 27795 28825 I BufferQueueProducer: [SurfaceTexture-0-27795-1](this:0x7152bd5000,id:1,api:3,p:27795,c:27795) queueBuffer: fps=28.20 dur=1028.29 max=104.14 min=24.35
03-06 21:07:51.965 27795 28825 I BufferQueueProducer: [SurfaceTexture-0-27795-1](this:0x7152bd5000,id:1,api:3,p:27795,c:27795) queueBuffer: slot 3 is dropped, handle=0x7152881580
03-06 21:07:52.642 27795 28825 I BufferQueueProducer: [SurfaceTexture-0-27795-1](this:0x7152bd5000,id:1,api:3,p:27795,c:27795) queueBuffer: fps=29.75 dur=1008.49 max=47.72 min=17.66
03-06 21:07:53.330 27795 28825 I BufferQueueProducer: [SurfaceTexture-0-27795-1](this:0x7152bd5000,id:1,api:3,p:27795,c:27795) queueBuffer: slot 2 is dropped, handle=0x71528814c0
03-06 21:07:53.673 27795 28825 I BufferQueueProducer: [SurfaceTexture-0-27795-1](this:0x7152bd5000,id:1,api:3,p:27795,c:27795) queueBuffer: fps=30.07 dur=1030.95 max=85.33 min=11.61
03-06 21:07:54.697 27795 28825 I BufferQueueProducer: [SurfaceTexture-0-27795-1](this:0x7152bd5000,id:1,api:3,p:27795,c:27795) queueBuffer: fps=30.26 dur=1024.61 max=44.23 min=20.88
03-06 21:07:55.705 27795 28825 I BufferQueueProducer: [SurfaceTexture-0-27795-1](this:0x7152bd5000,id:1,api:3,p:27795,c:27795) queueBuffer: fps=29.78 dur=1007.52 max=46.58 min=24.19
03-06 21:07:56.530 27795 28825 I BufferQueueProducer: [SurfaceTexture-0-27795-1](this:0x7152bd5000,id:1,api:3,p:27795,c:27795) queueBuffer: slot 1 is dropped, handle=0x7152881400
03-06 21:07:56.710 27795 28825 I BufferQueueProducer: [SurfaceTexture-0-27795-1](this:0x7152bd5000,id:1,api:3,p:27795,c:27795) queueBuffer: fps=29.84 dur=1005.31 max=49.18 min=15.57
03-06 21:07:57.737 27795 28825 I BufferQueueProducer: [SurfaceTexture-0-27795-1](this:0x7152bd5000,id:1,api:3,p:27795,c:27795) queueBuffer: fps=30.18 dur=1027.23 max=40.59 min=25.09
03-06 21:07:57.934 27795 28825 I BufferQueueProducer: [SurfaceTexture-0-27795-1](this:0x7152bd5000,id:1,api:3,p:27795,c:27795) queueBuffer: slot 6 is dropped, handle=0x71528817c0
03-06 21:07:58.172 27795 28805 W CAR.HU.J: [5198] n0.a | AapVideo: Dropped Flag 11 packet. len=6, buf[10]=?
03-06 21:07:58.173 27795 28805 I CAR.HU.J: [5198] m.a | RX: Video Focus Request - mode: VIDEO_FOCUS_NATIVE, reason: UNKNOWN
03-06 21:07:58.174 27795 28805 I CAR.HU.J: [5198] m0.E | AapTransport stopping and sending byebye
03-06 21:07:58.326 27795 28805 I CAR.HU.J: [5198] m0.o | AapTransport quitting (clean=false)
03-06 21:07:58.328 27795 27820 I CAR.HU.J: [425] m0.o | AapTransport quitting (clean=false)
03-06 21:07:58.328 27795 27820 D UsbDeviceConnectionJNI: close
03-06 21:07:58.329 27795 27820 I CAR.HU.J: [425] m.a | Google 18D1:2D00 - UsbDevice[mName=/dev/bus/usb/001/042,mVendorId=6353,mProductId=11520,mClass=0,mSubclass=0,mProtocol=0,mManufacturerName=Android,mProductName=smartlinkBox,mVersion=2.0,mSerialNumber=LY0123456789,mConfigurations=[
03-06 21:07:58.329 27795 27820 I CAR.HU.J: UsbConfiguration[mId=1,mName=accessory,mAttributes=128,mMaxPower=75,mInterfaces=[
03-06 21:07:58.329 27795 27820 I CAR.HU.J: UsbInterface[mId=0,mAlternateSetting=0,mName=Android Accessory Interface,mClass=255,mSubclass=255,mProtocol=0,mEndpoints=[
03-06 21:07:58.329 27795 27820 I CAR.HU.J: UsbEndpoint[mAddress=129,mAttributes=2,mMaxPacketSize=512,mInterval=0]
03-06 21:07:58.329 27795 27820 I CAR.HU.J: UsbEndpoint[mAddress=1,mAttributes=2,mMaxPacketSize=512,mInterval=0]]]]
03-06 21:07:58.329 27795 27820 E UsbDeviceConnectionJNI: device is closed in native_release_interface
03-06 21:07:58.329 27795 27820 E CAR.HU.J: [425] m.a | Error releaseInterface()
03-06 21:07:58.336 27795 29156 D AudioTrack: stop(): 0x7172096400, mState = 0
03-06 21:07:58.336 27795 29156 D AudioTrack: stop() called with 2498560 frames delivered
03-06 21:07:58.337 27795 27795 I CAR.HU.J: [2] AapService.G | AapService: USB disconnect. Scheduling reconnect check in 3000ms...
03-06 21:07:58.337 27795 28831 I CAR.HU.J: [5201] a0.k | Output thread stopped
03-06 21:07:58.339 27795 29156 D AudioTrack: audiotrack 0x7172096400 stop done
03-06 21:07:58.348 27795 28825 D BufferQueueProducer: [SurfaceTexture-0-27795-1](this:0x7152bd5000,id:1,api:3,p:27795,c:27795) cancelBuffer: slot 0
03-06 21:07:58.348 27795 28825 D BufferQueueProducer: [SurfaceTexture-0-27795-1](this:0x7152bd5000,id:1,api:3,p:27795,c:27795) cancelBuffer: slot 1
03-06 21:07:58.349 27795 28825 D BufferQueueProducer: [SurfaceTexture-0-27795-1](this:0x7152bd5000,id:1,api:3,p:27795,c:27795) cancelBuffer: slot 2
03-06 21:07:58.349 27795 28825 D BufferQueueProducer: [SurfaceTexture-0-27795-1](this:0x7152bd5000,id:1,api:3,p:27795,c:27795) cancelBuffer: slot 3
03-06 21:07:58.350 27795 28825 D BufferQueueProducer: [SurfaceTexture-0-27795-1](this:0x7152bd5000,id:1,api:3,p:27795,c:27795) cancelBuffer: slot 5
03-06 21:07:58.351 27795 28825 D BufferQueueProducer: [SurfaceTexture-0-27795-1](this:0x7152bd5000,id:1,api:3,p:27795,c:27795) cancelBuffer: slot 7
03-06 21:07:58.353 27795 28824 D SurfaceUtils: disconnecting from surface 0x714c04a010, reason disconnectFromSurface
03-06 21:07:58.353 27795 28824 D Surface : Surface::disconnect(this=0x714c04a000,api=3)
03-06 21:07:58.353 27795 28824 I BufferQueueProducer: [SurfaceTexture-0-27795-1](this:0x7152bd5000,id:1,api:3,p:27795,c:27795) disconnect(P): api 3
03-06 21:07:58.354 27795 27795 I CAR.HU.J: [2] AapProjectionActivity.onPause | AapProjectionActivity: onPause
03-06 21:07:58.372 27795 27820 I CAR.HU.J: [425] a0.r | Decoder stopped: AapService::onDisconnect
03-06 21:07:58.416 27795 27816 D Surface : Surface::connect(this=0x7152ade000,api=1)
03-06 21:07:58.416 27795 27795 D Surface : Surface::allocateBuffers(this=0x7152ade000)
03-06 21:07:58.488 27795 27816 I GLConsumer: [SurfaceTexture-0-27795-1] detachFromContext
03-06 21:07:58.489 27795 27816 I GPUAUX  : [AUX]~GPUAUXContext:68: destory: 0x71510a7c10
03-06 21:07:58.491 27795 27816 D Surface : Surface::disconnect(this=0x7152bef000,api=1)
03-06 21:07:58.728 27795 27795 I CAR.HU.J: [2] AapProjectionActivity.onDestroy | AapProjectionActivity.onDestroy called. isFinishing=true
03-06 21:07:58.729 27795 27795 I CAR.HU.J: [2] i.onSurfaceTextureDestroyed | TextureProjectionView: Surface destroyed
03-06 21:07:58.730 27795 27795 I CAR.HU.J: [2] AapProjectionActivity.c | SurfaceCallback: onSurfaceDestroyed. Surface: Surface(name=android.graphics.SurfaceTexture@cb502)/@0x61bde13
03-06 21:07:58.731 27795 27795 I CAR.HU.J: [2] a0.r | Decoder stopped: surfaceDestroyed
03-06 21:07:58.731 27795 27795 I BufferQueueConsumer: [SurfaceTexture-0-27795-1](this:0x7152bd5000,id:1,api:3,p:-1,c:-1) disconnect(C)
03-06 21:07:58.733 27795 27795 D View    : [Warning] assignParent to null: this = DecorView@515bda2[AapProjectionActivity]
03-06 21:07:58.739 27795 27795 D WindowClient: Remove from mViews: DecorView@515bda2[AapProjectionActivity], this = android.view.WindowManagerGlobal@df58a6
03-06 21:08:00.162 27795 27795 D HookText: remove Node { textView:null, text:Android Auto está iniciando…}
03-06 21:08:00.163 27795 27795 D HookText: remove Node { textView:null, text:Cambiando a Android Auto…}
03-06 21:08:00.163 27795 27795 D HookText: remove Node { textView:null, text:Recording in progress… tap to stop}
03-06 21:08:00.163 27795 27795 D HookText: remove Node { textView:null, text:Stop Capturing Logs}
03-06 21:08:00.163 27795 27795 D HookText: remove Node { textView:null, text:Registros exportados}
03-06 21:08:00.163 27795 27795 D HookText: remove Node { textView:null, text:Cerrar}
03-06 21:08:00.163 27795 27795 D HookText: remove Node { textView:null, text:Compartir}
03-06 21:08:00.163 27795 27795 D HookText: remove Node { textView:null, text:Registro guardado en:
03-06 21:08:00.163 27795 27795 D HookText: /storage/emulated/0/Android/data/com.andrerinas.headunitrevived/files/HUR_Log_20260306_210514.txt}
03-06 21:08:00.163 27795 27795 D HookText: remove Node { textView:null, text:Obtenga más información sobre Headunit Revived}
03-06 21:08:00.163 27795 27795 D HookText: remove Node { textView:null, text:Acerca de & Soporte}
03-06 21:08:00.163 27795 27795 D HookText: remove Node { textView:null, text:1.15.1}
03-06 21:08:00.163 27795 27795 D HookText: remove Node { textView:null, text:Versión}
03-06 21:08:00.163 27795 27795 D HookText: remove Node { textView:null, text:Información}
03-06 21:08:00.163 27795 27795 D HookText: remove Node { textView:null, text:Usar biblioteca OpenSSL nativa (más rápido en dispositivos antiguos). Requiere reinicio.}
03-06 21:08:00.163 27795 27795 D HookText: remove Node { textView:null, text:Usar SSL nativo}
03-06 21:08:00.163 27795 27795 D HookText: remove Node { textView:null, text:Guardar registros para depuración}
03-06 21:08:00.163 27795 27795 D HookText: remove Node { textView:null, text:Exportar registros}
03-06 21:08:00.163 27795 27795 D HookText: remove Node { textView:null, text:Begin recording full logs for debugging}
03-06 21:08:00.163 27795 27795 D HookText: remove Node { textView:null, text:Start Capturing Logs}
03-06 21:08:00.163 27795 27795 D HookText: remove Node { textView:null, text:Debug}
03-06 21:08:00.163 27795 27795 D HookText: remove Node { textView:null, text:Log Level}
03-06 21:08:00.163 27795 27795 D HookText: remove Node { textView:null, text:Depuración}
03-06 21:08:00.163 27795 27795 D HookText: remove Node { textView:null, text:100% / 100% / 100%}
03-06 21:08:00.163 27795 27795 D HookText: remove Node { textView:null, text:Ajustes de volumen}
03-06 21:08:00.163 27795 27795 D HookText: remove Node { textView:null, text:Predeterminado}
03-06 21:08:00.163 27795 27795 D HookText: remove Node { textView:null, text:Fuente de entrada del micrófono}
03-06 21:08:00.164 27795 27795 D HookText: remove Node { textView:null, text:16kHz}
03-06 21:08:00.164 27795 27795 D HookText: remove Node { textView:null, text:Frecuencia de muestreo del micrófono}
03-06 21:08:00.164 27795 27795 D HookText: remove Node { textView:null, text:Usa el códec AAC para audio para ahorrar ancho de banda.}
03-06 21:08:00.164 27795 27795 D HookText: remove Node { textView:null, text:Usar audio AAC}
03-06 21:08:00.164 27795 27795 D HookText: remove Node { textView:null, text:Si está desactivado, el audio se reproducirá en el teléfono conectado.}
03-06 21:08:00.164 27795 27795 D HookText: remove Node { textView:null, text:Activar receptor de audio}
03-06 21:08:00.164 27795 27795 D HookText: remove Node { textView:null, text:Audio}
03-06 21:08:00.164 27795 27795 D HookText: remove Node { textView:null, text:Puede corregir problemas en algunos dispositivos, pero es menos eficiente}
03-06 21:08:00.164 27795 27795 D HookText: remove Node { textView:null, text:Forzar decodificación por software}
03-06 21:08:00.164 27795 27795 D HookText: remove Node { textView:null, text:Ejecuta el chequeo del sistema para encontrar los mejores ajustes para tu dispositivo.}
03-06 21:08:00.164 27795 27795 D HookText: remove Node { textView:null, text:Optimizar ajustes automáticamente}
03-06 21:08:00.164 27795 27795 D HookText: remove Node { textView:null, text:Guardar}
03-06 21:08:00.164 27795 27795 I chatty  : uid=10102(com.andrerinas.headunitrevived) identical 1 line
03-06 21:08:00.164 27795 27795 D HookText: remove Node { textView:null, text:Guardar}
03-06 21:08:00.164 27795 27795 D HookText: remove Node { textView:null, text:Configuración}
03-06 21:08:00.164 27795 27795 D HookText: remove Node { textView:null, text:Modo Autónomo}
03-06 21:08:00.164 27795 27795 D HookText: remove Node { textView:null, text:Salir}
03-06 21:08:00.164 27795 27795 D HookText: remove Node { textView:null, text:Configuración}
03-06 21:08:00.164 27795 27795 D HookText: remove Node { textView:null, text:Wi-Fi}
03-06 21:08:00.164 27795 27795 D HookText: remove Node { textView:null, text:USB}
03-06 21:08:00.164 27795 27795 D HookText: remove Node { textView:null, text:Android Auto está iniciando…}
03-06 21:08:00.236 27795 27795 I CAR.HU.J: [2] HomeFragment.onResume | HomeFragment: onResume. isConnected=false
03-06 21:08:00.240 27795 27795 I zygote64: Deoptimizing boolean androidx.constraintlayout.widget.ConstraintLayout.k() due to JIT inline cache
03-06 21:08:00.241 27795 27795 I zygote64: Deoptimizing void androidx.constraintlayout.widget.ConstraintLayout.p() due to JIT inline cache
03-06 21:08:00.250 27795 27795 I zygote64: Deoptimizing void androidx.constraintlayout.widget.ConstraintLayout$c.b(r.e, s.b$a) due to JIT same target
03-06 21:08:00.524 27795 27795 I zygote64: Deoptimizing java.lang.Object j.b.g(java.lang.Object) due to JIT inline cache
03-06 21:08:00.845 27795 29156 D AudioTrack: stop(): 0x7172096400, mState = 1
03-06 21:08:00.846 27795 29156 D AudioTrack: stop(): 0x7172096400, mState = 1
03-06 21:08:00.847 27795 29156 I CAR.HU.J: [7707] s.run | AudioTrackWrapper thread finished.
03-06 21:08:01.449 27795 27795 I CAR.HU.J: [2] HomeFragment.attemptSingleUsbAutoConnect | HomeFragment: Requesting single-USB auto-connect via AapService
03-06 21:08:01.464 27795 27795 I zygote64: Deoptimizing java.lang.CharSequence e0.e.filter(java.lang.CharSequence, int, int, android.text.Spanned, int, int) due to JIT inline cache
03-06 21:08:01.563 27795 27795 D WindowClient: Add to mViews: DecorView@9107060[SettingsActivity], this = android.view.WindowManagerGlobal@df58a6
03-06 21:08:01.565 27795 27795 D ViewRootImpl[SettingsActivity]: hardware acceleration = true , fakeHwAccelerated = false, sRendererDisabled = false, forceHwAccelerated = false, sSystemRendererDisabled = false
03-06 21:08:01.573 27795 27795 I CAR.HU.J: [2] AapService.q | Found device already in accessory mode: Google 18D1:2D00
03-06 21:08:01.580 27795 27795 I CAR.HU.J: [2] AapService.q | Found device already in accessory mode: Google 18D1:2D00
03-06 21:08:01.613 27795 27795 D Surface : Surface::allocateBuffers(this=0x7167753000)
03-06 21:08:01.613 27795 27816 D Surface : Surface::connect(this=0x7167753000,api=1)
03-06 21:08:01.735 27795 27804 I BufferQueue: [SurfaceTexture-0-27795-1](this:0x7152bd5000,id:1,api:3,p:-1,c:-1) ~BufferQueueCore
03-06 21:08:01.799 27795 27795 I zygote64: Deoptimizing h2.g h2.g$a$a.a(h2.g, h2.g$b) due to JIT inline cache
03-06 21:08:01.805 27795 27820 I CAR.HU.J: [425] m.m | Established connection: android.hardware.usb.UsbDeviceConnection@59e6117
03-06 21:08:01.806 27795 27820 I CAR.HU.J: [425] m.m | interfaceCount: 1
03-06 21:08:01.806 27795 27820 I CAR.HU.J: [425] m.j | Check accessory endpoints
03-06 21:08:01.807 27795 27820 I CAR.HU.J: [425] m.j | Connected have EPs
03-06 21:08:01.922 27795 27820 I CAR.HU.J: [425] m0.<init> | Using Java SSL implementation
03-06 21:08:01.923 27795 27820 I CAR.HU.J: [425] m0.z | Start Aap transport handshake for x0.m@c2d3170
03-06 21:08:01.957 27795 27816 D Surface : Surface::disconnect(this=0x7152ade000,api=1)
03-06 21:08:02.008 27795 27795 I zygote64: Deoptimizing android.util.TypedValue v1.b.a(android.content.Context, int) due to JIT inline cache
03-06 21:08:02.016 27795 27795 I CAR.HU.J: [2] AapProjectionActivity.onCreate | HeadUnit for Android Auto (tm) - Copyright 2011-2015 Michael A. Reid., since 2025 André Rinas All Rights Reserved...
03-06 21:08:02.017 27795 27795 I CAR.HU.J: [2] AapProjectionActivity.onCreate | Using TextureView
03-06 21:08:02.019 27795 27795 I CAR.HU.J: [2] g.p | CarScreen: usable width: 1280 height: 720 (Raw: 1280x720, Insets: L0 T0 R0 B0)
03-06 21:08:02.020 27795 27795 I CAR.HU.J: [2] g.p | CarScreen isSmallScreen: true, scaleFactor: 1.0
03-06 21:08:02.020 27795 27795 I CAR.HU.J: [2] g.p | CarScreen using: _1280x720, number: 2, scales: scaleX: 1.0, scaleY: 1.0
03-06 21:08:02.036 27795 27795 I CAR.HU.J: [2] AapProjectionActivity.onResume | AapProjectionActivity: onResume
03-06 21:08:02.044 27795 27795 D WindowClient: Add to mViews: DecorView@d296394[AapProjectionActivity], this = android.view.WindowManagerGlobal@df58a6
03-06 21:08:02.045 27795 27795 D ViewRootImpl[AapProjectionActivity]: hardware acceleration = true , fakeHwAccelerated = false, sRendererDisabled = false, forceHwAccelerated = false, sSystemRendererDisabled = false
03-06 21:08:02.074 27795 27816 D Surface : Surface::connect(this=0x7152a4b000,api=1)
03-06 21:08:02.074 27795 27795 D Surface : Surface::allocateBuffers(this=0x7152a4b000)
03-06 21:08:02.093 27795 27795 D TextureView: getHardwareLayer, createNewSurface:true
03-06 21:08:02.093 27795 27795 I BufferQueue: [unnamed-27795-2](this:0x7152962800,id:2,api:0,p:-1,c:-1) BufferQueue core=(27795:com.andrerinas.headunitrevived)
03-06 21:08:02.094 27795 27795 W GuiExt  : Cannot find GuiExtService
03-06 21:08:02.094 27795 27795 I BufferQueueConsumer: [unnamed-27795-2](this:0x7152962800,id:2,api:0,p:-1,c:27795) connect(C): consumer=(27795:com.andrerinas.headunitrevived) controlledByApp=true
03-06 21:08:02.094 27795 27795 I BufferQueueConsumer: [unnamed-27795-2](this:0x7152962800,id:2,api:0,p:-1,c:27795) setConsumerName: unnamed-27795-2
03-06 21:08:02.094 27795 27795 I BufferQueueConsumer: [SurfaceTexture-0-27795-2](this:0x7152962800,id:2,api:0,p:-1,c:27795) setConsumerName: SurfaceTexture-0-27795-2
03-06 21:08:02.094 27795 27795 I BufferQueueConsumer: [SurfaceTexture-0-27795-2](this:0x7152962800,id:2,api:0,p:-1,c:27795) setDefaultBufferSize: width=1280 height=720
03-06 21:08:02.094 27795 27795 D OpenGLRenderer: 0x7169159560 setSurfaceTexture: 0x0 to 0x7152ece800
03-06 21:08:02.095 27795 27795 I CAR.HU.J: [2] i.onSurfaceTextureAvailable | TextureProjectionView: Surface available: 1280x720
03-06 21:08:02.096 27795 27795 I CAR.HU.J: [2] AapProjectionActivity.d | [AapProjectionActivity] onSurfaceCreated
03-06 21:08:02.097 27795 27795 I CAR.HU.J: [2] AapProjectionActivity.b | [AapProjectionActivity] onSurfaceChanged. Actual surface dimensions: width=1280, height=720
03-06 21:08:02.097 27795 27795 I CAR.HU.J: [2] a0.o | New surface set: Surface(name=android.graphics.SurfaceTexture@ea67cd7)/@0xc36d9c4
03-06 21:08:02.098 27795 27795 I CAR.HU.J: [2] AapProjectionActivity.b | [AapProjectionActivity] Decoder already has dimensions: 1280x736. Applying to view.
03-06 21:08:02.099 27795 27795 I CAR.HU.J: [2] i.a | TextureProjectionView
03-06 21:08:02.100 27795 27795 I CAR.HU.J: [2] g.p | CarScreen: usable width: 1280 height: 720 (Raw: 1280x720, Insets: L0 T0 R0 B0)
03-06 21:08:02.102 27795 27795 I CAR.HU.J: [2] g.p | CarScreen isSmallScreen: true, scaleFactor: 1.0
03-06 21:08:02.103 27795 27795 I CAR.HU.J: [2] g.p | CarScreen using: _1280x720, number: 2, scales: scaleX: 1.0, scaleY: 1.0
03-06 21:08:02.104 27795 27795 I CAR.HU.J: [2] h.a | ProjectionViewScaler: Dimensions: Video: 1280x736, Content: 1280x720, View: 1280x720
03-06 21:08:02.105 27795 27795 I CAR.HU.J: [2] h.a | ProjectionViewScaler: Scale updated for view i. scaleX: 1.0, scaleY: 1.0
03-06 21:08:02.111 27795 27795 I CAR.HU.J: [2] h.a | ProjectionViewScaler: Dimensions: Video: 1280x736, Content: 1280x720, View: 1280x720
03-06 21:08:02.113 27795 27795 I CAR.HU.J: [2] h.a | ProjectionViewScaler: Scale updated for view i. scaleX: 1.0, scaleY: 1.0
03-06 21:08:02.119 27795 27816 I GLConsumer: [SurfaceTexture-0-27795-2] attachToContext
03-06 21:08:02.178 27795 27816 D Surface : Surface::disconnect(this=0x7167753000,api=1)
03-06 21:08:02.228 27795 27820 D CAR.HU.J: [425] m0.k | Handshake: Starting version request. TS: 47178650
03-06 21:08:02.230 27795 27820 D CAR.HU.J: [425] m0.k | Handshake: Version request sent. ret: 10. attempt: 1. TS: 47178653
03-06 21:08:02.232 27795 27820 D CAR.HU.J: [425] m0.k | Handshake: Waiting for version response. TS: 47178654
03-06 21:08:02.236 27795 27820 W CAR.HU.J: [425] m0.k | Handshake: Ignoring unexpected message (ch=6, type=0x1703, len=8235). Waiting for VERSION_RESPONSE.
03-06 21:08:02.237 27795 27820 W CAR.HU.J: [425] m0.k | Handshake: Ignoring unexpected message (ch=0, type=0x1703, len=35). Waiting for VERSION_RESPONSE.
03-06 21:08:02.239 27795 27820 W CAR.HU.J: [425] m0.k | Handshake: Ignoring unexpected message (ch=2, type=0x1703, len=261). Waiting for VERSION_RESPONSE.
03-06 21:08:02.240 27795 27820 W CAR.HU.J: [425] m0.k | Handshake: Ignoring unexpected message (ch=6, type=0x1703, len=8235). Waiting for VERSION_RESPONSE.
03-06 21:08:02.241 27795 27820 W CAR.HU.J: [425] m0.k | Handshake: Ignoring unexpected message (ch=2, type=0x1703, len=370). Waiting for VERSION_RESPONSE.
03-06 21:08:02.243 27795 27820 W CAR.HU.J: [425] m0.k | Handshake: Ignoring unexpected message (ch=6, type=0x1703, len=8235). Waiting for VERSION_RESPONSE.
03-06 21:08:04.260 27795 27820 W CAR.HU.J: [425] m0.k | Handshake: No VERSION_RESPONSE within 2s (attempt 1), ret=-1
03-06 21:08:04.461 27795 27820 D CAR.HU.J: [425] m0.k | Handshake: Version request sent. ret: 10. attempt: 2. TS: 47180884
03-06 21:08:04.461 27795 27820 D CAR.HU.J: [425] m0.k | Handshake: Waiting for version response. TS: 47180885
03-06 21:08:05.040 27795 27795 W CAR.HU.J: [2] i.run | Watchdog: No video received. Requesting Keyframe (Unsolicited Focus)...
03-06 21:08:05.110 27795 27820 W CAR.HU.J: [425] m0.k | Handshake: No VERSION_RESPONSE within 2s (attempt 2), ret=-1
03-06 21:08:05.277 27795 27795 I CAR.HU.J: [2] p.onReceive | USB Intent: Intent { act=android.hardware.usb.action.USB_DEVICE_DETACHED flg=0x1000010 (has extras) }
03-06 21:08:05.279 27795 27795 I CAR.HU.J: [2] p.onReceive | USB Intent: Intent { act=android.hardware.usb.action.USB_DEVICE_DETACHED flg=0x1000010 (has extras) }
03-06 21:08:05.290 27795 27819 I CAR.HU.J: [424] m0.o | AapTransport quitting (clean=false)
03-06 21:08:05.291 27795 27819 D UsbDeviceConnectionJNI: close
03-06 21:08:05.292 27795 27819 I CAR.HU.J: [424] m.a | Google 18D1:2D00 - UsbDevice[mName=/dev/bus/usb/001/042,mVendorId=6353,mProductId=11520,mClass=0,mSubclass=0,mProtocol=0,mManufacturerName=Android,mProductName=smartlinkBox,mVersion=2.0,mSerialNumber=LY0123456789,mConfigurations=[
03-06 21:08:05.292 27795 27819 I CAR.HU.J: UsbConfiguration[mId=1,mName=accessory,mAttributes=128,mMaxPower=75,mInterfaces=[
03-06 21:08:05.292 27795 27819 I CAR.HU.J: UsbInterface[mId=0,mAlternateSetting=0,mName=Android Accessory Interface,mClass=255,mSubclass=255,mProtocol=0,mEndpoints=[
03-06 21:08:05.292 27795 27819 I CAR.HU.J: UsbEndpoint[mAddress=129,mAttributes=2,mMaxPacketSize=512,mInterval=0]
03-06 21:08:05.292 27795 27819 I CAR.HU.J: UsbEndpoint[mAddress=1,mAttributes=2,mMaxPacketSize=512,mInterval=0]]]]
03-06 21:08:05.292 27795 27819 E UsbDeviceConnectionJNI: device is closed in native_release_interface
03-06 21:08:05.292 27795 27819 E CAR.HU.J: [424] m.a | Error releaseInterface()
03-06 21:08:05.312 27795 27820 E CAR.HU.J: [425] m0.k | Handshake: Version request/response failed after 2 attempt(s). last ret: -1
03-06 21:08:05.313 27795 27820 I CAR.HU.J: [425] m0.o | AapTransport quitting (clean=false)
03-06 21:08:05.315 27795 27820 E CAR.HU.J: [425] m0.z | Handshake failed
03-06 21:08:05.326 27795 27795 I CAR.HU.J: [2] AapService.G | AapService: USB disconnect. Scheduling reconnect check in 3000ms...
03-06 21:08:05.328 27795 27820 I CAR.HU.J: [425] a0.r | Decoder stopped: AapService::onDisconnect
03-06 21:08:05.328 27795 27795 I CAR.HU.J: [2] AapProjectionActivity.onPause | AapProjectionActivity: onPause
03-06 21:08:05.391 27795 27795 D Surface : Surface::allocateBuffers(this=0x7167753000)
03-06 21:08:05.396 27795 27816 D Surface : Surface::connect(this=0x7167753000,api=1)
03-06 21:08:05.476 27795 27816 I GLConsumer: [SurfaceTexture-0-27795-2] detachFromContext
03-06 21:08:05.478 27795 27816 D Surface : Surface::disconnect(this=0x7152a4b000,api=1)
03-06 21:08:05.722 27795 27795 I CAR.HU.J: [2] AapProjectionActivity.onDestroy | AapProjectionActivity.onDestroy called. isFinishing=true
03-06 21:08:05.722 27795 27795 I CAR.HU.J: [2] i.onSurfaceTextureDestroyed | TextureProjectionView: Surface destroyed
03-06 21:08:05.723 27795 27795 I CAR.HU.J: [2] AapProjectionActivity.c | SurfaceCallback: onSurfaceDestroyed. Surface: Surface(name=android.graphics.SurfaceTexture@ea67cd7)/@0xc36d9c4
03-06 21:08:05.724 27795 27795 I CAR.HU.J: [2] a0.r | Decoder stopped: surfaceDestroyed
03-06 21:08:05.725 27795 27795 I BufferQueueConsumer: [SurfaceTexture-0-27795-2](this:0x7152962800,id:2,api:0,p:-1,c:-1) disconnect(C)
03-06 21:08:05.726 27795 27795 D View    : [Warning] assignParent to null: this = DecorView@d296394[AapProjectionActivity]
03-06 21:08:05.732 27795 27795 D WindowClient: Remove from mViews: DecorView@d296394[AapProjectionActivity], this = android.view.WindowManagerGlobal@df58a6
03-06 21:08:14.292 27795 27795 I CAR.HU.J: [2] HomeFragment.onResume | HomeFragment: onResume. isConnected=false
03-06 21:08:14.313 27795 27795 D Surface : Surface::allocateBuffers(this=0x7152a4c000)
03-06 21:08:14.318 27795 27816 D Surface : Surface::connect(this=0x7152a4c000,api=1)
03-06 21:08:14.400 27795 27816 D Surface : Surface::disconnect(this=0x7167753000,api=1)
03-06 21:08:14.402 27795 27816 D OpenGLRenderer: endAllActiveAnimators on 0x7152f72400 (RippleDrawable) with handle 0x716919be20
03-06 21:08:14.653 27795 27795 D View    : [Warning] assignParent to null: this = DecorView@9107060[SettingsActivity]
03-06 21:08:14.659 27795 27795 D WindowClient: Remove from mViews: DecorView@9107060[SettingsActivity], this = android.view.WindowManagerGlobal@df58a6
03-06 21:08:15.596 27795 27795 I CAR.HU.J: [2] AapService.onStartCommand | Stop action received.
03-06 21:08:15.661 27795 27795 I CAR.HU.J: [2] AapService.onDestroy | AapService destroying...
03-06 21:08:16.255 27795 27816 D Surface : Surface::disconnect(this=0x7152a4c000,api=1)
03-06 21:08:16.259 27795 27816 D Surface : Surface::connect(this=0x7152a4c000,api=1)
03-06 21:08:17.353 27795 27816 D Surface : Surface::disconnect(this=0x7152a4c000,api=1)
03-06 21:08:17.445 27795 27795 I CAR.HU.J: [2] MainActivity.onDestroy | MainActivity finishing, resetting auto-start flag.
03-06 21:08:17.447 27795 27795 D View    : [Warning] assignParent to null: this = DecorView@eec0201[MainActivity]
03-06 21:08:17.456 27795 27795 D WindowClient: Remove from mViews: DecorView@eec0201[MainActivity], this = android.view.WindowManagerGlobal@df58a6
