--------- beginning of main
03-06 21:05:09.505 27795 27795 I zygote64: Deoptimizing java.lang.CharSequence e0.e.filter(java.lang.CharSequence, int, int, android.text.Spanned, int, int) due to JIT inline cache
03-06 21:05:09.513 27795 27795 I zygote64: Deoptimizing java.lang.CharSequence androidx.emoji2.text.l.h(java.lang.CharSequence, int, int, int, boolean) due to JIT inline cache
03-06 21:05:09.634 27795 27800 I zygote64: Do partial code cache collection, code=246KB, data=166KB
03-06 21:05:09.635 27795 27800 I zygote64: After code cache collection, code=234KB, data=159KB
03-06 21:05:09.635 27795 27800 I zygote64: Increasing code cache capacity to 1024KB
03-06 21:05:09.715 27795 27934 I CAR.HU.J: [728] s.run | AudioTrackWrapper thread finished.
03-06 21:05:09.762 27795 27800 I zygote64: Compiler allocated 4MB to compile void com.andrerinas.headunitrevived.main.SettingsFragment.updateSettingsList()
03-06 21:05:10.850 27795 27804 I BufferQueue: [SurfaceTexture-0-27795-0](this:0x7152eec000,id:0,api:3,p:-1,c:-1) ~BufferQueueCore
03-06 21:05:14.394 27795 27795 I zygote64: Deoptimizing android.util.TypedValue v1.b.a(android.content.Context, int) due to JIT inline cache
03-06 21:05:14.422 27795 27795 I zygote64: Deoptimizing java.lang.CharSequence e0.e.filter(java.lang.CharSequence, int, int, android.text.Spanned, int, int) due to JIT inline cache
03-06 21:05:14.492 27795 27795 I zygote64: Deoptimizing boolean z1.m.u(android.graphics.RectF) due to JIT inline cache
03-06 21:05:14.500 27795 27795 I zygote64: Deoptimizing void androidx.appcompat.widget.ContentFrameLayout.onMeasure(int, int) due to JIT same target
03-06 21:05:14.593 27795 27800 I zygote64: Do full code cache collection, code=506KB, data=309KB
03-06 21:05:14.595 27795 27800 I zygote64: After code cache collection, code=383KB, data=203KB
03-06 21:05:17.252 27795 27816 D HWUIExtension: MTKProgramCache.generateProgram: 562984313159681
03-06 21:05:17.252 27795 27816 D HWUIExtension: createProgram 0x0002000800000001, binary 0x716447c600, length 11727, format 37168 within 642ns
03-06 21:05:20.565 27795 27795 I CAR.HU.J: [2] HomeFragment.onResume | HomeFragment: onResume. isConnected=false
03-06 21:05:20.586 27795 27816 D Surface : Surface::connect(this=0x7152ad6000,api=1)
03-06 21:05:20.585 27795 27795 D Surface : Surface::allocateBuffers(this=0x7152ad6000)
03-06 21:05:20.667 27795 27816 D Surface : Surface::disconnect(this=0x71528ad000,api=1)
03-06 21:05:20.671 27795 27816 D OpenGLRenderer: endAllActiveAnimators on 0x7152900000 (RippleDrawable) with handle 0x716919b0e0
03-06 21:05:20.925 27795 27795 D View    : [Warning] assignParent to null: this = DecorView@719cd56[SettingsActivity]
03-06 21:05:20.932 27795 27795 D WindowClient: Remove from mViews: DecorView@719cd56[SettingsActivity], this = android.view.WindowManagerGlobal@df58a6
03-06 21:05:27.649 27795 27795 I CAR.HU.J: [2] p.onReceive | USB Intent: Intent { act=android.hardware.usb.action.USB_DEVICE_ATTACHED flg=0x11000010 (has extras) }
03-06 21:05:27.678 27795 27795 I CAR.HU.J: [2] p.onReceive | USB Intent: Intent { act=android.hardware.usb.action.USB_DEVICE_ATTACHED flg=0x11000010 (has extras) }
03-06 21:05:27.723 27795 27795 I zygote64: Deoptimizing java.lang.CharSequence android.widget.HookText.hookSetTextInternal(java.lang.String, java.lang.String, java.lang.CharSequence, android.widget.TextView) due to JIT inline cache
03-06 21:05:27.724 27795 27795 I zygote64: Deoptimizing java.lang.CharSequence androidx.emoji2.text.h.r(java.lang.CharSequence, int, int, int, int) due to JIT inline cache
03-06 21:05:27.725 27795 27795 I zygote64: Deoptimizing java.lang.CharSequence androidx.emoji2.text.l.h(java.lang.CharSequence, int, int, int, boolean) due to JIT inline cache
03-06 21:05:29.001 27795 27795 I CAR.HU.J: [2] n.c | Success controlTransfer len: 2  acc_ver: 2
03-06 21:05:29.001 27795 27795 I CAR.HU.J: [2] n.c | acc_ver: 2
03-06 21:05:29.002 27795 27795 I CAR.HU.J: [2] n.b | Success controlTransfer len: 7  index: 0  string: "Android"
03-06 21:05:29.003 27795 27795 I CAR.HU.J: [2] n.b | Success controlTransfer len: 12  index: 1  string: "Android Auto"
03-06 21:05:29.004 27795 27795 I CAR.HU.J: [2] n.b | Success controlTransfer len: 12  index: 2  string: "Android Auto"
03-06 21:05:29.004 27795 27795 I CAR.HU.J: [2] n.b | Success controlTransfer len: 5  index: 3  string: "2.0.1"
03-06 21:05:29.005 27795 27795 I CAR.HU.J: [2] n.b | Success controlTransfer len: 45  index: 4  string: "https://developer.android.com/auto/index.html"
03-06 21:05:29.005 27795 27795 I CAR.HU.J: [2] n.b | Success controlTransfer len: 12  index: 5  string: "HU-AAAAAA001"
03-06 21:05:29.006 27795 27795 I CAR.HU.J: [2] n.c | Sending acc start
03-06 21:05:29.006 27795 27795 I CAR.HU.J: [2] n.c | Acc start sent (len=0). Waiting for re-enumeration...
03-06 21:05:29.507 27795 27795 D UsbDeviceConnectionJNI: close
03-06 21:05:29.508 27795 27795 I CAR.HU.J: [2] n.a | Result: true
03-06 21:05:29.531 27795 27795 I zygote64: Deoptimizing void androidx.recyclerview.widget.RecyclerView$w.H(androidx.recyclerview.widget.RecyclerView$f0) due to JIT inline cache
03-06 21:05:29.555 27795 27795 I CAR.HU.J: [2] p.onReceive | USB Intent: Intent { act=android.hardware.usb.action.USB_DEVICE_DETACHED flg=0x1000010 (has extras) }
03-06 21:05:29.560 27795 27795 I CAR.HU.J: [2] p.onReceive | USB Intent: Intent { act=android.hardware.usb.action.USB_DEVICE_DETACHED flg=0x1000010 (has extras) }
03-06 21:05:29.562 27795 27795 I CAR.HU.J: [2] p.onReceive | USB Intent: Intent { act=android.hardware.usb.action.USB_DEVICE_ATTACHED flg=0x11000010 (has extras) }
03-06 21:05:29.565 27795 27795 I CAR.HU.J: [2] p.onReceive | USB Intent: Intent { act=android.hardware.usb.action.USB_DEVICE_ATTACHED flg=0x11000010 (has extras) }
03-06 21:05:29.565 27795 27795 I CAR.HU.J: [2] AapService.onUsbAttach | USB accessory device attached, connecting.
03-06 21:05:29.567 27795 27795 I CAR.HU.J: [2] AapService.q | Found device already in accessory mode: Google 18D1:2D00
03-06 21:05:29.605 27795 27795 D WindowClient: Add to mViews: android.widget.LinearLayout{d4117de V.E...... ......I. 0,0-0,0}, this = android.view.WindowManagerGlobal@df58a6
03-06 21:05:29.607 27795 27795 D ViewRootImpl[Toast]: hardware acceleration = true , fakeHwAccelerated = false, sRendererDisabled = false, forceHwAccelerated = false, sSystemRendererDisabled = false
03-06 21:05:29.657 27795 27795 D Surface : Surface::allocateBuffers(this=0x7152ade000)
03-06 21:05:29.657 27795 27816 D Surface : Surface::connect(this=0x7152ade000,api=1)
03-06 21:05:29.666 27795 27820 I CAR.HU.J: [425] m.m | Established connection: android.hardware.usb.UsbDeviceConnection@af70fd5
03-06 21:05:29.666 27795 27820 I CAR.HU.J: [425] m.m | interfaceCount: 1
03-06 21:05:29.669 27795 27820 I CAR.HU.J: [425] m.j | Check accessory endpoints
03-06 21:05:29.670 27795 27820 I CAR.HU.J: [425] m.j | Connected have EPs
03-06 21:05:29.765 27795 27820 I CAR.HU.J: [425] m0.<init> | Using Java SSL implementation
03-06 21:05:29.768 27795 27820 I CAR.HU.J: [425] m0.z | Start Aap transport handshake for x0.m@181b6db
03-06 21:05:29.923 27795 27795 I CAR.HU.J: [2] AapProjectionActivity.onCreate | HeadUnit for Android Auto (tm) - Copyright 2011-2015 Michael A. Reid., since 2025 André Rinas All Rights Reserved...
03-06 21:05:29.925 27795 27795 I CAR.HU.J: [2] AapProjectionActivity.onCreate | Using TextureView
03-06 21:05:29.928 27795 27795 I CAR.HU.J: [2] g.p | CarScreen: usable width: 1280 height: 720 (Raw: 1280x720, Insets: L0 T0 R0 B0)
03-06 21:05:29.928 27795 27795 I CAR.HU.J: [2] g.p | CarScreen isSmallScreen: true, scaleFactor: 1.0
03-06 21:05:29.929 27795 27795 I CAR.HU.J: [2] g.p | CarScreen using: _1280x720, number: 2, scales: scaleX: 1.0, scaleY: 1.0
03-06 21:05:29.964 27795 27795 I CAR.HU.J: [2] AapProjectionActivity.onResume | AapProjectionActivity: onResume
03-06 21:05:29.972 27795 27795 D WindowClient: Add to mViews: DecorView@515bda2[AapProjectionActivity], this = android.view.WindowManagerGlobal@df58a6
03-06 21:05:29.975 27795 27795 D ViewRootImpl[AapProjectionActivity]: hardware acceleration = true , fakeHwAccelerated = false, sRendererDisabled = false, forceHwAccelerated = false, sSystemRendererDisabled = false
03-06 21:05:30.071 27795 27820 D CAR.HU.J: [425] m0.k | Handshake: Starting version request. TS: 47026494
03-06 21:05:30.073 27795 27820 D CAR.HU.J: [425] m0.k | Handshake: Version request sent. ret: 10. attempt: 1. TS: 47026496
03-06 21:05:30.074 27795 27820 D CAR.HU.J: [425] m0.k | Handshake: Waiting for version response. TS: 47026497
03-06 21:05:30.085 27795 27795 D Surface : Surface::allocateBuffers(this=0x7152bef000)
03-06 21:05:30.085 27795 27816 D Surface : Surface::connect(this=0x7152bef000,api=1)
03-06 21:05:30.089 27795 27820 I CAR.HU.J: [425] m0.k | Handshake: Version response received (ret=12, attempt=1).
03-06 21:05:30.090 27795 27820 I CAR.HU.J: [425] m0.k | Handshake: Version response recv ret: 12
03-06 21:05:30.090 27795 27820 D CAR.HU.J: [425] m0.k | Handshake: Starting SSL handshake via performHandshake(). TS: 47026514
03-06 21:05:30.093 27795 27816 D Surface : Surface::disconnect(this=0x7152ad6000,api=1)
03-06 21:05:30.123 27795 27795 D TextureView: getHardwareLayer, createNewSurface:true
03-06 21:05:30.123 27795 27795 I BufferQueue: [unnamed-27795-1](this:0x7152bd5000,id:1,api:0,p:-1,c:-1) BufferQueue core=(27795:com.andrerinas.headunitrevived)
03-06 21:05:30.124 27795 27795 W GuiExt  : Cannot find GuiExtService
03-06 21:05:30.124 27795 27795 I BufferQueueConsumer: [unnamed-27795-1](this:0x7152bd5000,id:1,api:0,p:-1,c:27795) connect(C): consumer=(27795:com.andrerinas.headunitrevived) controlledByApp=true
03-06 21:05:30.124 27795 27795 I BufferQueueConsumer: [unnamed-27795-1](this:0x7152bd5000,id:1,api:0,p:-1,c:27795) setConsumerName: unnamed-27795-1
03-06 21:05:30.124 27795 27795 I BufferQueueConsumer: [SurfaceTexture-0-27795-1](this:0x7152bd5000,id:1,api:0,p:-1,c:27795) setConsumerName: SurfaceTexture-0-27795-1
03-06 21:05:30.124 27795 27795 I BufferQueueConsumer: [SurfaceTexture-0-27795-1](this:0x7152bd5000,id:1,api:0,p:-1,c:27795) setDefaultBufferSize: width=1280 height=720
03-06 21:05:30.124 27795 27795 D OpenGLRenderer: 0x71510ed700 setSurfaceTexture: 0x0 to 0x714c02ec00
03-06 21:05:30.125 27795 27795 I CAR.HU.J: [2] i.onSurfaceTextureAvailable | TextureProjectionView: Surface available: 1280x720
03-06 21:05:30.126 27795 27795 I CAR.HU.J: [2] AapProjectionActivity.d | [AapProjectionActivity] onSurfaceCreated
03-06 21:05:30.127 27795 27795 I CAR.HU.J: [2] AapProjectionActivity.b | [AapProjectionActivity] onSurfaceChanged. Actual surface dimensions: width=1280, height=720
03-06 21:05:30.128 27795 27795 I CAR.HU.J: [2] a0.o | New surface set: Surface(name=android.graphics.SurfaceTexture@cb502)/@0x61bde13
03-06 21:05:30.129 27795 27795 I CAR.HU.J: [2] AapProjectionActivity.b | [AapProjectionActivity] Decoder already has dimensions: 1280x736. Applying to view.
03-06 21:05:30.131 27795 27795 I CAR.HU.J: [2] i.a | TextureProjectionView
03-06 21:05:30.134 27795 27795 I CAR.HU.J: [2] g.p | CarScreen: usable width: 1280 height: 720 (Raw: 1280x720, Insets: L0 T0 R0 B0)
03-06 21:05:30.135 27795 27795 I CAR.HU.J: [2] g.p | CarScreen isSmallScreen: true, scaleFactor: 1.0
03-06 21:05:30.136 27795 27795 I CAR.HU.J: [2] g.p | CarScreen using: _1280x720, number: 2, scales: scaleX: 1.0, scaleY: 1.0
03-06 21:05:30.138 27795 27795 I CAR.HU.J: [2] h.a | ProjectionViewScaler: Dimensions: Video: 1280x736, Content: 1280x720, View: 1280x720
03-06 21:05:30.138 27795 27795 I CAR.HU.J: [2] h.a | ProjectionViewScaler: Scale updated for view i. scaleX: 1.0, scaleY: 1.0
03-06 21:05:30.141 27795 27795 I CAR.HU.J: [2] h.a | ProjectionViewScaler: Dimensions: Video: 1280x736, Content: 1280x720, View: 1280x720
03-06 21:05:30.141 27795 27795 I CAR.HU.J: [2] h.a | ProjectionViewScaler: Scale updated for view i. scaleX: 1.0, scaleY: 1.0
03-06 21:05:30.149 27795 27816 I GLConsumer: [SurfaceTexture-0-27795-1] attachToContext
03-06 21:05:30.212 27795 27820 I CAR.HU.J: [425] h0.performHandshake | SSL handshake complete. Session id: EJg0DYP26LFfyBjp5b+N5jTj3Gl1o4zEYdUkARsTomA=
03-06 21:05:30.213 27795 27820 D CAR.HU.J: [425] m0.k | Handshake: SSL buffers reset after handshake.
03-06 21:05:30.213 27795 27820 D CAR.HU.J: [425] m0.k | Handshake: SSL handshake complete. TS: 47026637
03-06 21:05:30.214 27795 27820 D CAR.HU.J: [425] m0.k | Handshake: Status OK sent. ret: 8. TS: 47026637
03-06 21:05:30.214 27795 27820 I CAR.HU.J: [425] m0.k | Handshake: Status OK sent: 8
03-06 21:05:30.215 27795 27820 D CAR.HU.J: [425] m0.k | Handshake: Handshake successful. TS: 47026638
03-06 21:05:30.269 27795 27820 I CAR.HU.J: [425] j.c | Audio Focus Request: stream=3, type=1
03-06 21:05:30.276 27795 27820 I CAR.HU.J: [425] j.c | Audio focus request result: GRANTED
03-06 21:05:30.277 27795 27820 I CAR.HU.J: [425] m0.C | Start Aap transport read loop
03-06 21:05:30.285 27795 28805 I CAR.HU.J: [5198] p.h | Service Discovery Request: Android
03-06 21:05:30.289 27795 28805 I CAR.HU.J: [5198] a.b | [ServiceDiscovery] Announcing NIGHT sensor support. Strategy: AUTO
03-06 21:05:30.291 27795 27795 D AudioManager: dispatching onAudioFocusChange(-1) to android.media.AudioManager@12c1435u0.o@a177f70
03-06 21:05:30.291 27795 28805 I CAR.HU.J: [5198] a.b | [ServiceDiscovery] NegotiatedResolution is: 1280x720
03-06 21:05:30.292 27795 28805 I CAR.HU.J: [5198] a.b | [ServiceDiscovery] Margins are: 0x0
03-06 21:05:30.293 27795 27795 I CAR.HU.J: [2] p.d | Audio Focus async change: STATE_GAIN, system focus change: -1 AUDIOFOCUS_LOSS
03-06 21:05:30.295 27795 28805 I CAR.HU.J: [5198] a.b | BT MAC Address is empty. Skip bluetooth service
03-06 21:05:30.295 27795 27795 I CAR.HU.J: [2] p.d | CONTROL Audio Focus Notification type: 19 flags: 11 size: 8 dataOffset: 6
03-06 21:05:30.297 27795 27795 I CAR.HU.J: [2] m0.r | Cannot send message, handler is null (quitting?)
03-06 21:05:30.301 27795 27795 I CAR.HU.J: [2] f.onReceive | Received request to resend night mode state
03-06 21:05:30.303 27795 27795 I CAR.HU.J: [2] q.invoke | NightMode update: true
03-06 21:05:30.520 27795 28805 I CAR.HU.J: [5198] p.c | Audio Focus Request: RELEASE
03-06 21:05:30.520 27795 28805 I CAR.HU.J: [5198] j.c | Audio Focus Request: stream=3, type=4
03-06 21:05:30.521 27795 28805 I CAR.HU.J: [5198] j.c | Releasing audio focus
03-06 21:05:30.524 27795 28805 I CAR.HU.J: [5198] p.c | Sending immediate AudioFocusNotification: STATE_LOSS
03-06 21:05:30.524 27795 27795 D AudioManager: dispatching onAudioFocusChange(1) to android.media.AudioManager@12c1435u0.o@a177f70
03-06 21:05:30.525 27795 27795 I CAR.HU.J: [2] p.d | Audio Focus async change: STATE_GAIN, system focus change: 1 AUDIOFOCUS_GAIN
03-06 21:05:30.527 27795 27795 I CAR.HU.J: [2] p.d | CONTROL Audio Focus Notification type: 19 flags: 11 size: 8 dataOffset: 6
03-06 21:05:30.527 27795 27795 I CAR.HU.J: [2] m0.r | Cannot send message, handler is null (quitting?)
03-06 21:05:30.992 27795 28805 W CAR.HU.J: [5198] m.e | Too many read errors, attempting interface reset...
03-06 21:05:30.992 27795 28805 W CAR.HU.J: [5198] m.l | Attempting USB interface soft-reset...
03-06 21:05:31.093 27795 28805 I CAR.HU.J: [5198] m.l | USB interface re-claimed successfully
03-06 21:05:31.093 27795 28805 I CAR.HU.J: [5198] m.j | Check accessory endpoints
03-06 21:05:31.094 27795 28805 I CAR.HU.J: [5198] m.j | Connected have EPs
03-06 21:05:31.144 27795 28805 W CAR.HU.J: [5198] n0.a | AapVideo: Dropped Flag 11 packet. len=4, buf[10]=?
03-06 21:05:31.144 27795 28805 I CAR.HU.J: [5198] m.b | Media Sink Setup Request: 7 on channel VIDEO
03-06 21:05:31.146 27795 28805 I CAR.HU.J: [5198] m.b | Config response: status: HEADUNIT
03-06 21:05:31.146 27795 28805 I CAR.HU.J: max_unacked: 1
03-06 21:05:31.146 27795 28805 I CAR.HU.J: configuration_indices: 0
03-06 21:05:31.154 27795 28805 I CAR.HU.J: [5198] m.b | Media Sink Setup Request: 1 on channel AUDIO2
03-06 21:05:31.157 27795 28805 I CAR.HU.J: [5198] m.b | Config response: status: HEADUNIT
03-06 21:05:31.157 27795 28805 I CAR.HU.J: max_unacked: 3
03-06 21:05:31.157 27795 28805 I CAR.HU.J: configuration_indices: 0
03-06 21:05:31.159 27795 28805 I CAR.HU.J: [5198] m.b | Media Sink Setup Request: 1 on channel AUDIO1
03-06 21:05:31.161 27795 28805 I CAR.HU.J: [5198] m.b | Config response: status: HEADUNIT
03-06 21:05:31.161 27795 28805 I CAR.HU.J: max_unacked: 3
03-06 21:05:31.161 27795 28805 I CAR.HU.J: configuration_indices: 0
03-06 21:05:31.163 27795 28805 I CAR.HU.J: [5198] n.b | Sensor Start Request sensor: DRIVING_STATUS, minUpdatePeriod: 0
03-06 21:05:31.164 27795 28805 I CAR.HU.J: [5198] n.b | SENSOR Sensor Start Response type: 32770 flags: 11 size: 8 dataOffset: 6
03-06 21:05:31.164 27795 27795 I CAR.HU.J: [2] AapProjectionActivity.onPause | AapProjectionActivity: onPause
03-06 21:05:31.165 27795 28805 I CAR.HU.J: [5198] m.b | Media Sink Setup Request: 1 on channel AUDIO
03-06 21:05:31.166 27795 28805 I CAR.HU.J: [5198] m.b | Config response: status: HEADUNIT
03-06 21:05:31.166 27795 28805 I CAR.HU.J: max_unacked: 3
03-06 21:05:31.166 27795 28805 I CAR.HU.J: configuration_indices: 0
03-06 21:05:31.166 27795 27795 I CAR.HU.J: [2] AapProjectionActivity.onNewIntent | AapProjectionActivity: onNewIntent received
03-06 21:05:31.167 27795 27795 I CAR.HU.J: [2] AapProjectionActivity.onResume | AapProjectionActivity: onResume
03-06 21:05:31.176 27795 28805 I CAR.HU.J: [5198] n.b | Sensor Start Request sensor: NIGHT, minUpdatePeriod: 0
03-06 21:05:31.176 27795 28805 I CAR.HU.J: [5198] n.b | SENSOR Sensor Start Response type: 32770 flags: 11 size: 8 dataOffset: 6
03-06 21:05:31.177 27795 28805 I CAR.HU.J: [5198] n.b | Night sensor requested. Triggering immediate update.
03-06 21:05:31.201 27795 27795 I CAR.HU.J: [2] f.onReceive | Received request to resend night mode state
03-06 21:05:31.202 27795 27795 I CAR.HU.J: [2] q.invoke | NightMode update: true
03-06 21:05:31.250 27795 28805 I CAR.HU.J: [5198] p.c | Audio Focus Request: GAIN
03-06 21:05:31.250 27795 28805 I CAR.HU.J: [5198] j.c | Audio Focus Request: stream=3, type=1
03-06 21:05:31.252 27795 27795 D AudioManager: dispatching onAudioFocusChange(-1) to android.media.AudioManager@12c1435u0.o@a177f70
03-06 21:05:31.252 27795 28805 I CAR.HU.J: [5198] j.c | Audio focus request result: GRANTED
03-06 21:05:31.253 27795 27795 I CAR.HU.J: [2] p.d | Audio Focus async change: STATE_GAIN, system focus change: -1 AUDIOFOCUS_LOSS
03-06 21:05:31.253 27795 28805 I CAR.HU.J: [5198] p.c | Sending immediate AudioFocusNotification: STATE_GAIN
03-06 21:05:31.253 27795 27795 I CAR.HU.J: [2] p.d | CONTROL Audio Focus Notification type: 19 flags: 11 size: 8 dataOffset: 6
03-06 21:05:31.253 27795 27795 I CAR.HU.J: [2] m0.r | Cannot send message, handler is null (quitting?)
03-06 21:05:31.516 27795 28805 W CAR.HU.J: [5198] n0.a | AapVideo: Dropped Flag 11 packet. len=6, buf[10]=?
03-06 21:05:31.517 27795 28805 I CAR.HU.J: [5198] m.a | RX: Video Focus Request - mode: VIDEO_FOCUS_PROJECTED, reason: UNKNOWN
03-06 21:05:31.529 27795 27816 D Surface : Surface::disconnect(this=0x7152ade000,api=1)
03-06 21:05:31.530 27795 27795 D View    : [Warning] assignParent to null: this = android.widget.LinearLayout{d4117de V.E...... ......ID 0,0-225,49}
03-06 21:05:31.538 27795 27795 D WindowClient: Remove from mViews: android.widget.LinearLayout{d4117de V.E...... ......ID 0,0-225,49}, this = android.view.WindowManagerGlobal@df58a6
03-06 21:05:31.984 27795 28805 W CAR.HU.J: [5198] m.e | Too many read errors, attempting interface reset...
03-06 21:05:31.985 27795 28805 W CAR.HU.J: [5198] m.l | Attempting USB interface soft-reset...
03-06 21:05:32.085 27795 28805 I CAR.HU.J: [5198] m.l | USB interface re-claimed successfully
03-06 21:05:32.086 27795 28805 I CAR.HU.J: [5198] m.j | Check accessory endpoints
03-06 21:05:32.086 27795 28805 I CAR.HU.J: [5198] m.j | Connected have EPs
03-06 21:05:32.728 27795 28805 W CAR.HU.J: [5198] m.e | Too many read errors, attempting interface reset...
03-06 21:05:32.728 27795 28805 W CAR.HU.J: [5198] m.l | Attempting USB interface soft-reset...
03-06 21:05:32.829 27795 28805 I CAR.HU.J: [5198] m.l | USB interface re-claimed successfully
03-06 21:05:32.829 27795 28805 I CAR.HU.J: [5198] m.j | Check accessory endpoints
03-06 21:05:32.830 27795 28805 I CAR.HU.J: [5198] m.j | Connected have EPs
03-06 21:05:33.752 27795 28805 W CAR.HU.J: [5198] m.e | Too many read errors, attempting interface reset...
03-06 21:05:33.752 27795 28805 W CAR.HU.J: [5198] m.l | Attempting USB interface soft-reset...
03-06 21:05:33.853 27795 28805 I CAR.HU.J: [5198] m.l | USB interface re-claimed successfully
03-06 21:05:33.854 27795 28805 I CAR.HU.J: [5198] m.j | Check accessory endpoints
03-06 21:05:33.854 27795 28805 I CAR.HU.J: [5198] m.j | Connected have EPs
03-06 21:05:34.170 27795 27795 W CAR.HU.J: [2] i.run | Watchdog: No video received. Requesting Keyframe (Unsolicited Focus)...
03-06 21:05:34.180 27795 28805 W CAR.HU.J: [5198] n0.a | AapVideo: Dropped Flag 11 packet. len=6, buf[10]=?
03-06 21:05:34.181 27795 28805 I CAR.HU.J: [5198] m.d | Media Start Request VIDEO: session_id: 0
03-06 21:05:34.181 27795 28805 I CAR.HU.J: configuration_index: 0
03-06 21:05:34.463 27795 28805 I CAR.HU.J: [5198] a0.c | H.265/HEVC config detected in frame (84 bytes)
03-06 21:05:34.471 27795 28825 I OMXClient: Treble IOmx obtained
03-06 21:05:34.478 27795 28805 I CAR.HU.J: [5198] a0.p | Configuring decoder: OMX.MTK.VIDEO.DECODER.HEVC with surface
03-06 21:05:34.479 27795 28824 D SurfaceUtils: connecting to surface 0x714c04a010, reason connectToSurface
03-06 21:05:34.479 27795 28824 D Surface : Surface::connect(this=0x714c04a000,api=3)
03-06 21:05:34.479 27795 28824 I BufferQueueProducer: [SurfaceTexture-0-27795-1](this:0x7152bd5000,id:1,api:3,p:27795,c:27795) connect(P): api=3 producer=(27795:com.andrerinas.headunitrevived) producerControlledByApp=true
03-06 21:05:34.480 27795 28824 I MediaCodec: [OMX.MTK.VIDEO.DECODER.HEVC] setting surface generation to 28462082
03-06 21:05:34.480 27795 28824 D SurfaceUtils: disconnecting from surface 0x714c04a010, reason connectToSurface(reconnect)
03-06 21:05:34.480 27795 28824 D Surface : Surface::disconnect(this=0x714c04a000,api=3)
03-06 21:05:34.480 27795 28824 I BufferQueueProducer: [SurfaceTexture-0-27795-1](this:0x7152bd5000,id:1,api:3,p:27795,c:27795) disconnect(P): api 3
03-06 21:05:34.480 27795 28824 D SurfaceUtils: connecting to surface 0x714c04a010, reason connectToSurface(reconnect)
03-06 21:05:34.480 27795 28824 D Surface : Surface::connect(this=0x714c04a000,api=3)
03-06 21:05:34.480 27795 28824 I BufferQueueProducer: [SurfaceTexture-0-27795-1](this:0x7152bd5000,id:1,api:3,p:27795,c:27795) connect(P): api=3 producer=(27795:com.andrerinas.headunitrevived) producerControlledByApp=true
03-06 21:05:34.483 27795 28825 I ACodec_vilte: setMTKParameters, width: 1280
03-06 21:05:34.483 27795 28825 I ACodec_vilte: setMTKParameters, height: 736
03-06 21:05:34.500 27795 28825 D SurfaceUtils: set up nativeWindow 0x714c04a010 for 1280x736, color 0x32315679, rotation 0, usage 0x2933
03-06 21:05:34.501 27795 28825 W ACodec  : [OMX.MTK.VIDEO.DECODER.HEVC] setting nBufferCountActual to 7 failed: -22
03-06 21:05:34.501 27795 28825 W ACodec  : [OMX.MTK.VIDEO.DECODER.HEVC] setting nBufferCountActual to 6 failed: -22
03-06 21:05:34.501 27795 28825 D Surface : Surface::setBufferCount(this=0x714c04a000,bufferCount=5)
03-06 21:05:34.505 27795 28831 I CAR.HU.J: [5201] a0.k | Output thread started
03-06 21:05:34.505 27795 28805 I CAR.HU.J: [5198] a0.p | Codec initialized: OMX.MTK.VIDEO.DECODER.HEVC for stream 1280x736
03-06 21:05:34.508 27795 28825 W GrallocMapperPassthrough: buffer descriptor with invalid usage bits 0x2000
03-06 21:05:34.513 27795 28825 W GrallocMapperPassthrough: buffer descriptor with invalid usage bits 0x2000
03-06 21:05:34.526 27795 28825 D BufferQueueProducer: [SurfaceTexture-0-27795-1](this:0x7152bd5000,id:1,api:3,p:27795,c:27795) cancelBuffer: slot 0
03-06 21:05:34.526 27795 28825 D BufferQueueProducer: [SurfaceTexture-0-27795-1](this:0x7152bd5000,id:1,api:3,p:27795,c:27795) cancelBuffer: slot 1
03-06 21:05:34.528 27795 28825 D SurfaceUtils: set up nativeWindow 0x714c04a010 for 1280x736, color 0x32315679, rotation 0, usage 0x2933
03-06 21:05:34.529 27795 28825 W ACodec  : [OMX.MTK.VIDEO.DECODER.HEVC] setting nBufferCountActual to 11 failed: -22
03-06 21:05:34.529 27795 28825 W ACodec  : [OMX.MTK.VIDEO.DECODER.HEVC] setting nBufferCountActual to 10 failed: -22
03-06 21:05:34.529 27795 28825 D Surface : Surface::setBufferCount(this=0x714c04a000,bufferCount=9)
03-06 21:05:34.532 27795 28825 W GrallocMapperPassthrough: buffer descriptor with invalid usage bits 0x2000
03-06 21:05:34.534 27795 28825 W GrallocMapperPassthrough: buffer descriptor with invalid usage bits 0x2000
03-06 21:05:34.536 27795 28825 I chatty  : uid=10102(com.andrerinas.headunitrevived) JNISurfaceTextu identical 1 line
03-06 21:05:34.538 27795 28825 W GrallocMapperPassthrough: buffer descriptor with invalid usage bits 0x2000
03-06 21:05:34.542 27795 28831 I CAR.HU.J: [5201] a0.i | Output Format Changed: {crop-right=1279, color-format=842094201, slice-height=768, mime=video/raw, hdr-static-info=java.nio.HeapByteBuffer[pos=0 lim=25 cap=25], stride=1280, color-standard=1, color-transfer=3, crop-bottom=719, crop-left=0, width=1280, color-range=2, crop-top=0, height=736}
03-06 21:05:34.544 27795 28825 W GrallocMapperPassthrough: buffer descriptor with invalid usage bits 0x2000
03-06 21:05:34.547 27795 28825 I BufferQueueProducer: [SurfaceTexture-0-27795-1](this:0x7152bd5000,id:1,api:3,p:27795,c:27795) queueBuffer: slot 0 is dropped, handle=0x7152881340
03-06 21:05:34.552 27795 28825 I BufferQueueProducer: [SurfaceTexture-0-27795-1](this:0x7152bd5000,id:1,api:3,p:27795,c:27795) queueBuffer: slot 1 is dropped, handle=0x7152881400
03-06 21:05:34.553 27795 28825 I BufferQueueProducer: [SurfaceTexture-0-27795-1](this:0x7152bd5000,id:1,api:3,p:27795,c:27795) queueBuffer: slot 2 is dropped, handle=0x71528814c0
03-06 21:05:34.559 27795 27816 W IMGSRV  : IMGeglCreateImageKHR:1111: 1280x736, crop to (0,0)-(1280,720)
03-06 21:05:34.559 27795 27816 I GPUAUX  : [AUX]GPUAUXContext:60: create: 0x7151152680
03-06 21:05:34.560 27795 27816 W IMGSRV  : IMGeglCreateImageKHR:1111: 1280x736, crop to (0,0)-(1280,720)
03-06 21:05:34.558 27795 27795 I RenderThread: type=1400 audit(0.0:165777): avc: denied { call } for scontext=u:r:untrusted_app:s0:c512,c768 tcontext=u:r:mtk_hal_pq:s0 tclass=binder permissive=1
03-06 21:05:34.575 27795 28825 W GrallocMapperPassthrough: buffer descriptor with invalid usage bits 0x2000
03-06 21:05:34.593 27795 27816 W IMGSRV  : IMGeglCreateImageKHR:1111: 1280x736, crop to (0,0)-(1280,720)
03-06 21:05:34.594 27795 27816 W IMGSRV  : IMGeglCreateImageKHR:1111: 1280x736, crop to (0,0)-(1280,720)
03-06 21:05:34.609 27795 27816 W IMGSRV  : IMGeglCreateImageKHR:1111: 1280x736, crop to (0,0)-(1280,720)
03-06 21:05:34.610 27795 27816 W IMGSRV  : IMGeglCreateImageKHR:1111: 1280x736, crop to (0,0)-(1280,720)
03-06 21:05:35.060 27795 28805 W CAR.HU.J: [5198] m.e | Too many read errors, attempting interface reset...
03-06 21:05:35.060 27795 28805 W CAR.HU.J: [5198] m.l | Attempting USB interface soft-reset...
03-06 21:05:35.161 27795 28805 I CAR.HU.J: [5198] m.l | USB interface re-claimed successfully
03-06 21:05:35.161 27795 28805 I CAR.HU.J: [5198] m.j | Check accessory endpoints
03-06 21:05:35.162 27795 28805 I CAR.HU.J: [5198] m.j | Connected have EPs
03-06 21:05:35.728 27795 28805 W CAR.HU.J: [5198] m.e | Too many read errors, attempting interface reset...
03-06 21:05:35.728 27795 28805 W CAR.HU.J: [5198] m.l | Attempting USB interface soft-reset...
03-06 21:05:35.829 27795 28805 I CAR.HU.J: [5198] m.l | USB interface re-claimed successfully
03-06 21:05:35.829 27795 28805 I CAR.HU.J: [5198] m.j | Check accessory endpoints
03-06 21:05:35.830 27795 28805 I CAR.HU.J: [5198] m.j | Connected have EPs
03-06 21:05:35.836 27795 28825 I BufferQueueProducer: [SurfaceTexture-0-27795-1](this:0x7152bd5000,id:1,api:3,p:27795,c:27795) queueBuffer: fps=4.64 dur=1293.74 max=1238.21 min=1.23
03-06 21:05:35.839 27795 27816 W IMGSRV  : IMGeglCreateImageKHR:1111: 1280x736, crop to (0,0)-(1280,720)
03-06 21:05:35.843 27795 27816 W IMGSRV  : IMGeglCreateImageKHR:1111: 1280x736, crop to (0,0)-(1280,720)
03-06 21:05:35.874 27795 27816 W IMGSRV  : IMGeglCreateImageKHR:1111: 1280x736, crop to (0,0)-(1280,720)
03-06 21:05:35.910 27795 27816 W IMGSRV  : IMGeglCreateImageKHR:1111: 1280x736, crop to (0,0)-(1280,720)
03-06 21:05:35.945 27795 27816 W IMGSRV  : IMGeglCreateImageKHR:1111: 1280x736, crop to (0,0)-(1280,720)
03-06 21:05:36.555 27795 28825 I BufferQueueProducer: [SurfaceTexture-0-27795-1](this:0x7152bd5000,id:1,api:3,p:27795,c:27795) queueBuffer: slot 3 is dropped, handle=0x7152881580
03-06 21:05:36.848 27795 28825 I BufferQueueProducer: [SurfaceTexture-0-27795-1](this:0x7152bd5000,id:1,api:3,p:27795,c:27795) queueBuffer: fps=30.63 dur=1012.08 max=72.89 min=3.12
03-06 21:05:37.889 27795 28825 I BufferQueueProducer: [SurfaceTexture-0-27795-1](this:0x7152bd5000,id:1,api:3,p:27795,c:27795) queueBuffer: fps=29.79 dur=1040.72 max=43.59 min=22.90
03-06 21:05:38.382 27795 28825 I BufferQueueProducer: [SurfaceTexture-0-27795-1](this:0x7152bd5000,id:1,api:3,p:27795,c:27795) queueBuffer: slot 2 is dropped, handle=0x71528814c0
03-06 21:05:38.912 27795 28825 I BufferQueueProducer: [SurfaceTexture-0-27795-1](this:0x7152bd5000,id:1,api:3,p:27795,c:27795) queueBuffer: fps=30.31 dur=1022.64 max=98.13 min=7.31
03-06 21:05:39.055 27795 28805 I CAR.HU.J: [5198] m.d | Media Start Request AUDIO: session_id: 0
03-06 21:05:39.055 27795 28805 I CAR.HU.J: configuration_index: 0
03-06 21:05:39.057 27795 28805 I CAR.HU.J: [5198] j.a | AudioDecoder.start: channel=6, stream=3, gain=1.0, sampleRate=48000, numberOfBits=16, numberOfChannels=2, isAac=false
03-06 21:05:39.059 27795 28805 I CAR.HU.J: [5198] s.f | Audio stream: 3 buffer size: 65536 (min: 8192) sampleRateInHz: 48000 channelCount: 2
03-06 21:05:39.061 27795 28805 D AudioTrack: yellowmouse mIsNavi: 0, mIsVoice: 0, mIsBlink:0
03-06 21:05:39.061 27795 28805 D AudioTrack: set: Create AudioTrackThread, tid = 28841
03-06 21:05:39.061 27795 28805 D AudioTrack: yellowmouse createTrack_l mStreamType: -1
03-06 21:05:39.068 27795 28805 D AudioTrack: createTrack_l: 0x7172096000, mCblk = 0x71485ad000, mLatency = 426, mAfLatency = 85, frameCount = 16384, mSampleRate = 48000, mFlags = 0x8, mReqFrameCount = 16384, mNotificationFramesAct = 8192
03-06 21:05:39.075 27795 28805 D AudioTrack: start(): 0x7172096000, mState = 1
03-06 21:05:39.166 27795 28825 I BufferQueueProducer: [SurfaceTexture-0-27795-1](this:0x7152bd5000,id:1,api:3,p:27795,c:27795) queueBuffer: slot 3 is dropped, handle=0x7152881580
03-06 21:05:39.913 27795 28825 I BufferQueueProducer: [SurfaceTexture-0-27795-1](this:0x7152bd5000,id:1,api:3,p:27795,c:27795) queueBuffer: fps=29.97 dur=1000.88 max=58.28 min=8.90
03-06 21:05:40.936 27795 28825 I BufferQueueProducer: [SurfaceTexture-0-27795-1](this:0x7152bd5000,id:1,api:3,p:27795,c:27795) queueBuffer: fps=30.29 dur=1023.41 max=40.41 min=25.82
03-06 21:05:41.968 27795 28825 I BufferQueueProducer: [SurfaceTexture-0-27795-1](this:0x7152bd5000,id:1,api:3,p:27795,c:27795) queueBuffer: fps=30.04 dur=1031.89 max=41.19 min=25.66
03-06 21:05:42.974 27795 28825 I BufferQueueProducer: [SurfaceTexture-0-27795-1](this:0x7152bd5000,id:1,api:3,p:27795,c:27795) queueBuffer: fps=29.83 dur=1005.87 max=48.94 min=19.11
03-06 21:05:44.004 27795 28825 I BufferQueueProducer: [SurfaceTexture-0-27795-1](this:0x7152bd5000,id:1,api:3,p:27795,c:27795) queueBuffer: fps=30.11 dur=1029.67 max=42.19 min=22.69
03-06 21:05:45.036 27795 28825 I BufferQueueProducer: [SurfaceTexture-0-27795-1](this:0x7152bd5000,id:1,api:3,p:27795,c:27795) queueBuffer: fps=30.02 dur=1032.81 max=38.58 min=26.62
03-06 21:05:46.041 27795 28825 I BufferQueueProducer: [SurfaceTexture-0-27795-1](this:0x7152bd5000,id:1,api:3,p:27795,c:27795) queueBuffer: fps=29.85 dur=1004.95 max=42.85 min=23.64
03-06 21:05:47.079 27795 28825 I BufferQueueProducer: [SurfaceTexture-0-27795-1](this:0x7152bd5000,id:1,api:3,p:27795,c:27795) queueBuffer: fps=29.88 dur=1037.47 max=48.88 min=18.95
03-06 21:05:48.098 27795 28825 I BufferQueueProducer: [SurfaceTexture-0-27795-1](this:0x7152bd5000,id:1,api:3,p:27795,c:27795) queueBuffer: fps=30.41 dur=1019.39 max=44.52 min=21.11
03-06 21:05:49.104 27795 28825 I BufferQueueProducer: [SurfaceTexture-0-27795-1](this:0x7152bd5000,id:1,api:3,p:27795,c:27795) queueBuffer: fps=29.83 dur=1005.61 max=45.04 min=25.25
03-06 21:05:50.106 27795 28825 I BufferQueueProducer: [SurfaceTexture-0-27795-1](this:0x7152bd5000,id:1,api:3,p:27795,c:27795) queueBuffer: fps=29.94 dur=1001.87 max=43.47 min=24.44
03-06 21:05:51.148 27795 28825 I BufferQueueProducer: [SurfaceTexture-0-27795-1](this:0x7152bd5000,id:1,api:3,p:27795,c:27795) queueBuffer: fps=29.73 dur=1042.58 max=46.48 min=27.18
03-06 21:05:52.168 27795 28825 I BufferQueueProducer: [SurfaceTexture-0-27795-1](this:0x7152bd5000,id:1,api:3,p:27795,c:27795) queueBuffer: fps=30.41 dur=1019.56 max=50.95 min=16.25
03-06 21:05:53.179 27795 28825 I BufferQueueProducer: [SurfaceTexture-0-27795-1](this:0x7152bd5000,id:1,api:3,p:27795,c:27795) queueBuffer: fps=29.66 dur=1011.50 max=49.07 min=19.79
03-06 21:05:54.181 27795 28825 I BufferQueueProducer: [SurfaceTexture-0-27795-1](this:0x7152bd5000,id:1,api:3,p:27795,c:27795) queueBuffer: fps=29.96 dur=1001.41 max=46.00 min=22.13
03-06 21:05:55.203 27795 28825 I BufferQueueProducer: [SurfaceTexture-0-27795-1](this:0x7152bd5000,id:1,api:3,p:27795,c:27795) queueBuffer: fps=30.34 dur=1021.89 max=40.95 min=20.05
03-06 21:05:55.872 27795 27800 I zygote64: Do partial code cache collection, code=506KB, data=308KB
03-06 21:05:55.873 27795 27800 I zygote64: After code cache collection, code=481KB, data=297KB
03-06 21:05:55.873 27795 27800 I zygote64: Increasing code cache capacity to 2MB
03-06 21:05:56.219 27795 28825 I BufferQueueProducer: [SurfaceTexture-0-27795-1](this:0x7152bd5000,id:1,api:3,p:27795,c:27795) queueBuffer: fps=29.52 dur=1016.21 max=52.67 min=19.40
03-06 21:05:57.235 27795 28825 I BufferQueueProducer: [SurfaceTexture-0-27795-1](this:0x7152bd5000,id:1,api:3,p:27795,c:27795) queueBuffer: fps=30.51 dur=1016.13 max=47.48 min=14.57
03-06 21:05:57.325 27795 27795 I CAR.HU.J: [2] m0.q | Unknown: 0
03-06 21:05:57.328 27795 27795 I CAR.HU.J: [2] m0.q | Unknown: 0
03-06 21:05:57.358 27795 27795 I CAR.HU.J: [2] AapProjectionActivity.onPause | AapProjectionActivity: onPause
03-06 21:05:57.401 27795 28825 I BufferQueueProducer: [SurfaceTexture-0-27795-1](this:0x7152bd5000,id:1,api:3,p:27795,c:27795) queueBuffer: slot 5 is dropped, handle=0x7152881700
03-06 21:05:57.670 27795 27816 I GLConsumer: [SurfaceTexture-0-27795-1] detachFromContext
03-06 21:05:57.674 27795 27816 I GPUAUX  : [AUX]~GPUAUXContext:68: destory: 0x7151152680
03-06 21:05:57.685 27795 27816 D Surface : Surface::disconnect(this=0x7152bef000,api=1)
03-06 21:05:57.704 27795 28825 I BufferQueueProducer: [SurfaceTexture-0-27795-1](this:0x7152bd5000,id:1,api:3,p:27795,c:27795) queueBuffer: slot 6 is dropped, handle=0x71528817c0
03-06 21:05:57.751 27795 28825 I BufferQueueProducer: [SurfaceTexture-0-27795-1](this:0x7152bd5000,id:1,api:3,p:27795,c:27795) queueBuffer: slot 0 is dropped, handle=0x7152881340
03-06 21:05:57.773 27795 28825 I BufferQueueProducer: [SurfaceTexture-0-27795-1](this:0x7152bd5000,id:1,api:3,p:27795,c:27795) queueBuffer: slot 2 is dropped, handle=0x71528814c0
03-06 21:05:57.803 27795 28825 I BufferQueueProducer: [SurfaceTexture-0-27795-1](this:0x7152bd5000,id:1,api:3,p:27795,c:27795) queueBuffer: slot 3 is dropped, handle=0x7152881580
03-06 21:05:57.844 27795 28825 I BufferQueueProducer: [SurfaceTexture-0-27795-1](this:0x7152bd5000,id:1,api:3,p:27795,c:27795) queueBuffer: slot 1 is dropped, handle=0x7152881400
03-06 21:05:57.873 27795 28825 I BufferQueueProducer: [SurfaceTexture-0-27795-1](this:0x7152bd5000,id:1,api:3,p:27795,c:27795) queueBuffer: slot 7 is dropped, handle=0x7152881880
03-06 21:05:57.904 27795 28825 I BufferQueueProducer: [SurfaceTexture-0-27795-1](this:0x7152bd5000,id:1,api:3,p:27795,c:27795) queueBuffer: slot 5 is dropped, handle=0x7152881700
03-06 21:05:57.938 27795 28825 I BufferQueueProducer: [SurfaceTexture-0-27795-1](this:0x7152bd5000,id:1,api:3,p:27795,c:27795) queueBuffer: slot 6 is dropped, handle=0x71528817c0
03-06 21:05:57.971 27795 28825 I BufferQueueProducer: [SurfaceTexture-0-27795-1](this:0x7152bd5000,id:1,api:3,p:27795,c:27795) queueBuffer: slot 0 is dropped, handle=0x7152881340
03-06 21:05:58.005 27795 28825 I BufferQueueProducer: [SurfaceTexture-0-27795-1](this:0x7152bd5000,id:1,api:3,p:27795,c:27795) queueBuffer: slot 2 is dropped, handle=0x71528814c0
03-06 21:05:58.039 27795 28825 I BufferQueueProducer: [SurfaceTexture-0-27795-1](this:0x7152bd5000,id:1,api:3,p:27795,c:27795) queueBuffer: slot 3 is dropped, handle=0x7152881580
03-06 21:05:58.066 27795 28825 I BufferQueueProducer: [SurfaceTexture-0-27795-1](this:0x7152bd5000,id:1,api:3,p:27795,c:27795) queueBuffer: slot 1 is dropped, handle=0x7152881400
03-06 21:05:58.102 27795 28825 I BufferQueueProducer: [SurfaceTexture-0-27795-1](this:0x7152bd5000,id:1,api:3,p:27795,c:27795) queueBuffer: slot 7 is dropped, handle=0x7152881880
03-06 21:05:58.134 27795 28825 I BufferQueueProducer: [SurfaceTexture-0-27795-1](this:0x7152bd5000,id:1,api:3,p:27795,c:27795) queueBuffer: slot 5 is dropped, handle=0x7152881700
03-06 21:05:58.173 27795 28825 I BufferQueueProducer: [SurfaceTexture-0-27795-1](this:0x7152bd5000,id:1,api:3,p:27795,c:27795) queueBuffer: slot 6 is dropped, handle=0x71528817c0
03-06 21:05:58.206 27795 28825 I BufferQueueProducer: [SurfaceTexture-0-27795-1](this:0x7152bd5000,id:1,api:3,p:27795,c:27795) queueBuffer: slot 0 is dropped, handle=0x7152881340
03-06 21:05:58.237 27795 28825 I BufferQueueProducer: [SurfaceTexture-0-27795-1](this:0x7152bd5000,id:1,api:3,p:27795,c:27795) queueBuffer: slot 2 is dropped, handle=0x71528814c0
03-06 21:05:58.238 27795 28825 I BufferQueueProducer: [SurfaceTexture-0-27795-1](this:0x7152bd5000,id:1,api:3,p:27795,c:27795) queueBuffer: fps=29.92 dur=1002.71 max=46.62 min=22.27
03-06 21:05:58.274 27795 28825 I BufferQueueProducer: [SurfaceTexture-0-27795-1](this:0x7152bd5000,id:1,api:3,p:27795,c:27795) queueBuffer: slot 3 is dropped, handle=0x7152881580
03-06 21:05:58.322 27795 28825 I BufferQueueProducer: [SurfaceTexture-0-27795-1](this:0x7152bd5000,id:1,api:3,p:27795,c:27795) queueBuffer: slot 1 is dropped, handle=0x7152881400
03-06 21:05:58.339 27795 28825 I BufferQueueProducer: [SurfaceTexture-0-27795-1](this:0x7152bd5000,id:1,api:3,p:27795,c:27795) queueBuffer: slot 7 is dropped, handle=0x7152881880
03-06 21:05:58.366 27795 28825 I BufferQueueProducer: [SurfaceTexture-0-27795-1](this:0x7152bd5000,id:1,api:3,p:27795,c:27795) queueBuffer: slot 5 is dropped, handle=0x7152881700
03-06 21:05:58.401 27795 28825 I BufferQueueProducer: [SurfaceTexture-0-27795-1](this:0x7152bd5000,id:1,api:3,p:27795,c:27795) queueBuffer: slot 6 is dropped, handle=0x71528817c0
03-06 21:05:58.437 27795 28825 I BufferQueueProducer: [SurfaceTexture-0-27795-1](this:0x7152bd5000,id:1,api:3,p:27795,c:27795) queueBuffer: slot 0 is dropped, handle=0x7152881340
03-06 21:05:58.477 27795 28825 I BufferQueueProducer: [SurfaceTexture-0-27795-1](this:0x7152bd5000,id:1,api:3,p:27795,c:27795) queueBuffer: slot 2 is dropped, handle=0x71528814c0
03-06 21:05:58.503 27795 28825 I BufferQueueProducer: [SurfaceTexture-0-27795-1](this:0x7152bd5000,id:1,api:3,p:27795,c:27795) queueBuffer: slot 3 is dropped, handle=0x7152881580
03-06 21:05:58.536 27795 28825 I BufferQueueProducer: [SurfaceTexture-0-27795-1](this:0x7152bd5000,id:1,api:3,p:27795,c:27795) queueBuffer: slot 1 is dropped, handle=0x7152881400
03-06 21:05:58.567 27795 28825 I BufferQueueProducer: [SurfaceTexture-0-27795-1](this:0x7152bd5000,id:1,api:3,p:27795,c:27795) queueBuffer: slot 7 is dropped, handle=0x7152881880
03-06 21:05:58.607 27795 28825 I BufferQueueProducer: [SurfaceTexture-0-27795-1](this:0x7152bd5000,id:1,api:3,p:27795,c:27795) queueBuffer: slot 5 is dropped, handle=0x7152881700
03-06 21:05:58.634 27795 28825 I BufferQueueProducer: [SurfaceTexture-0-27795-1](this:0x7152bd5000,id:1,api:3,p:27795,c:27795) queueBuffer: slot 6 is dropped, handle=0x71528817c0
03-06 21:05:58.675 27795 28825 I BufferQueueProducer: [SurfaceTexture-0-27795-1](this:0x7152bd5000,id:1,api:3,p:27795,c:27795) queueBuffer: slot 0 is dropped, handle=0x7152881340
03-06 21:05:58.706 27795 28825 I BufferQueueProducer: [SurfaceTexture-0-27795-1](this:0x7152bd5000,id:1,api:3,p:27795,c:27795) queueBuffer: slot 2 is dropped, handle=0x71528814c0
03-06 21:05:58.730 27795 28825 I BufferQueueProducer: [SurfaceTexture-0-27795-1](this:0x7152bd5000,id:1,api:3,p:27795,c:27795) queueBuffer: slot 3 is dropped, handle=0x7152881580
03-06 21:05:58.773 27795 28825 I BufferQueueProducer: [SurfaceTexture-0-27795-1](this:0x7152bd5000,id:1,api:3,p:27795,c:27795) queueBuffer: slot 1 is dropped, handle=0x7152881400
03-06 21:05:58.805 27795 28825 I BufferQueueProducer: [SurfaceTexture-0-27795-1](this:0x7152bd5000,id:1,api:3,p:27795,c:27795) queueBuffer: slot 7 is dropped, handle=0x7152881880
03-06 21:05:58.835 27795 28825 I BufferQueueProducer: [SurfaceTexture-0-27795-1](this:0x7152bd5000,id:1,api:3,p:27795,c:27795) queueBuffer: slot 5 is dropped, handle=0x7152881700
03-06 21:05:58.870 27795 28825 I BufferQueueProducer: [SurfaceTexture-0-27795-1](this:0x7152bd5000,id:1,api:3,p:27795,c:27795) queueBuffer: slot 6 is dropped, handle=0x71528817c0
03-06 21:05:58.912 27795 28825 I BufferQueueProducer: [SurfaceTexture-0-27795-1](this:0x7152bd5000,id:1,api:3,p:27795,c:27795) queueBuffer: slot 0 is dropped, handle=0x7152881340
03-06 21:05:58.937 27795 28825 I BufferQueueProducer: [SurfaceTexture-0-27795-1](this:0x7152bd5000,id:1,api:3,p:27795,c:27795) queueBuffer: slot 2 is dropped, handle=0x71528814c0
03-06 21:05:58.970 27795 28825 I BufferQueueProducer: [SurfaceTexture-0-27795-1](this:0x7152bd5000,id:1,api:3,p:27795,c:27795) queueBuffer: slot 3 is dropped, handle=0x7152881580
03-06 21:05:59.003 27795 28825 I BufferQueueProducer: [SurfaceTexture-0-27795-1](this:0x7152bd5000,id:1,api:3,p:27795,c:27795) queueBuffer: slot 1 is dropped, handle=0x7152881400
03-06 21:05:59.039 27795 28825 I BufferQueueProducer: [SurfaceTexture-0-27795-1](this:0x7152bd5000,id:1,api:3,p:27795,c:27795) queueBuffer: slot 7 is dropped, handle=0x7152881880
03-06 21:05:59.075 27795 28825 I BufferQueueProducer: [SurfaceTexture-0-27795-1](this:0x7152bd5000,id:1,api:3,p:27795,c:27795) queueBuffer: slot 5 is dropped, handle=0x7152881700
03-06 21:05:59.108 27795 28825 I BufferQueueProducer: [SurfaceTexture-0-27795-1](this:0x7152bd5000,id:1,api:3,p:27795,c:27795) queueBuffer: slot 6 is dropped, handle=0x71528817c0
03-06 21:05:59.140 27795 28825 I BufferQueueProducer: [SurfaceTexture-0-27795-1](this:0x7152bd5000,id:1,api:3,p:27795,c:27795) queueBuffer: slot 0 is dropped, handle=0x7152881340
03-06 21:05:59.165 27795 28825 I BufferQueueProducer: [SurfaceTexture-0-27795-1](this:0x7152bd5000,id:1,api:3,p:27795,c:27795) queueBuffer: slot 2 is dropped, handle=0x71528814c0
03-06 21:05:59.214 27795 28825 I BufferQueueProducer: [SurfaceTexture-0-27795-1](this:0x7152bd5000,id:1,api:3,p:27795,c:27795) queueBuffer: slot 3 is dropped, handle=0x7152881580
03-06 21:05:59.240 27795 28825 I BufferQueueProducer: [SurfaceTexture-0-27795-1](this:0x7152bd5000,id:1,api:3,p:27795,c:27795) queueBuffer: slot 1 is dropped, handle=0x7152881400
03-06 21:05:59.240 27795 28825 I BufferQueueProducer: [SurfaceTexture-0-27795-1](this:0x7152bd5000,id:1,api:3,p:27795,c:27795) queueBuffer: fps=29.93 dur=1002.21 max=48.33 min=17.57
03-06 21:05:59.277 27795 28825 I BufferQueueProducer: [SurfaceTexture-0-27795-1](this:0x7152bd5000,id:1,api:3,p:27795,c:27795) queueBuffer: slot 7 is dropped, handle=0x7152881880
03-06 21:05:59.312 27795 28825 I BufferQueueProducer: [SurfaceTexture-0-27795-1](this:0x7152bd5000,id:1,api:3,p:27795,c:27795) queueBuffer: slot 5 is dropped, handle=0x7152881700
03-06 21:05:59.341 27795 28825 I BufferQueueProducer: [SurfaceTexture-0-27795-1](this:0x7152bd5000,id:1,api:3,p:27795,c:27795) queueBuffer: slot 6 is dropped, handle=0x71528817c0
03-06 21:05:59.374 27795 28825 I BufferQueueProducer: [SurfaceTexture-0-27795-1](this:0x7152bd5000,id:1,api:3,p:27795,c:27795) queueBuffer: slot 0 is dropped, handle=0x7152881340
03-06 21:05:59.404 27795 28825 I BufferQueueProducer: [SurfaceTexture-0-27795-1](this:0x7152bd5000,id:1,api:3,p:27795,c:27795) queueBuffer: slot 2 is dropped, handle=0x71528814c0
03-06 21:05:59.442 27795 28825 I BufferQueueProducer: [SurfaceTexture-0-27795-1](this:0x7152bd5000,id:1,api:3,p:27795,c:27795) queueBuffer: slot 3 is dropped, handle=0x7152881580
03-06 21:05:59.476 27795 28825 I BufferQueueProducer: [SurfaceTexture-0-27795-1](this:0x7152bd5000,id:1,api:3,p:27795,c:27795) queueBuffer: slot 1 is dropped, handle=0x7152881400
03-06 21:05:59.507 27795 28825 I BufferQueueProducer: [SurfaceTexture-0-27795-1](this:0x7152bd5000,id:1,api:3,p:27795,c:27795) queueBuffer: slot 7 is dropped, handle=0x7152881880
03-06 21:05:59.534 27795 28825 I BufferQueueProducer: [SurfaceTexture-0-27795-1](this:0x7152bd5000,id:1,api:3,p:27795,c:27795) queueBuffer: slot 5 is dropped, handle=0x7152881700
03-06 21:05:59.568 27795 28825 I BufferQueueProducer: [SurfaceTexture-0-27795-1](this:0x7152bd5000,id:1,api:3,p:27795,c:27795) queueBuffer: slot 6 is dropped, handle=0x71528817c0
03-06 21:05:59.602 27795 28825 I BufferQueueProducer: [SurfaceTexture-0-27795-1](this:0x7152bd5000,id:1,api:3,p:27795,c:27795) queueBuffer: slot 0 is dropped, handle=0x7152881340
03-06 21:05:59.642 27795 28825 I BufferQueueProducer: [SurfaceTexture-0-27795-1](this:0x7152bd5000,id:1,api:3,p:27795,c:27795) queueBuffer: slot 2 is dropped, handle=0x71528814c0
03-06 21:05:59.672 27795 28825 I BufferQueueProducer: [SurfaceTexture-0-27795-1](this:0x7152bd5000,id:1,api:3,p:27795,c:27795) queueBuffer: slot 3 is dropped, handle=0x7152881580
03-06 21:05:59.714 27795 28825 I BufferQueueProducer: [SurfaceTexture-0-27795-1](this:0x7152bd5000,id:1,api:3,p:27795,c:27795) queueBuffer: slot 1 is dropped, handle=0x7152881400
03-06 21:05:59.738 27795 28825 I BufferQueueProducer: [SurfaceTexture-0-27795-1](this:0x7152bd5000,id:1,api:3,p:27795,c:27795) queueBuffer: slot 7 is dropped, handle=0x7152881880
03-06 21:05:59.772 27795 28825 I BufferQueueProducer: [SurfaceTexture-0-27795-1](this:0x7152bd5000,id:1,api:3,p:27795,c:27795) queueBuffer: slot 5 is dropped, handle=0x7152881700
03-06 21:05:59.804 27795 28825 I BufferQueueProducer: [SurfaceTexture-0-27795-1](this:0x7152bd5000,id:1,api:3,p:27795,c:27795) queueBuffer: slot 6 is dropped, handle=0x71528817c0
03-06 21:05:59.843 27795 28825 I BufferQueueProducer: [SurfaceTexture-0-27795-1](this:0x7152bd5000,id:1,api:3,p:27795,c:27795) queueBuffer: slot 0 is dropped, handle=0x7152881340
03-06 21:05:59.875 27795 28825 I BufferQueueProducer: [SurfaceTexture-0-27795-1](this:0x7152bd5000,id:1,api:3,p:27795,c:27795) queueBuffer: slot 2 is dropped, handle=0x71528814c0
03-06 21:05:59.907 27795 28825 I BufferQueueProducer: [SurfaceTexture-0-27795-1](this:0x7152bd5000,id:1,api:3,p:27795,c:27795) queueBuffer: slot 3 is dropped, handle=0x7152881580
03-06 21:05:59.938 27795 28825 I BufferQueueProducer: [SurfaceTexture-0-27795-1](this:0x7152bd5000,id:1,api:3,p:27795,c:27795) queueBuffer: slot 1 is dropped, handle=0x7152881400
03-06 21:05:59.969 27795 28825 I BufferQueueProducer: [SurfaceTexture-0-27795-1](this:0x7152bd5000,id:1,api:3,p:27795,c:27795) queueBuffer: slot 7 is dropped, handle=0x7152881880
03-06 21:06:00.002 27795 28825 I BufferQueueProducer: [SurfaceTexture-0-27795-1](this:0x7152bd5000,id:1,api:3,p:27795,c:27795) queueBuffer: slot 5 is dropped, handle=0x7152881700
03-06 21:06:00.040 27795 28825 I BufferQueueProducer: [SurfaceTexture-0-27795-1](this:0x7152bd5000,id:1,api:3,p:27795,c:27795) queueBuffer: slot 6 is dropped, handle=0x71528817c0
03-06 21:06:00.070 27795 28825 I BufferQueueProducer: [SurfaceTexture-0-27795-1](this:0x7152bd5000,id:1,api:3,p:27795,c:27795) queueBuffer: slot 0 is dropped, handle=0x7152881340
03-06 21:06:00.100 27795 28825 I BufferQueueProducer: [SurfaceTexture-0-27795-1](this:0x7152bd5000,id:1,api:3,p:27795,c:27795) queueBuffer: slot 2 is dropped, handle=0x71528814c0
03-06 21:06:00.135 27795 28825 I BufferQueueProducer: [SurfaceTexture-0-27795-1](this:0x7152bd5000,id:1,api:3,p:27795,c:27795) queueBuffer: slot 3 is dropped, handle=0x7152881580
03-06 21:06:00.167 27795 28825 I BufferQueueProducer: [SurfaceTexture-0-27795-1](this:0x7152bd5000,id:1,api:3,p:27795,c:27795) queueBuffer: slot 1 is dropped, handle=0x7152881400
03-06 21:06:00.202 27795 28825 I BufferQueueProducer: [SurfaceTexture-0-27795-1](this:0x7152bd5000,id:1,api:3,p:27795,c:27795) queueBuffer: slot 7 is dropped, handle=0x7152881880
03-06 21:06:00.236 27795 28825 I BufferQueueProducer: [SurfaceTexture-0-27795-1](this:0x7152bd5000,id:1,api:3,p:27795,c:27795) queueBuffer: slot 5 is dropped, handle=0x7152881700
03-06 21:06:00.274 27795 28825 I BufferQueueProducer: [SurfaceTexture-0-27795-1](this:0x7152bd5000,id:1,api:3,p:27795,c:27795) queueBuffer: slot 6 is dropped, handle=0x71528817c0
03-06 21:06:00.274 27795 28825 I BufferQueueProducer: [SurfaceTexture-0-27795-1](this:0x7152bd5000,id:1,api:3,p:27795,c:27795) queueBuffer: fps=29.97 dur=1034.51 max=41.54 min=24.56
03-06 21:06:00.297 27795 28825 I BufferQueueProducer: [SurfaceTexture-0-27795-1](this:0x7152bd5000,id:1,api:3,p:27795,c:27795) queueBuffer: slot 0 is dropped, handle=0x7152881340
03-06 21:06:00.350 27795 28825 I BufferQueueProducer: [SurfaceTexture-0-27795-1](this:0x7152bd5000,id:1,api:3,p:27795,c:27795) queueBuffer: slot 2 is dropped, handle=0x71528814c0
