--------- beginning of system
03-06 00:09:54.766  4565  4565 W ViewRootImpl[SettingsActivity]: Dropping event due to no window focus: MotionEvent { action=ACTION_DOWN, actionButton=0, id[0]=0, x[0]=437.0, y[0]=561.0, toolType[0]=TOOL_TYPE_FINGER, buttonState=0, metaState=0, flags=0x0, edgeFlags=0x0, pointerCount=1, historySize=0, eventTime=1555454, downTime=1555454, deviceId=1, source=0x1002 }
03-06 00:09:54.790  4565  4565 W ViewRootImpl[SettingsActivity]: Dropping event due to no window focus: MotionEvent { action=ACTION_MOVE, actionButton=0, id[0]=0, x[0]=437.0, y[0]=561.0, toolType[0]=TOOL_TYPE_FINGER, buttonState=0, metaState=0, flags=0x0, edgeFlags=0x0, pointerCount=1, historySize=0, eventTime=1555474, downTime=1555454, deviceId=1, source=0x1002 }
03-06 00:09:54.825  4565  4565 W ViewRootImpl[SettingsActivity]: Dropping event due to no window focus: MotionEvent { action=ACTION_MOVE, actionButton=0, id[0]=0, x[0]=423.9644, y[0]=525.0718, toolType[0]=TOOL_TYPE_FINGER, buttonState=0, metaState=0, flags=0x0, edgeFlags=0x0, pointerCount=1, historySize=1, eventTime=1555512, downTime=1555454, deviceId=1, source=0x1002 }
03-06 00:09:54.843  4565  4565 W ViewRootImpl[SettingsActivity]: Dropping event due to no window focus: MotionEvent { action=ACTION_MOVE, actionButton=0, id[0]=0, x[0]=422.0, y[0]=518.0, toolType[0]=TOOL_TYPE_FINGER, buttonState=0, metaState=0, flags=0x0, edgeFlags=0x0, pointerCount=1, historySize=0, eventTime=1555516, downTime=1555454, deviceId=1, source=0x1002 }
03-06 00:09:54.860  4565  4565 W ViewRootImpl[SettingsActivity]: Dropping event due to no window focus: MotionEvent { action=ACTION_MOVE, actionButton=0, id[0]=0, x[0]=409.0, y[0]=456.0, toolType[0]=TOOL_TYPE_FINGER, buttonState=0, metaState=0, flags=0x0, edgeFlags=0x0, pointerCount=1, historySize=0, eventTime=1555536, downTime=1555454, deviceId=1, source=0x1002 }
03-06 00:09:54.878  4565  4565 W ViewRootImpl[SettingsActivity]: Dropping event due to no window focus: MotionEvent { action=ACTION_MOVE, actionButton=0, id[0]=0, x[0]=403.0, y[0]=373.0, toolType[0]=TOOL_TYPE_FINGER, buttonState=0, metaState=0, flags=0x0, edgeFlags=0x0, pointerCount=1, historySize=0, eventTime=1555557, downTime=1555454, deviceId=1, source=0x1002 }
03-06 00:09:54.896  4565  4565 W ViewRootImpl[SettingsActivity]: Dropping event due to no window focus: MotionEvent { action=ACTION_MOVE, actionButton=0, id[0]=0, x[0]=412.0, y[0]=290.0, toolType[0]=TOOL_TYPE_FINGER, buttonState=0, metaState=0, flags=0x0, edgeFlags=0x0, pointerCount=1, historySize=0, eventTime=1555578, downTime=1555454, deviceId=1, source=0x1002 }
03-06 00:09:54.914  4565  4565 W ViewRootImpl[SettingsActivity]: Dropping event due to no window focus: MotionEvent { action=ACTION_MOVE, actionButton=0, id[0]=0, x[0]=441.16693, y[0]=199.25848, toolType[0]=TOOL_TYPE_FINGER, buttonState=0, metaState=0, flags=0x0, edgeFlags=0x0, pointerCount=1, historySize=1, eventTime=1555599, downTime=1555454, deviceId=1, source=0x1002 }
03-06 00:09:54.927  4565  4565 W ViewRootImpl[SettingsActivity]: Cancelling event due to no window focus: MotionEvent { action=ACTION_CANCEL, actionButton=0, id[0]=0, x[0]=441.16693, y[0]=199.25848, toolType[0]=TOOL_TYPE_FINGER, buttonState=0, metaState=0, flags=0x0, edgeFlags=0x0, pointerCount=1, historySize=0, eventTime=1555618, downTime=1555454, deviceId=1, source=0x1002 }
03-06 00:09:54.927  4565  4565 I chatty  : uid=10102(com.andrerinas.headunitrevived) identical 2 lines
03-06 00:09:54.927  4565  4565 W ViewRootImpl[SettingsActivity]: Cancelling event due to no window focus: MotionEvent { action=ACTION_CANCEL, actionButton=0, id[0]=0, x[0]=441.16693, y[0]=199.25848, toolType[0]=TOOL_TYPE_FINGER, buttonState=0, metaState=0, flags=0x0, edgeFlags=0x0, pointerCount=1, historySize=0, eventTime=1555618, downTime=1555454, deviceId=1, source=0x1002 }
--------- beginning of main
03-06 00:09:59.917  4565  4565 I zygote64: Deoptimizing void z1.h.<init>(z1.h$c) due to JIT inline cache
03-06 00:10:00.036  4565  4565 I zygote64: Deoptimizing int androidx.recyclerview.widget.RecyclerView$p.U(android.view.View) due to JIT inline cache
03-06 00:10:00.359  4565  4565 I zygote64: Deoptimizing void androidx.recyclerview.widget.RecyclerView$w.H(androidx.recyclerview.widget.RecyclerView$f0) due to JIT inline cache
03-06 00:10:00.376  4565  4565 I zygote64: Deoptimizing int androidx.recyclerview.widget.s$b.g(android.view.View) due to JIT inline cache
03-06 00:10:00.376  4565  4565 I zygote64: Deoptimizing int androidx.recyclerview.widget.v.b(androidx.recyclerview.widget.RecyclerView$b0, androidx.recyclerview.widget.s, android.view.View, android.view.View, androidx.recyclerview.widget.RecyclerView$p, boolean, boolean) due to JIT inline cache
03-06 00:10:01.037  4565  4565 I CAR.HU.J: [2] p.onReceive | USB Intent: Intent { act=android.hardware.usb.action.USB_DEVICE_ATTACHED flg=0x11000010 (has extras) }
03-06 00:10:01.038  4565  4565 I CAR.HU.J: [2] p.onReceive | USB Intent: Intent { act=android.hardware.usb.action.USB_DEVICE_ATTACHED flg=0x11000010 (has extras) }
03-06 00:10:03.613  4565  4565 I zygote64: Deoptimizing int n.g.f(java.lang.Object) due to JIT same target
03-06 00:10:03.633  4565  4565 I zygote64: Deoptimizing java.lang.CharSequence e0.e.filter(java.lang.CharSequence, int, int, android.text.Spanned, int, int) due to JIT inline cache
03-06 00:10:03.634  4565  4565 I zygote64: Deoptimizing java.lang.CharSequence e0.j.getTransformation(java.lang.CharSequence, android.view.View) due to JIT inline cache
03-06 00:10:03.645  4565  4565 I zygote64: Deoptimizing android.view.View androidx.appcompat.app.g0.r(android.view.View, java.lang.String, android.content.Context, android.util.AttributeSet, boolean, boolean, boolean, boolean) due to JIT inline cache
03-06 00:10:03.710  4565  4565 I zygote64: Deoptimizing void androidx.appcompat.widget.ContentFrameLayout.onMeasure(int, int) due to JIT same target
03-06 00:10:07.009  4565  5223 D HWUIExtension: MTKProgramCache.generateProgram: 562984313159681
03-06 00:10:07.009  4565  5223 D HWUIExtension: createProgram 0x0002000800000001, binary 0x77baea7600, length 11727, format 37168 within 491ns
03-06 00:10:11.222  4565  4565 I CAR.HU.J: [2] HomeFragment.onResume | HomeFragment: onResume. isConnected=false
03-06 00:10:11.242  4565  4565 D Surface : Surface::allocateBuffers(this=0x77a5b79000)
03-06 00:10:11.246  4565  5223 D Surface : Surface::connect(this=0x77a5b79000,api=1)
03-06 00:10:11.343  4565  5223 D Surface : Surface::disconnect(this=0x77a2717000,api=1)
03-06 00:10:11.344  4565  5223 D OpenGLRenderer: endAllActiveAnimators on 0x77a277a800 (RippleDrawable) with handle 0x77a71fe5e0
03-06 00:10:11.590  4565  4565 I zygote64: Deoptimizing void kotlin.coroutines.jvm.internal.a.resumeWith(java.lang.Object) due to JIT same target
03-06 00:10:11.597  4565  4565 D View    : [Warning] assignParent to null: this = DecorView@113dc1e[SettingsActivity]
03-06 00:10:11.606  4565  4565 D WindowClient: Remove from mViews: DecorView@113dc1e[SettingsActivity], this = android.view.WindowManagerGlobal@86a55bc
03-06 00:10:11.714  4565  4565 I CAR.HU.J: [2] p.onReceive | USB Intent: Intent { act=android.hardware.usb.action.USB_DEVICE_DETACHED flg=0x1000010 (has extras) }
03-06 00:10:11.714  4565  4565 I CAR.HU.J: [2] p.onReceive | USB Intent: Intent { act=android.hardware.usb.action.USB_DEVICE_DETACHED flg=0x1000010 (has extras) }
03-06 00:10:12.194  4565  4565 I zygote64: Deoptimizing android.util.TypedValue v1.b.a(android.content.Context, int) due to JIT inline cache
03-06 00:10:12.205  4565  4565 I zygote64: Deoptimizing android.graphics.Typeface androidx.core.content.res.h.m(android.content.Context, int, android.util.TypedValue, int, androidx.core.content.res.h$f, android.os.Handler, boolean, boolean) due to JIT inline cache
03-06 00:10:12.246  4565  4565 I CAR.HU.J: [2] p.onReceive | USB Intent: Intent { act=android.hardware.usb.action.USB_DEVICE_ATTACHED flg=0x11000010 (has extras) }
03-06 00:10:12.247  4565  4565 I CAR.HU.J: [2] p.onReceive | USB Intent: Intent { act=android.hardware.usb.action.USB_DEVICE_ATTACHED flg=0x11000010 (has extras) }
03-06 00:10:12.267  4565  4565 I zygote64: Deoptimizing androidx.recyclerview.widget.RecyclerView$f0 androidx.recyclerview.widget.RecyclerView$w.N(int, boolean, long) due to JIT inline cache
03-06 00:10:19.875  4565  4565 I CAR.HU.J: [2] n.c | Success controlTransfer len: 2  acc_ver: 2
03-06 00:10:19.876  4565  4565 I CAR.HU.J: [2] n.c | acc_ver: 2
03-06 00:10:19.877  4565  4565 I CAR.HU.J: [2] n.b | Success controlTransfer len: 7  index: 0  string: "Android"
03-06 00:10:19.878  4565  4565 I CAR.HU.J: [2] n.b | Success controlTransfer len: 12  index: 1  string: "Android Auto"
03-06 00:10:19.879  4565  4565 I CAR.HU.J: [2] n.b | Success controlTransfer len: 12  index: 2  string: "Android Auto"
03-06 00:10:19.880  4565  4565 I CAR.HU.J: [2] n.b | Success controlTransfer len: 5  index: 3  string: "2.0.1"
03-06 00:10:19.882  4565  4565 I CAR.HU.J: [2] n.b | Success controlTransfer len: 45  index: 4  string: "https://developer.android.com/auto/index.html"
03-06 00:10:19.883  4565  4565 I CAR.HU.J: [2] n.b | Success controlTransfer len: 12  index: 5  string: "HU-AAAAAA001"
03-06 00:10:19.884  4565  4565 I CAR.HU.J: [2] n.c | Sending acc start
03-06 00:10:19.885  4565  4565 I CAR.HU.J: [2] n.c | Acc start sent (len=0). Waiting for re-enumeration...
03-06 00:10:20.385  4565  4565 D UsbDeviceConnectionJNI: close
03-06 00:10:20.386  4565  4565 I CAR.HU.J: [2] n.a | Result: true
03-06 00:10:20.394  4565  4565 I zygote64: Deoptimizing boolean androidx.core.view.r0$h.i(android.view.View) due to JIT inline cache
03-06 00:10:20.418  4565  4565 I CAR.HU.J: [2] p.onReceive | USB Intent: Intent { act=android.hardware.usb.action.USB_DEVICE_DETACHED flg=0x1000010 (has extras) }
03-06 00:10:20.419  4565  4565 I CAR.HU.J: [2] p.onReceive | USB Intent: Intent { act=android.hardware.usb.action.USB_DEVICE_DETACHED flg=0x1000010 (has extras) }
03-06 00:10:20.422  4565  4565 D WindowClient: Add to mViews: android.widget.LinearLayout{76ab278 V.E...... ......I. 0,0-0,0}, this = android.view.WindowManagerGlobal@86a55bc
03-06 00:10:20.424  4565  4565 D ViewRootImpl[Toast]: hardware acceleration = true , fakeHwAccelerated = false, sRendererDisabled = false, forceHwAccelerated = false, sSystemRendererDisabled = false
03-06 00:10:20.472  4565  5223 D Surface : Surface::connect(this=0x77a59a9000,api=1)
03-06 00:10:20.472  4565  4565 D Surface : Surface::allocateBuffers(this=0x77a59a9000)
03-06 00:10:20.497  4565  4565 I CAR.HU.J: [2] p.onReceive | USB Intent: Intent { act=android.hardware.usb.action.USB_DEVICE_ATTACHED flg=0x11000010 (has extras) }
03-06 00:10:20.498  4565  4565 I CAR.HU.J: [2] AapService.onUsbAttach | USB accessory device attached, connecting.
03-06 00:10:20.534  4565  4565 I CAR.HU.J: [2] AapService.o | Found device already in accessory mode: Google 18D1:2D00
03-06 00:10:20.536  4565  4565 I CAR.HU.J: [2] p.onReceive | USB Intent: Intent { act=android.hardware.usb.action.USB_DEVICE_ATTACHED flg=0x11000010 (has extras) }
03-06 00:10:20.587  4565  4565 I zygote64: Deoptimizing h2.g h2.g$a$a.a(h2.g, h2.g$b) due to JIT inline cache
03-06 00:10:20.592  4565  5515 I CAR.HU.J: [269] m.m | Established connection: android.hardware.usb.UsbDeviceConnection@39c098e
03-06 00:10:20.593  4565  5515 I CAR.HU.J: [269] m.m | interfaceCount: 1
03-06 00:10:20.594  4565  5515 I CAR.HU.J: [269] m.j | Check accessory endpoints
03-06 00:10:20.596  4565  5515 I CAR.HU.J: [269] m.j | Connected have EPs
03-06 00:10:20.706  4565  5515 I CAR.HU.J: [269] p0.<init> | Using Java SSL implementation
03-06 00:10:20.707  4565  5515 I CAR.HU.J: [269] p0.z | Start Aap transport handshake for x0.m@9d3309a
03-06 00:10:20.880  4565  4565 I CAR.HU.J: [2] AapProjectionActivity.onCreate | HeadUnit for Android Auto (tm) - Copyright 2011-2015 Michael A. Reid., since 2025 André Rinas All Rights Reserved...
03-06 00:10:20.881  4565  4565 I CAR.HU.J: [2] AapProjectionActivity.onCreate | Using TextureView
03-06 00:10:20.883  4565  4565 I CAR.HU.J: [2] g.p | CarScreen: usable width: 1280 height: 720 (Raw: 1280x720, Insets: L0 T0 R0 B0)
03-06 00:10:20.885  4565  4565 I CAR.HU.J: [2] g.p | CarScreen isSmallScreen: true, scaleFactor: 1.0
03-06 00:10:20.887  4565  4565 I CAR.HU.J: [2] g.p | CarScreen using: _1280x720, number: 2, scales: scaleX: 1.0, scaleY: 1.0
03-06 00:10:20.903  4565  4565 I CAR.HU.J: [2] AapProjectionActivity.onResume | AapProjectionActivity: onResume
03-06 00:10:20.908  4565  4565 D WindowClient: Add to mViews: DecorView@f41f7b[AapProjectionActivity], this = android.view.WindowManagerGlobal@86a55bc
03-06 00:10:20.909  4565  4565 D ViewRootImpl[AapProjectionActivity]: hardware acceleration = true , fakeHwAccelerated = false, sRendererDisabled = false, forceHwAccelerated = false, sSystemRendererDisabled = false
03-06 00:10:20.965  4565  4565 D Surface : Surface::allocateBuffers(this=0x77a2495000)
03-06 00:10:20.965  4565  5223 D Surface : Surface::connect(this=0x77a2495000,api=1)
03-06 00:10:20.973  4565  5223 D Surface : Surface::disconnect(this=0x77a5b79000,api=1)
03-06 00:10:20.999  4565  4565 D TextureView: getHardwareLayer, createNewSurface:true
03-06 00:10:21.000  4565  4565 I BufferQueue: [unnamed-4565-3](this:0x77a6310800,id:3,api:0,p:-1,c:-1) BufferQueue core=(4565:com.andrerinas.headunitrevived)
03-06 00:10:21.000  4565  4565 W GuiExt  : Cannot find GuiExtService
03-06 00:10:21.000  4565  4565 I BufferQueueConsumer: [unnamed-4565-3](this:0x77a6310800,id:3,api:0,p:-1,c:4565) connect(C): consumer=(4565:com.andrerinas.headunitrevived) controlledByApp=true
03-06 00:10:21.000  4565  4565 I BufferQueueConsumer: [unnamed-4565-3](this:0x77a6310800,id:3,api:0,p:-1,c:4565) setConsumerName: unnamed-4565-3
03-06 00:10:21.001  4565  4565 I BufferQueueConsumer: [SurfaceTexture-0-4565-3](this:0x77a6310800,id:3,api:0,p:-1,c:4565) setConsumerName: SurfaceTexture-0-4565-3
03-06 00:10:21.001  4565  4565 I BufferQueueConsumer: [SurfaceTexture-0-4565-3](this:0x77a6310800,id:3,api:0,p:-1,c:4565) setDefaultBufferSize: width=1280 height=720
03-06 00:10:21.001  4565  4565 D OpenGLRenderer: 0x77a7163080 setSurfaceTexture: 0x0 to 0x77a5a63c00
03-06 00:10:21.002  4565  4565 I CAR.HU.J: [2] i.onSurfaceTextureAvailable | TextureProjectionView: Surface available: 1280x720
03-06 00:10:21.004  4565  4565 I CAR.HU.J: [2] AapProjectionActivity.d | [AapProjectionActivity] onSurfaceCreated
03-06 00:10:21.007  4565  4565 I CAR.HU.J: [2] AapProjectionActivity.b | [AapProjectionActivity] onSurfaceChanged. Actual surface dimensions: width=1280, height=720
03-06 00:10:21.008  4565  4565 I CAR.HU.J: [2] a0.o | New surface set: Surface(name=android.graphics.SurfaceTexture@60f3bf8)/@0x29248d1
03-06 00:10:21.009  4565  4565 I CAR.HU.J: [2] AapProjectionActivity.b | [AapProjectionActivity] Decoder already has dimensions: 1280x736. Applying to view.
03-06 00:10:21.011  4565  4565 I CAR.HU.J: [2] i.a | TextureProjectionView
03-06 00:10:21.013  4565  4565 I CAR.HU.J: [2] g.p | CarScreen: usable width: 1280 height: 720 (Raw: 1280x720, Insets: L0 T0 R0 B0)
03-06 00:10:21.013  4565  5515 D CAR.HU.J: [269] p0.k | Handshake: Starting version request. TS: 6601400
03-06 00:10:21.014  4565  5515 D CAR.HU.J: [269] p0.k | Handshake: Version request sent. ret: 10. attempt: 1. TS: 6601401
03-06 00:10:21.014  4565  4565 I CAR.HU.J: [2] g.p | CarScreen isSmallScreen: true, scaleFactor: 1.0
03-06 00:10:21.015  4565  5515 D CAR.HU.J: [269] p0.k | Handshake: Waiting for version response. TS: 6601401
03-06 00:10:21.016  4565  4565 I CAR.HU.J: [2] g.p | CarScreen using: _1280x720, number: 2, scales: scaleX: 1.0, scaleY: 1.0
03-06 00:10:21.017  4565  4565 I CAR.HU.J: [2] h.a | ProjectionViewScaler: Dimensions: Video: 1280x736, Content: 1280x720, View: 1280x720
03-06 00:10:21.018  4565  4565 I CAR.HU.J: [2] h.a | ProjectionViewScaler: Scale updated for view i. scaleX: 1.0, scaleY: 1.0
03-06 00:10:21.020  4565  4565 I CAR.HU.J: [2] h.a | ProjectionViewScaler: Dimensions: Video: 1280x736, Content: 1280x720, View: 1280x720
03-06 00:10:21.021  4565  4565 I CAR.HU.J: [2] h.a | ProjectionViewScaler: Scale updated for view i. scaleX: 1.0, scaleY: 1.0
03-06 00:10:21.026  4565  5223 I GLConsumer: [SurfaceTexture-0-4565-3] attachToContext
03-06 00:10:21.029  4565  5515 I CAR.HU.J: [269] p0.k | Handshake: Version response received (ret=12, attempt=1).
03-06 00:10:21.030  4565  5515 I CAR.HU.J: [269] p0.k | Handshake: Version response recv ret: 12
03-06 00:10:21.031  4565  5515 D CAR.HU.J: [269] p0.k | Handshake: Starting SSL handshake via performHandshake(). TS: 6601417
03-06 00:10:21.104  4565  5515 I CAR.HU.J: [269] k0.performHandshake | SSL handshake complete. Session id: Z29n45isZKmo2Iyr2PwmPxThTXtMFmJqYrobI+uJ1co=
03-06 00:10:21.105  4565  5515 D CAR.HU.J: [269] p0.k | Handshake: SSL buffers reset after handshake.
03-06 00:10:21.105  4565  5515 D CAR.HU.J: [269] p0.k | Handshake: SSL handshake complete. TS: 6601492
03-06 00:10:21.106  4565  5515 D CAR.HU.J: [269] p0.k | Handshake: Status OK sent. ret: 8. TS: 6601492
03-06 00:10:21.106  4565  5515 I CAR.HU.J: [269] p0.k | Handshake: Status OK sent: 8
03-06 00:10:21.106  4565  5515 D CAR.HU.J: [269] p0.k | Handshake: Handshake successful. TS: 6601493
03-06 00:10:21.152  4565  5515 I CAR.HU.J: [269] j.c | Audio Focus Request: stream=3, type=1
03-06 00:10:21.164  4565  4565 D AudioManager: dispatching onAudioFocusChange(-1) to android.media.AudioManager@27f95efu0.o@753763d
03-06 00:10:21.164  4565  5515 I CAR.HU.J: [269] j.c | Audio focus request result: GRANTED
03-06 00:10:21.165  4565  5515 I CAR.HU.J: [269] p0.C | Start Aap transport read loop
03-06 00:10:21.165  4565  4565 I CAR.HU.J: [2] p.d | Audio Focus async change: STATE_GAIN, system focus change: -1 AUDIOFOCUS_LOSS
03-06 00:10:21.168  4565  4565 I CAR.HU.J: [2] p.d | CONTROL Audio Focus Notification type: 19 flags: 11 size: 8 dataOffset: 6
03-06 00:10:21.169  4565 12187 I CAR.HU.J: [30643] p.h | Service Discovery Request: Android
03-06 00:10:21.170  4565  4565 I CAR.HU.J: [2] p0.r | Cannot send message, handler is null (quitting?)
03-06 00:10:21.172  4565 12187 I CAR.HU.J: [30643] a.b | [ServiceDiscovery] Announcing NIGHT sensor support. Strategy: AUTO
03-06 00:10:21.174  4565 12187 I CAR.HU.J: [30643] a.b | [ServiceDiscovery] NegotiatedResolution is: 1280x720
03-06 00:10:21.175  4565 12187 I CAR.HU.J: [30643] a.b | [ServiceDiscovery] Margins are: 0x0
03-06 00:10:21.179  4565  4565 I CAR.HU.J: [2] f.onReceive | Received request to resend night mode state
03-06 00:10:21.180  4565 12187 I CAR.HU.J: [30643] a.b | BT MAC Address is empty. Skip bluetooth service
03-06 00:10:21.181  4565  4565 I CAR.HU.J: [2] p.invoke | NightMode update: true
03-06 00:10:21.365  4565 12187 I CAR.HU.J: [30643] p.c | Audio Focus Request: RELEASE
03-06 00:10:21.366  4565 12187 I CAR.HU.J: [30643] j.c | Audio Focus Request: stream=3, type=4
03-06 00:10:21.367  4565 12187 I CAR.HU.J: [30643] j.c | Releasing audio focus
03-06 00:10:21.371  4565  4565 D AudioManager: dispatching onAudioFocusChange(1) to android.media.AudioManager@27f95efu0.o@753763d
03-06 00:10:21.372  4565  4565 I CAR.HU.J: [2] p.d | Audio Focus async change: STATE_GAIN, system focus change: 1 AUDIOFOCUS_GAIN
03-06 00:10:21.373  4565  4565 I CAR.HU.J: [2] p.d | CONTROL Audio Focus Notification type: 19 flags: 11 size: 8 dataOffset: 6
03-06 00:10:21.374  4565  4565 I CAR.HU.J: [2] p0.r | Cannot send message, handler is null (quitting?)
03-06 00:10:21.845  4565 12187 W CAR.HU.J: [30643] m.e | Too many read errors, attempting interface reset...
03-06 00:10:21.846  4565 12187 W CAR.HU.J: [30643] m.l | Attempting USB interface soft-reset...
03-06 00:10:21.947  4565 12187 I CAR.HU.J: [30643] m.l | USB interface re-claimed successfully
03-06 00:10:21.947  4565 12187 I CAR.HU.J: [30643] m.j | Check accessory endpoints
03-06 00:10:21.948  4565 12187 I CAR.HU.J: [30643] m.j | Connected have EPs
03-06 00:10:21.956  4565 12187 W CAR.HU.J: [30643] q0.a | AapVideo: Dropped Flag 11 packet. len=4, buf[10]=?
03-06 00:10:21.956  4565 12187 I CAR.HU.J: [30643] m.b | Media Sink Setup Request: 7 on channel VIDEO
03-06 00:10:21.957  4565 12187 I CAR.HU.J: [30643] m.b | Config response: status: HEADUNIT
03-06 00:10:21.957  4565 12187 I CAR.HU.J: max_unacked: 1
03-06 00:10:21.957  4565 12187 I CAR.HU.J: configuration_indices: 0
03-06 00:10:21.962  4565 12187 I CAR.HU.J: [30643] n.b | Sensor Start Request sensor: DRIVING_STATUS, minUpdatePeriod: 0
03-06 00:10:21.963  4565 12187 I CAR.HU.J: [30643] n.b | SENSOR Sensor Start Response type: 32770 flags: 11 size: 8 dataOffset: 6
03-06 00:10:21.965  4565 12187 I CAR.HU.J: [30643] m.b | Media Sink Setup Request: 1 on channel AUDIO2
03-06 00:10:21.967  4565 12187 I CAR.HU.J: [30643] m.b | Config response: status: HEADUNIT
03-06 00:10:21.967  4565 12187 I CAR.HU.J: max_unacked: 3
03-06 00:10:21.967  4565 12187 I CAR.HU.J: configuration_indices: 0
03-06 00:10:21.968  4565 12187 I CAR.HU.J: [30643] m.b | Media Sink Setup Request: 1 on channel AUDIO1
03-06 00:10:21.970  4565 12187 I CAR.HU.J: [30643] m.b | Config response: status: HEADUNIT
03-06 00:10:21.970  4565 12187 I CAR.HU.J: max_unacked: 3
03-06 00:10:21.970  4565 12187 I CAR.HU.J: configuration_indices: 0
03-06 00:10:21.971  4565 12187 I CAR.HU.J: [30643] m.b | Media Sink Setup Request: 1 on channel AUDIO
03-06 00:10:21.973  4565 12187 I CAR.HU.J: [30643] m.b | Config response: status: HEADUNIT
03-06 00:10:21.973  4565 12187 I CAR.HU.J: max_unacked: 3
03-06 00:10:21.973  4565 12187 I CAR.HU.J: configuration_indices: 0
03-06 00:10:21.978  4565 12187 I CAR.HU.J: [30643] n.b | Sensor Start Request sensor: NIGHT, minUpdatePeriod: 0
03-06 00:10:21.979  4565 12187 I CAR.HU.J: [30643] n.b | SENSOR Sensor Start Response type: 32770 flags: 11 size: 8 dataOffset: 6
03-06 00:10:21.979  4565 12187 I CAR.HU.J: [30643] n.b | Night sensor requested. Triggering immediate update.
03-06 00:10:21.980  4565  4565 I CAR.HU.J: [2] AapProjectionActivity.onPause | AapProjectionActivity: onPause
03-06 00:10:21.982  4565  4565 I CAR.HU.J: [2] AapProjectionActivity.onNewIntent | AapProjectionActivity: onNewIntent received
03-06 00:10:21.982  4565  4565 I CAR.HU.J: [2] AapProjectionActivity.onResume | AapProjectionActivity: onResume
03-06 00:10:21.987  4565  4565 I CAR.HU.J: [2] f.onReceive | Received request to resend night mode state
03-06 00:10:21.987  4565  4565 I CAR.HU.J: [2] p.invoke | NightMode update: true
03-06 00:10:22.043  4565 12187 I CAR.HU.J: [30643] p.c | Audio Focus Request: GAIN
03-06 00:10:22.044  4565 12187 I CAR.HU.J: [30643] j.c | Audio Focus Request: stream=3, type=1
03-06 00:10:22.051  4565  4565 D AudioManager: dispatching onAudioFocusChange(-1) to android.media.AudioManager@27f95efu0.o@753763d
03-06 00:10:22.051  4565 12187 I CAR.HU.J: [30643] j.c | Audio focus request result: GRANTED
03-06 00:10:22.051  4565  4565 I CAR.HU.J: [2] p.d | Audio Focus async change: STATE_GAIN, system focus change: -1 AUDIOFOCUS_LOSS
03-06 00:10:22.052  4565 12187 I CAR.HU.J: [30643] p.c | Sending immediate AudioFocusNotification: STATE_GAIN
03-06 00:10:22.052  4565  4565 I CAR.HU.J: [2] p.d | CONTROL Audio Focus Notification type: 19 flags: 11 size: 8 dataOffset: 6
03-06 00:10:22.053  4565  4565 I CAR.HU.J: [2] p0.r | Cannot send message, handler is null (quitting?)
03-06 00:10:22.279  4565 12187 W CAR.HU.J: [30643] q0.a | AapVideo: Dropped Flag 11 packet. len=6, buf[10]=?
03-06 00:10:22.280  4565 12187 I CAR.HU.J: [30643] m.a | RX: Video Focus Request - mode: VIDEO_FOCUS_PROJECTED, reason: UNKNOWN
03-06 00:10:22.393  4565  5223 D Surface : Surface::disconnect(this=0x77a59a9000,api=1)
03-06 00:10:22.394  4565  4565 D View    : [Warning] assignParent to null: this = android.widget.LinearLayout{76ab278 V.E...... ......ID 0,0-225,49}
03-06 00:10:22.410  4565  4565 D WindowClient: Remove from mViews: android.widget.LinearLayout{76ab278 V.E...... ......ID 0,0-225,49}, this = android.view.WindowManagerGlobal@86a55bc
03-06 00:10:22.752  4565 12187 W CAR.HU.J: [30643] m.e | Too many read errors, attempting interface reset...
03-06 00:10:22.752  4565 12187 W CAR.HU.J: [30643] m.l | Attempting USB interface soft-reset...
03-06 00:10:22.853  4565 12187 I CAR.HU.J: [30643] m.l | USB interface re-claimed successfully
03-06 00:10:22.853  4565 12187 I CAR.HU.J: [30643] m.j | Check accessory endpoints
03-06 00:10:22.854  4565 12187 I CAR.HU.J: [30643] m.j | Connected have EPs
03-06 00:10:23.540  4565 12187 W CAR.HU.J: [30643] m.e | Too many read errors, attempting interface reset...
03-06 00:10:23.540  4565 12187 W CAR.HU.J: [30643] m.l | Attempting USB interface soft-reset...
03-06 00:10:23.642  4565 12187 I CAR.HU.J: [30643] m.l | USB interface re-claimed successfully
03-06 00:10:23.643  4565 12187 I CAR.HU.J: [30643] m.j | Check accessory endpoints
03-06 00:10:23.643  4565 12187 I CAR.HU.J: [30643] m.j | Connected have EPs
03-06 00:10:24.724  4565 12187 W CAR.HU.J: [30643] m.e | Too many read errors, attempting interface reset...
03-06 00:10:24.726  4565 12187 W CAR.HU.J: [30643] m.l | Attempting USB interface soft-reset...
03-06 00:10:24.827  4565 12187 I CAR.HU.J: [30643] m.l | USB interface re-claimed successfully
03-06 00:10:24.827  4565 12187 I CAR.HU.J: [30643] m.j | Check accessory endpoints
03-06 00:10:24.828  4565 12187 I CAR.HU.J: [30643] m.j | Connected have EPs
03-06 00:10:24.985  4565  4565 W CAR.HU.J: [2] j.run | Watchdog: No video received. Requesting Keyframe (Unsolicited Focus)...
03-06 00:10:25.003  4565 12187 W CAR.HU.J: [30643] q0.a | AapVideo: Dropped Flag 11 packet. len=6, buf[10]=?
03-06 00:10:25.006  4565 12187 I CAR.HU.J: [30643] m.d | Media Start Request VIDEO: session_id: 0
03-06 00:10:25.006  4565 12187 I CAR.HU.J: configuration_index: 0
03-06 00:10:25.216  4565 12187 I CAR.HU.J: [30643] a0.c | H.265/HEVC config detected in frame (84 bytes)
03-06 00:10:25.221  4565 12210 I OMXClient: Treble IOmx obtained
03-06 00:10:25.226  4565 12187 I CAR.HU.J: [30643] a0.p | Configuring decoder: OMX.MTK.VIDEO.DECODER.HEVC with surface
03-06 00:10:25.227  4565 12209 D SurfaceUtils: connecting to surface 0x77a24d6010, reason connectToSurface
03-06 00:10:25.227  4565 12209 D Surface : Surface::connect(this=0x77a24d6000,api=3)
03-06 00:10:25.227  4565 12209 I BufferQueueProducer: [SurfaceTexture-0-4565-3](this:0x77a6310800,id:3,api:3,p:4565,c:4565) connect(P): api=3 producer=(4565:com.andrerinas.headunitrevived) producerControlledByApp=true
03-06 00:10:25.227  4565 12209 I MediaCodec: [OMX.MTK.VIDEO.DECODER.HEVC] setting surface generation to 4674562
03-06 00:10:25.228  4565 12209 D SurfaceUtils: disconnecting from surface 0x77a24d6010, reason connectToSurface(reconnect)
03-06 00:10:25.228  4565 12209 D Surface : Surface::disconnect(this=0x77a24d6000,api=3)
03-06 00:10:25.228  4565 12209 I BufferQueueProducer: [SurfaceTexture-0-4565-3](this:0x77a6310800,id:3,api:3,p:4565,c:4565) disconnect(P): api 3
03-06 00:10:25.228  4565 12209 D SurfaceUtils: connecting to surface 0x77a24d6010, reason connectToSurface(reconnect)
03-06 00:10:25.228  4565 12209 D Surface : Surface::connect(this=0x77a24d6000,api=3)
03-06 00:10:25.228  4565 12209 I BufferQueueProducer: [SurfaceTexture-0-4565-3](this:0x77a6310800,id:3,api:3,p:4565,c:4565) connect(P): api=3 producer=(4565:com.andrerinas.headunitrevived) producerControlledByApp=true
03-06 00:10:25.231  4565 12210 I ACodec_vilte: setMTKParameters, width: 1280
03-06 00:10:25.231  4565 12210 I ACodec_vilte: setMTKParameters, height: 736
03-06 00:10:25.248  4565 12210 D SurfaceUtils: set up nativeWindow 0x77a24d6010 for 1280x736, color 0x32315679, rotation 0, usage 0x2933
03-06 00:10:25.249  4565 12210 W ACodec  : [OMX.MTK.VIDEO.DECODER.HEVC] setting nBufferCountActual to 7 failed: -22
03-06 00:10:25.249  4565 12210 W ACodec  : [OMX.MTK.VIDEO.DECODER.HEVC] setting nBufferCountActual to 6 failed: -22
03-06 00:10:25.250  4565 12210 D Surface : Surface::setBufferCount(this=0x77a24d6000,bufferCount=5)
03-06 00:10:25.254  4565 12187 I CAR.HU.J: [30643] a0.p | Codec initialized: OMX.MTK.VIDEO.DECODER.HEVC for stream 1280x736
03-06 00:10:25.254  4565 12216 I CAR.HU.J: [30646] a0.k | Output thread started
03-06 00:10:25.255  4565 12210 W GrallocMapperPassthrough: buffer descriptor with invalid usage bits 0x2000
03-06 00:10:25.257  4565 12210 W GrallocMapperPassthrough: buffer descriptor with invalid usage bits 0x2000
03-06 00:10:25.266  4565 12210 D BufferQueueProducer: [SurfaceTexture-0-4565-3](this:0x77a6310800,id:3,api:3,p:4565,c:4565) cancelBuffer: slot 0
03-06 00:10:25.266  4565 12210 D BufferQueueProducer: [SurfaceTexture-0-4565-3](this:0x77a6310800,id:3,api:3,p:4565,c:4565) cancelBuffer: slot 1
03-06 00:10:25.269  4565 12210 D SurfaceUtils: set up nativeWindow 0x77a24d6010 for 1280x736, color 0x32315679, rotation 0, usage 0x2933
03-06 00:10:25.269  4565 12210 W ACodec  : [OMX.MTK.VIDEO.DECODER.HEVC] setting nBufferCountActual to 11 failed: -22
03-06 00:10:25.269  4565 12210 W ACodec  : [OMX.MTK.VIDEO.DECODER.HEVC] setting nBufferCountActual to 10 failed: -22
03-06 00:10:25.269  4565 12210 D Surface : Surface::setBufferCount(this=0x77a24d6000,bufferCount=9)
03-06 00:10:25.273  4565 12210 W GrallocMapperPassthrough: buffer descriptor with invalid usage bits 0x2000
03-06 00:10:25.274  4565 12210 I chatty  : uid=10102(com.andrerinas.headunitrevived) CodecLooper identical 1 line
03-06 00:10:25.276  4565 12210 W GrallocMapperPassthrough: buffer descriptor with invalid usage bits 0x2000
03-06 00:10:25.281  4565 12216 I CAR.HU.J: [30646] a0.i | Output Format Changed: {crop-right=1279, color-format=842094201, slice-height=768, mime=video/raw, hdr-static-info=java.nio.HeapByteBuffer[pos=0 lim=25 cap=25], stride=1280, color-standard=1, color-transfer=3, crop-bottom=719, crop-left=0, width=1280, color-range=2, crop-top=0, height=736}
03-06 00:10:25.284  4565 12210 W GrallocMapperPassthrough: buffer descriptor with invalid usage bits 0x2000
03-06 00:10:25.286  4565 12210 W GrallocMapperPassthrough: buffer descriptor with invalid usage bits 0x2000
03-06 00:10:25.290  4565 12210 I BufferQueueProducer: [SurfaceTexture-0-4565-3](this:0x77a6310800,id:3,api:3,p:4565,c:4565) queueBuffer: slot 0 is dropped, handle=0x77be659540
03-06 00:10:25.292  4565 12210 I BufferQueueProducer: [SurfaceTexture-0-4565-3](this:0x77a6310800,id:3,api:3,p:4565,c:4565) queueBuffer: slot 1 is dropped, handle=0x77be6596c0
03-06 00:10:25.295  4565 12210 I BufferQueueProducer: [SurfaceTexture-0-4565-3](this:0x77a6310800,id:3,api:3,p:4565,c:4565) queueBuffer: slot 2 is dropped, handle=0x77be659d80
03-06 00:10:25.297  4565  5223 W IMGSRV  : IMGeglCreateImageKHR:1111: 1280x736, crop to (0,0)-(1280,720)
03-06 00:10:25.298  4565  5223 I GPUAUX  : [AUX]GPUAUXContext:60: create: 0x77a6f55d70
03-06 00:10:25.299  4565  5223 W IMGSRV  : IMGeglCreateImageKHR:1111: 1280x736, crop to (0,0)-(1280,720)
03-06 00:10:25.296  4565  4565 I RenderThread: type=1400 audit(0.0:46609): avc: denied { call } for scontext=u:r:untrusted_app:s0:c512,c768 tcontext=u:r:mtk_hal_pq:s0 tclass=binder permissive=1
03-06 00:10:25.329  4565 12210 W GrallocMapperPassthrough: buffer descriptor with invalid usage bits 0x2000
03-06 00:10:25.334  4565  5223 W IMGSRV  : IMGeglCreateImageKHR:1111: 1280x736, crop to (0,0)-(1280,720)
03-06 00:10:25.335  4565  5223 W IMGSRV  : IMGeglCreateImageKHR:1111: 1280x736, crop to (0,0)-(1280,720)
03-06 00:10:25.368  4565  5223 W IMGSRV  : IMGeglCreateImageKHR:1111: 1280x736, crop to (0,0)-(1280,720)
03-06 00:10:25.370  4565  5223 W IMGSRV  : IMGeglCreateImageKHR:1111: 1280x736, crop to (0,0)-(1280,720)
03-06 00:10:25.816  4565 12187 W CAR.HU.J: [30643] m.e | Too many read errors, attempting interface reset...
03-06 00:10:25.816  4565 12187 W CAR.HU.J: [30643] m.l | Attempting USB interface soft-reset...
03-06 00:10:25.917  4565 12187 I CAR.HU.J: [30643] m.l | USB interface re-claimed successfully
03-06 00:10:25.918  4565 12187 I CAR.HU.J: [30643] m.j | Check accessory endpoints
03-06 00:10:25.918  4565 12187 I CAR.HU.J: [30643] m.j | Connected have EPs
03-06 00:10:26.105  4565  5223 W IMGSRV  : IMGeglCreateImageKHR:1111: 1280x736, crop to (0,0)-(1280,720)
03-06 00:10:26.140  4565  5223 W IMGSRV  : IMGeglCreateImageKHR:1111: 1280x736, crop to (0,0)-(1280,720)
03-06 00:10:26.158  4565  5223 W IMGSRV  : IMGeglCreateImageKHR:1111: 1280x736, crop to (0,0)-(1280,720)
03-06 00:10:26.192  4565  5223 W IMGSRV  : IMGeglCreateImageKHR:1111: 1280x736, crop to (0,0)-(1280,720)
03-06 00:10:26.228  4565  5223 W IMGSRV  : IMGeglCreateImageKHR:1111: 1280x736, crop to (0,0)-(1280,720)
03-06 00:10:26.287  4565 12210 I BufferQueueProducer: [SurfaceTexture-0-4565-3](this:0x77a6310800,id:3,api:3,p:4565,c:4565) queueBuffer: fps=11.95 dur=1003.89 max=742.19 min=1.65
03-06 00:10:27.297  4565 12210 I BufferQueueProducer: [SurfaceTexture-0-4565-3](this:0x77a6310800,id:3,api:3,p:4565,c:4565) queueBuffer: fps=29.68 dur=1010.78 max=45.03 min=20.40
03-06 00:10:27.972  4565 12210 I BufferQueueProducer: [SurfaceTexture-0-4565-3](this:0x77a6310800,id:3,api:3,p:4565,c:4565) queueBuffer: slot 4 is dropped, handle=0x77be65b1c0
03-06 00:10:27.976  4565 12210 I BufferQueueProducer: [SurfaceTexture-0-4565-3](this:0x77a6310800,id:3,api:3,p:4565,c:4565) queueBuffer: slot 5 is dropped, handle=0x77be65b280
03-06 00:10:28.304  4565 12210 I BufferQueueProducer: [SurfaceTexture-0-4565-3](this:0x77a6310800,id:3,api:3,p:4565,c:4565) queueBuffer: fps=29.80 dur=1006.73 max=103.18 min=3.68
03-06 00:10:28.370  4565 12187 I CAR.HU.J: [30643] m.d | Media Start Request AUDIO: session_id: 0
03-06 00:10:28.370  4565 12187 I CAR.HU.J: configuration_index: 0
03-06 00:10:28.372  4565 12187 I CAR.HU.J: [30643] j.a | AudioDecoder.start: channel=6, stream=3, gain=1.0, sampleRate=48000, numberOfBits=16, numberOfChannels=2, isAac=false
03-06 00:10:28.375  4565 12187 I CAR.HU.J: [30643] s.f | Audio stream: 3 buffer size: 65536 (min: 8192) sampleRateInHz: 48000 channelCount: 2
03-06 00:10:28.376  4565 12187 D AudioTrack: yellowmouse mIsNavi: 0, mIsVoice: 0, mIsBlink:0
03-06 00:10:28.376  4565 12187 D AudioTrack: set: Create AudioTrackThread, tid = 12227
03-06 00:10:28.376  4565 12187 D AudioTrack: yellowmouse createTrack_l mStreamType: -1
03-06 00:10:28.381  4565 12187 D AudioTrack: createTrack_l: 0x77bcd45800, mCblk = 0x779e2aa000, mLatency = 426, mAfLatency = 85, frameCount = 16384, mSampleRate = 48000, mFlags = 0x8, mReqFrameCount = 16384, mNotificationFramesAct = 8192
03-06 00:10:28.384  4565 12187 D AudioTrack: start(): 0x77bcd45800, mState = 1
03-06 00:10:28.749  4565 12210 I BufferQueueProducer: [SurfaceTexture-0-4565-3](this:0x77a6310800,id:3,api:3,p:4565,c:4565) queueBuffer: slot 5 is dropped, handle=0x77be65b280
03-06 00:10:28.865  4565 12210 I BufferQueueProducer: [SurfaceTexture-0-4565-3](this:0x77a6310800,id:3,api:3,p:4565,c:4565) queueBuffer: slot 0 is dropped, handle=0x77be659540
03-06 00:10:29.032  4565 12210 I BufferQueueProducer: [SurfaceTexture-0-4565-3](this:0x77a6310800,id:3,api:3,p:4565,c:4565) queueBuffer: slot 2 is dropped, handle=0x77be659d80
03-06 00:10:29.034  4565 12210 I BufferQueueProducer: [SurfaceTexture-0-4565-3](this:0x77a6310800,id:3,api:3,p:4565,c:4565) queueBuffer: slot 7 is dropped, handle=0x77be65b400
03-06 00:10:29.264  4565 12210 I BufferQueueProducer: [SurfaceTexture-0-4565-3](this:0x77a6310800,id:3,api:3,p:4565,c:4565) queueBuffer: slot 7 is dropped, handle=0x77be65b400
03-06 00:10:29.352  4565 12210 I BufferQueueProducer: [SurfaceTexture-0-4565-3](this:0x77a6310800,id:3,api:3,p:4565,c:4565) queueBuffer: fps=25.76 dur=1048.11 max=160.05 min=2.12
03-06 00:10:30.358  4565 12210 I BufferQueueProducer: [SurfaceTexture-0-4565-3](this:0x77a6310800,id:3,api:3,p:4565,c:4565) queueBuffer: fps=28.84 dur=1005.63 max=136.66 min=2.35
03-06 00:10:31.358  4565 12210 I BufferQueueProducer: [SurfaceTexture-0-4565-3](this:0x77a6310800,id:3,api:3,p:4565,c:4565) queueBuffer: fps=27.99 dur=1000.28 max=111.33 min=21.33
03-06 00:10:32.388  4565 12210 I BufferQueueProducer: [SurfaceTexture-0-4565-3](this:0x77a6310800,id:3,api:3,p:4565,c:4565) queueBuffer: fps=30.08 dur=1030.42 max=40.95 min=28.51
03-06 00:10:33.407  4565 12210 I BufferQueueProducer: [SurfaceTexture-0-4565-3](this:0x77a6310800,id:3,api:3,p:4565,c:4565) queueBuffer: fps=29.47 dur=1017.81 max=44.79 min=24.26
03-06 00:10:34.422  4565 12210 I BufferQueueProducer: [SurfaceTexture-0-4565-3](this:0x77a6310800,id:3,api:3,p:4565,c:4565) queueBuffer: fps=30.53 dur=1015.54 max=42.56 min=17.73
03-06 00:10:35.426  4565 12210 I BufferQueueProducer: [SurfaceTexture-0-4565-3](this:0x77a6310800,id:3,api:3,p:4565,c:4565) queueBuffer: fps=29.89 dur=1003.81 max=40.90 min=28.34
03-06 00:10:36.454  4565 12210 I BufferQueueProducer: [SurfaceTexture-0-4565-3](this:0x77a6310800,id:3,api:3,p:4565,c:4565) queueBuffer: fps=30.14 dur=1028.64 max=46.22 min=26.46
03-06 00:10:37.456  4565 12210 I BufferQueueProducer: [SurfaceTexture-0-4565-3](this:0x77a6310800,id:3,api:3,p:4565,c:4565) queueBuffer: fps=29.95 dur=1001.69 max=39.36 min=25.76
03-06 00:10:38.462  4565 12210 I BufferQueueProducer: [SurfaceTexture-0-4565-3](this:0x77a6310800,id:3,api:3,p:4565,c:4565) queueBuffer: fps=29.83 dur=1005.54 max=38.60 min=25.57
03-06 00:10:39.489  4565 12210 I BufferQueueProducer: [SurfaceTexture-0-4565-3](this:0x77a6310800,id:3,api:3,p:4565,c:4565) queueBuffer: fps=30.17 dur=1027.39 max=39.29 min=24.91
03-06 00:10:40.495  4565 12210 I BufferQueueProducer: [SurfaceTexture-0-4565-3](this:0x77a6310800,id:3,api:3,p:4565,c:4565) queueBuffer: fps=29.83 dur=1005.61 max=48.09 min=15.01
03-06 00:10:41.191  4565  4565 I CAR.HU.J: [2] AapProjectionActivity.onPause | AapProjectionActivity: onPause
03-06 00:10:41.225  4565 12210 I BufferQueueProducer: [SurfaceTexture-0-4565-3](this:0x77a6310800,id:3,api:3,p:4565,c:4565) queueBuffer: slot 5 is dropped, handle=0x77be65b280
03-06 00:10:41.327  4565 12210 I BufferQueueProducer: [SurfaceTexture-0-4565-3](this:0x77a6310800,id:3,api:3,p:4565,c:4565) queueBuffer: slot 0 is dropped, handle=0x77be659540
03-06 00:10:41.472  4565  5223 I GLConsumer: [SurfaceTexture-0-4565-3] detachFromContext
03-06 00:10:41.473  4565  5223 I GPUAUX  : [AUX]~GPUAUXContext:68: destory: 0x77a6f55d70
03-06 00:10:41.476  4565  5223 D Surface : Surface::disconnect(this=0x77a2495000,api=1)
03-06 00:10:41.495  4565 12210 I BufferQueueProducer: [SurfaceTexture-0-4565-3](this:0x77a6310800,id:3,api:3,p:4565,c:4565) queueBuffer: slot 1 is dropped, handle=0x77be6596c0
03-06 00:10:41.496  4565 12210 I BufferQueueProducer: [SurfaceTexture-0-4565-3](this:0x77a6310800,id:3,api:3,p:4565,c:4565) queueBuffer: fps=29.97 dur=1001.09 max=39.46 min=25.45
03-06 00:10:41.534  4565 12210 I BufferQueueProducer: [SurfaceTexture-0-4565-3](this:0x77a6310800,id:3,api:3,p:4565,c:4565) queueBuffer: slot 4 is dropped, handle=0x77be65b1c0
03-06 00:10:41.567  4565 12210 I BufferQueueProducer: [SurfaceTexture-0-4565-3](this:0x77a6310800,id:3,api:3,p:4565,c:4565) queueBuffer: slot 0 is dropped, handle=0x77be659540
03-06 00:10:41.602  4565 12210 I BufferQueueProducer: [SurfaceTexture-0-4565-3](this:0x77a6310800,id:3,api:3,p:4565,c:4565) queueBuffer: slot 3 is dropped, handle=0x77be65a080
03-06 00:10:41.629  4565 12210 I BufferQueueProducer: [SurfaceTexture-0-4565-3](this:0x77a6310800,id:3,api:3,p:4565,c:4565) queueBuffer: slot 6 is dropped, handle=0x77be65b340
03-06 00:10:41.662  4565 12210 I BufferQueueProducer: [SurfaceTexture-0-4565-3](this:0x77a6310800,id:3,api:3,p:4565,c:4565) queueBuffer: slot 7 is dropped, handle=0x77be65b400
03-06 00:10:41.706  4565 12210 I BufferQueueProducer: [SurfaceTexture-0-4565-3](this:0x77a6310800,id:3,api:3,p:4565,c:4565) queueBuffer: slot 2 is dropped, handle=0x77be659d80
03-06 00:10:41.728  4565 12210 I BufferQueueProducer: [SurfaceTexture-0-4565-3](this:0x77a6310800,id:3,api:3,p:4565,c:4565) queueBuffer: slot 1 is dropped, handle=0x77be6596c0
03-06 00:10:41.769  4565 12210 I BufferQueueProducer: [SurfaceTexture-0-4565-3](this:0x77a6310800,id:3,api:3,p:4565,c:4565) queueBuffer: slot 4 is dropped, handle=0x77be65b1c0
03-06 00:10:41.791  4565 12210 I BufferQueueProducer: [SurfaceTexture-0-4565-3](this:0x77a6310800,id:3,api:3,p:4565,c:4565) queueBuffer: slot 0 is dropped, handle=0x77be659540
03-06 00:10:41.828  4565 12210 I BufferQueueProducer: [SurfaceTexture-0-4565-3](this:0x77a6310800,id:3,api:3,p:4565,c:4565) queueBuffer: slot 3 is dropped, handle=0x77be65a080
03-06 00:10:41.855  4565 12210 I BufferQueueProducer: [SurfaceTexture-0-4565-3](this:0x77a6310800,id:3,api:3,p:4565,c:4565) queueBuffer: slot 6 is dropped, handle=0x77be65b340
03-06 00:10:41.892  4565 12210 I BufferQueueProducer: [SurfaceTexture-0-4565-3](this:0x77a6310800,id:3,api:3,p:4565,c:4565) queueBuffer: slot 7 is dropped, handle=0x77be65b400
03-06 00:10:41.929  4565 12210 I BufferQueueProducer: [SurfaceTexture-0-4565-3](this:0x77a6310800,id:3,api:3,p:4565,c:4565) queueBuffer: slot 2 is dropped, handle=0x77be659d80
03-06 00:10:41.954  4565 12210 I BufferQueueProducer: [SurfaceTexture-0-4565-3](this:0x77a6310800,id:3,api:3,p:4565,c:4565) queueBuffer: slot 1 is dropped, handle=0x77be6596c0
03-06 00:10:41.988  4565 12210 I BufferQueueProducer: [SurfaceTexture-0-4565-3](this:0x77a6310800,id:3,api:3,p:4565,c:4565) queueBuffer: slot 4 is dropped, handle=0x77be65b1c0
03-06 00:10:42.027  4565 12210 I BufferQueueProducer: [SurfaceTexture-0-4565-3](this:0x77a6310800,id:3,api:3,p:4565,c:4565) queueBuffer: slot 0 is dropped, handle=0x77be659540
03-06 00:10:42.059  4565 12210 I BufferQueueProducer: [SurfaceTexture-0-4565-3](this:0x77a6310800,id:3,api:3,p:4565,c:4565) queueBuffer: slot 3 is dropped, handle=0x77be65a080
03-06 00:10:42.090  4565 12210 I BufferQueueProducer: [SurfaceTexture-0-4565-3](this:0x77a6310800,id:3,api:3,p:4565,c:4565) queueBuffer: slot 6 is dropped, handle=0x77be65b340
03-06 00:10:42.124  4565 12210 I BufferQueueProducer: [SurfaceTexture-0-4565-3](this:0x77a6310800,id:3,api:3,p:4565,c:4565) queueBuffer: slot 7 is dropped, handle=0x77be65b400
03-06 00:10:42.153  4565 12210 I BufferQueueProducer: [SurfaceTexture-0-4565-3](this:0x77a6310800,id:3,api:3,p:4565,c:4565) queueBuffer: slot 2 is dropped, handle=0x77be659d80
03-06 00:10:42.191  4565 12210 I BufferQueueProducer: [SurfaceTexture-0-4565-3](this:0x77a6310800,id:3,api:3,p:4565,c:4565) queueBuffer: slot 1 is dropped, handle=0x77be6596c0
03-06 00:10:42.222  4565 12210 I BufferQueueProducer: [SurfaceTexture-0-4565-3](this:0x77a6310800,id:3,api:3,p:4565,c:4565) queueBuffer: slot 4 is dropped, handle=0x77be65b1c0
03-06 00:10:42.257  4565 12210 I BufferQueueProducer: [SurfaceTexture-0-4565-3](this:0x77a6310800,id:3,api:3,p:4565,c:4565) queueBuffer: slot 0 is dropped, handle=0x77be659540
03-06 00:10:42.291  4565 12210 I BufferQueueProducer: [SurfaceTexture-0-4565-3](this:0x77a6310800,id:3,api:3,p:4565,c:4565) queueBuffer: slot 3 is dropped, handle=0x77be65a080
03-06 00:10:42.321  4565 12210 I BufferQueueProducer: [SurfaceTexture-0-4565-3](this:0x77a6310800,id:3,api:3,p:4565,c:4565) queueBuffer: slot 6 is dropped, handle=0x77be65b340
03-06 00:10:42.356  4565 12210 I BufferQueueProducer: [SurfaceTexture-0-4565-3](this:0x77a6310800,id:3,api:3,p:4565,c:4565) queueBuffer: slot 7 is dropped, handle=0x77be65b400
03-06 00:10:42.392  4565 12210 I BufferQueueProducer: [SurfaceTexture-0-4565-3](this:0x77a6310800,id:3,api:3,p:4565,c:4565) queueBuffer: slot 2 is dropped, handle=0x77be659d80
03-06 00:10:42.426  4565 12210 I BufferQueueProducer: [SurfaceTexture-0-4565-3](this:0x77a6310800,id:3,api:3,p:4565,c:4565) queueBuffer: slot 1 is dropped, handle=0x77be6596c0
03-06 00:10:42.456  4565 12210 I BufferQueueProducer: [SurfaceTexture-0-4565-3](this:0x77a6310800,id:3,api:3,p:4565,c:4565) queueBuffer: slot 4 is dropped, handle=0x77be65b1c0
03-06 00:10:42.493  4565 12210 I BufferQueueProducer: [SurfaceTexture-0-4565-3](this:0x77a6310800,id:3,api:3,p:4565,c:4565) queueBuffer: slot 0 is dropped, handle=0x77be659540
03-06 00:10:42.521  4565 12210 I BufferQueueProducer: [SurfaceTexture-0-4565-3](this:0x77a6310800,id:3,api:3,p:4565,c:4565) queueBuffer: slot 3 is dropped, handle=0x77be65a080
03-06 00:10:42.522  4565 12210 I BufferQueueProducer: [SurfaceTexture-0-4565-3](this:0x77a6310800,id:3,api:3,p:4565,c:4565) queueBuffer: fps=30.21 dur=1026.05 max=43.65 min=21.80
03-06 00:10:42.559  4565 12210 I BufferQueueProducer: [SurfaceTexture-0-4565-3](this:0x77a6310800,id:3,api:3,p:4565,c:4565) queueBuffer: slot 6 is dropped, handle=0x77be65b340
03-06 00:10:42.589  4565 12210 I BufferQueueProducer: [SurfaceTexture-0-4565-3](this:0x77a6310800,id:3,api:3,p:4565,c:4565) queueBuffer: slot 7 is dropped, handle=0x77be65b400
03-06 00:10:42.623  4565 12210 I BufferQueueProducer: [SurfaceTexture-0-4565-3](this:0x77a6310800,id:3,api:3,p:4565,c:4565) queueBuffer: slot 2 is dropped, handle=0x77be659d80
03-06 00:10:42.656  4565 12210 I BufferQueueProducer: [SurfaceTexture-0-4565-3](this:0x77a6310800,id:3,api:3,p:4565,c:4565) queueBuffer: slot 1 is dropped, handle=0x77be6596c0
03-06 00:10:42.695  4565 12210 I BufferQueueProducer: [SurfaceTexture-0-4565-3](this:0x77a6310800,id:3,api:3,p:4565,c:4565) queueBuffer: slot 4 is dropped, handle=0x77be65b1c0
03-06 00:10:42.724  4565 12210 I BufferQueueProducer: [SurfaceTexture-0-4565-3](this:0x77a6310800,id:3,api:3,p:4565,c:4565) queueBuffer: slot 0 is dropped, handle=0x77be659540
03-06 00:10:42.756  4565 12210 I BufferQueueProducer: [SurfaceTexture-0-4565-3](this:0x77a6310800,id:3,api:3,p:4565,c:4565) queueBuffer: slot 3 is dropped, handle=0x77be65a080
03-06 00:10:42.791  4565 12210 I BufferQueueProducer: [SurfaceTexture-0-4565-3](this:0x77a6310800,id:3,api:3,p:4565,c:4565) queueBuffer: slot 6 is dropped, handle=0x77be65b340
03-06 00:10:42.827  4565 12210 I BufferQueueProducer: [SurfaceTexture-0-4565-3](this:0x77a6310800,id:3,api:3,p:4565,c:4565) queueBuffer: slot 7 is dropped, handle=0x77be65b400
03-06 00:10:42.858  4565 12210 I BufferQueueProducer: [SurfaceTexture-0-4565-3](this:0x77a6310800,id:3,api:3,p:4565,c:4565) queueBuffer: slot 2 is dropped, handle=0x77be659d80
03-06 00:10:42.892  4565 12210 I BufferQueueProducer: [SurfaceTexture-0-4565-3](this:0x77a6310800,id:3,api:3,p:4565,c:4565) queueBuffer: slot 1 is dropped, handle=0x77be6596c0
03-06 00:10:42.926  4565 12210 I BufferQueueProducer: [SurfaceTexture-0-4565-3](this:0x77a6310800,id:3,api:3,p:4565,c:4565) queueBuffer: slot 4 is dropped, handle=0x77be65b1c0
03-06 00:10:42.959  4565 12210 I BufferQueueProducer: [SurfaceTexture-0-4565-3](this:0x77a6310800,id:3,api:3,p:4565,c:4565) queueBuffer: slot 0 is dropped, handle=0x77be659540
03-06 00:10:42.994  4565 12210 I BufferQueueProducer: [SurfaceTexture-0-4565-3](this:0x77a6310800,id:3,api:3,p:4565,c:4565) queueBuffer: slot 3 is dropped, handle=0x77be65a080
03-06 00:10:43.025  4565 12210 I BufferQueueProducer: [SurfaceTexture-0-4565-3](this:0x77a6310800,id:3,api:3,p:4565,c:4565) queueBuffer: slot 6 is dropped, handle=0x77be65b340
03-06 00:10:43.057  4565 12210 I BufferQueueProducer: [SurfaceTexture-0-4565-3](this:0x77a6310800,id:3,api:3,p:4565,c:4565) queueBuffer: slot 7 is dropped, handle=0x77be65b400
03-06 00:10:43.090  4565 12210 I BufferQueueProducer: [SurfaceTexture-0-4565-3](this:0x77a6310800,id:3,api:3,p:4565,c:4565) queueBuffer: slot 2 is dropped, handle=0x77be659d80
03-06 00:10:43.121  4565 12210 I BufferQueueProducer: [SurfaceTexture-0-4565-3](this:0x77a6310800,id:3,api:3,p:4565,c:4565) queueBuffer: slot 1 is dropped, handle=0x77be6596c0
03-06 00:10:43.154  4565 12210 I BufferQueueProducer: [SurfaceTexture-0-4565-3](this:0x77a6310800,id:3,api:3,p:4565,c:4565) queueBuffer: slot 4 is dropped, handle=0x77be65b1c0
03-06 00:10:43.190  4565 12210 I BufferQueueProducer: [SurfaceTexture-0-4565-3](this:0x77a6310800,id:3,api:3,p:4565,c:4565) queueBuffer: slot 0 is dropped, handle=0x77be659540
03-06 00:10:43.223  4565 12210 I BufferQueueProducer: [SurfaceTexture-0-4565-3](this:0x77a6310800,id:3,api:3,p:4565,c:4565) queueBuffer: slot 3 is dropped, handle=0x77be65a080
03-06 00:10:43.258  4565 12210 I BufferQueueProducer: [SurfaceTexture-0-4565-3](this:0x77a6310800,id:3,api:3,p:4565,c:4565) queueBuffer: slot 6 is dropped, handle=0x77be65b340
03-06 00:10:43.291  4565 12210 I BufferQueueProducer: [SurfaceTexture-0-4565-3](this:0x77a6310800,id:3,api:3,p:4565,c:4565) queueBuffer: slot 7 is dropped, handle=0x77be65b400
03-06 00:10:43.326  4565 12210 I BufferQueueProducer: [SurfaceTexture-0-4565-3](this:0x77a6310800,id:3,api:3,p:4565,c:4565) queueBuffer: slot 2 is dropped, handle=0x77be659d80
03-06 00:10:43.357  4565 12210 I BufferQueueProducer: [SurfaceTexture-0-4565-3](this:0x77a6310800,id:3,api:3,p:4565,c:4565) queueBuffer: slot 1 is dropped, handle=0x77be6596c0
03-06 00:10:43.392  4565 12210 I BufferQueueProducer: [SurfaceTexture-0-4565-3](this:0x77a6310800,id:3,api:3,p:4565,c:4565) queueBuffer: slot 4 is dropped, handle=0x77be65b1c0
03-06 00:10:43.422  4565 12210 I BufferQueueProducer: [SurfaceTexture-0-4565-3](this:0x77a6310800,id:3,api:3,p:4565,c:4565) queueBuffer: slot 0 is dropped, handle=0x77be659540
03-06 00:10:43.457  4565 12210 I BufferQueueProducer: [SurfaceTexture-0-4565-3](this:0x77a6310800,id:3,api:3,p:4565,c:4565) queueBuffer: slot 3 is dropped, handle=0x77be65a080
03-06 00:10:43.492  4565 12210 I BufferQueueProducer: [SurfaceTexture-0-4565-3](this:0x77a6310800,id:3,api:3,p:4565,c:4565) queueBuffer: slot 6 is dropped, handle=0x77be65b340
03-06 00:10:43.531  4565 12210 I BufferQueueProducer: [SurfaceTexture-0-4565-3](this:0x77a6310800,id:3,api:3,p:4565,c:4565) queueBuffer: slot 7 is dropped, handle=0x77be65b400
03-06 00:10:43.531  4565 12210 I BufferQueueProducer: [SurfaceTexture-0-4565-3](this:0x77a6310800,id:3,api:3,p:4565,c:4565) queueBuffer: fps=29.73 dur=1009.18 max=38.63 min=29.17
03-06 00:10:43.564  4565 12210 I BufferQueueProducer: [SurfaceTexture-0-4565-3](this:0x77a6310800,id:3,api:3,p:4565,c:4565) queueBuffer: slot 2 is dropped, handle=0x77be659d80
