03-06 21:06:00.364 27795 28825 I BufferQueueProducer: [SurfaceTexture-0-27795-1](this:0x7152bd5000,id:1,api:3,p:27795,c:27795) queueBuffer: slot 3 is dropped, handle=0x7152881580
03-06 21:06:00.400 27795 28825 I BufferQueueProducer: [SurfaceTexture-0-27795-1](this:0x7152bd5000,id:1,api:3,p:27795,c:27795) queueBuffer: slot 1 is dropped, handle=0x7152881400
03-06 21:06:00.436 27795 28825 I BufferQueueProducer: [SurfaceTexture-0-27795-1](this:0x7152bd5000,id:1,api:3,p:27795,c:27795) queueBuffer: slot 7 is dropped, handle=0x7152881880
03-06 21:06:00.469 27795 28825 I BufferQueueProducer: [SurfaceTexture-0-27795-1](this:0x7152bd5000,id:1,api:3,p:27795,c:27795) queueBuffer: slot 5 is dropped, handle=0x7152881700
03-06 21:06:00.505 27795 28825 I BufferQueueProducer: [SurfaceTexture-0-27795-1](this:0x7152bd5000,id:1,api:3,p:27795,c:27795) queueBuffer: slot 6 is dropped, handle=0x71528817c0
03-06 21:06:00.532 27795 28825 I BufferQueueProducer: [SurfaceTexture-0-27795-1](this:0x7152bd5000,id:1,api:3,p:27795,c:27795) queueBuffer: slot 0 is dropped, handle=0x7152881340
03-06 21:06:00.569 27795 28825 I BufferQueueProducer: [SurfaceTexture-0-27795-1](this:0x7152bd5000,id:1,api:3,p:27795,c:27795) queueBuffer: slot 2 is dropped, handle=0x71528814c0
03-06 21:06:00.601 27795 28825 I BufferQueueProducer: [SurfaceTexture-0-27795-1](this:0x7152bd5000,id:1,api:3,p:27795,c:27795) queueBuffer: slot 3 is dropped, handle=0x7152881580
03-06 21:06:00.634 27795 28825 I BufferQueueProducer: [SurfaceTexture-0-27795-1](this:0x7152bd5000,id:1,api:3,p:27795,c:27795) queueBuffer: slot 1 is dropped, handle=0x7152881400
03-06 21:06:00.671 27795 28825 I BufferQueueProducer: [SurfaceTexture-0-27795-1](this:0x7152bd5000,id:1,api:3,p:27795,c:27795) queueBuffer: slot 7 is dropped, handle=0x7152881880
03-06 21:06:00.699 27795 28825 I BufferQueueProducer: [SurfaceTexture-0-27795-1](this:0x7152bd5000,id:1,api:3,p:27795,c:27795) queueBuffer: slot 5 is dropped, handle=0x7152881700
03-06 21:06:00.731 27795 28825 I BufferQueueProducer: [SurfaceTexture-0-27795-1](this:0x7152bd5000,id:1,api:3,p:27795,c:27795) queueBuffer: slot 6 is dropped, handle=0x71528817c0
03-06 21:06:00.769 27795 28825 I BufferQueueProducer: [SurfaceTexture-0-27795-1](this:0x7152bd5000,id:1,api:3,p:27795,c:27795) queueBuffer: slot 0 is dropped, handle=0x7152881340
03-06 21:06:00.803 27795 28825 I BufferQueueProducer: [SurfaceTexture-0-27795-1](this:0x7152bd5000,id:1,api:3,p:27795,c:27795) queueBuffer: slot 2 is dropped, handle=0x71528814c0
03-06 21:06:00.834 27795 28825 I BufferQueueProducer: [SurfaceTexture-0-27795-1](this:0x7152bd5000,id:1,api:3,p:27795,c:27795) queueBuffer: slot 3 is dropped, handle=0x7152881580
03-06 21:06:00.872 27795 28825 I BufferQueueProducer: [SurfaceTexture-0-27795-1](this:0x7152bd5000,id:1,api:3,p:27795,c:27795) queueBuffer: slot 1 is dropped, handle=0x7152881400
03-06 21:06:00.902 27795 28825 I BufferQueueProducer: [SurfaceTexture-0-27795-1](this:0x7152bd5000,id:1,api:3,p:27795,c:27795) queueBuffer: slot 7 is dropped, handle=0x7152881880
03-06 21:06:00.935 27795 28825 I BufferQueueProducer: [SurfaceTexture-0-27795-1](this:0x7152bd5000,id:1,api:3,p:27795,c:27795) queueBuffer: slot 5 is dropped, handle=0x7152881700
03-06 21:06:00.967 27795 28825 I BufferQueueProducer: [SurfaceTexture-0-27795-1](this:0x7152bd5000,id:1,api:3,p:27795,c:27795) queueBuffer: slot 6 is dropped, handle=0x71528817c0
03-06 21:06:00.998 27795 28825 I BufferQueueProducer: [SurfaceTexture-0-27795-1](this:0x7152bd5000,id:1,api:3,p:27795,c:27795) queueBuffer: slot 0 is dropped, handle=0x7152881340
03-06 21:06:01.035 27795 28825 I BufferQueueProducer: [SurfaceTexture-0-27795-1](this:0x7152bd5000,id:1,api:3,p:27795,c:27795) queueBuffer: slot 2 is dropped, handle=0x71528814c0
03-06 21:06:01.068 27795 28825 I BufferQueueProducer: [SurfaceTexture-0-27795-1](this:0x7152bd5000,id:1,api:3,p:27795,c:27795) queueBuffer: slot 3 is dropped, handle=0x7152881580
03-06 21:06:01.097 27795 28825 I BufferQueueProducer: [SurfaceTexture-0-27795-1](this:0x7152bd5000,id:1,api:3,p:27795,c:27795) queueBuffer: slot 1 is dropped, handle=0x7152881400
03-06 21:06:01.133 27795 28825 I BufferQueueProducer: [SurfaceTexture-0-27795-1](this:0x7152bd5000,id:1,api:3,p:27795,c:27795) queueBuffer: slot 7 is dropped, handle=0x7152881880
03-06 21:06:01.170 27795 28825 I BufferQueueProducer: [SurfaceTexture-0-27795-1](this:0x7152bd5000,id:1,api:3,p:27795,c:27795) queueBuffer: slot 5 is dropped, handle=0x7152881700
03-06 21:06:01.209 27795 28825 I BufferQueueProducer: [SurfaceTexture-0-27795-1](this:0x7152bd5000,id:1,api:3,p:27795,c:27795) queueBuffer: slot 6 is dropped, handle=0x71528817c0
03-06 21:06:01.236 27795 28825 I BufferQueueProducer: [SurfaceTexture-0-27795-1](this:0x7152bd5000,id:1,api:3,p:27795,c:27795) queueBuffer: slot 0 is dropped, handle=0x7152881340
03-06 21:06:01.275 27795 28825 I BufferQueueProducer: [SurfaceTexture-0-27795-1](this:0x7152bd5000,id:1,api:3,p:27795,c:27795) queueBuffer: slot 2 is dropped, handle=0x71528814c0
03-06 21:06:01.275 27795 28825 I BufferQueueProducer: [SurfaceTexture-0-27795-1](this:0x7152bd5000,id:1,api:3,p:27795,c:27795) queueBuffer: fps=29.98 dur=1000.57 max=53.01 min=13.79
03-06 21:06:01.309 27795 28825 I BufferQueueProducer: [SurfaceTexture-0-27795-1](this:0x7152bd5000,id:1,api:3,p:27795,c:27795) queueBuffer: slot 3 is dropped, handle=0x7152881580
03-06 21:06:01.342 27795 28825 I BufferQueueProducer: [SurfaceTexture-0-27795-1](this:0x7152bd5000,id:1,api:3,p:27795,c:27795) queueBuffer: slot 1 is dropped, handle=0x7152881400
03-06 21:06:01.372 27795 28825 I BufferQueueProducer: [SurfaceTexture-0-27795-1](this:0x7152bd5000,id:1,api:3,p:27795,c:27795) queueBuffer: slot 7 is dropped, handle=0x7152881880
03-06 21:06:01.407 27795 28825 I BufferQueueProducer: [SurfaceTexture-0-27795-1](this:0x7152bd5000,id:1,api:3,p:27795,c:27795) queueBuffer: slot 5 is dropped, handle=0x7152881700
03-06 21:06:01.444 27795 28825 I BufferQueueProducer: [SurfaceTexture-0-27795-1](this:0x7152bd5000,id:1,api:3,p:27795,c:27795) queueBuffer: slot 6 is dropped, handle=0x71528817c0
03-06 21:06:01.476 27795 28825 I BufferQueueProducer: [SurfaceTexture-0-27795-1](this:0x7152bd5000,id:1,api:3,p:27795,c:27795) queueBuffer: slot 0 is dropped, handle=0x7152881340
03-06 21:06:01.503 27795 28825 I BufferQueueProducer: [SurfaceTexture-0-27795-1](this:0x7152bd5000,id:1,api:3,p:27795,c:27795) queueBuffer: slot 2 is dropped, handle=0x71528814c0
03-06 21:06:01.534 27795 28825 I BufferQueueProducer: [SurfaceTexture-0-27795-1](this:0x7152bd5000,id:1,api:3,p:27795,c:27795) queueBuffer: slot 3 is dropped, handle=0x7152881580
03-06 21:06:01.570 27795 28825 I BufferQueueProducer: [SurfaceTexture-0-27795-1](this:0x7152bd5000,id:1,api:3,p:27795,c:27795) queueBuffer: slot 1 is dropped, handle=0x7152881400
03-06 21:06:01.601 27795 28825 I BufferQueueProducer: [SurfaceTexture-0-27795-1](this:0x7152bd5000,id:1,api:3,p:27795,c:27795) queueBuffer: slot 7 is dropped, handle=0x7152881880
03-06 21:06:01.635 27795 28825 I BufferQueueProducer: [SurfaceTexture-0-27795-1](this:0x7152bd5000,id:1,api:3,p:27795,c:27795) queueBuffer: slot 5 is dropped, handle=0x7152881700
03-06 21:06:01.664 27795 28825 I BufferQueueProducer: [SurfaceTexture-0-27795-1](this:0x7152bd5000,id:1,api:3,p:27795,c:27795) queueBuffer: slot 6 is dropped, handle=0x71528817c0
03-06 21:06:01.700 27795 28825 I BufferQueueProducer: [SurfaceTexture-0-27795-1](this:0x7152bd5000,id:1,api:3,p:27795,c:27795) queueBuffer: slot 0 is dropped, handle=0x7152881340
03-06 21:06:01.734 27795 28825 I BufferQueueProducer: [SurfaceTexture-0-27795-1](this:0x7152bd5000,id:1,api:3,p:27795,c:27795) queueBuffer: slot 2 is dropped, handle=0x71528814c0
03-06 21:06:01.768 27795 28825 I BufferQueueProducer: [SurfaceTexture-0-27795-1](this:0x7152bd5000,id:1,api:3,p:27795,c:27795) queueBuffer: slot 3 is dropped, handle=0x7152881580
03-06 21:06:01.800 27795 28825 I BufferQueueProducer: [SurfaceTexture-0-27795-1](this:0x7152bd5000,id:1,api:3,p:27795,c:27795) queueBuffer: slot 1 is dropped, handle=0x7152881400
03-06 21:06:01.836 27795 28825 I BufferQueueProducer: [SurfaceTexture-0-27795-1](this:0x7152bd5000,id:1,api:3,p:27795,c:27795) queueBuffer: slot 7 is dropped, handle=0x7152881880
03-06 21:06:01.876 27795 28825 I BufferQueueProducer: [SurfaceTexture-0-27795-1](this:0x7152bd5000,id:1,api:3,p:27795,c:27795) queueBuffer: slot 5 is dropped, handle=0x7152881700
03-06 21:06:01.905 27795 28825 I BufferQueueProducer: [SurfaceTexture-0-27795-1](this:0x7152bd5000,id:1,api:3,p:27795,c:27795) queueBuffer: slot 6 is dropped, handle=0x71528817c0
03-06 21:06:01.934 27795 28825 I BufferQueueProducer: [SurfaceTexture-0-27795-1](this:0x7152bd5000,id:1,api:3,p:27795,c:27795) queueBuffer: slot 0 is dropped, handle=0x7152881340
03-06 21:06:01.970 27795 28825 I BufferQueueProducer: [SurfaceTexture-0-27795-1](this:0x7152bd5000,id:1,api:3,p:27795,c:27795) queueBuffer: slot 2 is dropped, handle=0x71528814c0
03-06 21:06:02.004 27795 28825 I BufferQueueProducer: [SurfaceTexture-0-27795-1](this:0x7152bd5000,id:1,api:3,p:27795,c:27795) queueBuffer: slot 3 is dropped, handle=0x7152881580
03-06 21:06:02.037 27795 28825 I BufferQueueProducer: [SurfaceTexture-0-27795-1](this:0x7152bd5000,id:1,api:3,p:27795,c:27795) queueBuffer: slot 1 is dropped, handle=0x7152881400
03-06 21:06:02.075 27795 28825 I BufferQueueProducer: [SurfaceTexture-0-27795-1](this:0x7152bd5000,id:1,api:3,p:27795,c:27795) queueBuffer: slot 7 is dropped, handle=0x7152881880
03-06 21:06:02.115 27795 28825 I BufferQueueProducer: [SurfaceTexture-0-27795-1](this:0x7152bd5000,id:1,api:3,p:27795,c:27795) queueBuffer: slot 5 is dropped, handle=0x7152881700
03-06 21:06:02.134 27795 28825 I BufferQueueProducer: [SurfaceTexture-0-27795-1](this:0x7152bd5000,id:1,api:3,p:27795,c:27795) queueBuffer: slot 6 is dropped, handle=0x71528817c0
03-06 21:06:02.166 27795 28825 I BufferQueueProducer: [SurfaceTexture-0-27795-1](this:0x7152bd5000,id:1,api:3,p:27795,c:27795) queueBuffer: slot 0 is dropped, handle=0x7152881340
03-06 21:06:02.206 27795 28825 I BufferQueueProducer: [SurfaceTexture-0-27795-1](this:0x7152bd5000,id:1,api:3,p:27795,c:27795) queueBuffer: slot 2 is dropped, handle=0x71528814c0
03-06 21:06:02.238 27795 28825 I BufferQueueProducer: [SurfaceTexture-0-27795-1](this:0x7152bd5000,id:1,api:3,p:27795,c:27795) queueBuffer: slot 3 is dropped, handle=0x7152881580
03-06 21:06:02.273 27795 28825 I BufferQueueProducer: [SurfaceTexture-0-27795-1](this:0x7152bd5000,id:1,api:3,p:27795,c:27795) queueBuffer: slot 1 is dropped, handle=0x7152881400
03-06 21:06:02.300 27795 28825 I BufferQueueProducer: [SurfaceTexture-0-27795-1](this:0x7152bd5000,id:1,api:3,p:27795,c:27795) queueBuffer: slot 7 is dropped, handle=0x7152881880
03-06 21:06:02.300 27795 28825 I BufferQueueProducer: [SurfaceTexture-0-27795-1](this:0x7152bd5000,id:1,api:3,p:27795,c:27795) queueBuffer: fps=30.25 dur=1024.86 max=40.28 min=19.58
03-06 21:06:02.333 27795 28825 I BufferQueueProducer: [SurfaceTexture-0-27795-1](this:0x7152bd5000,id:1,api:3,p:27795,c:27795) queueBuffer: slot 5 is dropped, handle=0x7152881700
03-06 21:06:02.365 27795 28825 I BufferQueueProducer: [SurfaceTexture-0-27795-1](this:0x7152bd5000,id:1,api:3,p:27795,c:27795) queueBuffer: slot 6 is dropped, handle=0x71528817c0
03-06 21:06:02.398 27795 28825 I BufferQueueProducer: [SurfaceTexture-0-27795-1](this:0x7152bd5000,id:1,api:3,p:27795,c:27795) queueBuffer: slot 0 is dropped, handle=0x7152881340
03-06 21:06:02.435 27795 28825 I BufferQueueProducer: [SurfaceTexture-0-27795-1](this:0x7152bd5000,id:1,api:3,p:27795,c:27795) queueBuffer: slot 2 is dropped, handle=0x71528814c0
03-06 21:06:02.465 27795 28825 I BufferQueueProducer: [SurfaceTexture-0-27795-1](this:0x7152bd5000,id:1,api:3,p:27795,c:27795) queueBuffer: slot 3 is dropped, handle=0x7152881580
03-06 21:06:02.500 27795 28825 I BufferQueueProducer: [SurfaceTexture-0-27795-1](this:0x7152bd5000,id:1,api:3,p:27795,c:27795) queueBuffer: slot 1 is dropped, handle=0x7152881400
03-06 21:06:02.532 27795 28825 I BufferQueueProducer: [SurfaceTexture-0-27795-1](this:0x7152bd5000,id:1,api:3,p:27795,c:27795) queueBuffer: slot 7 is dropped, handle=0x7152881880
03-06 21:06:02.569 27795 28825 I BufferQueueProducer: [SurfaceTexture-0-27795-1](this:0x7152bd5000,id:1,api:3,p:27795,c:27795) queueBuffer: slot 5 is dropped, handle=0x7152881700
03-06 21:06:02.604 27795 28825 I BufferQueueProducer: [SurfaceTexture-0-27795-1](this:0x7152bd5000,id:1,api:3,p:27795,c:27795) queueBuffer: slot 6 is dropped, handle=0x71528817c0
03-06 21:06:02.640 27795 28825 I BufferQueueProducer: [SurfaceTexture-0-27795-1](this:0x7152bd5000,id:1,api:3,p:27795,c:27795) queueBuffer: slot 0 is dropped, handle=0x7152881340
03-06 21:06:02.671 27795 28825 I BufferQueueProducer: [SurfaceTexture-0-27795-1](this:0x7152bd5000,id:1,api:3,p:27795,c:27795) queueBuffer: slot 2 is dropped, handle=0x71528814c0
03-06 21:06:02.702 27795 28825 I BufferQueueProducer: [SurfaceTexture-0-27795-1](this:0x7152bd5000,id:1,api:3,p:27795,c:27795) queueBuffer: slot 3 is dropped, handle=0x7152881580
03-06 21:06:02.737 27795 28825 I BufferQueueProducer: [SurfaceTexture-0-27795-1](this:0x7152bd5000,id:1,api:3,p:27795,c:27795) queueBuffer: slot 1 is dropped, handle=0x7152881400
03-06 21:06:02.774 27795 28825 I BufferQueueProducer: [SurfaceTexture-0-27795-1](this:0x7152bd5000,id:1,api:3,p:27795,c:27795) queueBuffer: slot 7 is dropped, handle=0x7152881880
03-06 21:06:02.805 27795 28825 I BufferQueueProducer: [SurfaceTexture-0-27795-1](this:0x7152bd5000,id:1,api:3,p:27795,c:27795) queueBuffer: slot 5 is dropped, handle=0x7152881700
03-06 21:06:02.840 27795 28825 I BufferQueueProducer: [SurfaceTexture-0-27795-1](this:0x7152bd5000,id:1,api:3,p:27795,c:27795) queueBuffer: slot 6 is dropped, handle=0x71528817c0
03-06 21:06:02.875 27795 28825 I BufferQueueProducer: [SurfaceTexture-0-27795-1](this:0x7152bd5000,id:1,api:3,p:27795,c:27795) queueBuffer: slot 0 is dropped, handle=0x7152881340
03-06 21:06:02.907 27795 28825 I BufferQueueProducer: [SurfaceTexture-0-27795-1](this:0x7152bd5000,id:1,api:3,p:27795,c:27795) queueBuffer: slot 2 is dropped, handle=0x71528814c0
03-06 21:06:02.939 27795 28825 I BufferQueueProducer: [SurfaceTexture-0-27795-1](this:0x7152bd5000,id:1,api:3,p:27795,c:27795) queueBuffer: slot 3 is dropped, handle=0x7152881580
03-06 21:06:02.975 27795 28825 I BufferQueueProducer: [SurfaceTexture-0-27795-1](this:0x7152bd5000,id:1,api:3,p:27795,c:27795) queueBuffer: slot 1 is dropped, handle=0x7152881400
03-06 21:06:03.001 27795 28825 I BufferQueueProducer: [SurfaceTexture-0-27795-1](this:0x7152bd5000,id:1,api:3,p:27795,c:27795) queueBuffer: slot 7 is dropped, handle=0x7152881880
03-06 21:06:03.039 27795 28825 I BufferQueueProducer: [SurfaceTexture-0-27795-1](this:0x7152bd5000,id:1,api:3,p:27795,c:27795) queueBuffer: slot 5 is dropped, handle=0x7152881700
03-06 21:06:03.068 27795 28825 I BufferQueueProducer: [SurfaceTexture-0-27795-1](this:0x7152bd5000,id:1,api:3,p:27795,c:27795) queueBuffer: slot 6 is dropped, handle=0x71528817c0
03-06 21:06:03.103 27795 28825 I BufferQueueProducer: [SurfaceTexture-0-27795-1](this:0x7152bd5000,id:1,api:3,p:27795,c:27795) queueBuffer: slot 0 is dropped, handle=0x7152881340
03-06 21:06:03.138 27795 28825 I BufferQueueProducer: [SurfaceTexture-0-27795-1](this:0x7152bd5000,id:1,api:3,p:27795,c:27795) queueBuffer: slot 2 is dropped, handle=0x71528814c0
03-06 21:06:03.172 27795 28825 I BufferQueueProducer: [SurfaceTexture-0-27795-1](this:0x7152bd5000,id:1,api:3,p:27795,c:27795) queueBuffer: slot 3 is dropped, handle=0x7152881580
03-06 21:06:03.202 27795 28825 I BufferQueueProducer: [SurfaceTexture-0-27795-1](this:0x7152bd5000,id:1,api:3,p:27795,c:27795) queueBuffer: slot 1 is dropped, handle=0x7152881400
03-06 21:06:03.238 27795 28825 I BufferQueueProducer: [SurfaceTexture-0-27795-1](this:0x7152bd5000,id:1,api:3,p:27795,c:27795) queueBuffer: slot 7 is dropped, handle=0x7152881880
03-06 21:06:03.267 27795 28825 I BufferQueueProducer: [SurfaceTexture-0-27795-1](this:0x7152bd5000,id:1,api:3,p:27795,c:27795) queueBuffer: slot 5 is dropped, handle=0x7152881700
03-06 21:06:03.299 27795 28825 I BufferQueueProducer: [SurfaceTexture-0-27795-1](this:0x7152bd5000,id:1,api:3,p:27795,c:27795) queueBuffer: slot 6 is dropped, handle=0x71528817c0
03-06 21:06:03.339 27795 28825 I BufferQueueProducer: [SurfaceTexture-0-27795-1](this:0x7152bd5000,id:1,api:3,p:27795,c:27795) queueBuffer: slot 0 is dropped, handle=0x7152881340
03-06 21:06:03.339 27795 28825 I BufferQueueProducer: [SurfaceTexture-0-27795-1](this:0x7152bd5000,id:1,api:3,p:27795,c:27795) queueBuffer: fps=29.83 dur=1039.24 max=40.29 min=25.60
03-06 21:06:03.370 27795 28825 I BufferQueueProducer: [SurfaceTexture-0-27795-1](this:0x7152bd5000,id:1,api:3,p:27795,c:27795) queueBuffer: slot 2 is dropped, handle=0x71528814c0
03-06 21:06:03.407 27795 28825 I BufferQueueProducer: [SurfaceTexture-0-27795-1](this:0x7152bd5000,id:1,api:3,p:27795,c:27795) queueBuffer: slot 3 is dropped, handle=0x7152881580
03-06 21:06:03.445 27795 28825 I BufferQueueProducer: [SurfaceTexture-0-27795-1](this:0x7152bd5000,id:1,api:3,p:27795,c:27795) queueBuffer: slot 1 is dropped, handle=0x7152881400
03-06 21:06:03.465 27795 28825 I BufferQueueProducer: [SurfaceTexture-0-27795-1](this:0x7152bd5000,id:1,api:3,p:27795,c:27795) queueBuffer: slot 7 is dropped, handle=0x7152881880
03-06 21:06:03.512 27795 28825 I BufferQueueProducer: [SurfaceTexture-0-27795-1](this:0x7152bd5000,id:1,api:3,p:27795,c:27795) queueBuffer: slot 5 is dropped, handle=0x7152881700
03-06 21:06:03.536 27795 28825 I BufferQueueProducer: [SurfaceTexture-0-27795-1](this:0x7152bd5000,id:1,api:3,p:27795,c:27795) queueBuffer: slot 6 is dropped, handle=0x71528817c0
03-06 21:06:03.568 27795 28825 I BufferQueueProducer: [SurfaceTexture-0-27795-1](this:0x7152bd5000,id:1,api:3,p:27795,c:27795) queueBuffer: slot 0 is dropped, handle=0x7152881340
03-06 21:06:03.609 27795 28825 I BufferQueueProducer: [SurfaceTexture-0-27795-1](this:0x7152bd5000,id:1,api:3,p:27795,c:27795) queueBuffer: slot 2 is dropped, handle=0x71528814c0
03-06 21:06:03.636 27795 28825 I BufferQueueProducer: [SurfaceTexture-0-27795-1](this:0x7152bd5000,id:1,api:3,p:27795,c:27795) queueBuffer: slot 3 is dropped, handle=0x7152881580
03-06 21:06:03.667 27795 28825 I BufferQueueProducer: [SurfaceTexture-0-27795-1](this:0x7152bd5000,id:1,api:3,p:27795,c:27795) queueBuffer: slot 1 is dropped, handle=0x7152881400
03-06 21:06:03.700 27795 28825 I BufferQueueProducer: [SurfaceTexture-0-27795-1](this:0x7152bd5000,id:1,api:3,p:27795,c:27795) queueBuffer: slot 7 is dropped, handle=0x7152881880
03-06 21:06:03.733 27795 28825 I BufferQueueProducer: [SurfaceTexture-0-27795-1](this:0x7152bd5000,id:1,api:3,p:27795,c:27795) queueBuffer: slot 5 is dropped, handle=0x7152881700
03-06 21:06:03.769 27795 28825 I BufferQueueProducer: [SurfaceTexture-0-27795-1](this:0x7152bd5000,id:1,api:3,p:27795,c:27795) queueBuffer: slot 6 is dropped, handle=0x71528817c0
03-06 21:06:03.805 27795 28825 I BufferQueueProducer: [SurfaceTexture-0-27795-1](this:0x7152bd5000,id:1,api:3,p:27795,c:27795) queueBuffer: slot 0 is dropped, handle=0x7152881340
03-06 21:06:03.840 27795 28825 I BufferQueueProducer: [SurfaceTexture-0-27795-1](this:0x7152bd5000,id:1,api:3,p:27795,c:27795) queueBuffer: slot 2 is dropped, handle=0x71528814c0
03-06 21:06:03.876 27795 28825 I BufferQueueProducer: [SurfaceTexture-0-27795-1](this:0x7152bd5000,id:1,api:3,p:27795,c:27795) queueBuffer: slot 3 is dropped, handle=0x7152881580
03-06 21:06:03.908 27795 28825 I BufferQueueProducer: [SurfaceTexture-0-27795-1](this:0x7152bd5000,id:1,api:3,p:27795,c:27795) queueBuffer: slot 1 is dropped, handle=0x7152881400
03-06 21:06:03.939 27795 28825 I BufferQueueProducer: [SurfaceTexture-0-27795-1](this:0x7152bd5000,id:1,api:3,p:27795,c:27795) queueBuffer: slot 7 is dropped, handle=0x7152881880
03-06 21:06:03.977 27795 28825 I BufferQueueProducer: [SurfaceTexture-0-27795-1](this:0x7152bd5000,id:1,api:3,p:27795,c:27795) queueBuffer: slot 5 is dropped, handle=0x7152881700
03-06 21:06:04.006 27795 28825 I BufferQueueProducer: [SurfaceTexture-0-27795-1](this:0x7152bd5000,id:1,api:3,p:27795,c:27795) queueBuffer: slot 6 is dropped, handle=0x71528817c0
03-06 21:06:04.041 27795 28825 I BufferQueueProducer: [SurfaceTexture-0-27795-1](this:0x7152bd5000,id:1,api:3,p:27795,c:27795) queueBuffer: slot 0 is dropped, handle=0x7152881340
03-06 21:06:04.074 27795 28825 I BufferQueueProducer: [SurfaceTexture-0-27795-1](this:0x7152bd5000,id:1,api:3,p:27795,c:27795) queueBuffer: slot 2 is dropped, handle=0x71528814c0
03-06 21:06:04.112 27795 28825 I BufferQueueProducer: [SurfaceTexture-0-27795-1](this:0x7152bd5000,id:1,api:3,p:27795,c:27795) queueBuffer: slot 3 is dropped, handle=0x7152881580
03-06 21:06:04.136 27795 28825 I BufferQueueProducer: [SurfaceTexture-0-27795-1](this:0x7152bd5000,id:1,api:3,p:27795,c:27795) queueBuffer: slot 1 is dropped, handle=0x7152881400
03-06 21:06:04.164 27795 28825 I BufferQueueProducer: [SurfaceTexture-0-27795-1](this:0x7152bd5000,id:1,api:3,p:27795,c:27795) queueBuffer: slot 7 is dropped, handle=0x7152881880
03-06 21:06:04.201 27795 28825 I BufferQueueProducer: [SurfaceTexture-0-27795-1](this:0x7152bd5000,id:1,api:3,p:27795,c:27795) queueBuffer: slot 5 is dropped, handle=0x7152881700
03-06 21:06:04.240 27795 28825 I BufferQueueProducer: [SurfaceTexture-0-27795-1](this:0x7152bd5000,id:1,api:3,p:27795,c:27795) queueBuffer: slot 6 is dropped, handle=0x71528817c0
03-06 21:06:04.276 27795 28825 I BufferQueueProducer: [SurfaceTexture-0-27795-1](this:0x7152bd5000,id:1,api:3,p:27795,c:27795) queueBuffer: slot 0 is dropped, handle=0x7152881340
03-06 21:06:04.306 27795 28825 I BufferQueueProducer: [SurfaceTexture-0-27795-1](this:0x7152bd5000,id:1,api:3,p:27795,c:27795) queueBuffer: slot 2 is dropped, handle=0x71528814c0
03-06 21:06:04.340 27795 28825 I BufferQueueProducer: [SurfaceTexture-0-27795-1](this:0x7152bd5000,id:1,api:3,p:27795,c:27795) queueBuffer: slot 3 is dropped, handle=0x7152881580
03-06 21:06:04.341 27795 28825 I BufferQueueProducer: [SurfaceTexture-0-27795-1](this:0x7152bd5000,id:1,api:3,p:27795,c:27795) queueBuffer: fps=29.96 dur=1001.45 max=46.41 min=20.67
03-06 21:06:04.365 27795 28825 I BufferQueueProducer: [SurfaceTexture-0-27795-1](this:0x7152bd5000,id:1,api:3,p:27795,c:27795) queueBuffer: slot 1 is dropped, handle=0x7152881400
03-06 21:06:04.401 27795 28825 I BufferQueueProducer: [SurfaceTexture-0-27795-1](this:0x7152bd5000,id:1,api:3,p:27795,c:27795) queueBuffer: slot 7 is dropped, handle=0x7152881880
03-06 21:06:04.438 27795 28825 I BufferQueueProducer: [SurfaceTexture-0-27795-1](this:0x7152bd5000,id:1,api:3,p:27795,c:27795) queueBuffer: slot 5 is dropped, handle=0x7152881700
03-06 21:06:04.477 27795 28825 I BufferQueueProducer: [SurfaceTexture-0-27795-1](this:0x7152bd5000,id:1,api:3,p:27795,c:27795) queueBuffer: slot 6 is dropped, handle=0x71528817c0
03-06 21:06:04.499 27795 28825 I BufferQueueProducer: [SurfaceTexture-0-27795-1](this:0x7152bd5000,id:1,api:3,p:27795,c:27795) queueBuffer: slot 0 is dropped, handle=0x7152881340
03-06 21:06:04.542 27795 28825 I BufferQueueProducer: [SurfaceTexture-0-27795-1](this:0x7152bd5000,id:1,api:3,p:27795,c:27795) queueBuffer: slot 2 is dropped, handle=0x71528814c0
03-06 21:06:04.570 27795 28825 I BufferQueueProducer: [SurfaceTexture-0-27795-1](this:0x7152bd5000,id:1,api:3,p:27795,c:27795) queueBuffer: slot 3 is dropped, handle=0x7152881580
03-06 21:06:04.597 27795 27795 I CAR.HU.J: [2] AapProjectionActivity.onResume | AapProjectionActivity: onResume
03-06 21:06:04.604 27795 28825 I BufferQueueProducer: [SurfaceTexture-0-27795-1](this:0x7152bd5000,id:1,api:3,p:27795,c:27795) queueBuffer: slot 1 is dropped, handle=0x7152881400
03-06 21:06:04.621 27795 27795 D Surface : Surface::allocateBuffers(this=0x7152bef000)
03-06 21:06:04.621 27795 27816 D Surface : Surface::connect(this=0x7152bef000,api=1)
03-06 21:06:04.634 27795 27795 D TextureView: getHardwareLayer, createNewSurface:false
03-06 21:06:04.635 27795 27795 D OpenGLRenderer: 0x71510edac0 setSurfaceTexture: 0x0 to 0x714c02ec00
03-06 21:06:04.640 27795 28825 I BufferQueueProducer: [SurfaceTexture-0-27795-1](this:0x7152bd5000,id:1,api:3,p:27795,c:27795) queueBuffer: slot 7 is dropped, handle=0x7152881880
03-06 21:06:04.642 27795 27816 I GLConsumer: [SurfaceTexture-0-27795-1] attachToContext
03-06 21:06:04.642 27795 27816 I GPUAUX  : [AUX]GPUAUXContext:60: create: 0x71510a7700
03-06 21:06:04.643 27795 27816 W IMGSRV  : IMGeglCreateImageKHR:1111: 1280x736, crop to (0,0)-(1280,720)
03-06 21:06:04.642 27795 27795 I RenderThread: type=1400 audit(0.0:166388): avc: denied { call } for scontext=u:r:untrusted_app:s0:c512,c768 tcontext=u:r:mtk_hal_pq:s0 tclass=binder permissive=1
03-06 21:06:04.654 27795 27816 W IMGSRV  : IMGeglCreateImageKHR:1111: 1280x736, crop to (0,0)-(1280,720)
03-06 21:06:04.701 27795 28825 I BufferQueueProducer: [SurfaceTexture-0-27795-1](this:0x7152bd5000,id:1,api:3,p:27795,c:27795) queueBuffer: slot 6 is dropped, handle=0x71528817c0
03-06 21:06:04.729 27795 27816 W IMGSRV  : IMGeglCreateImageKHR:1111: 1280x736, crop to (0,0)-(1280,720)
03-06 21:06:05.372 27795 28825 I BufferQueueProducer: [SurfaceTexture-0-27795-1](this:0x7152bd5000,id:1,api:3,p:27795,c:27795) queueBuffer: fps=30.07 dur=1031.03 max=43.02 min=20.26
03-06 21:06:06.400 27795 28825 I BufferQueueProducer: [SurfaceTexture-0-27795-1](this:0x7152bd5000,id:1,api:3,p:27795,c:27795) queueBuffer: fps=30.14 dur=1028.68 max=41.84 min=24.36
03-06 21:06:07.411 27795 28825 I BufferQueueProducer: [SurfaceTexture-0-27795-1](this:0x7152bd5000,id:1,api:3,p:27795,c:27795) queueBuffer: fps=29.70 dur=1010.26 max=43.28 min=23.88
03-06 21:06:08.444 27795 28825 I BufferQueueProducer: [SurfaceTexture-0-27795-1](this:0x7152bd5000,id:1,api:3,p:27795,c:27795) queueBuffer: fps=29.98 dur=1033.91 max=43.87 min=15.92
03-06 21:06:09.471 27795 28825 I BufferQueueProducer: [SurfaceTexture-0-27795-1](this:0x7152bd5000,id:1,api:3,p:27795,c:27795) queueBuffer: fps=30.20 dur=1026.65 max=41.89 min=25.69
03-06 21:06:10.477 27795 28825 I BufferQueueProducer: [SurfaceTexture-0-27795-1](this:0x7152bd5000,id:1,api:3,p:27795,c:27795) queueBuffer: fps=29.82 dur=1005.99 max=40.62 min=26.36
03-06 21:06:11.487 27795 28825 I BufferQueueProducer: [SurfaceTexture-0-27795-1](this:0x7152bd5000,id:1,api:3,p:27795,c:27795) queueBuffer: fps=29.71 dur=1009.89 max=50.41 min=16.94
03-06 21:06:12.506 27795 28825 I BufferQueueProducer: [SurfaceTexture-0-27795-1](this:0x7152bd5000,id:1,api:3,p:27795,c:27795) queueBuffer: fps=30.42 dur=1018.95 max=40.87 min=20.72
03-06 21:06:13.507 27795 28825 I BufferQueueProducer: [SurfaceTexture-0-27795-1](this:0x7152bd5000,id:1,api:3,p:27795,c:27795) queueBuffer: fps=29.96 dur=1001.47 max=41.34 min=25.64
03-06 21:06:14.534 27795 28825 I BufferQueueProducer: [SurfaceTexture-0-27795-1](this:0x7152bd5000,id:1,api:3,p:27795,c:27795) queueBuffer: fps=30.21 dur=1026.29 max=39.94 min=24.72
03-06 21:06:15.563 27795 28825 I BufferQueueProducer: [SurfaceTexture-0-27795-1](this:0x7152bd5000,id:1,api:3,p:27795,c:27795) queueBuffer: fps=30.12 dur=1029.30 max=39.15 min=24.77
03-06 21:06:16.567 27795 28825 I BufferQueueProducer: [SurfaceTexture-0-27795-1](this:0x7152bd5000,id:1,api:3,p:27795,c:27795) queueBuffer: fps=29.87 dur=1004.42 max=42.20 min=27.09
03-06 21:06:17.604 27795 28825 I BufferQueueProducer: [SurfaceTexture-0-27795-1](this:0x7152bd5000,id:1,api:3,p:27795,c:27795) queueBuffer: fps=29.92 dur=1036.23 max=48.18 min=20.06
03-06 21:06:18.637 27795 28825 I BufferQueueProducer: [SurfaceTexture-0-27795-1](this:0x7152bd5000,id:1,api:3,p:27795,c:27795) queueBuffer: fps=30.00 dur=1033.49 max=42.66 min=27.33
03-06 21:06:19.674 27795 28825 I BufferQueueProducer: [SurfaceTexture-0-27795-1](this:0x7152bd5000,id:1,api:3,p:27795,c:27795) queueBuffer: fps=29.89 dur=1037.22 max=41.99 min=21.46
03-06 21:06:20.702 27795 28825 I BufferQueueProducer: [SurfaceTexture-0-27795-1](this:0x7152bd5000,id:1,api:3,p:27795,c:27795) queueBuffer: fps=30.16 dur=1027.86 max=44.97 min=21.45
03-06 21:06:21.711 27795 28825 I BufferQueueProducer: [SurfaceTexture-0-27795-1](this:0x7152bd5000,id:1,api:3,p:27795,c:27795) queueBuffer: fps=29.74 dur=1008.64 max=43.43 min=25.57
03-06 21:06:22.712 27795 28825 I BufferQueueProducer: [SurfaceTexture-0-27795-1](this:0x7152bd5000,id:1,api:3,p:27795,c:27795) queueBuffer: fps=29.97 dur=1001.09 max=44.83 min=23.51
03-06 21:06:23.742 27795 28825 I BufferQueueProducer: [SurfaceTexture-0-27795-1](this:0x7152bd5000,id:1,api:3,p:27795,c:27795) queueBuffer: fps=30.09 dur=1030.32 max=41.34 min=23.67
03-06 21:06:24.772 27795 28825 I BufferQueueProducer: [SurfaceTexture-0-27795-1](this:0x7152bd5000,id:1,api:3,p:27795,c:27795) queueBuffer: fps=30.09 dur=1030.17 max=40.39 min=26.85
03-06 21:06:25.400 27795 28825 I BufferQueueProducer: [SurfaceTexture-0-27795-1](this:0x7152bd5000,id:1,api:3,p:27795,c:27795) queueBuffer: slot 7 is dropped, handle=0x7152881880
03-06 21:06:25.804 27795 28825 I BufferQueueProducer: [SurfaceTexture-0-27795-1](this:0x7152bd5000,id:1,api:3,p:27795,c:27795) queueBuffer: fps=30.06 dur=1031.34 max=48.16 min=16.67
03-06 21:06:26.806 27795 28825 I BufferQueueProducer: [SurfaceTexture-0-27795-1](this:0x7152bd5000,id:1,api:3,p:27795,c:27795) queueBuffer: fps=29.92 dur=1002.69 max=48.30 min=23.05
03-06 21:06:27.840 27795 28825 I BufferQueueProducer: [SurfaceTexture-0-27795-1](this:0x7152bd5000,id:1,api:3,p:27795,c:27795) queueBuffer: fps=30.00 dur=1033.20 max=43.93 min=23.39
03-06 21:06:28.875 27795 28825 I BufferQueueProducer: [SurfaceTexture-0-27795-1](this:0x7152bd5000,id:1,api:3,p:27795,c:27795) queueBuffer: fps=29.94 dur=1035.40 max=46.64 min=20.42
03-06 21:06:29.877 27795 28825 I BufferQueueProducer: [SurfaceTexture-0-27795-1](this:0x7152bd5000,id:1,api:3,p:27795,c:27795) queueBuffer: fps=29.93 dur=1002.36 max=41.96 min=22.11
03-06 21:06:30.910 27795 28825 I BufferQueueProducer: [SurfaceTexture-0-27795-1](this:0x7152bd5000,id:1,api:3,p:27795,c:27795) queueBuffer: fps=30.02 dur=1032.81 max=43.91 min=21.16
03-06 21:06:31.937 27795 28825 I BufferQueueProducer: [SurfaceTexture-0-27795-1](this:0x7152bd5000,id:1,api:3,p:27795,c:27795) queueBuffer: fps=30.19 dur=1026.98 max=48.63 min=19.52
03-06 21:06:32.939 27795 28825 I BufferQueueProducer: [SurfaceTexture-0-27795-1](this:0x7152bd5000,id:1,api:3,p:27795,c:27795) queueBuffer: fps=29.94 dur=1001.93 max=43.47 min=22.16
03-06 21:06:33.968 27795 28825 I BufferQueueProducer: [SurfaceTexture-0-27795-1](this:0x7152bd5000,id:1,api:3,p:27795,c:27795) queueBuffer: fps=30.13 dur=1028.85 max=46.91 min=23.34
03-06 21:06:34.969 27795 28825 I BufferQueueProducer: [SurfaceTexture-0-27795-1](this:0x7152bd5000,id:1,api:3,p:27795,c:27795) queueBuffer: fps=29.95 dur=1001.55 max=47.88 min=22.31
03-06 21:06:36.006 27795 28825 I BufferQueueProducer: [SurfaceTexture-0-27795-1](this:0x7152bd5000,id:1,api:3,p:27795,c:27795) queueBuffer: fps=29.91 dur=1036.41 max=65.02 min=8.11
03-06 21:06:37.039 27795 28825 I BufferQueueProducer: [SurfaceTexture-0-27795-1](this:0x7152bd5000,id:1,api:3,p:27795,c:27795) queueBuffer: fps=30.01 dur=1032.89 max=44.69 min=12.50
03-06 21:06:38.069 27795 28825 I BufferQueueProducer: [SurfaceTexture-0-27795-1](this:0x7152bd5000,id:1,api:3,p:27795,c:27795) queueBuffer: fps=30.09 dur=1030.24 max=47.62 min=21.70
03-06 21:06:39.075 27795 28825 I BufferQueueProducer: [SurfaceTexture-0-27795-1](this:0x7152bd5000,id:1,api:3,p:27795,c:27795) queueBuffer: fps=29.83 dur=1005.54 max=41.48 min=23.66
03-06 21:06:40.107 27795 28825 I BufferQueueProducer: [SurfaceTexture-0-27795-1](this:0x7152bd5000,id:1,api:3,p:27795,c:27795) queueBuffer: fps=30.03 dur=1032.31 max=43.12 min=26.51
03-06 21:06:41.111 27795 28825 I BufferQueueProducer: [SurfaceTexture-0-27795-1](this:0x7152bd5000,id:1,api:3,p:27795,c:27795) queueBuffer: fps=29.89 dur=1003.68 max=38.53 min=27.93
03-06 21:06:42.143 27795 28825 I BufferQueueProducer: [SurfaceTexture-0-27795-1](this:0x7152bd5000,id:1,api:3,p:27795,c:27795) queueBuffer: fps=30.04 dur=1031.95 max=40.86 min=22.16
03-06 21:06:43.173 27795 28825 I BufferQueueProducer: [SurfaceTexture-0-27795-1](this:0x7152bd5000,id:1,api:3,p:27795,c:27795) queueBuffer: fps=30.09 dur=1030.29 max=47.66 min=19.90
03-06 21:06:44.206 27795 28825 I BufferQueueProducer: [SurfaceTexture-0-27795-1](this:0x7152bd5000,id:1,api:3,p:27795,c:27795) queueBuffer: fps=30.02 dur=1032.71 max=40.46 min=21.68
03-06 21:06:45.234 27795 28825 I BufferQueueProducer: [SurfaceTexture-0-27795-1](this:0x7152bd5000,id:1,api:3,p:27795,c:27795) queueBuffer: fps=30.14 dur=1028.46 max=38.66 min=23.41
03-06 21:06:46.270 27795 28825 I BufferQueueProducer: [SurfaceTexture-0-27795-1](this:0x7152bd5000,id:1,api:3,p:27795,c:27795) queueBuffer: fps=29.94 dur=1035.46 max=36.97 min=27.97
03-06 21:06:47.271 27795 28825 I BufferQueueProducer: [SurfaceTexture-0-27795-1](this:0x7152bd5000,id:1,api:3,p:27795,c:27795) queueBuffer: fps=29.96 dur=1001.18 max=41.82 min=21.97
03-06 21:06:48.272 27795 28825 I BufferQueueProducer: [SurfaceTexture-0-27795-1](this:0x7152bd5000,id:1,api:3,p:27795,c:27795) queueBuffer: fps=29.95 dur=1001.57 max=41.68 min=20.62
03-06 21:06:49.302 27795 28825 I BufferQueueProducer: [SurfaceTexture-0-27795-1](this:0x7152bd5000,id:1,api:3,p:27795,c:27795) queueBuffer: fps=30.11 dur=1029.60 max=43.64 min=20.27
03-06 21:06:50.304 27795 28825 I BufferQueueProducer: [SurfaceTexture-0-27795-1](this:0x7152bd5000,id:1,api:3,p:27795,c:27795) queueBuffer: fps=29.93 dur=1002.46 max=39.61 min=24.18
03-06 21:06:51.312 27795 28825 I BufferQueueProducer: [SurfaceTexture-0-27795-1](this:0x7152bd5000,id:1,api:3,p:27795,c:27795) queueBuffer: fps=29.76 dur=1008.15 max=45.78 min=20.69
03-06 21:06:52.355 27795 28825 I BufferQueueProducer: [SurfaceTexture-0-27795-1](this:0x7152bd5000,id:1,api:3,p:27795,c:27795) queueBuffer: fps=29.73 dur=1042.57 max=55.96 min=18.54
03-06 21:06:53.368 27795 28825 I BufferQueueProducer: [SurfaceTexture-0-27795-1](this:0x7152bd5000,id:1,api:3,p:27795,c:27795) queueBuffer: fps=30.59 dur=1013.38 max=50.55 min=18.89
03-06 21:06:53.533 27795 28825 I BufferQueueProducer: [SurfaceTexture-0-27795-1](this:0x7152bd5000,id:1,api:3,p:27795,c:27795) queueBuffer: slot 0 is dropped, handle=0x7152881340
03-06 21:06:54.370 27795 28825 I BufferQueueProducer: [SurfaceTexture-0-27795-1](this:0x7152bd5000,id:1,api:3,p:27795,c:27795) queueBuffer: fps=29.95 dur=1001.59 max=49.12 min=15.86
03-06 21:06:55.404 27795 28825 I BufferQueueProducer: [SurfaceTexture-0-27795-1](this:0x7152bd5000,id:1,api:3,p:27795,c:27795) queueBuffer: fps=29.97 dur=1034.29 max=38.78 min=27.02
03-06 21:06:56.440 27795 28825 I BufferQueueProducer: [SurfaceTexture-0-27795-1](this:0x7152bd5000,id:1,api:3,p:27795,c:27795) queueBuffer: fps=29.94 dur=1035.46 max=53.74 min=17.76
03-06 21:06:57.473 27795 28825 I BufferQueueProducer: [SurfaceTexture-0-27795-1](this:0x7152bd5000,id:1,api:3,p:27795,c:27795) queueBuffer: fps=30.00 dur=1033.41 max=40.85 min=26.19
03-06 21:06:58.478 27795 28825 I BufferQueueProducer: [SurfaceTexture-0-27795-1](this:0x7152bd5000,id:1,api:3,p:27795,c:27795) queueBuffer: fps=29.86 dur=1004.67 max=42.64 min=22.32
03-06 21:06:59.514 27795 28825 I BufferQueueProducer: [SurfaceTexture-0-27795-1](this:0x7152bd5000,id:1,api:3,p:27795,c:27795) queueBuffer: fps=29.91 dur=1036.42 max=45.02 min=20.40
03-06 21:07:00.537 27795 28825 I BufferQueueProducer: [SurfaceTexture-0-27795-1](this:0x7152bd5000,id:1,api:3,p:27795,c:27795) queueBuffer: fps=30.31 dur=1022.67 max=46.45 min=23.38
03-06 21:07:01.569 27795 28825 I BufferQueueProducer: [SurfaceTexture-0-27795-1](this:0x7152bd5000,id:1,api:3,p:27795,c:27795) queueBuffer: fps=30.02 dur=1032.50 max=45.30 min=22.46
03-06 21:07:02.600 27795 28825 I BufferQueueProducer: [SurfaceTexture-0-27795-1](this:0x7152bd5000,id:1,api:3,p:27795,c:27795) queueBuffer: fps=30.08 dur=1030.74 max=41.52 min=26.46
03-06 21:07:02.693 27795 28805 I CAR.HU.J: [5198] m.c | Media Sink Stop Request: AUDIO
03-06 21:07:02.694 27795 28805 I CAR.HU.J: [5198] j.d | Audio Stop: AUDIO
03-06 21:07:02.694 27795 28843 D AudioTrack: stop(): 0x7172096000, mState = 0
03-06 21:07:02.694 27795 28843 D AudioTrack: stop() called with 4024320 frames delivered
03-06 21:07:02.696 27795 28843 D AudioTrack: audiotrack 0x7172096000 stop done
03-06 21:07:03.607 27795 28825 I BufferQueueProducer: [SurfaceTexture-0-27795-1](this:0x7152bd5000,id:1,api:3,p:27795,c:27795) queueBuffer: fps=29.79 dur=1007.09 max=45.60 min=18.01
03-06 21:07:04.639 27795 28825 I BufferQueueProducer: [SurfaceTexture-0-27795-1](this:0x7152bd5000,id:1,api:3,p:27795,c:27795) queueBuffer: fps=30.03 dur=1032.33 max=47.36 min=20.38
03-06 21:07:05.201 27795 28843 D AudioTrack: stop(): 0x7172096000, mState = 1
03-06 21:07:05.202 27795 28843 D AudioTrack: stop(): 0x7172096000, mState = 1
03-06 21:07:05.203 27795 28843 I CAR.HU.J: [5301] s.run | AudioTrackWrapper thread finished.
03-06 21:07:05.669 27795 28825 I BufferQueueProducer: [SurfaceTexture-0-27795-1](this:0x7152bd5000,id:1,api:3,p:27795,c:27795) queueBuffer: fps=30.12 dur=1029.14 max=42.43 min=27.61
03-06 21:07:06.307 27795 28805 I CAR.HU.J: [5198] m.d | Media Start Request AUDIO: session_id: 1
03-06 21:07:06.307 27795 28805 I CAR.HU.J: configuration_index: 0
03-06 21:07:06.309 27795 28805 I CAR.HU.J: [5198] j.a | AudioDecoder.start: channel=6, stream=3, gain=1.0, sampleRate=48000, numberOfBits=16, numberOfChannels=2, isAac=false
03-06 21:07:06.311 27795 28805 I CAR.HU.J: [5198] s.f | Audio stream: 3 buffer size: 65536 (min: 8192) sampleRateInHz: 48000 channelCount: 2
03-06 21:07:06.313 27795 28805 D AudioTrack: yellowmouse mIsNavi: 0, mIsVoice: 0, mIsBlink:0
03-06 21:07:06.313 27795 28805 D AudioTrack: set: Create AudioTrackThread, tid = 29155
03-06 21:07:06.313 27795 28805 D AudioTrack: yellowmouse createTrack_l mStreamType: -1
03-06 21:07:06.319 27795 28805 D AudioTrack: createTrack_l: 0x7172096400, mCblk = 0x71485ad000, mLatency = 426, mAfLatency = 85, frameCount = 16384, mSampleRate = 48000, mFlags = 0x8, mReqFrameCount = 16384, mNotificationFramesAct = 8192
03-06 21:07:06.323 27795 28805 D AudioTrack: start(): 0x7172096400, mState = 1
03-06 21:07:06.676 27795 28825 I BufferQueueProducer: [SurfaceTexture-0-27795-1](this:0x7152bd5000,id:1,api:3,p:27795,c:27795) queueBuffer: fps=29.78 dur=1007.30 max=43.98 min=23.45
03-06 21:07:07.704 27795 28825 I BufferQueueProducer: [SurfaceTexture-0-27795-1](this:0x7152bd5000,id:1,api:3,p:27795,c:27795) queueBuffer: fps=30.16 dur=1027.85 max=38.50 min=25.99
03-06 21:07:08.709 27795 28825 I BufferQueueProducer: [SurfaceTexture-0-27795-1](this:0x7152bd5000,id:1,api:3,p:27795,c:27795) queueBuffer: fps=29.86 dur=1004.78 max=43.61 min=25.46
03-06 21:07:09.741 27795 28825 I BufferQueueProducer: [SurfaceTexture-0-27795-1](this:0x7152bd5000,id:1,api:3,p:27795,c:27795) queueBuffer: fps=30.03 dur=1032.20 max=44.49 min=21.46
03-06 21:07:10.744 27795 28825 I BufferQueueProducer: [SurfaceTexture-0-27795-1](this:0x7152bd5000,id:1,api:3,p:27795,c:27795) queueBuffer: fps=29.92 dur=1002.74 max=40.08 min=25.48
03-06 21:07:11.749 27795 28825 I BufferQueueProducer: [SurfaceTexture-0-27795-1](this:0x7152bd5000,id:1,api:3,p:27795,c:27795) queueBuffer: fps=29.84 dur=1005.30 max=44.75 min=27.10
03-06 21:07:12.772 27795 28825 I BufferQueueProducer: [SurfaceTexture-0-27795-1](this:0x7152bd5000,id:1,api:3,p:27795,c:27795) queueBuffer: fps=30.31 dur=1022.87 max=39.95 min=21.51
03-06 21:07:13.802 27795 28825 I BufferQueueProducer: [SurfaceTexture-0-27795-1](this:0x7152bd5000,id:1,api:3,p:27795,c:27795) queueBuffer: fps=30.09 dur=1030.17 max=43.16 min=22.54
03-06 21:07:14.811 27795 28825 I BufferQueueProducer: [SurfaceTexture-0-27795-1](this:0x7152bd5000,id:1,api:3,p:27795,c:27795) queueBuffer: fps=29.74 dur=1008.87 max=41.33 min=29.84
03-06 21:07:15.842 27795 28825 I BufferQueueProducer: [SurfaceTexture-0-27795-1](this:0x7152bd5000,id:1,api:3,p:27795,c:27795) queueBuffer: fps=30.05 dur=1031.65 max=52.92 min=21.17
03-06 21:07:16.872 27795 28825 I BufferQueueProducer: [SurfaceTexture-0-27795-1](this:0x7152bd5000,id:1,api:3,p:27795,c:27795) queueBuffer: fps=30.10 dur=1029.93 max=42.94 min=22.26
03-06 21:07:17.874 27795 28825 I BufferQueueProducer: [SurfaceTexture-0-27795-1](this:0x7152bd5000,id:1,api:3,p:27795,c:27795) queueBuffer: fps=29.95 dur=1001.55 max=45.58 min=20.93
03-06 21:07:18.906 27795 28825 I BufferQueueProducer: [SurfaceTexture-0-27795-1](this:0x7152bd5000,id:1,api:3,p:27795,c:27795) queueBuffer: fps=30.03 dur=1032.17 max=43.19 min=20.89
03-06 21:07:19.680 27795 27795 I CAR.HU.J: [2] m0.q | Unknown: 0
03-06 21:07:19.686 27795 27795 I CAR.HU.J: [2] m0.q | Unknown: 0
03-06 21:07:19.706 27795 27795 I CAR.HU.J: [2] AapProjectionActivity.onPause | AapProjectionActivity: onPause
03-06 21:07:19.735 27795 28825 I BufferQueueProducer: [SurfaceTexture-0-27795-1](this:0x7152bd5000,id:1,api:3,p:27795,c:27795) queueBuffer: slot 3 is dropped, handle=0x7152881580
03-06 21:07:19.767 27795 28825 I BufferQueueProducer: [SurfaceTexture-0-27795-1](this:0x7152bd5000,id:1,api:3,p:27795,c:27795) queueBuffer: slot 7 is dropped, handle=0x7152881880
03-06 21:07:19.923 27795 28825 I BufferQueueProducer: [SurfaceTexture-0-27795-1](this:0x7152bd5000,id:1,api:3,p:27795,c:27795) queueBuffer: fps=29.51 dur=1016.70 max=49.23 min=25.90
03-06 21:07:19.976 27795 27816 I GLConsumer: [SurfaceTexture-0-27795-1] detachFromContext
03-06 21:07:19.977 27795 27816 I GPUAUX  : [AUX]~GPUAUXContext:68: destory: 0x71510a7700
03-06 21:07:19.980 27795 27816 D Surface : Surface::disconnect(this=0x7152bef000,api=1)
03-06 21:07:20.014 27795 28825 I BufferQueueProducer: [SurfaceTexture-0-27795-1](this:0x7152bd5000,id:1,api:3,p:27795,c:27795) queueBuffer: slot 7 is dropped, handle=0x7152881880
03-06 21:07:20.041 27795 28825 I BufferQueueProducer: [SurfaceTexture-0-27795-1](this:0x7152bd5000,id:1,api:3,p:27795,c:27795) queueBuffer: slot 2 is dropped, handle=0x71528814c0
03-06 21:07:20.071 27795 28825 I BufferQueueProducer: [SurfaceTexture-0-27795-1](this:0x7152bd5000,id:1,api:3,p:27795,c:27795) queueBuffer: slot 1 is dropped, handle=0x7152881400
03-06 21:07:20.101 27795 28825 I BufferQueueProducer: [SurfaceTexture-0-27795-1](this:0x7152bd5000,id:1,api:3,p:27795,c:27795) queueBuffer: slot 4 is dropped, handle=0x7152881640
03-06 21:07:20.142 27795 28825 I BufferQueueProducer: [SurfaceTexture-0-27795-1](this:0x7152bd5000,id:1,api:3,p:27795,c:27795) queueBuffer: slot 6 is dropped, handle=0x71528817c0
03-06 21:07:20.169 27795 28825 I BufferQueueProducer: [SurfaceTexture-0-27795-1](this:0x7152bd5000,id:1,api:3,p:27795,c:27795) queueBuffer: slot 0 is dropped, handle=0x7152881340
03-06 21:07:20.205 27795 28825 I BufferQueueProducer: [SurfaceTexture-0-27795-1](this:0x7152bd5000,id:1,api:3,p:27795,c:27795) queueBuffer: slot 5 is dropped, handle=0x7152881700
03-06 21:07:20.240 27795 28825 I BufferQueueProducer: [SurfaceTexture-0-27795-1](this:0x7152bd5000,id:1,api:3,p:27795,c:27795) queueBuffer: slot 7 is dropped, handle=0x7152881880
03-06 21:07:20.266 27795 28825 I BufferQueueProducer: [SurfaceTexture-0-27795-1](this:0x7152bd5000,id:1,api:3,p:27795,c:27795) queueBuffer: slot 2 is dropped, handle=0x71528814c0
03-06 21:07:20.300 27795 28825 I BufferQueueProducer: [SurfaceTexture-0-27795-1](this:0x7152bd5000,id:1,api:3,p:27795,c:27795) queueBuffer: slot 1 is dropped, handle=0x7152881400
03-06 21:07:20.340 27795 28825 I BufferQueueProducer: [SurfaceTexture-0-27795-1](this:0x7152bd5000,id:1,api:3,p:27795,c:27795) queueBuffer: slot 4 is dropped, handle=0x7152881640
03-06 21:07:20.370 27795 28825 I BufferQueueProducer: [SurfaceTexture-0-27795-1](this:0x7152bd5000,id:1,api:3,p:27795,c:27795) queueBuffer: slot 6 is dropped, handle=0x71528817c0
03-06 21:07:20.403 27795 28825 I BufferQueueProducer: [SurfaceTexture-0-27795-1](this:0x7152bd5000,id:1,api:3,p:27795,c:27795) queueBuffer: slot 0 is dropped, handle=0x7152881340
03-06 21:07:20.439 27795 28825 I BufferQueueProducer: [SurfaceTexture-0-27795-1](this:0x7152bd5000,id:1,api:3,p:27795,c:27795) queueBuffer: slot 5 is dropped, handle=0x7152881700
03-06 21:07:20.470 27795 28825 I BufferQueueProducer: [SurfaceTexture-0-27795-1](this:0x7152bd5000,id:1,api:3,p:27795,c:27795) queueBuffer: slot 7 is dropped, handle=0x7152881880
03-06 21:07:20.504 27795 28825 I BufferQueueProducer: [SurfaceTexture-0-27795-1](this:0x7152bd5000,id:1,api:3,p:27795,c:27795) queueBuffer: slot 2 is dropped, handle=0x71528814c0
03-06 21:07:20.533 27795 28825 I BufferQueueProducer: [SurfaceTexture-0-27795-1](this:0x7152bd5000,id:1,api:3,p:27795,c:27795) queueBuffer: slot 1 is dropped, handle=0x7152881400
03-06 21:07:20.568 27795 28825 I BufferQueueProducer: [SurfaceTexture-0-27795-1](this:0x7152bd5000,id:1,api:3,p:27795,c:27795) queueBuffer: slot 4 is dropped, handle=0x7152881640
03-06 21:07:20.605 27795 28825 I BufferQueueProducer: [SurfaceTexture-0-27795-1](this:0x7152bd5000,id:1,api:3,p:27795,c:27795) queueBuffer: slot 6 is dropped, handle=0x71528817c0
03-06 21:07:20.637 27795 28825 I BufferQueueProducer: [SurfaceTexture-0-27795-1](this:0x7152bd5000,id:1,api:3,p:27795,c:27795) queueBuffer: slot 0 is dropped, handle=0x7152881340
03-06 21:07:20.673 27795 28825 I BufferQueueProducer: [SurfaceTexture-0-27795-1](this:0x7152bd5000,id:1,api:3,p:27795,c:27795) queueBuffer: slot 5 is dropped, handle=0x7152881700
03-06 21:07:20.701 27795 28825 I BufferQueueProducer: [SurfaceTexture-0-27795-1](this:0x7152bd5000,id:1,api:3,p:27795,c:27795) queueBuffer: slot 7 is dropped, handle=0x7152881880
03-06 21:07:20.732 27795 28825 I BufferQueueProducer: [SurfaceTexture-0-27795-1](this:0x7152bd5000,id:1,api:3,p:27795,c:27795) queueBuffer: slot 2 is dropped, handle=0x71528814c0
03-06 21:07:20.774 27795 28825 I BufferQueueProducer: [SurfaceTexture-0-27795-1](this:0x7152bd5000,id:1,api:3,p:27795,c:27795) queueBuffer: slot 1 is dropped, handle=0x7152881400
03-06 21:07:20.806 27795 28825 I BufferQueueProducer: [SurfaceTexture-0-27795-1](this:0x7152bd5000,id:1,api:3,p:27795,c:27795) queueBuffer: slot 4 is dropped, handle=0x7152881640
03-06 21:07:20.838 27795 28825 I BufferQueueProducer: [SurfaceTexture-0-27795-1](this:0x7152bd5000,id:1,api:3,p:27795,c:27795) queueBuffer: slot 6 is dropped, handle=0x71528817c0
03-06 21:07:20.875 27795 28825 I BufferQueueProducer: [SurfaceTexture-0-27795-1](this:0x7152bd5000,id:1,api:3,p:27795,c:27795) queueBuffer: slot 0 is dropped, handle=0x7152881340
03-06 21:07:20.903 27795 28825 I BufferQueueProducer: [SurfaceTexture-0-27795-1](this:0x7152bd5000,id:1,api:3,p:27795,c:27795) queueBuffer: slot 5 is dropped, handle=0x7152881700
03-06 21:07:20.938 27795 28825 I BufferQueueProducer: [SurfaceTexture-0-27795-1](this:0x7152bd5000,id:1,api:3,p:27795,c:27795) queueBuffer: slot 7 is dropped, handle=0x7152881880
03-06 21:07:20.938 27795 28825 I BufferQueueProducer: [SurfaceTexture-0-27795-1](this:0x7152bd5000,id:1,api:3,p:27795,c:27795) queueBuffer: fps=30.52 dur=1015.61 max=41.88 min=21.02
03-06 21:07:20.971 27795 28825 I BufferQueueProducer: [SurfaceTexture-0-27795-1](this:0x7152bd5000,id:1,api:3,p:27795,c:27795) queueBuffer: slot 2 is dropped, handle=0x71528814c0
03-06 21:07:21.007 27795 28825 I BufferQueueProducer: [SurfaceTexture-0-27795-1](this:0x7152bd5000,id:1,api:3,p:27795,c:27795) queueBuffer: slot 1 is dropped, handle=0x7152881400
03-06 21:07:21.037 27795 28825 I BufferQueueProducer: [SurfaceTexture-0-27795-1](this:0x7152bd5000,id:1,api:3,p:27795,c:27795) queueBuffer: slot 4 is dropped, handle=0x7152881640
03-06 21:07:21.074 27795 28825 I BufferQueueProducer: [SurfaceTexture-0-27795-1](this:0x7152bd5000,id:1,api:3,p:27795,c:27795) queueBuffer: slot 6 is dropped, handle=0x71528817c0
03-06 21:07:21.100 27795 28825 I BufferQueueProducer: [SurfaceTexture-0-27795-1](this:0x7152bd5000,id:1,api:3,p:27795,c:27795) queueBuffer: slot 0 is dropped, handle=0x7152881340
03-06 21:07:21.141 27795 28825 I BufferQueueProducer: [SurfaceTexture-0-27795-1](this:0x7152bd5000,id:1,api:3,p:27795,c:27795) queueBuffer: slot 5 is dropped, handle=0x7152881700
03-06 21:07:21.174 27795 28825 I BufferQueueProducer: [SurfaceTexture-0-27795-1](this:0x7152bd5000,id:1,api:3,p:27795,c:27795) queueBuffer: slot 7 is dropped, handle=0x7152881880
03-06 21:07:21.211 27795 28825 I BufferQueueProducer: [SurfaceTexture-0-27795-1](this:0x7152bd5000,id:1,api:3,p:27795,c:27795) queueBuffer: slot 2 is dropped, handle=0x71528814c0
03-06 21:07:21.238 27795 28825 I BufferQueueProducer: [SurfaceTexture-0-27795-1](this:0x7152bd5000,id:1,api:3,p:27795,c:27795) queueBuffer: slot 1 is dropped, handle=0x7152881400
03-06 21:07:21.275 27795 28825 I BufferQueueProducer: [SurfaceTexture-0-27795-1](this:0x7152bd5000,id:1,api:3,p:27795,c:27795) queueBuffer: slot 4 is dropped, handle=0x7152881640
03-06 21:07:21.311 27795 28825 I BufferQueueProducer: [SurfaceTexture-0-27795-1](this:0x7152bd5000,id:1,api:3,p:27795,c:27795) queueBuffer: slot 6 is dropped, handle=0x71528817c0
03-06 21:07:21.339 27795 28825 I BufferQueueProducer: [SurfaceTexture-0-27795-1](this:0x7152bd5000,id:1,api:3,p:27795,c:27795) queueBuffer: slot 0 is dropped, handle=0x7152881340
03-06 21:07:21.369 27795 28825 I BufferQueueProducer: [SurfaceTexture-0-27795-1](this:0x7152bd5000,id:1,api:3,p:27795,c:27795) queueBuffer: slot 5 is dropped, handle=0x7152881700
03-06 21:07:21.407 27795 28825 I BufferQueueProducer: [SurfaceTexture-0-27795-1](this:0x7152bd5000,id:1,api:3,p:27795,c:27795) queueBuffer: slot 7 is dropped, handle=0x7152881880
03-06 21:07:21.440 27795 28825 I BufferQueueProducer: [SurfaceTexture-0-27795-1](this:0x7152bd5000,id:1,api:3,p:27795,c:27795) queueBuffer: slot 2 is dropped, handle=0x71528814c0
03-06 21:07:21.474 27795 28825 I BufferQueueProducer: [SurfaceTexture-0-27795-1](this:0x7152bd5000,id:1,api:3,p:27795,c:27795) queueBuffer: slot 1 is dropped, handle=0x7152881400
03-06 21:07:21.512 27795 28825 I BufferQueueProducer: [SurfaceTexture-0-27795-1](this:0x7152bd5000,id:1,api:3,p:27795,c:27795) queueBuffer: slot 4 is dropped, handle=0x7152881640
