03-12 16:49:56.836 17110 18136 I HUREV   : [989] AapControlMedia.mediaSinkSetupRequest | Config response: status: HEADUNIT
03-12 16:49:56.836 17110 18136 I HUREV   : max_unacked: 3
03-12 16:49:56.836 17110 18136 I HUREV   : configuration_indices: 0
03-12 16:49:56.841 17110 18136 I HUREV   : [989] AapControlSensor.sensorStartRequest | Sensor Start Request sensor: NIGHT, minUpdatePeriod: 0
03-12 16:49:56.843 17110 18136 I HUREV   : [989] AapControlSensor.sensorStartRequest | SENSOR Sensor Start Response type: 32770 flags: 11 size: 8 dataOffset: 6
03-12 16:49:56.844 17110 18136 I HUREV   : [989] AapControlSensor.sensorStartRequest | Night sensor requested. Triggering immediate update.
03-12 16:49:56.851 17110 17110 I HUREV   : [2] AapProjectionActivity.onPause | AapProjectionActivity: onPause
03-12 16:49:56.858 17110 17110 I HUREV   : [2] AapProjectionActivity.onNewIntent | AapProjectionActivity: onNewIntent received
03-12 16:49:56.859 17110 17110 I HUREV   : [2] AapProjectionActivity.onResume | AapProjectionActivity: onResume
03-12 16:49:56.874 17110 17110 I HUREV   : [2] 1.onReceive | Received request to resend night mode state
03-12 16:49:56.878 17110 18136 I HUREV   : [989] AapControlService.audioFocusRequest | Audio Focus Request: GAIN
03-12 16:49:56.879 17110 17110 I HUREV   : [2] 1.invoke | NightMode update: false
03-12 16:49:56.879 17110 18136 I HUREV   : [989] AapAudio.requestFocusChange | Audio Focus Request: stream=3, type=1
03-12 16:49:56.885 17110 18136 I HUREV   : [989] AapAudio.requestFocusChange | Audio focus request result: GRANTED
03-12 16:49:56.888 17110 18136 I HUREV   : [989] AapControlService.audioFocusRequest | Sending immediate AudioFocusNotification: STATE_GAIN
03-12 16:49:57.003 17110 18136 W HUREV   : [989] AapVideo.process | AapVideo: Dropped Flag 11 packet. len=6, buf[10]=?
03-12 16:49:57.007 17110 18136 I HUREV   : [989] AapControlMedia.execute | RX: Video Focus Request - mode: VIDEO_FOCUS_PROJECTED, reason: UNKNOWN
03-12 16:49:57.715 17110 18136 I HUREV   : [989] UsbAccessoryConnection.recvBlocking | USB reads recovered after 4 errors
03-12 16:49:58.295 17110 18136 I HUREV   : [989] UsbAccessoryConnection.recvBlocking | USB reads recovered after 3 errors
03-12 16:49:58.705 17110 18136 I HUREV   : [989] UsbAccessoryConnection.recvBlocking | USB reads recovered after 2 errors
03-12 16:49:59.707 17110 18136 I HUREV   : [989] UsbAccessoryConnection.recvBlocking | USB reads recovered after 5 errors
03-12 16:49:59.864 17110 17110 W HUREV   : [2] 1.run | Watchdog: No video received. Requesting Keyframe (Unsolicited Focus)...
03-12 16:49:59.877 17110 18136 I HUREV   : [989] UsbAccessoryConnection.recvBlocking | USB reads recovered after 1 errors
03-12 16:49:59.885 17110 18136 I HUREV   : [989] AapControlMedia.mediaStartRequest | Media Start Request AUDIO: session_id: 0
03-12 16:49:59.885 17110 18136 I HUREV   : configuration_index: 0
03-12 16:49:59.892 17110 18136 I HUREV   : [989] AapAudio.decode | AudioDecoder.start: channel=6, stream=3, gain=1.0, sampleRate=48000, numberOfBits=16, numberOfChannels=2, isAac=false
03-12 16:49:59.905 17110 18136 I HUREV   : [989] AudioTrackWrapper.createAudioTrack | Audio stream: 3 buffer size: 65664 (min: 8208) sampleRateInHz: 48000 channelCount: 2
03-12 16:49:59.912 17110 18136 D AudioTrack: yellowmouse mIsNavi: 0, mIsVoice: 0, mIsBlink:0
03-12 16:49:59.913 17110 18136 D AudioTrack: yellowmouse createTrack_l mStreamType: -1
03-12 16:49:59.923 17110 18136 D AudioTrack: Client defaulted notificationFrames to 8208 for frameCount 16416
03-12 16:49:59.972 17110 18136 W HUREV   : [989] AapVideo.process | AapVideo: Dropped Flag 11 packet. len=6, buf[10]=?
03-12 16:49:59.976 17110 18136 I HUREV   : [989] AapControlMedia.mediaStartRequest | Media Start Request VIDEO: session_id: 0
03-12 16:49:59.976 17110 18136 I HUREV   : configuration_index: 0
03-12 16:50:00.337 17110 18136 I HUREV   : [989] VideoDecoder.decode | H.264/AVC config detected in frame (29 bytes)
03-12 16:50:00.340 17110 18136 I HUREV   : [989] VideoDecoder.scanForSpsPpsH264 | SPS parsed: 1280x720
03-12 16:50:00.342 17110 18136 I HUREV   : [989] AapProjectionActivity.onVideoDimensionsChanged | [AapProjectionActivity] Received video dimensions: 1280x720
03-12 16:50:00.345 17110 17110 I HUREV   : [2] GlProjectionView.setVideoSize | GlProjectionView setVideoSize: 1280x720
03-12 16:50:00.346 17110 17110 I BufferQueueConsumer: [SurfaceTexture-1-17110-1](this:0x9067f000,id:1,api:0,p:-1,c:17110) setDefaultBufferSize: width=1280 height=720
03-12 16:50:00.393 17110 18136 W AudioCapabilities: Unsupported mime audio/x-adpcm-ms
03-12 16:50:00.397 17110 18136 W AudioCapabilities: Unsupported mime audio/x-adpcm-dvi-ima
03-12 16:50:00.399 17110 18136 W AudioCapabilities: Unsupported mime audio/alac
03-12 16:50:00.409 17110 18136 W AudioCapabilities: Unsupported mime audio/ape
03-12 16:50:00.486 17110 18136 W VideoCapabilities: Unsupported mime video/divx
03-12 16:50:00.524 17110 18136 W VideoCapabilities: Unrecognized profile/level 1/32 for video/mp4v-es
03-12 16:50:00.524 17110 18136 W VideoCapabilities: Unrecognized profile/level 32768/2 for video/mp4v-es
03-12 16:50:00.524 17110 18136 W VideoCapabilities: Unrecognized profile/level 32768/64 for video/mp4v-es
03-12 16:50:00.541 17110 18136 W VideoCapabilities: Unsupported mime video/flv1
03-12 16:50:00.564 17110 18136 W VideoCapabilities: Unsupported mime video/x-ms-wmv
03-12 16:50:00.571 17110 18136 W VideoCapabilities: Unsupported mime video/xvid
03-12 16:50:00.610 17110 18136 W VideoCapabilities: Unrecognized profile/level 1/32 for video/mp4v-es
03-12 16:50:00.617 17110 18136 I VideoCapabilities: Unsupported profile 4 for video/mp4v-es
03-12 16:50:00.674 17110 18147 I OMXClient: Treble IOmx obtained
03-12 16:50:00.732 17110 18136 I HUREV   : [989] VideoDecoder.start | Configuring decoder: OMX.MTK.VIDEO.DECODER.AVC with surface
03-12 16:50:00.737 17110 18146 D SurfaceUtils: connecting to surface 0x8cfbc008, reason connectToSurface
03-12 16:50:00.737 17110 18146 D Surface : Surface::connect(this=0x8cfbc000,api=3)
03-12 16:50:00.737 17110 18146 I BufferQueueProducer: [SurfaceTexture-1-17110-1](this:0x9067f000,id:1,api:3,p:17110,c:17110) connect(P): api=3 producer=(17110:com.andrerinas.headunitrevived) producerControlledByApp=true
03-12 16:50:00.737 17110 18146 I MediaCodec: [OMX.MTK.VIDEO.DECODER.AVC] setting surface generation to 17520641
03-12 16:50:00.738 17110 18146 D SurfaceUtils: disconnecting from surface 0x8cfbc008, reason connectToSurface(reconnect)
03-12 16:50:00.738 17110 18146 D Surface : Surface::disconnect(this=0x8cfbc000,api=3)
03-12 16:50:00.738 17110 18146 I BufferQueueProducer: [SurfaceTexture-1-17110-1](this:0x9067f000,id:1,api:3,p:17110,c:17110) disconnect(P): api 3
03-12 16:50:00.738 17110 18146 I BufferQueueConsumer: [SurfaceTexture-1-17110-1](this:0x9067f000,id:1,api:3,p:-1,c:17110) getReleasedBuffers: returning mask 0xffffffffffffffff
03-12 16:50:00.738 17110 18146 D SurfaceUtils: connecting to surface 0x8cfbc008, reason connectToSurface(reconnect)
03-12 16:50:00.738 17110 18146 D Surface : Surface::connect(this=0x8cfbc000,api=3)
03-12 16:50:00.738 17110 18146 I BufferQueueProducer: [SurfaceTexture-1-17110-1](this:0x9067f000,id:1,api:3,p:17110,c:17110) connect(P): api=3 producer=(17110:com.andrerinas.headunitrevived) producerControlledByApp=true
03-12 16:50:00.806 17110 18147 D SurfaceUtils: set up nativeWindow 0x8cfbc008 for 1280x720, color 0x23, rotation 0, usage 0x2933
03-12 16:50:00.807 17110 18147 W ACodec  : [OMX.MTK.VIDEO.DECODER.AVC] setting nBufferCountActual to 8 failed: -22
03-12 16:50:00.808 17110 18147 W ACodec  : [OMX.MTK.VIDEO.DECODER.AVC] setting nBufferCountActual to 7 failed: -22
03-12 16:50:00.809 17110 18147 D Surface : Surface::setBufferCount(this=0x8cfbc000,bufferCount=6)
03-12 16:50:00.809 17110 18147 I BufferQueueProducer: [SurfaceTexture-1-17110-1](this:0x9067f000,id:1,api:3,p:17110,c:17110) setMaxDequeuedBufferCount: maxDequeuedBuffers = 4
03-12 16:50:00.818 17110 18147 W GrallocMapperPassthrough: buffer descriptor with invalid usage bits 0x2000
03-12 16:50:00.820 17110 18154 I HUREV   : [996] VideoDecoder.outputThreadLoop | Output thread started
03-12 16:50:00.820 17110 18136 I HUREV   : [989] VideoDecoder.start | Codec initialized: OMX.MTK.VIDEO.DECODER.AVC for stream 1280x720
03-12 16:50:00.820 17110 17110 I CodecLooper: type=1400 audit(0.0:53704): avc: denied { search } for name="clients" dev="debugfs" ino=7071 scontext=u:r:untrusted_app:s0:c512,c768 tcontext=u:object_r:debugfs_ion:s0 tclass=dir permissive=1
03-12 16:50:00.831 17110 18147 W GrallocMapperPassthrough: buffer descriptor with invalid usage bits 0x2000
03-12 16:50:00.842 17110 18147 W GrallocMapperPassthrough: buffer descriptor with invalid usage bits 0x2000
03-12 16:50:00.938 17110 18147 D BufferQueueProducer: [SurfaceTexture-1-17110-1](this:0x9067f000,id:1,api:3,p:17110,c:17110) cancelBuffer: slot 0
03-12 16:50:00.939 17110 18147 D BufferQueueProducer: [SurfaceTexture-1-17110-1](this:0x9067f000,id:1,api:3,p:17110,c:17110) cancelBuffer: slot 1
03-12 16:50:00.940 17110 18147 D BufferQueueProducer: [SurfaceTexture-1-17110-1](this:0x9067f000,id:1,api:3,p:17110,c:17110) cancelBuffer: slot 2
03-12 16:50:00.944 17110 18147 D SurfaceUtils: set up nativeWindow 0x8cfbc008 for 1280x720, color 0x23, rotation 0, usage 0x2933
03-12 16:50:00.944 17110 18147 W ACodec  : [OMX.MTK.VIDEO.DECODER.AVC] setting nBufferCountActual to 15 failed: -22
03-12 16:50:00.945 17110 18147 W ACodec  : [OMX.MTK.VIDEO.DECODER.AVC] setting nBufferCountActual to 14 failed: -22
03-12 16:50:00.945 17110 18147 D Surface : Surface::setBufferCount(this=0x8cfbc000,bufferCount=13)
03-12 16:50:00.945 17110 18147 I BufferQueueProducer: [SurfaceTexture-1-17110-1](this:0x9067f000,id:1,api:3,p:17110,c:17110) setMaxDequeuedBufferCount: maxDequeuedBuffers = 11
03-12 16:50:00.952 17110 18147 W GrallocMapperPassthrough: buffer descriptor with invalid usage bits 0x2000
03-12 16:50:00.959 17110 18147 W GrallocMapperPassthrough: buffer descriptor with invalid usage bits 0x2000
03-12 16:50:00.968 17110 18147 W GrallocMapperPassthrough: buffer descriptor with invalid usage bits 0x2000
03-12 16:50:00.976 17110 18147 W GrallocMapperPassthrough: buffer descriptor with invalid usage bits 0x2000
03-12 16:50:00.988 17110 18147 W GrallocMapperPassthrough: buffer descriptor with invalid usage bits 0x2000
03-12 16:50:01.000 17110 18147 W GrallocMapperPassthrough: buffer descriptor with invalid usage bits 0x2000
03-12 16:50:01.034 17110 18147 W GrallocMapperPassthrough: buffer descriptor with invalid usage bits 0x2000
03-12 16:50:01.064 17110 18154 I HUREV   : [996] VideoDecoder.handleOutputFormatChange | Output Format Changed: {crop-right=1279, color-format=35, slice-height=720, mime=video/raw, hdr-static-info=java.nio.HeapByteBuffer[pos=0 lim=25 cap=25], stride=1280, color-standard=1, color-transfer=3, crop-bottom=719, crop-left=0, width=1280, color-range=2, crop-top=0, height=720}
03-12 16:50:01.079 17110 18147 W GrallocMapperPassthrough: buffer descriptor with invalid usage bits 0x2000
03-12 16:50:01.113 17110 18147 I BufferQueueProducer: [SurfaceTexture-1-17110-1](this:0x9067f000,id:1,api:3,p:17110,c:17110) queueBuffer: slot 4 is dropped, handle=0x901c9480
03-12 16:50:01.140 17110 18147 W GrallocMapperPassthrough: buffer descriptor with invalid usage bits 0x2000
03-12 16:50:01.190 17110 18139 D GraphicBuffer: register, handle(0x901ca080) (w:720 h:1280 s:720 f:0x2 u:f02)
03-12 16:50:01.402 17110 18139 D GraphicBuffer: register, handle(0x901ca140) (w:720 h:1280 s:720 f:0x2 u:f02)
03-12 16:50:01.998 17110 18147 I BufferQueueProducer: [SurfaceTexture-1-17110-1](this:0x9067f000,id:1,api:3,p:17110,c:17110) queueBuffer: slot 2 is dropped, handle=0x901c9240
03-12 16:50:02.080 17110 18147 I BufferQueueProducer: [SurfaceTexture-1-17110-1](this:0x9067f000,id:1,api:3,p:17110,c:17110) queueBuffer: fps=59.24 dur=1012.86 max=46.76 min=11.46
03-12 16:50:02.604 17110 17122 I zygote  : Background concurrent copying GC freed 30257(3MB) AllocSpace objects, 28(880KB) LOS objects, 45% free, 7MB/13MB, paused 266us total 163.351ms
03-12 16:50:03.082 17110 18147 I BufferQueueProducer: [SurfaceTexture-1-17110-1](this:0x9067f000,id:1,api:3,p:17110,c:17110) queueBuffer: fps=46.90 dur=1002.03 max=34.63 min=10.38
03-12 16:50:04.104 17110 18147 I BufferQueueProducer: [SurfaceTexture-1-17110-1](this:0x9067f000,id:1,api:3,p:17110,c:17110) queueBuffer: fps=41.09 dur=1022.18 max=43.52 min=15.56
03-12 16:50:04.699 17110 17122 I zygote  : Background concurrent copying GC freed 32688(4MB) AllocSpace objects, 184(3MB) LOS objects, 49% free, 5MB/11MB, paused 182us total 110.163ms
03-12 16:50:05.108 17110 18147 I BufferQueueProducer: [SurfaceTexture-1-17110-1](this:0x9067f000,id:1,api:3,p:17110,c:17110) queueBuffer: fps=47.81 dur=1003.96 max=38.94 min=10.43
03-12 16:50:06.124 17110 18147 I BufferQueueProducer: [SurfaceTexture-1-17110-1](this:0x9067f000,id:1,api:3,p:17110,c:17110) queueBuffer: fps=36.43 dur=1015.66 max=131.32 min=10.75
03-12 16:50:07.130 17110 18147 I BufferQueueProducer: [SurfaceTexture-1-17110-1](this:0x9067f000,id:1,api:3,p:17110,c:17110) queueBuffer: fps=17.90 dur=1005.86 max=372.20 min=10.81
03-12 16:50:07.443 17110 18136 W HUREV   : [989] AapVideo.process | AapVideo: Dropped Flag 11 packet. len=6, buf[10]=?
03-12 16:50:07.445 17110 18136 I HUREV   : [989] AapControlMedia.execute | RX: Video Focus Request - mode: VIDEO_FOCUS_NATIVE, reason: UNKNOWN
03-12 16:50:07.446 17110 18136 I HUREV   : [989] AapControlMedia.execute | Video Focus NATIVE received. User likely clicked Exit. Stopping transport.
03-12 16:50:07.447 17110 18136 I HUREV   : [989] AapTransport.stop$com_andrerinas_headunitrevived_2_0_1_debug | AapTransport stopping and sending byebye
03-12 16:50:07.613 17110 18136 I HUREV   : [989] AapTransport.quit$com_andrerinas_headunitrevived_2_0_1_debug | AapTransport quitting (clean=false)
03-12 16:50:13.875 17110 17110 I HUREV   : [2] AapProjectionActivity.showReconnectingOverlay | Showing reconnecting overlay
03-12 16:50:13.882 17110 17110 D HookText: remove Node { textView:null, text:Rozłącz}
03-12 16:50:13.883 17110 17110 D HookText: remove Node { textView:null, text:Android Auto uruchamia się…}
03-12 16:50:13.883 17110 17110 D HookText: remove Node { textView:null, text:Rozłącz}
03-12 16:50:13.883 17110 17110 D HookText: remove Node { textView:null, text:Android Auto uruchamia się…}
03-12 16:50:13.883 17110 17110 D HookText: remove Node { textView:null, text:Rozłącz}
03-12 16:50:13.883 17110 17110 D HookText: remove Node { textView:null, text:Android Auto uruchamia się…}
03-12 16:50:13.883 17110 17110 D HookText: remove Node { textView:null, text:Tryb samodzielny}
03-12 16:50:13.883 17110 17110 D HookText: remove Node { textView:null, text:Wi-Fi}
03-12 16:50:13.883 17110 17110 D HookText: remove Node { textView:null, text:Debug}
03-12 16:50:13.884 17110 17110 D HookText: remove Node { textView:null, text:Log Level}
03-12 16:50:13.884 17110 17110 D HookText: remove Node { textView:null, text:Error}
03-12 16:50:13.884 17110 17110 D HookText: remove Node { textView:null, text:Verbose}
03-12 16:50:13.884 17110 17110 D HookText: remove Node { textView:null, text:Debug}
03-12 16:50:13.884 17110 17110 D HookText: remove Node { textView:null, text:Error}
03-12 16:50:13.884 17110 17110 D HookText: remove Node { textView:null, text:Warning}
03-12 16:50:13.884 17110 17110 D HookText: remove Node { textView:null, text:Info}
03-12 16:50:13.885 17110 17110 D HookText: remove Node { textView:null, text:Log Level}
03-12 16:50:13.885 17110 17110 D HookText: remove Node { textView:null, text:Uzyskaj więcej informacji o Headunit Revived}
03-12 16:50:13.885 17110 17110 D HookText: remove Node { textView:null, text:O aplikacji i Wsparcie}
03-12 16:50:13.885 17110 17110 D HookText: remove Node { textView:null, text:2.0.1}
03-12 16:50:13.885 17110 17110 D HookText: remove Node { textView:null, text:Wersja}
03-12 16:50:13.885 17110 17110 D HookText: remove Node { textView:null, text:Informacje}
03-12 16:50:13.885 17110 17110 D HookText: remove Node { textView:null, text:Użyj natywnej bibliotei OpenSSL (szybsze na starszych urządzeniach). Wymaga restartu.}
03-12 16:50:13.885 17110 17110 D HookText: remove Node { textView:null, text:Użyj natywnego SSL}
03-12 16:50:13.886 17110 17110 D HookText: remove Node { textView:null, text:Zapisz logi do debugowania}
03-12 16:50:13.886 17110 17110 D HookText: remove Node { textView:null, text:Eksportuj logi}
03-12 16:50:13.886 17110 17110 D HookText: remove Node { textView:null, text:Stops recording and saves the log file.}
03-12 16:50:13.886 17110 17110 D HookText: remove Node { textView:null, text:Stop log capture}
03-12 16:50:13.886 17110 17110 D HookText: remove Node { textView:null, text:Info}
03-12 16:50:13.886 17110 17110 D HookText: remove Node { textView:null, text:Log Level}
03-12 16:50:13.886 17110 17110 D HookText: remove Node { textView:null, text:Debugowanie}
03-12 16:50:13.887 17110 17110 D HookText: remove Node { textView:null, text:100% / 100% / 100%}
03-12 16:50:13.887 17110 17110 D HookText: remove Node { textView:null, text:Przesunięcie głośności}
03-12 16:50:13.887 17110 17110 D HookText: remove Node { textView:null, text:Domyślne}
03-12 16:50:13.887 17110 17110 D HookText: remove Node { textView:null, text:Źródło wejściowe mikrofonu}
03-12 16:50:13.887 17110 17110 D HookText: remove Node { textView:null, text:16kHz}
03-12 16:50:13.887 17110 17110 D HookText: remove Node { textView:null, text:Próbkowanie mikrofonu}
03-12 16:50:13.887 17110 17110 D HookText: remove Node { textView:null, text:Użyj kodeka AAC dla dźwięku, aby oszczędzać przepustowość (Eksperymentalne).}
03-12 16:50:13.887 17110 17110 D HookText: remove Node { textView:null, text:Użyj dźwięku AAC}
03-12 16:50:13.888 17110 17110 D HookText: remove Node { textView:null, text:Jeśli wyłączone, jednostka nie będzie działać jako wyjście dźwięku. Dźwięk będzie odtwarzany z telefonu.}
03-12 16:50:13.888 17110 17110 D HookText: remove Node { textView:null, text:Włącz wyjście dźwięku}
03-12 16:50:13.888 17110 17110 D HookText: remove Node { textView:null, text:Wideo}
03-12 16:50:13.888 17110 17110 D HookText: remove Node { textView:null, text:Zapisz}
03-12 16:50:13.888 17110 17110 D HookText: remove Node { textView:null, text:Ustawienia}
03-12 16:50:13.888 17110 17110 D HookText: remove Node { textView:null, text:Wyjdź}
03-12 16:50:13.888 17110 17110 D HookText: remove Node { textView:null, text:Ustawienia}
03-12 16:50:13.889 17110 17110 D HookText: remove Node { textView:null, text:USB}
03-12 16:50:29.727 17110 17110 I HUREV   : [2] AapTransport.send | Cannot send message, handler is null (quitting?)
03-12 16:50:29.744 17110 17110 I chatty  : uid=10121(com.andrerinas.headunitrevived) identical 1 line
03-12 16:50:29.759 17110 17110 I HUREV   : [2] AapTransport.send | Cannot send message, handler is null (quitting?)
03-12 16:50:29.766 17110 17110 I HUREV   : [2] AapTransport.send | Cannot send message, handler is null (quitting?)
03-12 16:50:29.773 17110 17110 I HUREV   : [2] AapTransport.send | Cannot send message, handler is null (quitting?)
03-12 16:50:31.740 17110 17110 D WindowClient: Add to mViews: android.widget.LinearLayout{78b2e64 V.E...... ......I. 0,0-0,0}, this = android.view.WindowManagerGlobal@95143b7
03-12 16:50:31.744 17110 17110 D ViewRootImpl[Toast]: hardware acceleration = true , fakeHwAccelerated = false, sRendererDisabled = false, forceHwAccelerated = false, sSystemRendererDisabled = false
03-12 16:50:31.786 17110 17249 D Surface : Surface::connect(this=0x8dfe9800,api=1)
03-12 16:50:31.786 17110 17110 D Surface : Surface::allocateBuffers(this=0x8dfe9800)
03-12 16:50:31.790 17110 17249 D Surface : Surface::setBufferCount(this=0x8dfe9800,bufferCount=4)
03-12 16:50:31.818 17110 17249 D GraphicBuffer: register, handle(0x901ca380) (w:56 h:318 s:64 f:0x1 u:f02)
03-12 16:50:32.870 17110 17110 I HUREV   : [2] AapProjectionActivity.onBackPressed | AapProjectionActivity: Double back press detected. Disconnecting...
03-12 16:50:32.887 17110 17110 I HUREV   : [2] AapProjectionActivity.onPause | AapProjectionActivity: onPause
03-12 16:50:32.949 17110 17110 I HUREV   : [2] AapService.scheduleReconnectIfNeeded | AapService: USB disconnect. Scheduling reconnect check in 3000ms...
03-12 16:50:32.950 17110 18145 D AudioTrack: stop() called with 372736 frames delivered
03-12 16:50:32.954 17110 18154 I HUREV   : [996] VideoDecoder.outputThreadLoop | Output thread stopped
03-12 16:50:32.988 17110 18147 D BufferQueueProducer: [SurfaceTexture-1-17110-1](this:0x9067f000,id:1,api:3,p:17110,c:17110) cancelBuffer: slot 0
03-12 16:50:32.989 17110 18147 D BufferQueueProducer: [SurfaceTexture-1-17110-1](this:0x9067f000,id:1,api:3,p:17110,c:17110) cancelBuffer: slot 1
03-12 16:50:32.991 17110 18147 D BufferQueueProducer: [SurfaceTexture-1-17110-1](this:0x9067f000,id:1,api:3,p:17110,c:17110) cancelBuffer: slot 2
03-12 16:50:32.993 17110 18147 D BufferQueueProducer: [SurfaceTexture-1-17110-1](this:0x9067f000,id:1,api:3,p:17110,c:17110) cancelBuffer: slot 4
03-12 16:50:32.995 17110 18147 D BufferQueueProducer: [SurfaceTexture-1-17110-1](this:0x9067f000,id:1,api:3,p:17110,c:17110) cancelBuffer: slot 5
03-12 16:50:32.997 17110 18147 D BufferQueueProducer: [SurfaceTexture-1-17110-1](this:0x9067f000,id:1,api:3,p:17110,c:17110) cancelBuffer: slot 6
03-12 16:50:32.998 17110 18147 D BufferQueueProducer: [SurfaceTexture-1-17110-1](this:0x9067f000,id:1,api:3,p:17110,c:17110) cancelBuffer: slot 7
03-12 16:50:33.000 17110 18147 D BufferQueueProducer: [SurfaceTexture-1-17110-1](this:0x9067f000,id:1,api:3,p:17110,c:17110) cancelBuffer: slot 9
03-12 16:50:33.000 17110 18147 D BufferQueueProducer: [SurfaceTexture-1-17110-1](this:0x9067f000,id:1,api:3,p:17110,c:17110) cancelBuffer: slot 10
03-12 16:50:33.002 17110 18147 D BufferQueueProducer: [SurfaceTexture-1-17110-1](this:0x9067f000,id:1,api:3,p:17110,c:17110) cancelBuffer: slot 11
03-12 16:50:33.007 17110 18146 D SurfaceUtils: disconnecting from surface 0x8cfbc008, reason disconnectFromSurface
03-12 16:50:33.007 17110 18146 D Surface : Surface::disconnect(this=0x8cfbc000,api=3)
03-12 16:50:33.007 17110 18146 I BufferQueueProducer: [SurfaceTexture-1-17110-1](this:0x9067f000,id:1,api:3,p:17110,c:17110) disconnect(P): api 3
03-12 16:50:33.007 17110 18146 I BufferQueueConsumer: [SurfaceTexture-1-17110-1](this:0x9067f000,id:1,api:3,p:-1,c:17110) getReleasedBuffers: returning mask 0xffffffffffffffff
03-12 16:50:33.032 17110 17110 I HUREV   : [2] HomeFragment.onResume | HomeFragment: onResume. isConnected=false
03-12 16:50:33.047 17110 18106 I HUREV   : [983] VideoDecoder.stop | Decoder stopped: AapService::onDisconnect
03-12 16:50:33.104 17110 17249 D Surface : Surface::connect(this=0x8e010000,api=1)
03-12 16:50:33.104 17110 17110 D Surface : Surface::allocateBuffers(this=0x8e010000)
03-12 16:50:33.131 17110 17249 D Surface : Surface::setBufferCount(this=0x8e010000,bufferCount=4)
03-12 16:50:33.197 17110 17249 D GraphicBuffer: register, handle(0xa2e6dec0) (w:720 h:1280 s:720 f:0x1 u:f02)
03-12 16:50:33.295 17110 17249 D GraphicBuffer: register, handle(0x901c9240) (w:720 h:1280 s:720 f:0x1 u:f02)
03-12 16:50:33.308 17110 18139 E [EGL-ERROR]: __egl_platform_cancel_buffers:644: surface->num_buffers(4)
03-12 16:50:33.308 17110 18139 D Surface : Surface::disconnect(this=0x90678800,api=1)
03-12 16:50:33.308 17110 18139 D GraphicBuffer: unregister, handle(0xa2e6c9c0) (w:720 h:1280 s:720 f:0x2 u:f02)
03-12 16:50:33.309 17110 18139 D GraphicBuffer: unregister, handle(0xa2e6c540) (w:720 h:1280 s:720 f:0x2 u:f02)
03-12 16:50:33.309 17110 18139 D GraphicBuffer: unregister, handle(0x901ca080) (w:720 h:1280 s:720 f:0x2 u:f02)
03-12 16:50:33.309 17110 18139 D GraphicBuffer: unregister, handle(0x901ca140) (w:720 h:1280 s:720 f:0x2 u:f02)
03-12 16:50:33.313 17110 17110 D Surface : Surface::disconnect(this=0x90678800,api=-1)
03-12 16:50:33.324 17110 17249 E [EGL-ERROR]: __egl_platform_cancel_buffers:644: surface->num_buffers(4)
03-12 16:50:33.324 17110 17249 D Surface : Surface::disconnect(this=0x9017b800,api=1)
03-12 16:50:33.325 17110 17249 D GraphicBuffer: unregister, handle(0x901c9e40) (w:720 h:1280 s:720 f:0x1 u:f02)
03-12 16:50:33.325 17110 17249 D GraphicBuffer: unregister, handle(0x901c9180) (w:720 h:1280 s:720 f:0x1 u:f02)
03-12 16:50:33.325 17110 17249 D GraphicBuffer: unregister, handle(0xa2e6dc80) (w:720 h:1280 s:720 f:0x1 u:f02)
03-12 16:50:33.325 17110 17249 D GraphicBuffer: unregister, handle(0xa2e6dd40) (w:720 h:1280 s:720 f:0x1 u:f02)
03-12 16:50:33.400 17110 17110 I HUREV   : [2] AapProjectionActivity.onDestroy | AapProjectionActivity.onDestroy called. isFinishing=true
03-12 16:50:33.403 17110 17110 I BufferQueueConsumer: [SurfaceTexture-1-17110-1](this:0x9067f000,id:1,api:3,p:-1,c:-1) disconnect(C)
03-12 16:50:33.408 17110 17110 D View    : [Warning] assignParent to null: this = DecorView@57b4d36[AapProjectionActivity]
03-12 16:50:33.416 17110 17110 D WindowClient: Remove from mViews: DecorView@57b4d36[AapProjectionActivity], this = android.view.WindowManagerGlobal@95143b7
03-12 16:50:33.419 17110 17110 I HUREV   : [2] AapProjectionActivity.onSurfaceDestroyed | SurfaceCallback: onSurfaceDestroyed. Surface: Surface(name=android.graphics.SurfaceTexture@a3ce9b1)/@0xb561de9
03-12 16:50:33.421 17110 17110 I HUREV   : [2] VideoDecoder.stop | Decoder stopped: surfaceDestroyed
03-12 16:50:33.738 17110 17249 E [EGL-ERROR]: __egl_platform_cancel_buffers:644: surface->num_buffers(4)
03-12 16:50:33.739 17110 17249 D Surface : Surface::disconnect(this=0x8dfe9800,api=1)
03-12 16:50:33.739 17110 17249 D GraphicBuffer: unregister, handle(0x901ca380) (w:56 h:318 s:64 f:0x1 u:f02)
03-12 16:50:33.742 17110 17110 D View    : [Warning] assignParent to null: this = android.widget.LinearLayout{78b2e64 V.E...... ......ID 0,0-318,56}
03-12 16:50:33.749 17110 17110 D WindowClient: Remove from mViews: android.widget.LinearLayout{78b2e64 V.E...... ......ID 0,0-318,56}, this = android.view.WindowManagerGlobal@95143b7
03-12 16:50:35.462 17110 18145 I HUREV   : [992] AudioTrackWrapper.run | AudioTrackWrapper thread finished.
03-12 16:50:35.641 17110 17249 D GraphicBuffer: register, handle(0x901ca2c0) (w:720 h:1280 s:720 f:0x1 u:f02)
03-12 16:50:36.119 17110 17110 I HUREV   : [2] HomeFragment.attemptSingleUsbAutoConnect | HomeFragment: Requesting single-USB auto-connect via AapService
03-12 16:50:36.432 17110 17110 D WindowClient: Add to mViews: DecorView@8068c9c[SettingsActivity], this = android.view.WindowManagerGlobal@95143b7
03-12 16:50:36.435 17110 17110 D ViewRootImpl[SettingsActivity]: hardware acceleration = true , fakeHwAccelerated = false, sRendererDisabled = false, forceHwAccelerated = false, sSystemRendererDisabled = false
03-12 16:50:36.452 17110 17110 I HUREV   : [2] AapService.checkAlreadyConnectedUsb | Found device already in accessory mode: Google 18D1:2D00
03-12 16:50:36.472 17110 17110 I HUREV   : [2] AapService.checkAlreadyConnectedUsb | Found device already in accessory mode: Google 18D1:2D00
03-12 16:50:36.568 17110 17110 D Surface : Surface::allocateBuffers(this=0x8ff50000)
03-12 16:50:36.568 17110 17249 D Surface : Surface::connect(this=0x8ff50000,api=1)
03-12 16:50:36.577 17110 17249 D Surface : Surface::setBufferCount(this=0x8ff50000,bufferCount=4)
03-12 16:50:36.987 17110 18106 D UsbDeviceConnectionJNI: close
03-12 16:50:36.994 17110 18106 I HUREV   : [983] UsbAccessoryConnection.disconnect | Google 18D1:2D00 - UsbDevice[mName=/dev/bus/usb/001/060,mVendorId=6353,mProductId=11520,mClass=0,mSubclass=0,mProtocol=0,mManufacturerName=Android,mProductName=VehiConn_CBE4,mVersion=2.0,mSerialNumber=LY0123456789,mConfigurations=[
03-12 16:50:36.994 17110 18106 I HUREV   : UsbConfiguration[mId=1,mName=accessory,mAttributes=128,mMaxPower=75,mInterfaces=[
03-12 16:50:36.994 17110 18106 I HUREV   : UsbInterface[mId=0,mAlternateSetting=0,mName=Android Accessory Interface,mClass=255,mSubclass=255,mProtocol=0,mEndpoints=[
03-12 16:50:36.994 17110 18106 I HUREV   : UsbEndpoint[mAddress=129,mAttributes=2,mMaxPacketSize=512,mInterval=0]
03-12 16:50:36.994 17110 18106 I HUREV   : UsbEndpoint[mAddress=1,mAttributes=2,mMaxPacketSize=512,mInterval=0]]]]
03-12 16:50:36.994 17110 18106 E UsbDeviceConnectionJNI: device is closed in native_release_interface
03-12 16:50:36.996 17110 18106 E HUREV   : [983] UsbAccessoryConnection.disconnect | Error releaseInterface()
03-12 16:50:37.000 17110 18106 I HUREV   : [983] UsbAccessoryConnection.usbOpen | Established connection: android.hardware.usb.UsbDeviceConnection@440eb9e
03-12 16:50:37.001 17110 18106 I HUREV   : [983] UsbAccessoryConnection.usbOpen | interfaceCount: 1
03-12 16:50:37.005 17110 18106 I HUREV   : [983] UsbAccessoryConnection.initEndpoint | Check accessory endpoints
03-12 16:50:37.007 17110 18106 I HUREV   : [983] UsbAccessoryConnection.initEndpoint | Connected have EPs
03-12 16:50:37.062 17110 17249 D GraphicBuffer: register, handle(0xa2e6dd40) (w:720 h:1280 s:720 f:0x1 u:f02)
03-12 16:50:37.191 17110 17249 D GraphicBuffer: register, handle(0x901c9180) (w:720 h:1280 s:720 f:0x1 u:f02)
03-12 16:50:37.211 17110 18106 I HUREV   : [983] AapTransport.startHandshake$com_andrerinas_headunitrevived_2_0_1_debug | Start Aap transport handshake for com.andrerinas.headunitrevived.connection.UsbAccessoryConnection@218c695
03-12 16:50:37.242 17110 17249 E [EGL-ERROR]: __egl_platform_cancel_buffers:644: surface->num_buffers(4)
03-12 16:50:37.243 17110 17249 D Surface : Surface::disconnect(this=0x8e010000,api=1)
03-12 16:50:37.243 17110 17249 D GraphicBuffer: unregister, handle(0x901ca2c0) (w:720 h:1280 s:720 f:0x1 u:f02)
03-12 16:50:37.243 17110 17249 D GraphicBuffer: unregister, handle(0x901c9240) (w:720 h:1280 s:720 f:0x1 u:f02)
03-12 16:50:37.244 17110 17249 D GraphicBuffer: unregister, handle(0xa2e6dec0) (w:720 h:1280 s:720 f:0x1 u:f02)
03-12 16:50:37.448 17110 17110 I HUREV   : [2] AapProjectionActivity.onCreate | HeadUnit for Android Auto (tm) - Copyright 2011-2015 Michael A. Reid., since 2025 André Rinas All Rights Reserved...
03-12 16:50:37.449 17110 17110 I HUREV   : [2] AapProjectionActivity.onCreate | Using GlProjectionView
03-12 16:50:37.453 17110 17110 I HUREV   : [2] HeadUnitScreenConfig.recalculate | CarScreen: usable width: 1280 height: 720 (Raw: 1280x720, Insets: L0 T0 R0 B0)
03-12 16:50:37.454 17110 17110 I HUREV   : [2] HeadUnitScreenConfig.recalculate | CarScreen isSmallScreen: true, scaleFactor: 1.0
03-12 16:50:37.459 17110 17110 I HUREV   : [2] HeadUnitScreenConfig.recalculate | CarScreen using: _1280x720, number: 2, scales: scaleX: 1.0, scaleY: 1.0
03-12 16:50:37.483 17110 17110 I HUREV   : [2] AapProjectionActivity.onResume | AapProjectionActivity: onResume
03-12 16:50:37.497 17110 17110 D WindowClient: Add to mViews: DecorView@1bbead3[AapProjectionActivity], this = android.view.WindowManagerGlobal@95143b7
03-12 16:50:37.499 17110 17110 D ViewRootImpl[AapProjectionActivity]: hardware acceleration = true , fakeHwAccelerated = false, sRendererDisabled = false, forceHwAccelerated = false, sSystemRendererDisabled = false
03-12 16:50:37.558 17110 17249 D Surface : Surface::connect(this=0x8eb92800,api=1)
03-12 16:50:37.566 17110 17249 D Surface : Surface::setBufferCount(this=0x8eb92800,bufferCount=4)
03-12 16:50:37.596 17110 18202 D Surface : Surface::connect(this=0x90092800,api=1)
03-12 16:50:37.599 17110 18202 D Surface : Surface::setBufferCount(this=0x90092800,bufferCount=4)
03-12 16:50:37.602 17110 18202 D GraphicBuffer: register, handle(0xa4925740) (w:720 h:1280 s:720 f:0x2 u:f02)
03-12 16:50:37.605 17110 18202 I HUREV   : [1260] VideoRenderer.onSurfaceCreated | GlProjectionView: onSurfaceCreated (GL Context)
03-12 16:50:37.607 17110 17249 D GraphicBuffer: register, handle(0x901c9240) (w:720 h:1280 s:720 f:0x1 u:f02)
03-12 16:50:37.608 17110 18202 I BufferQueue: [unnamed-17110-2](this:0x8ce29000,id:2,api:0,p:-1,c:-1) BufferQueue core=(17110:com.andrerinas.headunitrevived)
03-12 16:50:37.610 17110 18202 E DumpTunnel: finding regDump() failed
03-12 16:50:37.611 17110 18202 I BufferQueueConsumer: [unnamed-17110-2](this:0x8ce29000,id:2,api:0,p:-1,c:17110) connect(C): consumer=(17110:com.andrerinas.headunitrevived) controlledByApp=true
03-12 16:50:37.611 17110 18202 I BufferQueueConsumer: [unnamed-17110-2](this:0x8ce29000,id:2,api:0,p:-1,c:17110) setConsumerName: unnamed-17110-2
03-12 16:50:37.612 17110 18202 I BufferQueueConsumer: [SurfaceTexture-1-17110-2](this:0x8ce29000,id:2,api:0,p:-1,c:17110) setConsumerName: SurfaceTexture-1-17110-2
03-12 16:50:37.617 17110 18202 I HUREV   : [1260] VideoRenderer.onSurfaceChanged | GlProjectionView: onSurfaceChanged: 1280x720
03-12 16:50:37.624 17110 18202 D GraphicBuffer: register, handle(0xa4925a40) (w:720 h:1280 s:720 f:0x2 u:f02)
03-12 16:50:37.641 17110 17249 D GraphicBuffer: register, handle(0x901ca2c0) (w:720 h:1280 s:720 f:0x1 u:f02)
03-12 16:50:37.657 17110 17110 I HUREV   : [2] VideoRenderer.onSurfaceCreated$lambda$4 | GlProjectionView: Reporting Surface Created
03-12 16:50:37.659 17110 17110 I HUREV   : [2] AapProjectionActivity.onSurfaceCreated | [AapProjectionActivity] onSurfaceCreated
03-12 16:50:37.661 17110 17110 I HUREV   : [2] AapProjectionActivity.onSurfaceChanged | [AapProjectionActivity] onSurfaceChanged. Actual surface dimensions: width=1280, height=720
03-12 16:50:37.664 17110 17110 I HUREV   : [2] VideoDecoder.setSurface | New surface set: Surface(name=android.graphics.SurfaceTexture@7a52ec3)/@0x1e84817
03-12 16:50:37.665 17110 17110 I HUREV   : [2] AapProjectionActivity.onSurfaceChanged | [AapProjectionActivity] Decoder already has dimensions: 1280x720. Applying to view.
03-12 16:50:37.666 17110 17110 I HUREV   : [2] GlProjectionView.setVideoSize | GlProjectionView setVideoSize: 1280x720
03-12 16:50:37.667 17110 17110 I BufferQueueConsumer: [SurfaceTexture-1-17110-2](this:0x8ce29000,id:2,api:0,p:-1,c:17110) setDefaultBufferSize: width=1280 height=720
03-12 16:50:37.667 17110 17249 D GraphicBuffer: register, handle(0xa2e6eb80) (w:720 h:1280 s:720 f:0x1 u:f02)
03-12 16:50:37.722 17110 17249 E [EGL-ERROR]: __egl_platform_cancel_buffers:644: surface->num_buffers(4)
03-12 16:50:37.722 17110 17249 D Surface : Surface::disconnect(this=0x8ff50000,api=1)
03-12 16:50:37.722 17110 17249 D GraphicBuffer: unregister, handle(0x901c9240) (w:720 h:1280 s:720 f:0x1 u:f02)
03-12 16:50:37.723 17110 17249 D GraphicBuffer: unregister, handle(0x901c9180) (w:720 h:1280 s:720 f:0x1 u:f02)
03-12 16:50:37.724 17110 17249 D GraphicBuffer: unregister, handle(0xa2e6dd40) (w:720 h:1280 s:720 f:0x1 u:f02)
03-12 16:50:37.726 17110 18106 D HUREV   : [983] AapTransport.handshake | Handshake: Starting version request. TS: 87817699
03-12 16:50:37.735 17110 17249 D GraphicBuffer: register, handle(0x901c9180) (w:720 h:1280 s:720 f:0x1 u:f02)
03-12 16:50:37.737 17110 18106 D HUREV   : [983] AapTransport.handshake | Handshake: Version request sent. ret: 10. attempt: 1. TS: 87817710
03-12 16:50:37.738 17110 18106 D HUREV   : [983] AapTransport.handshake | Handshake: Waiting for version response. TS: 87817711
03-12 16:50:37.740 17110 18106 W HUREV   : [983] AapTransport.handshake | Handshake: Ignoring unexpected message (ch=2, type=0x1703, len=2517). Waiting for VERSION_RESPONSE.
03-12 16:50:37.742 17110 18106 W HUREV   : [983] AapTransport.handshake | Handshake: Ignoring unexpected message (ch=2, type=0x1703, len=1467). Waiting for VERSION_RESPONSE.
03-12 16:50:37.746 17110 18106 W HUREV   : [983] AapTransport.handshake | Handshake: Ignoring unexpected message (ch=2, type=0x1703, len=1382). Waiting for VERSION_RESPONSE.
03-12 16:50:37.758 17110 18106 W HUREV   : [983] AapTransport.handshake | Handshake: Ignoring unexpected message (ch=6, type=0x1703, len=8235). Waiting for VERSION_RESPONSE.
03-12 16:50:37.762 17110 18106 W HUREV   : [983] AapTransport.handshake | Handshake: Ignoring unexpected message (ch=0, type=0x1703, len=35). Waiting for VERSION_RESPONSE.
03-12 16:50:37.825 17110 17122 I zygote  : Background concurrent copying GC freed 29245(4MB) AllocSpace objects, 40(1748KB) LOS objects, 49% free, 5MB/10MB, paused 159us total 163.874ms
03-12 16:50:37.838 17110 18106 W HUREV   : [983] AapTransport.handshake | Handshake: No VERSION_RESPONSE within 2s (attempt 1), ret=-1
03-12 16:50:37.854 17110 17120 I BufferQueue: [SurfaceTexture-1-17110-1](this:0x9067f000,id:1,api:3,p:-1,c:-1) ~BufferQueueCore
03-12 16:50:37.994 17110 17110 I HUREV   : [2] UsbReceiver.onReceive | USB Intent: Intent { act=android.hardware.usb.action.USB_DEVICE_DETACHED flg=0x1000010 (has extras) }
03-12 16:50:38.005 17110 17110 I HUREV   : [2] UsbReceiver.onReceive | USB Intent: Intent { act=android.hardware.usb.action.USB_DEVICE_DETACHED flg=0x1000010 (has extras) }
03-12 16:50:38.041 17110 18106 D HUREV   : [983] AapTransport.handshake | Handshake: Version request sent. ret: -1. attempt: 2. TS: 87818013
03-12 16:50:38.042 17110 18106 W HUREV   : [983] AapTransport.handshake | Handshake: Version request send failed (ret=-1), attempt 2
03-12 16:50:38.060 17110 17110 I HUREV   : [2] AapService.scheduleReconnectIfNeeded | AapService: USB disconnect. Scheduling reconnect check in 3000ms...
03-12 16:50:38.060 17110 18104 I HUREV   : [981] VideoDecoder.stop | Decoder stopped: AapService::onDisconnect
03-12 16:50:38.063 17110 17110 I HUREV   : [2] AapProjectionActivity.onPause | AapProjectionActivity: onPause
03-12 16:50:38.172 17110 17110 D Surface : Surface::allocateBuffers(this=0x8ff50000)
03-12 16:50:38.174 17110 17249 D Surface : Surface::connect(this=0x8ff50000,api=1)
03-12 16:50:38.183 17110 17249 D Surface : Surface::setBufferCount(this=0x8ff50000,bufferCount=4)
03-12 16:50:38.244 17110 18106 D HUREV   : [983] AapTransport.handshake | Handshake: Version request sent. ret: -1. attempt: 3. TS: 87818217
03-12 16:50:38.246 17110 18106 W HUREV   : [983] AapTransport.handshake | Handshake: Version request send failed (ret=-1), attempt 3
03-12 16:50:38.262 17110 17249 D GraphicBuffer: register, handle(0x901c9240) (w:720 h:1280 s:720 f:0x1 u:f02)
03-12 16:50:38.332 17110 17249 D GraphicBuffer: register, handle(0xa2e6c600) (w:720 h:1280 s:720 f:0x1 u:f02)
03-12 16:50:38.342 17110 18202 E [EGL-ERROR]: __egl_platform_cancel_buffers:644: surface->num_buffers(4)
03-12 16:50:38.342 17110 18202 D Surface : Surface::disconnect(this=0x90092800,api=1)
03-12 16:50:38.342 17110 18202 D GraphicBuffer: unregister, handle(0xa4925740) (w:720 h:1280 s:720 f:0x2 u:f02)
03-12 16:50:38.343 17110 18202 D GraphicBuffer: unregister, handle(0xa4925a40) (w:720 h:1280 s:720 f:0x2 u:f02)
03-12 16:50:38.344 17110 17110 D Surface : Surface::disconnect(this=0x90092800,api=-1)
03-12 16:50:38.348 17110 17249 E [EGL-ERROR]: __egl_platform_cancel_buffers:644: surface->num_buffers(4)
03-12 16:50:38.349 17110 17249 D Surface : Surface::disconnect(this=0x8eb92800,api=1)
03-12 16:50:38.349 17110 17249 D GraphicBuffer: unregister, handle(0x901ca2c0) (w:720 h:1280 s:720 f:0x1 u:f02)
03-12 16:50:38.349 17110 17249 D GraphicBuffer: unregister, handle(0xa2e6eb80) (w:720 h:1280 s:720 f:0x1 u:f02)
03-12 16:50:38.349 17110 17249 D GraphicBuffer: unregister, handle(0x901c9180) (w:720 h:1280 s:720 f:0x1 u:f02)
03-12 16:50:38.445 17110 17110 I HUREV   : [2] AapProjectionActivity.onDestroy | AapProjectionActivity.onDestroy called. isFinishing=true
03-12 16:50:38.447 17110 18106 E HUREV   : [983] AapTransport.handshake | Handshake: Version request/response failed after 3 attempt(s). last ret: -1
03-12 16:50:38.447 17110 17110 I BufferQueueConsumer: [SurfaceTexture-1-17110-2](this:0x8ce29000,id:2,api:0,p:-1,c:-1) disconnect(C)
03-12 16:50:38.448 17110 18106 I HUREV   : [983] AapTransport.quit$com_andrerinas_headunitrevived_2_0_1_debug | AapTransport quitting (clean=false)
03-12 16:50:38.449 17110 18106 E HUREV   : [983] AapTransport.startHandshake$com_andrerinas_headunitrevived_2_0_1_debug | Handshake failed
03-12 16:50:38.455 17110 17110 D View    : [Warning] assignParent to null: this = DecorView@1bbead3[AapProjectionActivity]
03-12 16:50:38.460 17110 17110 D WindowClient: Remove from mViews: DecorView@1bbead3[AapProjectionActivity], this = android.view.WindowManagerGlobal@95143b7
03-12 16:50:38.462 17110 17110 I HUREV   : [2] AapProjectionActivity.onSurfaceDestroyed | SurfaceCallback: onSurfaceDestroyed. Surface: Surface(name=android.graphics.SurfaceTexture@7a52ec3)/@0x1e84817
03-12 16:50:38.464 17110 17110 I HUREV   : [2] VideoDecoder.stop | Decoder stopped: surfaceDestroyed
03-12 16:50:39.739 17110 17110 D HookText: remove Node { textView:null, text:Rozłącz}
03-12 16:50:39.739 17110 17110 D HookText: remove Node { textView:null, text:Android Auto uruchamia się…}
03-12 16:50:39.740 17110 17110 D HookText: remove Node { textView:null, text:Zapisz}
03-12 16:50:39.740 17110 17110 D HookText: remove Node { textView:null, text:Zapisz}
03-12 16:50:39.740 17110 17110 D HookText: remove Node { textView:null, text:Tryb samodzielny}
03-12 16:50:39.740 17110 17110 D HookText: remove Node { textView:null, text:Wyjdź}
03-12 16:50:39.740 17110 17110 D HookText: remove Node { textView:null, text:Ustawienia}
03-12 16:50:39.740 17110 17110 D HookText: remove Node { textView:null, text:Wi-Fi}
03-12 16:50:39.740 17110 17110 D HookText: remove Node { textView:null, text:USB}
03-12 16:50:39.740 17110 17110 D HookText: remove Node { textView:null, text:Naciśnij Wstecz ponownie, aby wyjść}
03-12 16:50:39.740 17110 17110 D HookText: remove Node { textView:null, text:Twój telefon przestał wysyłać dane. Zwykle jest to spowodowane zmianą sieci w telefonie. Oczekiwanie na przywrócenie…}
03-12 16:50:39.740 17110 17110 D HookText: remove Node { textView:null, text:Połączenie przerwane}
03-12 16:50:39.740 17110 17110 D HookText: remove Node { textView:null, text:Rozłącz}
03-12 16:50:39.768 17110 17249 D GraphicBuffer: register, handle(0xa2e6eb80) (w:720 h:1280 s:720 f:0x1 u:f02)
03-12 16:50:40.732 17110 17249 D GraphicBuffer: register, handle(0x901ca2c0) (w:720 h:1280 s:720 f:0x1 u:f02)
