03-12 19:22:10.731  3214  3214 I BufferQueueConsumer: [SurfaceTexture-1-3214-0](this:0x86a9b000,id:0,api:3,p:-1,c:-1) disconnect(C)
03-12 19:22:10.766  3214  3214 D View    : [Warning] assignParent to null: this = DecorView@7f2ce7e[AapProjectionActivity]
03-12 19:22:10.777  3214  3214 D WindowClient: Remove from mViews: DecorView@7f2ce7e[AapProjectionActivity], this = android.view.WindowManagerGlobal@c07fdf
03-12 19:22:10.797  3214  3214 I HUREV   : [2] AapProjectionActivity.onSurfaceDestroyed | SurfaceCallback: onSurfaceDestroyed. Surface: Surface(name=android.graphics.SurfaceTexture@70ecbd5)/@0xf25dfea
03-12 19:22:10.799  3214  3214 I HUREV   : [2] VideoDecoder.stop | Decoder stopped: surfaceDestroyed
03-12 19:22:11.916  3214  3214 I HUREV   : [2] UsbReceiver.onReceive | USB Intent: Intent { act=android.hardware.usb.action.USB_DEVICE_DETACHED flg=0x1000010 (has extras) }
03-12 19:22:16.025  3214  3214 D HUREV   : [2] UsbReceiver.<init> | UsbReceiver registered
03-12 19:22:16.035  3214  3214 I HUREV   : [2] MainActivity.handleIntent | MainActivity received intent: android.intent.action.MAIN, data: null
03-12 19:22:16.194  3214  3214 D HookText: remove Node { textView:null, text:Rozłącz}
03-12 19:22:16.194  3214  3214 D HookText: remove Node { textView:null, text:Android Auto uruchamia się…}
03-12 19:22:16.426  3214  3214 I HUREV   : [2] HomeFragment.attemptAutoConnect | Auto-connect: USB device Google 18D1:2D00 not found or no permission
03-12 19:22:16.428  3214  3214 I HUREV   : [2] HomeFragment.attemptSingleUsbAutoConnect | HomeFragment: Requesting single-USB auto-connect via AapService
03-12 19:22:16.498  3214  3214 I HUREV   : [2] HomeFragment.onResume | HomeFragment: onResume. isConnected=false
03-12 19:22:16.511  3214  3214 D WindowClient: Add to mViews: DecorView@bc1380b[MainActivity], this = android.view.WindowManagerGlobal@c07fdf
03-12 19:22:16.514  3214  3214 D ViewRootImpl[MainActivity]: hardware acceleration = true , fakeHwAccelerated = false, sRendererDisabled = false, forceHwAccelerated = false, sSystemRendererDisabled = false
03-12 19:22:16.616  3214  3220 I zygote  : Do partial code cache collection, code=124KB, data=119KB
03-12 19:22:16.618  3214  3220 I zygote  : After code cache collection, code=124KB, data=119KB
03-12 19:22:16.621  3214  3220 I zygote  : Increasing code cache capacity to 512KB
03-12 19:22:17.122  3214  3214 D Surface : Surface::allocateBuffers(this=0x85ab9800)
03-12 19:22:17.122  3214  4091 D Surface : Surface::connect(this=0x85ab9800,api=1)
03-12 19:22:17.134  3214  4091 D Surface : Surface::setBufferCount(this=0x85ab9800,bufferCount=4)
03-12 19:22:17.294  3214  3214 I Choreographer: Skipped 39 frames!  The application may be doing too much work on its main thread.
03-12 19:22:17.397  3214  4091 D GraphicBuffer: register, handle(0x996c3980) (w:720 h:1280 s:720 f:0x1 u:f02)
03-12 19:22:17.403  3214  4091 D HWUIExtension: MTKProgramCache.generateProgram: 1
03-12 19:22:17.404  3214  4091 D HWUIExtension: createProgram 0x0000000000000001, binary 0xa572fe38, length 2736, format 36705 within 511ns
03-12 19:22:17.409  3214  4091 D HWUIExtension: MTKProgramCache.generateProgram: 1168231104520
03-12 19:22:17.410  3214  4091 D HWUIExtension: MTKProgramCache.generateProgram: 68724719680
03-12 19:22:17.410  3214  4091 D HWUIExtension: createProgram 0x0000001000500040, binary 0xa57219f8, length 2800, format 36705 within 326ns
03-12 19:22:17.437  3214  3214 I HUREV   : [2] HomeFragment.onResume | HomeFragment: onResume. isConnected=false
03-12 19:22:17.526  3214  4091 D GraphicBuffer: register, handle(0x996c4040) (w:720 h:1280 s:720 f:0x1 u:f02)
03-12 19:22:18.609  3214  4091 D GraphicBuffer: register, handle(0x996c41c0) (w:720 h:1280 s:720 f:0x1 u:f02)
03-12 19:22:19.120  3214  3214 I HUREV   : [2] HomeFragment.attemptAutoConnect | Auto-connect: USB device Google 18D1:2D00 not found or no permission
03-12 19:22:19.122  3214  3214 I HUREV   : [2] HomeFragment.attemptSingleUsbAutoConnect | HomeFragment: Requesting single-USB auto-connect via AapService
03-12 19:22:19.172  3214  3220 I zygote  : Do full code cache collection, code=245KB, data=223KB
03-12 19:22:19.175  3214  3220 I zygote  : After code cache collection, code=185KB, data=134KB
03-12 19:22:19.581  3214  3214 D WindowClient: Add to mViews: DecorView@d3fed18[SettingsActivity], this = android.view.WindowManagerGlobal@c07fdf
03-12 19:22:19.584  3214  3214 D ViewRootImpl[SettingsActivity]: hardware acceleration = true , fakeHwAccelerated = false, sRendererDisabled = false, forceHwAccelerated = false, sSystemRendererDisabled = false
03-12 19:22:19.593  3214  3220 I zygote  : Do partial code cache collection, code=187KB, data=142KB
03-12 19:22:19.595  3214  3214 I Choreographer: Skipped 52 frames!  The application may be doing too much work on its main thread.
03-12 19:22:19.595  3214  3220 I zygote  : After code cache collection, code=187KB, data=142KB
03-12 19:22:19.595  3214  3220 I zygote  : Increasing code cache capacity to 1024KB
03-12 19:22:19.697  3214  3214 D Surface : Surface::allocateBuffers(this=0x85a34000)
03-12 19:22:19.698  3214  4091 D Surface : Surface::connect(this=0x85a34000,api=1)
03-12 19:22:19.711  3214  4091 D Surface : Surface::setBufferCount(this=0x85a34000,bufferCount=4)
03-12 19:22:20.311  3214  3214 D View    : [ANR Warning]onLayout time too long, this =androidx.recyclerview.widget.RecyclerView{1264692 VFED.V... ......ID 0,74-1280,720 #7f0901b7 app:id/settingsRecyclerView}time =566 ms
03-12 19:22:20.312  3214  3214 D View    : [ANR Warning]onLayout time too long, this =android.widget.LinearLayout{7bf292e V.E...... ......ID 0,0-1280,720}time =586 ms
03-12 19:22:20.313  3214  3214 D View    : [ANR Warning]onLayout time too long, this =androidx.fragment.app.FragmentContainerView{284bccf V.E...... ......ID 0,0-1280,720 #7f0901b9 app:id/settings_nav_host}time =587 ms
03-12 19:22:20.314  3214  3214 D View    : [ANR Warning]onLayout time too long, this =androidx.fragment.app.FragmentContainerView{b25a65c V.E...... ......ID 0,0-1280,720 #7f0901b9 app:id/settings_nav_host}time =588 ms
03-12 19:22:20.314  3214  3214 D View    : [ANR Warning]onLayout time too long, this =androidx.appcompat.widget.ContentFrameLayout{ee00d65 V.E...... ......ID 0,0-1280,720 #1020002 android:id/content}time =590 ms
03-12 19:22:20.315  3214  3214 D View    : [ANR Warning]onLayout time too long, this =androidx.appcompat.widget.FitWindowsLinearLayout{a98aa3a V.E...... ......ID 0,0-1280,720 #7f090036 app:id/action_bar_root}time =592 ms
03-12 19:22:20.316  3214  3214 D View    : [ANR Warning]onLayout time too long, this =android.widget.FrameLayout{9ba56eb V.E...... ......ID 0,0-1280,720}time =594 ms
03-12 19:22:20.316  3214  3214 D View    : [ANR Warning]onLayout time too long, this =android.widget.LinearLayout{f94cc48 V.E...... ......ID 0,0-1280,720}time =595 ms
03-12 19:22:20.317  3214  3214 D View    : [ANR Warning]onLayout time too long, this =DecorView@d3fed18[SettingsActivity]time =597 ms
03-12 19:22:20.360  3214  3214 I Choreographer: Skipped 43 frames!  The application may be doing too much work on its main thread.
03-12 19:22:20.496  3214  4091 D GraphicBuffer: register, handle(0x996c4880) (w:720 h:1280 s:720 f:0x1 u:f02)
03-12 19:22:20.506  3214  4091 D HWUIExtension: MTKProgramCache.generateProgram: 68719476736
03-12 19:22:20.507  3214  4091 D HWUIExtension: createProgram 0x0000001000000000, binary 0xa5725054, length 2688, format 36705 within 360ns
03-12 19:22:20.507  3214  4091 D HWUIExtension: MTKProgramCache.generateProgram: 103084458048
03-12 19:22:20.507  3214  4091 D HWUIExtension: createProgram 0x0000001800500040, binary 0xa5733684, length 2800, format 36705 within 428ns
03-12 19:22:20.510  3214  4091 D HWUIExtension: MTKProgramCache.generateProgram: 562949967052865
03-12 19:22:20.511  3214  4091 D HWUIExtension: createProgram 0x0002000000d00041, binary 0xa5731d44, length 2832, format 36705 within 528ns
03-12 19:22:20.511  3214  4091 D HWUIExtension: MTKProgramCache.generateProgram: 34364981312
03-12 19:22:20.512  3214  4091 D HWUIExtension: createProgram 0x0000000800500040, binary 0xa572f3d4, length 2660, format 36705 within 314ns
03-12 19:22:20.619  3214  4091 D GraphicBuffer: register, handle(0x996c4d00) (w:720 h:1280 s:720 f:0x1 u:f02)
03-12 19:22:20.644  3214  4091 E [EGL-ERROR]: __egl_platform_cancel_buffers:644: surface->num_buffers(4)
03-12 19:22:20.644  3214  4091 D Surface : Surface::disconnect(this=0x85ab9800,api=1)
03-12 19:22:20.644  3214  4091 D GraphicBuffer: unregister, handle(0x996c41c0) (w:720 h:1280 s:720 f:0x1 u:f02)
03-12 19:22:20.645  3214  4091 D GraphicBuffer: unregister, handle(0x996c4040) (w:720 h:1280 s:720 f:0x1 u:f02)
03-12 19:22:20.645  3214  4091 D GraphicBuffer: unregister, handle(0x996c3980) (w:720 h:1280 s:720 f:0x1 u:f02)
03-12 19:22:21.216  3214  4091 D GraphicBuffer: register, handle(0x996c4040) (w:720 h:1280 s:720 f:0x1 u:f02)
03-12 19:22:21.852  3214  3220 I zygote  : Compiler allocated 4MB to compile void android.widget.TextView.<init>(android.content.Context, android.util.AttributeSet, int, int)
03-12 19:22:22.531  3214  3214 I HUREV   : [2] UsbReceiver.onReceive | USB Intent: Intent { act=android.hardware.usb.action.USB_DEVICE_ATTACHED flg=0x11000010 (has extras) }
03-12 19:22:22.535  3214  3214 I HUREV   : [2] AapService.onUsbAttach | Normal USB device attached: Xiaomi 2717:FF40. Will check auto-connect in 2000ms...
03-12 19:22:22.539  3214  3214 I HUREV   : [2] UsbReceiver.onReceive | USB Intent: Intent { act=android.hardware.usb.action.USB_DEVICE_ATTACHED flg=0x11000010 (has extras) }
03-12 19:22:22.600  3214  3220 I zygote  : Compiler allocated 5MB to compile void android.view.ViewRootImpl.performTraversals()
03-12 19:22:22.741  3214  4091 D GraphicBuffer: register, handle(0x996c35c0) (w:720 h:1280 s:720 f:0x1 u:f02)
03-12 19:22:24.666  3214  3214 I HUREV   : [2] 1.invokeSuspend | UsbAttachedActivity didn't handle Xiaomi 2717:FF40. Trying from service...
03-12 19:22:24.671  3214  3214 I HUREV   : [2] AapService.performSingleUsbConnect | Single USB auto-connect: connecting to Xiaomi 2717:FF40
03-12 19:22:24.677  3214  4041 I HUREV   : [277] UsbAccessoryMode.switch | Success controlTransfer len: 2  acc_ver: 2
03-12 19:22:24.678  3214  4041 I HUREV   : [277] UsbAccessoryMode.switch | acc_ver: 2
03-12 19:22:24.680  3214  4041 I HUREV   : [277] UsbAccessoryMode.initStringControlTransfer | Success controlTransfer len: 7  index: 0  string: "Android"
03-12 19:22:24.681  3214  4041 I HUREV   : [277] UsbAccessoryMode.initStringControlTransfer | Success controlTransfer len: 12  index: 1  string: "Android Auto"
03-12 19:22:24.683  3214  4041 I HUREV   : [277] UsbAccessoryMode.initStringControlTransfer | Success controlTransfer len: 12  index: 2  string: "Android Auto"
03-12 19:22:24.685  3214  4041 I HUREV   : [277] UsbAccessoryMode.initStringControlTransfer | Success controlTransfer len: 5  index: 3  string: "2.0.1"
03-12 19:22:24.686  3214  4041 I HUREV   : [277] UsbAccessoryMode.initStringControlTransfer | Success controlTransfer len: 45  index: 4  string: "https://developer.android.com/auto/index.html"
03-12 19:22:24.688  3214  4041 I HUREV   : [277] UsbAccessoryMode.initStringControlTransfer | Success controlTransfer len: 12  index: 5  string: "HU-AAAAAA001"
03-12 19:22:24.689  3214  4041 I HUREV   : [277] UsbAccessoryMode.switch | Sending acc start
03-12 19:22:24.691  3214  4041 I HUREV   : [277] UsbAccessoryMode.switch | Acc start sent (len=0). Waiting for re-enumeration...
03-12 19:22:24.968  3214  3214 I HUREV   : [2] UsbReceiver.onReceive | USB Intent: Intent { act=android.hardware.usb.action.USB_DEVICE_DETACHED flg=0x1000010 (has extras) }
03-12 19:22:24.972  3214  3214 I HUREV   : [2] UsbReceiver.onReceive | USB Intent: Intent { act=android.hardware.usb.action.USB_DEVICE_DETACHED flg=0x1000010 (has extras) }
03-12 19:22:25.191  3214  4041 D UsbDeviceConnectionJNI: close
03-12 19:22:25.193  3214  4041 I HUREV   : [277] UsbAccessoryMode.connectAndSwitch | Result: true
03-12 19:22:25.194  3214  4041 I HUREV   : [277] 1.invokeSuspend | Successfully requested switch to accessory mode for single USB device. Waiting for re-enumeration...
03-12 19:22:25.304  3214  3214 I HUREV   : [2] UsbReceiver.onReceive | USB Intent: Intent { act=android.hardware.usb.action.USB_DEVICE_ATTACHED flg=0x11000010 (has extras) }
03-12 19:22:25.306  3214  3214 I HUREV   : [2] AapService.onUsbAttach | USB accessory device attached, connecting.
03-12 19:22:25.339  3214  3214 I HUREV   : [2] AapService.checkAlreadyConnectedUsb | Found device already in accessory mode: Google 18D1:2D00
03-12 19:22:25.343  3214  3214 I HUREV   : [2] UsbReceiver.onReceive | USB Intent: Intent { act=android.hardware.usb.action.USB_DEVICE_ATTACHED flg=0x11000010 (has extras) }
03-12 19:22:25.394  3214  4041 I HUREV   : [277] UsbAccessoryConnection.usbOpen | Established connection: android.hardware.usb.UsbDeviceConnection@c7e0ce8
03-12 19:22:25.402  3214  4041 I HUREV   : [277] UsbAccessoryConnection.usbOpen | interfaceCount: 1
03-12 19:22:25.404  3214  4041 I HUREV   : [277] UsbAccessoryConnection.initEndpoint | Check accessory endpoints
03-12 19:22:25.406  3214  4041 I HUREV   : [277] UsbAccessoryConnection.initEndpoint | Connected have EPs
03-12 19:22:25.581  3214  4041 I HUREV   : [277] AapTransport.<init> | Using Java SSL implementation
03-12 19:22:25.597  3214  4041 I HUREV   : [277] AapTransport.startHandshake$com_andrerinas_headunitrevived_2_0_1_debug | Start Aap transport handshake for com.andrerinas.headunitrevived.connection.UsbAccessoryConnection@222f1a6
03-12 19:22:25.961  3214  4091 E [EGL-ERROR]: __egl_platform_cancel_buffers:644: surface->num_buffers(4)
03-12 19:22:25.965  3214  4091 D Surface : Surface::disconnect(this=0x85a34000,api=1)
03-12 19:22:25.967  3214  4091 D GraphicBuffer: unregister, handle(0x996c4040) (w:720 h:1280 s:720 f:0x1 u:f02)
03-12 19:22:25.967  3214  4091 D GraphicBuffer: unregister, handle(0x996c4d00) (w:720 h:1280 s:720 f:0x1 u:f02)
03-12 19:22:25.967  3214  4091 D GraphicBuffer: unregister, handle(0x996c4880) (w:720 h:1280 s:720 f:0x1 u:f02)
03-12 19:22:25.968  3214  4091 D GraphicBuffer: unregister, handle(0x996c35c0) (w:720 h:1280 s:720 f:0x1 u:f02)
03-12 19:22:26.152  3214  4041 D HUREV   : [277] AapTransport.handshake | Handshake: Starting version request. TS: 2512957
03-12 19:22:26.154  3214  4041 D HUREV   : [277] AapTransport.handshake | Handshake: Version request sent. ret: 10. attempt: 1. TS: 2512969
03-12 19:22:26.156  3214  4041 D HUREV   : [277] AapTransport.handshake | Handshake: Waiting for version response. TS: 2512970
03-12 19:22:26.349  3214  3214 I HUREV   : [2] AapProjectionActivity.onCreate | HeadUnit for Android Auto (tm) - Copyright 2011-2015 Michael A. Reid., since 2025 André Rinas All Rights Reserved...
03-12 19:22:26.351  3214  3214 I HUREV   : [2] AapProjectionActivity.onCreate | Using GlProjectionView
03-12 19:22:26.358  3214  3214 I HUREV   : [2] HeadUnitScreenConfig.recalculate | CarScreen: usable width: 1280 height: 720 (Raw: 1280x720, Insets: L0 T0 R0 B0)
03-12 19:22:26.360  3214  3214 I HUREV   : [2] HeadUnitScreenConfig.recalculate | CarScreen isSmallScreen: true, scaleFactor: 1.0
03-12 19:22:26.373  3214  3214 I HUREV   : [2] HeadUnitScreenConfig.recalculate | CarScreen using: _1280x720, number: 2, scales: scaleX: 1.0, scaleY: 1.0
03-12 19:22:26.444  3214  3214 I HUREV   : [2] AapProjectionActivity.onResume | AapProjectionActivity: onResume
03-12 19:22:26.469  3214  3214 D WindowClient: Add to mViews: DecorView@7e9684[AapProjectionActivity], this = android.view.WindowManagerGlobal@c07fdf
03-12 19:22:26.474  3214  3214 D ViewRootImpl[AapProjectionActivity]: hardware acceleration = true , fakeHwAccelerated = false, sRendererDisabled = false, forceHwAccelerated = false, sSystemRendererDisabled = false
03-12 19:22:26.649  3214  3226 I zygote  : Background concurrent copying GC freed 34244(2MB) AllocSpace objects, 7(1040KB) LOS objects, 49% free, 6MB/12MB, paused 792us total 284.848ms
03-12 19:22:26.710  3214  4091 D Surface : Surface::connect(this=0x85e1b800,api=1)
03-12 19:22:26.715  3214  4091 D Surface : Surface::setBufferCount(this=0x85e1b800,bufferCount=4)
03-12 19:22:26.718  3214  3224 I BufferQueue: [SurfaceTexture-1-3214-0](this:0x86a9b000,id:0,api:3,p:-1,c:-1) ~BufferQueueCore
03-12 19:22:26.757  3214  4349 D Surface : Surface::connect(this=0x996d2000,api=1)
03-12 19:22:26.759  3214  4349 D Surface : Surface::setBufferCount(this=0x996d2000,bufferCount=4)
03-12 19:22:26.763  3214  4349 D GraphicBuffer: register, handle(0x9b325680) (w:720 h:1280 s:720 f:0x2 u:f02)
03-12 19:22:26.772  3214  4349 I HUREV   : [1363] VideoRenderer.onSurfaceCreated | GlProjectionView: onSurfaceCreated (GL Context)
03-12 19:22:26.776  3214  4349 I BufferQueue: [unnamed-3214-1](this:0x8525c000,id:1,api:0,p:-1,c:-1) BufferQueue core=(3214:com.andrerinas.headunitrevived)
03-12 19:22:26.776  3214  4349 E DumpTunnel: finding regDump() failed
03-12 19:22:26.776  3214  4349 I BufferQueueConsumer: [unnamed-3214-1](this:0x8525c000,id:1,api:0,p:-1,c:3214) connect(C): consumer=(3214:com.andrerinas.headunitrevived) controlledByApp=true
03-12 19:22:26.776  3214  4349 I BufferQueueConsumer: [unnamed-3214-1](this:0x8525c000,id:1,api:0,p:-1,c:3214) setConsumerName: unnamed-3214-1
03-12 19:22:26.776  3214  4349 I BufferQueueConsumer: [SurfaceTexture-1-3214-1](this:0x8525c000,id:1,api:0,p:-1,c:3214) setConsumerName: SurfaceTexture-1-3214-1
03-12 19:22:26.779  3214  4349 I HUREV   : [1363] VideoRenderer.onSurfaceChanged | GlProjectionView: onSurfaceChanged: 1280x720
03-12 19:22:26.799  3214  4349 D GraphicBuffer: register, handle(0x9b324840) (w:720 h:1280 s:720 f:0x2 u:f02)
03-12 19:22:26.836  3214  4091 D GraphicBuffer: register, handle(0x996c4880) (w:720 h:1280 s:720 f:0x1 u:f02)
03-12 19:22:26.863  3214  4091 D GraphicBuffer: register, handle(0x996c4040) (w:720 h:1280 s:720 f:0x1 u:f02)
03-12 19:22:26.879  3214  4091 D GraphicBuffer: register, handle(0x996c3140) (w:720 h:1280 s:720 f:0x1 u:f02)
03-12 19:22:26.928  3214  3214 I HUREV   : [2] VideoRenderer.onSurfaceCreated$lambda$4 | GlProjectionView: Reporting Surface Created
03-12 19:22:26.931  3214  3214 I HUREV   : [2] AapProjectionActivity.onSurfaceCreated | [AapProjectionActivity] onSurfaceCreated
03-12 19:22:26.933  3214  3214 I HUREV   : [2] AapProjectionActivity.onSurfaceChanged | [AapProjectionActivity] onSurfaceChanged. Actual surface dimensions: width=1280, height=720
03-12 19:22:26.935  3214  3214 I HUREV   : [2] VideoDecoder.setSurface | New surface set: Surface(name=android.graphics.SurfaceTexture@d76a8b4)/@0x8e0cf38
03-12 19:22:26.937  3214  3214 I HUREV   : [2] AapProjectionActivity.onSurfaceChanged | [AapProjectionActivity] Decoder already has dimensions: 1280x720. Applying to view.
03-12 19:22:26.940  3214  3214 I HUREV   : [2] GlProjectionView.setVideoSize | GlProjectionView setVideoSize: 1280x720
03-12 19:22:26.940  3214  3214 I BufferQueueConsumer: [SurfaceTexture-1-3214-1](this:0x8525c000,id:1,api:0,p:-1,c:3214) setDefaultBufferSize: width=1280 height=720
03-12 19:22:27.313  3214  3220 I zygote  : Compiler allocated 4MB to compile void android.widget.TextView.<init>(android.content.Context, android.util.AttributeSet, int, int)
03-12 19:22:27.443  3214  3220 I zygote  : Do full code cache collection, code=507KB, data=398KB
03-12 19:22:27.447  3214  3220 I zygote  : After code cache collection, code=459KB, data=316KB
03-12 19:22:28.155  3214  4041 W HUREV   : [277] AapTransport.handshake | Handshake: No VERSION_RESPONSE within 2s (attempt 1), ret=-1
03-12 19:22:28.357  3214  4041 D HUREV   : [277] AapTransport.handshake | Handshake: Version request sent. ret: 10. attempt: 2. TS: 2515171
03-12 19:22:28.358  3214  4041 D HUREV   : [277] AapTransport.handshake | Handshake: Waiting for version response. TS: 2515173
03-12 19:22:29.453  3214  3214 W HUREV   : [2] 1.run | Watchdog: No video received. Requesting Keyframe (Unsolicited Focus)...
03-12 19:22:30.355  3214  4041 W HUREV   : [277] AapTransport.handshake | Handshake: No VERSION_RESPONSE within 2s (attempt 2), ret=-1
03-12 19:22:30.556  3214  4041 D HUREV   : [277] AapTransport.handshake | Handshake: Version request sent. ret: 10. attempt: 3. TS: 2517371
03-12 19:22:30.558  3214  4041 D HUREV   : [277] AapTransport.handshake | Handshake: Waiting for version response. TS: 2517372
03-12 19:22:32.461  3214  3214 W HUREV   : [2] 1.run | Watchdog: No video received. Requesting Keyframe (Unsolicited Focus)...
03-12 19:22:32.554  3214  4041 W HUREV   : [277] AapTransport.handshake | Handshake: No VERSION_RESPONSE within 2s (attempt 3), ret=-1
03-12 19:22:32.756  3214  4041 E HUREV   : [277] AapTransport.handshake | Handshake: Version request/response failed after 3 attempt(s). last ret: -1
03-12 19:22:32.758  3214  4041 I HUREV   : [277] AapTransport.quit$com_andrerinas_headunitrevived_2_0_1_debug | AapTransport quitting (clean=false)
03-12 19:22:32.762  3214  4041 E HUREV   : [277] AapTransport.startHandshake$com_andrerinas_headunitrevived_2_0_1_debug | Handshake failed
03-12 19:22:32.763  3214  4043 I HUREV   : [279] AapTransport.quit$com_andrerinas_headunitrevived_2_0_1_debug | AapTransport quitting (clean=false)
03-12 19:22:32.763  3214  4043 D UsbDeviceConnectionJNI: close
03-12 19:22:32.766  3214  4043 I HUREV   : [279] UsbAccessoryConnection.disconnect | Google 18D1:2D00 - UsbDevice[mName=/dev/bus/usb/001/007,mVendorId=6353,mProductId=11520,mClass=0,mSubclass=0,mProtocol=0,mManufacturerName=Android,mProductName=VehiConn_CBE4,mVersion=2.0,mSerialNumber=LY0123456789,mConfigurations=[
03-12 19:22:32.766  3214  4043 I HUREV   : UsbConfiguration[mId=1,mName=accessory,mAttributes=128,mMaxPower=75,mInterfaces=[
03-12 19:22:32.766  3214  4043 I HUREV   : UsbInterface[mId=0,mAlternateSetting=0,mName=Android Accessory Interface,mClass=255,mSubclass=255,mProtocol=0,mEndpoints=[
03-12 19:22:32.766  3214  4043 I HUREV   : UsbEndpoint[mAddress=129,mAttributes=2,mMaxPacketSize=512,mInterval=0]
03-12 19:22:32.766  3214  4043 I HUREV   : UsbEndpoint[mAddress=1,mAttributes=2,mMaxPacketSize=512,mInterval=0]]]]
03-12 19:22:32.767  3214  4043 E UsbDeviceConnectionJNI: device is closed in native_release_interface
03-12 19:22:32.774  3214  4043 E HUREV   : [279] UsbAccessoryConnection.disconnect | Error releaseInterface()
03-12 19:22:32.783  3214  3214 I HUREV   : [2] AapService.scheduleReconnectIfNeeded | AapService: USB disconnect. Scheduling reconnect check in 3000ms...
03-12 19:22:32.784  3214  4043 I HUREV   : [279] VideoDecoder.stop | Decoder stopped: AapService::onDisconnect
03-12 19:22:32.801  3214  3214 I HUREV   : [2] AapProjectionActivity.onPause | AapProjectionActivity: onPause
03-12 19:22:32.938  3214  3214 D Surface : Surface::allocateBuffers(this=0x86694800)
03-12 19:22:32.939  3214  4091 D Surface : Surface::connect(this=0x86694800,api=1)
03-12 19:22:32.948  3214  4091 D Surface : Surface::setBufferCount(this=0x86694800,bufferCount=4)
03-12 19:22:33.056  3214  4091 D GraphicBuffer: register, handle(0x85e25000) (w:720 h:1280 s:720 f:0x1 u:f02)
03-12 19:22:33.140  3214  4091 D GraphicBuffer: register, handle(0x85e25180) (w:720 h:1280 s:720 f:0x1 u:f02)
03-12 19:22:33.180  3214  4349 E [EGL-ERROR]: __egl_platform_cancel_buffers:644: surface->num_buffers(4)
03-12 19:22:33.181  3214  4349 D Surface : Surface::disconnect(this=0x996d2000,api=1)
03-12 19:22:33.181  3214  4349 D GraphicBuffer: unregister, handle(0x9b325680) (w:720 h:1280 s:720 f:0x2 u:f02)
03-12 19:22:33.181  3214  4349 D GraphicBuffer: unregister, handle(0x9b324840) (w:720 h:1280 s:720 f:0x2 u:f02)
03-12 19:22:33.182  3214  3214 D Surface : Surface::disconnect(this=0x996d2000,api=-1)
03-12 19:22:33.196  3214  4091 E [EGL-ERROR]: __egl_platform_cancel_buffers:644: surface->num_buffers(4)
03-12 19:22:33.196  3214  4091 D Surface : Surface::disconnect(this=0x85e1b800,api=1)
03-12 19:22:33.197  3214  4091 D GraphicBuffer: unregister, handle(0x996c4880) (w:720 h:1280 s:720 f:0x1 u:f02)
03-12 19:22:33.197  3214  4091 D GraphicBuffer: unregister, handle(0x996c4040) (w:720 h:1280 s:720 f:0x1 u:f02)
03-12 19:22:33.197  3214  4091 D GraphicBuffer: unregister, handle(0x996c3140) (w:720 h:1280 s:720 f:0x1 u:f02)
03-12 19:22:33.251  3214  3214 I HUREV   : [2] AapProjectionActivity.onDestroy | AapProjectionActivity.onDestroy called. isFinishing=true
03-12 19:22:33.253  3214  3214 I BufferQueueConsumer: [SurfaceTexture-1-3214-1](this:0x8525c000,id:1,api:0,p:-1,c:-1) disconnect(C)
03-12 19:22:33.262  3214  3214 D View    : [Warning] assignParent to null: this = DecorView@7e9684[AapProjectionActivity]
03-12 19:22:33.268  3214  3214 D WindowClient: Remove from mViews: DecorView@7e9684[AapProjectionActivity], this = android.view.WindowManagerGlobal@c07fdf
03-12 19:22:33.270  3214  3214 I HUREV   : [2] AapProjectionActivity.onSurfaceDestroyed | SurfaceCallback: onSurfaceDestroyed. Surface: Surface(name=android.graphics.SurfaceTexture@d76a8b4)/@0x8e0cf38
03-12 19:22:33.272  3214  3214 I HUREV   : [2] VideoDecoder.stop | Decoder stopped: surfaceDestroyed
03-12 19:22:33.415  3214  4091 D GraphicBuffer: register, handle(0x996c4040) (w:720 h:1280 s:720 f:0x1 u:f02)
03-12 19:22:34.643  3214  4091 D HWUIExtension: MTKProgramCache.generateProgram: 103079215104
03-12 19:22:34.644  3214  4091 D HWUIExtension: createProgram 0x0000001800000000, binary 0xa5727da4, length 2688, format 36705 within 363ns
03-12 19:22:35.385  3214  4091 D GraphicBuffer: register, handle(0x996c35c0) (w:720 h:1280 s:720 f:0x1 u:f02)
03-12 19:22:35.802  3214  3214 I HUREV   : [2] AapService.checkAlreadyConnectedUsb | Found device already in accessory mode: Google 18D1:2D00
03-12 19:22:35.810  3214  4043 I HUREV   : [279] UsbAccessoryConnection.usbOpen | Established connection: android.hardware.usb.UsbDeviceConnection@71baa80
03-12 19:22:35.811  3214  4043 I HUREV   : [279] UsbAccessoryConnection.usbOpen | interfaceCount: 1
03-12 19:22:35.812  3214  4043 I HUREV   : [279] UsbAccessoryConnection.initEndpoint | Check accessory endpoints
03-12 19:22:35.813  3214  4043 I HUREV   : [279] UsbAccessoryConnection.initEndpoint | Connected have EPs
03-12 19:22:35.859  3214  4043 I HUREV   : [279] AapTransport.<init> | Using Java SSL implementation
03-12 19:22:35.861  3214  4043 I HUREV   : [279] AapTransport.startHandshake$com_andrerinas_headunitrevived_2_0_1_debug | Start Aap transport handshake for com.andrerinas.headunitrevived.connection.UsbAccessoryConnection@1b63775
03-12 19:22:35.985  3214  3214 D HookText: remove Node { textView:null, text:Zapisz}
03-12 19:22:35.985  3214  3214 D HookText: remove Node { textView:null, text:Zapisz}
03-12 19:22:35.985  3214  3214 D HookText: remove Node { textView:null, text:Tryb samodzielny}
03-12 19:22:35.985  3214  3214 D HookText: remove Node { textView:null, text:Wyjdź}
03-12 19:22:35.985  3214  3214 D HookText: remove Node { textView:null, text:Ustawienia}
03-12 19:22:35.985  3214  3214 D HookText: remove Node { textView:null, text:Wi-Fi}
03-12 19:22:35.986  3214  3214 D HookText: remove Node { textView:null, text:USB}
03-12 19:22:35.986  3214  3214 D HookText: remove Node { textView:null, text:Rozłącz}
03-12 19:22:35.986  3214  3214 D HookText: remove Node { textView:null, text:Android Auto uruchamia się…}
03-12 19:22:36.084  3214  3214 I HUREV   : [2] AapProjectionActivity.onCreate | HeadUnit for Android Auto (tm) - Copyright 2011-2015 Michael A. Reid., since 2025 André Rinas All Rights Reserved...
03-12 19:22:36.085  3214  3214 I HUREV   : [2] AapProjectionActivity.onCreate | Using GlProjectionView
03-12 19:22:36.091  3214  3214 I HUREV   : [2] HeadUnitScreenConfig.recalculate | CarScreen: usable width: 1280 height: 720 (Raw: 1280x720, Insets: L0 T0 R0 B0)
03-12 19:22:36.093  3214  3214 I HUREV   : [2] HeadUnitScreenConfig.recalculate | CarScreen isSmallScreen: true, scaleFactor: 1.0
03-12 19:22:36.095  3214  3214 I HUREV   : [2] HeadUnitScreenConfig.recalculate | CarScreen using: _1280x720, number: 2, scales: scaleX: 1.0, scaleY: 1.0
03-12 19:22:36.125  3214  3214 I HUREV   : [2] AapProjectionActivity.onResume | AapProjectionActivity: onResume
03-12 19:22:36.138  3214  3214 D WindowClient: Add to mViews: DecorView@4ca72b3[AapProjectionActivity], this = android.view.WindowManagerGlobal@c07fdf
03-12 19:22:36.141  3214  3214 D ViewRootImpl[AapProjectionActivity]: hardware acceleration = true , fakeHwAccelerated = false, sRendererDisabled = false, forceHwAccelerated = false, sSystemRendererDisabled = false
03-12 19:22:36.208  3214  4091 D Surface : Surface::connect(this=0x85e5e800,api=1)
03-12 19:22:36.212  3214  4091 D Surface : Surface::setBufferCount(this=0x85e5e800,bufferCount=4)
03-12 19:22:36.244  3214  4362 D Surface : Surface::connect(this=0x85e79800,api=1)
03-12 19:22:36.246  3214  4362 D Surface : Surface::setBufferCount(this=0x85e79800,bufferCount=4)
03-12 19:22:36.250  3214  4362 D GraphicBuffer: register, handle(0x85e25840) (w:720 h:1280 s:720 f:0x2 u:f02)
03-12 19:22:36.252  3214  4362 I HUREV   : [1370] VideoRenderer.onSurfaceCreated | GlProjectionView: onSurfaceCreated (GL Context)
03-12 19:22:36.255  3214  4362 I BufferQueue: [unnamed-3214-2](this:0x85a20000,id:2,api:0,p:-1,c:-1) BufferQueue core=(3214:com.andrerinas.headunitrevived)
03-12 19:22:36.255  3214  4362 E DumpTunnel: finding regDump() failed
03-12 19:22:36.256  3214  4362 I BufferQueueConsumer: [unnamed-3214-2](this:0x85a20000,id:2,api:0,p:-1,c:3214) connect(C): consumer=(3214:com.andrerinas.headunitrevived) controlledByApp=true
03-12 19:22:36.256  3214  4362 I BufferQueueConsumer: [unnamed-3214-2](this:0x85a20000,id:2,api:0,p:-1,c:3214) setConsumerName: unnamed-3214-2
03-12 19:22:36.256  3214  4362 I BufferQueueConsumer: [SurfaceTexture-1-3214-2](this:0x85a20000,id:2,api:0,p:-1,c:3214) setConsumerName: SurfaceTexture-1-3214-2
03-12 19:22:36.262  3214  4362 I HUREV   : [1370] VideoRenderer.onSurfaceChanged | GlProjectionView: onSurfaceChanged: 1280x720
03-12 19:22:36.270  3214  4362 D GraphicBuffer: register, handle(0x85e25b40) (w:720 h:1280 s:720 f:0x2 u:f02)
03-12 19:22:36.287  3214  4091 D GraphicBuffer: register, handle(0x996c4d00) (w:720 h:1280 s:720 f:0x1 u:f02)
03-12 19:22:36.303  3214  3214 I HUREV   : [2] VideoRenderer.onSurfaceCreated$lambda$4 | GlProjectionView: Reporting Surface Created
03-12 19:22:36.305  3214  3214 I HUREV   : [2] AapProjectionActivity.onSurfaceCreated | [AapProjectionActivity] onSurfaceCreated
03-12 19:22:36.332  3214  4091 D GraphicBuffer: register, handle(0x85e25d80) (w:720 h:1280 s:720 f:0x1 u:f02)
03-12 19:22:36.338  3214  3214 I HUREV   : [2] AapProjectionActivity.onSurfaceChanged | [AapProjectionActivity] onSurfaceChanged. Actual surface dimensions: width=1280, height=720
03-12 19:22:36.339  3214  3214 I HUREV   : [2] VideoDecoder.setSurface | New surface set: Surface(name=android.graphics.SurfaceTexture@d56ea3)/@0x9be81f7
03-12 19:22:36.341  3214  3214 I HUREV   : [2] AapProjectionActivity.onSurfaceChanged | [AapProjectionActivity] Decoder already has dimensions: 1280x720. Applying to view.
03-12 19:22:36.342  3214  3214 I HUREV   : [2] GlProjectionView.setVideoSize | GlProjectionView setVideoSize: 1280x720
03-12 19:22:36.343  3214  3214 I BufferQueueConsumer: [SurfaceTexture-1-3214-2](this:0x85a20000,id:2,api:0,p:-1,c:3214) setDefaultBufferSize: width=1280 height=720
03-12 19:22:36.366  3214  4043 D HUREV   : [279] AapTransport.handshake | Handshake: Starting version request. TS: 2523181
03-12 19:22:36.369  3214  4043 D HUREV   : [279] AapTransport.handshake | Handshake: Version request sent. ret: 10. attempt: 1. TS: 2523183
03-12 19:22:36.372  3214  4043 D HUREV   : [279] AapTransport.handshake | Handshake: Waiting for version response. TS: 2523186
03-12 19:22:36.375  3214  4091 E [EGL-ERROR]: __egl_platform_cancel_buffers:644: surface->num_buffers(4)
03-12 19:22:36.375  3214  4091 D Surface : Surface::disconnect(this=0x86694800,api=1)
03-12 19:22:36.376  3214  4091 D GraphicBuffer: unregister, handle(0x996c4040) (w:720 h:1280 s:720 f:0x1 u:f02)
03-12 19:22:36.377  3214  4091 D GraphicBuffer: unregister, handle(0x85e25180) (w:720 h:1280 s:720 f:0x1 u:f02)
03-12 19:22:36.377  3214  4091 D GraphicBuffer: unregister, handle(0x85e25000) (w:720 h:1280 s:720 f:0x1 u:f02)
03-12 19:22:36.377  3214  4091 D GraphicBuffer: unregister, handle(0x996c35c0) (w:720 h:1280 s:720 f:0x1 u:f02)
03-12 19:22:36.383  3214  4091 D GraphicBuffer: register, handle(0x85e25000) (w:720 h:1280 s:720 f:0x1 u:f02)
03-12 19:22:38.364  3214  4043 W HUREV   : [279] AapTransport.handshake | Handshake: No VERSION_RESPONSE within 2s (attempt 1), ret=-1
03-12 19:22:38.566  3214  4043 D HUREV   : [279] AapTransport.handshake | Handshake: Version request sent. ret: 10. attempt: 2. TS: 2525381
03-12 19:22:38.568  3214  4043 D HUREV   : [279] AapTransport.handshake | Handshake: Waiting for version response. TS: 2525382
03-12 19:22:39.130  3214  3214 W HUREV   : [2] 1.run | Watchdog: No video received. Requesting Keyframe (Unsolicited Focus)...
03-12 19:22:40.564  3214  4043 W HUREV   : [279] AapTransport.handshake | Handshake: No VERSION_RESPONSE within 2s (attempt 2), ret=-1
03-12 19:22:40.766  3214  4043 D HUREV   : [279] AapTransport.handshake | Handshake: Version request sent. ret: 10. attempt: 3. TS: 2527581
03-12 19:22:40.768  3214  4043 D HUREV   : [279] AapTransport.handshake | Handshake: Waiting for version response. TS: 2527582
03-12 19:22:42.134  3214  3214 W HUREV   : [2] 1.run | Watchdog: No video received. Requesting Keyframe (Unsolicited Focus)...
03-12 19:22:42.764  3214  4043 W HUREV   : [279] AapTransport.handshake | Handshake: No VERSION_RESPONSE within 2s (attempt 3), ret=-1
03-12 19:22:42.966  3214  4043 E HUREV   : [279] AapTransport.handshake | Handshake: Version request/response failed after 3 attempt(s). last ret: -1
03-12 19:22:42.968  3214  4043 I HUREV   : [279] AapTransport.quit$com_andrerinas_headunitrevived_2_0_1_debug | AapTransport quitting (clean=false)
03-12 19:22:42.975  3214  4043 E HUREV   : [279] AapTransport.startHandshake$com_andrerinas_headunitrevived_2_0_1_debug | Handshake failed
03-12 19:22:42.976  3214  4042 I HUREV   : [278] AapTransport.quit$com_andrerinas_headunitrevived_2_0_1_debug | AapTransport quitting (clean=false)
03-12 19:22:42.976  3214  4042 D UsbDeviceConnectionJNI: close
03-12 19:22:42.981  3214  4042 I HUREV   : [278] UsbAccessoryConnection.disconnect | Google 18D1:2D00 - UsbDevice[mName=/dev/bus/usb/001/007,mVendorId=6353,mProductId=11520,mClass=0,mSubclass=0,mProtocol=0,mManufacturerName=Android,mProductName=VehiConn_CBE4,mVersion=2.0,mSerialNumber=LY0123456789,mConfigurations=[
03-12 19:22:42.981  3214  4042 I HUREV   : UsbConfiguration[mId=1,mName=accessory,mAttributes=128,mMaxPower=75,mInterfaces=[
03-12 19:22:42.981  3214  4042 I HUREV   : UsbInterface[mId=0,mAlternateSetting=0,mName=Android Accessory Interface,mClass=255,mSubclass=255,mProtocol=0,mEndpoints=[
03-12 19:22:42.981  3214  4042 I HUREV   : UsbEndpoint[mAddress=129,mAttributes=2,mMaxPacketSize=512,mInterval=0]
03-12 19:22:42.981  3214  4042 I HUREV   : UsbEndpoint[mAddress=1,mAttributes=2,mMaxPacketSize=512,mInterval=0]]]]
03-12 19:22:42.981  3214  4042 E UsbDeviceConnectionJNI: device is closed in native_release_interface
03-12 19:22:42.982  3214  4042 E HUREV   : [278] UsbAccessoryConnection.disconnect | Error releaseInterface()
03-12 19:22:42.998  3214  3214 I HUREV   : [2] AapService.scheduleReconnectIfNeeded | AapService: USB disconnect. Scheduling reconnect check in 3000ms...
03-12 19:22:42.999  3214  4042 I HUREV   : [278] VideoDecoder.stop | Decoder stopped: AapService::onDisconnect
03-12 19:22:43.018  3214  3214 I HUREV   : [2] AapProjectionActivity.onPause | AapProjectionActivity: onPause
03-12 19:22:43.146  3214  3214 D Surface : Surface::allocateBuffers(this=0x86694800)
03-12 19:22:43.146  3214  4091 D Surface : Surface::connect(this=0x86694800,api=1)
03-12 19:22:43.163  3214  4091 D Surface : Surface::setBufferCount(this=0x86694800,bufferCount=4)
03-12 19:22:43.267  3214  4091 D GraphicBuffer: register, handle(0x996c4040) (w:720 h:1280 s:720 f:0x1 u:f02)
03-12 19:22:43.350  3214  4091 D GraphicBuffer: register, handle(0x85e250c0) (w:720 h:1280 s:720 f:0x1 u:f02)
03-12 19:22:43.364  3214  4362 E [EGL-ERROR]: __egl_platform_cancel_buffers:644: surface->num_buffers(4)
03-12 19:22:43.364  3214  4362 D Surface : Surface::disconnect(this=0x85e79800,api=1)
03-12 19:22:43.365  3214  4362 D GraphicBuffer: unregister, handle(0x85e25840) (w:720 h:1280 s:720 f:0x2 u:f02)
03-12 19:22:43.365  3214  4362 D GraphicBuffer: unregister, handle(0x85e25b40) (w:720 h:1280 s:720 f:0x2 u:f02)
03-12 19:22:43.366  3214  3214 D Surface : Surface::disconnect(this=0x85e79800,api=-1)
03-12 19:22:43.371  3214  4091 E [EGL-ERROR]: __egl_platform_cancel_buffers:644: surface->num_buffers(4)
03-12 19:22:43.371  3214  4091 D Surface : Surface::disconnect(this=0x85e5e800,api=1)
03-12 19:22:43.371  3214  4091 D GraphicBuffer: unregister, handle(0x996c4d00) (w:720 h:1280 s:720 f:0x1 u:f02)
03-12 19:22:43.372  3214  4091 D GraphicBuffer: unregister, handle(0x85e25d80) (w:720 h:1280 s:720 f:0x1 u:f02)
03-12 19:22:43.372  3214  4091 D GraphicBuffer: unregister, handle(0x85e25000) (w:720 h:1280 s:720 f:0x1 u:f02)
03-12 19:22:43.453  3214  3214 I HUREV   : [2] AapProjectionActivity.onDestroy | AapProjectionActivity.onDestroy called. isFinishing=true
03-12 19:22:43.456  3214  3214 I BufferQueueConsumer: [SurfaceTexture-1-3214-2](this:0x85a20000,id:2,api:0,p:-1,c:-1) disconnect(C)
03-12 19:22:43.464  3214  3214 D View    : [Warning] assignParent to null: this = DecorView@4ca72b3[AapProjectionActivity]
03-12 19:22:43.470  3214  3214 D WindowClient: Remove from mViews: DecorView@4ca72b3[AapProjectionActivity], this = android.view.WindowManagerGlobal@c07fdf
03-12 19:22:43.472  3214  3214 I HUREV   : [2] AapProjectionActivity.onSurfaceDestroyed | SurfaceCallback: onSurfaceDestroyed. Surface: Surface(name=android.graphics.SurfaceTexture@d56ea3)/@0x9be81f7
03-12 19:22:43.474  3214  3214 I HUREV   : [2] VideoDecoder.stop | Decoder stopped: surfaceDestroyed
03-12 19:22:44.740  3214  4091 D GraphicBuffer: register, handle(0x85e25d80) (w:720 h:1280 s:720 f:0x1 u:f02)
03-12 19:22:46.016  3214  3214 I HUREV   : [2] AapService.checkAlreadyConnectedUsb | Found device already in accessory mode: Google 18D1:2D00
03-12 19:22:46.026  3214  4042 I HUREV   : [278] UsbAccessoryConnection.usbOpen | Established connection: android.hardware.usb.UsbDeviceConnection@28a5acf
03-12 19:22:46.027  3214  4042 I HUREV   : [278] UsbAccessoryConnection.usbOpen | interfaceCount: 1
03-12 19:22:46.028  3214  4042 I HUREV   : [278] UsbAccessoryConnection.initEndpoint | Check accessory endpoints
03-12 19:22:46.029  3214  4042 I HUREV   : [278] UsbAccessoryConnection.initEndpoint | Connected have EPs
03-12 19:22:46.081  3214  4042 I HUREV   : [278] AapTransport.<init> | Using Java SSL implementation
03-12 19:22:46.084  3214  4042 I HUREV   : [278] AapTransport.startHandshake$com_andrerinas_headunitrevived_2_0_1_debug | Start Aap transport handshake for com.andrerinas.headunitrevived.connection.UsbAccessoryConnection@77bd4eb
03-12 19:22:46.169  3214  3220 I zygote  : Do partial code cache collection, code=506KB, data=397KB
03-12 19:22:46.173  3214  3220 I zygote  : After code cache collection, code=506KB, data=397KB
03-12 19:22:46.173  3214  3220 I zygote  : Increasing code cache capacity to 2MB
03-12 19:22:46.298  3214  3214 I HUREV   : [2] AapProjectionActivity.onCreate | HeadUnit for Android Auto (tm) - Copyright 2011-2015 Michael A. Reid., since 2025 André Rinas All Rights Reserved...
03-12 19:22:46.300  3214  3214 I HUREV   : [2] AapProjectionActivity.onCreate | Using GlProjectionView
03-12 19:22:46.305  3214  3214 I HUREV   : [2] HeadUnitScreenConfig.recalculate | CarScreen: usable width: 1280 height: 720 (Raw: 1280x720, Insets: L0 T0 R0 B0)
03-12 19:22:46.307  3214  3214 I HUREV   : [2] HeadUnitScreenConfig.recalculate | CarScreen isSmallScreen: true, scaleFactor: 1.0
03-12 19:22:46.310  3214  3214 I HUREV   : [2] HeadUnitScreenConfig.recalculate | CarScreen using: _1280x720, number: 2, scales: scaleX: 1.0, scaleY: 1.0
03-12 19:22:46.340  3214  3214 I HUREV   : [2] AapProjectionActivity.onResume | AapProjectionActivity: onResume
03-12 19:22:46.468  3214  4381 I HUREV   : [1374] VideoRenderer.onSurfaceCreated | GlProjectionView: onSurfaceCreated (GL Context)
03-12 19:22:46.470  3214  4381 I BufferQueue: [unnamed-3214-3](this:0x85243000,id:3,api:0,p:-1,c:-1) BufferQueue core=(3214:com.andrerinas.headunitrevived)
03-12 19:22:46.470  3214  4381 E DumpTunnel: finding regDump() failed
03-12 19:22:46.470  3214  4381 I BufferQueueConsumer: [unnamed-3214-3](this:0x85243000,id:3,api:0,p:-1,c:3214) connect(C): consumer=(3214:com.andrerinas.headunitrevived) controlledByApp=true
03-12 19:22:46.470  3214  4381 I BufferQueueConsumer: [unnamed-3214-3](this:0x85243000,id:3,api:0,p:-1,c:3214) setConsumerName: unnamed-3214-3
03-12 19:22:46.470  3214  4381 I BufferQueueConsumer: [SurfaceTexture-1-3214-3](this:0x85243000,id:3,api:0,p:-1,c:3214) setConsumerName: SurfaceTexture-1-3214-3
03-12 19:22:46.472  3214  4381 I HUREV   : [1374] VideoRenderer.onSurfaceChanged | GlProjectionView: onSurfaceChanged: 1280x720
03-12 19:22:46.505  3214  3214 I HUREV   : [2] VideoRenderer.onSurfaceCreated$lambda$4 | GlProjectionView: Reporting Surface Created
03-12 19:22:46.506  3214  3214 I HUREV   : [2] AapProjectionActivity.onSurfaceCreated | [AapProjectionActivity] onSurfaceCreated
03-12 19:22:46.508  3214  3214 I HUREV   : [2] AapProjectionActivity.onSurfaceChanged | [AapProjectionActivity] onSurfaceChanged. Actual surface dimensions: width=1280, height=720
03-12 19:22:46.510  3214  3214 I HUREV   : [2] VideoDecoder.setSurface | New surface set: Surface(name=android.graphics.SurfaceTexture@fd09211)/@0xdea7249
03-12 19:22:46.512  3214  3214 I HUREV   : [2] AapProjectionActivity.onSurfaceChanged | [AapProjectionActivity] Decoder already has dimensions: 1280x720. Applying to view.
03-12 19:22:46.514  3214  3214 I HUREV   : [2] GlProjectionView.setVideoSize | GlProjectionView setVideoSize: 1280x720
03-12 19:22:46.514  3214  3214 I BufferQueueConsumer: [SurfaceTexture-1-3214-3](this:0x85243000,id:3,api:0,p:-1,c:3214) setDefaultBufferSize: width=1280 height=720
03-12 19:22:46.570  3214  4091 E [EGL-ERROR]: __egl_platform_cancel_buffers:644: surface->num_buffers(4)
03-12 19:22:48.594  3214  4042 W HUREV   : [278] AapTransport.handshake | Handshake: No VERSION_RESPONSE within 2s (attempt 1), ret=-1
03-12 19:22:49.344  3214  3214 W HUREV   : [2] 1.run | Watchdog: No video received. Requesting Keyframe (Unsolicited Focus)...
03-12 19:22:50.794  3214  4042 W HUREV   : [278] AapTransport.handshake | Handshake: No VERSION_RESPONSE within 2s (attempt 2), ret=-1
03-12 19:22:52.348  3214  3214 W HUREV   : [2] 1.run | Watchdog: No video received. Requesting Keyframe (Unsolicited Focus)...
03-12 19:22:52.994  3214  4042 W HUREV   : [278] AapTransport.handshake | Handshake: No VERSION_RESPONSE within 2s (attempt 3), ret=-1
03-12 19:22:53.196  3214  4042 E HUREV   : [278] AapTransport.handshake | Handshake: Version request/response failed after 3 attempt(s). last ret: -1
03-12 19:22:53.197  3214  4042 I HUREV   : [278] AapTransport.quit$com_andrerinas_headunitrevived_2_0_1_debug | AapTransport quitting (clean=false)
03-12 19:22:53.203  3214  4042 E HUREV   : [278] AapTransport.startHandshake$com_andrerinas_headunitrevived_2_0_1_debug | Handshake failed
03-12 19:22:53.205  3214  4043 I HUREV   : [279] AapTransport.quit$com_andrerinas_headunitrevived_2_0_1_debug | AapTransport quitting (clean=false)
03-12 19:22:53.214  3214  4043 I HUREV   : [279] UsbAccessoryConnection.disconnect | Google 18D1:2D00 - UsbDevice[mName=/dev/bus/usb/001/007,mVendorId=6353,mProductId=11520,mClass=0,mSubclass=0,mProtocol=0,mManufacturerName=Android,mProductName=VehiConn_CBE4,mVersion=2.0,mSerialNumber=LY0123456789,mConfigurations=[
03-12 19:22:53.214  3214  4043 I HUREV   : UsbConfiguration[mId=1,mName=accessory,mAttributes=128,mMaxPower=75,mInterfaces=[
03-12 19:22:53.214  3214  4043 I HUREV   : UsbInterface[mId=0,mAlternateSetting=0,mName=Android Accessory Interface,mClass=255,mSubclass=255,mProtocol=0,mEndpoints=[
03-12 19:22:53.214  3214  4043 I HUREV   : UsbEndpoint[mAddress=129,mAttributes=2,mMaxPacketSize=512,mInterval=0]
03-12 19:22:53.214  3214  4043 I HUREV   : UsbEndpoint[mAddress=1,mAttributes=2,mMaxPacketSize=512,mInterval=0]]]]
03-12 19:22:53.214  3214  4043 E UsbDeviceConnectionJNI: device is closed in native_release_interface
03-12 19:22:53.215  3214  4043 E HUREV   : [279] UsbAccessoryConnection.disconnect | Error releaseInterface()
03-12 19:22:53.224  3214  3214 I HUREV   : [2] AapService.scheduleReconnectIfNeeded | AapService: USB disconnect. Scheduling reconnect check in 3000ms...
03-12 19:22:53.227  3214  4043 I HUREV   : [279] VideoDecoder.stop | Decoder stopped: AapService::onDisconnect
03-12 19:22:53.240  3214  3214 I HUREV   : [2] AapProjectionActivity.onPause | AapProjectionActivity: onPause
03-12 19:22:53.531  3214  4381 E [EGL-ERROR]: __egl_platform_cancel_buffers:644: surface->num_buffers(4)
03-12 19:22:53.540  3214  4091 E [EGL-ERROR]: __egl_platform_cancel_buffers:644: surface->num_buffers(4)
03-12 19:22:53.634  3214  3214 I HUREV   : [2] AapProjectionActivity.onDestroy | AapProjectionActivity.onDestroy called. isFinishing=true
03-12 19:22:53.636  3214  3214 I BufferQueueConsumer: [SurfaceTexture-1-3214-3](this:0x85243000,id:3,api:0,p:-1,c:-1) disconnect(C)
03-12 19:22:53.649  3214  3214 I HUREV   : [2] AapProjectionActivity.onSurfaceDestroyed | SurfaceCallback: onSurfaceDestroyed. Surface: Surface(name=android.graphics.SurfaceTexture@fd09211)/@0xdea7249
03-12 19:22:53.651  3214  3214 I HUREV   : [2] VideoDecoder.stop | Decoder stopped: surfaceDestroyed
03-12 19:22:56.310  3214  3214 I HUREV   : [2] AapService.checkAlreadyConnectedUsb | Found device already in accessory mode: Google 18D1:2D00
03-12 19:22:56.331  3214  4043 I HUREV   : [279] UsbAccessoryConnection.usbOpen | Established connection: android.hardware.usb.UsbDeviceConnection@58f0f7
03-12 19:22:56.333  3214  4043 I HUREV   : [279] UsbAccessoryConnection.usbOpen | interfaceCount: 1
03-12 19:22:56.337  3214  4043 I HUREV   : [279] UsbAccessoryConnection.initEndpoint | Check accessory endpoints
03-12 19:22:56.339  3214  4043 I HUREV   : [279] UsbAccessoryConnection.initEndpoint | Connected have EPs
03-12 19:22:56.411  3214  4043 I HUREV   : [279] AapTransport.<init> | Using Java SSL implementation
03-12 19:22:56.413  3214  4043 I HUREV   : [279] AapTransport.startHandshake$com_andrerinas_headunitrevived_2_0_1_debug | Start Aap transport handshake for com.andrerinas.headunitrevived.connection.UsbAccessoryConnection@3a1a593
03-12 19:22:56.640  3214  3214 I HUREV   : [2] AapProjectionActivity.onCreate | HeadUnit for Android Auto (tm) - Copyright 2011-2015 Michael A. Reid., since 2025 André Rinas All Rights Reserved...
03-12 19:22:56.643  3214  3214 I HUREV   : [2] AapProjectionActivity.onCreate | Using GlProjectionView
03-12 19:22:56.650  3214  3214 I HUREV   : [2] HeadUnitScreenConfig.recalculate | CarScreen: usable width: 1280 height: 720 (Raw: 1280x720, Insets: L0 T0 R0 B0)
03-12 19:22:56.652  3214  3214 I HUREV   : [2] HeadUnitScreenConfig.recalculate | CarScreen isSmallScreen: true, scaleFactor: 1.0
03-12 19:22:56.655  3214  3214 I HUREV   : [2] HeadUnitScreenConfig.recalculate | CarScreen using: _1280x720, number: 2, scales: scaleX: 1.0, scaleY: 1.0
03-12 19:22:56.684  3214  3214 I HUREV   : [2] AapProjectionActivity.onResume | AapProjectionActivity: onResume
03-12 19:22:56.831  3214  4390 I HUREV   : [1378] VideoRenderer.onSurfaceCreated | GlProjectionView: onSurfaceCreated (GL Context)
03-12 19:22:56.834  3214  4390 I BufferQueue: [unnamed-3214-4](this:0x86af7000,id:4,api:0,p:-1,c:-1) BufferQueue core=(3214:com.andrerinas.headunitrevived)
03-12 19:22:56.835  3214  4390 E DumpTunnel: finding regDump() failed
03-12 19:22:56.835  3214  4390 I BufferQueueConsumer: [unnamed-3214-4](this:0x86af7000,id:4,api:0,p:-1,c:3214) connect(C): consumer=(3214:com.andrerinas.headunitrevived) controlledByApp=true
03-12 19:22:56.835  3214  4390 I BufferQueueConsumer: [unnamed-3214-4](this:0x86af7000,id:4,api:0,p:-1,c:3214) setConsumerName: unnamed-3214-4
03-12 19:22:56.835  3214  4390 I BufferQueueConsumer: [SurfaceTexture-1-3214-4](this:0x86af7000,id:4,api:0,p:-1,c:3214) setConsumerName: SurfaceTexture-1-3214-4
03-12 19:22:56.837  3214  4390 I HUREV   : [1378] VideoRenderer.onSurfaceChanged | GlProjectionView: onSurfaceChanged: 1280x720
03-12 19:22:56.938  3214  3214 I HUREV   : [2] VideoRenderer.onSurfaceCreated$lambda$4 | GlProjectionView: Reporting Surface Created
03-12 19:22:56.940  3214  3214 I HUREV   : [2] AapProjectionActivity.onSurfaceCreated | [AapProjectionActivity] onSurfaceCreated
03-12 19:22:56.941  3214  3214 I HUREV   : [2] AapProjectionActivity.onSurfaceChanged | [AapProjectionActivity] onSurfaceChanged. Actual surface dimensions: width=1280, height=720
03-12 19:22:56.943  3214  3214 I HUREV   : [2] VideoDecoder.setSurface | New surface set: Surface(name=android.graphics.SurfaceTexture@3ac68f9)/@0xbbd3e31
03-12 19:22:56.945  3214  3214 I HUREV   : [2] AapProjectionActivity.onSurfaceChanged | [AapProjectionActivity] Decoder already has dimensions: 1280x720. Applying to view.
03-12 19:22:56.946  3214  3214 I HUREV   : [2] GlProjectionView.setVideoSize | GlProjectionView setVideoSize: 1280x720
03-12 19:22:56.946  3214  3214 I BufferQueueConsumer: [SurfaceTexture-1-3214-4](this:0x86af7000,id:4,api:0,p:-1,c:3214) setDefaultBufferSize: width=1280 height=720
03-12 19:22:56.973  3214  3226 I zygote  : Background concurrent copying GC freed 42953(2MB) AllocSpace objects, 9(3MB) LOS objects, 46% free, 6MB/12MB, paused 769us total 176.898ms
