03-13 07:58:15.170 12397 12415 D GraphicBuffer: register, handle(0x9e64dac0) (w:720 h:1280 s:720 f:0x1 u:f02)
03-13 07:58:15.197 12397 12424 I HUREV   : [525] AapTransport.handshake | Handshake: Drained 13535 bytes of stale data before version request
03-13 07:58:15.199 12397 12424 D HUREV   : [525] AapTransport.handshake | Handshake: Starting version request. TS: 45059013
03-13 07:58:15.199 12397 12397 I HUREV   : [2] VideoRenderer.onSurfaceCreated$lambda$4 | GlProjectionView: Reporting Surface Created
03-13 07:58:15.200 12397 12397 I HUREV   : [2] AapProjectionActivity.onSurfaceCreated | [AapProjectionActivity] onSurfaceCreated
03-13 07:58:15.201 12397 12415 D GraphicBuffer: register, handle(0x9e64c980) (w:720 h:1280 s:720 f:0x1 u:f02)
03-13 07:58:15.203 12397 12397 I HUREV   : [2] AapProjectionActivity.onSurfaceChanged | [AapProjectionActivity] onSurfaceChanged. Actual surface dimensions: width=1280, height=720
03-13 07:58:15.205 12397 12397 I HUREV   : [2] VideoDecoder.setSurface | New surface set: Surface(name=android.graphics.SurfaceTexture@7092f7d)/@0x29f1ed
03-13 07:58:15.205 12397 12424 D HUREV   : [525] AapTransport.handshake | Handshake: Version request sent. ret: 10. attempt: 1. TS: 45059017
03-13 07:58:15.207 12397 12424 D HUREV   : [525] AapTransport.handshake | Handshake: Waiting for version response. TS: 45059021
03-13 07:58:15.208 12397 12397 I HUREV   : [2] AapProjectionActivity.onSurfaceChanged | [AapProjectionActivity] Decoder already has dimensions: 1280x720. Applying to view.
03-13 07:58:15.212 12397 12397 I HUREV   : [2] GlProjectionView.setVideoSize | GlProjectionView setVideoSize: 1280x720
03-13 07:58:15.212 12397 12397 I BufferQueueConsumer: [SurfaceTexture-1-12397-1](this:0x8b77a000,id:1,api:0,p:-1,c:12397) setDefaultBufferSize: width=1280 height=720
03-13 07:58:15.239 12397 12424 W HUREV   : [525] AapTransport.handshake | Handshake: No VERSION_RESPONSE within 2s (attempt 1), ret=-1
03-13 07:58:15.302 12397 12415 D GraphicBuffer: register, handle(0x8b65f6c0) (w:720 h:1280 s:720 f:0x1 u:f02)
03-13 07:58:15.338 12397 12415 E [EGL-ERROR]: __egl_platform_cancel_buffers:644: surface->num_buffers(4)
03-13 07:58:15.339 12397 12415 D Surface : Surface::disconnect(this=0x8b8bb000,api=1)
03-13 07:58:15.339 12397 12415 D GraphicBuffer: unregister, handle(0x9e64cb00) (w:720 h:1280 s:720 f:0x1 u:f02)
03-13 07:58:15.339 12397 12415 D GraphicBuffer: unregister, handle(0x9e64d4c0) (w:720 h:1280 s:720 f:0x1 u:f02)
03-13 07:58:15.340 12397 12415 D GraphicBuffer: unregister, handle(0x9e64cbc0) (w:720 h:1280 s:720 f:0x1 u:f02)
03-13 07:58:15.411 12397 12397 I HUREV   : [2] UsbReceiver.onReceive | USB Intent: Intent { act=android.hardware.usb.action.USB_DEVICE_DETACHED flg=0x1000010 (has extras) }
03-13 07:58:15.421 12397 12397 I HUREV   : [2] UsbReceiver.onReceive | USB Intent: Intent { act=android.hardware.usb.action.USB_DEVICE_DETACHED flg=0x1000010 (has extras) }
03-13 07:58:15.425 12397 12397 I HUREV   : [2] AapProjectionActivity.hideReconnectingOverlay | Hiding reconnecting overlay — frames resumed
03-13 07:58:15.441 12397 12424 D HUREV   : [525] AapTransport.handshake | Handshake: Version request sent. ret: -1. attempt: 2. TS: 45059256
03-13 07:58:15.444 12397 12424 W HUREV   : [525] AapTransport.handshake | Handshake: Version request send failed (ret=-1), attempt 2
03-13 07:58:15.463 12397 12425 I HUREV   : [526] AapTransport.quit$com_andrerinas_headunitrevived_2_0_1_debug | AapTransport quitting (clean=false)
03-13 07:58:15.471 12397 12425 D UsbDeviceConnectionJNI: close
03-13 07:58:15.477 12397 12425 I HUREV   : [526] UsbAccessoryConnection.disconnect | Google 18D1:2D00 - UsbDevice[mName=/dev/bus/usb/001/123,mVendorId=6353,mProductId=11520,mClass=0,mSubclass=0,mProtocol=0,mManufacturerName=Android,mProductName=VehiConn_CBE4,mVersion=2.0,mSerialNumber=LY0123456789,mConfigurations=[
03-13 07:58:15.477 12397 12425 I HUREV   : UsbConfiguration[mId=1,mName=accessory,mAttributes=128,mMaxPower=75,mInterfaces=[
03-13 07:58:15.477 12397 12425 I HUREV   : UsbInterface[mId=0,mAlternateSetting=0,mName=Android Accessory Interface,mClass=255,mSubclass=255,mProtocol=0,mEndpoints=[
03-13 07:58:15.477 12397 12425 I HUREV   : UsbEndpoint[mAddress=129,mAttributes=2,mMaxPacketSize=512,mInterval=0]
03-13 07:58:15.477 12397 12425 I HUREV   : UsbEndpoint[mAddress=1,mAttributes=2,mMaxPacketSize=512,mInterval=0]]]]
03-13 07:58:15.478 12397 12425 E UsbDeviceConnectionJNI: device is closed in native_release_interface
03-13 07:58:15.485 12397 12397 I HUREV   : [2] AapProjectionActivity.onPause | AapProjectionActivity: onPause
03-13 07:58:15.493 12397 12425 E HUREV   : [526] UsbAccessoryConnection.disconnect | Error releaseInterface()
03-13 07:58:15.555 12397 12397 I HUREV   : [2] AapService.scheduleReconnectIfNeeded | AapService: USB disconnect. Scheduling reconnect check in 3000ms...
03-13 07:58:15.556 12397 12425 I HUREV   : [526] VideoDecoder.stop | Decoder stopped: AapService::onDisconnect
03-13 07:58:15.646 12397 12424 E HUREV   : [525] AapTransport.handshake | Handshake: Version request/response failed after 2 attempt(s). last ret: -1
03-13 07:58:15.656 12397 12424 I HUREV   : [525] AapTransport.quit$com_andrerinas_headunitrevived_2_0_1_debug | AapTransport quitting (clean=false)
03-13 07:58:15.662 12397 12424 E HUREV   : [525] AapTransport.startHandshake$com_andrerinas_headunitrevived_2_0_1_debug | Handshake failed
03-13 07:58:15.703 12397 12397 D Surface : Surface::allocateBuffers(this=0x8be9c800)
03-13 07:58:15.703 12397 12415 D Surface : Surface::connect(this=0x8be9c800,api=1)
03-13 07:58:15.723 12397 12415 D Surface : Surface::setBufferCount(this=0x8be9c800,bufferCount=4)
03-13 07:58:15.727 12397 12476 E [EGL-ERROR]: __egl_platform_cancel_buffers:644: surface->num_buffers(4)
03-13 07:58:15.728 12397 12476 D Surface : Surface::disconnect(this=0x8be75000,api=1)
03-13 07:58:15.728 12397 12476 D GraphicBuffer: unregister, handle(0x8b65f0c0) (w:720 h:1280 s:720 f:0x2 u:f02)
03-13 07:58:15.728 12397 12476 D GraphicBuffer: unregister, handle(0x8b65f480) (w:720 h:1280 s:720 f:0x2 u:f02)
03-13 07:58:15.730 12397 12397 D Surface : Surface::disconnect(this=0x8be75000,api=-1)
03-13 07:58:15.733 12397 12415 E [EGL-ERROR]: __egl_platform_cancel_buffers:644: surface->num_buffers(4)
03-13 07:58:15.734 12397 12415 D Surface : Surface::disconnect(this=0x8b9e2800,api=1)
03-13 07:58:15.734 12397 12415 D GraphicBuffer: unregister, handle(0x9e64dac0) (w:720 h:1280 s:720 f:0x1 u:f02)
03-13 07:58:15.734 12397 12415 D GraphicBuffer: unregister, handle(0x9e64c980) (w:720 h:1280 s:720 f:0x1 u:f02)
03-13 07:58:15.735 12397 12415 D GraphicBuffer: unregister, handle(0x8b65f6c0) (w:720 h:1280 s:720 f:0x1 u:f02)
03-13 07:58:15.831 12397 12415 D GraphicBuffer: register, handle(0x9e64c980) (w:720 h:1280 s:720 f:0x1 u:f02)
03-13 07:58:15.892 12397 12415 D GraphicBuffer: register, handle(0x9e64c440) (w:720 h:1280 s:720 f:0x1 u:f02)
03-13 07:58:15.898 12397 12402 I zygote  : Compiler allocated 5MB to compile void android.view.ViewRootImpl.performTraversals()
03-13 07:58:15.922 12397 12397 I HUREV   : [2] AapProjectionActivity.onDestroy | AapProjectionActivity.onDestroy called. isFinishing=true
03-13 07:58:15.925 12397 12397 I BufferQueueConsumer: [SurfaceTexture-1-12397-1](this:0x8b77a000,id:1,api:0,p:-1,c:-1) disconnect(C)
03-13 07:58:15.933 12397 12397 D View    : [Warning] assignParent to null: this = DecorView@2fee90d[AapProjectionActivity]
03-13 07:58:15.939 12397 12397 D WindowClient: Remove from mViews: DecorView@2fee90d[AapProjectionActivity], this = android.view.WindowManagerGlobal@69e4ebe
03-13 07:58:15.981 12397 12397 I HUREV   : [2] AapProjectionActivity.onSurfaceDestroyed | SurfaceCallback: onSurfaceDestroyed. Surface: Surface(name=android.graphics.SurfaceTexture@7092f7d)/@0x29f1ed
03-13 07:58:15.983 12397 12397 I HUREV   : [2] VideoDecoder.stop | Decoder stopped: surfaceDestroyed
03-13 07:58:16.312 12397 12415 D GraphicBuffer: register, handle(0x9e64cbc0) (w:720 h:1280 s:720 f:0x1 u:f02)
03-13 07:58:16.375 12397 12415 D GraphicBuffer: register, handle(0x9e64d4c0) (w:720 h:1280 s:720 f:0x1 u:f02)
03-13 07:58:16.477 12397 12402 I zygote  : Do full code cache collection, code=507KB, data=409KB
03-13 07:58:16.480 12397 12402 I zygote  : After code cache collection, code=502KB, data=347KB
03-13 07:58:16.806 12397 12402 I zygote  : Do partial code cache collection, code=506KB, data=356KB
03-13 07:58:16.808 12397 12402 I zygote  : After code cache collection, code=506KB, data=356KB
03-13 07:58:16.808 12397 12402 I zygote  : Increasing code cache capacity to 2MB
03-13 07:58:17.685 12397 12415 D HWUIExtension: MTKProgramCache.generateProgram: 562984313159681
03-13 07:58:17.686 12397 12415 D HWUIExtension: createProgram 0x0002000800000001, binary 0xaa677298, length 2828, format 36705 within 413ns
03-13 07:58:18.940 12397 12415 D HWUIExtension: MTKProgramCache.generateProgram: 562949953421313
03-13 07:58:18.940 12397 12415 D HWUIExtension: createProgram 0x0002000000000001, binary 0xaa672fe4, length 2736, format 36705 within 307ns
03-13 07:58:20.076 12397 12415 D HWUIExtension: MTKProgramCache.generateProgram: 103079215104
03-13 07:58:20.077 12397 12415 D HWUIExtension: createProgram 0x0000001800000000, binary 0xaa677da4, length 2688, format 36705 within 346ns
03-13 07:58:20.638 12397 12415 D HWUIExtension: MTKProgramCache.generateProgram: 563053037879364
03-13 07:58:20.639 12397 12415 D HWUIExtension: createProgram 0x0002001800500044, binary 0xaa678824, length 3188, format 36705 within 375ns
03-13 07:58:20.644 12397 12397 D WindowClient: Add to mViews: android.widget.LinearLayout{62e7548 V.E...... ......I. 0,0-0,0}, this = android.view.WindowManagerGlobal@69e4ebe
03-13 07:58:20.647 12397 12397 D ViewRootImpl[Toast]: hardware acceleration = true , fakeHwAccelerated = false, sRendererDisabled = false, forceHwAccelerated = false, sSystemRendererDisabled = false
03-13 07:58:20.688 12397 12415 D Surface : Surface::connect(this=0x8becb000,api=1)
03-13 07:58:20.688 12397 12397 D Surface : Surface::allocateBuffers(this=0x8becb000)
03-13 07:58:20.691 12397 12415 D Surface : Surface::setBufferCount(this=0x8becb000,bufferCount=4)
03-13 07:58:20.709 12397 12415 D GraphicBuffer: register, handle(0x8b65f000) (w:56 h:202 s:64 f:0x1 u:f02)
03-13 07:58:22.606 12397 12415 E [EGL-ERROR]: __egl_platform_cancel_buffers:644: surface->num_buffers(4)
03-13 07:58:22.607 12397 12415 D Surface : Surface::disconnect(this=0x8becb000,api=1)
03-13 07:58:22.607 12397 12415 D GraphicBuffer: unregister, handle(0x8b65f000) (w:56 h:202 s:64 f:0x1 u:f02)
03-13 07:58:22.608 12397 12397 D View    : [Warning] assignParent to null: this = android.widget.LinearLayout{62e7548 V.E...... ......ID 0,0-202,56}
03-13 07:58:22.615 12397 12397 D WindowClient: Remove from mViews: android.widget.LinearLayout{62e7548 V.E...... ......ID 0,0-202,56}, this = android.view.WindowManagerGlobal@69e4ebe
03-13 07:58:23.622 12397 12397 I HUREV   : [2] 1.onReceive | Received request to resend night mode state
03-13 07:58:23.627 12397 12397 I HUREV   : [2] 1.invoke | NightMode update: true
03-13 07:58:23.635 12397 12397 D WindowClient: Add to mViews: android.widget.LinearLayout{7afe30b V.E...... ......I. 0,0-0,0}, this = android.view.WindowManagerGlobal@69e4ebe
03-13 07:58:23.638 12397 12397 D ViewRootImpl[Toast]: hardware acceleration = true , fakeHwAccelerated = false, sRendererDisabled = false, forceHwAccelerated = false, sSystemRendererDisabled = false
03-13 07:58:23.676 12397 12415 D Surface : Surface::connect(this=0x8becb000,api=1)
03-13 07:58:23.676 12397 12397 D Surface : Surface::allocateBuffers(this=0x8becb000)
03-13 07:58:23.678 12397 12415 D Surface : Surface::setBufferCount(this=0x8becb000,bufferCount=4)
03-13 07:58:23.687 12397 12415 D GraphicBuffer: register, handle(0x8b65f0c0) (w:56 h:202 s:64 f:0x1 u:f02)
03-13 07:58:25.559 12397 12415 E [EGL-ERROR]: __egl_platform_cancel_buffers:644: surface->num_buffers(4)
03-13 07:58:25.559 12397 12415 D Surface : Surface::disconnect(this=0x8becb000,api=1)
03-13 07:58:25.559 12397 12415 D GraphicBuffer: unregister, handle(0x8b65f0c0) (w:56 h:202 s:64 f:0x1 u:f02)
03-13 07:58:25.563 12397 12397 D View    : [Warning] assignParent to null: this = android.widget.LinearLayout{7afe30b V.E...... ......ID 0,0-202,56}
03-13 07:58:25.571 12397 12397 D WindowClient: Remove from mViews: android.widget.LinearLayout{7afe30b V.E...... ......ID 0,0-202,56}, this = android.view.WindowManagerGlobal@69e4ebe
