03-13 16:31:29.886 19589 19589 I HUREV   : [2] AapProjectionActivity.c | SurfaceCallback: onSurfaceDestroyed. Surface: Surface(name=android.graphics.SurfaceTexture@c3004c)/@0xe321350
03-13 16:31:29.887 19589 19589 I HUREV   : [2] a0.s | Decoder stopped: surfaceDestroyed
03-13 16:31:31.027 19589 19589 I HUREV   : [2] p.onReceive | USB Intent: Intent { act=android.hardware.usb.action.USB_DEVICE_DETACHED flg=0x1000010 (has extras) }
03-13 16:31:31.031 19589 19589 I HUREV   : [2] p.onReceive | USB Intent: Intent { act=android.hardware.usb.action.USB_DEVICE_DETACHED flg=0x1000010 (has extras) }
03-13 16:31:31.051 19589 19607 D GraphicBuffer: register, handle(0x8b244480) (w:720 h:1280 s:720 f:0x1 u:f02)
03-13 16:31:31.264 19589 19589 I zygote  : Deoptimizing boolean androidx.fragment.app.f0.o0(java.util.ArrayList, java.util.ArrayList) due to JIT inline cache
03-13 16:31:31.326 19589 19589 I HUREV   : [2] HomeFragment.onViewCreated | HomeFragment: Auto-connect priority order: [single-usb, last-session, self-mode], isConnected=false, hasAttemptedAutoConnect=false, hasAttemptedSingleUsbAutoConnect=true, hasAutoStarted=false
03-13 16:31:31.338 19589 19589 I HUREV   : [2] HomeFragment.onResume | HomeFragment: onResume. isConnected=false
03-13 16:31:31.400 19589 19607 D GraphicBuffer: register, handle(0xa0322e00) (w:720 h:1280 s:720 f:0x1 u:f02)
03-13 16:31:31.604 19589 19589 I zygote  : Deoptimizing java.lang.Object j.b.g(java.lang.Object) due to JIT inline cache
03-13 16:31:32.082 19589 19589 I HUREV   : [2] AapService.onStartCommand | AapService.onStartCommand: action=com.andrerinas.headunitrevived.ACTION_STOP_SERVICE, flags=0, startId=10
03-13 16:31:32.083 19589 19589 I HUREV   : [2] AapService.onStartCommand | Stop action received.
03-13 16:31:32.113 19589 19589 I HUREV   : [2] AapService.onDestroy | AapService destroying...
03-13 16:31:32.881 19589 19607 E [EGL-ERROR]: __egl_platform_cancel_buffers:644: surface->num_buffers(4)
03-13 16:31:33.150 19589 19607 E [EGL-ERROR]: __egl_platform_cancel_buffers:644: surface->num_buffers(4)
03-13 16:31:34.111 19589 19607 E [EGL-ERROR]: __egl_platform_cancel_buffers:644: surface->num_buffers(4)
03-13 16:31:34.252 19589 19589 I HUREV   : [2] MainActivity.onDestroy | MainActivity finishing, resetting auto-start flag.
03-13 16:32:04.507 19589 19589 I HUREV   : [2] a.onProviderDisabled | gps
03-13 17:01:58.158 19589 19607 E [EGL-ERROR]: __egl_platform_dequeue_buffer:1832: failed to dequeue buffer from native window 0x87d2c808; err = -19, buf = 0x0,max_allowed_dequeued_buffers 3
03-13 17:01:58.159 19589 19607 E [EGL-ERROR]: __egl_platform_dequeue_buffer:1832: failed to dequeue buffer from native window 0x87d2c808; err = -19, buf = 0x0,max_allowed_dequeued_buffers 3
03-13 17:01:58.161 19589 19607 E [EGL-ERROR]: __egl_platform_dequeue_buffer:1832: failed to dequeue buffer from native window 0x87d2c808; err = -19, buf = 0x0,max_allowed_dequeued_buffers 3
03-13 17:01:58.162 19589 19607 W OpenGLRenderer: Surface might be disconnected!, surface<0x89d35dc0>
03-13 17:01:58.163 19589 19607 E [EGL-ERROR]: __egl_platform_dequeue_buffer:1832: failed to dequeue buffer from native window 0x87d2c808; err = -19, buf = 0x0,max_allowed_dequeued_buffers 3
03-13 17:01:58.164 19589 19607 E [EGL-ERROR]: __egl_platform_dequeue_buffer:1832: failed to dequeue buffer from native window 0x87d2c808; err = -19, buf = 0x0,max_allowed_dequeued_buffers 3
03-13 17:01:58.165 19589 19607 E [EGL-ERROR]: __egl_platform_dequeue_buffer:1832: failed to dequeue buffer from native window 0x87d2c808; err = -19, buf = 0x0,max_allowed_dequeued_buffers 3
03-13 17:01:58.165 19589 19607 W OpenGLRenderer: swapBuffers encountered EGL error 12301 on 0x89d35dc0, halting rendering...
03-13 17:01:58.165 19589 19607 E [EGL-ERROR]: __egl_platform_cancel_buffers:644: surface->num_buffers(4)
03-13 17:02:04.303 19589 19589 I HUREV   : [2] a.onProviderEnabled | gps
03-13 17:02:33.992 19589 19589 I HUREV   : [2] MainActivity.handleIntent | MainActivity received intent: android.intent.action.MAIN, data: null
03-13 17:02:34.087 19589 19589 I HUREV   : [2] HomeFragment.onViewCreated | HomeFragment: Auto-connect priority order: [single-usb, last-session, self-mode], isConnected=false, hasAttemptedAutoConnect=false, hasAttemptedSingleUsbAutoConnect=false, hasAutoStarted=false
03-13 17:02:34.088 19589 19589 I HUREV   : [2] HomeFragment.onViewCreated | HomeFragment: Attempting single-USB auto-connect
03-13 17:02:34.089 19589 19589 I HUREV   : [2] HomeFragment.attemptSingleUsbAutoConnect | HomeFragment: Requesting single-USB auto-connect via AapService
03-13 17:02:34.108 19589 19589 I HUREV   : [2] HomeFragment.onResume | HomeFragment: onResume. isConnected=false
03-13 17:02:34.119 19589 19589 I HUREV   : [2] AapService.onCreate | AapService creating...
03-13 17:02:34.172 19589 19589 I HUREV   : [2] y.invoke | NightMode update: false
03-13 17:02:34.187 19589 19589 I HUREV   : [2] AapService.J | Registered runtime MEDIA_BUTTON receiver
03-13 17:02:34.268 19589 19589 I HUREV   : [2] AapService.onCreate | Auto-started continuous log capture
03-13 17:02:34.909 19589 19589 I HUREV   : [2] AapService.onCreate | AapService.onCreate: About to run startup USB check
03-13 17:02:34.932 19589 19589 I HUREV   : [2] AapService.u | checkAlreadyConnectedUsb: force=false, lastSession=false, singleUsb=true, isConnected=false, connectionState=c, isSwitchingToAccessory=false, userExitedAA=false
03-13 17:02:34.936 19589 19589 I HUREV   : [2] AapService.u | checkAlreadyConnectedUsb: Found 1 USB device(s): Xiaomi 2717:FF40 (2717:FF40)
03-13 17:02:34.944 19589 19589 I HUREV   : [2] AapService.H | performSingleUsbConnect: device=Xiaomi 2717:FF40 (2717:FF40), hasPermission=true
03-13 17:02:34.945 19589 19589 I HUREV   : [2] AapService.H | Single USB auto-connect: connecting to Xiaomi 2717:FF40
03-13 17:02:34.995 19589 19589 I zygote  : Deoptimizing g2.g g2.g$a$a.a(g2.g, g2.g$b) due to JIT inline cache
03-13 17:02:35.001 19589 19589 I HUREV   : [2] AapService.I | NetworkMonitor: Registered network change listener
03-13 17:02:35.002 19589 19589 I HUREV   : [2] AapService.onStartCommand | AapService.onStartCommand: action=null, flags=0, startId=1
03-13 17:02:35.005 19589 19753 I HUREV   : [681] n.c | Success controlTransfer len: 2  acc_ver: 2
03-13 17:02:35.005 19589 19753 I HUREV   : [681] n.c | acc_ver: 2
03-13 17:02:35.006 19589 19753 I HUREV   : [681] n.b | Success controlTransfer len: 7  index: 0  string: "Android"
03-13 17:02:35.007 19589 19753 I HUREV   : [681] n.b | Success controlTransfer len: 12  index: 1  string: "Android Auto"
03-13 17:02:35.008 19589 19753 I HUREV   : [681] n.b | Success controlTransfer len: 12  index: 2  string: "Android Auto"
03-13 17:02:35.009 19589 19753 I HUREV   : [681] n.b | Success controlTransfer len: 5  index: 3  string: "2.0.1"
03-13 17:02:35.011 19589 19589 I HUREV   : [2] AapService.u | checkAlreadyConnectedUsb: force=false, lastSession=false, singleUsb=true, isConnected=false, connectionState=c, isSwitchingToAccessory=true, userExitedAA=false
03-13 17:02:35.012 19589 19589 I HUREV   : [2] AapService.u | checkAlreadyConnectedUsb: Skipping — already connected/connecting/switching
03-13 17:02:35.012 19589 19753 I HUREV   : [681] n.b | Success controlTransfer len: 45  index: 4  string: "https://developer.android.com/auto/index.html"
03-13 17:02:35.013 19589 19753 I HUREV   : [681] n.b | Success controlTransfer len: 12  index: 5  string: "HU-AAAAAA001"
03-13 17:02:35.013 19589 19753 I HUREV   : [681] n.c | Sending acc start
03-13 17:02:35.014 19589 19753 I HUREV   : [681] n.c | Acc start sent (len=0). Waiting for re-enumeration...
03-13 17:02:35.050 19589 19589 I HUREV   : [2] AapService.onStartCommand | AapService.onStartCommand: action=com.andrerinas.headunitrevived.ACTION_CHECK_USB, flags=0, startId=2
03-13 17:02:35.075 19589 19589 I HUREV   : [2] AapService.u | checkAlreadyConnectedUsb: force=true, lastSession=false, singleUsb=true, isConnected=false, connectionState=c, isSwitchingToAccessory=true, userExitedAA=false
03-13 17:02:35.078 19589 19589 I HUREV   : [2] AapService.u | checkAlreadyConnectedUsb: Skipping — already connected/connecting/switching
03-13 17:02:35.084 19589 19589 I Choreographer: Skipped 57 frames!  The application may be doing too much work on its main thread.
03-13 17:02:35.234 19589 19589 D Surface : Surface::allocateBuffers(this=0x8c3ba800)
03-13 17:02:35.235 19589 19607 D Surface : Surface::connect(this=0x8c3ba800,api=1)
03-13 17:02:35.248 19589 19607 D Surface : Surface::setBufferCount(this=0x8c3ba800,bufferCount=4)
03-13 17:02:35.285 19589 19607 E [EGL-ERROR]: __egl_platform_cancel_buffers:644: surface->num_buffers(4)
03-13 17:02:35.286 19589 19607 D Surface : Surface::disconnect(this=0x8c3ba800,api=1)
03-13 17:02:35.287 19589 19607 D Surface : Surface::connect(this=0x8c3ba800,api=1)
03-13 17:02:35.296 19589 19607 D Surface : Surface::setBufferCount(this=0x8c3ba800,bufferCount=4)
03-13 17:02:35.331 19589 19607 D GraphicBuffer: register, handle(0xa0323280) (w:720 h:1280 s:720 f:0x1 u:f02)
03-13 17:02:35.368 19589 19589 I HUREV   : [2] p.onReceive | USB Intent: Intent { act=android.hardware.usb.action.USB_DEVICE_DETACHED flg=0x1000010 (has extras) }
03-13 17:02:35.371 19589 19589 I HUREV   : [2] p.onReceive | USB Intent: Intent { act=android.hardware.usb.action.USB_DEVICE_DETACHED flg=0x1000010 (has extras) }
03-13 17:02:35.377 19589 19607 D GraphicBuffer: register, handle(0x8b244480) (w:720 h:1280 s:720 f:0x1 u:f02)
03-13 17:02:35.397 19589 19589 I HUREV   : [2] HomeFragment.onResume | HomeFragment: onResume. isConnected=false
03-13 17:02:35.514 19589 19753 D UsbDeviceConnectionJNI: close
03-13 17:02:35.516 19589 19753 I HUREV   : [681] n.a | Result: true
03-13 17:02:35.516 19589 19753 I HUREV   : [681] r.invokeSuspend | Successfully requested switch to accessory mode for single USB device. Waiting for re-enumeration...
03-13 17:02:35.599 19589 19589 I HUREV   : [2] p.onReceive | USB Intent: Intent { act=android.hardware.usb.action.USB_DEVICE_ATTACHED flg=0x11000010 (has extras) }
03-13 17:02:35.605 19589 19589 I HUREV   : [2] p.onReceive | USB Intent: Intent { act=android.hardware.usb.action.USB_DEVICE_ATTACHED flg=0x11000010 (has extras) }
03-13 17:02:35.607 19589 19589 I HUREV   : [2] AapService.onUsbAttach | onUsbAttach: device=Google 18D1:2D00 (18D1:2D00), isAccessoryMode=true, userExitedAA=false, isConnected=false
03-13 17:02:35.608 19589 19589 I HUREV   : [2] AapService.onUsbAttach | USB accessory device attached, connecting.
03-13 17:02:35.609 19589 19589 I HUREV   : [2] AapService.u | checkAlreadyConnectedUsb: force=true, lastSession=false, singleUsb=true, isConnected=false, connectionState=c, isSwitchingToAccessory=false, userExitedAA=false
03-13 17:02:35.612 19589 19589 I HUREV   : [2] AapService.u | checkAlreadyConnectedUsb: Found 1 USB device(s): Google 18D1:2D00 (18D1:2D00)
03-13 17:02:35.613 19589 19589 I HUREV   : [2] AapService.u | Found device already in accessory mode: Google 18D1:2D00
03-13 17:02:35.647 19589 19753 I HUREV   : [681] m.l | Established connection: android.hardware.usb.UsbDeviceConnection@2f592e4
03-13 17:02:35.647 19589 19753 I HUREV   : [681] m.l | interfaceCount: 1
03-13 17:02:35.648 19589 19753 I HUREV   : [681] m.j | Check accessory endpoints
03-13 17:02:35.648 19589 19753 I HUREV   : [681] m.j | Connected have EPs
03-13 17:02:35.679 19589 19589 I HUREV   : [2] AapService.t | WifiLock acquired (HIGH_PERF)
03-13 17:02:35.680 19589 19589 D HUREV   : [2] AapService.W | MediaSession: State updated to PLAYING
03-13 17:02:35.734 19589 19753 I HUREV   : [681] s0.<init> | Using Java SSL implementation
03-13 17:02:35.746 19589 19753 I HUREV   : [681] s0.B | Start Aap transport handshake for w0.m@13a7e02
03-13 17:02:35.971 19589 19589 I HUREV   : [2] AapProjectionActivity.onCreate | HeadUnit for Android Auto (tm) - Copyright 2011-2015 Michael A. Reid., since 2025 André Rinas All Rights Reserved...
03-13 17:02:35.972 19589 19589 I HUREV   : [2] AapProjectionActivity.onCreate | Using GlProjectionView
03-13 17:02:35.983 19589 19589 I HUREV   : [2] g.p | CarScreen: usable width: 1280 height: 720 (Raw: 1280x720, Insets: L0 T0 R0 B0)
03-13 17:02:35.984 19589 19589 I HUREV   : [2] g.p | CarScreen isSmallScreen: true, scaleFactor: 1.0
03-13 17:02:35.986 19589 19589 I HUREV   : [2] g.p | CarScreen using: _1920x1080, number: 3, scales: scaleX: 1.5, scaleY: 1.5
03-13 17:02:36.002 19589 19589 I HUREV   : [2] AapProjectionActivity.onResume | AapProjectionActivity: onResume
03-13 17:02:36.008 19589 19589 D WindowClient: Add to mViews: DecorView@c25612f[AapProjectionActivity], this = android.view.WindowManagerGlobal@b01d960
03-13 17:02:36.012 19589 19589 D ViewRootImpl[AapProjectionActivity]: hardware acceleration = true , fakeHwAccelerated = false, sRendererDisabled = false, forceHwAccelerated = false, sSystemRendererDisabled = false
03-13 17:02:36.082 19589 19607 D Surface : Surface::connect(this=0x8c132800,api=1)
03-13 17:02:36.087 19589 19607 D Surface : Surface::setBufferCount(this=0x8c132800,bufferCount=4)
03-13 17:02:36.118 19589 19607 E [EGL-ERROR]: __egl_platform_cancel_buffers:644: surface->num_buffers(4)
03-13 17:02:36.119 19589 19607 D Surface : Surface::disconnect(this=0x8c3ba800,api=1)
03-13 17:02:36.119 19589 19607 D GraphicBuffer: unregister, handle(0xa0323280) (w:720 h:1280 s:720 f:0x1 u:f02)
03-13 17:02:36.119 19589 19607 D GraphicBuffer: unregister, handle(0x8b244480) (w:720 h:1280 s:720 f:0x1 u:f02)
03-13 17:02:36.133 19589 20466 D Surface : Surface::connect(this=0x8c264800,api=1)
03-13 17:02:36.142 19589 20466 D Surface : Surface::setBufferCount(this=0x8c264800,bufferCount=4)
03-13 17:02:36.151 19589 20466 D GraphicBuffer: register, handle(0x9e67e400) (w:720 h:1280 s:720 f:0x2 u:f02)
03-13 17:02:36.159 19589 20466 I HUREV   : [962] a.onSurfaceCreated | GlProjectionView: onSurfaceCreated (GL Context)
03-13 17:02:36.167 19589 20466 I BufferQueue: [unnamed-19589-1](this:0x87e3a000,id:1,api:0,p:-1,c:-1) BufferQueue core=(19589:com.andrerinas.headunitrevived)
03-13 17:02:36.167 19589 20466 E DumpTunnel: finding regDump() failed
03-13 17:02:36.168 19589 20466 I BufferQueueConsumer: [unnamed-19589-1](this:0x87e3a000,id:1,api:0,p:-1,c:19589) connect(C): consumer=(19589:com.andrerinas.headunitrevived) controlledByApp=true
03-13 17:02:36.179 19589 20466 I BufferQueueConsumer: [unnamed-19589-1](this:0x87e3a000,id:1,api:0,p:-1,c:19589) setConsumerName: unnamed-19589-1
03-13 17:02:36.179 19589 20466 I BufferQueueConsumer: [SurfaceTexture-1-19589-1](this:0x87e3a000,id:1,api:0,p:-1,c:19589) setConsumerName: SurfaceTexture-1-19589-1
03-13 17:02:36.181 19589 19607 D GraphicBuffer: register, handle(0xa0323280) (w:720 h:1280 s:720 f:0x1 u:f02)
03-13 17:02:36.184 19589 20466 I HUREV   : [962] a.onSurfaceChanged | GlProjectionView: onSurfaceChanged: 1280x720
03-13 17:02:36.220 19589 19594 I zygote  : Do full code cache collection, code=1012KB, data=677KB
03-13 17:02:36.236 19589 19607 D GraphicBuffer: register, handle(0xa0323e80) (w:720 h:1280 s:720 f:0x1 u:f02)
03-13 17:02:36.244 19589 19589 I HUREV   : [2] a.g | GlProjectionView: Reporting Surface Created
03-13 17:02:36.244 19589 19589 I HUREV   : [2] AapProjectionActivity.d | [AapProjectionActivity] onSurfaceCreated
03-13 17:02:36.255 19589 19589 I HUREV   : [2] AapProjectionActivity.b | [AapProjectionActivity] onSurfaceChanged. Actual surface dimensions: width=1280, height=720
03-13 17:02:36.265 19589 19589 I HUREV   : [2] a0.p | New surface set: Surface(name=android.graphics.SurfaceTexture@e53bc5d)/@0x9f9b9d2
03-13 17:02:36.270 19589 19589 I HUREV   : [2] AapProjectionActivity.b | [AapProjectionActivity] Decoder already has dimensions: 1920x1088. Applying to view.
03-13 17:02:36.279 19589 19589 I HUREV   : [2] d.a | GlProjectionView setVideoSize: 1920x1088
03-13 17:02:36.279 19589 19589 I BufferQueueConsumer: [SurfaceTexture-1-19589-1](this:0x87e3a000,id:1,api:0,p:-1,c:19589) setDefaultBufferSize: width=1920 height=1088
03-13 17:02:36.287 19589 19594 I zygote  : After code cache collection, code=887KB, data=552KB
03-13 17:02:36.324 19589 19753 D HUREV   : [681] s0.l | Handshake: Starting version request. TS: 77720139
03-13 17:02:36.325 19589 19753 D HUREV   : [681] s0.l | Handshake: Version request sent. ret: 10. attempt: 1. TS: 77720140
03-13 17:02:36.325 19589 19753 D HUREV   : [681] s0.l | Handshake: Waiting for version response. TS: 77720141
03-13 17:02:36.378 19589 19607 D GraphicBuffer: register, handle(0xa0323dc0) (w:720 h:1280 s:720 f:0x1 u:f02)
03-13 17:02:38.324 19589 19753 W HUREV   : [681] s0.l | Handshake: No VERSION_RESPONSE within 2s (attempt 1), ret=-1
03-13 17:02:38.525 19589 19753 D HUREV   : [681] s0.l | Handshake: Version request sent. ret: 10. attempt: 2. TS: 77722341
03-13 17:02:38.526 19589 19753 D HUREV   : [681] s0.l | Handshake: Waiting for version response. TS: 77722341
03-13 17:02:39.005 19589 19589 W HUREV   : [2] k.run | Watchdog: No video received. Requesting Keyframe (Unsolicited Focus)...
03-13 17:02:40.524 19589 19753 W HUREV   : [681] s0.l | Handshake: No VERSION_RESPONSE within 2s (attempt 2), ret=-1
03-13 17:02:42.011 19589 19589 W HUREV   : [2] k.run | Watchdog: No video received. Requesting Keyframe (Unsolicited Focus)...
03-13 17:02:42.726 19589 19753 D HUREV   : [681] s0.l | Handshake: Version request sent. ret: -1. attempt: 3. TS: 77726541
03-13 17:02:42.727 19589 19753 W HUREV   : [681] s0.l | Handshake: Version request send failed (ret=-1), attempt 3
03-13 17:02:42.928 19589 19753 E HUREV   : [681] s0.l | Handshake: Version request/response failed after 3 attempt(s). last ret: -1
03-13 17:02:42.930 19589 19753 I HUREV   : [681] s0.o | AapTransport quitting (clean=false)
03-13 17:02:42.932 19589 19753 E HUREV   : [681] s0.B | Handshake failed
03-13 17:02:42.947 19589 19589 I HUREV   : [2] AapProjectionActivity.M | Hiding reconnecting overlay — frames resumed
03-13 17:02:42.959 19589 19589 D WindowClient: Add to mViews: android.widget.LinearLayout{a15a11e V.E...... ......I. 0,0-0,0}, this = android.view.WindowManagerGlobal@b01d960
03-13 17:02:42.964 19589 19589 D ViewRootImpl[Toast]: hardware acceleration = true , fakeHwAccelerated = false, sRendererDisabled = false, forceHwAccelerated = false, sSystemRendererDisabled = false
03-13 17:02:42.996 19589 19589 D Surface : Surface::allocateBuffers(this=0x8c3ba800)
03-13 17:02:42.997 19589 19607 D Surface : Surface::connect(this=0x8c3ba800,api=1)
03-13 17:02:43.002 19589 19607 D Surface : Surface::setBufferCount(this=0x8c3ba800,bufferCount=4)
03-13 17:02:43.004 19589 19589 I HUREV   : [2] AapProjectionActivity.onPause | AapProjectionActivity: onPause
03-13 17:02:43.022 19589 19607 D GraphicBuffer: register, handle(0xa0322740) (w:75 h:674 s:80 f:0x1 u:f02)
03-13 17:02:43.046 19589 19589 I HUREV   : [2] HomeFragment.onResume | HomeFragment: onResume. isConnected=false
03-13 17:02:43.063 19589 19589 D Surface : Surface::allocateBuffers(this=0x8c4b3000)
03-13 17:02:43.063 19589 19607 D Surface : Surface::connect(this=0x8c4b3000,api=1)
03-13 17:02:43.071 19589 19607 D Surface : Surface::setBufferCount(this=0x8c4b3000,bufferCount=4)
03-13 17:02:43.087 19589 19607 D GraphicBuffer: register, handle(0xa0322d40) (w:720 h:1280 s:720 f:0x1 u:f02)
03-13 17:02:43.131 19589 19607 D GraphicBuffer: register, handle(0xa03234c0) (w:720 h:1280 s:720 f:0x1 u:f02)
03-13 17:02:43.134 19589 20466 E [EGL-ERROR]: __egl_platform_cancel_buffers:644: surface->num_buffers(4)
03-13 17:02:43.134 19589 20466 D Surface : Surface::disconnect(this=0x8c264800,api=1)
03-13 17:02:43.135 19589 20466 D GraphicBuffer: unregister, handle(0x9e67e400) (w:720 h:1280 s:720 f:0x2 u:f02)
03-13 17:02:43.136 19589 19589 D Surface : Surface::disconnect(this=0x8c264800,api=-1)
03-13 17:02:43.148 19589 19607 E [EGL-ERROR]: __egl_platform_cancel_buffers:644: surface->num_buffers(4)
03-13 17:02:43.149 19589 19607 D Surface : Surface::disconnect(this=0x8c132800,api=1)
03-13 17:02:43.149 19589 19607 D GraphicBuffer: unregister, handle(0xa0323280) (w:720 h:1280 s:720 f:0x1 u:f02)
03-13 17:02:43.149 19589 19607 D GraphicBuffer: unregister, handle(0xa0323e80) (w:720 h:1280 s:720 f:0x1 u:f02)
03-13 17:02:43.150 19589 19607 D GraphicBuffer: unregister, handle(0xa0323dc0) (w:720 h:1280 s:720 f:0x1 u:f02)
03-13 17:02:43.263 19589 19589 I HUREV   : [2] AapProjectionActivity.onDestroy | AapProjectionActivity.onDestroy called. isFinishing=true
03-13 17:02:43.267 19589 19589 I BufferQueueConsumer: [SurfaceTexture-1-19589-1](this:0x87e3a000,id:1,api:0,p:-1,c:-1) disconnect(C)
03-13 17:02:43.268 19589 19589 D View    : [Warning] assignParent to null: this = DecorView@c25612f[AapProjectionActivity]
03-13 17:02:43.273 19589 19589 D WindowClient: Remove from mViews: DecorView@c25612f[AapProjectionActivity], this = android.view.WindowManagerGlobal@b01d960
03-13 17:02:43.274 19589 19589 I HUREV   : [2] AapProjectionActivity.c | SurfaceCallback: onSurfaceDestroyed. Surface: Surface(name=android.graphics.SurfaceTexture@e53bc5d)/@0x9f9b9d2
03-13 17:02:43.275 19589 19589 I HUREV   : [2] a0.s | Decoder stopped: surfaceDestroyed
03-13 17:02:46.449 19589 19607 E [EGL-ERROR]: __egl_platform_cancel_buffers:644: surface->num_buffers(4)
03-13 17:02:46.450 19589 19607 D Surface : Surface::disconnect(this=0x8c3ba800,api=1)
03-13 17:02:46.450 19589 19607 D GraphicBuffer: unregister, handle(0xa0322740) (w:75 h:674 s:80 f:0x1 u:f02)
03-13 17:02:46.451 19589 19589 D View    : [Warning] assignParent to null: this = android.widget.LinearLayout{a15a11e V.E...... ......ID 0,0-674,75}
03-13 17:02:46.459 19589 19589 D WindowClient: Remove from mViews: android.widget.LinearLayout{a15a11e V.E...... ......ID 0,0-674,75}, this = android.view.WindowManagerGlobal@b01d960
03-13 17:02:49.259 19589 19589 I HUREV   : [2] p.onReceive | USB Intent: Intent { act=android.hardware.usb.action.USB_DEVICE_DETACHED flg=0x1000010 (has extras) }
03-13 17:02:49.260 19589 19589 I HUREV   : [2] p.onReceive | USB Intent: Intent { act=android.hardware.usb.action.USB_DEVICE_DETACHED flg=0x1000010 (has extras) }
03-13 17:02:49.682 19589 19589 I HUREV   : [2] p.onReceive | USB Intent: Intent { act=android.hardware.usb.action.USB_DEVICE_ATTACHED flg=0x11000010 (has extras) }
03-13 17:02:49.690 19589 19589 I HUREV   : [2] p.onReceive | USB Intent: Intent { act=android.hardware.usb.action.USB_DEVICE_ATTACHED flg=0x11000010 (has extras) }
03-13 17:02:49.691 19589 19589 I HUREV   : [2] AapService.onUsbAttach | onUsbAttach: device=Xiaomi 2717:FF40 (2717:FF40), isAccessoryMode=false, userExitedAA=false, isConnected=false
03-13 17:02:49.691 19589 19589 I HUREV   : [2] AapService.onUsbAttach | Normal USB device attached: Xiaomi 2717:FF40. Will check auto-connect in 2000ms...
03-13 17:02:51.695 19589 19589 I HUREV   : [2] o.invokeSuspend | UsbAttachedActivity didn't handle Xiaomi 2717:FF40. Trying from service...
03-13 17:02:51.696 19589 19589 I HUREV   : [2] AapService.u | checkAlreadyConnectedUsb: force=true, lastSession=false, singleUsb=true, isConnected=false, connectionState=c, isSwitchingToAccessory=false, userExitedAA=false
03-13 17:02:51.698 19589 19589 I HUREV   : [2] AapService.u | checkAlreadyConnectedUsb: Found 1 USB device(s): Xiaomi 2717:FF40 (2717:FF40)
03-13 17:02:51.700 19589 19589 I HUREV   : [2] AapService.H | performSingleUsbConnect: device=Xiaomi 2717:FF40 (2717:FF40), hasPermission=true
03-13 17:02:51.700 19589 19589 I HUREV   : [2] AapService.H | Single USB auto-connect: connecting to Xiaomi 2717:FF40
03-13 17:02:51.703 19589 19753 I HUREV   : [681] n.c | Success controlTransfer len: 2  acc_ver: 2
03-13 17:02:51.704 19589 19753 I HUREV   : [681] n.c | acc_ver: 2
03-13 17:02:51.704 19589 19753 I HUREV   : [681] n.b | Success controlTransfer len: 7  index: 0  string: "Android"
03-13 17:02:51.705 19589 19753 I HUREV   : [681] n.b | Success controlTransfer len: 12  index: 1  string: "Android Auto"
03-13 17:02:51.705 19589 19753 I HUREV   : [681] n.b | Success controlTransfer len: 12  index: 2  string: "Android Auto"
03-13 17:02:51.706 19589 19753 I HUREV   : [681] n.b | Success controlTransfer len: 5  index: 3  string: "2.0.1"
03-13 17:02:51.706 19589 19753 I HUREV   : [681] n.b | Success controlTransfer len: 45  index: 4  string: "https://developer.android.com/auto/index.html"
03-13 17:02:51.707 19589 19753 I HUREV   : [681] n.b | Success controlTransfer len: 12  index: 5  string: "HU-AAAAAA001"
03-13 17:02:51.707 19589 19753 I HUREV   : [681] n.c | Sending acc start
03-13 17:02:51.708 19589 19753 I HUREV   : [681] n.c | Acc start sent (len=0). Waiting for re-enumeration...
03-13 17:02:52.075 19589 19589 I HUREV   : [2] p.onReceive | USB Intent: Intent { act=android.hardware.usb.action.USB_DEVICE_DETACHED flg=0x1000010 (has extras) }
03-13 17:02:52.077 19589 19589 I HUREV   : [2] p.onReceive | USB Intent: Intent { act=android.hardware.usb.action.USB_DEVICE_DETACHED flg=0x1000010 (has extras) }
03-13 17:02:52.208 19589 19753 D UsbDeviceConnectionJNI: close
03-13 17:02:52.208 19589 19753 I HUREV   : [681] n.a | Result: true
03-13 17:02:52.209 19589 19753 I HUREV   : [681] r.invokeSuspend | Successfully requested switch to accessory mode for single USB device. Waiting for re-enumeration...
03-13 17:02:52.411 19589 19589 I HUREV   : [2] p.onReceive | USB Intent: Intent { act=android.hardware.usb.action.USB_DEVICE_ATTACHED flg=0x11000010 (has extras) }
03-13 17:02:52.428 19589 19589 I HUREV   : [2] p.onReceive | USB Intent: Intent { act=android.hardware.usb.action.USB_DEVICE_ATTACHED flg=0x11000010 (has extras) }
03-13 17:02:52.429 19589 19589 I HUREV   : [2] AapService.onUsbAttach | onUsbAttach: device=Google 18D1:2D00 (18D1:2D00), isAccessoryMode=true, userExitedAA=false, isConnected=false
03-13 17:02:52.429 19589 19589 I HUREV   : [2] AapService.onUsbAttach | USB accessory device attached, connecting.
03-13 17:02:52.430 19589 19589 I HUREV   : [2] AapService.u | checkAlreadyConnectedUsb: force=true, lastSession=false, singleUsb=true, isConnected=false, connectionState=c, isSwitchingToAccessory=false, userExitedAA=false
03-13 17:02:52.433 19589 19589 I HUREV   : [2] AapService.u | checkAlreadyConnectedUsb: Found 1 USB device(s): Google 18D1:2D00 (18D1:2D00)
03-13 17:02:52.434 19589 19589 I HUREV   : [2] AapService.u | Found device already in accessory mode: Google 18D1:2D00
03-13 17:02:52.455 19589 19753 D UsbDeviceConnectionJNI: close
03-13 17:02:52.457 19589 19753 I HUREV   : [681] m.b | Google 18D1:2D00 - UsbDevice[mName=/dev/bus/usb/001/065,mVendorId=6353,mProductId=11520,mClass=0,mSubclass=0,mProtocol=0,mManufacturerName=Android,mProductName=VehiConn_CBE4,mVersion=2.0,mSerialNumber=LY0123456789,mConfigurations=[
03-13 17:02:52.457 19589 19753 I HUREV   : UsbConfiguration[mId=1,mName=accessory,mAttributes=128,mMaxPower=75,mInterfaces=[
03-13 17:02:52.457 19589 19753 I HUREV   : UsbInterface[mId=0,mAlternateSetting=0,mName=Android Accessory Interface,mClass=255,mSubclass=255,mProtocol=0,mEndpoints=[
03-13 17:02:52.457 19589 19753 I HUREV   : UsbEndpoint[mAddress=129,mAttributes=2,mMaxPacketSize=512,mInterval=0]
03-13 17:02:52.457 19589 19753 I HUREV   : UsbEndpoint[mAddress=1,mAttributes=2,mMaxPacketSize=512,mInterval=0]]]]
03-13 17:02:52.457 19589 19753 E UsbDeviceConnectionJNI: device is closed in native_release_interface
03-13 17:02:52.459 19589 19753 E HUREV   : [681] m.b | Error releaseInterface()
03-13 17:02:52.461 19589 19753 I HUREV   : [681] m.l | Established connection: android.hardware.usb.UsbDeviceConnection@2cf46f5
03-13 17:02:52.462 19589 19753 I HUREV   : [681] m.l | interfaceCount: 1
03-13 17:02:52.462 19589 19753 I HUREV   : [681] m.j | Check accessory endpoints
03-13 17:02:52.463 19589 19753 I HUREV   : [681] m.j | Connected have EPs
03-13 17:02:52.471 19589 19607 D GraphicBuffer: register, handle(0xa0321f00) (w:720 h:1280 s:720 f:0x1 u:f02)
03-13 17:02:52.487 19589 19589 D HUREV   : [2] AapService.W | MediaSession: State updated to PLAYING
03-13 17:02:52.508 19589 19753 I HUREV   : [681] s0.B | Start Aap transport handshake for w0.m@5e0c8a
03-13 17:02:52.642 19589 19589 I HUREV   : [2] AapProjectionActivity.onCreate | HeadUnit for Android Auto (tm) - Copyright 2011-2015 Michael A. Reid., since 2025 André Rinas All Rights Reserved...
03-13 17:02:52.643 19589 19589 I HUREV   : [2] AapProjectionActivity.onCreate | Using GlProjectionView
03-13 17:02:52.655 19589 19589 I HUREV   : [2] g.p | CarScreen: usable width: 1280 height: 720 (Raw: 1280x720, Insets: L0 T0 R0 B0)
03-13 17:02:52.656 19589 19589 I HUREV   : [2] g.p | CarScreen isSmallScreen: true, scaleFactor: 1.0
03-13 17:02:52.658 19589 19589 I HUREV   : [2] g.p | CarScreen using: _1920x1080, number: 3, scales: scaleX: 1.5, scaleY: 1.5
03-13 17:02:52.694 19589 19589 I HUREV   : [2] AapProjectionActivity.onResume | AapProjectionActivity: onResume
03-13 17:02:52.701 19589 19589 D WindowClient: Add to mViews: DecorView@9cd7b9f[AapProjectionActivity], this = android.view.WindowManagerGlobal@b01d960
03-13 17:02:52.705 19589 19589 D ViewRootImpl[AapProjectionActivity]: hardware acceleration = true , fakeHwAccelerated = false, sRendererDisabled = false, forceHwAccelerated = false, sSystemRendererDisabled = false
03-13 17:02:52.772 19589 19607 D Surface : Surface::connect(this=0x87d69800,api=1)
03-13 17:02:52.775 19589 19607 D Surface : Surface::setBufferCount(this=0x87d69800,bufferCount=4)
03-13 17:02:52.807 19589 20495 D Surface : Surface::connect(this=0x87d16800,api=1)
03-13 17:02:52.809 19589 19607 E [EGL-ERROR]: __egl_platform_cancel_buffers:644: surface->num_buffers(4)
03-13 17:02:52.810 19589 19607 D Surface : Surface::disconnect(this=0x8c4b3000,api=1)
03-13 17:02:52.810 19589 19607 D GraphicBuffer: unregister, handle(0xa0321f00) (w:720 h:1280 s:720 f:0x1 u:f02)
03-13 17:02:52.810 19589 19607 D GraphicBuffer: unregister, handle(0xa03234c0) (w:720 h:1280 s:720 f:0x1 u:f02)
03-13 17:02:52.811 19589 19607 D GraphicBuffer: unregister, handle(0xa0322d40) (w:720 h:1280 s:720 f:0x1 u:f02)
03-13 17:02:52.813 19589 20495 D Surface : Surface::setBufferCount(this=0x87d16800,bufferCount=4)
03-13 17:02:52.825 19589 20495 D GraphicBuffer: register, handle(0x9e67e400) (w:720 h:1280 s:720 f:0x2 u:f02)
03-13 17:02:52.827 19589 20495 I HUREV   : [966] a.onSurfaceCreated | GlProjectionView: onSurfaceCreated (GL Context)
03-13 17:02:52.829 19589 20495 I BufferQueue: [unnamed-19589-2](this:0x87a53000,id:2,api:0,p:-1,c:-1) BufferQueue core=(19589:com.andrerinas.headunitrevived)
03-13 17:02:52.829 19589 20495 E DumpTunnel: finding regDump() failed
03-13 17:02:52.829 19589 20495 I BufferQueueConsumer: [unnamed-19589-2](this:0x87a53000,id:2,api:0,p:-1,c:19589) connect(C): consumer=(19589:com.andrerinas.headunitrevived) controlledByApp=true
03-13 17:02:52.829 19589 20495 I BufferQueueConsumer: [unnamed-19589-2](this:0x87a53000,id:2,api:0,p:-1,c:19589) setConsumerName: unnamed-19589-2
03-13 17:02:52.829 19589 20495 I BufferQueueConsumer: [SurfaceTexture-1-19589-2](this:0x87a53000,id:2,api:0,p:-1,c:19589) setConsumerName: SurfaceTexture-1-19589-2
03-13 17:02:52.831 19589 20495 I HUREV   : [966] a.onSurfaceChanged | GlProjectionView: onSurfaceChanged: 1280x720
03-13 17:02:52.854 19589 20495 D GraphicBuffer: register, handle(0x9e67eac0) (w:720 h:1280 s:720 f:0x2 u:f02)
03-13 17:02:52.884 19589 19607 D GraphicBuffer: register, handle(0xa03234c0) (w:720 h:1280 s:720 f:0x1 u:f02)
03-13 17:02:52.903 19589 19599 I zygote  : Background concurrent copying GC freed 47243(3MB) AllocSpace objects, 67(2MB) LOS objects, 41% free, 8MB/14MB, paused 193us total 334.731ms
03-13 17:02:52.903 19589 19589 I HUREV   : [2] a.g | GlProjectionView: Reporting Surface Created
03-13 17:02:52.904 19589 19589 I HUREV   : [2] AapProjectionActivity.d | [AapProjectionActivity] onSurfaceCreated
03-13 17:02:52.904 19589 19589 I HUREV   : [2] AapProjectionActivity.b | [AapProjectionActivity] onSurfaceChanged. Actual surface dimensions: width=1280, height=720
03-13 17:02:52.905 19589 19589 I HUREV   : [2] a0.p | New surface set: Surface(name=android.graphics.SurfaceTexture@75edcd9)/@0x1069b76
03-13 17:02:52.906 19589 19589 I HUREV   : [2] AapProjectionActivity.b | [AapProjectionActivity] Decoder already has dimensions: 1920x1088. Applying to view.
03-13 17:02:52.907 19589 19589 I HUREV   : [2] d.a | GlProjectionView setVideoSize: 1920x1088
03-13 17:02:52.908 19589 19589 I BufferQueueConsumer: [SurfaceTexture-1-19589-2](this:0x87a53000,id:2,api:0,p:-1,c:19589) setDefaultBufferSize: width=1920 height=1088
03-13 17:02:52.916 19589 19607 D GraphicBuffer: register, handle(0xa0322a40) (w:720 h:1280 s:720 f:0x1 u:f02)
03-13 17:02:52.961 19589 19607 D GraphicBuffer: register, handle(0xa0322740) (w:720 h:1280 s:720 f:0x1 u:f02)
03-13 17:02:53.028 19589 19607 D GraphicBuffer: register, handle(0xa0323dc0) (w:720 h:1280 s:720 f:0x1 u:f02)
03-13 17:02:53.065 19589 19753 D HUREV   : [681] s0.l | Handshake: Starting version request. TS: 77736880
03-13 17:02:53.066 19589 19753 D HUREV   : [681] s0.l | Handshake: Version request sent. ret: 10. attempt: 1. TS: 77736881
03-13 17:02:53.066 19589 19753 D HUREV   : [681] s0.l | Handshake: Waiting for version response. TS: 77736882
03-13 17:02:53.128 19589 19753 I HUREV   : [681] m.e | USB reads recovered after 1 errors
03-13 17:02:53.130 19589 19753 I HUREV   : [681] s0.l | Handshake: Version response received (ret=12, attempt=1).
03-13 17:02:53.131 19589 19753 I HUREV   : [681] s0.l | Handshake: Version response recv ret: 12
03-13 17:02:53.132 19589 19753 D HUREV   : [681] s0.l | Handshake: Starting SSL handshake via performHandshake(). TS: 77736947
03-13 17:02:53.549 19589 19753 I HUREV   : [681] n0.performHandshake | SSL handshake complete. Session id: MH85oNgXaMZK2x4oBpYD81Ee3Hq5Ec0GdX/kopFjg6s=
03-13 17:02:53.550 19589 19753 D HUREV   : [681] s0.l | Handshake: SSL buffers reset after handshake.
03-13 17:02:53.550 19589 19753 D HUREV   : [681] s0.l | Handshake: SSL handshake complete. TS: 77737366
03-13 17:02:53.551 19589 19753 D HUREV   : [681] s0.l | Handshake: Status OK sent. ret: 8. TS: 77737367
03-13 17:02:53.552 19589 19753 I HUREV   : [681] s0.l | Handshake: Status OK sent: 8
03-13 17:02:53.552 19589 19753 D HUREV   : [681] s0.l | Handshake: Handshake successful. TS: 77737368
03-13 17:02:53.555 19589 19753 I HUREV   : [681] j.c | Audio Focus Request: stream=3, type=1
03-13 17:02:53.581 19589 19589 D AudioManager: dispatching onAudioFocusChange(-1) to android.media.AudioManager@d14c949t0.o@ddefd67
03-13 17:02:53.582 19589 19753 I HUREV   : [681] j.c | Audio focus request result: GRANTED
03-13 17:02:53.582 19589 19753 I HUREV   : [681] s0.E | Start Aap transport read loop
03-13 17:02:53.589 19589 19589 I HUREV   : [2] p.d | Audio Focus async change: STATE_GAIN, system focus change: -1 AUDIOFOCUS_LOSS
03-13 17:02:53.590 19589 19589 I HUREV   : [2] p.d | CONTROL Audio Focus Notification type: 19 flags: 11 size: 8 dataOffset: 6
03-13 17:02:53.590 19589 19589 I HUREV   : [2] s0.r | Cannot send message, handler is null (quitting?)
03-13 17:02:53.591 19589 19589 D HUREV   : [2] AapService.W | MediaSession: State updated to PLAYING
03-13 17:02:53.595 19589 19589 I HUREV   : [2] h.onReceive | Received request to resend night mode state
03-13 17:02:53.597 19589 19589 I HUREV   : [2] y.invoke | NightMode update: false
03-13 17:02:53.618 19589 20493 I HUREV   : [964] p.h | Service Discovery Request: Android
03-13 17:02:53.620 19589 20493 I HUREV   : [964] g.p | CarScreen: usable width: 1280 height: 720 (Raw: 1280x720, Insets: L0 T0 R0 B0)
03-13 17:02:53.621 19589 20493 I HUREV   : [964] g.p | CarScreen isSmallScreen: true, scaleFactor: 1.0
03-13 17:02:53.622 19589 20493 I HUREV   : [964] g.p | CarScreen using: _1920x1080, number: 3, scales: scaleX: 1.5, scaleY: 1.5
03-13 17:02:53.624 19589 20493 I HUREV   : [964] a.b | [ServiceDiscovery] Announcing NIGHT sensor support. Strategy: SCREEN_BRIGHTNESS
03-13 17:02:53.625 19589 20493 I HUREV   : [964] a.b | [ServiceDiscovery] NegotiatedResolution is: 1920x1080
03-13 17:02:53.625 19589 20493 I HUREV   : [964] a.b | [ServiceDiscovery] Margins are: 640x360
03-13 17:02:53.630 19589 20493 I HUREV   : [964] a.b | BT MAC Address is empty. Skip bluetooth service
03-13 17:02:53.705 19589 20493 I HUREV   : [964] p.c | Audio Focus Request: RELEASE
03-13 17:02:53.706 19589 20493 I HUREV   : [964] j.c | Audio Focus Request: stream=3, type=4
03-13 17:02:53.706 19589 20493 I HUREV   : [964] j.c | Releasing audio focus
03-13 17:02:53.708 19589 19589 D AudioManager: dispatching onAudioFocusChange(1) to android.media.AudioManager@d14c949t0.o@ddefd67
03-13 17:02:53.708 19589 20493 I HUREV   : [964] p.c | Sending immediate AudioFocusNotification: STATE_LOSS
03-13 17:02:53.709 19589 19589 I HUREV   : [2] p.d | Audio Focus async change: STATE_GAIN, system focus change: 1 AUDIOFOCUS_GAIN
03-13 17:02:53.709 19589 19589 I HUREV   : [2] p.d | CONTROL Audio Focus Notification type: 19 flags: 11 size: 8 dataOffset: 6
03-13 17:02:53.710 19589 19589 I HUREV   : [2] s0.r | Cannot send message, handler is null (quitting?)
03-13 17:02:53.711 19589 19589 D HUREV   : [2] AapService.W | MediaSession: State updated to PLAYING
03-13 17:02:53.721 19589 20493 I HUREV   : [964] n.b | Sensor Start Request sensor: DRIVING_STATUS, minUpdatePeriod: 0
03-13 17:02:53.721 19589 20493 I HUREV   : [964] n.b | SENSOR Sensor Start Response type: 32770 flags: 11 size: 8 dataOffset: 6
03-13 17:02:53.723 19589 20493 W HUREV   : [964] t0.a | AapVideo: Dropped Flag 11 packet. len=4, buf[10]=?
03-13 17:02:53.724 19589 20493 I HUREV   : [964] m.b | Media Sink Setup Request: 3 on channel VIDEO
03-13 17:02:53.732 19589 20493 I HUREV   : [964] m.b | Config response: status: HEADUNIT
03-13 17:02:53.732 19589 20493 I HUREV   : max_unacked: 1
03-13 17:02:53.732 19589 20493 I HUREV   : configuration_indices: 0
03-13 17:02:53.747 19589 19589 I HUREV   : [2] AapProjectionActivity.onPause | AapProjectionActivity: onPause
03-13 17:02:53.750 19589 19589 I HUREV   : [2] AapProjectionActivity.onNewIntent | AapProjectionActivity: onNewIntent received
03-13 17:02:53.751 19589 19589 I HUREV   : [2] AapProjectionActivity.onResume | AapProjectionActivity: onResume
03-13 17:02:53.778 19589 20493 I HUREV   : [964] m.b | Media Sink Setup Request: 1 on channel AUDIO2
03-13 17:02:53.780 19589 20493 I HUREV   : [964] m.b | Config response: status: HEADUNIT
03-13 17:02:53.780 19589 20493 I HUREV   : max_unacked: 3
03-13 17:02:53.780 19589 20493 I HUREV   : configuration_indices: 0
03-13 17:02:53.782 19589 20493 I HUREV   : [964] m.b | Media Sink Setup Request: 1 on channel AUDIO1
03-13 17:02:53.784 19589 20493 I HUREV   : [964] m.b | Config response: status: HEADUNIT
03-13 17:02:53.784 19589 20493 I HUREV   : max_unacked: 3
03-13 17:02:53.784 19589 20493 I HUREV   : configuration_indices: 0
03-13 17:02:53.793 19589 20493 I HUREV   : [964] m.b | Media Sink Setup Request: 1 on channel AUDIO
03-13 17:02:53.794 19589 20493 I HUREV   : [964] m.b | Config response: status: HEADUNIT
03-13 17:02:53.794 19589 20493 I HUREV   : max_unacked: 3
03-13 17:02:53.794 19589 20493 I HUREV   : configuration_indices: 0
03-13 17:02:53.796 19589 20493 I HUREV   : [964] n.b | Sensor Start Request sensor: NIGHT, minUpdatePeriod: 0
03-13 17:02:53.797 19589 20493 I HUREV   : [964] n.b | SENSOR Sensor Start Response type: 32770 flags: 11 size: 8 dataOffset: 6
03-13 17:02:53.797 19589 20493 I HUREV   : [964] n.b | Night sensor requested. Triggering immediate update.
03-13 17:02:53.801 19589 19589 I HUREV   : [2] h.onReceive | Received request to resend night mode state
03-13 17:02:53.802 19589 19589 I HUREV   : [2] y.invoke | NightMode update: false
03-13 17:02:53.839 19589 20493 I HUREV   : [964] p.c | Audio Focus Request: GAIN
03-13 17:02:53.839 19589 20493 I HUREV   : [964] j.c | Audio Focus Request: stream=3, type=1
03-13 17:02:53.842 19589 19589 D AudioManager: dispatching onAudioFocusChange(-1) to android.media.AudioManager@d14c949t0.o@ddefd67
03-13 17:02:53.842 19589 20493 I HUREV   : [964] j.c | Audio focus request result: GRANTED
03-13 17:02:53.843 19589 19589 I HUREV   : [2] p.d | Audio Focus async change: STATE_GAIN, system focus change: -1 AUDIOFOCUS_LOSS
03-13 17:02:53.843 19589 20493 I HUREV   : [964] p.c | Sending immediate AudioFocusNotification: STATE_GAIN
03-13 17:02:53.843 19589 19589 I HUREV   : [2] p.d | CONTROL Audio Focus Notification type: 19 flags: 11 size: 8 dataOffset: 6
03-13 17:02:53.844 19589 19589 I HUREV   : [2] s0.r | Cannot send message, handler is null (quitting?)
03-13 17:02:53.845 19589 20493 D HUREV   : [964] AapService.W | MediaSession: State updated to PLAYING
03-13 17:02:53.845 19589 19589 D HUREV   : [2] AapService.W | MediaSession: State updated to PLAYING
03-13 17:02:53.974 19589 20493 W HUREV   : [964] t0.a | AapVideo: Dropped Flag 11 packet. len=6, buf[10]=?
03-13 17:02:53.975 19589 20493 I HUREV   : [964] m.a | RX: Video Focus Request - mode: VIDEO_FOCUS_PROJECTED, reason: UNKNOWN
03-13 17:02:54.532 19589 20493 I HUREV   : [964] m.e | USB reads recovered after 3 errors
03-13 17:02:54.816 19589 20493 I HUREV   : [964] m.e | USB reads recovered after 1 errors
03-13 17:02:55.817 19589 20493 I HUREV   : [964] m.e | USB reads recovered after 5 errors
03-13 17:02:55.947 19589 20493 D HUREV   : [964] a.b | Nav: passthrough type 32771
03-13 17:02:56.754 19589 19589 W HUREV   : [2] k.run | Watchdog: No video received. Requesting Keyframe (Unsolicited Focus)...
03-13 17:02:56.894 19589 20493 I HUREV   : [964] m.e | USB reads recovered after 5 errors
03-13 17:02:56.895 19589 20493 W HUREV   : [964] t0.a | AapVideo: Dropped Flag 11 packet. len=6, buf[10]=?
03-13 17:02:56.896 19589 20493 I HUREV   : [964] m.d | Media Start Request VIDEO: session_id: 0
03-13 17:02:56.896 19589 20493 I HUREV   : configuration_index: 0
03-13 17:02:57.498 19589 20493 I HUREV   : [964] m.e | USB reads recovered after 4 errors
03-13 17:02:57.499 19589 20493 I HUREV   : [964] a0.c | H.264/AVC config detected in frame (30 bytes)
03-13 17:02:57.500 19589 20493 I HUREV   : [964] a0.m | SPS parsed: 1920x1080
03-13 17:02:57.501 19589 20493 I HUREV   : [964] AapProjectionActivity.a | [AapProjectionActivity] Received video dimensions: 1920x1080
03-13 17:02:57.501 19589 19589 I HUREV   : [2] d.a | GlProjectionView setVideoSize: 1920x1080
03-13 17:02:57.501 19589 19589 I BufferQueueConsumer: [SurfaceTexture-1-19589-2](this:0x87a53000,id:2,api:0,p:-1,c:19589) setDefaultBufferSize: width=1920 height=1080
03-13 17:02:57.518 19589 20510 I OMXClient: Treble IOmx obtained
03-13 17:02:57.579 19589 20493 I HUREV   : [964] a0.q | Configuring decoder: OMX.MTK.VIDEO.DECODER.AVC with surface
03-13 17:02:57.580 19589 20509 D SurfaceUtils: connecting to surface 0x89c64808, reason connectToSurface
03-13 17:02:57.580 19589 20509 D Surface : Surface::connect(this=0x89c64800,api=3)
03-13 17:02:57.581 19589 20509 I BufferQueueProducer: [SurfaceTexture-1-19589-2](this:0x87a53000,id:2,api:3,p:19589,c:19589) connect(P): api=3 producer=(19589:com.andrerinas.headunitrevived) producerControlledByApp=true
03-13 17:02:57.581 19589 20509 I MediaCodec: [OMX.MTK.VIDEO.DECODER.AVC] setting surface generation to 20059138
03-13 17:02:57.581 19589 20509 D SurfaceUtils: disconnecting from surface 0x89c64808, reason connectToSurface(reconnect)
03-13 17:02:57.581 19589 20509 D Surface : Surface::disconnect(this=0x89c64800,api=3)
03-13 17:02:57.581 19589 20509 I BufferQueueProducer: [SurfaceTexture-1-19589-2](this:0x87a53000,id:2,api:3,p:19589,c:19589) disconnect(P): api 3
03-13 17:02:57.581 19589 20509 I BufferQueueConsumer: [SurfaceTexture-1-19589-2](this:0x87a53000,id:2,api:3,p:-1,c:19589) getReleasedBuffers: returning mask 0xffffffffffffffff
03-13 17:02:57.581 19589 20509 D SurfaceUtils: connecting to surface 0x89c64808, reason connectToSurface(reconnect)
03-13 17:02:57.581 19589 20509 D Surface : Surface::connect(this=0x89c64800,api=3)
03-13 17:02:57.581 19589 20509 I BufferQueueProducer: [SurfaceTexture-1-19589-2](this:0x87a53000,id:2,api:3,p:19589,c:19589) connect(P): api=3 producer=(19589:com.andrerinas.headunitrevived) producerControlledByApp=true
03-13 17:02:57.643 19589 20510 D SurfaceUtils: set up nativeWindow 0x89c64808 for 1920x1080, color 0x23, rotation 0, usage 0x2933
03-13 17:02:57.644 19589 20510 W ACodec  : [OMX.MTK.VIDEO.DECODER.AVC] setting nBufferCountActual to 8 failed: -22
03-13 17:02:57.644 19589 20510 W ACodec  : [OMX.MTK.VIDEO.DECODER.AVC] setting nBufferCountActual to 7 failed: -22
03-13 17:02:57.645 19589 20510 D Surface : Surface::setBufferCount(this=0x89c64800,bufferCount=6)
03-13 17:02:57.646 19589 20510 I BufferQueueProducer: [SurfaceTexture-1-19589-2](this:0x87a53000,id:2,api:3,p:19589,c:19589) setMaxDequeuedBufferCount: maxDequeuedBuffers = 4
03-13 17:02:57.650 19589 20510 W GrallocMapperPassthrough: buffer descriptor with invalid usage bits 0x2000
03-13 17:02:57.653 19589 20493 I HUREV   : [964] a0.q | Codec initialized: OMX.MTK.VIDEO.DECODER.AVC for stream 1920x1080
03-13 17:02:57.654 19589 20516 I HUREV   : [968] a0.l | Output thread started
03-13 17:02:57.667 19589 20510 W GrallocMapperPassthrough: buffer descriptor with invalid usage bits 0x2000
03-13 17:02:57.680 19589 20510 W GrallocMapperPassthrough: buffer descriptor with invalid usage bits 0x2000
03-13 17:02:57.771 19589 20510 D BufferQueueProducer: [SurfaceTexture-1-19589-2](this:0x87a53000,id:2,api:3,p:19589,c:19589) cancelBuffer: slot 0
03-13 17:02:57.772 19589 20510 D BufferQueueProducer: [SurfaceTexture-1-19589-2](this:0x87a53000,id:2,api:3,p:19589,c:19589) cancelBuffer: slot 1
03-13 17:02:57.773 19589 20510 D BufferQueueProducer: [SurfaceTexture-1-19589-2](this:0x87a53000,id:2,api:3,p:19589,c:19589) cancelBuffer: slot 2
03-13 17:02:57.775 19589 20510 D SurfaceUtils: set up nativeWindow 0x89c64808 for 1920x1088, color 0x23, rotation 0, usage 0x2933
03-13 17:02:57.776 19589 20510 W ACodec  : [OMX.MTK.VIDEO.DECODER.AVC] setting nBufferCountActual to 18 failed: -22
03-13 17:02:57.776 19589 20510 W ACodec  : [OMX.MTK.VIDEO.DECODER.AVC] setting nBufferCountActual to 17 failed: -22
03-13 17:02:57.776 19589 20510 D Surface : Surface::setBufferCount(this=0x89c64800,bufferCount=16)
03-13 17:02:57.776 19589 20510 I BufferQueueProducer: [SurfaceTexture-1-19589-2](this:0x87a53000,id:2,api:3,p:19589,c:19589) setMaxDequeuedBufferCount: maxDequeuedBuffers = 14
03-13 17:02:57.783 19589 20510 W GrallocMapperPassthrough: buffer descriptor with invalid usage bits 0x2000
03-13 17:02:57.793 19589 20510 W GrallocMapperPassthrough: buffer descriptor with invalid usage bits 0x2000
03-13 17:02:57.812 19589 20510 W GrallocMapperPassthrough: buffer descriptor with invalid usage bits 0x2000
03-13 17:02:57.823 19589 20510 W GrallocMapperPassthrough: buffer descriptor with invalid usage bits 0x2000
03-13 17:02:57.843 19589 20510 W GrallocMapperPassthrough: buffer descriptor with invalid usage bits 0x2000
03-13 17:02:57.850 19589 20510 W GrallocMapperPassthrough: buffer descriptor with invalid usage bits 0x2000
03-13 17:02:57.863 19589 20510 W GrallocMapperPassthrough: buffer descriptor with invalid usage bits 0x2000
03-13 17:02:57.906 19589 20510 W GrallocMapperPassthrough: buffer descriptor with invalid usage bits 0x2000
03-13 17:02:58.045 19589 20516 I HUREV   : [968] a0.j | Output Format Changed: {crop-right=1919, color-format=35, slice-height=1088, mime=video/raw, hdr-static-info=java.nio.HeapByteBuffer[pos=0 lim=25 cap=25], stride=1920, color-standard=1, color-transfer=3, crop-bottom=1079, crop-left=0, width=1920, color-range=2, crop-top=0, height=1088}
03-13 17:02:58.045 19589 20516 I HUREV   : [968] a0.j | Video dimensions changed via format: 1920x1088
03-13 17:02:58.046 19589 20516 I HUREV   : [968] AapProjectionActivity.a | [AapProjectionActivity] Received video dimensions: 1920x1088
03-13 17:02:58.048 19589 20510 W GrallocMapperPassthrough: buffer descriptor with invalid usage bits 0x2000
03-13 17:02:58.048 19589 19589 I HUREV   : [2] d.a | GlProjectionView setVideoSize: 1920x1088
03-13 17:02:58.048 19589 19589 I BufferQueueConsumer: [SurfaceTexture-1-19589-2](this:0x87a53000,id:2,api:3,p:19589,c:19589) setDefaultBufferSize: width=1920 height=1088
03-13 17:02:58.057 19589 20493 I HUREV   : [964] m.e | USB reads recovered after 1 errors
03-13 17:02:58.074 19589 20510 W GrallocMapperPassthrough: buffer descriptor with invalid usage bits 0x2000
03-13 17:02:58.132 19589 20510 W GrallocMapperPassthrough: buffer descriptor with invalid usage bits 0x2000
03-13 17:02:58.153 19589 20495 D GraphicBuffer: register, handle(0x87df2180) (w:720 h:1280 s:720 f:0x2 u:f02)
03-13 17:02:58.160 19589 20510 W GrallocMapperPassthrough: buffer descriptor with invalid usage bits 0x2000
03-13 17:02:58.203 19589 20510 W GrallocMapperPassthrough: buffer descriptor with invalid usage bits 0x2000
03-13 17:02:58.251 19589 20510 W GrallocMapperPassthrough: buffer descriptor with invalid usage bits 0x2000
03-13 17:02:58.270 19589 20510 W GrallocMapperPassthrough: buffer descriptor with invalid usage bits 0x2000
03-13 17:02:58.321 19589 20510 W GrallocMapperPassthrough: buffer descriptor with invalid usage bits 0x2000
03-13 17:02:58.348 19589 20510 I BufferQueueProducer: [SurfaceTexture-1-19589-2](this:0x87a53000,id:2,api:3,p:19589,c:19589) queueBuffer: slot 0 is dropped, handle=0x9e67df80
03-13 17:02:58.349 19589 20510 I BufferQueueProducer: [SurfaceTexture-1-19589-2](this:0x87a53000,id:2,api:3,p:19589,c:19589) queueBuffer: slot 1 is dropped, handle=0x9e67c9c0
03-13 17:02:58.350 19589 20510 I BufferQueueProducer: [SurfaceTexture-1-19589-2](this:0x87a53000,id:2,api:3,p:19589,c:19589) queueBuffer: slot 2 is dropped, handle=0x9e67d5c0
03-13 17:02:58.351 19589 20510 I BufferQueueProducer: [SurfaceTexture-1-19589-2](this:0x87a53000,id:2,api:3,p:19589,c:19589) queueBuffer: slot 3 is dropped, handle=0x9e67da40
03-13 17:02:58.358 19589 20510 I BufferQueueProducer: [SurfaceTexture-1-19589-2](this:0x87a53000,id:2,api:3,p:19589,c:19589) queueBuffer: slot 9 is dropped, handle=0x9e67edc0
