03-13 07:57:53.796 12397 12397 I HUREV   : [2] HomeFragment.onResume | HomeFragment: onResume. isConnected=false
03-13 07:57:53.822 12397 12402 I zygote  : Do partial code cache collection, code=29KB, data=46KB
03-13 07:57:53.823 12397 12402 I zygote  : After code cache collection, code=29KB, data=46KB
03-13 07:57:53.823 12397 12402 I zygote  : Increasing code cache capacity to 256KB
03-13 07:57:53.824 12397 12402 I zygote  : Compiler allocated 4MB to compile void android.widget.TextView.<init>(android.content.Context, android.util.AttributeSet, int, int)
03-13 07:57:53.861 12397 12397 I Choreographer: Skipped 117 frames!  The application may be doing too much work on its main thread.
03-13 07:57:54.351 12397 12402 I zygote  : Do full code cache collection, code=117KB, data=80KB
03-13 07:57:54.352 12397 12402 I zygote  : After code cache collection, code=99KB, data=60KB
03-13 07:57:54.377 12397 12415 E         : appName=com.andrerinas.headunitrevived, acAppName=/system/bin/surfaceflinger
03-13 07:57:54.377 12397 12415 E         : 0
03-13 07:57:54.386 12397 12415 I com.andrerinas.headunitrevived: android::hardware::configstore::V1_0::ISurfaceFlingerConfigs::hasWideColorDisplay retrieved: 0
03-13 07:57:54.386 12397 12415 I OpenGLRenderer: Initialized EGL, version 1.4
03-13 07:57:54.388 12397 12415 E         : appName=com.andrerinas.headunitrevived, acAppName=com.instagram.android
03-13 07:57:54.389 12397 12415 E         : 0
03-13 07:57:54.418 12397 12415 I HWUIExtension: Get disable program binary service property (0)
03-13 07:57:54.418 12397 12415 I HWUIExtension: Initializing program atlas...
03-13 07:57:54.418 12397 12415 I ProgramBinary/Service: ProgramBinaryService client side disable debugging.
03-13 07:57:54.419 12397 12415 I ProgramBinary/Service: ProgramBinaryService client side disable binary content debugging.
03-13 07:57:54.419 12397 12415 I HWUIExtension: Program binary detail: Binary length is 78196, program map length is 104.
03-13 07:57:54.420 12397 12415 I HWUIExtension: Succeeded to mmap program binaries. File descriptor is 51, and path is /dev/ashmem.
03-13 07:57:54.420 12397 12415 I HWUIExtension: No need to use file discriptor anymore, close fd(51).
03-13 07:57:54.552 12397 12397 I HUREV   : [2] AapService.onCreate | AapService creating...
03-13 07:57:54.641 12397 12397 I HUREV   : [2] 1.invoke | NightMode update: true
03-13 07:57:54.740 12397 12397 I HUREV   : [2] AapService.onCreate | Auto-started continuous log capture
03-13 07:57:54.781 12397 12397 I HUREV   : [2] AapService.performSingleUsbConnect | Single USB auto-connect: connecting to Xiaomi 2717:FF40
03-13 07:57:54.798 12397 12424 I HUREV   : [525] UsbAccessoryMode.switch | Success controlTransfer len: 2  acc_ver: 2
03-13 07:57:54.801 12397 12424 I HUREV   : [525] UsbAccessoryMode.switch | acc_ver: 2
03-13 07:57:54.804 12397 12424 I HUREV   : [525] UsbAccessoryMode.initStringControlTransfer | Success controlTransfer len: 7  index: 0  string: "Android"
03-13 07:57:54.807 12397 12397 I HUREV   : [2] AapService.registerNetworkMonitor | NetworkMonitor: Registered network change listener
03-13 07:57:54.807 12397 12424 I HUREV   : [525] UsbAccessoryMode.initStringControlTransfer | Success controlTransfer len: 12  index: 1  string: "Android Auto"
03-13 07:57:54.810 12397 12424 I HUREV   : [525] UsbAccessoryMode.initStringControlTransfer | Success controlTransfer len: 12  index: 2  string: "Android Auto"
03-13 07:57:54.814 12397 12424 I HUREV   : [525] UsbAccessoryMode.initStringControlTransfer | Success controlTransfer len: 5  index: 3  string: "2.0.1"
03-13 07:57:54.816 12397 12424 I HUREV   : [525] UsbAccessoryMode.initStringControlTransfer | Success controlTransfer len: 45  index: 4  string: "https://developer.android.com/auto/index.html"
03-13 07:57:54.819 12397 12424 I HUREV   : [525] UsbAccessoryMode.initStringControlTransfer | Success controlTransfer len: 12  index: 5  string: "HU-AAAAAA001"
03-13 07:57:54.824 12397 12424 I HUREV   : [525] UsbAccessoryMode.switch | Sending acc start
03-13 07:57:54.828 12397 12424 I HUREV   : [525] UsbAccessoryMode.switch | Acc start sent (len=0). Waiting for re-enumeration...
03-13 07:57:54.919 12397 12397 I Choreographer: Skipped 62 frames!  The application may be doing too much work on its main thread.
03-13 07:57:55.125 12397 12415 D GraphicBuffer: register, handle(0x9e64bc00) (w:720 h:1280 s:720 f:0x1 u:f02)
03-13 07:57:55.110 12397 12397 I RenderThread: type=1400 audit(0.0:32309): avc: denied { search } for name="clients" dev="debugfs" ino=7071 scontext=u:r:untrusted_app:s0:c512,c768 tcontext=u:object_r:debugfs_ion:s0 tclass=dir permissive=1
03-13 07:57:55.140 12397 12415 D HWUIExtension: MTKProgramCache.generateProgram: 1
03-13 07:57:55.140 12397 12415 D HWUIExtension: createProgram 0x0000000000000001, binary 0xaa67fe38, length 2736, format 36705 within 357ns
03-13 07:57:55.140 12397 12415 D HWUIExtension: MTKProgramCache.generateProgram: 1168231104520
03-13 07:57:55.145 12397 12415 D HWUIExtension: MTKProgramCache.generateProgram: 68724719680
03-13 07:57:55.145 12397 12415 D HWUIExtension: createProgram 0x0000001000500040, binary 0xaa6719f8, length 2800, format 36705 within 259ns
03-13 07:57:55.146 12397 12415 D HWUIExtension: MTKProgramCache.generateProgram: 562949958664257
03-13 07:57:55.146 12397 12415 D HWUIExtension: createProgram 0x0002000000500041, binary 0xaa674544, length 2832, format 36705 within 427ns
03-13 07:57:55.148 12397 12415 D HWUIExtension: MTKProgramCache.generateProgram: 562984313159683
03-13 07:57:55.148 12397 12415 D HWUIExtension: createProgram 0x0002000800000003, binary 0xaa675ad4, length 2828, format 36705 within 348ns
03-13 07:57:55.224 12397 12397 I HUREV   : [2] GpsLocation.start | Request location updates
03-13 07:57:55.263 12397 12397 I HUREV   : [2] GpsLocation.start | Last known location:  Unknown
03-13 07:57:55.329 12397 12424 D UsbDeviceConnectionJNI: close
03-13 07:57:55.331 12397 12424 I HUREV   : [525] UsbAccessoryMode.connectAndSwitch | Result: true
03-13 07:57:55.335 12397 12424 I HUREV   : [525] 1.invokeSuspend | Successfully requested switch to accessory mode for single USB device. Waiting for re-enumeration...
03-13 07:57:55.434 12397 12402 I zygote  : Do partial code cache collection, code=108KB, data=92KB
03-13 07:57:55.436 12397 12402 I zygote  : After code cache collection, code=108KB, data=92KB
03-13 07:57:55.436 12397 12402 I zygote  : Increasing code cache capacity to 512KB
03-13 07:57:55.552 12397 12415 D GraphicBuffer: register, handle(0x9e64c980) (w:720 h:1280 s:720 f:0x1 u:f02)
03-13 07:57:55.581 12397 12397 I HUREV   : [2] HomeFragment.onResume | HomeFragment: onResume. isConnected=false
03-13 07:57:55.614 12397 12397 I HUREV   : [2] UsbReceiver.onReceive | USB Intent: Intent { act=android.hardware.usb.action.USB_DEVICE_DETACHED flg=0x1000010 (has extras) }
03-13 07:57:55.621 12397 12397 I HUREV   : [2] UsbReceiver.onReceive | USB Intent: Intent { act=android.hardware.usb.action.USB_DEVICE_DETACHED flg=0x1000010 (has extras) }
03-13 07:57:55.622 12397 12397 W InputMethodManager: Ignoring onBind: cur seq=242, given seq=241
03-13 07:57:55.680 12397 12415 D GraphicBuffer: register, handle(0x9e64cb00) (w:720 h:1280 s:720 f:0x1 u:f02)
03-13 07:57:55.681 12397 12397 I HUREV   : [2] UsbReceiver.onReceive | USB Intent: Intent { act=android.hardware.usb.action.USB_DEVICE_ATTACHED flg=0x11000010 (has extras) }
03-13 07:57:55.690 12397 12397 I HUREV   : [2] UsbReceiver.onReceive | USB Intent: Intent { act=android.hardware.usb.action.USB_DEVICE_ATTACHED flg=0x11000010 (has extras) }
03-13 07:57:55.696 12397 12397 I HUREV   : [2] AapService.onUsbAttach | USB accessory device attached, connecting.
03-13 07:57:55.702 12397 12397 I HUREV   : [2] AapService.checkAlreadyConnectedUsb | Found device already in accessory mode: Google 18D1:2D00
03-13 07:57:55.782 12397 12424 I HUREV   : [525] UsbAccessoryConnection.usbOpen | Established connection: android.hardware.usb.UsbDeviceConnection@ccfa0b7
03-13 07:57:55.785 12397 12424 I HUREV   : [525] UsbAccessoryConnection.usbOpen | interfaceCount: 1
03-13 07:57:55.787 12397 12424 I HUREV   : [525] UsbAccessoryConnection.initEndpoint | Check accessory endpoints
03-13 07:57:55.799 12397 12424 I HUREV   : [525] UsbAccessoryConnection.initEndpoint | Connected have EPs
03-13 07:57:55.805 12397 12397 I HUREV   : [2] UsbAttachedActivity.onCreate | USB Intent: Intent { act=android.hardware.usb.action.USB_DEVICE_ATTACHED flg=0x11000000 cmp=com.andrerinas.headunitrevived/.app.UsbAttachedActivity (has extras) }
03-13 07:57:55.817 12397 12397 E HUREV   : [2] UsbAttachedActivity.onCreate | Usb in accessory mode
03-13 07:57:56.086 12397 12424 I HUREV   : [525] AapTransport.<init> | Using Java SSL implementation
03-13 07:57:56.099 12397 12424 I HUREV   : [525] AapTransport.startHandshake$com_andrerinas_headunitrevived_2_0_1_debug | Start Aap transport handshake for com.andrerinas.headunitrevived.connection.UsbAccessoryConnection@15425a7
03-13 07:57:56.417 12397 12397 I HUREV   : [2] AapProjectionActivity.onCreate | HeadUnit for Android Auto (tm) - Copyright 2011-2015 Michael A. Reid., since 2025 André Rinas All Rights Reserved...
03-13 07:57:56.420 12397 12397 I HUREV   : [2] AapProjectionActivity.onCreate | Using GlProjectionView
03-13 07:57:56.431 12397 12397 I HUREV   : [2] HeadUnitScreenConfig.recalculate | CarScreen: usable width: 1280 height: 720 (Raw: 1280x720, Insets: L0 T0 R0 B0)
03-13 07:57:56.437 12397 12397 I HUREV   : [2] HeadUnitScreenConfig.recalculate | CarScreen isSmallScreen: true, scaleFactor: 1.0
03-13 07:57:56.441 12397 12397 I HUREV   : [2] HeadUnitScreenConfig.recalculate | CarScreen using: _1280x720, number: 2, scales: scaleX: 1.0, scaleY: 1.0
03-13 07:57:56.484 12397 12397 I HUREV   : [2] AapProjectionActivity.onResume | AapProjectionActivity: onResume
03-13 07:57:56.501 12397 12397 D WindowClient: Add to mViews: DecorView@9ad8f47[AapProjectionActivity], this = android.view.WindowManagerGlobal@69e4ebe
03-13 07:57:56.504 12397 12397 D ViewRootImpl[AapProjectionActivity]: hardware acceleration = true , fakeHwAccelerated = false, sRendererDisabled = false, forceHwAccelerated = false, sSystemRendererDisabled = false
03-13 07:57:56.590 12397 12415 D Surface : Surface::connect(this=0x8b75c000,api=1)
03-13 07:57:56.592 12397 12415 D Surface : Surface::setBufferCount(this=0x8b75c000,bufferCount=4)
03-13 07:57:56.636 12397 12438 D Surface : Surface::connect(this=0x8b75e800,api=1)
03-13 07:57:56.638 12397 12438 D Surface : Surface::setBufferCount(this=0x8b75e800,bufferCount=4)
03-13 07:57:56.643 12397 12438 D GraphicBuffer: register, handle(0x9e64d100) (w:720 h:1280 s:720 f:0x2 u:f02)
03-13 07:57:56.647 12397 12438 I HUREV   : [535] VideoRenderer.onSurfaceCreated | GlProjectionView: onSurfaceCreated (GL Context)
03-13 07:57:56.654 12397 12438 I BufferQueue: [unnamed-12397-0](this:0x8b7eb000,id:0,api:0,p:-1,c:-1) BufferQueue core=(12397:com.andrerinas.headunitrevived)
03-13 07:57:56.657 12397 12424 D HUREV   : [525] AapTransport.handshake | Handshake: Starting version request. TS: 45040471
03-13 07:57:56.660 12397 12424 D HUREV   : [525] AapTransport.handshake | Handshake: Version request sent. ret: 10. attempt: 1. TS: 45040474
03-13 07:57:56.662 12397 12424 D HUREV   : [525] AapTransport.handshake | Handshake: Waiting for version response. TS: 45040476
03-13 07:57:56.671 12397 12438 E DumpTunnel: open libgui_ext failed
03-13 07:57:56.671 12397 12438 E DumpTunnel: finding regDump() failed
03-13 07:57:56.671 12397 12438 D GED     : [GED_KPI] ged_kpi is not supported
03-13 07:57:56.671 12397 12438 I BufferQueueConsumer: [unnamed-12397-0](this:0x8b7eb000,id:0,api:0,p:-1,c:12397) connect(C): consumer=(12397:com.andrerinas.headunitrevived) controlledByApp=true
03-13 07:57:56.672 12397 12438 I BufferQueueConsumer: [unnamed-12397-0](this:0x8b7eb000,id:0,api:0,p:-1,c:12397) setConsumerName: unnamed-12397-0
03-13 07:57:56.672 12397 12438 I BufferQueueConsumer: [SurfaceTexture-1-12397-0](this:0x8b7eb000,id:0,api:0,p:-1,c:12397) setConsumerName: SurfaceTexture-1-12397-0
03-13 07:57:56.674 12397 12438 I HUREV   : [535] VideoRenderer.onSurfaceChanged | GlProjectionView: onSurfaceChanged: 1280x720
03-13 07:57:56.686 12397 12415 D GraphicBuffer: register, handle(0x9e64cbc0) (w:720 h:1280 s:720 f:0x1 u:f02)
03-13 07:57:56.690 12397 12415 D HWUIExtension: MTKProgramCache.generateProgram: 0
03-13 07:57:56.690 12397 12415 D HWUIExtension: createProgram 0x0000000000000000, binary 0xaa671000, length 2552, format 36705 within 327ns
03-13 07:57:56.691 12397 12415 D HWUIExtension: MTKProgramCache.generateProgram: 34359738368
03-13 07:57:56.691 12397 12415 D HWUIExtension: createProgram 0x0000000800000000, binary 0xaa6808e8, length 2552, format 36705 within 412ns
03-13 07:57:56.706 12397 12424 I HUREV   : [525] UsbAccessoryConnection.recvBlocking | USB reads recovered after 1 errors
03-13 07:57:56.707 12397 12415 D GraphicBuffer: register, handle(0x9e64dac0) (w:720 h:1280 s:720 f:0x1 u:f02)
03-13 07:57:56.709 12397 12424 I HUREV   : [525] AapTransport.handshake | Handshake: Version response received (ret=12, attempt=1).
03-13 07:57:56.711 12397 12424 I HUREV   : [525] AapTransport.handshake | Handshake: Version response recv ret: 12
03-13 07:57:56.713 12397 12424 D HUREV   : [525] AapTransport.handshake | Handshake: Starting SSL handshake via performHandshake(). TS: 45040527
03-13 07:57:56.729 12397 12415 D GraphicBuffer: register, handle(0x9e64dc40) (w:720 h:1280 s:720 f:0x1 u:f02)
03-13 07:57:56.767 12397 12397 I HUREV   : [2] VideoRenderer.onSurfaceCreated$lambda$4 | GlProjectionView: Reporting Surface Created
03-13 07:57:56.772 12397 12397 I HUREV   : [2] AapProjectionActivity.onSurfaceCreated | [AapProjectionActivity] onSurfaceCreated
03-13 07:57:56.774 12397 12397 I HUREV   : [2] AapProjectionActivity.onSurfaceChanged | [AapProjectionActivity] onSurfaceChanged. Actual surface dimensions: width=1280, height=720
03-13 07:57:56.777 12397 12397 I HUREV   : [2] VideoDecoder.setSurface | New surface set: Surface(name=android.graphics.SurfaceTexture@ede901a)/@0x2c7774b
03-13 07:57:56.827 12397 12415 E [EGL-ERROR]: __egl_platform_cancel_buffers:644: surface->num_buffers(4)
03-13 07:57:56.828 12397 12415 D Surface : Surface::disconnect(this=0x8befd800,api=1)
03-13 07:57:56.829 12397 12415 D GraphicBuffer: unregister, handle(0x9e64cb00) (w:720 h:1280 s:720 f:0x1 u:f02)
03-13 07:57:56.829 12397 12415 D GraphicBuffer: unregister, handle(0x9e64c980) (w:720 h:1280 s:720 f:0x1 u:f02)
03-13 07:57:56.830 12397 12415 D GraphicBuffer: unregister, handle(0x9e64bc00) (w:720 h:1280 s:720 f:0x1 u:f02)
03-13 07:57:56.914 12397 12424 I HUREV   : [525] AapSslContext.performHandshake | SSL handshake complete. Session id: d3aH+8N8IIjamD+ZWKEFZZVzVr9FFpyHk7u+kYwEtuk=
03-13 07:57:56.916 12397 12424 D HUREV   : [525] AapTransport.handshake | Handshake: SSL buffers reset after handshake.
03-13 07:57:56.919 12397 12424 D HUREV   : [525] AapTransport.handshake | Handshake: SSL handshake complete. TS: 45040732
03-13 07:57:56.923 12397 12424 D HUREV   : [525] AapTransport.handshake | Handshake: Status OK sent. ret: 8. TS: 45040736
03-13 07:57:56.929 12397 12424 I HUREV   : [525] AapTransport.handshake | Handshake: Status OK sent: 8
03-13 07:57:56.931 12397 12424 D HUREV   : [525] AapTransport.handshake | Handshake: Handshake successful. TS: 45040745
03-13 07:57:56.949 12397 12424 I HUREV   : [525] AapAudio.requestFocusChange | Audio Focus Request: stream=3, type=1
03-13 07:57:56.974 12397 12424 I HUREV   : [525] AapAudio.requestFocusChange | Audio focus request result: GRANTED
03-13 07:57:56.977 12397 12424 I HUREV   : [525] AapTransport.startReading$com_andrerinas_headunitrevived_2_0_1_debug | Start Aap transport read loop
03-13 07:57:57.001 12397 12437 I HUREV   : [534] AapControlService.serviceDiscoveryRequest | Service Discovery Request: Android
03-13 07:57:57.009 12397 12437 I HUREV   : [534] HeadUnitScreenConfig.recalculate | CarScreen: usable width: 1280 height: 720 (Raw: 1280x720, Insets: L0 T0 R0 B0)
03-13 07:57:57.012 12397 12437 I HUREV   : [534] HeadUnitScreenConfig.recalculate | CarScreen isSmallScreen: true, scaleFactor: 1.0
03-13 07:57:57.016 12397 12437 I HUREV   : [534] HeadUnitScreenConfig.recalculate | CarScreen using: _1280x720, number: 2, scales: scaleX: 1.0, scaleY: 1.0
03-13 07:57:57.030 12397 12437 I HUREV   : [534] Companion.makeProto | [ServiceDiscovery] Announcing NIGHT sensor support. Strategy: SCREEN_BRIGHTNESS
03-13 07:57:57.042 12397 12437 I HUREV   : [534] Companion.makeProto | [ServiceDiscovery] NegotiatedResolution is: 1280x720
03-13 07:57:57.044 12397 12437 I HUREV   : [534] Companion.makeProto | [ServiceDiscovery] Margins are: 0x0
03-13 07:57:57.077 12397 12437 I HUREV   : [534] Companion.makeProto | BT MAC Address is empty. Skip bluetooth service
03-13 07:57:57.099 12397 12397 I HUREV   : [2] 1.onReceive | Received request to resend night mode state
03-13 07:57:57.104 12397 12397 I HUREV   : [2] 1.invoke | NightMode update: true
03-13 07:57:57.200 12397 12437 I HUREV   : [534] AapControlService.audioFocusRequest | Audio Focus Request: RELEASE
03-13 07:57:57.201 12397 12437 I HUREV   : [534] AapAudio.requestFocusChange | Audio Focus Request: stream=3, type=4
03-13 07:57:57.203 12397 12437 I HUREV   : [534] AapAudio.requestFocusChange | Releasing audio focus
03-13 07:57:57.212 12397 12437 I HUREV   : [534] AapControlService.audioFocusRequest | Sending immediate AudioFocusNotification: STATE_LOSS
03-13 07:57:57.293 12397 12437 I HUREV   : [534] AapControlMedia.mediaSinkSetupRequest | Media Sink Setup Request: 1 on channel AUDIO2
03-13 07:57:57.402 12397 12437 I HUREV   : [534] AapControlMedia.mediaSinkSetupRequest | Config response: status: HEADUNIT
03-13 07:57:57.402 12397 12437 I HUREV   : max_unacked: 3
03-13 07:57:57.402 12397 12437 I HUREV   : configuration_indices: 0
03-13 07:57:57.405 12397 12437 W HUREV   : [534] AapVideo.process | AapVideo: Dropped Flag 11 packet. len=4, buf[10]=?
03-13 07:57:57.409 12397 12437 I HUREV   : [534] AapControlMedia.mediaSinkSetupRequest | Media Sink Setup Request: 3 on channel VIDEO
03-13 07:57:57.414 12397 12437 I HUREV   : [534] AapControlMedia.mediaSinkSetupRequest | Config response: status: HEADUNIT
03-13 07:57:57.414 12397 12437 I HUREV   : max_unacked: 1
03-13 07:57:57.414 12397 12437 I HUREV   : configuration_indices: 0
03-13 07:57:57.421 12397 12437 I HUREV   : [534] AapControlMedia.mediaSinkSetupRequest | Media Sink Setup Request: 1 on channel AUDIO1
03-13 07:57:57.427 12397 12437 I HUREV   : [534] AapControlMedia.mediaSinkSetupRequest | Config response: status: HEADUNIT
03-13 07:57:57.427 12397 12437 I HUREV   : max_unacked: 3
03-13 07:57:57.427 12397 12437 I HUREV   : configuration_indices: 0
03-13 07:57:57.439 12397 12397 I HUREV   : [2] AapProjectionActivity.onPause | AapProjectionActivity: onPause
03-13 07:57:57.447 12397 12437 I HUREV   : [534] AapControlSensor.sensorStartRequest | Sensor Start Request sensor: DRIVING_STATUS, minUpdatePeriod: 0
03-13 07:57:57.450 12397 12397 I HUREV   : [2] AapProjectionActivity.onNewIntent | AapProjectionActivity: onNewIntent received
03-13 07:57:57.452 12397 12397 I HUREV   : [2] AapProjectionActivity.onResume | AapProjectionActivity: onResume
03-13 07:57:57.453 12397 12437 I HUREV   : [534] AapControlSensor.sensorStartRequest | SENSOR Sensor Start Response type: 32770 flags: 11 size: 8 dataOffset: 6
03-13 07:57:57.457 12397 12437 I HUREV   : [534] AapControlMedia.mediaSinkSetupRequest | Media Sink Setup Request: 1 on channel AUDIO
03-13 07:57:57.463 12397 12437 I HUREV   : [534] AapControlMedia.mediaSinkSetupRequest | Config response: status: HEADUNIT
03-13 07:57:57.463 12397 12437 I HUREV   : max_unacked: 3
03-13 07:57:57.463 12397 12437 I HUREV   : configuration_indices: 0
03-13 07:57:57.479 12397 12437 I HUREV   : [534] AapControlSensor.sensorStartRequest | Sensor Start Request sensor: NIGHT, minUpdatePeriod: 0
03-13 07:57:57.481 12397 12437 I HUREV   : [534] AapControlSensor.sensorStartRequest | SENSOR Sensor Start Response type: 32770 flags: 11 size: 8 dataOffset: 6
03-13 07:57:57.483 12397 12437 I HUREV   : [534] AapControlSensor.sensorStartRequest | Night sensor requested. Triggering immediate update.
03-13 07:57:57.516 12397 12397 I HUREV   : [2] 1.onReceive | Received request to resend night mode state
03-13 07:57:57.521 12397 12397 I HUREV   : [2] 1.invoke | NightMode update: true
03-13 07:57:57.542 12397 12402 I zygote  : Do full code cache collection, code=252KB, data=197KB
03-13 07:57:57.544 12397 12402 I zygote  : After code cache collection, code=252KB, data=157KB
03-13 07:57:57.598 12397 12437 W HUREV   : [534] AapVideo.process | AapVideo: Dropped Flag 11 packet. len=6, buf[10]=?
03-13 07:57:57.605 12397 12437 I HUREV   : [534] AapControlMedia.execute | RX: Video Focus Request - mode: VIDEO_FOCUS_PROJECTED, reason: UNKNOWN
03-13 07:57:58.276 12397 12437 I HUREV   : [534] UsbAccessoryConnection.recvBlocking | USB reads recovered after 4 errors
03-13 07:57:59.362 12397 12437 I HUREV   : [534] UsbAccessoryConnection.recvBlocking | USB reads recovered after 5 errors
03-13 07:57:59.668 12397 12440 D ProfileInstaller: Installing profile for com.andrerinas.headunitrevived
03-13 07:58:00.307 12397 12437 I HUREV   : [534] UsbAccessoryConnection.recvBlocking | USB reads recovered after 5 errors
03-13 07:58:00.310 12397 12437 I HUREV   : [534] AapControlService.audioFocusRequest | Audio Focus Request: GAIN
03-13 07:58:00.312 12397 12437 I HUREV   : [534] AapAudio.requestFocusChange | Audio Focus Request: stream=3, type=1
03-13 07:58:00.319 12397 12437 I HUREV   : [534] AapAudio.requestFocusChange | Audio focus request result: GRANTED
03-13 07:58:00.321 12397 12437 I HUREV   : [534] AapControlService.audioFocusRequest | Sending immediate AudioFocusNotification: STATE_GAIN
03-13 07:58:00.375 12397 12437 I HUREV   : [534] AapControlMedia.mediaStartRequest | Media Start Request AUDIO: session_id: 0
03-13 07:58:00.375 12397 12437 I HUREV   : configuration_index: 0
03-13 07:58:00.421 12397 12437 I HUREV   : [534] AapAudio.decode | AudioDecoder.start: channel=6, stream=3, gain=1.0, sampleRate=48000, numberOfBits=16, numberOfChannels=2, isAac=false
03-13 07:58:00.426 12397 12437 I HUREV   : [534] AudioTrackWrapper.createAudioTrack | Audio stream: 3 buffer size: 65664 (min: 8208) sampleRateInHz: 48000 channelCount: 2
03-13 07:58:00.429 12397 12437 D AudioTrack: yellowmouse mIsNavi: 0, mIsVoice: 0, mIsBlink:0
03-13 07:58:00.429 12397 12437 D AudioTrack: yellowmouse createTrack_l mStreamType: -1
03-13 07:58:00.435 12397 12437 D AudioTrack: Client defaulted notificationFrames to 8208 for frameCount 16416
03-13 07:58:00.457 12397 12397 W HUREV   : [2] 1.run | Watchdog: No video received. Requesting Keyframe (Unsolicited Focus)...
03-13 07:58:00.507 12397 12437 W HUREV   : [534] AapVideo.process | AapVideo: Dropped Flag 11 packet. len=6, buf[10]=?
03-13 07:58:00.511 12397 12437 I HUREV   : [534] AapControlMedia.mediaStartRequest | Media Start Request VIDEO: session_id: 0
03-13 07:58:00.511 12397 12437 I HUREV   : configuration_index: 0
03-13 07:58:00.842 12397 12437 I HUREV   : [534] UsbAccessoryConnection.recvBlocking | USB reads recovered after 1 errors
03-13 07:58:00.912 12397 12437 I HUREV   : [534] VideoDecoder.decode | H.264/AVC config detected in frame (29 bytes)
03-13 07:58:00.915 12397 12437 I HUREV   : [534] VideoDecoder.scanForSpsPpsH264 | SPS parsed: 1280x720
03-13 07:58:00.917 12397 12437 I HUREV   : [534] AapProjectionActivity.onVideoDimensionsChanged | [AapProjectionActivity] Received video dimensions: 1280x720
03-13 07:58:00.920 12397 12397 I HUREV   : [2] GlProjectionView.setVideoSize | GlProjectionView setVideoSize: 1280x720
03-13 07:58:00.921 12397 12397 I BufferQueueConsumer: [SurfaceTexture-1-12397-0](this:0x8b7eb000,id:0,api:0,p:-1,c:12397) setDefaultBufferSize: width=1280 height=720
03-13 07:58:00.940 12397 12437 W AudioCapabilities: Unsupported mime audio/x-adpcm-ms
03-13 07:58:00.942 12397 12437 W AudioCapabilities: Unsupported mime audio/x-adpcm-dvi-ima
03-13 07:58:00.944 12397 12437 W AudioCapabilities: Unsupported mime audio/alac
03-13 07:58:00.953 12397 12437 W AudioCapabilities: Unsupported mime audio/ape
03-13 07:58:01.039 12397 12437 W VideoCapabilities: Unsupported mime video/divx
03-13 07:58:01.080 12397 12437 W VideoCapabilities: Unrecognized profile/level 1/32 for video/mp4v-es
03-13 07:58:01.080 12397 12437 W VideoCapabilities: Unrecognized profile/level 32768/2 for video/mp4v-es
03-13 07:58:01.080 12397 12437 W VideoCapabilities: Unrecognized profile/level 32768/64 for video/mp4v-es
03-13 07:58:01.097 12397 12437 W VideoCapabilities: Unsupported mime video/flv1
03-13 07:58:01.126 12397 12437 W VideoCapabilities: Unsupported mime video/x-ms-wmv
03-13 07:58:01.132 12397 12437 W VideoCapabilities: Unsupported mime video/xvid
03-13 07:58:01.176 12397 12437 W VideoCapabilities: Unrecognized profile/level 1/32 for video/mp4v-es
03-13 07:58:01.182 12397 12402 I zygote  : Do partial code cache collection, code=253KB, data=158KB
03-13 07:58:01.184 12397 12402 I zygote  : After code cache collection, code=253KB, data=158KB
03-13 07:58:01.184 12397 12402 I zygote  : Increasing code cache capacity to 1024KB
03-13 07:58:01.185 12397 12437 I VideoCapabilities: Unsupported profile 4 for video/mp4v-es
03-13 07:58:01.217 12397 12447 I OMXClient: Treble IOmx obtained
03-13 07:58:01.229 12397 12437 I HUREV   : [534] VideoDecoder.start | Configuring decoder: OMX.MTK.VIDEO.DECODER.AVC with surface
03-13 07:58:01.231 12397 12446 D SurfaceUtils: connecting to surface 0x86830008, reason connectToSurface
03-13 07:58:01.231 12397 12446 D Surface : Surface::connect(this=0x86830000,api=3)
03-13 07:58:01.231 12397 12446 I BufferQueueProducer: [SurfaceTexture-1-12397-0](this:0x8b7eb000,id:0,api:3,p:12397,c:12397) connect(P): api=3 producer=(12397:com.andrerinas.headunitrevived) producerControlledByApp=true
03-13 07:58:01.231 12397 12446 I MediaCodec: [OMX.MTK.VIDEO.DECODER.AVC] setting surface generation to 12694529
03-13 07:58:01.231 12397 12446 D SurfaceUtils: disconnecting from surface 0x86830008, reason connectToSurface(reconnect)
03-13 07:58:01.231 12397 12446 D Surface : Surface::disconnect(this=0x86830000,api=3)
03-13 07:58:01.231 12397 12446 I BufferQueueProducer: [SurfaceTexture-1-12397-0](this:0x8b7eb000,id:0,api:3,p:12397,c:12397) disconnect(P): api 3
03-13 07:58:01.231 12397 12446 I BufferQueueConsumer: [SurfaceTexture-1-12397-0](this:0x8b7eb000,id:0,api:3,p:-1,c:12397) getReleasedBuffers: returning mask 0xffffffffffffffff
03-13 07:58:01.231 12397 12446 D SurfaceUtils: connecting to surface 0x86830008, reason connectToSurface(reconnect)
03-13 07:58:01.232 12397 12446 D Surface : Surface::connect(this=0x86830000,api=3)
03-13 07:58:01.232 12397 12446 I BufferQueueProducer: [SurfaceTexture-1-12397-0](this:0x8b7eb000,id:0,api:3,p:12397,c:12397) connect(P): api=3 producer=(12397:com.andrerinas.headunitrevived) producerControlledByApp=true
03-13 07:58:01.283 12397 12447 D SurfaceUtils: set up nativeWindow 0x86830008 for 1280x720, color 0x23, rotation 0, usage 0x2933
03-13 07:58:01.283 12397 12447 W ACodec  : [OMX.MTK.VIDEO.DECODER.AVC] setting nBufferCountActual to 8 failed: -22
03-13 07:58:01.283 12397 12447 W ACodec  : [OMX.MTK.VIDEO.DECODER.AVC] setting nBufferCountActual to 7 failed: -22
03-13 07:58:01.284 12397 12447 D Surface : Surface::setBufferCount(this=0x86830000,bufferCount=6)
03-13 07:58:01.284 12397 12447 I BufferQueueProducer: [SurfaceTexture-1-12397-0](this:0x8b7eb000,id:0,api:3,p:12397,c:12397) setMaxDequeuedBufferCount: maxDequeuedBuffers = 4
03-13 07:58:01.295 12397 12447 W GrallocMapperPassthrough: buffer descriptor with invalid usage bits 0x2000
03-13 07:58:01.296 12397 12437 I HUREV   : [534] VideoDecoder.start | Codec initialized: OMX.MTK.VIDEO.DECODER.AVC for stream 1280x720
03-13 07:58:01.297 12397 12454 I HUREV   : [541] VideoDecoder.outputThreadLoop | Output thread started
03-13 07:58:01.306 12397 12447 W GrallocMapperPassthrough: buffer descriptor with invalid usage bits 0x2000
03-13 07:58:01.316 12397 12447 W GrallocMapperPassthrough: buffer descriptor with invalid usage bits 0x2000
03-13 07:58:01.397 12397 12447 D BufferQueueProducer: [SurfaceTexture-1-12397-0](this:0x8b7eb000,id:0,api:3,p:12397,c:12397) cancelBuffer: slot 0
03-13 07:58:01.399 12397 12447 D BufferQueueProducer: [SurfaceTexture-1-12397-0](this:0x8b7eb000,id:0,api:3,p:12397,c:12397) cancelBuffer: slot 1
03-13 07:58:01.400 12397 12447 D BufferQueueProducer: [SurfaceTexture-1-12397-0](this:0x8b7eb000,id:0,api:3,p:12397,c:12397) cancelBuffer: slot 2
03-13 07:58:01.404 12397 12447 D SurfaceUtils: set up nativeWindow 0x86830008 for 1280x720, color 0x23, rotation 0, usage 0x2933
03-13 07:58:01.404 12397 12447 W ACodec  : [OMX.MTK.VIDEO.DECODER.AVC] setting nBufferCountActual to 15 failed: -22
03-13 07:58:01.404 12397 12447 W ACodec  : [OMX.MTK.VIDEO.DECODER.AVC] setting nBufferCountActual to 14 failed: -22
03-13 07:58:01.406 12397 12447 D Surface : Surface::setBufferCount(this=0x86830000,bufferCount=13)
03-13 07:58:01.406 12397 12447 I BufferQueueProducer: [SurfaceTexture-1-12397-0](this:0x8b7eb000,id:0,api:3,p:12397,c:12397) setMaxDequeuedBufferCount: maxDequeuedBuffers = 11
03-13 07:58:01.417 12397 12447 W GrallocMapperPassthrough: buffer descriptor with invalid usage bits 0x2000
03-13 07:58:01.425 12397 12447 W GrallocMapperPassthrough: buffer descriptor with invalid usage bits 0x2000
03-13 07:58:01.433 12397 12447 W GrallocMapperPassthrough: buffer descriptor with invalid usage bits 0x2000
03-13 07:58:01.443 12397 12447 W GrallocMapperPassthrough: buffer descriptor with invalid usage bits 0x2000
03-13 07:58:01.450 12397 12447 W GrallocMapperPassthrough: buffer descriptor with invalid usage bits 0x2000
03-13 07:58:01.460 12397 12447 W GrallocMapperPassthrough: buffer descriptor with invalid usage bits 0x2000
03-13 07:58:01.470 12397 12447 W GrallocMapperPassthrough: buffer descriptor with invalid usage bits 0x2000
03-13 07:58:01.530 12397 12454 I HUREV   : [541] VideoDecoder.handleOutputFormatChange | Output Format Changed: {crop-right=1279, color-format=35, slice-height=720, mime=video/raw, hdr-static-info=java.nio.HeapByteBuffer[pos=0 lim=25 cap=25], stride=1280, color-standard=1, color-transfer=3, crop-bottom=719, crop-left=0, width=1280, color-range=2, crop-top=0, height=720}
03-13 07:58:01.536 12397 12447 W GrallocMapperPassthrough: buffer descriptor with invalid usage bits 0x2000
03-13 07:58:01.551 12397 12447 I BufferQueueProducer: [SurfaceTexture-1-12397-0](this:0x8b7eb000,id:0,api:3,p:12397,c:12397) queueBuffer: slot 4 is dropped, handle=0x9e64db80
03-13 07:58:01.554 12397 12408 I zygote  : Background concurrent copying GC freed 22948(1534KB) AllocSpace objects, 8(428KB) LOS objects, 49% free, 5MB/10MB, paused 175us total 257.608ms
03-13 07:58:01.587 12397 12438 D GraphicBuffer: register, handle(0x9e64d400) (w:720 h:1280 s:720 f:0x2 u:f02)
03-13 07:58:01.587 12397 12447 W GrallocMapperPassthrough: buffer descriptor with invalid usage bits 0x2000
03-13 07:58:01.733 12397 12447 W GrallocMapperPassthrough: buffer descriptor with invalid usage bits 0x2000
03-13 07:58:01.768 12397 12447 I BufferQueueProducer: [SurfaceTexture-1-12397-0](this:0x8b7eb000,id:0,api:3,p:12397,c:12397) queueBuffer: slot 8 is dropped, handle=0x9e64df40
03-13 07:58:01.835 12397 12447 I BufferQueueProducer: [SurfaceTexture-1-12397-0](this:0x8b7eb000,id:0,api:3,p:12397,c:12397) queueBuffer: slot 11 is dropped, handle=0x8b65f180
03-13 07:58:01.851 12397 12438 D GraphicBuffer: register, handle(0x8b65f480) (w:720 h:1280 s:720 f:0x2 u:f02)
03-13 07:58:02.348 12397 12438 D GraphicBuffer: register, handle(0x8b65f540) (w:720 h:1280 s:720 f:0x2 u:f02)
03-13 07:58:02.546 12397 12447 I BufferQueueProducer: [SurfaceTexture-1-12397-0](this:0x8b7eb000,id:0,api:3,p:12397,c:12397) queueBuffer: fps=54.35 dur=1011.93 max=56.20 min=10.30
03-13 07:58:02.894 12397 12437 I HUREV   : [534] UsbAccessoryConnection.recvBlocking | USB reads recovered after 1 errors
03-13 07:58:03.546 12397 12447 I BufferQueueProducer: [SurfaceTexture-1-12397-0](this:0x8b7eb000,id:0,api:3,p:12397,c:12397) queueBuffer: fps=46.98 dur=1000.43 max=88.66 min=9.84
03-13 07:58:03.640 12397 12447 I BufferQueueProducer: [SurfaceTexture-1-12397-0](this:0x8b7eb000,id:0,api:3,p:12397,c:12397) queueBuffer: slot 6 is dropped, handle=0x9e64ddc0
03-13 07:58:04.571 12397 12447 I BufferQueueProducer: [SurfaceTexture-1-12397-0](this:0x8b7eb000,id:0,api:3,p:12397,c:12397) queueBuffer: fps=43.88 dur=1025.42 max=55.39 min=14.27
03-13 07:58:05.001 12397 12437 I HUREV   : [534] UsbAccessoryConnection.recvBlocking | USB reads recovered after 1 errors
03-13 07:58:05.727 12397 12447 I BufferQueueProducer: [SurfaceTexture-1-12397-0](this:0x8b7eb000,id:0,api:3,p:12397,c:12397) queueBuffer: fps=19.04 dur=1155.30 max=295.57 min=12.38
03-13 07:58:05.784 12397 12437 W HUREV   : [534] AapVideo.process | AapVideo: Dropped Flag 11 packet. len=6, buf[10]=?
03-13 07:58:05.787 12397 12437 I HUREV   : [534] AapControlMedia.execute | RX: Video Focus Request - mode: VIDEO_FOCUS_NATIVE, reason: UNKNOWN
03-13 07:58:05.789 12397 12437 I HUREV   : [534] AapControlMedia.execute | Video Focus NATIVE received. User likely clicked Exit. Stopping transport.
03-13 07:58:05.791 12397 12437 I HUREV   : [534] AapTransport.stop$com_andrerinas_headunitrevived_2_0_1_debug | AapTransport stopping and sending byebye
03-13 07:58:05.948 12397 12437 I HUREV   : [534] AapTransport.quit$com_andrerinas_headunitrevived_2_0_1_debug | AapTransport quitting (clean=false)
03-13 07:58:05.953 12397 12424 I HUREV   : [525] AapTransport.quit$com_andrerinas_headunitrevived_2_0_1_debug | AapTransport quitting (clean=false)
03-13 07:58:05.954 12397 12424 D UsbDeviceConnectionJNI: close
03-13 07:58:05.957 12397 12424 I HUREV   : [525] UsbAccessoryConnection.disconnect | Google 18D1:2D00 - UsbDevice[mName=/dev/bus/usb/001/123,mVendorId=6353,mProductId=11520,mClass=0,mSubclass=0,mProtocol=0,mManufacturerName=Android,mProductName=VehiConn_CBE4,mVersion=2.0,mSerialNumber=LY0123456789,mConfigurations=[
03-13 07:58:05.957 12397 12424 I HUREV   : UsbConfiguration[mId=1,mName=accessory,mAttributes=128,mMaxPower=75,mInterfaces=[
03-13 07:58:05.957 12397 12424 I HUREV   : UsbInterface[mId=0,mAlternateSetting=0,mName=Android Accessory Interface,mClass=255,mSubclass=255,mProtocol=0,mEndpoints=[
03-13 07:58:05.957 12397 12424 I HUREV   : UsbEndpoint[mAddress=129,mAttributes=2,mMaxPacketSize=512,mInterval=0]
03-13 07:58:05.957 12397 12424 I HUREV   : UsbEndpoint[mAddress=1,mAttributes=2,mMaxPacketSize=512,mInterval=0]]]]
03-13 07:58:05.957 12397 12424 E UsbDeviceConnectionJNI: device is closed in native_release_interface
03-13 07:58:05.958 12397 12424 E HUREV   : [525] UsbAccessoryConnection.disconnect | Error releaseInterface()
03-13 07:58:05.972 12397 12397 I HUREV   : [2] AapService.scheduleReconnectIfNeeded | AapService: USB disconnect after user Exit. Skipping auto-reconnect (waiting for dongle re-enumeration).
03-13 07:58:05.973 12397 12443 D AudioTrack: stop() called with 266240 frames delivered
03-13 07:58:05.975 12397 12397 I HUREV   : [2] AapProjectionActivity.hideReconnectingOverlay | Hiding reconnecting overlay — frames resumed
03-13 07:58:05.978 12397 12454 I HUREV   : [541] VideoDecoder.outputThreadLoop | Output thread stopped
03-13 07:58:05.994 12397 12397 I HUREV   : [2] AapProjectionActivity.onPause | AapProjectionActivity: onPause
03-13 07:58:05.999 12397 12447 D BufferQueueProducer: [SurfaceTexture-1-12397-0](this:0x8b7eb000,id:0,api:3,p:12397,c:12397) cancelBuffer: slot 1
03-13 07:58:06.000 12397 12447 D BufferQueueProducer: [SurfaceTexture-1-12397-0](this:0x8b7eb000,id:0,api:3,p:12397,c:12397) cancelBuffer: slot 2
03-13 07:58:06.001 12397 12447 D BufferQueueProducer: [SurfaceTexture-1-12397-0](this:0x8b7eb000,id:0,api:3,p:12397,c:12397) cancelBuffer: slot 3
03-13 07:58:06.001 12397 12447 D BufferQueueProducer: [SurfaceTexture-1-12397-0](this:0x8b7eb000,id:0,api:3,p:12397,c:12397) cancelBuffer: slot 4
03-13 07:58:06.003 12397 12447 D BufferQueueProducer: [SurfaceTexture-1-12397-0](this:0x8b7eb000,id:0,api:3,p:12397,c:12397) cancelBuffer: slot 5
03-13 07:58:06.004 12397 12447 D BufferQueueProducer: [SurfaceTexture-1-12397-0](this:0x8b7eb000,id:0,api:3,p:12397,c:12397) cancelBuffer: slot 6
03-13 07:58:06.005 12397 12447 D BufferQueueProducer: [SurfaceTexture-1-12397-0](this:0x8b7eb000,id:0,api:3,p:12397,c:12397) cancelBuffer: slot 8
03-13 07:58:06.006 12397 12447 D BufferQueueProducer: [SurfaceTexture-1-12397-0](this:0x8b7eb000,id:0,api:3,p:12397,c:12397) cancelBuffer: slot 9
03-13 07:58:06.007 12397 12447 D BufferQueueProducer: [SurfaceTexture-1-12397-0](this:0x8b7eb000,id:0,api:3,p:12397,c:12397) cancelBuffer: slot 10
03-13 07:58:06.008 12397 12447 D BufferQueueProducer: [SurfaceTexture-1-12397-0](this:0x8b7eb000,id:0,api:3,p:12397,c:12397) cancelBuffer: slot 11
03-13 07:58:06.010 12397 12446 D SurfaceUtils: disconnecting from surface 0x86830008, reason disconnectFromSurface
03-13 07:58:06.010 12397 12446 D Surface : Surface::disconnect(this=0x86830000,api=3)
03-13 07:58:06.010 12397 12446 I BufferQueueProducer: [SurfaceTexture-1-12397-0](this:0x8b7eb000,id:0,api:3,p:12397,c:12397) disconnect(P): api 3
03-13 07:58:06.010 12397 12446 I BufferQueueConsumer: [SurfaceTexture-1-12397-0](this:0x8b7eb000,id:0,api:3,p:-1,c:12397) getReleasedBuffers: returning mask 0xffffffffffffffff
03-13 07:58:06.037 12397 12424 I HUREV   : [525] VideoDecoder.stop | Decoder stopped: AapService::onDisconnect
03-13 07:58:06.048 12397 12397 D HookText: remove Node { textView:null, text:Rozłącz}
03-13 07:58:06.049 12397 12397 D HookText: remove Node { textView:null, text:Android Auto uruchamia się…}
03-13 07:58:06.079 12397 12397 I HUREV   : [2] HomeFragment.onResume | HomeFragment: onResume. isConnected=false
03-13 07:58:06.133 12397 12397 D Surface : Surface::allocateBuffers(this=0x8befd800)
03-13 07:58:06.133 12397 12415 D Surface : Surface::connect(this=0x8befd800,api=1)
03-13 07:58:06.157 12397 12415 D Surface : Surface::setBufferCount(this=0x8befd800,bufferCount=4)
03-13 07:58:06.233 12397 12415 D GraphicBuffer: register, handle(0x9e64c440) (w:720 h:1280 s:720 f:0x1 u:f02)
03-13 07:58:06.311 12397 12415 D GraphicBuffer: register, handle(0x9e64cb00) (w:720 h:1280 s:720 f:0x1 u:f02)
03-13 07:58:06.312 12397 12438 E [EGL-ERROR]: __egl_platform_cancel_buffers:644: surface->num_buffers(4)
03-13 07:58:06.312 12397 12438 D Surface : Surface::disconnect(this=0x8b75e800,api=1)
03-13 07:58:06.313 12397 12438 D GraphicBuffer: unregister, handle(0x9e64d100) (w:720 h:1280 s:720 f:0x2 u:f02)
03-13 07:58:06.313 12397 12438 D GraphicBuffer: unregister, handle(0x9e64d400) (w:720 h:1280 s:720 f:0x2 u:f02)
03-13 07:58:06.314 12397 12438 D GraphicBuffer: unregister, handle(0x8b65f480) (w:720 h:1280 s:720 f:0x2 u:f02)
03-13 07:58:06.315 12397 12438 D GraphicBuffer: unregister, handle(0x8b65f540) (w:720 h:1280 s:720 f:0x2 u:f02)
03-13 07:58:06.316 12397 12397 D Surface : Surface::disconnect(this=0x8b75e800,api=-1)
03-13 07:58:06.339 12397 12415 E [EGL-ERROR]: __egl_platform_cancel_buffers:644: surface->num_buffers(4)
03-13 07:58:06.339 12397 12415 D Surface : Surface::disconnect(this=0x8b75c000,api=1)
03-13 07:58:06.339 12397 12415 D GraphicBuffer: unregister, handle(0x9e64cbc0) (w:720 h:1280 s:720 f:0x1 u:f02)
03-13 07:58:06.340 12397 12415 D GraphicBuffer: unregister, handle(0x9e64dac0) (w:720 h:1280 s:720 f:0x1 u:f02)
03-13 07:58:06.340 12397 12415 D GraphicBuffer: unregister, handle(0x9e64dc40) (w:720 h:1280 s:720 f:0x1 u:f02)
03-13 07:58:06.416 12397 12397 I HUREV   : [2] AapProjectionActivity.onDestroy | AapProjectionActivity.onDestroy called. isFinishing=true
03-13 07:58:06.419 12397 12397 I BufferQueueConsumer: [SurfaceTexture-1-12397-0](this:0x8b7eb000,id:0,api:3,p:-1,c:-1) disconnect(C)
03-13 07:58:06.426 12397 12397 D View    : [Warning] assignParent to null: this = DecorView@9ad8f47[AapProjectionActivity]
03-13 07:58:06.432 12397 12397 D WindowClient: Remove from mViews: DecorView@9ad8f47[AapProjectionActivity], this = android.view.WindowManagerGlobal@69e4ebe
03-13 07:58:06.435 12397 12397 I HUREV   : [2] AapProjectionActivity.onSurfaceDestroyed | SurfaceCallback: onSurfaceDestroyed. Surface: Surface(name=android.graphics.SurfaceTexture@ede901a)/@0x2c7774b
03-13 07:58:06.437 12397 12397 I HUREV   : [2] VideoDecoder.stop | Decoder stopped: surfaceDestroyed
03-13 07:58:08.484 12397 12443 I HUREV   : [537] AudioTrackWrapper.run | AudioTrackWrapper thread finished.
03-13 07:58:12.571 12397 12415 D GraphicBuffer: register, handle(0x9e64dac0) (w:720 h:1280 s:720 f:0x1 u:f02)
03-13 07:58:13.069 12397 12397 I HUREV   : [2] HomeFragment.attemptSingleUsbAutoConnect | HomeFragment: Requesting single-USB auto-connect via AapService
03-13 07:58:13.544 12397 12397 D WindowClient: Add to mViews: DecorView@9e024be[SettingsActivity], this = android.view.WindowManagerGlobal@69e4ebe
03-13 07:58:13.548 12397 12397 D ViewRootImpl[SettingsActivity]: hardware acceleration = true , fakeHwAccelerated = false, sRendererDisabled = false, forceHwAccelerated = false, sSystemRendererDisabled = false
03-13 07:58:13.557 12397 12397 I Choreographer: Skipped 53 frames!  The application may be doing too much work on its main thread.
03-13 07:58:13.660 12397 12415 D Surface : Surface::connect(this=0x8b8bb000,api=1)
03-13 07:58:13.659 12397 12397 D Surface : Surface::allocateBuffers(this=0x8b8bb000)
03-13 07:58:13.663 12397 12415 D Surface : Surface::setBufferCount(this=0x8b8bb000,bufferCount=4)
03-13 07:58:14.256 12397 12397 D View    : [ANR Warning]onLayout time too long, this =androidx.recyclerview.widget.RecyclerView{6385a88 VFED.V... ......ID 0,74-1280,720 #7f0901b7 app:id/settingsRecyclerView}time =558 ms
03-13 07:58:14.257 12397 12397 D View    : [ANR Warning]onLayout time too long, this =android.widget.LinearLayout{e13e504 V.E...... ......ID 0,0-1280,720}time =575 ms
03-13 07:58:14.258 12397 12397 D View    : [ANR Warning]onLayout time too long, this =androidx.fragment.app.FragmentContainerView{357eaed V.E...... ......ID 0,0-1280,720 #7f0901b9 app:id/settings_nav_host}time =576 ms
03-13 07:58:14.258 12397 12397 D View    : [ANR Warning]onLayout time too long, this =androidx.fragment.app.FragmentContainerView{6516d22 V.E...... ......ID 0,0-1280,720 #7f0901b9 app:id/settings_nav_host}time =578 ms
03-13 07:58:14.262 12397 12397 D View    : [ANR Warning]onLayout time too long, this =androidx.appcompat.widget.ContentFrameLayout{a3803b3 V.E...... ......ID 0,0-1280,720 #1020002 android:id/content}time =578 ms
03-13 07:58:14.263 12397 12397 D View    : [ANR Warning]onLayout time too long, this =androidx.appcompat.widget.FitWindowsLinearLayout{a6c4d70 V.E...... ......ID 0,0-1280,720 #7f090036 app:id/action_bar_root}time =583 ms
03-13 07:58:14.263 12397 12397 D View    : [ANR Warning]onLayout time too long, this =android.widget.FrameLayout{45548e9 V.E...... ......ID 0,0-1280,720}time =585 ms
03-13 07:58:14.263 12397 12397 D View    : [ANR Warning]onLayout time too long, this =android.widget.LinearLayout{1bd396e V.E...... ......ID 0,0-1280,720}time =587 ms
03-13 07:58:14.264 12397 12397 D View    : [ANR Warning]onLayout time too long, this =DecorView@9e024be[SettingsActivity]time =589 ms
03-13 07:58:14.299 12397 12397 I HUREV   : [2] AapService.checkAlreadyConnectedUsb | Found device already in accessory mode: Google 18D1:2D00
03-13 07:58:14.304 12397 12397 I Choreographer: Skipped 42 frames!  The application may be doing too much work on its main thread.
03-13 07:58:14.429 12397 12415 D GraphicBuffer: register, handle(0x9e64cbc0) (w:720 h:1280 s:720 f:0x1 u:f02)
03-13 07:58:14.439 12397 12415 D HWUIExtension: MTKProgramCache.generateProgram: 68719476736
03-13 07:58:14.439 12397 12415 D HWUIExtension: createProgram 0x0000001000000000, binary 0xaa675054, length 2688, format 36705 within 394ns
03-13 07:58:14.440 12397 12415 D HWUIExtension: MTKProgramCache.generateProgram: 103084458048
03-13 07:58:14.440 12397 12415 D HWUIExtension: createProgram 0x0000001800500040, binary 0xaa683684, length 2800, format 36705 within 369ns
03-13 07:58:14.443 12397 12415 D HWUIExtension: MTKProgramCache.generateProgram: 562949967052865
03-13 07:58:14.443 12397 12415 D HWUIExtension: createProgram 0x0002000000d00041, binary 0xaa681d44, length 2832, format 36705 within 302ns
03-13 07:58:14.444 12397 12415 D HWUIExtension: MTKProgramCache.generateProgram: 34364981312
03-13 07:58:14.444 12397 12415 D HWUIExtension: createProgram 0x0000000800500040, binary 0xaa67f3d4, length 2660, format 36705 within 257ns
03-13 07:58:14.485 12397 12424 I HUREV   : [525] UsbAccessoryConnection.usbOpen | Established connection: android.hardware.usb.UsbDeviceConnection@6e38469
03-13 07:58:14.490 12397 12424 I HUREV   : [525] UsbAccessoryConnection.usbOpen | interfaceCount: 1
03-13 07:58:14.492 12397 12424 I HUREV   : [525] UsbAccessoryConnection.initEndpoint | Check accessory endpoints
03-13 07:58:14.494 12397 12424 I HUREV   : [525] UsbAccessoryConnection.initEndpoint | Connected have EPs
03-13 07:58:14.525 12397 12415 D GraphicBuffer: register, handle(0x9e64d4c0) (w:720 h:1280 s:720 f:0x1 u:f02)
03-13 07:58:14.607 12397 12415 E [EGL-ERROR]: __egl_platform_cancel_buffers:644: surface->num_buffers(4)
03-13 07:58:14.608 12397 12415 D Surface : Surface::disconnect(this=0x8befd800,api=1)
03-13 07:58:14.608 12397 12415 D GraphicBuffer: unregister, handle(0x9e64dac0) (w:720 h:1280 s:720 f:0x1 u:f02)
03-13 07:58:14.609 12397 12415 D GraphicBuffer: unregister, handle(0x9e64cb00) (w:720 h:1280 s:720 f:0x1 u:f02)
03-13 07:58:14.609 12397 12415 D GraphicBuffer: unregister, handle(0x9e64c440) (w:720 h:1280 s:720 f:0x1 u:f02)
03-13 07:58:14.629 12397 12424 I HUREV   : [525] AapTransport.<init> | Using Java SSL implementation
03-13 07:58:14.632 12397 12424 I HUREV   : [525] AapTransport.startHandshake$com_andrerinas_headunitrevived_2_0_1_debug | Start Aap transport handshake for com.andrerinas.headunitrevived.connection.UsbAccessoryConnection@827abfa
03-13 07:58:14.744 12397 12406 I BufferQueue: [SurfaceTexture-1-12397-0](this:0x8b7eb000,id:0,api:3,p:-1,c:-1) ~BufferQueueCore
03-13 07:58:14.829 12397 12397 D HookText: remove Node { textView:null, text:Zapisz}
03-13 07:58:14.829 12397 12397 D HookText: remove Node { textView:null, text:Zapisz}
03-13 07:58:14.830 12397 12397 D HookText: remove Node { textView:null, text:Tryb samodzielny}
03-13 07:58:14.830 12397 12397 D HookText: remove Node { textView:null, text:Wyjdź}
03-13 07:58:14.830 12397 12397 D HookText: remove Node { textView:null, text:Ustawienia}
03-13 07:58:14.830 12397 12397 D HookText: remove Node { textView:null, text:Wi-Fi}
03-13 07:58:14.830 12397 12397 D HookText: remove Node { textView:null, text:USB}
03-13 07:58:14.831 12397 12397 D HookText: remove Node { textView:null, text:Rozłącz}
03-13 07:58:14.831 12397 12397 D HookText: remove Node { textView:null, text:Android Auto uruchamia się…}
03-13 07:58:14.946 12397 12397 I HUREV   : [2] AapProjectionActivity.onCreate | HeadUnit for Android Auto (tm) - Copyright 2011-2015 Michael A. Reid., since 2025 André Rinas All Rights Reserved...
03-13 07:58:14.949 12397 12397 I HUREV   : [2] AapProjectionActivity.onCreate | Using GlProjectionView
03-13 07:58:14.956 12397 12397 I HUREV   : [2] HeadUnitScreenConfig.recalculate | CarScreen: usable width: 1280 height: 720 (Raw: 1280x720, Insets: L0 T0 R0 B0)
03-13 07:58:14.959 12397 12397 I HUREV   : [2] HeadUnitScreenConfig.recalculate | CarScreen isSmallScreen: true, scaleFactor: 1.0
03-13 07:58:14.962 12397 12397 I HUREV   : [2] HeadUnitScreenConfig.recalculate | CarScreen using: _1280x720, number: 2, scales: scaleX: 1.0, scaleY: 1.0
03-13 07:58:14.991 12397 12397 I HUREV   : [2] AapProjectionActivity.onResume | AapProjectionActivity: onResume
03-13 07:58:15.004 12397 12397 D WindowClient: Add to mViews: DecorView@2fee90d[AapProjectionActivity], this = android.view.WindowManagerGlobal@69e4ebe
03-13 07:58:15.008 12397 12397 D ViewRootImpl[AapProjectionActivity]: hardware acceleration = true , fakeHwAccelerated = false, sRendererDisabled = false, forceHwAccelerated = false, sSystemRendererDisabled = false
03-13 07:58:15.035 12397 12415 D GraphicBuffer: register, handle(0x9e64cb00) (w:720 h:1280 s:720 f:0x1 u:f02)
03-13 07:58:15.090 12397 12415 D Surface : Surface::connect(this=0x8b9e2800,api=1)
03-13 07:58:15.093 12397 12415 D Surface : Surface::setBufferCount(this=0x8b9e2800,bufferCount=4)
03-13 07:58:15.129 12397 12476 D Surface : Surface::connect(this=0x8be75000,api=1)
03-13 07:58:15.131 12397 12476 D Surface : Surface::setBufferCount(this=0x8be75000,bufferCount=4)
03-13 07:58:15.134 12397 12476 D GraphicBuffer: register, handle(0x8b65f0c0) (w:720 h:1280 s:720 f:0x2 u:f02)
03-13 07:58:15.136 12397 12476 I HUREV   : [717] VideoRenderer.onSurfaceCreated | GlProjectionView: onSurfaceCreated (GL Context)
03-13 07:58:15.138 12397 12476 I BufferQueue: [unnamed-12397-1](this:0x8b77a000,id:1,api:0,p:-1,c:-1) BufferQueue core=(12397:com.andrerinas.headunitrevived)
03-13 07:58:15.138 12397 12476 E DumpTunnel: finding regDump() failed
03-13 07:58:15.138 12397 12476 I BufferQueueConsumer: [unnamed-12397-1](this:0x8b77a000,id:1,api:0,p:-1,c:12397) connect(C): consumer=(12397:com.andrerinas.headunitrevived) controlledByApp=true
03-13 07:58:15.139 12397 12476 I BufferQueueConsumer: [unnamed-12397-1](this:0x8b77a000,id:1,api:0,p:-1,c:12397) setConsumerName: unnamed-12397-1
03-13 07:58:15.139 12397 12476 I BufferQueueConsumer: [SurfaceTexture-1-12397-1](this:0x8b77a000,id:1,api:0,p:-1,c:12397) setConsumerName: SurfaceTexture-1-12397-1
03-13 07:58:15.141 12397 12476 I HUREV   : [717] VideoRenderer.onSurfaceChanged | GlProjectionView: onSurfaceChanged: 1280x720
03-13 07:58:15.151 12397 12476 D GraphicBuffer: register, handle(0x8b65f480) (w:720 h:1280 s:720 f:0x2 u:f02)
