03-12 16:40:07.939 16134 16165 I HUREV   : [913] UsbAccessoryMode.initStringControlTransfer | Success controlTransfer len: 45  index: 4  string: "https://developer.android.com/auto/index.html"
03-12 16:40:07.944 16134 16165 I HUREV   : [913] UsbAccessoryMode.initStringControlTransfer | Success controlTransfer len: 12  index: 5  string: "HU-AAAAAA001"
03-12 16:40:07.947 16134 16165 I HUREV   : [913] UsbAccessoryMode.switch | Sending acc start
03-12 16:40:07.958 16134 16165 I HUREV   : [913] UsbAccessoryMode.switch | Acc start sent (len=0). Waiting for re-enumeration...
03-12 16:40:08.046 16134 16134 I Choreographer: Skipped 79 frames!  The application may be doing too much work on its main thread.
03-12 16:40:08.136 16134 16155 D GraphicBuffer: register, handle(0xa2e40200) (w:720 h:1280 s:720 f:0x1 u:f02)
03-12 16:40:08.130 16134 16134 I RenderThread: type=1400 audit(0.0:47010): avc: denied { search } for name="clients" dev="debugfs" ino=7071 scontext=u:r:untrusted_app:s0:c512,c768 tcontext=u:object_r:debugfs_ion:s0 tclass=dir permissive=1
03-12 16:40:08.160 16134 16155 D HWUIExtension: MTKProgramCache.generateProgram: 1
03-12 16:40:08.161 16134 16155 D HWUIExtension: createProgram 0x0000000000000001, binary 0xaf940e38, length 2736, format 36705 within 599ns
03-12 16:40:08.167 16134 16155 D HWUIExtension: MTKProgramCache.generateProgram: 1168231104520
03-12 16:40:08.171 16134 16155 D HWUIExtension: MTKProgramCache.generateProgram: 68724719680
03-12 16:40:08.172 16134 16155 D HWUIExtension: createProgram 0x0000001000500040, binary 0xaf9329f8, length 2800, format 36705 within 419ns
03-12 16:40:08.172 16134 16155 D HWUIExtension: MTKProgramCache.generateProgram: 562949958664257
03-12 16:40:08.173 16134 16155 D HWUIExtension: createProgram 0x0002000000500041, binary 0xaf935544, length 2832, format 36705 within 492ns
03-12 16:40:08.174 16134 16155 D HWUIExtension: MTKProgramCache.generateProgram: 562984313159683
03-12 16:40:08.175 16134 16155 D HWUIExtension: createProgram 0x0002000800000003, binary 0xaf936ad4, length 2828, format 36705 within 530ns
03-12 16:40:08.340 16134 16134 I HUREV   : [2] GpsLocation.start | Request location updates
03-12 16:40:08.359 16134 16134 I HUREV   : [2] GpsLocation.start | Last known location:  Unknown
03-12 16:40:08.390 16134 16134 I HUREV   : [2] HomeFragment.onResume | HomeFragment: onResume. isConnected=false
03-12 16:40:08.459 16134 16165 D UsbDeviceConnectionJNI: close
03-12 16:40:08.461 16134 16165 I HUREV   : [913] UsbAccessoryMode.connectAndSwitch | Result: true
03-12 16:40:08.465 16134 16165 I HUREV   : [913] 1.invokeSuspend | Successfully requested switch to accessory mode for single USB device. Waiting for re-enumeration...
03-12 16:40:08.631 16134 16139 I zygote  : Do partial code cache collection, code=110KB, data=95KB
03-12 16:40:08.632 16134 16139 I zygote  : After code cache collection, code=110KB, data=95KB
03-12 16:40:08.632 16134 16139 I zygote  : Increasing code cache capacity to 512KB
03-12 16:40:08.678 16134 16155 D GraphicBuffer: register, handle(0xa2e40c80) (w:720 h:1280 s:720 f:0x1 u:f02)
03-12 16:40:08.695 16134 16134 I HUREV   : [2] UsbReceiver.onReceive | USB Intent: Intent { act=android.hardware.usb.action.USB_DEVICE_DETACHED flg=0x1000010 (has extras) }
03-12 16:40:08.707 16134 16134 I HUREV   : [2] UsbReceiver.onReceive | USB Intent: Intent { act=android.hardware.usb.action.USB_DEVICE_DETACHED flg=0x1000010 (has extras) }
03-12 16:40:08.708 16134 16134 W InputMethodManager: Ignoring onBind: cur seq=207, given seq=206
03-12 16:40:08.723 16134 16134 I HUREV   : [2] UsbReceiver.onReceive | USB Intent: Intent { act=android.hardware.usb.action.USB_DEVICE_ATTACHED flg=0x11000010 (has extras) }
03-12 16:40:08.741 16134 16134 I HUREV   : [2] UsbReceiver.onReceive | USB Intent: Intent { act=android.hardware.usb.action.USB_DEVICE_ATTACHED flg=0x11000010 (has extras) }
03-12 16:40:08.743 16134 16134 I HUREV   : [2] AapService.onUsbAttach | USB accessory device attached, connecting.
03-12 16:40:08.752 16134 16134 I HUREV   : [2] AapService.checkAlreadyConnectedUsb | Found device already in accessory mode: Google 18D1:2D00
03-12 16:40:08.830 16134 16165 I HUREV   : [913] UsbAccessoryConnection.usbOpen | Established connection: android.hardware.usb.UsbDeviceConnection@3c289c8
03-12 16:40:08.841 16134 16165 I HUREV   : [913] UsbAccessoryConnection.usbOpen | interfaceCount: 1
03-12 16:40:08.851 16134 16165 I HUREV   : [913] UsbAccessoryConnection.initEndpoint | Check accessory endpoints
03-12 16:40:08.854 16134 16165 I HUREV   : [913] UsbAccessoryConnection.initEndpoint | Connected have EPs
03-12 16:40:08.872 16134 16155 D GraphicBuffer: register, handle(0xa2e40e00) (w:720 h:1280 s:720 f:0x1 u:f02)
03-12 16:40:09.145 16134 16165 I HUREV   : [913] AapTransport.<init> | Using Java SSL implementation
03-12 16:40:09.212 16134 16165 I HUREV   : [913] AapTransport.startHandshake$com_andrerinas_headunitrevived_2_0_1_debug | Start Aap transport handshake for com.andrerinas.headunitrevived.connection.UsbAccessoryConnection@b29633f
03-12 16:40:09.446 16134 16145 I zygote  : Background concurrent copying GC freed 13421(896KB) AllocSpace objects, 0(0B) LOS objects, 49% free, 3MB/6MB, paused 403us total 263.821ms
03-12 16:40:09.749 16134 16134 I HUREV   : [2] AapProjectionActivity.onCreate | HeadUnit for Android Auto (tm) - Copyright 2011-2015 Michael A. Reid., since 2025 André Rinas All Rights Reserved...
03-12 16:40:09.753 16134 16134 I HUREV   : [2] AapProjectionActivity.onCreate | Using GlProjectionView
03-12 16:40:09.767 16134 16134 I HUREV   : [2] HeadUnitScreenConfig.recalculate | CarScreen: usable width: 1280 height: 720 (Raw: 1280x720, Insets: L0 T0 R0 B0)
03-12 16:40:09.777 16134 16134 I HUREV   : [2] HeadUnitScreenConfig.recalculate | CarScreen isSmallScreen: true, scaleFactor: 1.0
03-12 16:40:09.781 16134 16134 I HUREV   : [2] HeadUnitScreenConfig.recalculate | CarScreen using: _1280x720, number: 2, scales: scaleX: 1.0, scaleY: 1.0
03-12 16:40:09.826 16134 16134 I HUREV   : [2] AapProjectionActivity.onResume | AapProjectionActivity: onResume
03-12 16:40:09.846 16134 16134 D WindowClient: Add to mViews: DecorView@91a0e71[AapProjectionActivity], this = android.view.WindowManagerGlobal@dac6453
03-12 16:40:09.849 16134 16134 D ViewRootImpl[AapProjectionActivity]: hardware acceleration = true , fakeHwAccelerated = false, sRendererDisabled = false, forceHwAccelerated = false, sSystemRendererDisabled = false
03-12 16:40:09.925 16134 16134 I Choreographer: Skipped 46 frames!  The application may be doing too much work on its main thread.
03-12 16:40:09.928 16134 16155 E [EGL-ERROR]: __egl_platform_cancel_buffers:644: surface->num_buffers(4)
03-12 16:40:09.929 16134 16155 D Surface : Surface::disconnect(this=0x905e4800,api=1)
03-12 16:40:09.929 16134 16155 D GraphicBuffer: unregister, handle(0xa2e40e00) (w:720 h:1280 s:720 f:0x1 u:f02)
03-12 16:40:09.930 16134 16155 D GraphicBuffer: unregister, handle(0xa2e40c80) (w:720 h:1280 s:720 f:0x1 u:f02)
03-12 16:40:09.930 16134 16155 D GraphicBuffer: unregister, handle(0xa2e40200) (w:720 h:1280 s:720 f:0x1 u:f02)
03-12 16:40:10.037 16134 16155 D Surface : Surface::connect(this=0x905e4800,api=1)
03-12 16:40:10.039 16134 16155 D Surface : Surface::setBufferCount(this=0x905e4800,bufferCount=4)
03-12 16:40:10.080 16134 16178 D Surface : Surface::connect(this=0x8fe54000,api=1)
03-12 16:40:10.082 16134 16178 D Surface : Surface::setBufferCount(this=0x8fe54000,bufferCount=4)
03-12 16:40:10.086 16134 16178 D GraphicBuffer: register, handle(0xa4924840) (w:720 h:1280 s:720 f:0x2 u:f02)
03-12 16:40:10.093 16134 16178 I HUREV   : [922] VideoRenderer.onSurfaceCreated | GlProjectionView: onSurfaceCreated (GL Context)
03-12 16:40:10.098 16134 16178 I BufferQueue: [unnamed-16134-0](this:0x9048a000,id:0,api:0,p:-1,c:-1) BufferQueue core=(16134:com.andrerinas.headunitrevived)
03-12 16:40:10.117 16134 16178 E DumpTunnel: open libgui_ext failed
03-12 16:40:10.117 16134 16178 E DumpTunnel: finding regDump() failed
03-12 16:40:10.118 16134 16178 D GED     : [GED_KPI] ged_kpi is not supported
03-12 16:40:10.118 16134 16178 I BufferQueueConsumer: [unnamed-16134-0](this:0x9048a000,id:0,api:0,p:-1,c:16134) connect(C): consumer=(16134:com.andrerinas.headunitrevived) controlledByApp=true
03-12 16:40:10.118 16134 16178 I BufferQueueConsumer: [unnamed-16134-0](this:0x9048a000,id:0,api:0,p:-1,c:16134) setConsumerName: unnamed-16134-0
03-12 16:40:10.118 16134 16178 I BufferQueueConsumer: [SurfaceTexture-1-16134-0](this:0x9048a000,id:0,api:0,p:-1,c:16134) setConsumerName: SurfaceTexture-1-16134-0
03-12 16:40:10.121 16134 16178 I HUREV   : [922] VideoRenderer.onSurfaceChanged | GlProjectionView: onSurfaceChanged: 1280x720
03-12 16:40:10.133 16134 16178 D GraphicBuffer: register, handle(0xa4925140) (w:720 h:1280 s:720 f:0x2 u:f02)
03-12 16:40:10.149 16134 16155 D GraphicBuffer: register, handle(0xa2e40c80) (w:720 h:1280 s:720 f:0x1 u:f02)
03-12 16:40:10.152 16134 16155 D HWUIExtension: MTKProgramCache.generateProgram: 0
03-12 16:40:10.153 16134 16155 D HWUIExtension: createProgram 0x0000000000000000, binary 0xaf932000, length 2552, format 36705 within 304ns
03-12 16:40:10.160 16134 16165 I HUREV   : [913] AapTransport.handshake | Handshake: Version response received (ret=12, attempt=1).
03-12 16:40:10.169 16134 16165 I HUREV   : [913] AapTransport.handshake | Handshake: Version response recv ret: 12
03-12 16:40:10.172 16134 16155 D GraphicBuffer: register, handle(0xa2e40a40) (w:720 h:1280 s:720 f:0x1 u:f02)
03-12 16:40:10.193 16134 16155 D GraphicBuffer: register, handle(0xa2e40ec0) (w:720 h:1280 s:720 f:0x1 u:f02)
03-12 16:40:10.238 16134 16134 I HUREV   : [2] VideoRenderer.onSurfaceCreated$lambda$4 | GlProjectionView: Reporting Surface Created
03-12 16:40:10.241 16134 16134 I HUREV   : [2] AapProjectionActivity.onSurfaceCreated | [AapProjectionActivity] onSurfaceCreated
03-12 16:40:10.244 16134 16134 I HUREV   : [2] AapProjectionActivity.onSurfaceChanged | [AapProjectionActivity] onSurfaceChanged. Actual surface dimensions: width=1280, height=720
03-12 16:40:10.248 16134 16134 I HUREV   : [2] VideoDecoder.setSurface | New surface set: Surface(name=android.graphics.SurfaceTexture@3c17e78)/@0xb5479bc
03-12 16:40:10.619 16134 16165 I HUREV   : [913] AapSslContext.performHandshake | SSL handshake complete. Session id: mgeCMhM/9gVn055YTOIp6GJIUMkwj5Zz4LZloVAjrTY=
03-12 16:40:10.627 16134 16165 I HUREV   : [913] AapTransport.handshake | Handshake: Status OK sent: 8
03-12 16:40:10.636 16134 16165 I HUREV   : [913] AapAudio.requestFocusChange | Audio Focus Request: stream=3, type=1
03-12 16:40:10.678 16134 16165 I HUREV   : [913] AapAudio.requestFocusChange | Audio focus request result: GRANTED
03-12 16:40:10.680 16134 16165 I HUREV   : [913] AapTransport.startReading$com_andrerinas_headunitrevived_2_0_1_debug | Start Aap transport read loop
03-12 16:40:10.711 16134 16134 I HUREV   : [2] 1.onReceive | Received request to resend night mode state
03-12 16:40:10.712 16134 16176 I HUREV   : [921] AapControlService.serviceDiscoveryRequest | Service Discovery Request: Android
03-12 16:40:10.720 16134 16176 I HUREV   : [921] HeadUnitScreenConfig.recalculate | CarScreen: usable width: 1280 height: 720 (Raw: 1280x720, Insets: L0 T0 R0 B0)
03-12 16:40:10.723 16134 16176 I HUREV   : [921] HeadUnitScreenConfig.recalculate | CarScreen isSmallScreen: true, scaleFactor: 1.0
03-12 16:40:10.725 16134 16134 I HUREV   : [2] 1.invoke | NightMode update: false
03-12 16:40:10.728 16134 16176 I HUREV   : [921] HeadUnitScreenConfig.recalculate | CarScreen using: _1280x720, number: 2, scales: scaleX: 1.0, scaleY: 1.0
03-12 16:40:10.745 16134 16176 I HUREV   : [921] Companion.makeProto | [ServiceDiscovery] Announcing NIGHT sensor support. Strategy: SCREEN_BRIGHTNESS
03-12 16:40:10.756 16134 16176 I HUREV   : [921] Companion.makeProto | [ServiceDiscovery] NegotiatedResolution is: 1280x720
03-12 16:40:10.758 16134 16176 I HUREV   : [921] Companion.makeProto | [ServiceDiscovery] Margins are: 0x0
03-12 16:40:10.789 16134 16176 I HUREV   : [921] Companion.makeProto | BT MAC Address is empty. Skip bluetooth service
03-12 16:40:10.941 16134 16176 I HUREV   : [921] AapControlService.audioFocusRequest | Audio Focus Request: RELEASE
03-12 16:40:10.944 16134 16176 I HUREV   : [921] AapAudio.requestFocusChange | Audio Focus Request: stream=3, type=4
03-12 16:40:10.946 16134 16176 I HUREV   : [921] AapAudio.requestFocusChange | Releasing audio focus
03-12 16:40:10.958 16134 16176 I HUREV   : [921] AapControlService.audioFocusRequest | Sending immediate AudioFocusNotification: STATE_LOSS
03-12 16:40:11.000 16134 16176 I HUREV   : [921] AapControlSensor.sensorStartRequest | Sensor Start Request sensor: DRIVING_STATUS, minUpdatePeriod: 0
03-12 16:40:11.004 16134 16176 I HUREV   : [921] AapControlSensor.sensorStartRequest | SENSOR Sensor Start Response type: 32770 flags: 11 size: 8 dataOffset: 6
03-12 16:40:11.017 16134 16176 W HUREV   : [921] AapVideo.process | AapVideo: Dropped Flag 11 packet. len=4, buf[10]=?
03-12 16:40:11.021 16134 16176 I HUREV   : [921] AapControlMedia.mediaSinkSetupRequest | Media Sink Setup Request: 3 on channel VIDEO
03-12 16:40:11.131 16134 16176 I HUREV   : [921] AapControlMedia.mediaSinkSetupRequest | Config response: status: HEADUNIT
03-12 16:40:11.131 16134 16176 I HUREV   : max_unacked: 1
03-12 16:40:11.131 16134 16176 I HUREV   : configuration_indices: 0
03-12 16:40:11.138 16134 16176 I HUREV   : [921] AapControlMedia.mediaSinkSetupRequest | Media Sink Setup Request: 1 on channel AUDIO2
03-12 16:40:11.143 16134 16176 I HUREV   : [921] AapControlMedia.mediaSinkSetupRequest | Config response: status: HEADUNIT
03-12 16:40:11.143 16134 16176 I HUREV   : max_unacked: 3
03-12 16:40:11.143 16134 16176 I HUREV   : configuration_indices: 0
03-12 16:40:11.150 16134 16176 I HUREV   : [921] AapControlMedia.mediaSinkSetupRequest | Media Sink Setup Request: 1 on channel AUDIO1
03-12 16:40:11.154 16134 16176 I HUREV   : [921] AapControlMedia.mediaSinkSetupRequest | Config response: status: HEADUNIT
03-12 16:40:11.154 16134 16176 I HUREV   : max_unacked: 3
03-12 16:40:11.154 16134 16176 I HUREV   : configuration_indices: 0
03-12 16:40:11.160 16134 16176 I HUREV   : [921] AapControlMedia.mediaSinkSetupRequest | Media Sink Setup Request: 1 on channel AUDIO
03-12 16:40:11.161 16134 16134 I HUREV   : [2] AapProjectionActivity.onPause | AapProjectionActivity: onPause
03-12 16:40:11.168 16134 16176 I HUREV   : [921] AapControlMedia.mediaSinkSetupRequest | Config response: status: HEADUNIT
03-12 16:40:11.168 16134 16176 I HUREV   : max_unacked: 3
03-12 16:40:11.168 16134 16176 I HUREV   : configuration_indices: 0
03-12 16:40:11.169 16134 16134 I HUREV   : [2] AapProjectionActivity.onNewIntent | AapProjectionActivity: onNewIntent received
03-12 16:40:11.171 16134 16134 I HUREV   : [2] AapProjectionActivity.onResume | AapProjectionActivity: onResume
03-12 16:40:11.172 16134 16176 I HUREV   : [921] AapControlSensor.sensorStartRequest | Sensor Start Request sensor: NIGHT, minUpdatePeriod: 0
03-12 16:40:11.175 16134 16176 I HUREV   : [921] AapControlSensor.sensorStartRequest | SENSOR Sensor Start Response type: 32770 flags: 11 size: 8 dataOffset: 6
03-12 16:40:11.178 16134 16176 I HUREV   : [921] AapControlSensor.sensorStartRequest | Night sensor requested. Triggering immediate update.
03-12 16:40:11.194 16134 16134 I HUREV   : [2] 1.onReceive | Received request to resend night mode state
03-12 16:40:11.200 16134 16134 I HUREV   : [2] 1.invoke | NightMode update: false
03-12 16:40:11.222 16134 16176 I HUREV   : [921] AapControlService.audioFocusRequest | Audio Focus Request: GAIN
03-12 16:40:11.224 16134 16176 I HUREV   : [921] AapAudio.requestFocusChange | Audio Focus Request: stream=3, type=1
03-12 16:40:11.230 16134 16176 I HUREV   : [921] AapAudio.requestFocusChange | Audio focus request result: GRANTED
03-12 16:40:11.233 16134 16176 I HUREV   : [921] AapControlService.audioFocusRequest | Sending immediate AudioFocusNotification: STATE_GAIN
03-12 16:40:11.272 16134 16176 I HUREV   : [921] AapControlService.audioFocusRequest | Audio Focus Request: RELEASE
03-12 16:40:11.273 16134 16176 I HUREV   : [921] AapAudio.requestFocusChange | Audio Focus Request: stream=3, type=4
03-12 16:40:11.275 16134 16176 I HUREV   : [921] AapAudio.requestFocusChange | Releasing audio focus
03-12 16:40:11.283 16134 16176 I HUREV   : [921] AapControlService.audioFocusRequest | Sending immediate AudioFocusNotification: STATE_LOSS
03-12 16:40:11.305 16134 16176 W HUREV   : [921] AapVideo.process | AapVideo: Dropped Flag 11 packet. len=6, buf[10]=?
03-12 16:40:11.313 16134 16176 I HUREV   : [921] AapControlMedia.execute | RX: Video Focus Request - mode: VIDEO_FOCUS_PROJECTED, reason: UNKNOWN
03-12 16:40:11.991 16134 16180 D ProfileInstaller: Installing profile for com.andrerinas.headunitrevived
03-12 16:40:12.258 16134 16176 I HUREV   : [921] UsbAccessoryConnection.recvBlocking | USB reads recovered after 5 errors
03-12 16:40:12.456 16134 16176 I HUREV   : [921] UsbAccessoryConnection.recvBlocking | USB reads recovered after 1 errors
03-12 16:40:13.070 16134 16176 I HUREV   : [921] UsbAccessoryConnection.recvBlocking | USB reads recovered after 3 errors
03-12 16:40:14.073 16134 16176 I HUREV   : [921] UsbAccessoryConnection.recvBlocking | USB reads recovered after 5 errors
03-12 16:40:14.177 16134 16134 W HUREV   : [2] 1.run | Watchdog: No video received. Requesting Keyframe (Unsolicited Focus)...
03-12 16:40:14.190 16134 16176 I HUREV   : [921] AapControlService.audioFocusRequest | Audio Focus Request: GAIN
03-12 16:40:14.191 16134 16176 I HUREV   : [921] AapAudio.requestFocusChange | Audio Focus Request: stream=3, type=1
03-12 16:40:14.198 16134 16176 I HUREV   : [921] AapAudio.requestFocusChange | Audio focus request result: GRANTED
03-12 16:40:14.200 16134 16176 I HUREV   : [921] AapControlService.audioFocusRequest | Sending immediate AudioFocusNotification: STATE_GAIN
03-12 16:40:14.203 16134 16176 W HUREV   : [921] AapVideo.process | AapVideo: Dropped Flag 11 packet. len=6, buf[10]=?
03-12 16:40:14.211 16134 16176 I HUREV   : [921] AapControlMedia.mediaStartRequest | Media Start Request VIDEO: session_id: 0
03-12 16:40:14.211 16134 16176 I HUREV   : configuration_index: 0
03-12 16:40:14.263 16134 16176 I HUREV   : [921] AapControlMedia.mediaStartRequest | Media Start Request AUDIO: session_id: 0
03-12 16:40:14.263 16134 16176 I HUREV   : configuration_index: 0
03-12 16:40:14.272 16134 16176 I HUREV   : [921] AapAudio.decode | AudioDecoder.start: channel=6, stream=3, gain=1.0, sampleRate=48000, numberOfBits=16, numberOfChannels=2, isAac=false
03-12 16:40:14.281 16134 16176 I HUREV   : [921] AudioTrackWrapper.createAudioTrack | Audio stream: 3 buffer size: 65664 (min: 8208) sampleRateInHz: 48000 channelCount: 2
03-12 16:40:14.287 16134 16176 D AudioTrack: yellowmouse mIsNavi: 0, mIsVoice: 0, mIsBlink:0
03-12 16:40:14.287 16134 16176 D AudioTrack: yellowmouse createTrack_l mStreamType: -1
03-12 16:40:14.298 16134 16176 D AudioTrack: Client defaulted notificationFrames to 8208 for frameCount 16416
03-12 16:40:14.606 16134 16176 I HUREV   : [921] VideoDecoder.decode | H.264/AVC config detected in frame (29 bytes)
03-12 16:40:14.609 16134 16176 I HUREV   : [921] VideoDecoder.scanForSpsPpsH264 | SPS parsed: 1280x720
03-12 16:40:14.611 16134 16176 I HUREV   : [921] AapProjectionActivity.onVideoDimensionsChanged | [AapProjectionActivity] Received video dimensions: 1280x720
03-12 16:40:14.614 16134 16134 I HUREV   : [2] GlProjectionView.setVideoSize | GlProjectionView setVideoSize: 1280x720
03-12 16:40:14.614 16134 16134 I BufferQueueConsumer: [SurfaceTexture-1-16134-0](this:0x9048a000,id:0,api:0,p:-1,c:16134) setDefaultBufferSize: width=1280 height=720
03-12 16:40:14.658 16134 16176 W AudioCapabilities: Unsupported mime audio/x-adpcm-ms
03-12 16:40:14.661 16134 16176 W AudioCapabilities: Unsupported mime audio/x-adpcm-dvi-ima
03-12 16:40:14.664 16134 16176 W AudioCapabilities: Unsupported mime audio/alac
03-12 16:40:14.673 16134 16176 W AudioCapabilities: Unsupported mime audio/ape
03-12 16:40:14.759 16134 16176 W VideoCapabilities: Unsupported mime video/divx
03-12 16:40:14.801 16134 16176 W VideoCapabilities: Unrecognized profile/level 1/32 for video/mp4v-es
03-12 16:40:14.801 16134 16176 W VideoCapabilities: Unrecognized profile/level 32768/2 for video/mp4v-es
03-12 16:40:14.801 16134 16176 W VideoCapabilities: Unrecognized profile/level 32768/64 for video/mp4v-es
03-12 16:40:14.817 16134 16176 W VideoCapabilities: Unsupported mime video/flv1
03-12 16:40:14.843 16134 16176 W VideoCapabilities: Unsupported mime video/x-ms-wmv
03-12 16:40:14.851 16134 16176 W VideoCapabilities: Unsupported mime video/xvid
03-12 16:40:14.892 16134 16176 W VideoCapabilities: Unrecognized profile/level 1/32 for video/mp4v-es
03-12 16:40:14.900 16134 16176 I VideoCapabilities: Unsupported profile 4 for video/mp4v-es
03-12 16:40:14.949 16134 16187 I OMXClient: Treble IOmx obtained
03-12 16:40:15.000 16134 16176 I HUREV   : [921] VideoDecoder.start | Configuring decoder: OMX.MTK.VIDEO.DECODER.AVC with surface
03-12 16:40:15.008 16134 16186 D SurfaceUtils: connecting to surface 0x8feaa808, reason connectToSurface
03-12 16:40:15.009 16134 16186 D Surface : Surface::connect(this=0x8feaa800,api=3)
03-12 16:40:15.009 16134 16186 I BufferQueueProducer: [SurfaceTexture-1-16134-0](this:0x9048a000,id:0,api:3,p:16134,c:16134) connect(P): api=3 producer=(16134:com.andrerinas.headunitrevived) producerControlledByApp=true
03-12 16:40:15.009 16134 16186 I MediaCodec: [OMX.MTK.VIDEO.DECODER.AVC] setting surface generation to 16521217
03-12 16:40:15.009 16134 16186 D SurfaceUtils: disconnecting from surface 0x8feaa808, reason connectToSurface(reconnect)
03-12 16:40:15.009 16134 16186 D Surface : Surface::disconnect(this=0x8feaa800,api=3)
03-12 16:40:15.009 16134 16186 I BufferQueueProducer: [SurfaceTexture-1-16134-0](this:0x9048a000,id:0,api:3,p:16134,c:16134) disconnect(P): api 3
03-12 16:40:15.009 16134 16186 I BufferQueueConsumer: [SurfaceTexture-1-16134-0](this:0x9048a000,id:0,api:3,p:-1,c:16134) getReleasedBuffers: returning mask 0xffffffffffffffff
03-12 16:40:15.009 16134 16186 D SurfaceUtils: connecting to surface 0x8feaa808, reason connectToSurface(reconnect)
03-12 16:40:15.009 16134 16186 D Surface : Surface::connect(this=0x8feaa800,api=3)
03-12 16:40:15.010 16134 16186 I BufferQueueProducer: [SurfaceTexture-1-16134-0](this:0x9048a000,id:0,api:3,p:16134,c:16134) connect(P): api=3 producer=(16134:com.andrerinas.headunitrevived) producerControlledByApp=true
03-12 16:40:15.067 16134 16187 D SurfaceUtils: set up nativeWindow 0x8feaa808 for 1280x720, color 0x23, rotation 0, usage 0x2933
03-12 16:40:15.067 16134 16187 W ACodec  : [OMX.MTK.VIDEO.DECODER.AVC] setting nBufferCountActual to 8 failed: -22
03-12 16:40:15.067 16134 16187 W ACodec  : [OMX.MTK.VIDEO.DECODER.AVC] setting nBufferCountActual to 7 failed: -22
03-12 16:40:15.068 16134 16187 D Surface : Surface::setBufferCount(this=0x8feaa800,bufferCount=6)
03-12 16:40:15.068 16134 16187 I BufferQueueProducer: [SurfaceTexture-1-16134-0](this:0x9048a000,id:0,api:3,p:16134,c:16134) setMaxDequeuedBufferCount: maxDequeuedBuffers = 4
03-12 16:40:15.079 16134 16176 I HUREV   : [921] VideoDecoder.start | Codec initialized: OMX.MTK.VIDEO.DECODER.AVC for stream 1280x720
03-12 16:40:15.080 16134 16187 W GrallocMapperPassthrough: buffer descriptor with invalid usage bits 0x2000
03-12 16:40:15.080 16134 16194 I HUREV   : [928] VideoDecoder.outputThreadLoop | Output thread started
03-12 16:40:15.091 16134 16187 W GrallocMapperPassthrough: buffer descriptor with invalid usage bits 0x2000
03-12 16:40:15.098 16134 16187 W GrallocMapperPassthrough: buffer descriptor with invalid usage bits 0x2000
03-12 16:40:15.192 16134 16187 D BufferQueueProducer: [SurfaceTexture-1-16134-0](this:0x9048a000,id:0,api:3,p:16134,c:16134) cancelBuffer: slot 0
03-12 16:40:15.192 16134 16187 D BufferQueueProducer: [SurfaceTexture-1-16134-0](this:0x9048a000,id:0,api:3,p:16134,c:16134) cancelBuffer: slot 1
03-12 16:40:15.193 16134 16187 D BufferQueueProducer: [SurfaceTexture-1-16134-0](this:0x9048a000,id:0,api:3,p:16134,c:16134) cancelBuffer: slot 2
03-12 16:40:15.196 16134 16187 D SurfaceUtils: set up nativeWindow 0x8feaa808 for 1280x720, color 0x23, rotation 0, usage 0x2933
03-12 16:40:15.196 16134 16187 W ACodec  : [OMX.MTK.VIDEO.DECODER.AVC] setting nBufferCountActual to 15 failed: -22
03-12 16:40:15.196 16134 16187 W ACodec  : [OMX.MTK.VIDEO.DECODER.AVC] setting nBufferCountActual to 14 failed: -22
03-12 16:40:15.196 16134 16187 D Surface : Surface::setBufferCount(this=0x8feaa800,bufferCount=13)
03-12 16:40:15.197 16134 16187 I BufferQueueProducer: [SurfaceTexture-1-16134-0](this:0x9048a000,id:0,api:3,p:16134,c:16134) setMaxDequeuedBufferCount: maxDequeuedBuffers = 11
03-12 16:40:15.203 16134 16187 W GrallocMapperPassthrough: buffer descriptor with invalid usage bits 0x2000
03-12 16:40:15.211 16134 16187 W GrallocMapperPassthrough: buffer descriptor with invalid usage bits 0x2000
03-12 16:40:15.218 16134 16187 W GrallocMapperPassthrough: buffer descriptor with invalid usage bits 0x2000
03-12 16:40:15.228 16134 16187 W GrallocMapperPassthrough: buffer descriptor with invalid usage bits 0x2000
03-12 16:40:15.238 16134 16187 W GrallocMapperPassthrough: buffer descriptor with invalid usage bits 0x2000
03-12 16:40:15.252 16134 16187 W GrallocMapperPassthrough: buffer descriptor with invalid usage bits 0x2000
03-12 16:40:15.270 16134 16187 W GrallocMapperPassthrough: buffer descriptor with invalid usage bits 0x2000
03-12 16:40:15.306 16134 16194 I HUREV   : [928] VideoDecoder.handleOutputFormatChange | Output Format Changed: {crop-right=1279, color-format=35, slice-height=720, mime=video/raw, hdr-static-info=java.nio.HeapByteBuffer[pos=0 lim=25 cap=25], stride=1280, color-standard=1, color-transfer=3, crop-bottom=719, crop-left=0, width=1280, color-range=2, crop-top=0, height=720}
03-12 16:40:15.311 16134 16187 W GrallocMapperPassthrough: buffer descriptor with invalid usage bits 0x2000
03-12 16:40:15.351 16134 16187 W GrallocMapperPassthrough: buffer descriptor with invalid usage bits 0x2000
03-12 16:40:15.383 16134 16187 I BufferQueueProducer: [SurfaceTexture-1-16134-0](this:0x9048a000,id:0,api:3,p:16134,c:16134) queueBuffer: slot 5 is dropped, handle=0xa2e41b80
03-12 16:40:15.403 16134 16187 I BufferQueueProducer: [SurfaceTexture-1-16134-0](this:0x9048a000,id:0,api:3,p:16134,c:16134) queueBuffer: slot 6 is dropped, handle=0xa2e41c40
03-12 16:40:15.612 16134 16178 D GraphicBuffer: register, handle(0xa49258c0) (w:720 h:1280 s:720 f:0x2 u:f02)
03-12 16:40:15.849 16134 16178 D GraphicBuffer: register, handle(0xa4925980) (w:720 h:1280 s:720 f:0x2 u:f02)
03-12 16:40:16.140 16134 16187 I BufferQueueProducer: [SurfaceTexture-1-16134-0](this:0x9048a000,id:0,api:3,p:16134,c:16134) queueBuffer: slot 11 is dropped, handle=0x8ff47000
03-12 16:40:16.315 16134 16187 I BufferQueueProducer: [SurfaceTexture-1-16134-0](this:0x9048a000,id:0,api:3,p:16134,c:16134) queueBuffer: fps=58.72 dur=1004.82 max=37.49 min=10.51
03-12 16:40:16.423 16134 16187 I BufferQueueProducer: [SurfaceTexture-1-16134-0](this:0x9048a000,id:0,api:3,p:16134,c:16134) queueBuffer: slot 1 is dropped, handle=0xa2e41880
03-12 16:40:16.882 16134 16139 I zygote  : Do full code cache collection, code=253KB, data=195KB
03-12 16:40:16.885 16134 16139 I zygote  : After code cache collection, code=253KB, data=152KB
03-12 16:40:17.317 16134 16187 I BufferQueueProducer: [SurfaceTexture-1-16134-0](this:0x9048a000,id:0,api:3,p:16134,c:16134) queueBuffer: fps=47.86 dur=1002.98 max=51.68 min=13.03
03-12 16:40:18.328 16134 16187 I BufferQueueProducer: [SurfaceTexture-1-16134-0](this:0x9048a000,id:0,api:3,p:16134,c:16134) queueBuffer: fps=47.51 dur=1010.25 max=27.29 min=13.59
03-12 16:40:18.984 16134 16139 I zygote  : Do partial code cache collection, code=253KB, data=160KB
03-12 16:40:18.988 16134 16139 I zygote  : After code cache collection, code=253KB, data=160KB
03-12 16:40:18.988 16134 16139 I zygote  : Increasing code cache capacity to 1024KB
03-12 16:40:19.124 16134 16145 I zygote  : Background concurrent copying GC freed 4225(2MB) AllocSpace objects, 136(2MB) LOS objects, 50% free, 5MB/10MB, paused 136us total 116.263ms
03-12 16:40:19.345 16134 16187 I BufferQueueProducer: [SurfaceTexture-1-16134-0](this:0x9048a000,id:0,api:3,p:16134,c:16134) queueBuffer: fps=48.18 dur=1016.93 max=65.58 min=10.32
03-12 16:40:19.580 16134 16187 I BufferQueueProducer: [SurfaceTexture-1-16134-0](this:0x9048a000,id:0,api:3,p:16134,c:16134) queueBuffer: slot 2 is dropped, handle=0xa2e41940
03-12 16:40:20.363 16134 16187 I BufferQueueProducer: [SurfaceTexture-1-16134-0](this:0x9048a000,id:0,api:3,p:16134,c:16134) queueBuffer: fps=32.40 dur=1018.63 max=154.79 min=10.91
03-12 16:40:21.378 16134 16187 I BufferQueueProducer: [SurfaceTexture-1-16134-0](this:0x9048a000,id:0,api:3,p:16134,c:16134) queueBuffer: fps=17.74 dur=1014.43 max=394.12 min=12.41
03-12 16:40:21.920 16134 16176 W HUREV   : [921] AapVideo.process | AapVideo: Dropped Flag 11 packet. len=6, buf[10]=?
03-12 16:40:21.922 16134 16176 I HUREV   : [921] AapControlMedia.execute | RX: Video Focus Request - mode: VIDEO_FOCUS_NATIVE, reason: UNKNOWN
03-12 16:40:21.924 16134 16176 I HUREV   : [921] AapControlMedia.execute | Video Focus NATIVE received. User likely clicked Exit. Stopping transport.
03-12 16:40:21.926 16134 16176 I HUREV   : [921] AapTransport.stop$com_andrerinas_headunitrevived_2_0_1_debug | AapTransport stopping and sending byebye
03-12 16:40:22.083 16134 16176 I HUREV   : [921] AapTransport.quit$com_andrerinas_headunitrevived_2_0_1_debug | AapTransport quitting (clean=false)
03-12 16:40:22.088 16134 16165 I HUREV   : [913] AapTransport.quit$com_andrerinas_headunitrevived_2_0_1_debug | AapTransport quitting (clean=false)
03-12 16:40:22.088 16134 16165 D UsbDeviceConnectionJNI: close
03-12 16:40:22.091 16134 16165 I HUREV   : [913] UsbAccessoryConnection.disconnect | Google 18D1:2D00 - UsbDevice[mName=/dev/bus/usb/001/050,mVendorId=6353,mProductId=11520,mClass=0,mSubclass=0,mProtocol=0,mManufacturerName=Android,mProductName=VehiConn_CBE4,mVersion=2.0,mSerialNumber=LY0123456789,mConfigurations=[
03-12 16:40:22.091 16134 16165 I HUREV   : UsbConfiguration[mId=1,mName=accessory,mAttributes=128,mMaxPower=75,mInterfaces=[
03-12 16:40:22.091 16134 16165 I HUREV   : UsbInterface[mId=0,mAlternateSetting=0,mName=Android Accessory Interface,mClass=255,mSubclass=255,mProtocol=0,mEndpoints=[
03-12 16:40:22.091 16134 16165 I HUREV   : UsbEndpoint[mAddress=129,mAttributes=2,mMaxPacketSize=512,mInterval=0]
03-12 16:40:22.091 16134 16165 I HUREV   : UsbEndpoint[mAddress=1,mAttributes=2,mMaxPacketSize=512,mInterval=0]]]]
03-12 16:40:22.091 16134 16165 E UsbDeviceConnectionJNI: device is closed in native_release_interface
03-12 16:40:22.093 16134 16165 E HUREV   : [913] UsbAccessoryConnection.disconnect | Error releaseInterface()
03-12 16:40:22.109 16134 16134 I HUREV   : [2] AapService.scheduleReconnectIfNeeded | AapService: USB disconnect. Scheduling reconnect check in 3000ms...
03-12 16:40:22.110 16134 16184 D AudioTrack: stop() called with 376832 frames delivered
03-12 16:40:22.118 16134 16194 I HUREV   : [928] VideoDecoder.outputThreadLoop | Output thread stopped
03-12 16:40:22.134 16134 16187 D BufferQueueProducer: [SurfaceTexture-1-16134-0](this:0x9048a000,id:0,api:3,p:16134,c:16134) cancelBuffer: slot 0
03-12 16:40:22.134 16134 16134 I HUREV   : [2] AapProjectionActivity.onPause | AapProjectionActivity: onPause
03-12 16:40:22.135 16134 16187 D BufferQueueProducer: [SurfaceTexture-1-16134-0](this:0x9048a000,id:0,api:3,p:16134,c:16134) cancelBuffer: slot 1
03-12 16:40:22.136 16134 16187 D BufferQueueProducer: [SurfaceTexture-1-16134-0](this:0x9048a000,id:0,api:3,p:16134,c:16134) cancelBuffer: slot 2
03-12 16:40:22.137 16134 16187 D BufferQueueProducer: [SurfaceTexture-1-16134-0](this:0x9048a000,id:0,api:3,p:16134,c:16134) cancelBuffer: slot 3
03-12 16:40:22.139 16134 16187 D BufferQueueProducer: [SurfaceTexture-1-16134-0](this:0x9048a000,id:0,api:3,p:16134,c:16134) cancelBuffer: slot 5
03-12 16:40:22.140 16134 16187 D BufferQueueProducer: [SurfaceTexture-1-16134-0](this:0x9048a000,id:0,api:3,p:16134,c:16134) cancelBuffer: slot 6
03-12 16:40:22.141 16134 16187 D BufferQueueProducer: [SurfaceTexture-1-16134-0](this:0x9048a000,id:0,api:3,p:16134,c:16134) cancelBuffer: slot 8
03-12 16:40:22.142 16134 16187 D BufferQueueProducer: [SurfaceTexture-1-16134-0](this:0x9048a000,id:0,api:3,p:16134,c:16134) cancelBuffer: slot 9
03-12 16:40:22.143 16134 16187 D BufferQueueProducer: [SurfaceTexture-1-16134-0](this:0x9048a000,id:0,api:3,p:16134,c:16134) cancelBuffer: slot 10
03-12 16:40:22.144 16134 16187 D BufferQueueProducer: [SurfaceTexture-1-16134-0](this:0x9048a000,id:0,api:3,p:16134,c:16134) cancelBuffer: slot 11
03-12 16:40:22.149 16134 16186 D SurfaceUtils: disconnecting from surface 0x8feaa808, reason disconnectFromSurface
03-12 16:40:22.149 16134 16186 D Surface : Surface::disconnect(this=0x8feaa800,api=3)
03-12 16:40:22.149 16134 16186 I BufferQueueProducer: [SurfaceTexture-1-16134-0](this:0x9048a000,id:0,api:3,p:16134,c:16134) disconnect(P): api 3
03-12 16:40:22.149 16134 16186 I BufferQueueConsumer: [SurfaceTexture-1-16134-0](this:0x9048a000,id:0,api:3,p:-1,c:16134) getReleasedBuffers: returning mask 0xffffffffffffffff
03-12 16:40:22.187 16134 16165 I HUREV   : [913] VideoDecoder.stop | Decoder stopped: AapService::onDisconnect
03-12 16:40:22.202 16134 16134 D HookText: remove Node { textView:null, text:Rozłącz}
03-12 16:40:22.202 16134 16134 D HookText: remove Node { textView:null, text:Android Auto uruchamia się…}
03-12 16:40:22.239 16134 16134 I HUREV   : [2] HomeFragment.onResume | HomeFragment: onResume. isConnected=false
03-12 16:40:22.292 16134 16134 D Surface : Surface::allocateBuffers(this=0x904bc000)
03-12 16:40:22.292 16134 16155 D Surface : Surface::connect(this=0x904bc000,api=1)
03-12 16:40:22.318 16134 16155 D Surface : Surface::setBufferCount(this=0x904bc000,bufferCount=4)
03-12 16:40:22.394 16134 16155 D GraphicBuffer: register, handle(0xa2e417c0) (w:720 h:1280 s:720 f:0x1 u:f02)
03-12 16:40:22.476 16134 16155 D GraphicBuffer: register, handle(0xa2e41940) (w:720 h:1280 s:720 f:0x1 u:f02)
03-12 16:40:22.476 16134 16178 E [EGL-ERROR]: __egl_platform_cancel_buffers:644: surface->num_buffers(4)
03-12 16:40:22.477 16134 16178 D Surface : Surface::disconnect(this=0x8fe54000,api=1)
03-12 16:40:22.477 16134 16178 D GraphicBuffer: unregister, handle(0xa4924840) (w:720 h:1280 s:720 f:0x2 u:f02)
03-12 16:40:22.477 16134 16178 D GraphicBuffer: unregister, handle(0xa4925140) (w:720 h:1280 s:720 f:0x2 u:f02)
03-12 16:40:22.478 16134 16178 D GraphicBuffer: unregister, handle(0xa49258c0) (w:720 h:1280 s:720 f:0x2 u:f02)
03-12 16:40:22.478 16134 16178 D GraphicBuffer: unregister, handle(0xa4925980) (w:720 h:1280 s:720 f:0x2 u:f02)
03-12 16:40:22.481 16134 16134 D Surface : Surface::disconnect(this=0x8fe54000,api=-1)
03-12 16:40:22.492 16134 16155 E [EGL-ERROR]: __egl_platform_cancel_buffers:644: surface->num_buffers(4)
03-12 16:40:22.492 16134 16155 D Surface : Surface::disconnect(this=0x905e4800,api=1)
03-12 16:40:22.493 16134 16155 D GraphicBuffer: unregister, handle(0xa2e40c80) (w:720 h:1280 s:720 f:0x1 u:f02)
03-12 16:40:22.493 16134 16155 D GraphicBuffer: unregister, handle(0xa2e40a40) (w:720 h:1280 s:720 f:0x1 u:f02)
03-12 16:40:22.493 16134 16155 D GraphicBuffer: unregister, handle(0xa2e40ec0) (w:720 h:1280 s:720 f:0x1 u:f02)
03-12 16:40:22.591 16134 16134 I HUREV   : [2] AapProjectionActivity.onDestroy | AapProjectionActivity.onDestroy called. isFinishing=true
03-12 16:40:22.594 16134 16134 I BufferQueueConsumer: [SurfaceTexture-1-16134-0](this:0x9048a000,id:0,api:3,p:-1,c:-1) disconnect(C)
03-12 16:40:22.602 16134 16134 D View    : [Warning] assignParent to null: this = DecorView@91a0e71[AapProjectionActivity]
03-12 16:40:22.608 16134 16134 D WindowClient: Remove from mViews: DecorView@91a0e71[AapProjectionActivity], this = android.view.WindowManagerGlobal@dac6453
03-12 16:40:22.610 16134 16134 I HUREV   : [2] AapProjectionActivity.onSurfaceDestroyed | SurfaceCallback: onSurfaceDestroyed. Surface: Surface(name=android.graphics.SurfaceTexture@3c17e78)/@0xb5479bc
03-12 16:40:22.612 16134 16134 I HUREV   : [2] VideoDecoder.stop | Decoder stopped: surfaceDestroyed
03-12 16:40:24.621 16134 16184 I HUREV   : [924] AudioTrackWrapper.run | AudioTrackWrapper thread finished.
03-12 16:40:25.135 16134 16134 I HUREV   : [2] AapService.checkAlreadyConnectedUsb | Found device already in accessory mode: Google 18D1:2D00
03-12 16:40:25.144 16134 16165 I HUREV   : [913] UsbAccessoryConnection.usbOpen | Established connection: android.hardware.usb.UsbDeviceConnection@d147cb4
03-12 16:40:25.146 16134 16165 I HUREV   : [913] UsbAccessoryConnection.usbOpen | interfaceCount: 1
03-12 16:40:25.148 16134 16165 I HUREV   : [913] UsbAccessoryConnection.initEndpoint | Check accessory endpoints
03-12 16:40:25.149 16134 16165 I HUREV   : [913] UsbAccessoryConnection.initEndpoint | Connected have EPs
03-12 16:40:25.155 16134 16155 D GraphicBuffer: register, handle(0xa2e40a40) (w:720 h:1280 s:720 f:0x1 u:f02)
03-12 16:40:25.215 16134 16165 I HUREV   : [913] AapTransport.<init> | Using Java SSL implementation
03-12 16:40:25.218 16134 16165 I HUREV   : [913] AapTransport.startHandshake$com_andrerinas_headunitrevived_2_0_1_debug | Start Aap transport handshake for com.andrerinas.headunitrevived.connection.UsbAccessoryConnection@7d2edd9
03-12 16:40:25.530 16134 16134 I HUREV   : [2] AapProjectionActivity.onCreate | HeadUnit for Android Auto (tm) - Copyright 2011-2015 Michael A. Reid., since 2025 André Rinas All Rights Reserved...
03-12 16:40:25.531 16134 16134 I HUREV   : [2] AapProjectionActivity.onCreate | Using GlProjectionView
03-12 16:40:25.538 16134 16134 I HUREV   : [2] HeadUnitScreenConfig.recalculate | CarScreen: usable width: 1280 height: 720 (Raw: 1280x720, Insets: L0 T0 R0 B0)
03-12 16:40:25.539 16134 16134 I HUREV   : [2] HeadUnitScreenConfig.recalculate | CarScreen isSmallScreen: true, scaleFactor: 1.0
03-12 16:40:25.542 16134 16134 I HUREV   : [2] HeadUnitScreenConfig.recalculate | CarScreen using: _1280x720, number: 2, scales: scaleX: 1.0, scaleY: 1.0
03-12 16:40:25.576 16134 16134 I HUREV   : [2] AapProjectionActivity.onResume | AapProjectionActivity: onResume
03-12 16:40:25.592 16134 16134 D WindowClient: Add to mViews: DecorView@9c7aba4[AapProjectionActivity], this = android.view.WindowManagerGlobal@dac6453
03-12 16:40:25.595 16134 16134 D ViewRootImpl[AapProjectionActivity]: hardware acceleration = true , fakeHwAccelerated = false, sRendererDisabled = false, forceHwAccelerated = false, sSystemRendererDisabled = false
03-12 16:40:25.675 16134 16155 D Surface : Surface::connect(this=0x8fe67000,api=1)
03-12 16:40:25.678 16134 16155 D Surface : Surface::setBufferCount(this=0x8fe67000,bufferCount=4)
03-12 16:40:25.706 16134 16218 D Surface : Surface::connect(this=0x8fefc000,api=1)
03-12 16:40:25.708 16134 16218 D Surface : Surface::setBufferCount(this=0x8fefc000,bufferCount=4)
03-12 16:40:25.712 16134 16218 D GraphicBuffer: register, handle(0xa4925080) (w:720 h:1280 s:720 f:0x2 u:f02)
03-12 16:40:25.714 16134 16218 I HUREV   : [1195] VideoRenderer.onSurfaceCreated | GlProjectionView: onSurfaceCreated (GL Context)
03-12 16:40:25.716 16134 16218 I BufferQueue: [unnamed-16134-1](this:0x8c4fc000,id:1,api:0,p:-1,c:-1) BufferQueue core=(16134:com.andrerinas.headunitrevived)
03-12 16:40:25.716 16134 16218 E DumpTunnel: finding regDump() failed
03-12 16:40:25.717 16134 16218 I BufferQueueConsumer: [unnamed-16134-1](this:0x8c4fc000,id:1,api:0,p:-1,c:16134) connect(C): consumer=(16134:com.andrerinas.headunitrevived) controlledByApp=true
03-12 16:40:25.717 16134 16218 I BufferQueueConsumer: [unnamed-16134-1](this:0x8c4fc000,id:1,api:0,p:-1,c:16134) setConsumerName: unnamed-16134-1
03-12 16:40:25.717 16134 16218 I BufferQueueConsumer: [SurfaceTexture-1-16134-1](this:0x8c4fc000,id:1,api:0,p:-1,c:16134) setConsumerName: SurfaceTexture-1-16134-1
03-12 16:40:25.719 16134 16218 I HUREV   : [1195] VideoRenderer.onSurfaceChanged | GlProjectionView: onSurfaceChanged: 1280x720
03-12 16:40:25.729 16134 16218 D GraphicBuffer: register, handle(0xa4925380) (w:720 h:1280 s:720 f:0x2 u:f02)
03-12 16:40:25.735 16134 16165 W HUREV   : [913] AapTransport.handshake | Handshake: Ignoring unexpected message (ch=2, type=0x1703, len=1386). Waiting for VERSION_RESPONSE.
03-12 16:40:25.738 16134 16165 W HUREV   : [913] AapTransport.handshake | Handshake: Ignoring unexpected message (ch=2, type=0x1703, len=1275). Waiting for VERSION_RESPONSE.
03-12 16:40:25.743 16134 16165 W HUREV   : [913] AapTransport.handshake | Handshake: Ignoring unexpected message (ch=2, type=0x1703, len=1287). Waiting for VERSION_RESPONSE.
03-12 16:40:25.746 16134 16165 W HUREV   : [913] AapTransport.handshake | Handshake: Ignoring unexpected message (ch=6, type=0x1703, len=8235). Waiting for VERSION_RESPONSE.
03-12 16:40:25.748 16134 16165 W HUREV   : [913] AapTransport.handshake | Handshake: Ignoring unexpected message (ch=0, type=0x1703, len=35). Waiting for VERSION_RESPONSE.
03-12 16:40:25.754 16134 16155 D GraphicBuffer: register, handle(0xa2e40c80) (w:720 h:1280 s:720 f:0x1 u:f02)
03-12 16:40:25.778 16134 16134 I HUREV   : [2] VideoRenderer.onSurfaceCreated$lambda$4 | GlProjectionView: Reporting Surface Created
03-12 16:40:25.778 16134 16155 D GraphicBuffer: register, handle(0xa2e40740) (w:720 h:1280 s:720 f:0x1 u:f02)
03-12 16:40:25.780 16134 16134 I HUREV   : [2] AapProjectionActivity.onSurfaceCreated | [AapProjectionActivity] onSurfaceCreated
03-12 16:40:25.782 16134 16134 I HUREV   : [2] AapProjectionActivity.onSurfaceChanged | [AapProjectionActivity] onSurfaceChanged. Actual surface dimensions: width=1280, height=720
03-12 16:40:25.785 16134 16134 I HUREV   : [2] VideoDecoder.setSurface | New surface set: Surface(name=android.graphics.SurfaceTexture@83f45d4)/@0x41ce258
03-12 16:40:25.787 16134 16134 I HUREV   : [2] AapProjectionActivity.onSurfaceChanged | [AapProjectionActivity] Decoder already has dimensions: 1280x720. Applying to view.
03-12 16:40:25.790 16134 16134 I HUREV   : [2] GlProjectionView.setVideoSize | GlProjectionView setVideoSize: 1280x720
03-12 16:40:25.790 16134 16134 I BufferQueueConsumer: [SurfaceTexture-1-16134-1](this:0x8c4fc000,id:1,api:0,p:-1,c:16134) setDefaultBufferSize: width=1280 height=720
03-12 16:40:25.819 16134 16143 I BufferQueue: [SurfaceTexture-1-16134-0](this:0x9048a000,id:0,api:3,p:-1,c:-1) ~BufferQueueCore
03-12 16:40:25.829 16134 16165 W HUREV   : [913] AapTransport.handshake | Handshake: No VERSION_RESPONSE within 2s (attempt 1), ret=-1
03-12 16:40:25.864 16134 16155 D GraphicBuffer: register, handle(0xa2e41b80) (w:720 h:1280 s:720 f:0x1 u:f02)
03-12 16:40:25.883 16134 16155 E [EGL-ERROR]: __egl_platform_cancel_buffers:644: surface->num_buffers(4)
03-12 16:40:25.884 16134 16155 D Surface : Surface::disconnect(this=0x904bc000,api=1)
03-12 16:40:25.884 16134 16155 D GraphicBuffer: unregister, handle(0xa2e40a40) (w:720 h:1280 s:720 f:0x1 u:f02)
03-12 16:40:25.884 16134 16155 D GraphicBuffer: unregister, handle(0xa2e41940) (w:720 h:1280 s:720 f:0x1 u:f02)
03-12 16:40:25.884 16134 16155 D GraphicBuffer: unregister, handle(0xa2e417c0) (w:720 h:1280 s:720 f:0x1 u:f02)
03-12 16:40:26.037 16134 16165 W HUREV   : [913] AapTransport.handshake | Handshake: Version request send failed (ret=-1), attempt 2
03-12 16:40:26.097 16134 16134 I HUREV   : [2] UsbReceiver.onReceive | USB Intent: Intent { act=android.hardware.usb.action.USB_DEVICE_DETACHED flg=0x1000010 (has extras) }
03-12 16:40:26.102 16134 16134 I HUREV   : [2] UsbReceiver.onReceive | USB Intent: Intent { act=android.hardware.usb.action.USB_DEVICE_DETACHED flg=0x1000010 (has extras) }
03-12 16:40:26.118 16134 16166 I HUREV   : [914] AapTransport.quit$com_andrerinas_headunitrevived_2_0_1_debug | AapTransport quitting (clean=false)
03-12 16:40:26.122 16134 16166 D UsbDeviceConnectionJNI: close
03-12 16:40:26.132 16134 16134 I HUREV   : [2] AapProjectionActivity.onPause | AapProjectionActivity: onPause
03-12 16:40:26.134 16134 16166 I HUREV   : [914] UsbAccessoryConnection.disconnect | Google 18D1:2D00 - UsbDevice[mName=/dev/bus/usb/001/050,mVendorId=6353,mProductId=11520,mClass=0,mSubclass=0,mProtocol=0,mManufacturerName=Android,mProductName=VehiConn_CBE4,mVersion=2.0,mSerialNumber=LY0123456789,mConfigurations=[
03-12 16:40:26.134 16134 16166 I HUREV   : UsbConfiguration[mId=1,mName=accessory,mAttributes=128,mMaxPower=75,mInterfaces=[
03-12 16:40:26.134 16134 16166 I HUREV   : UsbInterface[mId=0,mAlternateSetting=0,mName=Android Accessory Interface,mClass=255,mSubclass=255,mProtocol=0,mEndpoints=[
03-12 16:40:26.134 16134 16166 I HUREV   : UsbEndpoint[mAddress=129,mAttributes=2,mMaxPacketSize=512,mInterval=0]
03-12 16:40:26.134 16134 16166 I HUREV   : UsbEndpoint[mAddress=1,mAttributes=2,mMaxPacketSize=512,mInterval=0]]]]
03-12 16:40:26.134 16134 16166 E UsbDeviceConnectionJNI: device is closed in native_release_interface
03-12 16:40:26.136 16134 16166 E HUREV   : [914] UsbAccessoryConnection.disconnect | Error releaseInterface()
03-12 16:40:26.191 16134 16134 I HUREV   : [2] AapService.scheduleReconnectIfNeeded | AapService: USB disconnect. Scheduling reconnect check in 3000ms...
03-12 16:40:26.192 16134 16166 I HUREV   : [914] VideoDecoder.stop | Decoder stopped: AapService::onDisconnect
03-12 16:40:26.212 16134 16134 D HookText: remove Node { textView:null, text:Rozłącz}
03-12 16:40:26.213 16134 16134 D HookText: remove Node { textView:null, text:Android Auto uruchamia się…}
03-12 16:40:26.239 16134 16165 E HUREV   : [913] AapTransport.handshake | Handshake: Version request/response failed after 2 attempt(s). last ret: -1
03-12 16:40:26.241 16134 16165 I HUREV   : [913] AapTransport.quit$com_andrerinas_headunitrevived_2_0_1_debug | AapTransport quitting (clean=false)
03-12 16:40:26.243 16134 16165 E HUREV   : [913] AapTransport.startHandshake$com_andrerinas_headunitrevived_2_0_1_debug | Handshake failed
03-12 16:40:26.254 16134 16134 I HUREV   : [2] HomeFragment.onResume | HomeFragment: onResume. isConnected=false
03-12 16:40:26.321 16134 16134 D Surface : Surface::allocateBuffers(this=0x904bc000)
03-12 16:40:26.322 16134 16155 D Surface : Surface::connect(this=0x904bc000,api=1)
03-12 16:40:26.327 16134 16155 D Surface : Surface::setBufferCount(this=0x904bc000,bufferCount=4)
03-12 16:40:26.407 16134 16155 D GraphicBuffer: register, handle(0xa2e41940) (w:720 h:1280 s:720 f:0x1 u:f02)
03-12 16:40:26.495 16134 16155 D GraphicBuffer: register, handle(0xa2e411c0) (w:720 h:1280 s:720 f:0x1 u:f02)
03-12 16:40:26.504 16134 16218 E [EGL-ERROR]: __egl_platform_cancel_buffers:644: surface->num_buffers(4)
03-12 16:40:26.505 16134 16218 D Surface : Surface::disconnect(this=0x8fefc000,api=1)
03-12 16:40:26.506 16134 16218 D GraphicBuffer: unregister, handle(0xa4925080) (w:720 h:1280 s:720 f:0x2 u:f02)
03-12 16:40:26.506 16134 16218 D GraphicBuffer: unregister, handle(0xa4925380) (w:720 h:1280 s:720 f:0x2 u:f02)
03-12 16:40:26.508 16134 16134 D Surface : Surface::disconnect(this=0x8fefc000,api=-1)
03-12 16:40:26.530 16134 16155 E [EGL-ERROR]: __egl_platform_cancel_buffers:644: surface->num_buffers(4)
03-12 16:40:26.533 16134 16155 D Surface : Surface::disconnect(this=0x8fe67000,api=1)
03-12 16:40:26.533 16134 16155 D GraphicBuffer: unregister, handle(0xa2e40c80) (w:720 h:1280 s:720 f:0x1 u:f02)
03-12 16:40:26.533 16134 16155 D GraphicBuffer: unregister, handle(0xa2e40740) (w:720 h:1280 s:720 f:0x1 u:f02)
03-12 16:40:26.533 16134 16155 D GraphicBuffer: unregister, handle(0xa2e41b80) (w:720 h:1280 s:720 f:0x1 u:f02)
03-12 16:40:26.593 16134 16134 I HUREV   : [2] AapProjectionActivity.onDestroy | AapProjectionActivity.onDestroy called. isFinishing=true
03-12 16:40:26.596 16134 16134 I BufferQueueConsumer: [SurfaceTexture-1-16134-1](this:0x8c4fc000,id:1,api:0,p:-1,c:-1) disconnect(C)
03-12 16:40:26.603 16134 16134 D View    : [Warning] assignParent to null: this = DecorView@9c7aba4[AapProjectionActivity]
03-12 16:40:26.609 16134 16134 D WindowClient: Remove from mViews: DecorView@9c7aba4[AapProjectionActivity], this = android.view.WindowManagerGlobal@dac6453
03-12 16:40:26.611 16134 16134 I HUREV   : [2] AapProjectionActivity.onSurfaceDestroyed | SurfaceCallback: onSurfaceDestroyed. Surface: Surface(name=android.graphics.SurfaceTexture@83f45d4)/@0x41ce258
03-12 16:40:26.613 16134 16134 I HUREV   : [2] VideoDecoder.stop | Decoder stopped: surfaceDestroyed
03-12 16:40:29.387 16134 16155 D GraphicBuffer: register, handle(0xa2e40740) (w:720 h:1280 s:720 f:0x1 u:f02)
03-12 16:40:29.736 16134 16134 D HookText: remove Node { textView:null, text:Rozłącz}
03-12 16:40:29.736 16134 16134 D HookText: remove Node { textView:null, text:Android Auto uruchamia się…}
03-12 16:40:29.927 16134 16134 I HUREV   : [2] HomeFragment.attemptSingleUsbAutoConnect | HomeFragment: Requesting single-USB auto-connect via AapService
03-12 16:40:30.397 16134 16134 D WindowClient: Add to mViews: DecorView@1658b1f[SettingsActivity], this = android.view.WindowManagerGlobal@dac6453
03-12 16:40:30.401 16134 16134 D ViewRootImpl[SettingsActivity]: hardware acceleration = true , fakeHwAccelerated = false, sRendererDisabled = false, forceHwAccelerated = false, sSystemRendererDisabled = false
03-12 16:40:30.410 16134 16134 I Choreographer: Skipped 53 frames!  The application may be doing too much work on its main thread.
03-12 16:40:30.513 16134 16155 D Surface : Surface::connect(this=0x8fd45000,api=1)
03-12 16:40:30.513 16134 16134 D Surface : Surface::allocateBuffers(this=0x8fd45000)
03-12 16:40:30.518 16134 16155 D Surface : Surface::setBufferCount(this=0x8fd45000,bufferCount=4)
