03-13 16:30:50.382 19589 19589 D HookText: remove Node { textView:null, text:Zapisz}
03-13 16:30:50.382 19589 19589 D HookText: remove Node { textView:null, text:Te metody uruchamiają się automatycznie przy otwieraniu aplikacji. Włącz te, które chcesz, i przeciągnij, aby ustawić kolejność. Zostanie użyta pierwsza włączona metoda, która się powiedzie.}
03-13 16:30:50.382 19589 19589 D HookText: remove Node { textView:null, text:Ustawienia automatycznego łączenia}
03-13 16:30:50.382 19589 19589 D HookText: remove Node { textView:null, text:Automatycznie otwórz aplikację po podłączeniu urządzenia USB}
03-13 16:30:50.382 19589 19589 D HookText: remove Node { textView:null, text:Automatyczne uruchamianie przez USB}
03-13 16:30:50.382 19589 19589 D HookText: remove Node { textView:null, text:Zapisz}
03-13 16:30:50.382 19589 19589 D HookText: remove Node { textView:null, text:176}
03-13 16:30:50.382 19589 19589 D HookText: remove Node { textView:null, text:Gęstość pikseli (DPI)}
03-13 16:30:50.382 19589 19589 D HookText: remove Node { textView:null, text:1080p}
03-13 16:30:50.382 19589 19589 D HookText: remove Node { textView:null, text:Rozdzielczość}
03-13 16:30:50.382 19589 19589 D HookText: remove Node { textView:null, text:Grafika}
03-13 16:30:50.382 19589 19589 D HookText: remove Node { textView:null, text:No paired Bluetooth devices found}
03-13 16:30:50.382 19589 19589 D HookText: remove Node { textView:null, text:Pokaż „Za X metrów Y i aktualną ulicę w powiadomieniach (do debugowania)}
03-13 16:30:50.382 19589 19589 D HookText: remove Node { textView:null, text:Powiadomienia nawigacji}
03-13 16:30:50.382 19589 19589 D HookText: remove Node { textView:null, text:Wszystkie wyłączone}
03-13 16:30:50.387 19589 19589 D WindowClient: Add to mViews: DecorView@a848a70[], this = android.view.WindowManagerGlobal@b01d960
03-13 16:30:50.388 19589 19589 D ViewRootImpl[SettingsActivity]: hardware acceleration = true , fakeHwAccelerated = false, sRendererDisabled = false, forceHwAccelerated = false, sSystemRendererDisabled = false
03-13 16:30:50.444 19589 19607 D Surface : Surface::connect(this=0x8c3fd800,api=1)
03-13 16:30:50.444 19589 19589 D Surface : Surface::allocateBuffers(this=0x8c3fd800)
03-13 16:30:50.448 19589 19607 D Surface : Surface::setBufferCount(this=0x8c3fd800,bufferCount=4)
03-13 16:30:50.490 19589 19607 D GraphicBuffer: register, handle(0xa0321f00) (w:483 h:1053 s:496 f:0x1 u:f02)
03-13 16:30:50.531 19589 19607 D GraphicBuffer: register, handle(0xa0322380) (w:483 h:1053 s:496 f:0x1 u:f02)
03-13 16:30:50.563 19589 19607 D GraphicBuffer: register, handle(0xa03231c0) (w:483 h:1053 s:496 f:0x1 u:f02)
03-13 16:30:51.190 19589 19607 E [EGL-ERROR]: __egl_platform_cancel_buffers:644: surface->num_buffers(4)
03-13 16:30:51.190 19589 19607 D Surface : Surface::disconnect(this=0x8c3fd800,api=1)
03-13 16:30:51.191 19589 19607 D GraphicBuffer: unregister, handle(0xa03231c0) (w:483 h:1053 s:496 f:0x1 u:f02)
03-13 16:30:51.191 19589 19607 D GraphicBuffer: unregister, handle(0xa0322380) (w:483 h:1053 s:496 f:0x1 u:f02)
03-13 16:30:51.191 19589 19607 D GraphicBuffer: unregister, handle(0xa0321f00) (w:483 h:1053 s:496 f:0x1 u:f02)
03-13 16:30:51.192 19589 19589 D View    : [Warning] assignParent to null: this = DecorView@a848a70[]
03-13 16:30:51.208 19589 19589 D WindowClient: Remove from mViews: DecorView@a848a70[], this = android.view.WindowManagerGlobal@b01d960
03-13 16:30:59.748 19589 19589 I zygote  : Deoptimizing java.lang.String androidx.fragment.app.Fragment.getString(int) due to JIT inline cache
03-13 16:30:59.750 19589 19589 I zygote  : Deoptimizing android.content.res.Resources androidx.fragment.app.Fragment.getResources() due to JIT inline cache
03-13 16:30:59.761 19589 19589 I HUREV   : [2] HomeFragment.onResume | HomeFragment: onResume. isConnected=false
03-13 16:30:59.780 19589 19589 D Surface : Surface::allocateBuffers(this=0x8c3fd800)
03-13 16:30:59.780 19589 19607 D Surface : Surface::connect(this=0x8c3fd800,api=1)
03-13 16:30:59.790 19589 19607 D Surface : Surface::setBufferCount(this=0x8c3fd800,bufferCount=4)
03-13 16:30:59.833 19589 19589 I zygote  : Deoptimizing void androidx.appcompat.view.d.d() due to JIT same target
03-13 16:30:59.837 19589 19589 I zygote  : Deoptimizing void androidx.fragment.app.f0.h1(android.os.Parcelable) due to JIT inline cache
03-13 16:30:59.837 19589 19589 I zygote  : Deoptimizing int n.g.e(java.lang.Object, int) due to JIT same target
03-13 16:30:59.870 19589 19589 I zygote  : Deoptimizing void androidx.navigation.NavDestination.onInflate(android.content.Context, android.util.AttributeSet) due to JIT inline cache
03-13 16:30:59.871 19589 19589 I zygote  : Deoptimizing androidx.navigation.NavDestination androidx.navigation.NavInflater.inflate(android.content.res.Resources, android.content.res.XmlResourceParser, android.util.AttributeSet, int) due to JIT inline cache
03-13 16:30:59.876 19589 19589 I chatty  : uid=10125(com.andrerinas.headunitrevived) identical 5 lines
03-13 16:30:59.877 19589 19589 I zygote  : Deoptimizing androidx.navigation.NavDestination androidx.navigation.NavInflater.inflate(android.content.res.Resources, android.content.res.XmlResourceParser, android.util.AttributeSet, int) due to JIT inline cache
03-13 16:30:59.885 19589 19589 I zygote  : Deoptimizing android.view.View androidx.appcompat.app.h.e0(android.view.View, java.lang.String, android.content.Context, android.util.AttributeSet) due to JIT inline cache
03-13 16:30:59.896 19589 19589 I zygote  : Deoptimizing boolean androidx.appcompat.widget.f1.a(android.content.Context) due to JIT inline cache
03-13 16:30:59.901 19589 19589 I zygote  : Deoptimizing android.graphics.Typeface androidx.core.content.res.h.m(android.content.Context, int, android.util.TypedValue, int, androidx.core.content.res.h$f, android.os.Handler, boolean, boolean) due to JIT inline cache
03-13 16:30:59.924 19589 19589 I HUREV   : [2] MainActivity.handleIntent | MainActivity received intent: android.intent.action.MAIN, data: null
03-13 16:30:59.928 19589 19589 I zygote  : Deoptimizing g2.g$b g2.c.b(g2.g$c) due to JIT inline cache
03-13 16:31:00.003 19589 19589 I HUREV   : [2] HomeFragment.onViewCreated | HomeFragment: Auto-connect priority order: [single-usb, last-session, self-mode], isConnected=false, hasAttemptedAutoConnect=false, hasAttemptedSingleUsbAutoConnect=false, hasAutoStarted=false
03-13 16:31:00.004 19589 19589 I HUREV   : [2] HomeFragment.onViewCreated | HomeFragment: Attempting single-USB auto-connect
03-13 16:31:00.005 19589 19589 I HUREV   : [2] HomeFragment.attemptSingleUsbAutoConnect | HomeFragment: Requesting single-USB auto-connect via AapService
03-13 16:31:00.029 19589 19589 I HUREV   : [2] HomeFragment.onResume | HomeFragment: onResume. isConnected=false
03-13 16:31:00.089 19589 19607 D GraphicBuffer: register, handle(0xa0321f00) (w:720 h:1280 s:720 f:0x1 u:f02)
03-13 16:31:00.109 19589 19589 I HUREV   : [2] AapService.onStartCommand | AapService.onStartCommand: action=null, flags=0, startId=8
03-13 16:31:00.116 19589 19589 I HUREV   : [2] AapService.u | checkAlreadyConnectedUsb: force=false, lastSession=false, singleUsb=true, isConnected=false, connectionState=c, isSwitchingToAccessory=false, userExitedAA=false
03-13 16:31:00.118 19589 19589 I HUREV   : [2] AapService.u | checkAlreadyConnectedUsb: Found 0 USB device(s): 
03-13 16:31:00.140 19589 19589 I HUREV   : [2] AapService.onStartCommand | AapService.onStartCommand: action=com.andrerinas.headunitrevived.ACTION_CHECK_USB, flags=0, startId=9
03-13 16:31:00.152 19589 19589 I HUREV   : [2] AapService.u | checkAlreadyConnectedUsb: force=true, lastSession=false, singleUsb=true, isConnected=false, connectionState=c, isSwitchingToAccessory=false, userExitedAA=false
03-13 16:31:00.153 19589 19589 I HUREV   : [2] AapService.u | checkAlreadyConnectedUsb: Found 0 USB device(s): 
03-13 16:31:00.171 19589 19607 D GraphicBuffer: register, handle(0xa03231c0) (w:720 h:1280 s:720 f:0x1 u:f02)
03-13 16:31:00.188 19589 19607 D GraphicBuffer: register, handle(0xa0323d00) (w:720 h:1280 s:720 f:0x1 u:f02)
03-13 16:31:00.285 19589 19589 I HUREV   : [2] HomeFragment.onResume | HomeFragment: onResume. isConnected=false
03-13 16:31:00.315 19589 19607 E [EGL-ERROR]: __egl_platform_cancel_buffers:644: surface->num_buffers(4)
03-13 16:31:00.315 19589 19607 D Surface : Surface::disconnect(this=0x878f9800,api=1)
03-13 16:31:00.316 19589 19607 D GraphicBuffer: unregister, handle(0xa0323040) (w:720 h:1280 s:720 f:0x1 u:f02)
03-13 16:31:00.316 19589 19607 D GraphicBuffer: unregister, handle(0xa0322f80) (w:720 h:1280 s:720 f:0x1 u:f02)
03-13 16:31:00.316 19589 19607 D GraphicBuffer: unregister, handle(0xa0322e00) (w:720 h:1280 s:720 f:0x1 u:f02)
03-13 16:31:00.316 19589 19607 D GraphicBuffer: unregister, handle(0xa0323100) (w:720 h:1280 s:720 f:0x1 u:f02)
03-13 16:31:00.494 19589 19589 D View    : [Warning] assignParent to null: this = DecorView@886da21[]
03-13 16:31:00.501 19589 19589 D WindowClient: Remove from mViews: DecorView@886da21[], this = android.view.WindowManagerGlobal@b01d960
03-13 16:31:07.165 19589 19589 I zygote  : Deoptimizing boolean androidx.appcompat.view.i.dispatchTouchEvent(android.view.MotionEvent) due to JIT inline cache
03-13 16:31:07.293 19589 19607 D GraphicBuffer: register, handle(0xa0322e00) (w:720 h:1280 s:720 f:0x1 u:f02)
03-13 16:31:11.438 19589 19589 I HUREV   : [2] p.onReceive | USB Intent: Intent { act=android.hardware.usb.action.USB_DEVICE_ATTACHED flg=0x11000010 (has extras) }
03-13 16:31:11.463 19589 19589 I HUREV   : [2] p.onReceive | USB Intent: Intent { act=android.hardware.usb.action.USB_DEVICE_ATTACHED flg=0x11000010 (has extras) }
03-13 16:31:11.465 19589 19589 I HUREV   : [2] AapService.onUsbAttach | onUsbAttach: device=Xiaomi 2717:FF40 (2717:FF40), isAccessoryMode=false, userExitedAA=false, isConnected=false
03-13 16:31:11.465 19589 19589 I HUREV   : [2] AapService.onUsbAttach | Normal USB device attached: Xiaomi 2717:FF40. Will check auto-connect in 2000ms...
03-13 16:31:11.477 19589 19589 I zygote  : Deoptimizing void androidx.recyclerview.widget.RecyclerView.I() due to JIT inline cache
03-13 16:31:11.477 19589 19589 I zygote  : Deoptimizing androidx.recyclerview.widget.RecyclerView$f0 androidx.recyclerview.widget.RecyclerView$w.N(int, boolean, long) due to JIT inline cache
03-13 16:31:11.512 19589 19589 I zygote  : Deoptimizing java.lang.CharSequence android.widget.HookText.hookSetTextInternal(java.lang.String, java.lang.String, java.lang.CharSequence, android.widget.TextView) due to JIT inline cache
03-13 16:31:11.512 19589 19589 I zygote  : Deoptimizing java.lang.CharSequence e0.e.filter(java.lang.CharSequence, int, int, android.text.Spanned, int, int) due to JIT inline cache
03-13 16:31:11.513 19589 19589 I zygote  : Deoptimizing java.lang.CharSequence androidx.emoji2.text.h.r(java.lang.CharSequence, int, int, int, int) due to JIT inline cache
03-13 16:31:11.513 19589 19589 I zygote  : Deoptimizing java.lang.CharSequence androidx.emoji2.text.l.h(java.lang.CharSequence, int, int, int, boolean) due to JIT inline cache
03-13 16:31:11.623 19589 19589 I zygote  : Deoptimizing void androidx.recyclerview.widget.RecyclerView$p.S0(androidx.recyclerview.widget.RecyclerView$w, androidx.recyclerview.widget.RecyclerView$b0, android.view.accessibility.AccessibilityEvent) due to JIT inline cache
03-13 16:31:12.388 19589 19589 I HUREV   : [2] n.c | Success controlTransfer len: 2  acc_ver: 2
03-13 16:31:12.389 19589 19589 I HUREV   : [2] n.c | acc_ver: 2
03-13 16:31:12.390 19589 19589 I HUREV   : [2] n.b | Success controlTransfer len: 7  index: 0  string: "Android"
03-13 16:31:12.390 19589 19589 I HUREV   : [2] n.b | Success controlTransfer len: 12  index: 1  string: "Android Auto"
03-13 16:31:12.391 19589 19589 I HUREV   : [2] n.b | Success controlTransfer len: 12  index: 2  string: "Android Auto"
03-13 16:31:12.392 19589 19589 I HUREV   : [2] n.b | Success controlTransfer len: 5  index: 3  string: "2.0.1"
03-13 16:31:12.393 19589 19589 I HUREV   : [2] n.b | Success controlTransfer len: 45  index: 4  string: "https://developer.android.com/auto/index.html"
03-13 16:31:12.394 19589 19589 I HUREV   : [2] n.b | Success controlTransfer len: 12  index: 5  string: "HU-AAAAAA001"
03-13 16:31:12.394 19589 19589 I HUREV   : [2] n.c | Sending acc start
03-13 16:31:12.395 19589 19589 I HUREV   : [2] n.c | Acc start sent (len=0). Waiting for re-enumeration...
03-13 16:31:12.895 19589 19589 D UsbDeviceConnectionJNI: close
03-13 16:31:12.896 19589 19589 I HUREV   : [2] n.a | Result: true
03-13 16:31:12.903 19589 19589 I Choreographer: Skipped 30 frames!  The application may be doing too much work on its main thread.
03-13 16:31:12.905 19589 19589 I zygote  : Deoptimizing void androidx.recyclerview.widget.RecyclerView$w.H(androidx.recyclerview.widget.RecyclerView$f0) due to JIT inline cache
03-13 16:31:12.905 19589 19589 I zygote  : Deoptimizing boolean androidx.core.view.r0$h.i(android.view.View) due to JIT inline cache
03-13 16:31:12.921 19589 19589 I HUREV   : [2] p.onReceive | USB Intent: Intent { act=android.hardware.usb.action.USB_DEVICE_DETACHED flg=0x1000010 (has extras) }
03-13 16:31:12.925 19589 19589 I HUREV   : [2] p.onReceive | USB Intent: Intent { act=android.hardware.usb.action.USB_DEVICE_DETACHED flg=0x1000010 (has extras) }
03-13 16:31:12.928 19589 19589 D WindowClient: Add to mViews: android.widget.LinearLayout{b131c59 V.E...... ......I. 0,0-0,0}, this = android.view.WindowManagerGlobal@b01d960
03-13 16:31:12.929 19589 19589 D ViewRootImpl[Toast]: hardware acceleration = true , fakeHwAccelerated = false, sRendererDisabled = false, forceHwAccelerated = false, sSystemRendererDisabled = false
03-13 16:31:12.976 19589 19589 D Surface : Surface::allocateBuffers(this=0x87e17000)
03-13 16:31:12.976 19589 19607 D Surface : Surface::connect(this=0x87e17000,api=1)
03-13 16:31:12.978 19589 19607 D Surface : Surface::setBufferCount(this=0x87e17000,bufferCount=4)
03-13 16:31:12.982 19589 19589 I HUREV   : [2] p.onReceive | USB Intent: Intent { act=android.hardware.usb.action.USB_DEVICE_ATTACHED flg=0x11000010 (has extras) }
03-13 16:31:12.995 19589 19589 I HUREV   : [2] p.onReceive | USB Intent: Intent { act=android.hardware.usb.action.USB_DEVICE_ATTACHED flg=0x11000010 (has extras) }
03-13 16:31:12.996 19589 19589 I HUREV   : [2] AapService.onUsbAttach | onUsbAttach: device=Google 18D1:2D00 (18D1:2D00), isAccessoryMode=true, userExitedAA=false, isConnected=false
03-13 16:31:12.997 19589 19589 I HUREV   : [2] AapService.onUsbAttach | USB accessory device attached, connecting.
03-13 16:31:12.998 19589 19589 I HUREV   : [2] AapService.u | checkAlreadyConnectedUsb: force=true, lastSession=false, singleUsb=true, isConnected=false, connectionState=c, isSwitchingToAccessory=false, userExitedAA=false
03-13 16:31:13.000 19589 19589 I HUREV   : [2] AapService.u | checkAlreadyConnectedUsb: Found 1 USB device(s): Google 18D1:2D00 (18D1:2D00)
03-13 16:31:13.001 19589 19589 I HUREV   : [2] AapService.u | Found device already in accessory mode: Google 18D1:2D00
03-13 16:31:13.006 19589 19607 D GraphicBuffer: register, handle(0xa0323040) (w:56 h:275 s:64 f:0x1 u:f02)
03-13 16:31:13.091 19589 19753 I zygote  : Deoptimizing java.lang.String b1.a.g(java.lang.String, java.lang.Object[]) due to JIT inline cache
03-13 16:31:13.093 19589 19753 I HUREV   : [681] m.l | Established connection: android.hardware.usb.UsbDeviceConnection@b60e1cd
03-13 16:31:13.095 19589 19753 I HUREV   : [681] m.l | interfaceCount: 1
03-13 16:31:13.097 19589 19753 I HUREV   : [681] m.j | Check accessory endpoints
03-13 16:31:13.099 19589 19753 I HUREV   : [681] m.j | Connected have EPs
03-13 16:31:13.127 19589 19589 I HUREV   : [2] AapService.t | WifiLock acquired (HIGH_PERF)
03-13 16:31:13.132 19589 19589 D HUREV   : [2] AapService.W | MediaSession: State updated to PLAYING
03-13 16:31:13.201 19589 19753 I HUREV   : [681] s0.<init> | Using Java SSL implementation
03-13 16:31:13.224 19589 19753 I HUREV   : [681] s0.B | Start Aap transport handshake for w0.m@4280593
03-13 16:31:13.307 19589 19589 I zygote  : Deoptimizing android.util.TypedValue u1.b.a(android.content.Context, int) due to JIT inline cache
03-13 16:31:13.365 19589 19589 I HUREV   : [2] AapProjectionActivity.onCreate | HeadUnit for Android Auto (tm) - Copyright 2011-2015 Michael A. Reid., since 2025 André Rinas All Rights Reserved...
03-13 16:31:13.367 19589 19589 I HUREV   : [2] AapProjectionActivity.onCreate | Using GlProjectionView
03-13 16:31:13.388 19589 19589 I HUREV   : [2] g.p | CarScreen: usable width: 1280 height: 720 (Raw: 1280x720, Insets: L0 T0 R0 B0)
03-13 16:31:13.389 19589 19589 I HUREV   : [2] g.p | CarScreen isSmallScreen: true, scaleFactor: 1.0
03-13 16:31:13.391 19589 19589 I HUREV   : [2] g.p | CarScreen using: _1920x1080, number: 3, scales: scaleX: 1.5, scaleY: 1.5
03-13 16:31:13.432 19589 19589 I HUREV   : [2] AapProjectionActivity.onResume | AapProjectionActivity: onResume
03-13 16:31:13.440 19589 19589 D WindowClient: Add to mViews: DecorView@60f4e9f[AapProjectionActivity], this = android.view.WindowManagerGlobal@b01d960
03-13 16:31:13.442 19589 19589 D ViewRootImpl[AapProjectionActivity]: hardware acceleration = true , fakeHwAccelerated = false, sRendererDisabled = false, forceHwAccelerated = false, sSystemRendererDisabled = false
03-13 16:31:13.473 19589 19589 I zygote  : Deoptimizing void androidx.appcompat.widget.ContentFrameLayout.onMeasure(int, int) due to JIT inline cache
03-13 16:31:13.514 19589 19607 D Surface : Surface::connect(this=0x8c49d000,api=1)
03-13 16:31:13.517 19589 19607 D Surface : Surface::setBufferCount(this=0x8c49d000,bufferCount=4)
03-13 16:31:13.548 19589 19761 D Surface : Surface::connect(this=0x878ab000,api=1)
03-13 16:31:13.549 19589 19607 E [EGL-ERROR]: __egl_platform_cancel_buffers:644: surface->num_buffers(4)
03-13 16:31:13.550 19589 19607 D Surface : Surface::disconnect(this=0x8c3fd800,api=1)
03-13 16:31:13.550 19589 19607 D GraphicBuffer: unregister, handle(0xa0323d00) (w:720 h:1280 s:720 f:0x1 u:f02)
03-13 16:31:13.551 19589 19607 D GraphicBuffer: unregister, handle(0xa03231c0) (w:720 h:1280 s:720 f:0x1 u:f02)
03-13 16:31:13.551 19589 19607 D GraphicBuffer: unregister, handle(0xa0321f00) (w:720 h:1280 s:720 f:0x1 u:f02)
03-13 16:31:13.551 19589 19607 D GraphicBuffer: unregister, handle(0xa0322e00) (w:720 h:1280 s:720 f:0x1 u:f02)
03-13 16:31:13.554 19589 19761 D Surface : Surface::setBufferCount(this=0x878ab000,bufferCount=4)
03-13 16:31:13.563 19589 19761 D GraphicBuffer: register, handle(0x8b244240) (w:720 h:1280 s:720 f:0x2 u:f02)
03-13 16:31:13.566 19589 19761 I HUREV   : [687] a.onSurfaceCreated | GlProjectionView: onSurfaceCreated (GL Context)
03-13 16:31:13.589 19589 19761 I BufferQueue: [unnamed-19589-0](this:0x8b7f7000,id:0,api:0,p:-1,c:-1) BufferQueue core=(19589:com.andrerinas.headunitrevived)
03-13 16:31:13.612 19589 19761 E DumpTunnel: open libgui_ext failed
03-13 16:31:13.612 19589 19761 E DumpTunnel: finding regDump() failed
03-13 16:31:13.612 19589 19761 D GED     : [GED_KPI] ged_kpi is not supported
03-13 16:31:13.613 19589 19761 I BufferQueueConsumer: [unnamed-19589-0](this:0x8b7f7000,id:0,api:0,p:-1,c:19589) connect(C): consumer=(19589:com.andrerinas.headunitrevived) controlledByApp=true
03-13 16:31:13.614 19589 19761 I BufferQueueConsumer: [unnamed-19589-0](this:0x8b7f7000,id:0,api:0,p:-1,c:19589) setConsumerName: unnamed-19589-0
03-13 16:31:13.614 19589 19761 I BufferQueueConsumer: [SurfaceTexture-1-19589-0](this:0x8b7f7000,id:0,api:0,p:-1,c:19589) setConsumerName: SurfaceTexture-1-19589-0
03-13 16:31:13.616 19589 19761 I HUREV   : [687] a.onSurfaceChanged | GlProjectionView: onSurfaceChanged: 1280x720
03-13 16:31:13.634 19589 19761 D GraphicBuffer: register, handle(0xa0322ec0) (w:720 h:1280 s:720 f:0x2 u:f02)
03-13 16:31:13.637 19589 19607 D GraphicBuffer: register, handle(0xa0321f00) (w:720 h:1280 s:720 f:0x1 u:f02)
03-13 16:31:13.643 19589 19607 D HWUIExtension: MTKProgramCache.generateProgram: 34359738368
03-13 16:31:13.644 19589 19607 D HWUIExtension: createProgram 0x0000000800000000, binary 0xaa43b8e8, length 2552, format 36705 within 327ns
03-13 16:31:13.694 19589 19607 D GraphicBuffer: register, handle(0xa0322380) (w:720 h:1280 s:720 f:0x1 u:f02)
03-13 16:31:13.703 19589 19589 I HUREV   : [2] a.g | GlProjectionView: Reporting Surface Created
03-13 16:31:13.704 19589 19589 I HUREV   : [2] AapProjectionActivity.d | [AapProjectionActivity] onSurfaceCreated
03-13 16:31:13.705 19589 19589 I HUREV   : [2] AapProjectionActivity.b | [AapProjectionActivity] onSurfaceChanged. Actual surface dimensions: width=1280, height=720
03-13 16:31:13.706 19589 19589 I HUREV   : [2] a0.p | New surface set: Surface(name=android.graphics.SurfaceTexture@c3004c)/@0xe321350
03-13 16:31:13.722 19589 19607 D GraphicBuffer: register, handle(0x8b244480) (w:720 h:1280 s:720 f:0x1 u:f02)
03-13 16:31:13.756 19589 19607 D GraphicBuffer: register, handle(0x8b244540) (w:720 h:1280 s:720 f:0x1 u:f02)
03-13 16:31:13.783 19589 19753 D HUREV   : [681] s0.l | Handshake: Starting version request. TS: 75837599
03-13 16:31:13.791 19589 19753 D HUREV   : [681] s0.l | Handshake: Version request sent. ret: 10. attempt: 1. TS: 75837606
03-13 16:31:13.801 19589 19753 D HUREV   : [681] s0.l | Handshake: Waiting for version response. TS: 75837612
03-13 16:31:13.819 19589 19753 I HUREV   : [681] m.e | USB reads recovered after 1 errors
03-13 16:31:13.820 19589 19753 I HUREV   : [681] s0.l | Handshake: Version response received (ret=12, attempt=1).
03-13 16:31:13.823 19589 19753 I HUREV   : [681] s0.l | Handshake: Version response recv ret: 12
03-13 16:31:13.824 19589 19753 D HUREV   : [681] s0.l | Handshake: Starting SSL handshake via performHandshake(). TS: 75837639
03-13 16:31:13.944 19589 19753 I HUREV   : [681] n0.performHandshake | SSL handshake complete. Session id: d1sSmUNFu7NSclppX/dQv+1IVEhF/nfp8icaGgobTM0=
03-13 16:31:13.945 19589 19753 D HUREV   : [681] s0.l | Handshake: SSL buffers reset after handshake.
03-13 16:31:13.946 19589 19753 D HUREV   : [681] s0.l | Handshake: SSL handshake complete. TS: 75837761
03-13 16:31:13.947 19589 19753 D HUREV   : [681] s0.l | Handshake: Status OK sent. ret: 8. TS: 75837762
03-13 16:31:13.949 19589 19753 I HUREV   : [681] s0.l | Handshake: Status OK sent: 8
03-13 16:31:13.950 19589 19753 D HUREV   : [681] s0.l | Handshake: Handshake successful. TS: 75837765
03-13 16:31:13.957 19589 19753 I HUREV   : [681] j.c | Audio Focus Request: stream=3, type=1
03-13 16:31:13.984 19589 19753 I HUREV   : [681] j.c | Audio focus request result: GRANTED
03-13 16:31:13.985 19589 19753 I HUREV   : [681] s0.E | Start Aap transport read loop
03-13 16:31:14.013 19589 19589 I HUREV   : [2] h.onReceive | Received request to resend night mode state
03-13 16:31:14.016 19589 19589 I HUREV   : [2] y.invoke | NightMode update: false
03-13 16:31:14.042 19589 19759 I HUREV   : [685] p.h | Service Discovery Request: Android
03-13 16:31:14.044 19589 19759 I HUREV   : [685] g.p | CarScreen: usable width: 1280 height: 720 (Raw: 1280x720, Insets: L0 T0 R0 B0)
03-13 16:31:14.045 19589 19759 I HUREV   : [685] g.p | CarScreen isSmallScreen: true, scaleFactor: 1.0
03-13 16:31:14.046 19589 19759 I HUREV   : [685] g.p | CarScreen using: _1920x1080, number: 3, scales: scaleX: 1.5, scaleY: 1.5
03-13 16:31:14.062 19589 19759 I HUREV   : [685] a.b | [ServiceDiscovery] Announcing NIGHT sensor support. Strategy: SCREEN_BRIGHTNESS
03-13 16:31:14.070 19589 19759 I HUREV   : [685] a.b | [ServiceDiscovery] NegotiatedResolution is: 1920x1080
03-13 16:31:14.071 19589 19759 I HUREV   : [685] a.b | [ServiceDiscovery] Margins are: 640x360
03-13 16:31:14.088 19589 19759 I HUREV   : [685] a.b | BT MAC Address is empty. Skip bluetooth service
03-13 16:31:14.164 19589 19759 I HUREV   : [685] p.c | Audio Focus Request: RELEASE
03-13 16:31:14.166 19589 19759 I HUREV   : [685] j.c | Audio Focus Request: stream=3, type=4
03-13 16:31:14.167 19589 19759 I HUREV   : [685] j.c | Releasing audio focus
03-13 16:31:14.173 19589 19759 I HUREV   : [685] p.c | Sending immediate AudioFocusNotification: STATE_LOSS
03-13 16:31:14.204 19589 19759 I HUREV   : [685] n.b | Sensor Start Request sensor: DRIVING_STATUS, minUpdatePeriod: 0
03-13 16:31:14.209 19589 19759 I HUREV   : [685] n.b | SENSOR Sensor Start Response type: 32770 flags: 11 size: 8 dataOffset: 6
03-13 16:31:14.237 19589 19759 I HUREV   : [685] n.b | Sensor Start Request sensor: NIGHT, minUpdatePeriod: 0
03-13 16:31:14.238 19589 19759 I HUREV   : [685] n.b | SENSOR Sensor Start Response type: 32770 flags: 11 size: 8 dataOffset: 6
03-13 16:31:14.239 19589 19759 I HUREV   : [685] n.b | Night sensor requested. Triggering immediate update.
03-13 16:31:14.243 19589 19589 I HUREV   : [2] h.onReceive | Received request to resend night mode state
03-13 16:31:14.245 19589 19589 I HUREV   : [2] y.invoke | NightMode update: false
03-13 16:31:14.245 19589 19759 I HUREV   : [685] m.b | Media Sink Setup Request: 1 on channel AUDIO2
03-13 16:31:14.395 19589 19759 I HUREV   : [685] m.b | Config response: status: HEADUNIT
03-13 16:31:14.395 19589 19759 I HUREV   : max_unacked: 3
03-13 16:31:14.395 19589 19759 I HUREV   : configuration_indices: 0
03-13 16:31:14.398 19589 19759 W HUREV   : [685] t0.a | AapVideo: Dropped Flag 11 packet. len=4, buf[10]=?
03-13 16:31:14.399 19589 19759 I HUREV   : [685] m.b | Media Sink Setup Request: 3 on channel VIDEO
03-13 16:31:14.401 19589 19759 I HUREV   : [685] m.b | Config response: status: HEADUNIT
03-13 16:31:14.401 19589 19759 I HUREV   : max_unacked: 1
03-13 16:31:14.401 19589 19759 I HUREV   : configuration_indices: 0
03-13 16:31:14.401 19589 19599 I zygote  : Background concurrent copying GC freed 123389(5MB) AllocSpace objects, 9(532KB) LOS objects, 39% free, 9MB/15MB, paused 159us total 196.003ms
03-13 16:31:14.408 19589 19759 I HUREV   : [685] m.b | Media Sink Setup Request: 1 on channel AUDIO1
03-13 16:31:14.410 19589 19759 I HUREV   : [685] m.b | Config response: status: HEADUNIT
03-13 16:31:14.410 19589 19759 I HUREV   : max_unacked: 3
03-13 16:31:14.410 19589 19759 I HUREV   : configuration_indices: 0
03-13 16:31:14.420 19589 19759 I HUREV   : [685] m.b | Media Sink Setup Request: 1 on channel AUDIO
03-13 16:31:14.423 19589 19759 I HUREV   : [685] m.b | Config response: status: HEADUNIT
03-13 16:31:14.423 19589 19759 I HUREV   : max_unacked: 3
03-13 16:31:14.423 19589 19759 I HUREV   : configuration_indices: 0
03-13 16:31:14.428 19589 19589 I HUREV   : [2] AapProjectionActivity.onPause | AapProjectionActivity: onPause
03-13 16:31:14.431 19589 19589 I HUREV   : [2] AapProjectionActivity.onNewIntent | AapProjectionActivity: onNewIntent received
03-13 16:31:14.432 19589 19589 I HUREV   : [2] AapProjectionActivity.onResume | AapProjectionActivity: onResume
03-13 16:31:14.494 19589 19759 W HUREV   : [685] t0.a | AapVideo: Dropped Flag 11 packet. len=6, buf[10]=?
03-13 16:31:14.499 19589 19759 I HUREV   : [685] m.a | RX: Video Focus Request - mode: VIDEO_FOCUS_PROJECTED, reason: UNKNOWN
03-13 16:31:14.904 19589 19607 E [EGL-ERROR]: __egl_platform_cancel_buffers:644: surface->num_buffers(4)
03-13 16:31:14.904 19589 19607 D Surface : Surface::disconnect(this=0x87e17000,api=1)
03-13 16:31:14.904 19589 19607 D GraphicBuffer: unregister, handle(0xa0323040) (w:56 h:275 s:64 f:0x1 u:f02)
03-13 16:31:14.905 19589 19589 D View    : [Warning] assignParent to null: this = android.widget.LinearLayout{b131c59 V.E...... ......ID 0,0-275,56}
03-13 16:31:14.916 19589 19589 D WindowClient: Remove from mViews: android.widget.LinearLayout{b131c59 V.E...... ......ID 0,0-275,56}, this = android.view.WindowManagerGlobal@b01d960
03-13 16:31:15.008 19589 19759 I HUREV   : [685] m.e | USB reads recovered after 3 errors
03-13 16:31:15.255 19589 19759 I HUREV   : [685] m.e | USB reads recovered after 1 errors
03-13 16:31:16.255 19589 19759 I HUREV   : [685] m.e | USB reads recovered after 5 errors
03-13 16:31:16.949 19589 19759 I HUREV   : [685] m.e | USB reads recovered after 4 errors
03-13 16:31:16.951 19589 19759 I HUREV   : [685] p.c | Audio Focus Request: GAIN
03-13 16:31:16.951 19589 19759 I HUREV   : [685] j.c | Audio Focus Request: stream=3, type=1
03-13 16:31:16.955 19589 19759 I HUREV   : [685] j.c | Audio focus request result: GRANTED
03-13 16:31:16.955 19589 19759 I HUREV   : [685] p.c | Sending immediate AudioFocusNotification: STATE_GAIN
03-13 16:31:16.957 19589 19759 D HUREV   : [685] AapService.W | MediaSession: State updated to PLAYING
03-13 16:31:17.121 19589 19759 I HUREV   : [685] m.e | USB reads recovered after 1 errors
03-13 16:31:17.436 19589 19589 W HUREV   : [2] k.run | Watchdog: No video received. Requesting Keyframe (Unsolicited Focus)...
03-13 16:31:17.446 19589 19759 I HUREV   : [685] m.e | USB reads recovered after 1 errors
03-13 16:31:17.447 19589 19759 W HUREV   : [685] t0.a | AapVideo: Dropped Flag 11 packet. len=6, buf[10]=?
03-13 16:31:17.451 19589 19759 I HUREV   : [685] m.d | Media Start Request VIDEO: session_id: 0
03-13 16:31:17.451 19589 19759 I HUREV   : configuration_index: 0
03-13 16:31:17.794 19589 19759 I HUREV   : [685] m.e | USB reads recovered after 2 errors
03-13 16:31:17.799 19589 19759 I HUREV   : [685] a0.c | H.264/AVC config detected in frame (30 bytes)
03-13 16:31:17.801 19589 19759 I HUREV   : [685] a0.m | SPS parsed: 1920x1080
03-13 16:31:17.801 19589 19759 I HUREV   : [685] AapProjectionActivity.a | [AapProjectionActivity] Received video dimensions: 1920x1080
03-13 16:31:17.802 19589 19589 I HUREV   : [2] d.a | GlProjectionView setVideoSize: 1920x1080
03-13 16:31:17.802 19589 19589 I BufferQueueConsumer: [SurfaceTexture-1-19589-0](this:0x8b7f7000,id:0,api:0,p:-1,c:19589) setDefaultBufferSize: width=1920 height=1080
03-13 16:31:17.839 19589 19785 I OMXClient: Treble IOmx obtained
03-13 16:31:17.895 19589 19759 I HUREV   : [685] a0.q | Configuring decoder: OMX.MTK.VIDEO.DECODER.AVC with surface
03-13 16:31:17.904 19589 19784 D SurfaceUtils: connecting to surface 0x8bd1f008, reason connectToSurface
03-13 16:31:17.904 19589 19784 D Surface : Surface::connect(this=0x8bd1f000,api=3)
03-13 16:31:17.904 19589 19784 I BufferQueueProducer: [SurfaceTexture-1-19589-0](this:0x8b7f7000,id:0,api:3,p:19589,c:19589) connect(P): api=3 producer=(19589:com.andrerinas.headunitrevived) producerControlledByApp=true
03-13 16:31:17.904 19589 19784 I MediaCodec: [OMX.MTK.VIDEO.DECODER.AVC] setting surface generation to 20059137
03-13 16:31:17.904 19589 19784 D SurfaceUtils: disconnecting from surface 0x8bd1f008, reason connectToSurface(reconnect)
03-13 16:31:17.904 19589 19784 D Surface : Surface::disconnect(this=0x8bd1f000,api=3)
03-13 16:31:17.904 19589 19784 I BufferQueueProducer: [SurfaceTexture-1-19589-0](this:0x8b7f7000,id:0,api:3,p:19589,c:19589) disconnect(P): api 3
03-13 16:31:17.905 19589 19784 I BufferQueueConsumer: [SurfaceTexture-1-19589-0](this:0x8b7f7000,id:0,api:3,p:-1,c:19589) getReleasedBuffers: returning mask 0xffffffffffffffff
03-13 16:31:17.905 19589 19784 D SurfaceUtils: connecting to surface 0x8bd1f008, reason connectToSurface(reconnect)
03-13 16:31:17.905 19589 19784 D Surface : Surface::connect(this=0x8bd1f000,api=3)
03-13 16:31:17.905 19589 19784 I BufferQueueProducer: [SurfaceTexture-1-19589-0](this:0x8b7f7000,id:0,api:3,p:19589,c:19589) connect(P): api=3 producer=(19589:com.andrerinas.headunitrevived) producerControlledByApp=true
03-13 16:31:17.976 19589 19785 D SurfaceUtils: set up nativeWindow 0x8bd1f008 for 1920x1080, color 0x23, rotation 0, usage 0x2933
03-13 16:31:17.977 19589 19785 W ACodec  : [OMX.MTK.VIDEO.DECODER.AVC] setting nBufferCountActual to 8 failed: -22
03-13 16:31:17.978 19589 19785 W ACodec  : [OMX.MTK.VIDEO.DECODER.AVC] setting nBufferCountActual to 7 failed: -22
03-13 16:31:17.979 19589 19785 D Surface : Surface::setBufferCount(this=0x8bd1f000,bufferCount=6)
03-13 16:31:17.979 19589 19785 I BufferQueueProducer: [SurfaceTexture-1-19589-0](this:0x8b7f7000,id:0,api:3,p:19589,c:19589) setMaxDequeuedBufferCount: maxDequeuedBuffers = 4
03-13 16:31:17.987 19589 19759 I HUREV   : [685] a0.q | Codec initialized: OMX.MTK.VIDEO.DECODER.AVC for stream 1920x1080
03-13 16:31:17.987 19589 19792 I HUREV   : [690] a0.l | Output thread started
03-13 16:31:17.989 19589 19785 W GrallocMapperPassthrough: buffer descriptor with invalid usage bits 0x2000
03-13 16:31:18.000 19589 19589 I CodecLooper: type=1400 audit(0.0:57382): avc: denied { search } for name="clients" dev="debugfs" ino=7071 scontext=u:r:untrusted_app:s0:c512,c768 tcontext=u:object_r:debugfs_ion:s0 tclass=dir permissive=1
03-13 16:31:18.006 19589 19785 W GrallocMapperPassthrough: buffer descriptor with invalid usage bits 0x2000
03-13 16:31:18.022 19589 19785 W GrallocMapperPassthrough: buffer descriptor with invalid usage bits 0x2000
03-13 16:31:18.127 19589 19785 D BufferQueueProducer: [SurfaceTexture-1-19589-0](this:0x8b7f7000,id:0,api:3,p:19589,c:19589) cancelBuffer: slot 0
03-13 16:31:18.128 19589 19785 D BufferQueueProducer: [SurfaceTexture-1-19589-0](this:0x8b7f7000,id:0,api:3,p:19589,c:19589) cancelBuffer: slot 1
03-13 16:31:18.129 19589 19785 D BufferQueueProducer: [SurfaceTexture-1-19589-0](this:0x8b7f7000,id:0,api:3,p:19589,c:19589) cancelBuffer: slot 2
03-13 16:31:18.133 19589 19785 D SurfaceUtils: set up nativeWindow 0x8bd1f008 for 1920x1088, color 0x23, rotation 0, usage 0x2933
03-13 16:31:18.133 19589 19785 W ACodec  : [OMX.MTK.VIDEO.DECODER.AVC] setting nBufferCountActual to 18 failed: -22
03-13 16:31:18.134 19589 19785 W ACodec  : [OMX.MTK.VIDEO.DECODER.AVC] setting nBufferCountActual to 17 failed: -22
03-13 16:31:18.134 19589 19785 D Surface : Surface::setBufferCount(this=0x8bd1f000,bufferCount=16)
03-13 16:31:18.134 19589 19785 I BufferQueueProducer: [SurfaceTexture-1-19589-0](this:0x8b7f7000,id:0,api:3,p:19589,c:19589) setMaxDequeuedBufferCount: maxDequeuedBuffers = 14
03-13 16:31:18.141 19589 19785 W GrallocMapperPassthrough: buffer descriptor with invalid usage bits 0x2000
03-13 16:31:18.193 19589 19785 W GrallocMapperPassthrough: buffer descriptor with invalid usage bits 0x2000
03-13 16:31:18.203 19589 19785 W GrallocMapperPassthrough: buffer descriptor with invalid usage bits 0x2000
03-13 16:31:18.224 19589 19759 W HUREV   : [685] a0.e | Decoder input buffer full, retrying...
03-13 16:31:18.225 19589 19785 W GrallocMapperPassthrough: buffer descriptor with invalid usage bits 0x2000
03-13 16:31:18.235 19589 19785 W GrallocMapperPassthrough: buffer descriptor with invalid usage bits 0x2000
03-13 16:31:18.245 19589 19785 W GrallocMapperPassthrough: buffer descriptor with invalid usage bits 0x2000
03-13 16:31:18.285 19589 19785 W GrallocMapperPassthrough: buffer descriptor with invalid usage bits 0x2000
03-13 16:31:18.322 19589 19785 W GrallocMapperPassthrough: buffer descriptor with invalid usage bits 0x2000
03-13 16:31:18.385 19589 19785 W GrallocMapperPassthrough: buffer descriptor with invalid usage bits 0x2000
03-13 16:31:18.426 19589 19785 W GrallocMapperPassthrough: buffer descriptor with invalid usage bits 0x2000
03-13 16:31:18.459 19589 19785 W GrallocMapperPassthrough: buffer descriptor with invalid usage bits 0x2000
03-13 16:31:18.493 19589 19785 W GrallocMapperPassthrough: buffer descriptor with invalid usage bits 0x2000
03-13 16:31:18.531 19589 19785 W GrallocMapperPassthrough: buffer descriptor with invalid usage bits 0x2000
03-13 16:31:18.574 19589 19792 I HUREV   : [690] a0.j | Output Format Changed: {crop-right=1919, color-format=35, slice-height=1088, mime=video/raw, hdr-static-info=java.nio.HeapByteBuffer[pos=0 lim=25 cap=25], stride=1920, color-standard=1, color-transfer=3, crop-bottom=1079, crop-left=0, width=1920, color-range=2, crop-top=0, height=1088}
03-13 16:31:18.575 19589 19792 I HUREV   : [690] a0.j | Video dimensions changed via format: 1920x1088
03-13 16:31:18.575 19589 19792 I HUREV   : [690] AapProjectionActivity.a | [AapProjectionActivity] Received video dimensions: 1920x1088
03-13 16:31:18.576 19589 19589 I HUREV   : [2] d.a | GlProjectionView setVideoSize: 1920x1088
03-13 16:31:18.577 19589 19589 I BufferQueueConsumer: [SurfaceTexture-1-19589-0](this:0x8b7f7000,id:0,api:3,p:19589,c:19589) setDefaultBufferSize: width=1920 height=1088
03-13 16:31:18.580 19589 19785 W GrallocMapperPassthrough: buffer descriptor with invalid usage bits 0x2000
03-13 16:31:18.624 19589 19785 W GrallocMapperPassthrough: buffer descriptor with invalid usage bits 0x2000
03-13 16:31:18.660 19589 19785 I BufferQueueProducer: [SurfaceTexture-1-19589-0](this:0x8b7f7000,id:0,api:3,p:19589,c:19589) queueBuffer: slot 5 is dropped, handle=0x8b2446c0
03-13 16:31:18.661 19589 19785 I BufferQueueProducer: [SurfaceTexture-1-19589-0](this:0x8b7f7000,id:0,api:3,p:19589,c:19589) queueBuffer: slot 6 is dropped, handle=0x8b244780
03-13 16:31:18.714 19589 19785 W GrallocMapperPassthrough: buffer descriptor with invalid usage bits 0x2000
03-13 16:31:18.791 19589 19761 D GraphicBuffer: register, handle(0x8b245140) (w:720 h:1280 s:720 f:0x2 u:f02)
03-13 16:31:18.830 19589 19785 I BufferQueueProducer: [SurfaceTexture-1-19589-0](this:0x8b7f7000,id:0,api:3,p:19589,c:19589) queueBuffer: slot 9 is dropped, handle=0x8b2449c0
03-13 16:31:19.070 19589 19761 D GraphicBuffer: register, handle(0x8b2452c0) (w:720 h:1280 s:720 f:0x2 u:f02)
03-13 16:31:19.578 19589 19785 I BufferQueueProducer: [SurfaceTexture-1-19589-0](this:0x8b7f7000,id:0,api:3,p:19589,c:19589) queueBuffer: fps=41.93 dur=1001.68 max=46.78 min=1.28
03-13 16:31:20.589 19589 19785 I BufferQueueProducer: [SurfaceTexture-1-19589-0](this:0x8b7f7000,id:0,api:3,p:19589,c:19589) queueBuffer: fps=27.71 dur=1010.30 max=138.06 min=6.35
03-13 16:31:21.596 19589 19785 I BufferQueueProducer: [SurfaceTexture-1-19589-0](this:0x8b7f7000,id:0,api:3,p:19589,c:19589) queueBuffer: fps=29.78 dur=1007.25 max=40.19 min=25.57
03-13 16:31:22.632 19589 19599 I zygote  : Background concurrent copying GC freed 47380(4MB) AllocSpace objects, 155(3MB) LOS objects, 43% free, 7MB/13MB, paused 455us total 172.009ms
03-13 16:31:22.639 19589 19785 I BufferQueueProducer: [SurfaceTexture-1-19589-0](this:0x8b7f7000,id:0,api:3,p:19589,c:19589) queueBuffer: fps=27.81 dur=1042.88 max=107.98 min=4.76
03-13 16:31:23.256 19589 19759 I HUREV   : [685] m.e | USB reads recovered after 3 errors
03-13 16:31:23.445 19589 19759 I HUREV   : [685] m.e | USB reads recovered after 1 errors
03-13 16:31:23.746 19589 19785 I BufferQueueProducer: [SurfaceTexture-1-19589-0](this:0x8b7f7000,id:0,api:3,p:19589,c:19589) queueBuffer: fps=11.75 dur=1106.76 max=639.97 min=1.99
03-13 16:31:24.824 19589 19785 I BufferQueueProducer: [SurfaceTexture-1-19589-0](this:0x8b7f7000,id:0,api:3,p:19589,c:19589) queueBuffer: fps=25.05 dur=1077.98 max=126.22 min=3.98
03-13 16:31:24.916 19589 19785 I BufferQueueProducer: [SurfaceTexture-1-19589-0](this:0x8b7f7000,id:0,api:3,p:19589,c:19589) queueBuffer: slot 12 is dropped, handle=0x8b244c00
03-13 16:31:25.116 19589 19785 I BufferQueueProducer: [SurfaceTexture-1-19589-0](this:0x8b7f7000,id:0,api:3,p:19589,c:19589) queueBuffer: slot 4 is dropped, handle=0x8b244600
03-13 16:31:25.460 19589 19785 I BufferQueueProducer: [SurfaceTexture-1-19589-0](this:0x8b7f7000,id:0,api:3,p:19589,c:19589) queueBuffer: slot 12 is dropped, handle=0x8b244c00
03-13 16:31:25.824 19589 19785 I BufferQueueProducer: [SurfaceTexture-1-19589-0](this:0x8b7f7000,id:0,api:3,p:19589,c:19589) queueBuffer: fps=29.98 dur=1000.62 max=127.89 min=2.18
03-13 16:31:26.734 19589 19599 I zygote  : Background concurrent copying GC freed 20980(2MB) AllocSpace objects, 169(3MB) LOS objects, 44% free, 7MB/13MB, paused 142us total 137.907ms
03-13 16:31:26.854 19589 19785 I BufferQueueProducer: [SurfaceTexture-1-19589-0](this:0x8b7f7000,id:0,api:3,p:19589,c:19589) queueBuffer: fps=31.08 dur=1029.48 max=48.89 min=14.12
03-13 16:31:27.862 19589 19785 I BufferQueueProducer: [SurfaceTexture-1-19589-0](this:0x8b7f7000,id:0,api:3,p:19589,c:19589) queueBuffer: fps=29.75 dur=1008.31 max=47.06 min=24.83
03-13 16:31:28.257 19589 19759 I HUREV   : [685] m.e | USB reads recovered after 1 errors
03-13 16:31:29.204 19589 19759 I HUREV   : [685] m.e | USB reads recovered after 5 errors
03-13 16:31:29.208 19589 19785 I BufferQueueProducer: [SurfaceTexture-1-19589-0](this:0x8b7f7000,id:0,api:3,p:19589,c:19589) queueBuffer: fps=5.94 dur=1345.87 max=1124.80 min=14.05
03-13 16:31:29.208 19589 19759 W HUREV   : [685] t0.a | AapVideo: Dropped Flag 11 packet. len=6, buf[10]=?
03-13 16:31:29.209 19589 19759 I HUREV   : [685] m.a | RX: Video Focus Request - mode: VIDEO_FOCUS_NATIVE, reason: UNKNOWN
03-13 16:31:29.209 19589 19759 I HUREV   : [685] m.a | Video Focus NATIVE received. User likely clicked Exit. Stopping transport.
03-13 16:31:29.210 19589 19759 I HUREV   : [685] s0.G | AapTransport stopping and sending byebye
03-13 16:31:29.364 19589 19759 I HUREV   : [685] s0.o | AapTransport quitting (clean=false)
03-13 16:31:29.367 19589 19753 I HUREV   : [681] s0.o | AapTransport quitting (clean=false)
03-13 16:31:29.367 19589 19753 D UsbDeviceConnectionJNI: close
03-13 16:31:29.369 19589 19753 I HUREV   : [681] m.b | Google 18D1:2D00 - UsbDevice[mName=/dev/bus/usb/001/059,mVendorId=6353,mProductId=11520,mClass=0,mSubclass=0,mProtocol=0,mManufacturerName=Android,mProductName=VehiConn_CBE4,mVersion=2.0,mSerialNumber=LY0123456789,mConfigurations=[
03-13 16:31:29.369 19589 19753 I HUREV   : UsbConfiguration[mId=1,mName=accessory,mAttributes=128,mMaxPower=75,mInterfaces=[
03-13 16:31:29.369 19589 19753 I HUREV   : UsbInterface[mId=0,mAlternateSetting=0,mName=Android Accessory Interface,mClass=255,mSubclass=255,mProtocol=0,mEndpoints=[
03-13 16:31:29.369 19589 19753 I HUREV   : UsbEndpoint[mAddress=129,mAttributes=2,mMaxPacketSize=512,mInterval=0]
03-13 16:31:29.369 19589 19753 I HUREV   : UsbEndpoint[mAddress=1,mAttributes=2,mMaxPacketSize=512,mInterval=0]]]]
03-13 16:31:29.369 19589 19753 E UsbDeviceConnectionJNI: device is closed in native_release_interface
03-13 16:31:29.369 19589 19753 E HUREV   : [681] m.b | Error releaseInterface()
03-13 16:31:29.370 19589 19589 D HookText: remove Node { textView:null, text:Rozłącz}
03-13 16:31:29.370 19589 19589 D HookText: remove Node { textView:null, text:Android Auto uruchamia się…}
03-13 16:31:29.370 19589 19589 D HookText: remove Node { textView:null, text:Przełączanie do Android Auto…}
03-13 16:31:29.370 19589 19589 D HookText: remove Node { textView:null, text:Self Mode}
03-13 16:31:29.370 19589 19589 D HookText: remove Node { textView:null, text:WiFi}
03-13 16:31:29.370 19589 19589 D HookText: remove Node { textView:null, text:Error}
03-13 16:31:29.370 19589 19589 D HookText: remove Node { textView:null, text:Verbose}
03-13 16:31:29.370 19589 19589 D HookText: remove Node { textView:null, text:Debug}
03-13 16:31:29.370 19589 19589 D HookText: remove Node { textView:null, text:Error}
03-13 16:31:29.370 19589 19589 D HookText: remove Node { textView:null, text:Warning}
03-13 16:31:29.370 19589 19589 D HookText: remove Node { textView:null, text:Info}
03-13 16:31:29.370 19589 19589 D HookText: remove Node { textView:null, text:Log Level}
03-13 16:31:29.370 19589 19589 D HookText: remove Node { textView:null, text:60}
03-13 16:31:29.370 19589 19589 D HookText: remove Node { textView:null, text:30}
03-13 16:31:29.370 19589 19589 D HookText: remove Node { textView:null, text:60}
03-13 16:31:29.370 19589 19589 D HookText: remove Node { textView:null, text:Limit FPS}
03-13 16:31:29.375 19589 19589 I HUREV   : [2] AapProjectionActivity.M | Hiding reconnecting overlay — frames resumed
03-13 16:31:29.389 19589 19589 I HUREV   : [2] AapService.K | WifiLock released
03-13 16:31:29.402 19589 19589 D HUREV   : [2] AapService.W | MediaSession: State updated to STOPPED
03-13 16:31:29.404 19589 19589 I HUREV   : [2] AapService.M | scheduleReconnectIfNeeded: isClean=false, isUserExit=true, selfMode=false, userExitedAA=false, wirelessServer=false
03-13 16:31:29.404 19589 19589 I HUREV   : [2] AapService.M | AapService: USB disconnect after user Exit. Skipping auto-reconnect (waiting for dongle re-enumeration).
03-13 16:31:29.406 19589 19589 D WindowClient: Add to mViews: android.widget.LinearLayout{41c94ac V.E...... ......I. 0,0-0,0}, this = android.view.WindowManagerGlobal@b01d960
03-13 16:31:29.407 19589 19792 I HUREV   : [690] a0.l | Output thread stopped
03-13 16:31:29.412 19589 19589 D ViewRootImpl[Toast]: hardware acceleration = true , fakeHwAccelerated = false, sRendererDisabled = false, forceHwAccelerated = false, sSystemRendererDisabled = false
03-13 16:31:29.420 19589 19589 I HUREV   : [2] AapProjectionActivity.onPause | AapProjectionActivity: onPause
03-13 16:31:29.447 19589 19785 D BufferQueueProducer: [SurfaceTexture-1-19589-0](this:0x8b7f7000,id:0,api:3,p:19589,c:19589) cancelBuffer: slot 0
03-13 16:31:29.448 19589 19785 D BufferQueueProducer: [SurfaceTexture-1-19589-0](this:0x8b7f7000,id:0,api:3,p:19589,c:19589) cancelBuffer: slot 1
03-13 16:31:29.450 19589 19785 D BufferQueueProducer: [SurfaceTexture-1-19589-0](this:0x8b7f7000,id:0,api:3,p:19589,c:19589) cancelBuffer: slot 2
03-13 16:31:29.451 19589 19785 D BufferQueueProducer: [SurfaceTexture-1-19589-0](this:0x8b7f7000,id:0,api:3,p:19589,c:19589) cancelBuffer: slot 3
03-13 16:31:29.452 19589 19785 D BufferQueueProducer: [SurfaceTexture-1-19589-0](this:0x8b7f7000,id:0,api:3,p:19589,c:19589) cancelBuffer: slot 4
03-13 16:31:29.453 19589 19785 D BufferQueueProducer: [SurfaceTexture-1-19589-0](this:0x8b7f7000,id:0,api:3,p:19589,c:19589) cancelBuffer: slot 5
03-13 16:31:29.453 19589 19785 D BufferQueueProducer: [SurfaceTexture-1-19589-0](this:0x8b7f7000,id:0,api:3,p:19589,c:19589) cancelBuffer: slot 6
03-13 16:31:29.455 19589 19785 D BufferQueueProducer: [SurfaceTexture-1-19589-0](this:0x8b7f7000,id:0,api:3,p:19589,c:19589) cancelBuffer: slot 7
03-13 16:31:29.456 19589 19785 D BufferQueueProducer: [SurfaceTexture-1-19589-0](this:0x8b7f7000,id:0,api:3,p:19589,c:19589) cancelBuffer: slot 8
03-13 16:31:29.457 19589 19785 D BufferQueueProducer: [SurfaceTexture-1-19589-0](this:0x8b7f7000,id:0,api:3,p:19589,c:19589) cancelBuffer: slot 9
03-13 16:31:29.460 19589 19785 D BufferQueueProducer: [SurfaceTexture-1-19589-0](this:0x8b7f7000,id:0,api:3,p:19589,c:19589) cancelBuffer: slot 10
03-13 16:31:29.463 19589 19785 D BufferQueueProducer: [SurfaceTexture-1-19589-0](this:0x8b7f7000,id:0,api:3,p:19589,c:19589) cancelBuffer: slot 12
03-13 16:31:29.467 19589 19785 D BufferQueueProducer: [SurfaceTexture-1-19589-0](this:0x8b7f7000,id:0,api:3,p:19589,c:19589) cancelBuffer: slot 15
03-13 16:31:29.468 19589 19784 D SurfaceUtils: disconnecting from surface 0x8bd1f008, reason disconnectFromSurface
03-13 16:31:29.468 19589 19784 D Surface : Surface::disconnect(this=0x8bd1f000,api=3)
03-13 16:31:29.468 19589 19784 I BufferQueueProducer: [SurfaceTexture-1-19589-0](this:0x8b7f7000,id:0,api:3,p:19589,c:19589) disconnect(P): api 3
03-13 16:31:29.468 19589 19784 I BufferQueueConsumer: [SurfaceTexture-1-19589-0](this:0x8b7f7000,id:0,api:3,p:-1,c:19589) getReleasedBuffers: returning mask 0xffffffffffffffff
03-13 16:31:29.499 19589 19607 D Surface : Surface::connect(this=0x87e17000,api=1)
03-13 16:31:29.499 19589 19589 D Surface : Surface::allocateBuffers(this=0x87e17000)
03-13 16:31:29.508 19589 19607 D Surface : Surface::setBufferCount(this=0x87e17000,bufferCount=4)
03-13 16:31:29.528 19589 19753 I HUREV   : [681] a0.s | Decoder stopped: AapService::onDisconnect
03-13 16:31:29.545 19589 19607 D GraphicBuffer: register, handle(0xa0322d40) (w:75 h:674 s:80 f:0x1 u:f02)
03-13 16:31:29.590 19589 19607 D Surface : Surface::connect(this=0x8c3fd800,api=1)
03-13 16:31:29.590 19589 19589 D Surface : Surface::allocateBuffers(this=0x8c3fd800)
03-13 16:31:29.634 19589 19607 D Surface : Surface::setBufferCount(this=0x8c3fd800,bufferCount=4)
03-13 16:31:29.685 19589 19607 D GraphicBuffer: register, handle(0xa0323040) (w:720 h:1280 s:720 f:0x1 u:f02)
03-13 16:31:29.750 19589 19607 D GraphicBuffer: register, handle(0xa0323e80) (w:720 h:1280 s:720 f:0x1 u:f02)
03-13 16:31:29.751 19589 19761 E [EGL-ERROR]: __egl_platform_cancel_buffers:644: surface->num_buffers(4)
03-13 16:31:29.751 19589 19761 D Surface : Surface::disconnect(this=0x878ab000,api=1)
03-13 16:31:29.752 19589 19761 D GraphicBuffer: unregister, handle(0x8b244240) (w:720 h:1280 s:720 f:0x2 u:f02)
03-13 16:31:29.752 19589 19761 D GraphicBuffer: unregister, handle(0xa0322ec0) (w:720 h:1280 s:720 f:0x2 u:f02)
03-13 16:31:29.752 19589 19761 D GraphicBuffer: unregister, handle(0x8b245140) (w:720 h:1280 s:720 f:0x2 u:f02)
03-13 16:31:29.752 19589 19761 D GraphicBuffer: unregister, handle(0x8b2452c0) (w:720 h:1280 s:720 f:0x2 u:f02)
03-13 16:31:29.756 19589 19589 D Surface : Surface::disconnect(this=0x878ab000,api=-1)
03-13 16:31:29.763 19589 19607 E [EGL-ERROR]: __egl_platform_cancel_buffers:644: surface->num_buffers(4)
03-13 16:31:29.765 19589 19607 D Surface : Surface::disconnect(this=0x8c49d000,api=1)
03-13 16:31:29.765 19589 19607 D GraphicBuffer: unregister, handle(0xa0321f00) (w:720 h:1280 s:720 f:0x1 u:f02)
03-13 16:31:29.765 19589 19607 D GraphicBuffer: unregister, handle(0xa0322380) (w:720 h:1280 s:720 f:0x1 u:f02)
03-13 16:31:29.766 19589 19607 D GraphicBuffer: unregister, handle(0x8b244480) (w:720 h:1280 s:720 f:0x1 u:f02)
03-13 16:31:29.766 19589 19607 D GraphicBuffer: unregister, handle(0x8b244540) (w:720 h:1280 s:720 f:0x1 u:f02)
03-13 16:31:29.871 19589 19589 I HUREV   : [2] AapProjectionActivity.onDestroy | AapProjectionActivity.onDestroy called. isFinishing=true
03-13 16:31:29.873 19589 19589 I BufferQueueConsumer: [SurfaceTexture-1-19589-0](this:0x8b7f7000,id:0,api:3,p:-1,c:-1) disconnect(C)
03-13 16:31:29.877 19589 19589 D View    : [Warning] assignParent to null: this = DecorView@60f4e9f[AapProjectionActivity]
03-13 16:31:29.885 19589 19589 D WindowClient: Remove from mViews: DecorView@60f4e9f[AapProjectionActivity], this = android.view.WindowManagerGlobal@b01d960
