--------- beginning of system
03-12 16:25:55.402 14387 14387 W ActivityThread: Application com.andrerinas.headunitrevived can be debugged on port 8100...
03-12 16:26:17.536 14387 14387 W ViewRootImpl[SettingsActivity]: Dropping event due to root view being removed: MotionEvent { action=ACTION_MOVE, actionButton=0, id[0]=0, x[0]=-144.12411, y[0]=217.60748, toolType[0]=TOOL_TYPE_FINGER, buttonState=0, metaState=0, flags=0x0, edgeFlags=0x0, pointerCount=1, historySize=0, eventTime=3382122, downTime=3382111, deviceId=4, source=0x1002 }
--------- beginning of main
03-12 16:31:33.779 14387 15363 I BufferQueueProducer: [SurfaceTexture-1-14387-5](this:0x8fdfa000,id:5,api:3,p:14387,c:14387) queueBuffer: fps=29.40 dur=1020.32 max=67.14 min=12.93
03-12 16:31:34.808 14387 15363 I BufferQueueProducer: [SurfaceTexture-1-14387-5](this:0x8fdfa000,id:5,api:3,p:14387,c:14387) queueBuffer: fps=30.10 dur=1029.87 max=47.64 min=19.58
03-12 16:31:35.869 14387 15363 I BufferQueueProducer: [SurfaceTexture-1-14387-5](this:0x8fdfa000,id:5,api:3,p:14387,c:14387) queueBuffer: fps=29.22 dur=1060.89 max=65.35 min=16.72
03-12 16:31:36.876 14387 15363 I BufferQueueProducer: [SurfaceTexture-1-14387-5](this:0x8fdfa000,id:5,api:3,p:14387,c:14387) queueBuffer: fps=30.78 dur=1007.14 max=59.58 min=14.22
03-12 16:31:37.895 14387 15363 I BufferQueueProducer: [SurfaceTexture-1-14387-5](this:0x8fdfa000,id:5,api:3,p:14387,c:14387) queueBuffer: fps=30.43 dur=1018.84 max=53.75 min=15.59
03-12 16:31:38.902 14387 15363 I BufferQueueProducer: [SurfaceTexture-1-14387-5](this:0x8fdfa000,id:5,api:3,p:14387,c:14387) queueBuffer: fps=29.81 dur=1006.54 max=51.22 min=17.54
03-12 16:31:39.903 14387 15363 I BufferQueueProducer: [SurfaceTexture-1-14387-5](this:0x8fdfa000,id:5,api:3,p:14387,c:14387) queueBuffer: fps=29.96 dur=1001.21 max=56.60 min=14.51
03-12 16:31:40.904 14387 15363 I BufferQueueProducer: [SurfaceTexture-1-14387-5](this:0x8fdfa000,id:5,api:3,p:14387,c:14387) queueBuffer: fps=29.96 dur=1001.35 max=74.69 min=13.80
03-12 16:31:41.926 14387 15363 I BufferQueueProducer: [SurfaceTexture-1-14387-5](this:0x8fdfa000,id:5,api:3,p:14387,c:14387) queueBuffer: fps=30.34 dur=1021.89 max=65.12 min=13.56
03-12 16:31:42.932 14387 15363 I BufferQueueProducer: [SurfaceTexture-1-14387-5](this:0x8fdfa000,id:5,api:3,p:14387,c:14387) queueBuffer: fps=29.84 dur=1005.35 max=54.47 min=13.77
03-12 16:31:43.093 14387 14399 I zygote  : Background concurrent copying GC freed 4670(3MB) AllocSpace objects, 180(2MB) LOS objects, 40% free, 8MB/14MB, paused 137us total 109.352ms
03-12 16:31:43.960 14387 15363 I BufferQueueProducer: [SurfaceTexture-1-14387-5](this:0x8fdfa000,id:5,api:3,p:14387,c:14387) queueBuffer: fps=30.14 dur=1028.38 max=53.11 min=21.61
03-12 16:31:44.961 14387 15363 I BufferQueueProducer: [SurfaceTexture-1-14387-5](this:0x8fdfa000,id:5,api:3,p:14387,c:14387) queueBuffer: fps=29.98 dur=1000.65 max=69.21 min=15.79
03-12 16:31:46.001 14387 15363 I BufferQueueProducer: [SurfaceTexture-1-14387-5](this:0x8fdfa000,id:5,api:3,p:14387,c:14387) queueBuffer: fps=29.81 dur=1040.08 max=51.89 min=14.41
03-12 16:31:47.014 14387 15363 I BufferQueueProducer: [SurfaceTexture-1-14387-5](this:0x8fdfa000,id:5,api:3,p:14387,c:14387) queueBuffer: fps=30.60 dur=1013.23 max=50.87 min=15.34
03-12 16:31:48.020 14387 15363 I BufferQueueProducer: [SurfaceTexture-1-14387-5](this:0x8fdfa000,id:5,api:3,p:14387,c:14387) queueBuffer: fps=29.81 dur=1006.26 max=55.88 min=14.55
03-12 16:31:49.063 14387 15363 I BufferQueueProducer: [SurfaceTexture-1-14387-5](this:0x8fdfa000,id:5,api:3,p:14387,c:14387) queueBuffer: fps=29.74 dur=1042.35 max=55.74 min=16.01
03-12 16:31:49.996 14387 15354 I HUREV   : [2376] UsbAccessoryConnection.recvBlocking | USB reads recovered after 1 errors
03-12 16:31:50.067 14387 15363 I BufferQueueProducer: [SurfaceTexture-1-14387-5](this:0x8fdfa000,id:5,api:3,p:14387,c:14387) queueBuffer: fps=25.89 dur=1004.14 max=226.46 min=14.00
03-12 16:31:51.099 14387 15363 I BufferQueueProducer: [SurfaceTexture-1-14387-5](this:0x8fdfa000,id:5,api:3,p:14387,c:14387) queueBuffer: fps=31.00 dur=1032.27 max=54.27 min=12.10
03-12 16:31:52.059 14387 15354 I HUREV   : [2376] UsbAccessoryConnection.recvBlocking | USB reads recovered after 1 errors
03-12 16:31:52.107 14387 15363 I BufferQueueProducer: [SurfaceTexture-1-14387-5](this:0x8fdfa000,id:5,api:3,p:14387,c:14387) queueBuffer: fps=25.79 dur=1008.32 max=229.05 min=12.39
03-12 16:31:53.118 14387 15363 I BufferQueueProducer: [SurfaceTexture-1-14387-5](this:0x8fdfa000,id:5,api:3,p:14387,c:14387) queueBuffer: fps=31.65 dur=1010.96 max=56.81 min=12.90
03-12 16:31:54.119 14387 15363 I BufferQueueProducer: [SurfaceTexture-1-14387-5](this:0x8fdfa000,id:5,api:3,p:14387,c:14387) queueBuffer: fps=29.97 dur=1001.14 max=61.26 min=12.46
03-12 16:31:55.120 14387 15363 I BufferQueueProducer: [SurfaceTexture-1-14387-5](this:0x8fdfa000,id:5,api:3,p:14387,c:14387) queueBuffer: fps=29.99 dur=1000.50 max=52.41 min=19.16
03-12 16:31:55.458 14387 14399 I zygote  : Background concurrent copying GC freed 6118(4MB) AllocSpace objects, 86(1664KB) LOS objects, 40% free, 8MB/14MB, paused 2.181ms total 146.800ms
03-12 16:31:56.123 14387 15363 I BufferQueueProducer: [SurfaceTexture-1-14387-5](this:0x8fdfa000,id:5,api:3,p:14387,c:14387) queueBuffer: fps=29.91 dur=1002.86 max=65.34 min=12.21
03-12 16:31:57.131 14387 15363 I BufferQueueProducer: [SurfaceTexture-1-14387-5](this:0x8fdfa000,id:5,api:3,p:14387,c:14387) queueBuffer: fps=29.74 dur=1008.71 max=53.44 min=15.19
03-12 16:31:58.132 14387 15363 I BufferQueueProducer: [SurfaceTexture-1-14387-5](this:0x8fdfa000,id:5,api:3,p:14387,c:14387) queueBuffer: fps=29.97 dur=1000.87 max=56.03 min=13.10
03-12 16:31:59.134 14387 15363 I BufferQueueProducer: [SurfaceTexture-1-14387-5](this:0x8fdfa000,id:5,api:3,p:14387,c:14387) queueBuffer: fps=29.96 dur=1001.39 max=42.74 min=22.94
03-12 16:32:00.168 14387 15363 I BufferQueueProducer: [SurfaceTexture-1-14387-5](this:0x8fdfa000,id:5,api:3,p:14387,c:14387) queueBuffer: fps=29.99 dur=1033.83 max=51.55 min=15.06
03-12 16:32:01.196 14387 15363 I BufferQueueProducer: [SurfaceTexture-1-14387-5](this:0x8fdfa000,id:5,api:3,p:14387,c:14387) queueBuffer: fps=30.13 dur=1028.80 max=46.49 min=18.54
03-12 16:32:02.235 14387 15363 I BufferQueueProducer: [SurfaceTexture-1-14387-5](this:0x8fdfa000,id:5,api:3,p:14387,c:14387) queueBuffer: fps=29.85 dur=1038.39 max=54.01 min=18.02
03-12 16:32:03.264 14387 15363 I BufferQueueProducer: [SurfaceTexture-1-14387-5](this:0x8fdfa000,id:5,api:3,p:14387,c:14387) queueBuffer: fps=30.13 dur=1028.76 max=45.55 min=20.61
03-12 16:32:04.270 14387 15363 I BufferQueueProducer: [SurfaceTexture-1-14387-5](this:0x8fdfa000,id:5,api:3,p:14387,c:14387) queueBuffer: fps=29.81 dur=1006.43 max=58.50 min=21.39
03-12 16:32:05.297 14387 15363 I BufferQueueProducer: [SurfaceTexture-1-14387-5](this:0x8fdfa000,id:5,api:3,p:14387,c:14387) queueBuffer: fps=30.18 dur=1027.32 max=50.87 min=16.42
03-12 16:32:06.319 14387 15363 I BufferQueueProducer: [SurfaceTexture-1-14387-5](this:0x8fdfa000,id:5,api:3,p:14387,c:14387) queueBuffer: fps=30.34 dur=1021.92 max=47.17 min=22.18
03-12 16:32:07.333 14387 15363 I BufferQueueProducer: [SurfaceTexture-1-14387-5](this:0x8fdfa000,id:5,api:3,p:14387,c:14387) queueBuffer: fps=29.59 dur=1013.92 max=57.46 min=17.10
03-12 16:32:08.341 14387 15363 I BufferQueueProducer: [SurfaceTexture-1-14387-5](this:0x8fdfa000,id:5,api:3,p:14387,c:14387) queueBuffer: fps=29.75 dur=1008.36 max=54.16 min=13.73
03-12 16:32:09.366 14387 15363 I BufferQueueProducer: [SurfaceTexture-1-14387-5](this:0x8fdfa000,id:5,api:3,p:14387,c:14387) queueBuffer: fps=30.27 dur=1024.07 max=49.18 min=13.90
03-12 16:32:10.394 14387 15363 I BufferQueueProducer: [SurfaceTexture-1-14387-5](this:0x8fdfa000,id:5,api:3,p:14387,c:14387) queueBuffer: fps=30.16 dur=1028.01 max=55.43 min=17.40
03-12 16:32:11.395 14387 15363 I BufferQueueProducer: [SurfaceTexture-1-14387-5](this:0x8fdfa000,id:5,api:3,p:14387,c:14387) queueBuffer: fps=29.94 dur=1001.89 max=47.42 min=14.78
03-12 16:32:12.433 14387 15363 I BufferQueueProducer: [SurfaceTexture-1-14387-5](this:0x8fdfa000,id:5,api:3,p:14387,c:14387) queueBuffer: fps=29.86 dur=1038.04 max=60.20 min=16.93
03-12 16:32:13.457 14387 15363 I BufferQueueProducer: [SurfaceTexture-1-14387-5](this:0x8fdfa000,id:5,api:3,p:14387,c:14387) queueBuffer: fps=30.28 dur=1023.85 max=62.77 min=17.64
03-12 16:32:14.482 14387 15363 I BufferQueueProducer: [SurfaceTexture-1-14387-5](this:0x8fdfa000,id:5,api:3,p:14387,c:14387) queueBuffer: fps=30.24 dur=1025.02 max=55.70 min=13.13
03-12 16:32:15.483 14387 15363 I BufferQueueProducer: [SurfaceTexture-1-14387-5](this:0x8fdfa000,id:5,api:3,p:14387,c:14387) queueBuffer: fps=29.97 dur=1001.12 max=58.80 min=13.99
03-12 16:32:16.487 14387 15363 I BufferQueueProducer: [SurfaceTexture-1-14387-5](this:0x8fdfa000,id:5,api:3,p:14387,c:14387) queueBuffer: fps=29.90 dur=1003.33 max=61.87 min=13.43
03-12 16:32:17.489 14387 15363 I BufferQueueProducer: [SurfaceTexture-1-14387-5](this:0x8fdfa000,id:5,api:3,p:14387,c:14387) queueBuffer: fps=29.92 dur=1002.65 max=57.36 min=15.13
03-12 16:32:18.552 14387 15363 I BufferQueueProducer: [SurfaceTexture-1-14387-5](this:0x8fdfa000,id:5,api:3,p:14387,c:14387) queueBuffer: fps=29.16 dur=1062.96 max=64.19 min=13.28
03-12 16:32:19.553 14387 15363 I BufferQueueProducer: [SurfaceTexture-1-14387-5](this:0x8fdfa000,id:5,api:3,p:14387,c:14387) queueBuffer: fps=30.99 dur=1000.43 max=61.54 min=14.42
03-12 16:32:20.570 14387 15363 I BufferQueueProducer: [SurfaceTexture-1-14387-5](this:0x8fdfa000,id:5,api:3,p:14387,c:14387) queueBuffer: fps=29.50 dur=1016.82 max=62.25 min=13.56
03-12 16:32:21.570 14387 15363 I BufferQueueProducer: [SurfaceTexture-1-14387-5](this:0x8fdfa000,id:5,api:3,p:14387,c:14387) queueBuffer: fps=30.00 dur=1000.03 max=41.21 min=22.57
03-12 16:32:22.618 14387 15363 I BufferQueueProducer: [SurfaceTexture-1-14387-5](this:0x8fdfa000,id:5,api:3,p:14387,c:14387) queueBuffer: fps=29.58 dur=1047.88 max=59.52 min=14.50
03-12 16:32:23.636 14387 15363 I BufferQueueProducer: [SurfaceTexture-1-14387-5](this:0x8fdfa000,id:5,api:3,p:14387,c:14387) queueBuffer: fps=30.44 dur=1018.31 max=49.75 min=15.60
03-12 16:32:24.640 14387 15363 I BufferQueueProducer: [SurfaceTexture-1-14387-5](this:0x8fdfa000,id:5,api:3,p:14387,c:14387) queueBuffer: fps=29.89 dur=1003.75 max=51.52 min=20.58
03-12 16:32:25.668 14387 15363 I BufferQueueProducer: [SurfaceTexture-1-14387-5](this:0x8fdfa000,id:5,api:3,p:14387,c:14387) queueBuffer: fps=30.16 dur=1028.01 max=52.42 min=14.30
03-12 16:32:26.683 14387 15363 I BufferQueueProducer: [SurfaceTexture-1-14387-5](this:0x8fdfa000,id:5,api:3,p:14387,c:14387) queueBuffer: fps=30.52 dur=1015.71 max=61.95 min=14.65
03-12 16:32:27.336 14387 15354 I HUREV   : [2376] AapControlService.navigationFocusRequest | Navigation Focus Request: NAV_FOCUS_1
03-12 16:32:27.337 14387 15354 I HUREV   : [2376] AapControlService.navigationFocusRequest | CONTROL Navigation Focus Notification type: 14 flags: 11 size: 8 dataOffset: 6
03-12 16:32:27.685 14387 15363 I BufferQueueProducer: [SurfaceTexture-1-14387-5](this:0x8fdfa000,id:5,api:3,p:14387,c:14387) queueBuffer: fps=44.93 dur=1001.56 max=88.60 min=10.96
03-12 16:32:28.023 14387 14399 I zygote  : Background concurrent copying GC freed 6541(4MB) AllocSpace objects, 102(1868KB) LOS objects, 40% free, 8MB/14MB, paused 662us total 125.523ms
03-12 16:32:28.689 14387 15363 I BufferQueueProducer: [SurfaceTexture-1-14387-5](this:0x8fdfa000,id:5,api:3,p:14387,c:14387) queueBuffer: fps=52.76 dur=1004.49 max=43.23 min=12.06
03-12 16:32:29.692 14387 15363 I BufferQueueProducer: [SurfaceTexture-1-14387-5](this:0x8fdfa000,id:5,api:3,p:14387,c:14387) queueBuffer: fps=47.90 dur=1002.14 max=56.69 min=13.90
03-12 16:32:30.562 14387 14399 I zygote  : Background concurrent copying GC freed 5247(3MB) AllocSpace objects, 155(2MB) LOS objects, 40% free, 8MB/14MB, paused 231us total 131.468ms
03-12 16:32:30.692 14387 15363 I BufferQueueProducer: [SurfaceTexture-1-14387-5](this:0x8fdfa000,id:5,api:3,p:14387,c:14387) queueBuffer: fps=36.97 dur=1000.88 max=65.82 min=11.66
03-12 16:32:31.810 14387 15363 I BufferQueueProducer: [SurfaceTexture-1-14387-5](this:0x8fdfa000,id:5,api:3,p:14387,c:14387) queueBuffer: fps=39.35 dur=1118.05 max=187.97 min=10.83
03-12 16:32:32.815 14387 15363 I BufferQueueProducer: [SurfaceTexture-1-14387-5](this:0x8fdfa000,id:5,api:3,p:14387,c:14387) queueBuffer: fps=11.95 dur=1004.59 max=415.70 min=13.14
03-12 16:32:33.689 14387 14399 I zygote  : Background concurrent copying GC freed 7145(3MB) AllocSpace objects, 115(2MB) LOS objects, 39% free, 9MB/15MB, paused 258us total 142.811ms
03-12 16:32:33.822 14387 15363 I BufferQueueProducer: [SurfaceTexture-1-14387-5](this:0x8fdfa000,id:5,api:3,p:14387,c:14387) queueBuffer: fps=52.64 dur=1006.78 max=32.62 min=11.84
03-12 16:32:34.843 14387 15363 I BufferQueueProducer: [SurfaceTexture-1-14387-5](this:0x8fdfa000,id:5,api:3,p:14387,c:14387) queueBuffer: fps=41.15 dur=1020.69 max=279.57 min=10.83
03-12 16:32:35.857 14387 15363 I BufferQueueProducer: [SurfaceTexture-1-14387-5](this:0x8fdfa000,id:5,api:3,p:14387,c:14387) queueBuffer: fps=40.43 dur=1014.12 max=86.94 min=12.13
03-12 16:32:36.136 14387 14399 I zygote  : Background concurrent copying GC freed 4961(3MB) AllocSpace objects, 155(3MB) LOS objects, 39% free, 9MB/15MB, paused 306us total 130.310ms
03-12 16:32:36.867 14387 15363 I BufferQueueProducer: [SurfaceTexture-1-14387-5](this:0x8fdfa000,id:5,api:3,p:14387,c:14387) queueBuffer: fps=56.40 dur=1010.59 max=26.86 min=11.46
03-12 16:32:37.882 14387 15363 I BufferQueueProducer: [SurfaceTexture-1-14387-5](this:0x8fdfa000,id:5,api:3,p:14387,c:14387) queueBuffer: fps=33.52 dur=1014.27 max=50.66 min=13.30
03-12 16:32:38.885 14387 15363 I BufferQueueProducer: [SurfaceTexture-1-14387-5](this:0x8fdfa000,id:5,api:3,p:14387,c:14387) queueBuffer: fps=28.89 dur=1003.89 max=56.35 min=20.49
03-12 16:32:39.341 14387 14399 I zygote  : Background concurrent copying GC freed 5180(4MB) AllocSpace objects, 121(2MB) LOS objects, 40% free, 8MB/14MB, paused 265us total 112.651ms
03-12 16:32:39.908 14387 15363 I BufferQueueProducer: [SurfaceTexture-1-14387-5](this:0x8fdfa000,id:5,api:3,p:14387,c:14387) queueBuffer: fps=34.24 dur=1022.22 max=128.94 min=13.18
03-12 16:32:41.099 14387 15354 I HUREV   : [2376] UsbAccessoryConnection.recvBlocking | USB reads recovered after 1 errors
03-12 16:32:41.114 14387 15363 I BufferQueueProducer: [SurfaceTexture-1-14387-5](this:0x8fdfa000,id:5,api:3,p:14387,c:14387) queueBuffer: fps=38.96 dur=1206.36 max=294.75 min=11.33
03-12 16:32:42.117 14387 15363 I BufferQueueProducer: [SurfaceTexture-1-14387-5](this:0x8fdfa000,id:5,api:3,p:14387,c:14387) queueBuffer: fps=31.91 dur=1002.70 max=246.65 min=10.07
03-12 16:32:43.123 14387 15363 I BufferQueueProducer: [SurfaceTexture-1-14387-5](this:0x8fdfa000,id:5,api:3,p:14387,c:14387) queueBuffer: fps=30.80 dur=1006.54 max=243.79 min=11.48
03-12 16:32:44.134 14387 15363 I BufferQueueProducer: [SurfaceTexture-1-14387-5](this:0x8fdfa000,id:5,api:3,p:14387,c:14387) queueBuffer: fps=47.48 dur=1011.02 max=74.87 min=15.14
03-12 16:32:45.136 14387 15363 I BufferQueueProducer: [SurfaceTexture-1-14387-5](this:0x8fdfa000,id:5,api:3,p:14387,c:14387) queueBuffer: fps=50.90 dur=1001.96 max=30.41 min=14.63
03-12 16:32:45.246 14387 14399 I zygote  : Background concurrent copying GC freed 4160(2MB) AllocSpace objects, 199(3MB) LOS objects, 39% free, 9MB/15MB, paused 185us total 186.808ms
03-12 16:32:46.160 14387 15363 I BufferQueueProducer: [SurfaceTexture-1-14387-5](this:0x8fdfa000,id:5,api:3,p:14387,c:14387) queueBuffer: fps=39.06 dur=1024.19 max=69.24 min=14.62
03-12 16:32:47.193 14387 15363 I BufferQueueProducer: [SurfaceTexture-1-14387-5](this:0x8fdfa000,id:5,api:3,p:14387,c:14387) queueBuffer: fps=30.02 dur=1032.79 max=78.23 min=10.36
03-12 16:32:48.220 14387 15363 I BufferQueueProducer: [SurfaceTexture-1-14387-5](this:0x8fdfa000,id:5,api:3,p:14387,c:14387) queueBuffer: fps=28.24 dur=1027.00 max=134.86 min=12.04
03-12 16:32:49.305 14387 15363 I BufferQueueProducer: [SurfaceTexture-1-14387-5](this:0x8fdfa000,id:5,api:3,p:14387,c:14387) queueBuffer: fps=30.43 dur=1084.38 max=127.57 min=13.21
03-12 16:32:50.310 14387 15363 I BufferQueueProducer: [SurfaceTexture-1-14387-5](this:0x8fdfa000,id:5,api:3,p:14387,c:14387) queueBuffer: fps=30.84 dur=1005.19 max=118.72 min=13.35
03-12 16:32:51.316 14387 15363 I BufferQueueProducer: [SurfaceTexture-1-14387-5](this:0x8fdfa000,id:5,api:3,p:14387,c:14387) queueBuffer: fps=31.79 dur=1006.60 max=79.32 min=12.63
03-12 16:32:52.082 14387 14399 I zygote  : Background concurrent copying GC freed 5545(3MB) AllocSpace objects, 95(2MB) LOS objects, 40% free, 8MB/14MB, paused 262us total 123.766ms
03-12 16:32:52.333 14387 15363 I BufferQueueProducer: [SurfaceTexture-1-14387-5](this:0x8fdfa000,id:5,api:3,p:14387,c:14387) queueBuffer: fps=53.13 dur=1016.32 max=55.95 min=10.35
03-12 16:32:53.352 14387 15363 I BufferQueueProducer: [SurfaceTexture-1-14387-5](this:0x8fdfa000,id:5,api:3,p:14387,c:14387) queueBuffer: fps=53.94 dur=1019.62 max=26.59 min=13.90
03-12 16:32:54.360 14387 15363 I BufferQueueProducer: [SurfaceTexture-1-14387-5](this:0x8fdfa000,id:5,api:3,p:14387,c:14387) queueBuffer: fps=35.73 dur=1007.58 max=55.83 min=14.40
03-12 16:32:55.407 14387 15363 I BufferQueueProducer: [SurfaceTexture-1-14387-5](this:0x8fdfa000,id:5,api:3,p:14387,c:14387) queueBuffer: fps=29.60 dur=1047.26 max=55.55 min=12.56
03-12 16:32:56.408 14387 15363 I BufferQueueProducer: [SurfaceTexture-1-14387-5](this:0x8fdfa000,id:5,api:3,p:14387,c:14387) queueBuffer: fps=29.98 dur=1000.59 max=53.68 min=13.50
03-12 16:32:57.411 14387 15363 I BufferQueueProducer: [SurfaceTexture-1-14387-5](this:0x8fdfa000,id:5,api:3,p:14387,c:14387) queueBuffer: fps=29.90 dur=1003.22 max=65.44 min=12.17
03-12 16:32:58.445 14387 15363 I BufferQueueProducer: [SurfaceTexture-1-14387-5](this:0x8fdfa000,id:5,api:3,p:14387,c:14387) queueBuffer: fps=29.00 dur=1034.47 max=82.74 min=12.20
03-12 16:32:59.451 14387 15363 I BufferQueueProducer: [SurfaceTexture-1-14387-5](this:0x8fdfa000,id:5,api:3,p:14387,c:14387) queueBuffer: fps=30.83 dur=1005.66 max=76.97 min=12.90
03-12 16:33:00.516 14387 15363 I BufferQueueProducer: [SurfaceTexture-1-14387-5](this:0x8fdfa000,id:5,api:3,p:14387,c:14387) queueBuffer: fps=29.12 dur=1064.46 max=109.64 min=11.67
03-12 16:33:01.594 14387 15363 I BufferQueueProducer: [SurfaceTexture-1-14387-5](this:0x8fdfa000,id:5,api:3,p:14387,c:14387) queueBuffer: fps=29.67 dur=1078.45 max=119.07 min=10.42
03-12 16:33:02.595 14387 15363 I BufferQueueProducer: [SurfaceTexture-1-14387-5](this:0x8fdfa000,id:5,api:3,p:14387,c:14387) queueBuffer: fps=31.98 dur=1000.75 max=108.71 min=11.16
03-12 16:33:03.645 14387 15363 I BufferQueueProducer: [SurfaceTexture-1-14387-5](this:0x8fdfa000,id:5,api:3,p:14387,c:14387) queueBuffer: fps=28.57 dur=1049.87 max=88.62 min=11.30
03-12 16:33:04.660 14387 15363 I BufferQueueProducer: [SurfaceTexture-1-14387-5](this:0x8fdfa000,id:5,api:3,p:14387,c:14387) queueBuffer: fps=31.50 dur=1015.86 max=81.81 min=10.67
03-12 16:33:05.668 14387 15363 I BufferQueueProducer: [SurfaceTexture-1-14387-5](this:0x8fdfa000,id:5,api:3,p:14387,c:14387) queueBuffer: fps=29.78 dur=1007.46 max=73.40 min=12.16
03-12 16:33:06.716 14387 15363 I BufferQueueProducer: [SurfaceTexture-1-14387-5](this:0x8fdfa000,id:5,api:3,p:14387,c:14387) queueBuffer: fps=29.59 dur=1047.65 max=55.88 min=12.19
03-12 16:33:07.718 14387 15363 I BufferQueueProducer: [SurfaceTexture-1-14387-5](this:0x8fdfa000,id:5,api:3,p:14387,c:14387) queueBuffer: fps=29.91 dur=1002.90 max=124.03 min=12.32
03-12 16:33:08.801 14387 15363 I BufferQueueProducer: [SurfaceTexture-1-14387-5](this:0x8fdfa000,id:5,api:3,p:14387,c:14387) queueBuffer: fps=28.63 dur=1082.66 max=117.56 min=12.34
03-12 16:33:09.820 14387 15363 I BufferQueueProducer: [SurfaceTexture-1-14387-5](this:0x8fdfa000,id:5,api:3,p:14387,c:14387) queueBuffer: fps=29.44 dur=1019.05 max=123.08 min=14.88
03-12 16:33:10.098 14387 14399 I zygote  : Background concurrent copying GC freed 4368(3MB) AllocSpace objects, 152(2MB) LOS objects, 40% free, 8MB/14MB, paused 146us total 107.810ms
03-12 16:33:10.900 14387 15363 I BufferQueueProducer: [SurfaceTexture-1-14387-5](this:0x8fdfa000,id:5,api:3,p:14387,c:14387) queueBuffer: fps=28.71 dur=1079.91 max=119.17 min=12.59
03-12 16:33:11.931 14387 15363 I BufferQueueProducer: [SurfaceTexture-1-14387-5](this:0x8fdfa000,id:5,api:3,p:14387,c:14387) queueBuffer: fps=32.00 dur=1031.22 max=58.06 min=11.84
03-12 16:33:12.965 14387 15363 I BufferQueueProducer: [SurfaceTexture-1-14387-5](this:0x8fdfa000,id:5,api:3,p:14387,c:14387) queueBuffer: fps=29.98 dur=1033.94 max=73.79 min=12.84
03-12 16:33:13.986 14387 15363 I BufferQueueProducer: [SurfaceTexture-1-14387-5](this:0x8fdfa000,id:5,api:3,p:14387,c:14387) queueBuffer: fps=30.38 dur=1020.57 max=42.53 min=20.95
03-12 16:33:14.995 14387 15363 I BufferQueueProducer: [SurfaceTexture-1-14387-5](this:0x8fdfa000,id:5,api:3,p:14387,c:14387) queueBuffer: fps=29.72 dur=1009.43 max=54.89 min=15.40
03-12 16:33:15.997 14387 15363 I BufferQueueProducer: [SurfaceTexture-1-14387-5](this:0x8fdfa000,id:5,api:3,p:14387,c:14387) queueBuffer: fps=29.94 dur=1002.03 max=71.18 min=13.19
03-12 16:33:17.033 14387 15363 I BufferQueueProducer: [SurfaceTexture-1-14387-5](this:0x8fdfa000,id:5,api:3,p:14387,c:14387) queueBuffer: fps=29.93 dur=1035.60 max=56.16 min=11.28
03-12 16:33:18.060 14387 15363 I BufferQueueProducer: [SurfaceTexture-1-14387-5](this:0x8fdfa000,id:5,api:3,p:14387,c:14387) queueBuffer: fps=30.17 dur=1027.52 max=53.86 min=14.10
03-12 16:33:19.068 14387 15363 I BufferQueueProducer: [SurfaceTexture-1-14387-5](this:0x8fdfa000,id:5,api:3,p:14387,c:14387) queueBuffer: fps=29.77 dur=1007.81 max=47.26 min=16.62
03-12 16:33:20.095 14387 15363 I BufferQueueProducer: [SurfaceTexture-1-14387-5](this:0x8fdfa000,id:5,api:3,p:14387,c:14387) queueBuffer: fps=30.20 dur=1026.35 max=52.05 min=18.72
03-12 16:33:21.130 14387 15363 I BufferQueueProducer: [SurfaceTexture-1-14387-5](this:0x8fdfa000,id:5,api:3,p:14387,c:14387) queueBuffer: fps=29.94 dur=1035.37 max=56.48 min=15.08
03-12 16:33:22.173 14387 15363 I BufferQueueProducer: [SurfaceTexture-1-14387-5](this:0x8fdfa000,id:5,api:3,p:14387,c:14387) queueBuffer: fps=29.71 dur=1043.36 max=76.18 min=13.01
03-12 16:33:23.200 14387 15363 I BufferQueueProducer: [SurfaceTexture-1-14387-5](this:0x8fdfa000,id:5,api:3,p:14387,c:14387) queueBuffer: fps=29.21 dur=1026.92 max=92.61 min=11.84
03-12 16:33:24.265 14387 15363 I BufferQueueProducer: [SurfaceTexture-1-14387-5](this:0x8fdfa000,id:5,api:3,p:14387,c:14387) queueBuffer: fps=29.12 dur=1064.58 max=102.26 min=10.67
03-12 16:33:25.333 14387 15363 I BufferQueueProducer: [SurfaceTexture-1-14387-5](this:0x8fdfa000,id:5,api:3,p:14387,c:14387) queueBuffer: fps=29.95 dur=1068.51 max=114.48 min=12.01
03-12 16:33:25.420 14387 14399 I zygote  : Background concurrent copying GC freed 6084(4MB) AllocSpace objects, 85(1644KB) LOS objects, 40% free, 8MB/14MB, paused 160us total 105.409ms
03-12 16:33:26.370 14387 15363 I BufferQueueProducer: [SurfaceTexture-1-14387-5](this:0x8fdfa000,id:5,api:3,p:14387,c:14387) queueBuffer: fps=31.84 dur=1036.37 max=96.04 min=12.50
03-12 16:33:27.393 14387 15363 I BufferQueueProducer: [SurfaceTexture-1-14387-5](this:0x8fdfa000,id:5,api:3,p:14387,c:14387) queueBuffer: fps=30.30 dur=1023.18 max=55.59 min=13.96
03-12 16:33:28.393 14387 15363 I BufferQueueProducer: [SurfaceTexture-1-14387-5](this:0x8fdfa000,id:5,api:3,p:14387,c:14387) queueBuffer: fps=29.99 dur=1000.19 max=58.79 min=11.80
03-12 16:33:29.420 14387 15363 I BufferQueueProducer: [SurfaceTexture-1-14387-5](this:0x8fdfa000,id:5,api:3,p:14387,c:14387) queueBuffer: fps=30.18 dur=1027.07 max=56.23 min=16.43
03-12 16:33:30.469 14387 15363 I BufferQueueProducer: [SurfaceTexture-1-14387-5](this:0x8fdfa000,id:5,api:3,p:14387,c:14387) queueBuffer: fps=29.55 dur=1048.92 max=56.91 min=13.01
03-12 16:33:31.469 14387 15363 I BufferQueueProducer: [SurfaceTexture-1-14387-5](this:0x8fdfa000,id:5,api:3,p:14387,c:14387) queueBuffer: fps=29.99 dur=1000.23 max=53.36 min=18.01
03-12 16:33:32.470 14387 15363 I BufferQueueProducer: [SurfaceTexture-1-14387-5](this:0x8fdfa000,id:5,api:3,p:14387,c:14387) queueBuffer: fps=29.98 dur=1000.56 max=66.61 min=12.86
03-12 16:33:33.471 14387 15363 I BufferQueueProducer: [SurfaceTexture-1-14387-5](this:0x8fdfa000,id:5,api:3,p:14387,c:14387) queueBuffer: fps=29.98 dur=1000.73 max=57.96 min=13.19
03-12 16:33:34.472 14387 15363 I BufferQueueProducer: [SurfaceTexture-1-14387-5](this:0x8fdfa000,id:5,api:3,p:14387,c:14387) queueBuffer: fps=29.94 dur=1001.88 max=62.86 min=15.26
03-12 16:33:35.491 14387 15363 I BufferQueueProducer: [SurfaceTexture-1-14387-5](this:0x8fdfa000,id:5,api:3,p:14387,c:14387) queueBuffer: fps=30.43 dur=1018.74 max=91.16 min=10.94
03-12 16:33:36.504 14387 15363 I BufferQueueProducer: [SurfaceTexture-1-14387-5](this:0x8fdfa000,id:5,api:3,p:14387,c:14387) queueBuffer: fps=28.64 dur=1012.40 max=98.40 min=11.42
03-12 16:33:37.544 14387 15363 I BufferQueueProducer: [SurfaceTexture-1-14387-5](this:0x8fdfa000,id:5,api:3,p:14387,c:14387) queueBuffer: fps=28.83 dur=1040.67 max=120.35 min=11.27
03-12 16:33:38.600 14387 15363 I BufferQueueProducer: [SurfaceTexture-1-14387-5](this:0x8fdfa000,id:5,api:3,p:14387,c:14387) queueBuffer: fps=25.58 dur=1055.37 max=135.21 min=10.57
03-12 16:33:39.023 14387 15363 I BufferQueueProducer: [SurfaceTexture-1-14387-5](this:0x8fdfa000,id:5,api:3,p:14387,c:14387) queueBuffer: slot 8 is dropped, handle=0x8fde6100
03-12 16:33:39.621 14387 15363 I BufferQueueProducer: [SurfaceTexture-1-14387-5](this:0x8fdfa000,id:5,api:3,p:14387,c:14387) queueBuffer: fps=32.30 dur=1021.61 max=95.03 min=12.41
03-12 16:33:40.183 14387 15363 I BufferQueueProducer: [SurfaceTexture-1-14387-5](this:0x8fdfa000,id:5,api:3,p:14387,c:14387) queueBuffer: slot 7 is dropped, handle=0x8fde6040
03-12 16:33:40.199 14387 15363 I BufferQueueProducer: [SurfaceTexture-1-14387-5](this:0x8fdfa000,id:5,api:3,p:14387,c:14387) queueBuffer: slot 0 is dropped, handle=0x8fde5740
03-12 16:33:40.227 14387 15363 I BufferQueueProducer: [SurfaceTexture-1-14387-5](this:0x8fdfa000,id:5,api:3,p:14387,c:14387) queueBuffer: slot 1 is dropped, handle=0x8fde5800
03-12 16:33:40.250 14387 15363 I BufferQueueProducer: [SurfaceTexture-1-14387-5](this:0x8fdfa000,id:5,api:3,p:14387,c:14387) queueBuffer: slot 2 is dropped, handle=0x8fde58c0
03-12 16:33:40.306 14387 15363 I BufferQueueProducer: [SurfaceTexture-1-14387-5](this:0x8fdfa000,id:5,api:3,p:14387,c:14387) queueBuffer: slot 8 is dropped, handle=0x8fde6100
03-12 16:33:40.643 14387 15363 I BufferQueueProducer: [SurfaceTexture-1-14387-5](this:0x8fdfa000,id:5,api:3,p:14387,c:14387) queueBuffer: fps=27.41 dur=1021.49 max=65.03 min=16.02
03-12 16:33:41.046 14387 14387 I HUREV   : [2] 1.invoke | NightMode update: true
03-12 16:33:41.664 14387 15363 I BufferQueueProducer: [SurfaceTexture-1-14387-5](this:0x8fdfa000,id:5,api:3,p:14387,c:14387) queueBuffer: fps=31.33 dur=1021.25 max=63.82 min=17.80
03-12 16:33:42.692 14387 15363 I BufferQueueProducer: [SurfaceTexture-1-14387-5](this:0x8fdfa000,id:5,api:3,p:14387,c:14387) queueBuffer: fps=31.12 dur=1028.16 max=79.78 min=15.32
03-12 16:33:43.678 14387 14399 I zygote  : Background concurrent copying GC freed 7792(5MB) AllocSpace objects, 16(300KB) LOS objects, 40% free, 8MB/14MB, paused 199us total 164.138ms
03-12 16:33:43.697 14387 15363 I BufferQueueProducer: [SurfaceTexture-1-14387-5](this:0x8fdfa000,id:5,api:3,p:14387,c:14387) queueBuffer: fps=29.85 dur=1005.12 max=51.33 min=16.86
03-12 16:33:44.699 14387 15363 I BufferQueueProducer: [SurfaceTexture-1-14387-5](this:0x8fdfa000,id:5,api:3,p:14387,c:14387) queueBuffer: fps=24.95 dur=1002.20 max=98.24 min=13.38
03-12 16:33:45.731 14387 15363 I BufferQueueProducer: [SurfaceTexture-1-14387-5](this:0x8fdfa000,id:5,api:3,p:14387,c:14387) queueBuffer: fps=27.15 dur=1031.23 max=67.27 min=19.61
03-12 16:33:46.479 14387 14399 I zygote  : Background concurrent copying GC freed 4062(2MB) AllocSpace objects, 155(3MB) LOS objects, 40% free, 8MB/14MB, paused 171us total 154.067ms
03-12 16:33:46.761 14387 15363 I BufferQueueProducer: [SurfaceTexture-1-14387-5](this:0x8fdfa000,id:5,api:3,p:14387,c:14387) queueBuffer: fps=33.97 dur=1030.20 max=77.70 min=16.73
03-12 16:33:47.799 14387 15363 I BufferQueueProducer: [SurfaceTexture-1-14387-5](this:0x8fdfa000,id:5,api:3,p:14387,c:14387) queueBuffer: fps=26.97 dur=1038.33 max=108.81 min=13.58
03-12 16:33:48.816 14387 15363 I BufferQueueProducer: [SurfaceTexture-1-14387-5](this:0x8fdfa000,id:5,api:3,p:14387,c:14387) queueBuffer: fps=31.47 dur=1016.71 max=81.08 min=13.91
03-12 16:33:49.840 14387 15363 I BufferQueueProducer: [SurfaceTexture-1-14387-5](this:0x8fdfa000,id:5,api:3,p:14387,c:14387) queueBuffer: fps=31.26 dur=1023.68 max=45.88 min=15.96
03-12 16:33:50.493 14387 14399 I zygote  : Background concurrent copying GC freed 5696(4MB) AllocSpace objects, 81(1832KB) LOS objects, 40% free, 8MB/14MB, paused 177us total 130.939ms
03-12 16:33:50.845 14387 15363 I BufferQueueProducer: [SurfaceTexture-1-14387-5](this:0x8fdfa000,id:5,api:3,p:14387,c:14387) queueBuffer: fps=29.83 dur=1005.62 max=48.76 min=19.82
03-12 16:33:51.856 14387 15363 I BufferQueueProducer: [SurfaceTexture-1-14387-5](this:0x8fdfa000,id:5,api:3,p:14387,c:14387) queueBuffer: fps=30.66 dur=1011.07 max=43.20 min=16.34
03-12 16:33:52.289 14387 15363 I BufferQueueProducer: [SurfaceTexture-1-14387-5](this:0x8fdfa000,id:5,api:3,p:14387,c:14387) queueBuffer: slot 5 is dropped, handle=0x8fde5c80
03-12 16:33:52.885 14387 15363 I BufferQueueProducer: [SurfaceTexture-1-14387-5](this:0x8fdfa000,id:5,api:3,p:14387,c:14387) queueBuffer: fps=29.17 dur=1028.55 max=54.00 min=11.37
03-12 16:33:53.924 14387 15363 I BufferQueueProducer: [SurfaceTexture-1-14387-5](this:0x8fdfa000,id:5,api:3,p:14387,c:14387) queueBuffer: fps=30.81 dur=1038.76 max=79.04 min=11.96
03-12 16:33:54.924 14387 15363 I BufferQueueProducer: [SurfaceTexture-1-14387-5](this:0x8fdfa000,id:5,api:3,p:14387,c:14387) queueBuffer: fps=29.98 dur=1000.60 max=96.74 min=10.37
03-12 16:33:55.934 14387 15363 I BufferQueueProducer: [SurfaceTexture-1-14387-5](this:0x8fdfa000,id:5,api:3,p:14387,c:14387) queueBuffer: fps=28.72 dur=1009.86 max=122.24 min=11.16
03-12 16:33:56.083 14387 14387 I HUREV   : [2] AapTransport.send | Unknown: 0
03-12 16:33:56.125 14387 14399 I zygote  : Background concurrent copying GC freed 8240(5MB) AllocSpace objects, 6(140KB) LOS objects, 40% free, 8MB/14MB, paused 329us total 115.031ms
03-12 16:33:56.128 14387 15363 I BufferQueueProducer: [SurfaceTexture-1-14387-5](this:0x8fdfa000,id:5,api:3,p:14387,c:14387) queueBuffer: slot 9 is dropped, handle=0x8fde61c0
03-12 16:33:56.137 14387 14387 I HUREV   : [2] AapTransport.send | Unknown: 0
03-12 16:33:56.949 14387 15363 I BufferQueueProducer: [SurfaceTexture-1-14387-5](this:0x8fdfa000,id:5,api:3,p:14387,c:14387) queueBuffer: fps=40.39 dur=1015.17 max=94.28 min=10.88
03-12 16:33:57.232 14387 14387 I HUREV   : [2] 1.invoke | NightMode update: false
03-12 16:33:57.957 14387 15363 I BufferQueueProducer: [SurfaceTexture-1-14387-5](this:0x8fdfa000,id:5,api:3,p:14387,c:14387) queueBuffer: fps=49.64 dur=1007.31 max=92.02 min=11.94
03-12 16:33:58.991 14387 15363 I BufferQueueProducer: [SurfaceTexture-1-14387-5](this:0x8fdfa000,id:5,api:3,p:14387,c:14387) queueBuffer: fps=35.76 dur=1034.77 max=43.44 min=11.00
03-12 16:34:00.018 14387 15363 I BufferQueueProducer: [SurfaceTexture-1-14387-5](this:0x8fdfa000,id:5,api:3,p:14387,c:14387) queueBuffer: fps=30.21 dur=1026.31 max=44.94 min=19.10
03-12 16:34:01.117 14387 15363 I BufferQueueProducer: [SurfaceTexture-1-14387-5](this:0x8fdfa000,id:5,api:3,p:14387,c:14387) queueBuffer: fps=28.19 dur=1099.83 max=103.34 min=14.56
03-12 16:34:02.168 14387 15363 I BufferQueueProducer: [SurfaceTexture-1-14387-5](this:0x8fdfa000,id:5,api:3,p:14387,c:14387) queueBuffer: fps=28.56 dur=1050.32 max=145.77 min=10.14
03-12 16:34:03.194 14387 15363 I BufferQueueProducer: [SurfaceTexture-1-14387-5](this:0x8fdfa000,id:5,api:3,p:14387,c:14387) queueBuffer: fps=30.22 dur=1025.76 max=88.43 min=11.55
03-12 16:34:04.202 14387 15363 I BufferQueueProducer: [SurfaceTexture-1-14387-5](this:0x8fdfa000,id:5,api:3,p:14387,c:14387) queueBuffer: fps=27.77 dur=1008.29 max=131.40 min=12.08
03-12 16:34:05.247 14387 14387 I HUREV   : [2] AapProjectionActivity.onPause | AapProjectionActivity: onPause
03-12 16:34:05.454 14387 14387 I HUREV   : [2] UsbReceiver.onReceive | USB Intent: Intent { act=android.hardware.usb.action.USB_DEVICE_DETACHED flg=0x1000010 (has extras) }
03-12 16:34:05.463 14387 14387 I HUREV   : [2] UsbReceiver.onReceive | USB Intent: Intent { act=android.hardware.usb.action.USB_DEVICE_DETACHED flg=0x1000010 (has extras) }
03-12 16:34:05.808 14387 15369 I HUREV   : [2382] VideoDecoder.outputThreadLoop | Output thread stopped
03-12 16:34:05.819 14387 15361 D AudioTrack: stop() called with 9609216 frames delivered
03-12 16:34:05.920 14387 15363 D BufferQueueProducer: [SurfaceTexture-1-14387-5](this:0x8fdfa000,id:5,api:3,p:14387,c:14387) cancelBuffer: slot 0
03-12 16:34:05.922 14387 15363 D BufferQueueProducer: [SurfaceTexture-1-14387-5](this:0x8fdfa000,id:5,api:3,p:14387,c:14387) cancelBuffer: slot 1
03-12 16:34:05.923 14387 15363 D BufferQueueProducer: [SurfaceTexture-1-14387-5](this:0x8fdfa000,id:5,api:3,p:14387,c:14387) cancelBuffer: slot 2
03-12 16:34:05.925 14387 15363 D BufferQueueProducer: [SurfaceTexture-1-14387-5](this:0x8fdfa000,id:5,api:3,p:14387,c:14387) cancelBuffer: slot 3
03-12 16:34:05.926 14387 15363 D BufferQueueProducer: [SurfaceTexture-1-14387-5](this:0x8fdfa000,id:5,api:3,p:14387,c:14387) cancelBuffer: slot 5
03-12 16:34:05.927 14387 15363 D BufferQueueProducer: [SurfaceTexture-1-14387-5](this:0x8fdfa000,id:5,api:3,p:14387,c:14387) cancelBuffer: slot 6
03-12 16:34:05.928 14387 15363 D BufferQueueProducer: [SurfaceTexture-1-14387-5](this:0x8fdfa000,id:5,api:3,p:14387,c:14387) cancelBuffer: slot 7
03-12 16:34:05.928 14387 15363 D BufferQueueProducer: [SurfaceTexture-1-14387-5](this:0x8fdfa000,id:5,api:3,p:14387,c:14387) cancelBuffer: slot 8
03-12 16:34:05.929 14387 15363 D BufferQueueProducer: [SurfaceTexture-1-14387-5](this:0x8fdfa000,id:5,api:3,p:14387,c:14387) cancelBuffer: slot 9
03-12 16:34:05.931 14387 15363 D BufferQueueProducer: [SurfaceTexture-1-14387-5](this:0x8fdfa000,id:5,api:3,p:14387,c:14387) cancelBuffer: slot 10
03-12 16:34:05.933 14387 15362 D SurfaceUtils: disconnecting from surface 0x8e0d3008, reason disconnectFromSurface
03-12 16:34:05.934 14387 15362 D Surface : Surface::disconnect(this=0x8e0d3000,api=3)
03-12 16:34:05.934 14387 15362 I BufferQueueProducer: [SurfaceTexture-1-14387-5](this:0x8fdfa000,id:5,api:3,p:14387,c:14387) disconnect(P): api 3
03-12 16:34:05.934 14387 15362 I BufferQueueConsumer: [SurfaceTexture-1-14387-5](this:0x8fdfa000,id:5,api:3,p:-1,c:14387) getReleasedBuffers: returning mask 0xffffffffffffffff
03-12 16:34:05.990 14387 14387 I HUREV   : [2] AapService.scheduleReconnectIfNeeded | AapService: USB disconnect. Scheduling reconnect check in 3000ms...
03-12 16:34:06.055 14387 14765 I HUREV   : [887] VideoDecoder.stop | Decoder stopped: AapService::onDisconnect
03-12 16:34:06.206 14387 15354 W HUREV   : [2376] UsbAccessoryConnection.recvBlocking | USB read errors (10) for 1s — waiting for recovery...
03-12 16:34:07.991 14387 15356 E [EGL-ERROR]: __egl_platform_cancel_buffers:644: surface->num_buffers(4)
03-12 16:34:07.991 14387 15356 D Surface : Surface::disconnect(this=0x90231000,api=1)
03-12 16:34:07.992 14387 15356 D GraphicBuffer: unregister, handle(0x8fde5380) (w:720 h:1280 s:720 f:0x2 u:f02)
03-12 16:34:07.992 14387 15356 D GraphicBuffer: unregister, handle(0x8fde4300) (w:720 h:1280 s:720 f:0x2 u:f02)
03-12 16:34:07.993 14387 15356 D GraphicBuffer: unregister, handle(0x8fde6640) (w:720 h:1280 s:720 f:0x2 u:f02)
03-12 16:34:07.993 14387 15356 D GraphicBuffer: unregister, handle(0x8fde6700) (w:720 h:1280 s:720 f:0x2 u:f02)
03-12 16:34:07.997 14387 14387 D Surface : Surface::disconnect(this=0x90231000,api=-1)
03-12 16:34:08.000 14387 14407 E [EGL-ERROR]: __egl_platform_cancel_buffers:644: surface->num_buffers(4)
03-12 16:34:08.001 14387 14407 D Surface : Surface::disconnect(this=0x90192000,api=1)
03-12 16:34:08.001 14387 14407 D GraphicBuffer: unregister, handle(0x8fde4d80) (w:720 h:1280 s:720 f:0x1 u:f02)
03-12 16:34:08.001 14387 14407 D GraphicBuffer: unregister, handle(0xa2e43ec0) (w:720 h:1280 s:720 f:0x1 u:f02)
03-12 16:34:08.001 14387 14407 D GraphicBuffer: unregister, handle(0x8fde5680) (w:720 h:1280 s:720 f:0x1 u:f02)
03-12 16:34:08.002 14387 14407 D GraphicBuffer: unregister, handle(0x8fde5ec0) (w:720 h:1280 s:720 f:0x1 u:f02)
03-12 16:34:08.132 14387 14387 I HUREV   : [2] AapProjectionActivity.onDestroy | AapProjectionActivity.onDestroy called. isFinishing=true
03-12 16:34:08.134 14387 14387 I BufferQueueConsumer: [SurfaceTexture-1-14387-5](this:0x8fdfa000,id:5,api:3,p:-1,c:-1) disconnect(C)
03-12 16:34:08.152 14387 14387 D View    : [Warning] assignParent to null: this = DecorView@18a7193[AapProjectionActivity]
03-12 16:34:08.158 14387 14387 D WindowClient: Remove from mViews: DecorView@18a7193[AapProjectionActivity], this = android.view.WindowManagerGlobal@9003003
03-12 16:34:08.162 14387 14387 I HUREV   : [2] AapProjectionActivity.onSurfaceDestroyed | SurfaceCallback: onSurfaceDestroyed. Surface: Surface(name=android.graphics.SurfaceTexture@76d6ad)/@0x3e9b73a
03-12 16:34:08.169 14387 14387 I HUREV   : [2] VideoDecoder.stop | Decoder stopped: surfaceDestroyed
03-12 16:34:08.212 14387 15354 W HUREV   : [2376] UsbAccessoryConnection.recvBlocking | USB read errors (20) for 3s — waiting for recovery...
03-12 16:34:08.388 14387 15361 I HUREV   : [2379] AudioTrackWrapper.run | AudioTrackWrapper thread finished.
03-12 16:40:04.237 16134 16134 I zygote  : Late-enabling -Xcheck:jni
03-12 16:40:04.320 16134 16134 I JDWP    : type=1400 audit(0.0:46997): avc: denied { connectto } for path=006A6477702D636F6E74726F6C scontext=u:r:untrusted_app:s0:c512,c768 tcontext=u:r:su:s0 tclass=unix_stream_socket permissive=1
03-12 16:40:04.527 16134 16134 W ActivityThread: Application com.andrerinas.headunitrevived can be debugged on port 8100...
03-12 16:40:04.622 16134 16134 I MultiDex: VM with version 2.1.0 has multidex support
03-12 16:40:04.622 16134 16134 I MultiDex: Installing application
03-12 16:40:04.622 16134 16134 I MultiDex: VM has multidex support, MultiDex support library is disabled.
03-12 16:40:06.116 16134 16134 I HUREV   : [2] MainActivity.handleIntent | MainActivity received intent: android.intent.action.MAIN, data: null
03-12 16:40:06.306 16134 16134 W HookText: Error parsing /system/etc/info_config.xml
03-12 16:40:06.306 16134 16134 W HookText: java.io.FileNotFoundException: /system/etc/info_config.xml (No such file or directory)
03-12 16:40:06.306 16134 16134 W HookText: 	at java.io.FileInputStream.open0(Native Method)
03-12 16:40:06.306 16134 16134 W HookText: 	at java.io.FileInputStream.open(FileInputStream.java:200)
03-12 16:40:06.306 16134 16134 W HookText: 	at java.io.FileInputStream.<init>(FileInputStream.java:150)
03-12 16:40:06.306 16134 16134 W HookText: 	at java.io.FileInputStream.<init>(FileInputStream.java:103)
03-12 16:40:06.306 16134 16134 W HookText: 	at android.widget.HookText.loadRules(HookText.java:447)
03-12 16:40:06.306 16134 16134 W HookText: 	at android.widget.HookText.init(HookText.java:128)
03-12 16:40:06.306 16134 16134 W HookText: 	at android.widget.HookText.hookSetTextInternal(HookText.java:189)
03-12 16:40:06.306 16134 16134 W HookText: 	at android.widget.HookText.hookSetText(HookText.java:179)
03-12 16:40:06.306 16134 16134 W HookText: 	at android.widget.TextView.setText(TextView.java:5282)
03-12 16:40:06.306 16134 16134 W HookText: 	at android.widget.TextView.setText(TextView.java:5272)
03-12 16:40:06.306 16134 16134 W HookText: 	at android.widget.TextView.<init>(TextView.java:1634)
03-12 16:40:06.306 16134 16134 W HookText: 	at android.widget.TextView.<init>(TextView.java:828)
03-12 16:40:06.306 16134 16134 W HookText: 	at androidx.appcompat.widget.AppCompatTextView.<init>(AppCompatTextView.java:113)
03-12 16:40:06.306 16134 16134 W HookText: 	at com.google.android.material.textview.MaterialTextView.<init>(MaterialTextView.java:92)
03-12 16:40:06.306 16134 16134 W HookText: 	at com.google.android.material.textview.MaterialTextView.<init>(MaterialTextView.java:87)
03-12 16:40:06.306 16134 16134 W HookText: 	at com.google.android.material.theme.MaterialComponentsViewInflater.createTextView(MaterialComponentsViewInflater.java:61)
03-12 16:40:06.306 16134 16134 W HookText: 	at androidx.appcompat.app.AppCompatViewInflater.createView(AppCompatViewInflater.java:148)
03-12 16:40:06.306 16134 16134 W HookText: 	at androidx.appcompat.app.AppCompatDelegateImpl.createView(AppCompatDelegateImpl.java:1678)
03-12 16:40:06.306 16134 16134 W HookText: 	at androidx.appcompat.app.AppCompatDelegateImpl.onCreateView(AppCompatDelegateImpl.java:1729)
03-12 16:40:06.306 16134 16134 W HookText: 	at android.view.LayoutInflater$FactoryMerger.onCreateView(LayoutInflater.java:189)
03-12 16:40:06.306 16134 16134 W HookText: 	at android.view.LayoutInflater.createViewFromTag(LayoutInflater.java:772)
03-12 16:40:06.306 16134 16134 W HookText: 	at android.view.LayoutInflater.createViewFromTag(LayoutInflater.java:730)
03-12 16:40:06.306 16134 16134 W HookText: 	at android.view.LayoutInflater.rInflate(LayoutInflater.java:863)
03-12 16:40:06.306 16134 16134 W HookText: 	at android.view.LayoutInflater.rInflateChildren(LayoutInflater.java:824)
03-12 16:40:06.306 16134 16134 W HookText: 	at android.view.LayoutInflater.rInflate(LayoutInflater.java:866)
03-12 16:40:06.306 16134 16134 W HookText: 	at android.view.LayoutInflater.rInflateChildren(LayoutInflater.java:824)
03-12 16:40:06.306 16134 16134 W HookText: 	at android.view.LayoutInflater.inflate(LayoutInflater.java:515)
03-12 16:40:06.306 16134 16134 W HookText: 	at android.view.LayoutInflater.inflate(LayoutInflater.java:423)
03-12 16:40:06.306 16134 16134 W HookText: 	at com.andrerinas.headunitrevived.main.HomeFragment.onCreateView(HomeFragment.kt:55)
03-12 16:40:06.306 16134 16134 W HookText: 	at androidx.fragment.app.Fragment.performCreateView(Fragment.java:3114)
03-12 16:40:06.306 16134 16134 W HookText: 	at androidx.fragment.app.FragmentStateManager.createView(FragmentStateManager.java:557)
03-12 16:40:06.306 16134 16134 W HookText: 	at androidx.fragment.app.FragmentStateManager.moveToExpectedState(FragmentStateManager.java:272)
03-12 16:40:06.306 16134 16134 W HookText: 	at androidx.fragment.app.FragmentStore.moveToExpectedState(FragmentStore.java:114)
03-12 16:40:06.306 16134 16134 W HookText: 	at androidx.fragment.app.FragmentManager.moveToState(FragmentManager.java:1455)
03-12 16:40:06.306 16134 16134 W HookText: 	at androidx.fragment.app.FragmentManager.dispatchStateChange(FragmentManager.java:3034)
03-12 16:40:06.306 16134 16134 W HookText: 	at androidx.fragment.app.FragmentManager.dispatchViewCreated(FragmentManager.java:2945)
03-12 16:40:06.306 16134 16134 W HookText: 	at androidx.fragment.app.Fragment.performViewCreated(Fragment.java:3148)
03-12 16:40:06.306 16134 16134 W HookText: 	at androidx.fragment.app.FragmentStateManager.createView(FragmentStateManager.java:588)
03-12 16:40:06.306 16134 16134 W HookText: 	at androidx.fragment.app.FragmentStateManager.moveToExpectedState(FragmentStateManager.java:272)
03-12 16:40:06.306 16134 16134 W HookText: 	at androidx.fragment.app.FragmentStore.moveToExpectedState(FragmentStore.java:114)
03-12 16:40:06.306 16134 16134 W HookText: 	at androidx.fragment.app.FragmentManager.moveToState(FragmentManager.java:1455)
03-12 16:40:06.306 16134 16134 W HookText: 	at androidx.fragment.app.FragmentManager.dispatchStateChange(FragmentManager.java:3034)
03-12 16:40:06.306 16134 16134 W HookText: 	at androidx.fragment.app.FragmentManager.dispatchActivityCreated(FragmentManager.java:2952)
03-12 16:40:06.306 16134 16134 W HookText: 	at androidx.fragment.app.FragmentController.dispatchActivityCreated(FragmentController.java:263)
03-12 16:40:06.306 16134 16134 W HookText: 	at androidx.fragment.app.FragmentActivity.onStart(FragmentActivity.java:350)
03-12 16:40:06.306 16134 16134 W HookText: 	at androidx.appcompat.app.AppCompatActivity.onStart(AppCompatActivity.java:251)
03-12 16:40:06.306 16134 16134 W HookText: 	at com.andrerinas.headunitrevived.main.MainActivity.onStart(MainActivity.kt:116)
03-12 16:40:06.306 16134 16134 W HookText: 	at android.app.Instrumentation.callActivityOnStart(Instrumentation.java:1334)
03-12 16:40:06.306 16134 16134 W HookText: 	at android.app.Activity.performStart(Activity.java:7043)
03-12 16:40:06.306 16134 16134 W HookText: 	at android.app.ActivityThread.performLaunchActivity(ActivityThread.java:2782)
03-12 16:40:06.308 16134 16134 W HookText: 	at android.app.ActivityThread.handleLaunchActivity(ActivityThread.java:2897)
03-12 16:40:06.308 16134 16134 W HookText: 	at android.app.ActivityThread.-wrap11(Unknown Source:0)
03-12 16:40:06.308 16134 16134 W HookText: 	at android.app.ActivityThread$H.handleMessage(ActivityThread.java:1623)
03-12 16:40:06.308 16134 16134 W HookText: 	at android.os.Handler.dispatchMessage(Handler.java:106)
03-12 16:40:06.308 16134 16134 W HookText: 	at android.os.Looper.loop(Looper.java:164)
03-12 16:40:06.308 16134 16134 W HookText: 	at android.app.ActivityThread.main(ActivityThread.java:6548)
03-12 16:40:06.308 16134 16134 W HookText: 	at java.lang.reflect.Method.invoke(Native Method)
03-12 16:40:06.308 16134 16134 W HookText: 	at com.android.internal.os.RuntimeInit$MethodAndArgsCaller.run(RuntimeInit.java:438)
03-12 16:40:06.308 16134 16134 W HookText: 	at com.android.internal.os.ZygoteInit.main(ZygoteInit.java:857)
03-12 16:40:06.480 16134 16139 I zygote  : Do partial code cache collection, code=31KB, data=27KB
03-12 16:40:06.481 16134 16139 I zygote  : After code cache collection, code=27KB, data=26KB
03-12 16:40:06.481 16134 16139 I zygote  : Increasing code cache capacity to 128KB
03-12 16:40:06.551 16134 16134 I HUREV   : [2] HomeFragment.attemptSingleUsbAutoConnect | HomeFragment: Requesting single-USB auto-connect via AapService
03-12 16:40:06.630 16134 16134 I HUREV   : [2] HomeFragment.onResume | HomeFragment: onResume. isConnected=false
03-12 16:40:06.646 16134 16139 I zygote  : Do partial code cache collection, code=29KB, data=46KB
03-12 16:40:06.648 16134 16139 I zygote  : After code cache collection, code=29KB, data=46KB
03-12 16:40:06.648 16134 16139 I zygote  : Increasing code cache capacity to 256KB
03-12 16:40:06.649 16134 16139 I zygote  : Compiler allocated 4MB to compile void android.widget.TextView.<init>(android.content.Context, android.util.AttributeSet, int, int)
03-12 16:40:06.685 16134 16134 I Choreographer: Skipped 116 frames!  The application may be doing too much work on its main thread.
03-12 16:40:07.183 16134 16139 I zygote  : Do full code cache collection, code=117KB, data=80KB
03-12 16:40:07.186 16134 16139 I zygote  : After code cache collection, code=99KB, data=60KB
03-12 16:40:07.239 16134 16155 E         : appName=com.andrerinas.headunitrevived, acAppName=/system/bin/surfaceflinger
03-12 16:40:07.239 16134 16155 E         : 0
03-12 16:40:07.249 16134 16155 I com.andrerinas.headunitrevived: android::hardware::configstore::V1_0::ISurfaceFlingerConfigs::hasWideColorDisplay retrieved: 0
03-12 16:40:07.253 16134 16155 I OpenGLRenderer: Initialized EGL, version 1.4
03-12 16:40:07.256 16134 16155 E         : appName=com.andrerinas.headunitrevived, acAppName=com.instagram.android
03-12 16:40:07.256 16134 16155 E         : 0
03-12 16:40:07.307 16134 16155 I HWUIExtension: Get disable program binary service property (0)
03-12 16:40:07.307 16134 16155 I HWUIExtension: Initializing program atlas...
03-12 16:40:07.308 16134 16155 I ProgramBinary/Service: ProgramBinaryService client side disable debugging.
03-12 16:40:07.308 16134 16155 I ProgramBinary/Service: ProgramBinaryService client side disable binary content debugging.
03-12 16:40:07.310 16134 16155 I HWUIExtension: Program binary detail: Binary length is 78196, program map length is 104.
03-12 16:40:07.310 16134 16155 I HWUIExtension: Succeeded to mmap program binaries. File descriptor is 51, and path is /dev/ashmem.
03-12 16:40:07.310 16134 16155 I HWUIExtension: No need to use file discriptor anymore, close fd(51).
03-12 16:40:07.388 16134 16134 I HUREV   : [2] AapService.onCreate | AapService creating...
03-12 16:40:07.499 16134 16134 I HUREV   : [2] 1.invoke | NightMode update: false
03-12 16:40:07.674 16134 16134 I HUREV   : [2] AapService.onCreate | Auto-started continuous log capture
03-12 16:40:07.863 16134 16134 I HUREV   : [2] AapService.performSingleUsbConnect | Single USB auto-connect: connecting to Xiaomi 2717:FF40
03-12 16:40:07.899 16134 16165 I HUREV   : [913] UsbAccessoryMode.switch | Success controlTransfer len: 2  acc_ver: 2
03-12 16:40:07.906 16134 16165 I HUREV   : [913] UsbAccessoryMode.switch | acc_ver: 2
03-12 16:40:07.911 16134 16165 I HUREV   : [913] UsbAccessoryMode.initStringControlTransfer | Success controlTransfer len: 7  index: 0  string: "Android"
03-12 16:40:07.917 16134 16165 I HUREV   : [913] UsbAccessoryMode.initStringControlTransfer | Success controlTransfer len: 12  index: 1  string: "Android Auto"
03-12 16:40:07.923 16134 16134 I HUREV   : [2] AapService.registerNetworkMonitor | NetworkMonitor: Registered network change listener
03-12 16:40:07.924 16134 16165 I HUREV   : [913] UsbAccessoryMode.initStringControlTransfer | Success controlTransfer len: 12  index: 2  string: "Android Auto"
03-12 16:40:07.929 16134 16165 I HUREV   : [913] UsbAccessoryMode.initStringControlTransfer | Success controlTransfer len: 5  index: 3  string: "2.0.1"
