03-12 16:47:04.344 17110 17249 I OpenGLRenderer: Initialized EGL, version 1.4
03-12 16:47:04.348 17110 17249 E         : appName=com.andrerinas.headunitrevived, acAppName=com.instagram.android
03-12 16:47:04.348 17110 17249 E         : 0
03-12 16:47:04.401 17110 17249 I HWUIExtension: Get disable program binary service property (0)
03-12 16:47:04.401 17110 17249 I HWUIExtension: Initializing program atlas...
03-12 16:47:04.402 17110 17249 I ProgramBinary/Service: ProgramBinaryService client side disable debugging.
03-12 16:47:04.402 17110 17249 I ProgramBinary/Service: ProgramBinaryService client side disable binary content debugging.
03-12 16:47:04.404 17110 17249 I HWUIExtension: Program binary detail: Binary length is 78196, program map length is 104.
03-12 16:47:04.404 17110 17249 I HWUIExtension: Succeeded to mmap program binaries. File descriptor is 51, and path is /dev/ashmem.
03-12 16:47:04.404 17110 17249 I HWUIExtension: No need to use file discriptor anymore, close fd(51).
03-12 16:47:04.897 17110 17110 I HUREV   : [2] AapService.onCreate | AapService creating...
03-12 16:47:04.980 17110 17110 I HUREV   : [2] 1.invoke | NightMode update: false
03-12 16:47:05.190 17110 17110 I HUREV   : [2] AapService.onCreate | Auto-started continuous log capture
03-12 16:47:05.307 17110 17110 I HUREV   : [2] AapService.registerNetworkMonitor | NetworkMonitor: Registered network change listener
03-12 16:47:05.405 17110 17110 I Choreographer: Skipped 188 frames!  The application may be doing too much work on its main thread.
03-12 16:47:05.544 17110 17249 D GraphicBuffer: register, handle(0xa2e6cc00) (w:720 h:1280 s:720 f:0x1 u:f02)
03-12 16:47:05.540 17110 17110 I RenderThread: type=1400 audit(0.0:50831): avc: denied { search } for name="clients" dev="debugfs" ino=7071 scontext=u:r:untrusted_app:s0:c512,c768 tcontext=u:object_r:debugfs_ion:s0 tclass=dir permissive=1
03-12 16:47:05.588 17110 17249 D HWUIExtension: MTKProgramCache.generateProgram: 1
03-12 16:47:05.607 17110 17249 D HWUIExtension: createProgram 0x0000000000000001, binary 0xaf940e38, length 2736, format 36705 within 18391ns
03-12 16:47:05.609 17110 17249 D HWUIExtension: MTKProgramCache.generateProgram: 1168231104520
03-12 16:47:05.614 17110 17249 D HWUIExtension: MTKProgramCache.generateProgram: 68724719680
03-12 16:47:05.614 17110 17249 D HWUIExtension: createProgram 0x0000001000500040, binary 0xaf9329f8, length 2800, format 36705 within 459ns
03-12 16:47:05.615 17110 17249 D HWUIExtension: MTKProgramCache.generateProgram: 562949958664257
03-12 16:47:05.615 17110 17249 D HWUIExtension: createProgram 0x0002000000500041, binary 0xaf935544, length 2832, format 36705 within 469ns
03-12 16:47:05.617 17110 17249 D HWUIExtension: MTKProgramCache.generateProgram: 562984313159683
03-12 16:47:05.617 17110 17249 D HWUIExtension: createProgram 0x0002000800000003, binary 0xaf936ad4, length 2828, format 36705 within 453ns
03-12 16:47:05.738 17110 17110 I HUREV   : [2] HomeFragment.onResume | HomeFragment: onResume. isConnected=false
03-12 16:47:05.840 17110 17110 I HUREV   : [2] GpsLocation.start | Request location updates
03-12 16:47:05.874 17110 17110 I HUREV   : [2] GpsLocation.start | Last known location:  Unknown
03-12 16:47:06.063 17110 17116 I zygote  : Do full code cache collection, code=126KB, data=89KB
03-12 16:47:06.072 17110 17116 I zygote  : After code cache collection, code=103KB, data=59KB
03-12 16:47:06.279 17110 17249 D GraphicBuffer: register, handle(0xa2e6d980) (w:720 h:1280 s:720 f:0x1 u:f02)
03-12 16:47:06.364 17110 17116 I zygote  : Do partial code cache collection, code=106KB, data=74KB
03-12 16:47:06.373 17110 17116 I zygote  : After code cache collection, code=105KB, data=73KB
03-12 16:47:06.383 17110 17116 I zygote  : Increasing code cache capacity to 512KB
03-12 16:47:06.436 17110 17249 D GraphicBuffer: register, handle(0xa2e6db00) (w:720 h:1280 s:720 f:0x1 u:f02)
03-12 16:47:07.344 17110 17110 I HUREV   : [2] HomeFragment.attemptSingleUsbAutoConnect | HomeFragment: Requesting single-USB auto-connect via AapService
03-12 16:47:08.419 17110 17110 D WindowClient: Add to mViews: DecorView@84cb9[SettingsActivity], this = android.view.WindowManagerGlobal@95143b7
03-12 16:47:08.443 17110 17110 D ViewRootImpl[SettingsActivity]: hardware acceleration = true , fakeHwAccelerated = false, sRendererDisabled = false, forceHwAccelerated = false, sSystemRendererDisabled = false
03-12 16:47:08.593 17110 17110 I Choreographer: Skipped 37 frames!  The application may be doing too much work on its main thread.
03-12 16:47:08.758 17110 17249 D Surface : Surface::connect(this=0x8fffb000,api=1)
03-12 16:47:08.758 17110 17110 D Surface : Surface::allocateBuffers(this=0x8fffb000)
03-12 16:47:08.760 17110 17249 D Surface : Surface::setBufferCount(this=0x8fffb000,bufferCount=4)
03-12 16:47:09.598 17110 17122 I zygote  : Background concurrent copying GC freed 15447(1013KB) AllocSpace objects, 0(0B) LOS objects, 49% free, 2MB/4MB, paused 153us total 142.855ms
03-12 16:47:09.647 17110 17110 D HookText: remove Node { textView:null, text:Zapisz}
03-12 16:47:09.648 17110 17110 D HookText: remove Node { textView:null, text:Zapisz}
03-12 16:47:09.648 17110 17110 D HookText: remove Node { textView:null, text:Tryb samodzielny}
03-12 16:47:09.648 17110 17110 D HookText: remove Node { textView:null, text:Wyjdź}
03-12 16:47:09.649 17110 17110 D HookText: remove Node { textView:null, text:Ustawienia}
03-12 16:47:09.649 17110 17110 D HookText: remove Node { textView:null, text:Wi-Fi}
03-12 16:47:09.649 17110 17110 D HookText: remove Node { textView:null, text:USB}
03-12 16:47:09.815 17110 17110 D View    : [ANR Warning]onLayout time too long, this =androidx.recyclerview.widget.RecyclerView{32b596b VFED.V... ......ID 0,74-1280,720 #7f0901b7 app:id/settingsRecyclerView}time =953 ms
03-12 16:47:09.816 17110 17110 D View    : [ANR Warning]onLayout time too long, this =android.widget.LinearLayout{cb37457 V.E...... ......ID 0,0-1280,720}time =978 ms
03-12 16:47:09.816 17110 17110 D View    : [ANR Warning]onLayout time too long, this =androidx.fragment.app.FragmentContainerView{8253b44 V.E...... ......ID 0,0-1280,720 #7f0901b9 app:id/settings_nav_host}time =981 ms
03-12 16:47:09.817 17110 17110 D View    : [ANR Warning]onLayout time too long, this =androidx.fragment.app.FragmentContainerView{a81242d V.E...... ......ID 0,0-1280,720 #7f0901b9 app:id/settings_nav_host}time =983 ms
03-12 16:47:09.818 17110 17110 D View    : [ANR Warning]onLayout time too long, this =androidx.appcompat.widget.ContentFrameLayout{9d04d62 V.E...... ......ID 0,0-1280,720 #1020002 android:id/content}time =984 ms
03-12 16:47:09.818 17110 17110 D View    : [ANR Warning]onLayout time too long, this =androidx.appcompat.widget.FitWindowsLinearLayout{110fef3 V.E...... ......ID 0,0-1280,720 #7f090036 app:id/action_bar_root}time =988 ms
03-12 16:47:09.819 17110 17110 D View    : [ANR Warning]onLayout time too long, this =android.widget.FrameLayout{4dcc7b0 V.E...... ......ID 0,0-1280,720}time =991 ms
03-12 16:47:09.819 17110 17110 D View    : [ANR Warning]onLayout time too long, this =android.widget.LinearLayout{8f8d629 V.E...... ......ID 0,0-1280,720}time =997 ms
03-12 16:47:09.820 17110 17110 D View    : [ANR Warning]onLayout time too long, this =DecorView@84cb9[SettingsActivity]time =999 ms
03-12 16:47:09.890 17110 17110 I Choreographer: Skipped 75 frames!  The application may be doing too much work on its main thread.
03-12 16:47:09.903 17110 17391 D ProfileInstaller: Installing profile for com.andrerinas.headunitrevived
03-12 16:47:10.082 17110 17249 D GraphicBuffer: register, handle(0xa2e6dbc0) (w:720 h:1280 s:720 f:0x1 u:f02)
03-12 16:47:10.096 17110 17249 D HWUIExtension: MTKProgramCache.generateProgram: 0
03-12 16:47:10.097 17110 17249 D HWUIExtension: createProgram 0x0000000000000000, binary 0xaf932000, length 2552, format 36705 within 618ns
03-12 16:47:10.097 17110 17249 D HWUIExtension: MTKProgramCache.generateProgram: 68719476736
03-12 16:47:10.098 17110 17249 D HWUIExtension: createProgram 0x0000001000000000, binary 0xaf936054, length 2688, format 36705 within 422ns
03-12 16:47:10.098 17110 17249 D HWUIExtension: MTKProgramCache.generateProgram: 103084458048
03-12 16:47:10.099 17110 17249 D HWUIExtension: createProgram 0x0000001800500040, binary 0xaf944684, length 2800, format 36705 within 571ns
03-12 16:47:10.103 17110 17249 D HWUIExtension: MTKProgramCache.generateProgram: 562949967052865
03-12 16:47:10.103 17110 17249 D HWUIExtension: createProgram 0x0002000000d00041, binary 0xaf942d44, length 2832, format 36705 within 502ns
03-12 16:47:10.104 17110 17249 D HWUIExtension: MTKProgramCache.generateProgram: 34364981312
03-12 16:47:10.104 17110 17249 D HWUIExtension: createProgram 0x0000000800500040, binary 0xaf9403d4, length 2660, format 36705 within 332ns
03-12 16:47:10.498 17110 17110 D WindowClient: Add to mViews: DecorView@198039f[], this = android.view.WindowManagerGlobal@95143b7
03-12 16:47:10.512 17110 17110 D ViewRootImpl[SettingsActivity]: hardware acceleration = true , fakeHwAccelerated = false, sRendererDisabled = false, forceHwAccelerated = false, sSystemRendererDisabled = false
03-12 16:47:10.548 17110 17110 I Choreographer: Skipped 38 frames!  The application may be doing too much work on its main thread.
03-12 16:47:10.621 17110 17249 D GraphicBuffer: register, handle(0xa2e6e940) (w:720 h:1280 s:720 f:0x1 u:f02)
03-12 16:47:10.856 17110 17116 I zygote  : Do full code cache collection, code=253KB, data=207KB
03-12 16:47:10.858 17110 17116 I zygote  : After code cache collection, code=253KB, data=152KB
03-12 16:47:10.864 17110 17116 I zygote  : Do partial code cache collection, code=253KB, data=153KB
03-12 16:47:10.865 17110 17116 I zygote  : After code cache collection, code=253KB, data=153KB
03-12 16:47:10.865 17110 17116 I zygote  : Increasing code cache capacity to 1024KB
03-12 16:47:10.914 17110 17110 D Surface : Surface::allocateBuffers(this=0x9067f800)
03-12 16:47:10.914 17110 17249 D Surface : Surface::connect(this=0x9067f800,api=1)
03-12 16:47:10.929 17110 17249 D Surface : Surface::setBufferCount(this=0x9067f800,bufferCount=4)
03-12 16:47:11.218 17110 17110 I Choreographer: Skipped 39 frames!  The application may be doing too much work on its main thread.
03-12 16:47:11.255 17110 17249 D GraphicBuffer: register, handle(0xa2e6edc0) (w:720 h:1280 s:720 f:0x1 u:f02)
03-12 16:47:11.372 17110 17249 D GraphicBuffer: register, handle(0xa2e6ee80) (w:519 h:750 s:528 f:0x1 u:f02)
03-12 16:47:11.380 17110 17249 D HWUIExtension: MTKProgramCache.generateProgram: 240518168576
03-12 16:47:11.381 17110 17249 D HWUIExtension: createProgram 0x0000003800000000, binary 0xaf9334e8, length 2812, format 36705 within 373ns
03-12 16:47:11.381 17110 17249 D HWUIExtension: MTKProgramCache.generateProgram: 8864812498944
03-12 16:47:11.382 17110 17249 D HWUIExtension: createProgram 0x0000081000000000, binary 0xaf93bd10, length 3516, format 36705 within 607ns
03-12 16:47:11.382 17110 17249 D HWUIExtension: MTKProgramCache.generateProgram: 8796093022208
03-12 16:47:11.383 17110 17249 D HWUIExtension: MTKProgramCache.generateProgram: 571780406181891
03-12 16:47:11.384 17110 17249 D HWUIExtension: createProgram 0x0002080800000003, binary 0xaf93f59c, length 3640, format 36705 within 563ns
03-12 16:47:11.385 17110 17249 D HWUIExtension: MTKProgramCache.generateProgram: 571746051686465
03-12 16:47:11.403 17110 17249 E [EGL-ERROR]: __egl_platform_cancel_buffers:644: surface->num_buffers(4)
03-12 16:47:11.403 17110 17249 D Surface : Surface::disconnect(this=0x906fc800,api=1)
03-12 16:47:11.404 17110 17249 D GraphicBuffer: unregister, handle(0xa2e6db00) (w:720 h:1280 s:720 f:0x1 u:f02)
03-12 16:47:11.404 17110 17249 D GraphicBuffer: unregister, handle(0xa2e6d980) (w:720 h:1280 s:720 f:0x1 u:f02)
03-12 16:47:11.404 17110 17249 D GraphicBuffer: unregister, handle(0xa2e6cc00) (w:720 h:1280 s:720 f:0x1 u:f02)
03-12 16:47:11.551 17110 17249 D GraphicBuffer: register, handle(0xa2e6d980) (w:519 h:750 s:528 f:0x1 u:f02)
03-12 16:47:11.600 17110 17249 D GraphicBuffer: register, handle(0xa2e6d140) (w:519 h:750 s:528 f:0x1 u:f02)
03-12 16:47:12.427 17110 17249 E [EGL-ERROR]: __egl_platform_cancel_buffers:644: surface->num_buffers(4)
03-12 16:47:12.427 17110 17249 D Surface : Surface::disconnect(this=0x9067f800,api=1)
03-12 16:47:12.428 17110 17249 D GraphicBuffer: unregister, handle(0xa2e6d140) (w:519 h:750 s:528 f:0x1 u:f02)
03-12 16:47:12.428 17110 17249 D GraphicBuffer: unregister, handle(0xa2e6d980) (w:519 h:750 s:528 f:0x1 u:f02)
03-12 16:47:12.428 17110 17249 D GraphicBuffer: unregister, handle(0xa2e6ee80) (w:519 h:750 s:528 f:0x1 u:f02)
03-12 16:47:12.432 17110 17110 D View    : [Warning] assignParent to null: this = DecorView@198039f[]
03-12 16:47:12.457 17110 17110 D WindowClient: Remove from mViews: DecorView@198039f[], this = android.view.WindowManagerGlobal@95143b7
03-12 16:47:12.458 17110 17110 W InputEventReceiver: Attempted to finish an input event but the input event receiver has already been disposed.
03-12 16:47:12.460 17110 17110 W ViewRootImpl[SettingsActivity]: Dropping event due to root view being removed: MotionEvent { action=ACTION_MOVE, actionButton=0, id[0]=0, x[0]=-113.148315, y[0]=358.2649, toolType[0]=TOOL_TYPE_FINGER, buttonState=0, metaState=0, flags=0x0, edgeFlags=0x0, pointerCount=1, historySize=2, eventTime=4077349, downTime=4077317, deviceId=4, source=0x1002 }
03-12 16:47:12.460 17110 17110 W InputEventReceiver: Attempted to finish an input event but the input event receiver has already been disposed.
03-12 16:47:13.943 17110 17249 D HWUIExtension: MTKProgramCache.generateProgram: 103079215104
03-12 16:47:13.944 17110 17249 D HWUIExtension: createProgram 0x0000001800000000, binary 0xaf938da4, length 2688, format 36705 within 601ns
03-12 16:47:13.954 17110 17249 D GraphicBuffer: register, handle(0x901c9180) (w:720 h:1280 s:720 f:0x1 u:f02)
03-12 16:47:14.460 17110 17116 I zygote  : Compiler allocated 5MB to compile void android.view.ViewRootImpl.performTraversals()
03-12 16:47:21.288 17110 17110 D WindowClient: Add to mViews: DecorView@c4500d0[], this = android.view.WindowManagerGlobal@95143b7
03-12 16:47:21.291 17110 17110 D ViewRootImpl[SettingsActivity]: hardware acceleration = true , fakeHwAccelerated = false, sRendererDisabled = false, forceHwAccelerated = false, sSystemRendererDisabled = false
03-12 16:47:21.552 17110 17249 D Surface : Surface::connect(this=0x90771000,api=1)
03-12 16:47:21.552 17110 17110 D Surface : Surface::allocateBuffers(this=0x90771000)
03-12 16:47:21.563 17110 17249 D Surface : Surface::setBufferCount(this=0x90771000,bufferCount=4)
03-12 16:47:21.751 17110 17116 I zygote  : Do full code cache collection, code=506KB, data=403KB
03-12 16:47:21.754 17110 17116 I zygote  : After code cache collection, code=483KB, data=335KB
03-12 16:47:21.827 17110 17249 D GraphicBuffer: register, handle(0xa2e6d8c0) (w:483 h:1053 s:496 f:0x1 u:f02)
03-12 16:47:21.833 17110 17249 D HWUIExtension: MTKProgramCache.generateProgram: 5242944
03-12 16:47:21.834 17110 17249 D HWUIExtension: createProgram 0x0000000000500040, binary 0xaf9422e0, length 2660, format 36705 within 340ns
03-12 16:47:21.951 17110 17249 D GraphicBuffer: register, handle(0x901c9240) (w:483 h:1053 s:496 f:0x1 u:f02)
03-12 16:47:21.988 17110 17249 D GraphicBuffer: register, handle(0x901c93c0) (w:483 h:1053 s:496 f:0x1 u:f02)
03-12 16:47:23.273 17110 17249 E [EGL-ERROR]: __egl_platform_cancel_buffers:644: surface->num_buffers(4)
03-12 16:47:23.274 17110 17249 D Surface : Surface::disconnect(this=0x90771000,api=1)
03-12 16:47:23.274 17110 17249 D GraphicBuffer: unregister, handle(0x901c93c0) (w:483 h:1053 s:496 f:0x1 u:f02)
03-12 16:47:23.274 17110 17249 D GraphicBuffer: unregister, handle(0x901c9240) (w:483 h:1053 s:496 f:0x1 u:f02)
03-12 16:47:23.274 17110 17249 D GraphicBuffer: unregister, handle(0xa2e6d8c0) (w:483 h:1053 s:496 f:0x1 u:f02)
03-12 16:47:23.276 17110 17110 D View    : [Warning] assignParent to null: this = DecorView@c4500d0[]
03-12 16:47:23.294 17110 17110 D WindowClient: Remove from mViews: DecorView@c4500d0[], this = android.view.WindowManagerGlobal@95143b7
03-12 16:47:23.543 17110 17249 D HWUIExtension: MTKProgramCache.generateProgram: 562984313159681
03-12 16:47:23.543 17110 17249 D HWUIExtension: createProgram 0x0002000800000001, binary 0xaf938298, length 2828, format 36705 within 322ns
03-12 16:47:34.354 17110 17110 D HookText: remove Node { textView:null, text:Jasność ekranu}
03-12 16:47:34.354 17110 17110 D HookText: remove Node { textView:null, text:Auto (Wschód/zachód słońca)}
03-12 16:47:34.355 17110 17110 D HookText: remove Node { textView:null, text:Dzień}
03-12 16:47:34.355 17110 17110 D HookText: remove Node { textView:null, text:Noc}
03-12 16:47:34.355 17110 17110 D HookText: remove Node { textView:null, text:Czas ręczny}
03-12 16:47:34.355 17110 17110 D HookText: remove Node { textView:null, text:Czujnik światła}
03-12 16:47:34.355 17110 17110 D HookText: remove Node { textView:null, text:Jasność ekranu}
03-12 16:47:34.355 17110 17110 D HookText: remove Node { textView:null, text:Tryb nocny}
03-12 16:47:34.393 17110 17110 I HUREV   : [2] HomeFragment.onResume | HomeFragment: onResume. isConnected=false
03-12 16:47:34.447 17110 17110 D Surface : Surface::allocateBuffers(this=0x90771000)
03-12 16:47:34.447 17110 17249 D Surface : Surface::connect(this=0x90771000,api=1)
03-12 16:47:34.467 17110 17249 D Surface : Surface::setBufferCount(this=0x90771000,bufferCount=4)
03-12 16:47:34.554 17110 17249 D GraphicBuffer: register, handle(0xa2e6d8c0) (w:720 h:1280 s:720 f:0x1 u:f02)
03-12 16:47:34.671 17110 17249 D GraphicBuffer: register, handle(0xa2e6db00) (w:720 h:1280 s:720 f:0x1 u:f02)
03-12 16:47:34.696 17110 17249 E [EGL-ERROR]: __egl_platform_cancel_buffers:644: surface->num_buffers(4)
03-12 16:47:34.697 17110 17249 D Surface : Surface::disconnect(this=0x8fffb000,api=1)
03-12 16:47:34.697 17110 17249 D GraphicBuffer: unregister, handle(0xa2e6edc0) (w:720 h:1280 s:720 f:0x1 u:f02)
03-12 16:47:34.697 17110 17249 D GraphicBuffer: unregister, handle(0xa2e6e940) (w:720 h:1280 s:720 f:0x1 u:f02)
03-12 16:47:34.697 17110 17249 D GraphicBuffer: unregister, handle(0xa2e6dbc0) (w:720 h:1280 s:720 f:0x1 u:f02)
03-12 16:47:34.697 17110 17249 D GraphicBuffer: unregister, handle(0x901c9180) (w:720 h:1280 s:720 f:0x1 u:f02)
03-12 16:47:34.819 17110 17110 D View    : [Warning] assignParent to null: this = DecorView@84cb9[SettingsActivity]
03-12 16:47:34.826 17110 17110 D WindowClient: Remove from mViews: DecorView@84cb9[SettingsActivity], this = android.view.WindowManagerGlobal@95143b7
03-12 16:47:35.778 17110 17249 D GraphicBuffer: register, handle(0xa2e6dbc0) (w:720 h:1280 s:720 f:0x1 u:f02)
03-12 16:47:35.785 17110 17116 I zygote  : Do partial code cache collection, code=507KB, data=381KB
03-12 16:47:35.789 17110 17116 I zygote  : After code cache collection, code=507KB, data=381KB
03-12 16:47:35.789 17110 17116 I zygote  : Increasing code cache capacity to 2MB
03-12 16:47:35.791 17110 17249 D HWUIExtension: MTKProgramCache.generateProgram: 563053037879364
03-12 16:47:35.792 17110 17249 D HWUIExtension: createProgram 0x0002001800500044, binary 0xaf939824, length 3188, format 36705 within 674ns
03-12 16:47:35.855 17110 17110 I HUREV   : [2] AapService.onStartCommand | Stop action received.
03-12 16:47:35.918 17110 17110 I HUREV   : [2] AapService.onDestroy | AapService destroying...
03-12 16:47:37.249 17110 17249 E [EGL-ERROR]: __egl_platform_cancel_buffers:644: surface->num_buffers(4)
03-12 16:47:37.307 17110 17249 E [EGL-ERROR]: __egl_platform_cancel_buffers:644: surface->num_buffers(4)
03-12 16:47:37.550 17110 17110 I HUREV   : [2] MainActivity.onDestroy | MainActivity finishing, resetting auto-start flag.
03-12 16:48:18.088 17110 17110 I HUREV   : [2] GpsLocation.onProviderDisabled | gps
03-12 16:49:07.163 17110 17110 I HUREV   : [2] GpsLocation.onProviderEnabled | gps
03-12 16:49:36.000 17110 17110 I HUREV   : [2] MainActivity.handleIntent | MainActivity received intent: android.intent.action.MAIN, data: null
03-12 16:49:36.218 17110 17110 I HUREV   : [2] HomeFragment.attemptSingleUsbAutoConnect | HomeFragment: Requesting single-USB auto-connect via AapService
03-12 16:49:36.282 17110 17110 I HUREV   : [2] HomeFragment.onResume | HomeFragment: onResume. isConnected=false
03-12 16:49:36.322 17110 17110 I HUREV   : [2] AapService.onCreate | AapService creating...
03-12 16:49:36.389 17110 17110 I HUREV   : [2] 1.invoke | NightMode update: false
03-12 16:49:36.988 17110 17110 I HUREV   : [2] AapService.onCreate | Auto-started continuous log capture
03-12 16:49:37.088 17110 17110 I HUREV   : [2] AapService.performSingleUsbConnect | Single USB auto-connect: connecting to Xiaomi 2717:FF40
03-12 16:49:37.137 17110 17110 I HUREV   : [2] AapService.registerNetworkMonitor | NetworkMonitor: Registered network change listener
03-12 16:49:37.161 17110 18104 I HUREV   : [981] UsbAccessoryMode.switch | Success controlTransfer len: 2  acc_ver: 2
03-12 16:49:37.164 17110 18104 I HUREV   : [981] UsbAccessoryMode.switch | acc_ver: 2
03-12 16:49:37.167 17110 18104 I HUREV   : [981] UsbAccessoryMode.initStringControlTransfer | Success controlTransfer len: 7  index: 0  string: "Android"
03-12 16:49:37.173 17110 18104 I HUREV   : [981] UsbAccessoryMode.initStringControlTransfer | Success controlTransfer len: 12  index: 1  string: "Android Auto"
03-12 16:49:37.178 17110 18104 I HUREV   : [981] UsbAccessoryMode.initStringControlTransfer | Success controlTransfer len: 12  index: 2  string: "Android Auto"
03-12 16:49:37.184 17110 18104 I HUREV   : [981] UsbAccessoryMode.initStringControlTransfer | Success controlTransfer len: 5  index: 3  string: "2.0.1"
03-12 16:49:37.187 17110 18104 I HUREV   : [981] UsbAccessoryMode.initStringControlTransfer | Success controlTransfer len: 45  index: 4  string: "https://developer.android.com/auto/index.html"
03-12 16:49:37.190 17110 18104 I HUREV   : [981] UsbAccessoryMode.initStringControlTransfer | Success controlTransfer len: 12  index: 5  string: "HU-AAAAAA001"
03-12 16:49:37.192 17110 18104 I HUREV   : [981] UsbAccessoryMode.switch | Sending acc start
03-12 16:49:37.196 17110 18104 I HUREV   : [981] UsbAccessoryMode.switch | Acc start sent (len=0). Waiting for re-enumeration...
03-12 16:49:37.198 17110 17110 I Choreographer: Skipped 53 frames!  The application may be doing too much work on its main thread.
03-12 16:49:37.509 17110 17110 D Surface : Surface::allocateBuffers(this=0x9017b800)
03-12 16:49:37.509 17110 17249 D Surface : Surface::connect(this=0x9017b800,api=1)
03-12 16:49:37.530 17110 17249 D Surface : Surface::setBufferCount(this=0x9017b800,bufferCount=4)
03-12 16:49:37.631 17110 17249 E [EGL-ERROR]: __egl_platform_cancel_buffers:644: surface->num_buffers(4)
03-12 16:49:37.632 17110 17249 D Surface : Surface::disconnect(this=0x9017b800,api=1)
03-12 16:49:37.634 17110 17249 D Surface : Surface::connect(this=0x9017b800,api=1)
03-12 16:49:37.637 17110 17249 D Surface : Surface::setBufferCount(this=0x9017b800,bufferCount=4)
03-12 16:49:37.697 17110 18104 D UsbDeviceConnectionJNI: close
03-12 16:49:37.700 17110 18104 I HUREV   : [981] UsbAccessoryMode.connectAndSwitch | Result: true
03-12 16:49:37.717 17110 18104 I HUREV   : [981] 1.invokeSuspend | Successfully requested switch to accessory mode for single USB device. Waiting for re-enumeration...
03-12 16:49:37.724 17110 17249 D GraphicBuffer: register, handle(0xa2e6d8c0) (w:720 h:1280 s:720 f:0x1 u:f02)
03-12 16:49:37.791 17110 17110 I HUREV   : [2] UsbReceiver.onReceive | USB Intent: Intent { act=android.hardware.usb.action.USB_DEVICE_DETACHED flg=0x1000010 (has extras) }
03-12 16:49:37.817 17110 17110 I HUREV   : [2] UsbReceiver.onReceive | USB Intent: Intent { act=android.hardware.usb.action.USB_DEVICE_DETACHED flg=0x1000010 (has extras) }
03-12 16:49:37.873 17110 17110 I HUREV   : [2] HomeFragment.onResume | HomeFragment: onResume. isConnected=false
03-12 16:49:37.943 17110 17249 D GraphicBuffer: register, handle(0x901c9180) (w:720 h:1280 s:720 f:0x1 u:f02)
03-12 16:49:37.952 17110 17110 I HUREV   : [2] UsbReceiver.onReceive | USB Intent: Intent { act=android.hardware.usb.action.USB_DEVICE_ATTACHED flg=0x11000010 (has extras) }
03-12 16:49:37.959 17110 17110 I HUREV   : [2] UsbReceiver.onReceive | USB Intent: Intent { act=android.hardware.usb.action.USB_DEVICE_ATTACHED flg=0x11000010 (has extras) }
03-12 16:49:37.961 17110 17110 I HUREV   : [2] AapService.onUsbAttach | USB accessory device attached, connecting.
03-12 16:49:37.968 17110 17110 I HUREV   : [2] AapService.checkAlreadyConnectedUsb | Found device already in accessory mode: Google 18D1:2D00
03-12 16:49:38.022 17110 18104 I HUREV   : [981] UsbAccessoryConnection.usbOpen | Established connection: android.hardware.usb.UsbDeviceConnection@2b2c158
03-12 16:49:38.025 17110 18104 I HUREV   : [981] UsbAccessoryConnection.usbOpen | interfaceCount: 1
03-12 16:49:38.027 17110 18104 I HUREV   : [981] UsbAccessoryConnection.initEndpoint | Check accessory endpoints
03-12 16:49:38.029 17110 18104 I HUREV   : [981] UsbAccessoryConnection.initEndpoint | Connected have EPs
03-12 16:49:38.152 17110 18104 I HUREV   : [981] AapTransport.<init> | Using Java SSL implementation
03-12 16:49:38.221 17110 18104 I HUREV   : [981] AapTransport.startHandshake$com_andrerinas_headunitrevived_2_0_1_debug | Start Aap transport handshake for com.andrerinas.headunitrevived.connection.UsbAccessoryConnection@12c5396
03-12 16:49:38.675 17110 17110 I HUREV   : [2] AapProjectionActivity.onCreate | HeadUnit for Android Auto (tm) - Copyright 2011-2015 Michael A. Reid., since 2025 André Rinas All Rights Reserved...
03-12 16:49:38.678 17110 17110 I HUREV   : [2] AapProjectionActivity.onCreate | Using GlProjectionView
03-12 16:49:38.694 17110 17110 I HUREV   : [2] HeadUnitScreenConfig.recalculate | CarScreen: usable width: 1280 height: 720 (Raw: 1280x720, Insets: L0 T0 R0 B0)
03-12 16:49:38.697 17110 17110 I HUREV   : [2] HeadUnitScreenConfig.recalculate | CarScreen isSmallScreen: true, scaleFactor: 1.0
03-12 16:49:38.700 17110 17110 I HUREV   : [2] HeadUnitScreenConfig.recalculate | CarScreen using: _1280x720, number: 2, scales: scaleX: 1.0, scaleY: 1.0
03-12 16:49:38.733 17110 17110 I HUREV   : [2] AapProjectionActivity.onResume | AapProjectionActivity: onResume
03-12 16:49:38.744 17110 18104 D HUREV   : [981] AapTransport.handshake | Handshake: Starting version request. TS: 87758716
03-12 16:49:38.747 17110 18104 D HUREV   : [981] AapTransport.handshake | Handshake: Version request sent. ret: -1. attempt: 1. TS: 87758719
03-12 16:49:38.748 17110 17110 D WindowClient: Add to mViews: DecorView@5d5792[AapProjectionActivity], this = android.view.WindowManagerGlobal@95143b7
03-12 16:49:38.749 17110 18104 W HUREV   : [981] AapTransport.handshake | Handshake: Version request send failed (ret=-1), attempt 1
03-12 16:49:38.751 17110 17110 D ViewRootImpl[AapProjectionActivity]: hardware acceleration = true , fakeHwAccelerated = false, sRendererDisabled = false, forceHwAccelerated = false, sSystemRendererDisabled = false
03-12 16:49:38.804 17110 17110 I HUREV   : [2] UsbReceiver.onReceive | USB Intent: Intent { act=android.hardware.usb.action.USB_DEVICE_DETACHED flg=0x1000010 (has extras) }
03-12 16:49:38.808 17110 17110 I HUREV   : [2] UsbReceiver.onReceive | USB Intent: Intent { act=android.hardware.usb.action.USB_DEVICE_DETACHED flg=0x1000010 (has extras) }
03-12 16:49:38.874 17110 17249 D Surface : Surface::connect(this=0x8df5a800,api=1)
03-12 16:49:38.877 17110 17249 D Surface : Surface::setBufferCount(this=0x8df5a800,bufferCount=4)
03-12 16:49:38.914 17110 18113 D Surface : Surface::connect(this=0x90342800,api=1)
03-12 16:49:38.915 17110 17249 E [EGL-ERROR]: __egl_platform_cancel_buffers:644: surface->num_buffers(4)
03-12 16:49:38.915 17110 17249 D Surface : Surface::disconnect(this=0x9017b800,api=1)
03-12 16:49:38.916 17110 17249 D GraphicBuffer: unregister, handle(0xa2e6d8c0) (w:720 h:1280 s:720 f:0x1 u:f02)
03-12 16:49:38.916 17110 17249 D GraphicBuffer: unregister, handle(0x901c9180) (w:720 h:1280 s:720 f:0x1 u:f02)
03-12 16:49:38.918 17110 18113 D Surface : Surface::setBufferCount(this=0x90342800,bufferCount=4)
03-12 16:49:38.922 17110 18113 D GraphicBuffer: register, handle(0x901c9540) (w:720 h:1280 s:720 f:0x2 u:f02)
03-12 16:49:38.929 17110 18113 I HUREV   : [987] VideoRenderer.onSurfaceCreated | GlProjectionView: onSurfaceCreated (GL Context)
03-12 16:49:38.935 17110 18113 I BufferQueue: [unnamed-17110-0](this:0x8df7f000,id:0,api:0,p:-1,c:-1) BufferQueue core=(17110:com.andrerinas.headunitrevived)
03-12 16:49:38.944 17110 17110 I HUREV   : [2] AapProjectionActivity.onPause | AapProjectionActivity: onPause
03-12 16:49:38.951 17110 18104 D HUREV   : [981] AapTransport.handshake | Handshake: Version request sent. ret: -1. attempt: 2. TS: 87758924
03-12 16:49:38.956 17110 18104 W HUREV   : [981] AapTransport.handshake | Handshake: Version request send failed (ret=-1), attempt 2
03-12 16:49:38.988 17110 18113 E DumpTunnel: open libgui_ext failed
03-12 16:49:38.989 17110 18113 E DumpTunnel: finding regDump() failed
03-12 16:49:38.990 17110 18113 D GED     : [GED_KPI] ged_kpi is not supported
03-12 16:49:38.990 17110 18113 I BufferQueueConsumer: [unnamed-17110-0](this:0x8df7f000,id:0,api:0,p:-1,c:17110) connect(C): consumer=(17110:com.andrerinas.headunitrevived) controlledByApp=true
03-12 16:49:38.990 17110 18113 I BufferQueueConsumer: [unnamed-17110-0](this:0x8df7f000,id:0,api:0,p:-1,c:17110) setConsumerName: unnamed-17110-0
03-12 16:49:38.990 17110 18113 I BufferQueueConsumer: [SurfaceTexture-1-17110-0](this:0x8df7f000,id:0,api:0,p:-1,c:17110) setConsumerName: SurfaceTexture-1-17110-0
03-12 16:49:38.995 17110 18113 I HUREV   : [987] VideoRenderer.onSurfaceChanged | GlProjectionView: onSurfaceChanged: 1280x720
03-12 16:49:38.999 17110 17249 D GraphicBuffer: register, handle(0xa2e6d8c0) (w:720 h:1280 s:720 f:0x1 u:f02)
03-12 16:49:39.005 17110 18113 D GraphicBuffer: register, handle(0x901c9840) (w:720 h:1280 s:720 f:0x2 u:f02)
03-12 16:49:39.015 17110 17249 D GraphicBuffer: register, handle(0xa2e6d800) (w:720 h:1280 s:720 f:0x1 u:f02)
03-12 16:49:39.035 17110 17249 D GraphicBuffer: register, handle(0x901c9d80) (w:720 h:1280 s:720 f:0x1 u:f02)
03-12 16:49:39.052 17110 17110 I HUREV   : [2] HomeFragment.onResume | HomeFragment: onResume. isConnected=false
03-12 16:49:39.106 17110 17249 D Surface : Surface::connect(this=0x9017b800,api=1)
03-12 16:49:39.109 17110 17110 D Surface : Surface::allocateBuffers(this=0x9017b800)
03-12 16:49:39.148 17110 17249 D Surface : Surface::setBufferCount(this=0x9017b800,bufferCount=4)
03-12 16:49:39.156 17110 17110 I HUREV   : [2] VideoRenderer.onSurfaceCreated$lambda$4 | GlProjectionView: Reporting Surface Created
03-12 16:49:39.159 17110 17110 I HUREV   : [2] AapProjectionActivity.onSurfaceCreated | [AapProjectionActivity] onSurfaceCreated
03-12 16:49:39.159 17110 18104 D HUREV   : [981] AapTransport.handshake | Handshake: Version request sent. ret: -1. attempt: 3. TS: 87759132
03-12 16:49:39.162 17110 17110 I HUREV   : [2] AapProjectionActivity.onSurfaceChanged | [AapProjectionActivity] onSurfaceChanged. Actual surface dimensions: width=1280, height=720
03-12 16:49:39.164 17110 18104 W HUREV   : [981] AapTransport.handshake | Handshake: Version request send failed (ret=-1), attempt 3
03-12 16:49:39.170 17110 17110 I HUREV   : [2] VideoDecoder.setSurface | New surface set: Surface(name=android.graphics.SurfaceTexture@c217297)/@0xe8f8eb4
03-12 16:49:39.234 17110 17249 D GraphicBuffer: register, handle(0x901c9e40) (w:720 h:1280 s:720 f:0x1 u:f02)
03-12 16:49:39.262 17110 18113 E [EGL-ERROR]: __egl_platform_cancel_buffers:644: surface->num_buffers(4)
03-12 16:49:39.263 17110 18113 D Surface : Surface::disconnect(this=0x90342800,api=1)
03-12 16:49:39.263 17110 18113 D GraphicBuffer: unregister, handle(0x901c9540) (w:720 h:1280 s:720 f:0x2 u:f02)
03-12 16:49:39.263 17110 18113 D GraphicBuffer: unregister, handle(0x901c9840) (w:720 h:1280 s:720 f:0x2 u:f02)
03-12 16:49:39.264 17110 17110 D Surface : Surface::disconnect(this=0x90342800,api=-1)
03-12 16:49:39.275 17110 17249 E [EGL-ERROR]: __egl_platform_cancel_buffers:644: surface->num_buffers(4)
03-12 16:49:39.275 17110 17249 D Surface : Surface::disconnect(this=0x8df5a800,api=1)
03-12 16:49:39.275 17110 17249 D GraphicBuffer: unregister, handle(0xa2e6d8c0) (w:720 h:1280 s:720 f:0x1 u:f02)
03-12 16:49:39.275 17110 17249 D GraphicBuffer: unregister, handle(0xa2e6d800) (w:720 h:1280 s:720 f:0x1 u:f02)
03-12 16:49:39.276 17110 17249 D GraphicBuffer: unregister, handle(0x901c9d80) (w:720 h:1280 s:720 f:0x1 u:f02)
03-12 16:49:39.323 17110 17249 D GraphicBuffer: register, handle(0xa2e6d800) (w:720 h:1280 s:720 f:0x1 u:f02)
03-12 16:49:39.361 17110 17110 I HUREV   : [2] AapProjectionActivity.onDestroy | AapProjectionActivity.onDestroy called. isFinishing=true
03-12 16:49:39.366 17110 17110 I BufferQueueConsumer: [SurfaceTexture-1-17110-0](this:0x8df7f000,id:0,api:0,p:-1,c:-1) disconnect(C)
03-12 16:49:39.370 17110 18104 E HUREV   : [981] AapTransport.handshake | Handshake: Version request/response failed after 3 attempt(s). last ret: -1
03-12 16:49:39.371 17110 18104 I HUREV   : [981] AapTransport.quit$com_andrerinas_headunitrevived_2_0_1_debug | AapTransport quitting (clean=false)
03-12 16:49:39.373 17110 17110 D View    : [Warning] assignParent to null: this = DecorView@5d5792[AapProjectionActivity]
03-12 16:49:39.386 17110 18104 E HUREV   : [981] AapTransport.startHandshake$com_andrerinas_headunitrevived_2_0_1_debug | Handshake failed
03-12 16:49:39.392 17110 17110 D WindowClient: Remove from mViews: DecorView@5d5792[AapProjectionActivity], this = android.view.WindowManagerGlobal@95143b7
03-12 16:49:39.396 17110 17110 I HUREV   : [2] AapProjectionActivity.onSurfaceDestroyed | SurfaceCallback: onSurfaceDestroyed. Surface: Surface(name=android.graphics.SurfaceTexture@c217297)/@0xe8f8eb4
03-12 16:49:39.398 17110 17110 I HUREV   : [2] VideoDecoder.stop | Decoder stopped: surfaceDestroyed
03-12 16:49:52.508 17110 17110 I HUREV   : [2] UsbReceiver.onReceive | USB Intent: Intent { act=android.hardware.usb.action.USB_DEVICE_ATTACHED flg=0x11000010 (has extras) }
03-12 16:49:52.518 17110 17110 I HUREV   : [2] UsbReceiver.onReceive | USB Intent: Intent { act=android.hardware.usb.action.USB_DEVICE_ATTACHED flg=0x11000010 (has extras) }
03-12 16:49:52.520 17110 17110 I HUREV   : [2] AapService.onUsbAttach | Normal USB device attached: Xiaomi 2717:FF40. Will check auto-connect in 2000ms...
03-12 16:49:54.531 17110 17110 I HUREV   : [2] 1.invokeSuspend | UsbAttachedActivity didn't handle Xiaomi 2717:FF40. Trying from service...
03-12 16:49:54.536 17110 17110 I HUREV   : [2] AapService.performSingleUsbConnect | Single USB auto-connect: connecting to Xiaomi 2717:FF40
03-12 16:49:54.541 17110 18106 I HUREV   : [983] UsbAccessoryMode.switch | Success controlTransfer len: 2  acc_ver: 2
03-12 16:49:54.542 17110 18106 I HUREV   : [983] UsbAccessoryMode.switch | acc_ver: 2
03-12 16:49:54.544 17110 18106 I HUREV   : [983] UsbAccessoryMode.initStringControlTransfer | Success controlTransfer len: 7  index: 0  string: "Android"
03-12 16:49:54.545 17110 18106 I HUREV   : [983] UsbAccessoryMode.initStringControlTransfer | Success controlTransfer len: 12  index: 1  string: "Android Auto"
03-12 16:49:54.547 17110 18106 I HUREV   : [983] UsbAccessoryMode.initStringControlTransfer | Success controlTransfer len: 12  index: 2  string: "Android Auto"
03-12 16:49:54.549 17110 18106 I HUREV   : [983] UsbAccessoryMode.initStringControlTransfer | Success controlTransfer len: 5  index: 3  string: "2.0.1"
03-12 16:49:54.550 17110 18106 I HUREV   : [983] UsbAccessoryMode.initStringControlTransfer | Success controlTransfer len: 45  index: 4  string: "https://developer.android.com/auto/index.html"
03-12 16:49:54.552 17110 18106 I HUREV   : [983] UsbAccessoryMode.initStringControlTransfer | Success controlTransfer len: 12  index: 5  string: "HU-AAAAAA001"
03-12 16:49:54.553 17110 18106 I HUREV   : [983] UsbAccessoryMode.switch | Sending acc start
03-12 16:49:54.555 17110 18106 I HUREV   : [983] UsbAccessoryMode.switch | Acc start sent (len=0). Waiting for re-enumeration...
03-12 16:49:54.724 17110 17110 I HUREV   : [2] UsbReceiver.onReceive | USB Intent: Intent { act=android.hardware.usb.action.USB_DEVICE_DETACHED flg=0x1000010 (has extras) }
03-12 16:49:54.728 17110 17110 I HUREV   : [2] UsbReceiver.onReceive | USB Intent: Intent { act=android.hardware.usb.action.USB_DEVICE_DETACHED flg=0x1000010 (has extras) }
03-12 16:49:55.055 17110 18106 D UsbDeviceConnectionJNI: close
03-12 16:49:55.057 17110 18106 I HUREV   : [983] UsbAccessoryMode.connectAndSwitch | Result: true
03-12 16:49:55.058 17110 18106 I HUREV   : [983] 1.invokeSuspend | Successfully requested switch to accessory mode for single USB device. Waiting for re-enumeration...
03-12 16:49:55.117 17110 17110 I HUREV   : [2] UsbReceiver.onReceive | USB Intent: Intent { act=android.hardware.usb.action.USB_DEVICE_ATTACHED flg=0x11000010 (has extras) }
03-12 16:49:55.133 17110 17110 I HUREV   : [2] UsbReceiver.onReceive | USB Intent: Intent { act=android.hardware.usb.action.USB_DEVICE_ATTACHED flg=0x11000010 (has extras) }
03-12 16:49:55.134 17110 17110 I HUREV   : [2] AapService.onUsbAttach | USB accessory device attached, connecting.
03-12 16:49:55.139 17110 17110 I HUREV   : [2] AapService.checkAlreadyConnectedUsb | Found device already in accessory mode: Google 18D1:2D00
03-12 16:49:55.171 17110 18106 D UsbDeviceConnectionJNI: close
03-12 16:49:55.179 17110 18106 I HUREV   : [983] UsbAccessoryConnection.disconnect | Google 18D1:2D00 - UsbDevice[mName=/dev/bus/usb/001/058,mVendorId=6353,mProductId=11520,mClass=0,mSubclass=0,mProtocol=0,mManufacturerName=Android,mProductName=VehiConn_CBE4,mVersion=2.0,mSerialNumber=LY0123456789,mConfigurations=[
03-12 16:49:55.179 17110 18106 I HUREV   : UsbConfiguration[mId=1,mName=accessory,mAttributes=128,mMaxPower=75,mInterfaces=[
03-12 16:49:55.179 17110 18106 I HUREV   : UsbInterface[mId=0,mAlternateSetting=0,mName=Android Accessory Interface,mClass=255,mSubclass=255,mProtocol=0,mEndpoints=[
03-12 16:49:55.179 17110 18106 I HUREV   : UsbEndpoint[mAddress=129,mAttributes=2,mMaxPacketSize=512,mInterval=0]
03-12 16:49:55.179 17110 18106 I HUREV   : UsbEndpoint[mAddress=1,mAttributes=2,mMaxPacketSize=512,mInterval=0]]]]
03-12 16:49:55.179 17110 18106 E UsbDeviceConnectionJNI: device is closed in native_release_interface
03-12 16:49:55.187 17110 18106 E HUREV   : [983] UsbAccessoryConnection.disconnect | Error releaseInterface()
03-12 16:49:55.199 17110 18106 I HUREV   : [983] UsbAccessoryConnection.usbOpen | Established connection: android.hardware.usb.UsbDeviceConnection@38e0ce4
03-12 16:49:55.202 17110 18106 I HUREV   : [983] UsbAccessoryConnection.usbOpen | interfaceCount: 1
03-12 16:49:55.204 17110 18106 I HUREV   : [983] UsbAccessoryConnection.initEndpoint | Check accessory endpoints
03-12 16:49:55.207 17110 18106 I HUREV   : [983] UsbAccessoryConnection.initEndpoint | Connected have EPs
03-12 16:49:55.210 17110 17249 D GraphicBuffer: register, handle(0x901c9180) (w:720 h:1280 s:720 f:0x1 u:f02)
03-12 16:49:55.318 17110 18106 I HUREV   : [983] AapTransport.startHandshake$com_andrerinas_headunitrevived_2_0_1_debug | Start Aap transport handshake for com.andrerinas.headunitrevived.connection.UsbAccessoryConnection@7c1254d
03-12 16:49:55.516 17110 17249 D GraphicBuffer: register, handle(0x901c9240) (w:720 h:1280 s:720 f:0x1 u:f02)
03-12 16:49:55.793 17110 17110 I HUREV   : [2] AapProjectionActivity.onCreate | HeadUnit for Android Auto (tm) - Copyright 2011-2015 Michael A. Reid., since 2025 André Rinas All Rights Reserved...
03-12 16:49:55.795 17110 17110 I HUREV   : [2] AapProjectionActivity.onCreate | Using GlProjectionView
03-12 16:49:55.805 17110 17110 I HUREV   : [2] HeadUnitScreenConfig.recalculate | CarScreen: usable width: 1280 height: 720 (Raw: 1280x720, Insets: L0 T0 R0 B0)
03-12 16:49:55.807 17110 17110 I HUREV   : [2] HeadUnitScreenConfig.recalculate | CarScreen isSmallScreen: true, scaleFactor: 1.0
03-12 16:49:55.811 17110 17110 I HUREV   : [2] HeadUnitScreenConfig.recalculate | CarScreen using: _1280x720, number: 2, scales: scaleX: 1.0, scaleY: 1.0
03-12 16:49:55.837 17110 18106 D HUREV   : [983] AapTransport.handshake | Handshake: Starting version request. TS: 87775808
03-12 16:49:55.841 17110 18106 D HUREV   : [983] AapTransport.handshake | Handshake: Version request sent. ret: 10. attempt: 1. TS: 87775813
03-12 16:49:55.843 17110 18106 D HUREV   : [983] AapTransport.handshake | Handshake: Waiting for version response. TS: 87775816
03-12 16:49:55.850 17110 17110 I HUREV   : [2] AapProjectionActivity.onResume | AapProjectionActivity: onResume
03-12 16:49:55.873 17110 17110 D WindowClient: Add to mViews: DecorView@57b4d36[AapProjectionActivity], this = android.view.WindowManagerGlobal@95143b7
03-12 16:49:55.878 17110 17110 D ViewRootImpl[AapProjectionActivity]: hardware acceleration = true , fakeHwAccelerated = false, sRendererDisabled = false, forceHwAccelerated = false, sSystemRendererDisabled = false
03-12 16:49:55.929 17110 17122 I zygote  : Background concurrent copying GC freed 39207(1832KB) AllocSpace objects, 4(256KB) LOS objects, 49% free, 5MB/11MB, paused 912us total 134.047ms
03-12 16:49:55.937 17110 17110 I Choreographer: Skipped 31 frames!  The application may be doing too much work on its main thread.
03-12 16:49:55.939 17110 17249 E [EGL-ERROR]: __egl_platform_cancel_buffers:644: surface->num_buffers(4)
03-12 16:49:55.940 17110 17249 D Surface : Surface::disconnect(this=0x9017b800,api=1)
03-12 16:49:55.941 17110 17249 D GraphicBuffer: unregister, handle(0x901c9240) (w:720 h:1280 s:720 f:0x1 u:f02)
03-12 16:49:55.941 17110 17249 D GraphicBuffer: unregister, handle(0x901c9180) (w:720 h:1280 s:720 f:0x1 u:f02)
03-12 16:49:55.941 17110 17249 D GraphicBuffer: unregister, handle(0xa2e6d800) (w:720 h:1280 s:720 f:0x1 u:f02)
03-12 16:49:55.941 17110 17249 D GraphicBuffer: unregister, handle(0x901c9e40) (w:720 h:1280 s:720 f:0x1 u:f02)
03-12 16:49:55.950 17110 18106 I HUREV   : [983] AapTransport.handshake | Handshake: Version response received (ret=12, attempt=1).
03-12 16:49:55.953 17110 18106 I HUREV   : [983] AapTransport.handshake | Handshake: Version response recv ret: 12
03-12 16:49:55.958 17110 18106 D HUREV   : [983] AapTransport.handshake | Handshake: Starting SSL handshake via performHandshake(). TS: 87775927
03-12 16:49:56.014 17110 17249 D Surface : Surface::connect(this=0x9017b800,api=1)
03-12 16:49:56.019 17110 17249 D Surface : Surface::setBufferCount(this=0x9017b800,bufferCount=4)
03-12 16:49:56.041 17110 18139 D Surface : Surface::connect(this=0x90678800,api=1)
03-12 16:49:56.043 17110 18139 D Surface : Surface::setBufferCount(this=0x90678800,bufferCount=4)
03-12 16:49:56.056 17110 18139 D GraphicBuffer: register, handle(0xa2e6c9c0) (w:720 h:1280 s:720 f:0x2 u:f02)
03-12 16:49:56.059 17110 18139 I HUREV   : [991] VideoRenderer.onSurfaceCreated | GlProjectionView: onSurfaceCreated (GL Context)
03-12 16:49:56.062 17110 18139 I BufferQueue: [unnamed-17110-1](this:0x9067f000,id:1,api:0,p:-1,c:-1) BufferQueue core=(17110:com.andrerinas.headunitrevived)
03-12 16:49:56.062 17110 18139 E DumpTunnel: finding regDump() failed
03-12 16:49:56.066 17110 18139 I BufferQueueConsumer: [unnamed-17110-1](this:0x9067f000,id:1,api:0,p:-1,c:17110) connect(C): consumer=(17110:com.andrerinas.headunitrevived) controlledByApp=true
03-12 16:49:56.066 17110 18139 I BufferQueueConsumer: [unnamed-17110-1](this:0x9067f000,id:1,api:0,p:-1,c:17110) setConsumerName: unnamed-17110-1
03-12 16:49:56.066 17110 18139 I BufferQueueConsumer: [SurfaceTexture-1-17110-1](this:0x9067f000,id:1,api:0,p:-1,c:17110) setConsumerName: SurfaceTexture-1-17110-1
03-12 16:49:56.070 17110 18139 I HUREV   : [991] VideoRenderer.onSurfaceChanged | GlProjectionView: onSurfaceChanged: 1280x720
03-12 16:49:56.082 17110 18139 D GraphicBuffer: register, handle(0xa2e6c540) (w:720 h:1280 s:720 f:0x2 u:f02)
03-12 16:49:56.083 17110 17120 I BufferQueue: [SurfaceTexture-1-17110-0](this:0x8df7f000,id:0,api:0,p:-1,c:-1) ~BufferQueueCore
03-12 16:49:56.099 17110 17249 D GraphicBuffer: register, handle(0x901c9e40) (w:720 h:1280 s:720 f:0x1 u:f02)
03-12 16:49:56.124 17110 17110 I HUREV   : [2] VideoRenderer.onSurfaceCreated$lambda$4 | GlProjectionView: Reporting Surface Created
03-12 16:49:56.126 17110 17110 I HUREV   : [2] AapProjectionActivity.onSurfaceCreated | [AapProjectionActivity] onSurfaceCreated
03-12 16:49:56.134 17110 17249 D GraphicBuffer: register, handle(0x901c9180) (w:720 h:1280 s:720 f:0x1 u:f02)
03-12 16:49:56.176 17110 17110 I HUREV   : [2] AapProjectionActivity.onSurfaceChanged | [AapProjectionActivity] onSurfaceChanged. Actual surface dimensions: width=1280, height=720
03-12 16:49:56.178 17110 17110 I HUREV   : [2] VideoDecoder.setSurface | New surface set: Surface(name=android.graphics.SurfaceTexture@a3ce9b1)/@0xb561de9
03-12 16:49:56.192 17110 17249 D GraphicBuffer: register, handle(0xa2e6dc80) (w:720 h:1280 s:720 f:0x1 u:f02)
03-12 16:49:56.193 17110 18106 I HUREV   : [983] AapSslContext.performHandshake | SSL handshake complete. Session id: DyXWxryb6Uaqx/SkO+W4f4fCnulMOKeBL1oOKxhWR4g=
03-12 16:49:56.195 17110 18106 D HUREV   : [983] AapTransport.handshake | Handshake: SSL buffers reset after handshake.
03-12 16:49:56.199 17110 18106 D HUREV   : [983] AapTransport.handshake | Handshake: SSL handshake complete. TS: 87776169
03-12 16:49:56.205 17110 18106 D HUREV   : [983] AapTransport.handshake | Handshake: Status OK sent. ret: 8. TS: 87776176
03-12 16:49:56.210 17110 18106 I HUREV   : [983] AapTransport.handshake | Handshake: Status OK sent: 8
03-12 16:49:56.212 17110 18106 D HUREV   : [983] AapTransport.handshake | Handshake: Handshake successful. TS: 87776184
03-12 16:49:56.214 17110 17249 D GraphicBuffer: register, handle(0xa2e6dd40) (w:720 h:1280 s:720 f:0x1 u:f02)
03-12 16:49:56.302 17110 18106 I HUREV   : [983] AapAudio.requestFocusChange | Audio Focus Request: stream=3, type=1
03-12 16:49:56.369 17110 18106 I HUREV   : [983] AapAudio.requestFocusChange | Audio focus request result: GRANTED
03-12 16:49:56.371 17110 18106 I HUREV   : [983] AapTransport.startReading$com_andrerinas_headunitrevived_2_0_1_debug | Start Aap transport read loop
03-12 16:49:56.398 17110 17110 I HUREV   : [2] 1.onReceive | Received request to resend night mode state
03-12 16:49:56.404 17110 17110 I HUREV   : [2] 1.invoke | NightMode update: false
03-12 16:49:56.419 17110 18136 I HUREV   : [989] AapControlService.serviceDiscoveryRequest | Service Discovery Request: Android
03-12 16:49:56.424 17110 18136 I HUREV   : [989] HeadUnitScreenConfig.recalculate | CarScreen: usable width: 1280 height: 720 (Raw: 1280x720, Insets: L0 T0 R0 B0)
03-12 16:49:56.426 17110 18136 I HUREV   : [989] HeadUnitScreenConfig.recalculate | CarScreen isSmallScreen: true, scaleFactor: 1.0
03-12 16:49:56.430 17110 18136 I HUREV   : [989] HeadUnitScreenConfig.recalculate | CarScreen using: _1280x720, number: 2, scales: scaleX: 1.0, scaleY: 1.0
03-12 16:49:56.443 17110 18136 I HUREV   : [989] Companion.makeProto | [ServiceDiscovery] Announcing NIGHT sensor support. Strategy: SCREEN_BRIGHTNESS
03-12 16:49:56.451 17110 18136 I HUREV   : [989] Companion.makeProto | [ServiceDiscovery] NegotiatedResolution is: 1280x720
03-12 16:49:56.452 17110 18136 I HUREV   : [989] Companion.makeProto | [ServiceDiscovery] Margins are: 0x0
03-12 16:49:56.489 17110 18136 I HUREV   : [989] Companion.makeProto | BT MAC Address is empty. Skip bluetooth service
03-12 16:49:56.650 17110 18136 I HUREV   : [989] AapControlService.audioFocusRequest | Audio Focus Request: RELEASE
03-12 16:49:56.652 17110 18136 I HUREV   : [989] AapAudio.requestFocusChange | Audio Focus Request: stream=3, type=4
03-12 16:49:56.654 17110 18136 I HUREV   : [989] AapAudio.requestFocusChange | Releasing audio focus
03-12 16:49:56.671 17110 18136 I HUREV   : [989] AapControlService.audioFocusRequest | Sending immediate AudioFocusNotification: STATE_LOSS
03-12 16:49:56.677 17110 18136 I HUREV   : [989] AapControlSensor.sensorStartRequest | Sensor Start Request sensor: DRIVING_STATUS, minUpdatePeriod: 0
03-12 16:49:56.682 17110 18136 I HUREV   : [989] AapControlSensor.sensorStartRequest | SENSOR Sensor Start Response type: 32770 flags: 11 size: 8 dataOffset: 6
03-12 16:49:56.697 17110 18136 I HUREV   : [989] AapControlMedia.mediaSinkSetupRequest | Media Sink Setup Request: 1 on channel AUDIO2
03-12 16:49:56.808 17110 18136 I HUREV   : [989] AapControlMedia.mediaSinkSetupRequest | Config response: status: HEADUNIT
03-12 16:49:56.808 17110 18136 I HUREV   : max_unacked: 3
03-12 16:49:56.808 17110 18136 I HUREV   : configuration_indices: 0
03-12 16:49:56.812 17110 18136 W HUREV   : [989] AapVideo.process | AapVideo: Dropped Flag 11 packet. len=4, buf[10]=?
03-12 16:49:56.814 17110 18136 I HUREV   : [989] AapControlMedia.mediaSinkSetupRequest | Media Sink Setup Request: 3 on channel VIDEO
03-12 16:49:56.818 17110 18136 I HUREV   : [989] AapControlMedia.mediaSinkSetupRequest | Config response: status: HEADUNIT
03-12 16:49:56.818 17110 18136 I HUREV   : max_unacked: 1
03-12 16:49:56.818 17110 18136 I HUREV   : configuration_indices: 0
03-12 16:49:56.824 17110 18136 I HUREV   : [989] AapControlMedia.mediaSinkSetupRequest | Media Sink Setup Request: 1 on channel AUDIO1
03-12 16:49:56.828 17110 18136 I HUREV   : [989] AapControlMedia.mediaSinkSetupRequest | Config response: status: HEADUNIT
03-12 16:49:56.828 17110 18136 I HUREV   : max_unacked: 3
03-12 16:49:56.828 17110 18136 I HUREV   : configuration_indices: 0
03-12 16:49:56.832 17110 18136 I HUREV   : [989] AapControlMedia.mediaSinkSetupRequest | Media Sink Setup Request: 1 on channel AUDIO
