03-13 17:02:59.073 19589 20510 I BufferQueueProducer: [SurfaceTexture-1-19589-2](this:0x87a53000,id:2,api:3,p:19589,c:19589) queueBuffer: fps=32.17 dur=1025.85 max=201.77 min=0.57
03-13 17:03:00.086 19589 20510 I BufferQueueProducer: [SurfaceTexture-1-19589-2](this:0x87a53000,id:2,api:3,p:19589,c:19589) queueBuffer: fps=28.61 dur=1013.71 max=108.00 min=10.03
03-13 17:03:01.119 19589 20510 I BufferQueueProducer: [SurfaceTexture-1-19589-2](this:0x87a53000,id:2,api:3,p:19589,c:19589) queueBuffer: fps=30.03 dur=1032.32 max=44.74 min=23.18
03-13 17:03:01.262 19589 19599 I zygote  : Background concurrent copying GC freed 20030(2MB) AllocSpace objects, 107(2MB) LOS objects, 38% free, 9MB/15MB, paused 157us total 142.212ms
03-13 17:03:01.292 19589 19597 I BufferQueue: [SurfaceTexture-1-19589-0](this:0x8b7f7000,id:0,api:3,p:-1,c:-1) ~BufferQueueCore
03-13 17:03:01.302 19589 19597 I BufferQueue: [SurfaceTexture-1-19589-1](this:0x87e3a000,id:1,api:0,p:-1,c:-1) ~BufferQueueCore
03-13 17:03:02.122 19589 20510 I BufferQueueProducer: [SurfaceTexture-1-19589-2](this:0x87a53000,id:2,api:3,p:19589,c:19589) queueBuffer: fps=29.90 dur=1003.48 max=57.24 min=11.67
03-13 17:03:03.137 19589 20510 I BufferQueueProducer: [SurfaceTexture-1-19589-2](this:0x87a53000,id:2,api:3,p:19589,c:19589) queueBuffer: fps=29.56 dur=1014.94 max=109.51 min=6.85
03-13 17:03:03.501 19589 20495 D GraphicBuffer: register, handle(0x9e67c0c0) (w:720 h:1280 s:720 f:0x2 u:f02)
03-13 17:03:04.165 19589 20510 I BufferQueueProducer: [SurfaceTexture-1-19589-2](this:0x87a53000,id:2,api:3,p:19589,c:19589) queueBuffer: fps=28.21 dur=1028.10 max=114.27 min=6.49
03-13 17:03:04.847 19589 20510 I BufferQueueProducer: [SurfaceTexture-1-19589-2](this:0x87a53000,id:2,api:3,p:19589,c:19589) queueBuffer: slot 4 is dropped, handle=0x9e67e1c0
03-13 17:03:04.903 19589 19599 I zygote  : Background concurrent copying GC freed 22338(3MB) AllocSpace objects, 214(3MB) LOS objects, 41% free, 8MB/14MB, paused 222us total 185.557ms
03-13 17:03:05.179 19589 20510 I BufferQueueProducer: [SurfaceTexture-1-19589-2](this:0x87a53000,id:2,api:3,p:19589,c:19589) queueBuffer: fps=30.57 dur=1014.14 max=134.70 min=3.51
03-13 17:03:06.192 19589 20510 I BufferQueueProducer: [SurfaceTexture-1-19589-2](this:0x87a53000,id:2,api:3,p:19589,c:19589) queueBuffer: fps=31.58 dur=1013.16 max=95.67 min=9.57
03-13 17:03:07.225 19589 20510 I BufferQueueProducer: [SurfaceTexture-1-19589-2](this:0x87a53000,id:2,api:3,p:19589,c:19589) queueBuffer: fps=30.02 dur=1032.53 max=50.39 min=24.75
03-13 17:03:08.227 19589 20510 I BufferQueueProducer: [SurfaceTexture-1-19589-2](this:0x87a53000,id:2,api:3,p:19589,c:19589) queueBuffer: fps=29.93 dur=1002.48 max=53.28 min=17.46
03-13 17:03:08.730 19589 19599 I zygote  : Background concurrent copying GC freed 6560(2MB) AllocSpace objects, 227(3MB) LOS objects, 41% free, 8MB/14MB, paused 138us total 106.013ms
03-13 17:03:09.254 19589 20510 I BufferQueueProducer: [SurfaceTexture-1-19589-2](this:0x87a53000,id:2,api:3,p:19589,c:19589) queueBuffer: fps=30.20 dur=1026.48 max=51.23 min=17.34
03-13 17:03:10.257 19589 20510 I BufferQueueProducer: [SurfaceTexture-1-19589-2](this:0x87a53000,id:2,api:3,p:19589,c:19589) queueBuffer: fps=29.92 dur=1002.61 max=42.91 min=21.88
03-13 17:03:11.288 19589 20510 I BufferQueueProducer: [SurfaceTexture-1-19589-2](this:0x87a53000,id:2,api:3,p:19589,c:19589) queueBuffer: fps=30.04 dur=1031.85 max=54.96 min=12.89
03-13 17:03:12.321 19589 20510 I BufferQueueProducer: [SurfaceTexture-1-19589-2](this:0x87a53000,id:2,api:3,p:19589,c:19589) queueBuffer: fps=30.02 dur=1032.50 max=53.53 min=17.87
03-13 17:03:12.559 19589 19599 I zygote  : Background concurrent copying GC freed 3563(2MB) AllocSpace objects, 228(3MB) LOS objects, 41% free, 8MB/14MB, paused 130us total 101.791ms
03-13 17:03:13.322 19589 20510 I BufferQueueProducer: [SurfaceTexture-1-19589-2](this:0x87a53000,id:2,api:3,p:19589,c:19589) queueBuffer: fps=29.97 dur=1001.02 max=50.34 min=20.77
03-13 17:03:14.327 19589 20510 I BufferQueueProducer: [SurfaceTexture-1-19589-2](this:0x87a53000,id:2,api:3,p:19589,c:19589) queueBuffer: fps=29.84 dur=1005.22 max=68.74 min=13.07
03-13 17:03:15.342 19589 20510 I BufferQueueProducer: [SurfaceTexture-1-19589-2](this:0x87a53000,id:2,api:3,p:19589,c:19589) queueBuffer: fps=30.56 dur=1014.40 max=58.06 min=2.44
03-13 17:03:16.347 19589 20510 I BufferQueueProducer: [SurfaceTexture-1-19589-2](this:0x87a53000,id:2,api:3,p:19589,c:19589) queueBuffer: fps=29.83 dur=1005.58 max=57.72 min=9.27
03-13 17:03:17.133 19589 19599 I zygote  : Background concurrent copying GC freed 4726(2MB) AllocSpace objects, 179(3MB) LOS objects, 41% free, 8MB/14MB, paused 127us total 144.512ms
03-13 17:03:17.392 19589 20510 I BufferQueueProducer: [SurfaceTexture-1-19589-2](this:0x87a53000,id:2,api:3,p:19589,c:19589) queueBuffer: fps=29.68 dur=1044.58 max=56.18 min=17.61
03-13 17:03:18.437 19589 20510 I BufferQueueProducer: [SurfaceTexture-1-19589-2](this:0x87a53000,id:2,api:3,p:19589,c:19589) queueBuffer: fps=29.66 dur=1045.35 max=61.40 min=5.23
03-13 17:03:18.444 19589 20493 I HUREV   : [964] m.d | Media Start Request AUDIO: session_id: 0
03-13 17:03:18.444 19589 20493 I HUREV   : configuration_index: 0
03-13 17:03:18.461 19589 20493 I HUREV   : [964] j.a | AudioDecoder.start: channel=6, stream=3, gain=1.0, sampleRate=48000, numberOfBits=16, numberOfChannels=2, isAac=false
03-13 17:03:18.499 19589 20493 I HUREV   : [964] s.f | Audio stream: 3 buffer size: 65664 (min: 8208) sampleRateInHz: 48000 channelCount: 2
03-13 17:03:18.519 19589 20493 D AudioTrack: yellowmouse mIsNavi: 0, mIsVoice: 0, mIsBlink:0
03-13 17:03:18.519 19589 20493 D AudioTrack: yellowmouse createTrack_l mStreamType: -1
03-13 17:03:18.530 19589 20493 D AudioTrack: Client defaulted notificationFrames to 8208 for frameCount 16416
03-13 17:03:18.804 19589 20510 I BufferQueueProducer: [SurfaceTexture-1-19589-2](this:0x87a53000,id:2,api:3,p:19589,c:19589) queueBuffer: slot 13 is dropped, handle=0x87df2a80
03-13 17:03:19.447 19589 20510 I BufferQueueProducer: [SurfaceTexture-1-19589-2](this:0x87a53000,id:2,api:3,p:19589,c:19589) queueBuffer: fps=30.69 dur=1010.16 max=133.29 min=1.66
03-13 17:03:20.209 19589 20493 I HUREV   : [964] m.e | USB reads recovered after 1 errors
03-13 17:03:20.475 19589 20510 I BufferQueueProducer: [SurfaceTexture-1-19589-2](this:0x87a53000,id:2,api:3,p:19589,c:19589) queueBuffer: fps=26.28 dur=1027.45 max=209.96 min=5.60
03-13 17:03:21.177 19589 19599 I zygote  : Background concurrent copying GC freed 5633(3MB) AllocSpace objects, 125(2MB) LOS objects, 41% free, 8MB/14MB, paused 1.514ms total 136.465ms
03-13 17:03:21.479 19589 20510 I BufferQueueProducer: [SurfaceTexture-1-19589-2](this:0x87a53000,id:2,api:3,p:19589,c:19589) queueBuffer: fps=29.88 dur=1004.10 max=66.98 min=12.69
03-13 17:03:22.549 19589 20510 I BufferQueueProducer: [SurfaceTexture-1-19589-2](this:0x87a53000,id:2,api:3,p:19589,c:19589) queueBuffer: fps=28.97 dur=1070.13 max=74.42 min=9.55
03-13 17:03:23.602 19589 20510 I BufferQueueProducer: [SurfaceTexture-1-19589-2](this:0x87a53000,id:2,api:3,p:19589,c:19589) queueBuffer: fps=30.38 dur=1053.20 max=66.06 min=7.61
03-13 17:03:24.152 19589 19599 I zygote  : Background concurrent copying GC freed 4346(3MB) AllocSpace objects, 140(3MB) LOS objects, 41% free, 8MB/14MB, paused 136us total 153.566ms
03-13 17:03:24.603 19589 20510 I BufferQueueProducer: [SurfaceTexture-1-19589-2](this:0x87a53000,id:2,api:3,p:19589,c:19589) queueBuffer: fps=29.97 dur=1001.12 max=62.66 min=7.13
03-13 17:03:25.606 19589 20510 I BufferQueueProducer: [SurfaceTexture-1-19589-2](this:0x87a53000,id:2,api:3,p:19589,c:19589) queueBuffer: fps=29.92 dur=1002.82 max=63.14 min=5.95
03-13 17:03:26.625 19589 20510 I BufferQueueProducer: [SurfaceTexture-1-19589-2](this:0x87a53000,id:2,api:3,p:19589,c:19589) queueBuffer: fps=30.42 dur=1019.16 max=82.59 min=8.40
03-13 17:03:27.240 19589 19599 I zygote  : Background concurrent copying GC freed 4458(3MB) AllocSpace objects, 133(2MB) LOS objects, 40% free, 8MB/14MB, paused 135us total 204.205ms
03-13 17:03:27.663 19589 20510 I BufferQueueProducer: [SurfaceTexture-1-19589-2](this:0x87a53000,id:2,api:3,p:19589,c:19589) queueBuffer: fps=29.87 dur=1037.70 max=115.71 min=11.56
03-13 17:03:28.667 19589 20510 I BufferQueueProducer: [SurfaceTexture-1-19589-2](this:0x87a53000,id:2,api:3,p:19589,c:19589) queueBuffer: fps=29.88 dur=1003.93 max=54.79 min=15.49
03-13 17:03:29.692 19589 20510 I BufferQueueProducer: [SurfaceTexture-1-19589-2](this:0x87a53000,id:2,api:3,p:19589,c:19589) queueBuffer: fps=30.23 dur=1025.37 max=49.25 min=12.51
03-13 17:03:29.862 19589 20493 I HUREV   : [964] p.f | Navigation Focus Request: NAV_FOCUS_2
03-13 17:03:29.865 19589 20493 I HUREV   : [964] p.f | CONTROL Navigation Focus Notification type: 14 flags: 11 size: 8 dataOffset: 6
03-13 17:03:29.943 19589 20493 D HUREV   : [964] a.b | Nav: passthrough type 32771
03-13 17:03:29.970 19589 20493 D HUREV   : [964] a.b | Nav: NextTurnDetail road=Edwarda Serwańskiego nextturn=DEPARTE
03-13 17:03:30.392 19589 19599 I zygote  : Background concurrent copying GC freed 6155(3MB) AllocSpace objects, 144(2MB) LOS objects, 41% free, 8MB/14MB, paused 137us total 126.849ms
03-13 17:03:30.723 19589 20510 I BufferQueueProducer: [SurfaceTexture-1-19589-2](this:0x87a53000,id:2,api:3,p:19589,c:19589) queueBuffer: fps=30.08 dur=1030.71 max=48.86 min=12.85
03-13 17:03:31.406 19589 20493 D HUREV   : [964] a.b | Nav: NextTurnDetail road=Edwarda Serwańskiego nextturn=DEPARTE
03-13 17:03:31.739 19589 20510 I BufferQueueProducer: [SurfaceTexture-1-19589-2](this:0x87a53000,id:2,api:3,p:19589,c:19589) queueBuffer: fps=29.53 dur=1015.84 max=60.84 min=11.48
03-13 17:03:32.751 19589 20510 I BufferQueueProducer: [SurfaceTexture-1-19589-2](this:0x87a53000,id:2,api:3,p:19589,c:19589) queueBuffer: fps=30.63 dur=1012.05 max=45.38 min=17.83
03-13 17:03:33.393 19589 20493 D HUREV   : [964] a.b | Nav: NextTurnDetail road=Edwarda Serwańskiego nextturn=DEPARTE
03-13 17:03:33.464 19589 19599 I zygote  : Background concurrent copying GC freed 4659(3MB) AllocSpace objects, 152(2MB) LOS objects, 41% free, 8MB/14MB, paused 133us total 124.287ms
03-13 17:03:33.753 19589 20510 I BufferQueueProducer: [SurfaceTexture-1-19589-2](this:0x87a53000,id:2,api:3,p:19589,c:19589) queueBuffer: fps=29.93 dur=1002.27 max=52.97 min=8.61
03-13 17:03:34.396 19589 20493 D HUREV   : [964] a.b | Nav: NextTurnDetail road=Edwarda Serwańskiego nextturn=DEPARTE
03-13 17:03:34.793 19589 20510 I BufferQueueProducer: [SurfaceTexture-1-19589-2](this:0x87a53000,id:2,api:3,p:19589,c:19589) queueBuffer: fps=29.82 dur=1039.48 max=48.53 min=18.48
03-13 17:03:35.400 19589 20493 D HUREV   : [964] a.b | Nav: NextTurnDetail road=Edwarda Serwańskiego nextturn=DEPARTE
03-13 17:03:35.816 19589 20510 I BufferQueueProducer: [SurfaceTexture-1-19589-2](this:0x87a53000,id:2,api:3,p:19589,c:19589) queueBuffer: fps=30.28 dur=1023.86 max=49.54 min=12.07
03-13 17:03:36.853 19589 20510 I BufferQueueProducer: [SurfaceTexture-1-19589-2](this:0x87a53000,id:2,api:3,p:19589,c:19589) queueBuffer: fps=29.90 dur=1036.62 max=51.82 min=17.49
03-13 17:03:37.412 19589 20493 D HUREV   : [964] a.b | Nav: NextTurnDetail road=Edwarda Serwańskiego nextturn=DEPARTE
03-13 17:03:37.795 19589 20510 I BufferQueueProducer: [SurfaceTexture-1-19589-2](this:0x87a53000,id:2,api:3,p:19589,c:19589) queueBuffer: slot 12 is dropped, handle=0x87df29c0
03-13 17:03:37.859 19589 20510 I BufferQueueProducer: [SurfaceTexture-1-19589-2](this:0x87a53000,id:2,api:3,p:19589,c:19589) queueBuffer: fps=23.87 dur=1005.49 max=164.97 min=4.04
03-13 17:03:37.906 19589 19599 I zygote  : Background concurrent copying GC freed 7350(4MB) AllocSpace objects, 71(1544KB) LOS objects, 41% free, 8MB/14MB, paused 129us total 149.220ms
03-13 17:03:38.701 19589 20493 W HUREV   : [964] t0.a | AapVideo: Dropped Flag 11 packet. len=6, buf[10]=?
03-13 17:03:38.702 19589 20493 I HUREV   : [964] m.a | RX: Video Focus Request - mode: VIDEO_FOCUS_NATIVE, reason: UNKNOWN
03-13 17:03:38.703 19589 20493 I HUREV   : [964] m.a | Video Focus NATIVE received. User likely clicked Exit. Stopping transport.
03-13 17:03:38.703 19589 20493 I HUREV   : [964] s0.G | AapTransport stopping and sending byebye
03-13 17:03:38.854 19589 20493 I HUREV   : [964] s0.o | AapTransport quitting (clean=false)
03-13 17:03:48.772 19589 19589 I HUREV   : [2] AapProjectionActivity.V | Showing reconnecting overlay
03-13 17:03:48.778 19589 19589 D HookText: remove Node { textView:null, text:Rozłącz}
03-13 17:03:48.778 19589 19589 D HookText: remove Node { textView:null, text:Android Auto uruchamia się…}
03-13 17:03:48.778 19589 19589 D HookText: remove Node { textView:null, text:Jeśli używasz bezprzewodowego AA, wyłącz "Przełączanie między sieciami" lub "Przyspieszenie sieci" w ustawieniach WiFi telefonu}
03-13 17:03:48.778 19589 19589 D HookText: remove Node { textView:null, text:Rozłącz}
03-13 17:03:48.778 19589 19589 D HookText: remove Node { textView:null, text:Android Auto uruchamia się…}
03-13 17:03:48.778 19589 19589 D HookText: remove Node { textView:null, text:Rozłącz}
03-13 17:03:48.778 19589 19589 D HookText: remove Node { textView:null, text:Android Auto uruchamia się…}
03-13 17:03:48.778 19589 19589 D HookText: remove Node { textView:null, text:Tryb samodzielny}
03-13 17:03:48.778 19589 19589 D HookText: remove Node { textView:null, text:Wi-Fi}
03-13 17:03:48.778 19589 19589 D HookText: remove Node { textView:null, text:Wyjdź}
03-13 17:03:48.778 19589 19589 D HookText: remove Node { textView:null, text:Ustawienia}
03-13 17:03:48.779 19589 19589 D HookText: remove Node { textView:null, text:USB}
03-13 17:03:48.779 19589 19589 D HookText: remove Node { textView:null, text:Jeśli używasz bezprzewodowego AA, wyłącz "Przełączanie między sieciami" lub "Przyspieszenie sieci" w ustawieniach WiFi telefonu}
03-13 17:03:48.779 19589 19589 D HookText: remove Node { textView:null, text:Rozłącz}
03-13 17:03:48.779 19589 19589 D HookText: remove Node { textView:null, text:Android Auto uruchamia się…}
03-13 17:03:48.779 19589 19589 D HookText: remove Node { textView:null, text:Dozwolone}
03-13 17:03:48.779 19589 19589 D HookText: remove Node { textView:null, text:Google 18D1:2D00
03-13 17:03:48.779 19589 19589 D HookText: /dev/bus/usb/001/059}
03-13 17:03:48.779 19589 19589 D HookText: remove Node { textView:null, text:USB}
03-13 17:03:48.779 19589 19589 D HookText: remove Node { textView:null, text:Brak urządzenia USB podłączonego do tabletu/radia.}
03-13 17:03:48.779 19589 19589 D HookText: remove Node { textView:null, text:Tryb samodzielny}
03-13 17:03:48.779 19589 19589 D HookText: remove Node { textView:null, text:Wi-Fi}
03-13 17:03:48.779 19589 19589 D HookText: remove Node { textView:null, text:Wyjdź}
03-13 17:03:48.779 19589 19589 D HookText: remove Node { textView:null, text:Ustawienia}
03-13 17:03:48.779 19589 19589 D HookText: remove Node { textView:null, text:USB}
03-13 17:03:51.584 19589 19589 I HUREV   : [2] AapProjectionActivity.M | Hiding reconnecting overlay — frames resumed
03-13 17:03:51.624 19589 19589 D WindowClient: Add to mViews: android.widget.LinearLayout{8175a0a V.E...... ......I. 0,0-0,0}, this = android.view.WindowManagerGlobal@b01d960
03-13 17:03:51.629 19589 19589 D ViewRootImpl[Toast]: hardware acceleration = true , fakeHwAccelerated = false, sRendererDisabled = false, forceHwAccelerated = false, sSystemRendererDisabled = false
03-13 17:03:51.639 19589 19589 I HUREV   : [2] AapProjectionActivity.onPause | AapProjectionActivity: onPause
03-13 17:03:51.673 19589 19589 I HUREV   : [2] AapService.K | WifiLock released
03-13 17:03:51.699 19589 19589 D HUREV   : [2] AapService.W | MediaSession: State updated to STOPPED
03-13 17:03:51.701 19589 19589 I HUREV   : [2] AapService.M | scheduleReconnectIfNeeded: isClean=false, isUserExit=false, selfMode=false, userExitedAA=false, wirelessServer=false
03-13 17:03:51.701 19589 19589 I HUREV   : [2] AapService.M | AapService: USB disconnect. Scheduling reconnect check in 3000ms...
03-13 17:03:51.703 19589 20554 D AudioTrack: stop() called with 980992 frames delivered
03-13 17:03:51.708 19589 20516 I HUREV   : [968] a0.l | Output thread stopped
03-13 17:03:51.736 19589 19589 D Surface : Surface::allocateBuffers(this=0x8c4b3000)
03-13 17:03:51.736 19589 19607 D Surface : Surface::connect(this=0x8c4b3000,api=1)
03-13 17:03:51.748 19589 19607 D Surface : Surface::setBufferCount(this=0x8c4b3000,bufferCount=4)
03-13 17:03:51.752 19589 20510 D BufferQueueProducer: [SurfaceTexture-1-19589-2](this:0x87a53000,id:2,api:3,p:19589,c:19589) cancelBuffer: slot 0
03-13 17:03:51.753 19589 20510 D BufferQueueProducer: [SurfaceTexture-1-19589-2](this:0x87a53000,id:2,api:3,p:19589,c:19589) cancelBuffer: slot 1
03-13 17:03:51.755 19589 20510 D BufferQueueProducer: [SurfaceTexture-1-19589-2](this:0x87a53000,id:2,api:3,p:19589,c:19589) cancelBuffer: slot 2
03-13 17:03:51.756 19589 20510 D BufferQueueProducer: [SurfaceTexture-1-19589-2](this:0x87a53000,id:2,api:3,p:19589,c:19589) cancelBuffer: slot 3
03-13 17:03:51.757 19589 20510 D BufferQueueProducer: [SurfaceTexture-1-19589-2](this:0x87a53000,id:2,api:3,p:19589,c:19589) cancelBuffer: slot 4
03-13 17:03:51.760 19589 20510 D BufferQueueProducer: [SurfaceTexture-1-19589-2](this:0x87a53000,id:2,api:3,p:19589,c:19589) cancelBuffer: slot 6
03-13 17:03:51.761 19589 20510 D BufferQueueProducer: [SurfaceTexture-1-19589-2](this:0x87a53000,id:2,api:3,p:19589,c:19589) cancelBuffer: slot 7
03-13 17:03:51.762 19589 20510 D BufferQueueProducer: [SurfaceTexture-1-19589-2](this:0x87a53000,id:2,api:3,p:19589,c:19589) cancelBuffer: slot 8
03-13 17:03:51.764 19589 20510 D BufferQueueProducer: [SurfaceTexture-1-19589-2](this:0x87a53000,id:2,api:3,p:19589,c:19589) cancelBuffer: slot 9
03-13 17:03:51.765 19589 20510 D BufferQueueProducer: [SurfaceTexture-1-19589-2](this:0x87a53000,id:2,api:3,p:19589,c:19589) cancelBuffer: slot 10
03-13 17:03:51.766 19589 20510 D BufferQueueProducer: [SurfaceTexture-1-19589-2](this:0x87a53000,id:2,api:3,p:19589,c:19589) cancelBuffer: slot 11
03-13 17:03:51.767 19589 20510 D BufferQueueProducer: [SurfaceTexture-1-19589-2](this:0x87a53000,id:2,api:3,p:19589,c:19589) cancelBuffer: slot 12
03-13 17:03:51.769 19589 20510 D BufferQueueProducer: [SurfaceTexture-1-19589-2](this:0x87a53000,id:2,api:3,p:19589,c:19589) cancelBuffer: slot 15
03-13 17:03:51.771 19589 20509 D SurfaceUtils: disconnecting from surface 0x89c64808, reason disconnectFromSurface
03-13 17:03:51.771 19589 20509 D Surface : Surface::disconnect(this=0x89c64800,api=3)
03-13 17:03:51.771 19589 20509 I BufferQueueProducer: [SurfaceTexture-1-19589-2](this:0x87a53000,id:2,api:3,p:19589,c:19589) disconnect(P): api 3
03-13 17:03:51.771 19589 20509 I BufferQueueConsumer: [SurfaceTexture-1-19589-2](this:0x87a53000,id:2,api:3,p:-1,c:19589) getReleasedBuffers: returning mask 0xffffffffffffffff
03-13 17:03:51.799 19589 19589 I HUREV   : [2] HomeFragment.onResume | HomeFragment: onResume. isConnected=false
03-13 17:03:51.809 19589 19607 D GraphicBuffer: register, handle(0xa0323d00) (w:75 h:674 s:80 f:0x1 u:f02)
03-13 17:03:51.821 19589 19753 I HUREV   : [681] a0.s | Decoder stopped: AapService::onDisconnect
03-13 17:03:51.847 19589 19589 D Surface : Surface::allocateBuffers(this=0x87d17000)
03-13 17:03:51.847 19589 19607 D Surface : Surface::connect(this=0x87d17000,api=1)
03-13 17:03:51.893 19589 19607 D Surface : Surface::setBufferCount(this=0x87d17000,bufferCount=4)
03-13 17:03:51.929 19589 19607 D GraphicBuffer: register, handle(0xa0323e80) (w:720 h:1280 s:720 f:0x1 u:f02)
03-13 17:03:51.983 19589 19607 D GraphicBuffer: register, handle(0x8b244000) (w:720 h:1280 s:720 f:0x1 u:f02)
03-13 17:03:51.990 19589 20495 E [EGL-ERROR]: __egl_platform_cancel_buffers:644: surface->num_buffers(4)
03-13 17:03:51.991 19589 20495 D Surface : Surface::disconnect(this=0x87d16800,api=1)
03-13 17:03:51.991 19589 20495 D GraphicBuffer: unregister, handle(0x9e67e400) (w:720 h:1280 s:720 f:0x2 u:f02)
03-13 17:03:51.991 19589 20495 D GraphicBuffer: unregister, handle(0x9e67eac0) (w:720 h:1280 s:720 f:0x2 u:f02)
03-13 17:03:51.992 19589 20495 D GraphicBuffer: unregister, handle(0x87df2180) (w:720 h:1280 s:720 f:0x2 u:f02)
03-13 17:03:51.992 19589 20495 D GraphicBuffer: unregister, handle(0x9e67c0c0) (w:720 h:1280 s:720 f:0x2 u:f02)
03-13 17:03:51.995 19589 19589 D Surface : Surface::disconnect(this=0x87d16800,api=-1)
03-13 17:03:51.999 19589 19607 E [EGL-ERROR]: __egl_platform_cancel_buffers:644: surface->num_buffers(4)
03-13 17:03:52.001 19589 19607 D Surface : Surface::disconnect(this=0x87d69800,api=1)
03-13 17:03:52.001 19589 19607 D GraphicBuffer: unregister, handle(0xa03234c0) (w:720 h:1280 s:720 f:0x1 u:f02)
03-13 17:03:52.002 19589 19607 D GraphicBuffer: unregister, handle(0xa0322a40) (w:720 h:1280 s:720 f:0x1 u:f02)
03-13 17:03:52.002 19589 19607 D GraphicBuffer: unregister, handle(0xa0322740) (w:720 h:1280 s:720 f:0x1 u:f02)
03-13 17:03:52.002 19589 19607 D GraphicBuffer: unregister, handle(0xa0323dc0) (w:720 h:1280 s:720 f:0x1 u:f02)
03-13 17:03:52.120 19589 19589 I HUREV   : [2] AapProjectionActivity.onDestroy | AapProjectionActivity.onDestroy called. isFinishing=true
03-13 17:03:52.121 19589 19589 I BufferQueueConsumer: [SurfaceTexture-1-19589-2](this:0x87a53000,id:2,api:3,p:-1,c:-1) disconnect(C)
03-13 17:03:52.125 19589 19589 D View    : [Warning] assignParent to null: this = DecorView@9cd7b9f[AapProjectionActivity]
03-13 17:03:52.132 19589 19589 D WindowClient: Remove from mViews: DecorView@9cd7b9f[AapProjectionActivity], this = android.view.WindowManagerGlobal@b01d960
03-13 17:03:52.134 19589 19589 I HUREV   : [2] AapProjectionActivity.c | SurfaceCallback: onSurfaceDestroyed. Surface: Surface(name=android.graphics.SurfaceTexture@75edcd9)/@0x1069b76
03-13 17:03:52.136 19589 19589 I HUREV   : [2] a0.s | Decoder stopped: surfaceDestroyed
03-13 17:03:53.345 19589 19607 D GraphicBuffer: register, handle(0xa0322740) (w:720 h:1280 s:720 f:0x1 u:f02)
03-13 17:03:53.542 19589 19589 I zygote  : Deoptimizing void b1.m0.b(android.view.Window, android.view.View, b1.s$b) due to JIT inline cache
03-13 17:03:53.603 19589 19589 I HUREV   : [2] HomeFragment.onViewCreated | HomeFragment: Auto-connect priority order: [single-usb, last-session, self-mode], isConnected=false, hasAttemptedAutoConnect=false, hasAttemptedSingleUsbAutoConnect=true, hasAutoStarted=false
03-13 17:03:53.711 19589 19589 D WindowClient: Add to mViews: DecorView@90ac477[SettingsActivity], this = android.view.WindowManagerGlobal@b01d960
03-13 17:03:53.714 19589 19589 D ViewRootImpl[SettingsActivity]: hardware acceleration = true , fakeHwAccelerated = false, sRendererDisabled = false, forceHwAccelerated = false, sSystemRendererDisabled = false
03-13 17:03:53.738 19589 19589 D Surface : Surface::allocateBuffers(this=0x8bfa9000)
03-13 17:03:53.738 19589 19607 D Surface : Surface::connect(this=0x8bfa9000,api=1)
03-13 17:03:53.746 19589 19607 D Surface : Surface::setBufferCount(this=0x8bfa9000,bufferCount=4)
03-13 17:03:53.872 19589 19607 D GraphicBuffer: register, handle(0xa0322a40) (w:720 h:1280 s:720 f:0x1 u:f02)
03-13 17:03:53.913 19589 19607 D GraphicBuffer: register, handle(0xa0322d40) (w:720 h:1280 s:720 f:0x1 u:f02)
03-13 17:03:53.929 19589 19607 E [EGL-ERROR]: __egl_platform_cancel_buffers:644: surface->num_buffers(4)
03-13 17:03:53.929 19589 19607 D Surface : Surface::disconnect(this=0x87d17000,api=1)
03-13 17:03:53.930 19589 19607 D GraphicBuffer: unregister, handle(0xa0322740) (w:720 h:1280 s:720 f:0x1 u:f02)
03-13 17:03:53.930 19589 19607 D GraphicBuffer: unregister, handle(0x8b244000) (w:720 h:1280 s:720 f:0x1 u:f02)
03-13 17:03:53.930 19589 19607 D GraphicBuffer: unregister, handle(0xa0323e80) (w:720 h:1280 s:720 f:0x1 u:f02)
03-13 17:03:54.211 19589 20554 I HUREV   : [1577] s.run | AudioTrackWrapper thread finished.
03-13 17:03:54.804 19589 19589 I HUREV   : [2] AapService.u | checkAlreadyConnectedUsb: force=true, lastSession=false, singleUsb=true, isConnected=false, connectionState=c, isSwitchingToAccessory=false, userExitedAA=false
03-13 17:03:54.806 19589 19589 I HUREV   : [2] AapService.u | checkAlreadyConnectedUsb: Found 1 USB device(s): Google 18D1:2D00 (18D1:2D00)
03-13 17:03:54.807 19589 19589 I HUREV   : [2] AapService.u | Found device already in accessory mode: Google 18D1:2D00
03-13 17:03:54.808 19589 19589 I zygote  : Deoptimizing g2.g g2.g$a$a.a(g2.g, g2.g$b) due to JIT inline cache
03-13 17:03:54.810 19589 19753 D UsbDeviceConnectionJNI: close
03-13 17:03:54.810 19589 19753 I HUREV   : [681] m.b | Google 18D1:2D00 - UsbDevice[mName=/dev/bus/usb/001/067,mVendorId=6353,mProductId=11520,mClass=0,mSubclass=0,mProtocol=0,mManufacturerName=Android,mProductName=VehiConn_CBE4,mVersion=2.0,mSerialNumber=LY0123456789,mConfigurations=[
03-13 17:03:54.810 19589 19753 I HUREV   : UsbConfiguration[mId=1,mName=accessory,mAttributes=128,mMaxPower=75,mInterfaces=[
03-13 17:03:54.810 19589 19753 I HUREV   : UsbInterface[mId=0,mAlternateSetting=0,mName=Android Accessory Interface,mClass=255,mSubclass=255,mProtocol=0,mEndpoints=[
03-13 17:03:54.810 19589 19753 I HUREV   : UsbEndpoint[mAddress=129,mAttributes=2,mMaxPacketSize=512,mInterval=0]
03-13 17:03:54.810 19589 19753 I HUREV   : UsbEndpoint[mAddress=1,mAttributes=2,mMaxPacketSize=512,mInterval=0]]]]
03-13 17:03:54.811 19589 19753 E UsbDeviceConnectionJNI: device is closed in native_release_interface
03-13 17:03:54.811 19589 19753 E HUREV   : [681] m.b | Error releaseInterface()
03-13 17:03:54.813 19589 19753 I HUREV   : [681] m.l | Established connection: android.hardware.usb.UsbDeviceConnection@8c9522c
03-13 17:03:54.814 19589 19753 I HUREV   : [681] m.l | interfaceCount: 1
03-13 17:03:54.814 19589 19753 I HUREV   : [681] m.j | Check accessory endpoints
03-13 17:03:54.815 19589 19753 I HUREV   : [681] m.j | Connected have EPs
03-13 17:03:54.822 19589 19589 I HUREV   : [2] AapService.t | WifiLock acquired (HIGH_PERF)
03-13 17:03:54.824 19589 19589 D HUREV   : [2] AapService.W | MediaSession: State updated to PLAYING
03-13 17:03:54.841 19589 19753 I HUREV   : [681] s0.B | Start Aap transport handshake for w0.m@66b8b71
03-13 17:03:54.907 19589 19589 I HUREV   : [2] AapProjectionActivity.onCreate | HeadUnit for Android Auto (tm) - Copyright 2011-2015 Michael A. Reid., since 2025 André Rinas All Rights Reserved...
03-13 17:03:54.908 19589 19589 I HUREV   : [2] AapProjectionActivity.onCreate | Using GlProjectionView
03-13 17:03:54.911 19589 19589 I HUREV   : [2] g.p | CarScreen: usable width: 1280 height: 720 (Raw: 1280x720, Insets: L0 T0 R0 B0)
03-13 17:03:54.912 19589 19589 I HUREV   : [2] g.p | CarScreen isSmallScreen: true, scaleFactor: 1.0
03-13 17:03:54.913 19589 19589 I HUREV   : [2] g.p | CarScreen using: _1920x1080, number: 3, scales: scaleX: 1.5, scaleY: 1.5
03-13 17:03:54.922 19589 19589 I HUREV   : [2] AapProjectionActivity.onResume | AapProjectionActivity: onResume
03-13 17:03:54.929 19589 19589 D WindowClient: Add to mViews: DecorView@c093569[AapProjectionActivity], this = android.view.WindowManagerGlobal@b01d960
03-13 17:03:54.930 19589 19589 D ViewRootImpl[AapProjectionActivity]: hardware acceleration = true , fakeHwAccelerated = false, sRendererDisabled = false, forceHwAccelerated = false, sSystemRendererDisabled = false
03-13 17:03:54.961 19589 19607 D Surface : Surface::connect(this=0x8c790800,api=1)
03-13 17:03:54.964 19589 19607 D Surface : Surface::setBufferCount(this=0x8c790800,bufferCount=4)
03-13 17:03:54.978 19589 20596 D Surface : Surface::connect(this=0x8c325800,api=1)
03-13 17:03:54.985 19589 19607 D GraphicBuffer: register, handle(0x8b244000) (w:720 h:1280 s:720 f:0x1 u:f02)
03-13 17:03:54.986 19589 20596 D Surface : Surface::setBufferCount(this=0x8c325800,bufferCount=4)
03-13 17:03:54.990 19589 20596 D GraphicBuffer: register, handle(0x9e67e1c0) (w:720 h:1280 s:720 f:0x2 u:f02)
03-13 17:03:54.990 19589 20596 I HUREV   : [2168] a.onSurfaceCreated | GlProjectionView: onSurfaceCreated (GL Context)
03-13 17:03:54.992 19589 20596 I BufferQueue: [unnamed-19589-3](this:0x8c3bd000,id:3,api:0,p:-1,c:-1) BufferQueue core=(19589:com.andrerinas.headunitrevived)
03-13 17:03:54.993 19589 20596 E DumpTunnel: finding regDump() failed
03-13 17:03:54.994 19589 20596 I BufferQueueConsumer: [unnamed-19589-3](this:0x8c3bd000,id:3,api:0,p:-1,c:19589) connect(C): consumer=(19589:com.andrerinas.headunitrevived) controlledByApp=true
03-13 17:03:54.994 19589 20596 I BufferQueueConsumer: [unnamed-19589-3](this:0x8c3bd000,id:3,api:0,p:-1,c:19589) setConsumerName: unnamed-19589-3
03-13 17:03:54.994 19589 20596 I BufferQueueConsumer: [SurfaceTexture-1-19589-3](this:0x8c3bd000,id:3,api:0,p:-1,c:19589) setConsumerName: SurfaceTexture-1-19589-3
03-13 17:03:54.996 19589 20596 I HUREV   : [2168] a.onSurfaceChanged | GlProjectionView: onSurfaceChanged: 1280x720
03-13 17:03:55.005 19589 20596 D GraphicBuffer: register, handle(0x9e67e580) (w:720 h:1280 s:720 f:0x2 u:f02)
03-13 17:03:55.009 19589 19607 D GraphicBuffer: register, handle(0xa0322740) (w:720 h:1280 s:720 f:0x1 u:f02)
03-13 17:03:55.031 19589 19607 D GraphicBuffer: register, handle(0xa0323f40) (w:720 h:1280 s:720 f:0x1 u:f02)
03-13 17:03:55.037 19589 19589 I HUREV   : [2] a.g | GlProjectionView: Reporting Surface Created
03-13 17:03:55.038 19589 19589 I HUREV   : [2] AapProjectionActivity.d | [AapProjectionActivity] onSurfaceCreated
03-13 17:03:55.039 19589 19589 I HUREV   : [2] AapProjectionActivity.b | [AapProjectionActivity] onSurfaceChanged. Actual surface dimensions: width=1280, height=720
03-13 17:03:55.039 19589 19589 I HUREV   : [2] a0.p | New surface set: Surface(name=android.graphics.SurfaceTexture@b1d4ad9)/@0x98bc84d
03-13 17:03:55.040 19589 19589 I HUREV   : [2] AapProjectionActivity.b | [AapProjectionActivity] Decoder already has dimensions: 1920x1088. Applying to view.
03-13 17:03:55.040 19589 19589 I HUREV   : [2] d.a | GlProjectionView setVideoSize: 1920x1088
03-13 17:03:55.040 19589 19589 I BufferQueueConsumer: [SurfaceTexture-1-19589-3](this:0x8c3bd000,id:3,api:0,p:-1,c:19589) setDefaultBufferSize: width=1920 height=1088
03-13 17:03:55.062 19589 19607 E [EGL-ERROR]: __egl_platform_cancel_buffers:644: surface->num_buffers(4)
03-13 17:03:55.064 19589 19607 D Surface : Surface::disconnect(this=0x8bfa9000,api=1)
03-13 17:03:55.064 19589 19607 D GraphicBuffer: unregister, handle(0x8b244000) (w:720 h:1280 s:720 f:0x1 u:f02)
03-13 17:03:55.064 19589 19607 D GraphicBuffer: unregister, handle(0xa0322d40) (w:720 h:1280 s:720 f:0x1 u:f02)
03-13 17:03:55.064 19589 19607 D GraphicBuffer: unregister, handle(0xa0322a40) (w:720 h:1280 s:720 f:0x1 u:f02)
03-13 17:03:55.069 19589 19607 D GraphicBuffer: register, handle(0xa0322d40) (w:720 h:1280 s:720 f:0x1 u:f02)
03-13 17:03:55.089 19589 19607 E [EGL-ERROR]: __egl_platform_cancel_buffers:644: surface->num_buffers(4)
03-13 17:03:55.090 19589 19607 D Surface : Surface::disconnect(this=0x8c4b3000,api=1)
03-13 17:03:55.090 19589 19607 D GraphicBuffer: unregister, handle(0xa0323d00) (w:75 h:674 s:80 f:0x1 u:f02)
03-13 17:03:55.091 19589 19589 D View    : [Warning] assignParent to null: this = android.widget.LinearLayout{8175a0a V.E...... ......ID 0,0-674,75}
03-13 17:03:55.105 19589 19589 D WindowClient: Remove from mViews: android.widget.LinearLayout{8175a0a V.E...... ......ID 0,0-674,75}, this = android.view.WindowManagerGlobal@b01d960
03-13 17:03:55.394 19589 19753 I HUREV   : [681] s0.l | Handshake: Drained 24795 bytes of stale data before version request
03-13 17:03:55.394 19589 19753 D HUREV   : [681] s0.l | Handshake: Starting version request. TS: 77799210
03-13 17:03:55.395 19589 19753 D HUREV   : [681] s0.l | Handshake: Version request sent. ret: 10. attempt: 1. TS: 77799210
03-13 17:03:55.395 19589 19753 D HUREV   : [681] s0.l | Handshake: Waiting for version response. TS: 77799211
03-13 17:03:55.446 19589 19753 W HUREV   : [681] s0.l | Handshake: No VERSION_RESPONSE within 2s (attempt 1), ret=-1
03-13 17:03:55.567 19589 19589 I HUREV   : [2] p.onReceive | USB Intent: Intent { act=android.hardware.usb.action.USB_DEVICE_DETACHED flg=0x1000010 (has extras) }
03-13 17:03:55.572 19589 19589 I HUREV   : [2] p.onReceive | USB Intent: Intent { act=android.hardware.usb.action.USB_DEVICE_DETACHED flg=0x1000010 (has extras) }
03-13 17:03:55.582 19589 19589 I HUREV   : [2] AapProjectionActivity.M | Hiding reconnecting overlay — frames resumed
03-13 17:03:55.596 19589 19589 I HUREV   : [2] AapService.K | WifiLock released
03-13 17:03:55.608 19589 19589 D HUREV   : [2] AapService.W | MediaSession: State updated to STOPPED
03-13 17:03:55.610 19589 19589 I HUREV   : [2] AapService.M | scheduleReconnectIfNeeded: isClean=false, isUserExit=false, selfMode=false, userExitedAA=false, wirelessServer=false
03-13 17:03:55.611 19589 19754 I HUREV   : [682] a0.s | Decoder stopped: AapService::onDisconnect
03-13 17:03:55.611 19589 19589 I HUREV   : [2] AapService.M | AapService: USB disconnect. Scheduling reconnect check in 3000ms...
03-13 17:03:55.613 19589 19589 D WindowClient: Add to mViews: android.widget.LinearLayout{dc529b9 V.E...... ......I. 0,0-0,0}, this = android.view.WindowManagerGlobal@b01d960
03-13 17:03:55.615 19589 19589 D ViewRootImpl[Toast]: hardware acceleration = true , fakeHwAccelerated = false, sRendererDisabled = false, forceHwAccelerated = false, sSystemRendererDisabled = false
03-13 17:03:55.646 19589 19589 D Surface : Surface::allocateBuffers(this=0x8c4b3000)
03-13 17:03:55.646 19589 19607 D Surface : Surface::connect(this=0x8c4b3000,api=1)
03-13 17:03:55.648 19589 19753 D HUREV   : [681] s0.l | Handshake: Version request sent. ret: -1. attempt: 2. TS: 77799463
03-13 17:03:55.648 19589 19753 W HUREV   : [681] s0.l | Handshake: Version request send failed (ret=-1), attempt 2
03-13 17:03:55.658 19589 19607 D Surface : Surface::setBufferCount(this=0x8c4b3000,bufferCount=4)
03-13 17:03:55.661 19589 19589 I HUREV   : [2] AapProjectionActivity.onPause | AapProjectionActivity: onPause
03-13 17:03:55.683 19589 19607 D GraphicBuffer: register, handle(0xa0323c40) (w:75 h:674 s:80 f:0x1 u:f02)
03-13 17:03:55.726 19589 19607 D Surface : Surface::connect(this=0x8bfa9000,api=1)
03-13 17:03:55.726 19589 19589 D Surface : Surface::allocateBuffers(this=0x8bfa9000)
03-13 17:03:55.738 19589 19607 D Surface : Surface::setBufferCount(this=0x8bfa9000,bufferCount=4)
03-13 17:03:55.763 19589 19607 D GraphicBuffer: register, handle(0xa0321f00) (w:720 h:1280 s:720 f:0x1 u:f02)
03-13 17:03:55.820 19589 19607 D GraphicBuffer: register, handle(0xa0323b80) (w:720 h:1280 s:720 f:0x1 u:f02)
03-13 17:03:55.823 19589 20596 E [EGL-ERROR]: __egl_platform_cancel_buffers:644: surface->num_buffers(4)
03-13 17:03:55.824 19589 20596 D Surface : Surface::disconnect(this=0x8c325800,api=1)
03-13 17:03:55.824 19589 20596 D GraphicBuffer: unregister, handle(0x9e67e1c0) (w:720 h:1280 s:720 f:0x2 u:f02)
03-13 17:03:55.824 19589 20596 D GraphicBuffer: unregister, handle(0x9e67e580) (w:720 h:1280 s:720 f:0x2 u:f02)
03-13 17:03:55.828 19589 19589 D Surface : Surface::disconnect(this=0x8c325800,api=-1)
03-13 17:03:55.838 19589 19607 E [EGL-ERROR]: __egl_platform_cancel_buffers:644: surface->num_buffers(4)
03-13 17:03:55.840 19589 19607 D Surface : Surface::disconnect(this=0x8c790800,api=1)
03-13 17:03:55.841 19589 19607 D GraphicBuffer: unregister, handle(0xa0322740) (w:720 h:1280 s:720 f:0x1 u:f02)
03-13 17:03:55.841 19589 19607 D GraphicBuffer: unregister, handle(0xa0323f40) (w:720 h:1280 s:720 f:0x1 u:f02)
03-13 17:03:55.842 19589 19607 D GraphicBuffer: unregister, handle(0xa0322d40) (w:720 h:1280 s:720 f:0x1 u:f02)
03-13 17:03:55.849 19589 19753 D HUREV   : [681] s0.l | Handshake: Version request sent. ret: -1. attempt: 3. TS: 77799665
03-13 17:03:55.850 19589 19753 W HUREV   : [681] s0.l | Handshake: Version request send failed (ret=-1), attempt 3
03-13 17:03:55.948 19589 19589 I HUREV   : [2] AapProjectionActivity.onDestroy | AapProjectionActivity.onDestroy called. isFinishing=true
03-13 17:03:55.949 19589 19589 I BufferQueueConsumer: [SurfaceTexture-1-19589-3](this:0x8c3bd000,id:3,api:0,p:-1,c:-1) disconnect(C)
03-13 17:03:55.950 19589 19589 D View    : [Warning] assignParent to null: this = DecorView@c093569[AapProjectionActivity]
03-13 17:03:55.956 19589 19589 D WindowClient: Remove from mViews: DecorView@c093569[AapProjectionActivity], this = android.view.WindowManagerGlobal@b01d960
03-13 17:03:55.958 19589 19589 I HUREV   : [2] AapProjectionActivity.c | SurfaceCallback: onSurfaceDestroyed. Surface: Surface(name=android.graphics.SurfaceTexture@b1d4ad9)/@0x98bc84d
03-13 17:03:55.959 19589 19589 I HUREV   : [2] a0.s | Decoder stopped: surfaceDestroyed
03-13 17:03:56.051 19589 19753 E HUREV   : [681] s0.l | Handshake: Version request/response failed after 3 attempt(s). last ret: -1
03-13 17:03:56.051 19589 19753 I HUREV   : [681] s0.o | AapTransport quitting (clean=false)
03-13 17:03:56.051 19589 19753 E HUREV   : [681] s0.B | Handshake failed
03-13 17:03:57.312 19589 19607 D GraphicBuffer: register, handle(0xa0323f40) (w:720 h:1280 s:720 f:0x1 u:f02)
03-13 17:03:58.681 19589 19589 I HUREV   : [2] AapService.u | checkAlreadyConnectedUsb: force=true, lastSession=false, singleUsb=true, isConnected=false, connectionState=c, isSwitchingToAccessory=false, userExitedAA=false
03-13 17:03:58.683 19589 19589 I HUREV   : [2] AapService.u | checkAlreadyConnectedUsb: Found 0 USB device(s): 
03-13 17:03:59.085 19589 19607 E [EGL-ERROR]: __egl_platform_cancel_buffers:644: surface->num_buffers(4)
03-13 17:03:59.085 19589 19607 D Surface : Surface::disconnect(this=0x8c4b3000,api=1)
03-13 17:03:59.085 19589 19607 D GraphicBuffer: unregister, handle(0xa0323c40) (w:75 h:674 s:80 f:0x1 u:f02)
03-13 17:03:59.087 19589 19589 D View    : [Warning] assignParent to null: this = android.widget.LinearLayout{dc529b9 V.E...... ......ID 0,0-674,75}
03-13 17:03:59.095 19589 19589 D WindowClient: Remove from mViews: android.widget.LinearLayout{dc529b9 V.E...... ......ID 0,0-674,75}, this = android.view.WindowManagerGlobal@b01d960
03-13 17:04:12.248 19589 19589 I zygote  : Deoptimizing boolean androidx.appcompat.view.i.dispatchTouchEvent(android.view.MotionEvent) due to JIT inline cache
03-13 17:04:12.379 19589 19607 D GraphicBuffer: register, handle(0xa0323d00) (w:720 h:1280 s:720 f:0x1 u:f02)
03-13 17:04:14.120 19589 19589 I HUREV   : [2] AapService.onStartCommand | AapService.onStartCommand: action=com.andrerinas.headunitrevived.ACTION_STOP_WIRELESS, flags=0, startId=3
03-13 17:04:14.144 19589 19589 I HUREV   : [2] h.onReceive | Received request to resend night mode state
03-13 17:04:14.146 19589 19589 I HUREV   : [2] y.invoke | NightMode update: false
03-13 17:04:14.149 19589 19589 D WindowClient: Add to mViews: android.widget.LinearLayout{15284df V.E...... ......I. 0,0-0,0}, this = android.view.WindowManagerGlobal@b01d960
03-13 17:04:14.151 19589 19589 D ViewRootImpl[Toast]: hardware acceleration = true , fakeHwAccelerated = false, sRendererDisabled = false, forceHwAccelerated = false, sSystemRendererDisabled = false
03-13 17:04:14.173 19589 19607 D Surface : Surface::connect(this=0x8c4b3000,api=1)
03-13 17:04:14.173 19589 19589 D Surface : Surface::allocateBuffers(this=0x8c4b3000)
03-13 17:04:14.177 19589 19607 D Surface : Surface::setBufferCount(this=0x8c4b3000,bufferCount=4)
03-13 17:04:14.187 19589 19607 D GraphicBuffer: register, handle(0xa03213c0) (w:56 h:202 s:64 f:0x1 u:f02)
03-13 17:04:14.608 19589 19589 I zygote  : Deoptimizing int n.g.e(java.lang.Object, int) due to JIT same target
03-13 17:04:14.669 19589 19589 I zygote  : Deoptimizing androidx.recyclerview.widget.RecyclerView$f0 androidx.recyclerview.widget.RecyclerView$w.N(int, boolean, long) due to JIT inline cache
03-13 17:04:14.725 19589 19589 D HookText: remove last Node { textView:a2.a{6e4c303 V.ED..... ........ 28,17-271,39 #102000b android:id/message}, text:No paired Bluetooth devices found}
03-13 17:04:16.118 19589 19607 E [EGL-ERROR]: __egl_platform_cancel_buffers:644: surface->num_buffers(4)
03-13 17:04:16.118 19589 19607 D Surface : Surface::disconnect(this=0x8c4b3000,api=1)
03-13 17:04:16.119 19589 19607 D GraphicBuffer: unregister, handle(0xa03213c0) (w:56 h:202 s:64 f:0x1 u:f02)
03-13 17:04:16.120 19589 19589 D View    : [Warning] assignParent to null: this = android.widget.LinearLayout{15284df V.E...... ......ID 0,0-202,56}
03-13 17:04:16.127 19589 19589 D WindowClient: Remove from mViews: android.widget.LinearLayout{15284df V.E...... ......ID 0,0-202,56}, this = android.view.WindowManagerGlobal@b01d960
03-13 17:04:16.941 19589 19589 D HookText: remove last Node { textView:androidx.appcompat.widget.g0{72fa169 V.ED..... ........ 78,19-205,55}, text:Ustawienia}
03-13 17:04:16.954 19589 19589 D WindowClient: Add to mViews: android.widget.LinearLayout{d2cf841 V.E...... ......I. 0,0-0,0}, this = android.view.WindowManagerGlobal@b01d960
03-13 17:04:16.956 19589 19589 D ViewRootImpl[Toast]: hardware acceleration = true , fakeHwAccelerated = false, sRendererDisabled = false, forceHwAccelerated = false, sSystemRendererDisabled = false
03-13 17:04:16.973 19589 19589 D Surface : Surface::allocateBuffers(this=0x8c4b3000)
03-13 17:04:16.973 19589 19607 D Surface : Surface::connect(this=0x8c4b3000,api=1)
03-13 17:04:16.976 19589 19607 D Surface : Surface::setBufferCount(this=0x8c4b3000,bufferCount=4)
03-13 17:04:16.986 19589 19607 D GraphicBuffer: register, handle(0xa0321fc0) (w:56 h:202 s:64 f:0x1 u:f02)
03-13 17:04:18.948 19589 19607 E [EGL-ERROR]: __egl_platform_cancel_buffers:644: surface->num_buffers(4)
03-13 17:04:18.948 19589 19607 D Surface : Surface::disconnect(this=0x8c4b3000,api=1)
03-13 17:04:18.948 19589 19607 D GraphicBuffer: unregister, handle(0xa0321fc0) (w:56 h:202 s:64 f:0x1 u:f02)
03-13 17:04:18.949 19589 19589 D View    : [Warning] assignParent to null: this = android.widget.LinearLayout{d2cf841 V.E...... ......ID 0,0-202,56}
03-13 17:04:18.957 19589 19589 D WindowClient: Remove from mViews: android.widget.LinearLayout{d2cf841 V.E...... ......ID 0,0-202,56}, this = android.view.WindowManagerGlobal@b01d960
03-13 17:04:21.692 19589 19589 D HookText: remove last Node { textView:a2.a{841a609 V.ED..... ........ 19,14-1158,41 #7f0901b2 app:id/settingName}, text:Automatyczne uruchamianie przez USB}
03-13 17:04:21.712 19589 19589 D HookText: remove last Node { textView:a2.a{880a00e V.ED..... ........ 19,46-1158,68 #7f0901b1 app:id/settingDescription}, text:Automatycznie otwórz aplikację po podłączeniu urządzenia USB}
03-13 17:04:21.715 19589 19589 D HookText: remove last Node { textView:a2.a{2625b6 V.ED..... ........ 19,14-1223,41 #7f0901b2 app:id/settingName}, text:Gęstość pikseli (DPI)}
03-13 17:04:21.718 19589 19589 D HookText: remove last Node { textView:a2.a{7fb2b7 V.ED..... ........ 19,46-1223,68 #7f0901b5 app:id/settingValue}, text:176}
03-13 17:04:21.752 19589 19589 D HookText: remove last Node { textView:com.google.android.material.button.MaterialButton{9fb6c16 VF.D..C.. ......ID 0,0-104,44 #7f090192 app:id/save_button_widget}, text:Zapisz}
03-13 17:04:21.752 19589 19589 D HookText: remove last Node { textView:a2.a{7f21101 V.ED..... ........ 19,589-1261,639 #7f090072 app:id/categoryTitle}, text:Dźwięk}
03-13 17:04:21.760 19589 19589 D HookText: remove last Node { textView:a2.a{61549cb V.ED..... ........ 19,633-1261,683 #7f090072 app:id/categoryTitle}, text:Wideo}
03-13 17:04:21.760 19589 19589 D HookText: remove last Node { textView:a2.a{3f81d5c V.ED..... ........ 19,14-1223,41 #7f0901b2 app:id/settingName}, text:Orientacja ekranu}
03-13 17:04:21.767 19589 19589 D HookText: remove last Node { textView:a2.a{abeb865 V.ED..... ........ 19,46-1223,68 #7f0901b5 app:id/settingValue}, text:Poziomo (0°)}
03-13 17:04:21.767 19589 19589 D HookText: remove last Node { textView:a2.a{10579bc V.ED..... ........ 19,14-1223,41 #7f0901b2 app:id/settingName}, text:Ustawienia automatycznego łączenia}
03-13 17:04:21.771 19589 19589 D HookText: remove last Node { textView:a2.a{dd44d45 V.ED..... ........ 19,46-1223,68 #7f0901b5 app:id/settingValue}, text:Automatyczne połączenie urządzenia USB}
03-13 17:04:21.776 19589 19589 D HookText: remove last Node { textView:a2.a{75c0ace V.ED..... ........ 19,14-1158,41 #7f0901b2 app:id/settingName}, text:Automatyczne uruchamianie przez USB}
03-13 17:04:21.776 19589 19589 D HookText: remove last Node { textView:a2.a{6cf8def V.ED..... ........ 19,46-1158,68 #7f0901b1 app:id/settingDescription}, text:Automatycznie otwórz aplikację po podłączeniu urządzenia USB}
03-13 17:04:21.782 19589 19589 D HookText: remove last Node { textView:a2.a{92a3c7d V.ED..... ........ 19,14-1223,41 #7f0901b2 app:id/settingName}, text:Autostart przy Bluetooth}
03-13 17:04:21.782 19589 19589 D HookText: remove last Node { textView:a2.a{b180772 V.ED..... ........ 19,46-1223,68 #7f0901b5 app:id/settingValue}, text:Nie ustawiono}
03-13 17:04:21.788 19589 19589 D HookText: remove last Node { textView:a2.a{e36a35e V.ED..... ........ 19,14-1223,41 #7f0901b2 app:id/settingName}, text:Tryb bezprzewodowy}
03-13 17:04:21.788 19589 19589 D HookText: remove last Node { textView:a2.a{bbe633f V.ED..... ........ 19,46-1223,68 #7f0901b5 app:id/settingValue}, text:Auto-wyszukiwanie (Headunit Server)}
03-13 17:04:21.793 19589 19589 D HookText: remove last Node { textView:a2.a{ed77844 V.ED..... ........ 19,14-1158,41 #7f0901b2 app:id/settingName}, text:Kierownica po prawej stronie}
03-13 17:04:21.794 19589 19589 D HookText: remove last Node { textView:a2.a{fb1d2d V.ED..... ........ 19,46-1158,68 #7f0901b1 app:id/settingDescription}, text:Dostosuj interfejs dla ruchu lewostronnego (RHD)}
03-13 17:04:21.800 19589 19589 D HookText: remove last Node { textView:a2.a{d8d6214 V.ED..... ........ 19,14-1158,41 #7f0901b2 app:id/settingName}, text:Powiadomienia nawigacji}
03-13 17:04:21.801 19589 19589 D HookText: remove last Node { textView:a2.a{88d0abd V.ED..... ........ 19,46-1158,68 #7f0901b1 app:id/settingDescription}, text:Pokaż „Za X metrów Y i aktualną ulicę w powiadomieniach (do debugowania)}
03-13 17:04:24.551 19589 19589 D HookText: remove last Node { textView:a2.a{a3a37e4 V.ED..... ........ 19,14-1158,41 #7f0901b2 app:id/settingName}, text:GPS do nawigacji}
03-13 17:04:24.551 19589 19589 D HookText: remove last Node { textView:a2.a{629744d V.ED..... ........ 19,46-1158,68 #7f0901b1 app:id/settingDescription}, text:Używaj GPS tego urządzenia do nawigacji}
03-13 17:04:24.557 19589 19589 D HookText: remove last Node { textView:a2.a{eac3b63 V.ED..... ........ 19,14-1223,41 #7f0901b2 app:id/settingName}, text:Mapowanie klawiszy}
03-13 17:04:24.590 19589 19589 D HookText: remove last Node { textView:a2.a{affa360 V.ED..... ........ 19,46-1223,68 #7f0901b5 app:id/settingValue}, text:Zmień przypisanie klawiszy dla Twojej jednostki}
03-13 17:04:24.590 19589 19589 D HookText: remove last Node { textView:a2.a{c4256a0 V.ED..... ........ 19,14-1223,41 #7f0901b2 app:id/settingName}, text:Próg trybu nocnego}
03-13 17:04:24.608 19589 19589 D HookText: remove last Node { textView:a2.a{e63d259 V.ED..... ........ 19,46-1223,68 #7f0901b5 app:id/settingValue}, text:222 / 255}
03-13 17:04:24.608 19589 19589 D HookText: remove last Node { textView:a2.a{fe4128f V.ED..... ........ 19,14-1223,41 #7f0901b2 app:id/settingName}, text:Tryb nocny}
03-13 17:04:24.671 19589 19589 D HookText: remove last Node { textView:a2.a{b5da91c V.ED..... ........ 19,46-1223,68 #7f0901b5 app:id/settingValue}, text:Jasność ekranu}
03-13 17:04:24.726 19589 19589 D HookText: remove last Node { textView:a2.a{6619196 V.ED..... ........ 19,14-1223,41 #7f0901b2 app:id/settingName}, text:Język aplikacji}
03-13 17:04:24.727 19589 19589 D HookText: remove last Node { textView:a2.a{1eae117 V.ED..... ........ 19,46-1223,68 #7f0901b5 app:id/settingValue}, text:Polski}
