--------- beginning of system
03-13 16:29:54.538 19589 19589 W ActivityThread: Application com.andrerinas.headunitrevived can be debugged on port 8100...
--------- beginning of main
03-13 16:29:54.611 19589 19589 I MultiDex: VM with version 2.1.0 has multidex support
03-13 16:29:54.612 19589 19589 I MultiDex: Installing application
03-13 16:29:54.612 19589 19589 I MultiDex: VM has multidex support, MultiDex support library is disabled.
03-13 16:29:55.345 19589 19589 I HUREV   : [2] MainActivity.handleIntent | MainActivity received intent: android.intent.action.MAIN, data: null
03-13 16:29:55.573 19589 19589 W HookText: Error parsing /system/etc/info_config.xml
03-13 16:29:55.573 19589 19589 W HookText: java.io.FileNotFoundException: /system/etc/info_config.xml (No such file or directory)
03-13 16:29:55.573 19589 19589 W HookText: 	at java.io.FileInputStream.open0(Native Method)
03-13 16:29:55.573 19589 19589 W HookText: 	at java.io.FileInputStream.open(FileInputStream.java:200)
03-13 16:29:55.573 19589 19589 W HookText: 	at java.io.FileInputStream.<init>(FileInputStream.java:150)
03-13 16:29:55.573 19589 19589 W HookText: 	at java.io.FileInputStream.<init>(FileInputStream.java:103)
03-13 16:29:55.573 19589 19589 W HookText: 	at android.widget.HookText.loadRules(HookText.java:447)
03-13 16:29:55.573 19589 19589 W HookText: 	at android.widget.HookText.init(HookText.java:128)
03-13 16:29:55.573 19589 19589 W HookText: 	at android.widget.HookText.hookSetTextInternal(HookText.java:189)
03-13 16:29:55.573 19589 19589 W HookText: 	at android.widget.HookText.hookSetText(HookText.java:179)
03-13 16:29:55.573 19589 19589 W HookText: 	at android.widget.TextView.setText(TextView.java:5282)
03-13 16:29:55.573 19589 19589 W HookText: 	at android.widget.TextView.setText(TextView.java:5272)
03-13 16:29:55.573 19589 19589 W HookText: 	at android.widget.TextView.<init>(TextView.java:1634)
03-13 16:29:55.573 19589 19589 W HookText: 	at android.widget.TextView.<init>(TextView.java:828)
03-13 16:29:55.573 19589 19589 W HookText: 	at androidx.appcompat.widget.g0.<init>(r8-map-id-299ac4113613148150a030be01bf4a10585fe2dad6505740111b236871837f57:3)
03-13 16:29:55.573 19589 19589 W HookText: 	at a2.a.<init>(r8-map-id-299ac4113613148150a030be01bf4a10585fe2dad6505740111b236871837f57:2)
03-13 16:29:55.573 19589 19589 W HookText: 	at a2.a.<init>(r8-map-id-299ac4113613148150a030be01bf4a10585fe2dad6505740111b236871837f57:1)
03-13 16:29:55.573 19589 19589 W HookText: 	at com.google.android.material.theme.MaterialComponentsViewInflater.o(r8-map-id-299ac4113613148150a030be01bf4a10585fe2dad6505740111b236871837f57:3)
03-13 16:29:55.573 19589 19589 W HookText: 	at androidx.appcompat.app.g0.r(r8-map-id-299ac4113613148150a030be01bf4a10585fe2dad6505740111b236871837f57:299)
03-13 16:29:55.573 19589 19589 W HookText: 	at androidx.appcompat.app.h.e0(r8-map-id-299ac4113613148150a030be01bf4a10585fe2dad6505740111b236871837f57:151)
03-13 16:29:55.573 19589 19589 W HookText: 	at androidx.appcompat.app.h.onCreateView(r8-map-id-299ac4113613148150a030be01bf4a10585fe2dad6505740111b236871837f57:1)
03-13 16:29:55.573 19589 19589 W HookText: 	at android.view.LayoutInflater$FactoryMerger.onCreateView(LayoutInflater.java:189)
03-13 16:29:55.573 19589 19589 W HookText: 	at android.view.LayoutInflater.createViewFromTag(LayoutInflater.java:772)
03-13 16:29:55.573 19589 19589 W HookText: 	at android.view.LayoutInflater.createViewFromTag(LayoutInflater.java:730)
03-13 16:29:55.573 19589 19589 W HookText: 	at android.view.LayoutInflater.rInflate(LayoutInflater.java:863)
03-13 16:29:55.573 19589 19589 W HookText: 	at android.view.LayoutInflater.rInflateChildren(LayoutInflater.java:824)
03-13 16:29:55.573 19589 19589 W HookText: 	at android.view.LayoutInflater.rInflate(LayoutInflater.java:866)
03-13 16:29:55.573 19589 19589 W HookText: 	at android.view.LayoutInflater.rInflateChildren(LayoutInflater.java:824)
03-13 16:29:55.573 19589 19589 W HookText: 	at android.view.LayoutInflater.inflate(LayoutInflater.java:515)
03-13 16:29:55.573 19589 19589 W HookText: 	at android.view.LayoutInflater.inflate(LayoutInflater.java:423)
03-13 16:29:55.573 19589 19589 W HookText: 	at com.andrerinas.headunitrevived.main.HomeFragment.onCreateView(r8-map-id-299ac4113613148150a030be01bf4a10585fe2dad6505740111b236871837f57:9)
03-13 16:29:55.573 19589 19589 W HookText: 	at androidx.fragment.app.Fragment.performCreateView(r8-map-id-299ac4113613148150a030be01bf4a10585fe2dad6505740111b236871837f57:25)
03-13 16:29:55.573 19589 19589 W HookText: 	at androidx.fragment.app.l0.f(r8-map-id-299ac4113613148150a030be01bf4a10585fe2dad6505740111b236871837f57:209)
03-13 16:29:55.573 19589 19589 W HookText: 	at androidx.fragment.app.l0.m(r8-map-id-299ac4113613148150a030be01bf4a10585fe2dad6505740111b236871837f57:128)
03-13 16:29:55.573 19589 19589 W HookText: 	at androidx.fragment.app.m0.t(r8-map-id-299ac4113613148150a030be01bf4a10585fe2dad6505740111b236871837f57:30)
03-13 16:29:55.573 19589 19589 W HookText: 	at androidx.fragment.app.f0.T0(r8-map-id-299ac4113613148150a030be01bf4a10585fe2dad6505740111b236871837f57:28)
03-13 16:29:55.573 19589 19589 W HookText: 	at androidx.fragment.app.f0.T(r8-map-id-299ac4113613148150a030be01bf4a10585fe2dad6505740111b236871837f57:10)
03-13 16:29:55.573 19589 19589 W HookText: 	at androidx.fragment.app.f0.V(r8-map-id-299ac4113613148150a030be01bf4a10585fe2dad6505740111b236871837f57:2)
03-13 16:29:55.573 19589 19589 W HookText: 	at androidx.fragment.app.Fragment.performViewCreated(r8-map-id-299ac4113613148150a030be01bf4a10585fe2dad6505740111b236871837f57:20)
03-13 16:29:55.573 19589 19589 W HookText: 	at androidx.fragment.app.l0.f(r8-map-id-299ac4113613148150a030be01bf4a10585fe2dad6505740111b236871837f57:314)
03-13 16:29:55.573 19589 19589 W HookText: 	at androidx.fragment.app.l0.m(r8-map-id-299ac4113613148150a030be01bf4a10585fe2dad6505740111b236871837f57:128)
03-13 16:29:55.573 19589 19589 W HookText: 	at androidx.fragment.app.m0.t(r8-map-id-299ac4113613148150a030be01bf4a10585fe2dad6505740111b236871837f57:30)
03-13 16:29:55.573 19589 19589 W HookText: 	at androidx.fragment.app.f0.T0(r8-map-id-299ac4113613148150a030be01bf4a10585fe2dad6505740111b236871837f57:28)
03-13 16:29:55.573 19589 19589 W HookText: 	at androidx.fragment.app.f0.T(r8-map-id-299ac4113613148150a030be01bf4a10585fe2dad6505740111b236871837f57:10)
03-13 16:29:55.573 19589 19589 W HookText: 	at androidx.fragment.app.f0.y(r8-map-id-299ac4113613148150a030be01bf4a10585fe2dad6505740111b236871837f57:12)
03-13 16:29:55.573 19589 19589 W HookText: 	at androidx.fragment.app.v.c(r8-map-id-299ac4113613148150a030be01bf4a10585fe2dad6505740111b236871837f57:5)
03-13 16:29:55.573 19589 19589 W HookText: 	at androidx.fragment.app.s.onStart(r8-map-id-299ac4113613148150a030be01bf4a10585fe2dad6505740111b236871837f57:21)
03-13 16:29:55.573 19589 19589 W HookText: 	at androidx.appcompat.app.d.onStart(r8-map-id-299ac4113613148150a030be01bf4a10585fe2dad6505740111b236871837f57:1)
03-13 16:29:55.573 19589 19589 W HookText: 	at com.andrerinas.headunitrevived.main.MainActivity.onStart(r8-map-id-299ac4113613148150a030be01bf4a10585fe2dad6505740111b236871837f57:1)
03-13 16:29:55.573 19589 19589 W HookText: 	at android.app.Instrumentation.callActivityOnStart(Instrumentation.java:1334)
03-13 16:29:55.573 19589 19589 W HookText: 	at android.app.Activity.performStart(Activity.java:7043)
03-13 16:29:55.573 19589 19589 W HookText: 	at android.app.ActivityThread.performLaunchActivity(ActivityThread.java:2782)
03-13 16:29:55.573 19589 19589 W HookText: 	at android.app.ActivityThread.handleLaunchActivity(ActivityThread.java:2897)
03-13 16:29:55.573 19589 19589 W HookText: 	at android.app.ActivityThread.-wrap11(Unknown Source:0)
03-13 16:29:55.573 19589 19589 W HookText: 	at android.app.ActivityThread$H.handleMessage(ActivityThread.java:1623)
03-13 16:29:55.573 19589 19589 W HookText: 	at android.os.Handler.dispatchMessage(Handler.java:106)
03-13 16:29:55.573 19589 19589 W HookText: 	at android.os.Looper.loop(Looper.java:164)
03-13 16:29:55.573 19589 19589 W HookText: 	at android.app.ActivityThread.main(ActivityThread.java:6548)
03-13 16:29:55.573 19589 19589 W HookText: 	at java.lang.reflect.Method.invoke(Native Method)
03-13 16:29:55.573 19589 19589 W HookText: 	at com.android.internal.os.RuntimeInit$MethodAndArgsCaller.run(RuntimeInit.java:438)
03-13 16:29:55.573 19589 19589 W HookText: 	at com.android.internal.os.ZygoteInit.main(ZygoteInit.java:857)
03-13 16:29:55.661 19589 19589 I HUREV   : [2] HomeFragment.onViewCreated | HomeFragment: Auto-connect priority order: [last-session, self-mode, single-usb], isConnected=false, hasAttemptedAutoConnect=false, hasAttemptedSingleUsbAutoConnect=false, hasAutoStarted=false
03-13 16:29:55.700 19589 19589 I HUREV   : [2] HomeFragment.onResume | HomeFragment: onResume. isConnected=false
03-13 16:29:55.774 19589 19594 I zygote  : Do partial code cache collection, code=29KB, data=30KB
03-13 16:29:55.775 19589 19594 I zygote  : After code cache collection, code=27KB, data=30KB
03-13 16:29:55.775 19589 19594 I zygote  : Increasing code cache capacity to 128KB
03-13 16:29:55.818 19589 19589 I Choreographer: Skipped 70 frames!  The application may be doing too much work on its main thread.
03-13 16:29:55.885 19589 19607 E         : appName=com.andrerinas.headunitrevived, acAppName=/system/bin/surfaceflinger
03-13 16:29:55.885 19589 19607 E         : 0
03-13 16:29:55.890 19589 19607 I com.andrerinas.headunitrevived: android::hardware::configstore::V1_0::ISurfaceFlingerConfigs::hasWideColorDisplay retrieved: 0
03-13 16:29:55.890 19589 19607 I OpenGLRenderer: Initialized EGL, version 1.4
03-13 16:29:55.893 19589 19607 E         : appName=com.andrerinas.headunitrevived, acAppName=com.instagram.android
03-13 16:29:55.893 19589 19607 E         : 0
03-13 16:29:55.927 19589 19607 I HWUIExtension: Get disable program binary service property (0)
03-13 16:29:55.927 19589 19607 I HWUIExtension: Initializing program atlas...
03-13 16:29:55.927 19589 19607 I ProgramBinary/Service: ProgramBinaryService client side disable debugging.
03-13 16:29:55.927 19589 19607 I ProgramBinary/Service: ProgramBinaryService client side disable binary content debugging.
03-13 16:29:55.928 19589 19607 I HWUIExtension: Program binary detail: Binary length is 78196, program map length is 104.
03-13 16:29:55.929 19589 19607 I HWUIExtension: Succeeded to mmap program binaries. File descriptor is 50, and path is /dev/ashmem.
03-13 16:29:55.929 19589 19607 I HWUIExtension: No need to use file discriptor anymore, close fd(50).
03-13 16:29:56.091 19589 19594 I zygote  : Do partial code cache collection, code=62KB, data=56KB
03-13 16:29:56.092 19589 19594 I zygote  : After code cache collection, code=61KB, data=56KB
03-13 16:29:56.092 19589 19594 I zygote  : Increasing code cache capacity to 256KB
03-13 16:29:56.168 19589 19589 I HUREV   : [2] AapService.onCreate | AapService creating...
03-13 16:29:56.237 19589 19589 I HUREV   : [2] y.invoke | NightMode update: false
03-13 16:29:56.384 19589 19589 I HUREV   : [2] AapService.J | Registered runtime MEDIA_BUTTON receiver
03-13 16:29:56.994 19589 19589 I HUREV   : [2] AapService.onCreate | Auto-started continuous log capture
03-13 16:29:57.086 19589 19589 I HUREV   : [2] AapService.onCreate | AapService.onCreate: About to run startup USB check
03-13 16:29:57.087 19589 19589 I HUREV   : [2] AapService.u | checkAlreadyConnectedUsb: force=false, lastSession=false, singleUsb=false, isConnected=false, connectionState=c, isSwitchingToAccessory=false, userExitedAA=false
03-13 16:29:57.089 19589 19589 I HUREV   : [2] AapService.u | checkAlreadyConnectedUsb: Skipping — no auto-connect enabled and not forced
03-13 16:29:57.102 19589 19589 I HUREV   : [2] AapService.I | NetworkMonitor: Registered network change listener
03-13 16:29:57.103 19589 19589 I HUREV   : [2] AapService.onStartCommand | AapService.onStartCommand: action=null, flags=0, startId=1
03-13 16:29:57.110 19589 19589 I HUREV   : [2] AapService.u | checkAlreadyConnectedUsb: force=false, lastSession=false, singleUsb=false, isConnected=false, connectionState=c, isSwitchingToAccessory=false, userExitedAA=false
03-13 16:29:57.110 19589 19589 I HUREV   : [2] AapService.u | checkAlreadyConnectedUsb: Skipping — no auto-connect enabled and not forced
03-13 16:29:57.127 19589 19589 I Choreographer: Skipped 78 frames!  The application may be doing too much work on its main thread.
03-13 16:29:57.178 19589 19589 I zygote  : Deoptimizing boolean y1.m.u(android.graphics.RectF) due to JIT inline cache
03-13 16:29:57.192 19589 19607 D GraphicBuffer: register, handle(0xa0321480) (w:660 h:1228 s:672 f:0x1 u:f02)
03-13 16:29:57.180 19589 19589 I RenderThread: type=1400 audit(0.0:56336): avc: denied { search } for name="clients" dev="debugfs" ino=7071 scontext=u:r:untrusted_app:s0:c512,c768 tcontext=u:object_r:debugfs_ion:s0 tclass=dir permissive=1
03-13 16:29:57.216 19589 19607 D HWUIExtension: MTKProgramCache.generateProgram: 240518168576
03-13 16:29:57.216 19589 19607 D HWUIExtension: createProgram 0x0000003800000000, binary 0xaa42d4e8, length 2812, format 36705 within 403ns
03-13 16:29:57.217 19589 19607 D HWUIExtension: MTKProgramCache.generateProgram: 8864817741888
03-13 16:29:57.241 19589 19607 D HWUIExtension: MTKProgramCache.generateProgram: 8796093022208
03-13 16:29:57.256 19589 19607 D HWUIExtension: MTKProgramCache.generateProgram: 571746051686465
03-13 16:29:57.272 19589 19607 D HWUIExtension: MTKProgramCache.generateProgram: 571780406181891
03-13 16:29:57.273 19589 19607 D HWUIExtension: createProgram 0x0002080800000003, binary 0xaa43959c, length 3640, format 36705 within 356ns
03-13 16:29:57.275 19589 19607 D HWUIExtension: MTKProgramCache.generateProgram: 8864812498944
03-13 16:29:57.275 19589 19607 D HWUIExtension: createProgram 0x0000081000000000, binary 0xaa435d10, length 3516, format 36705 within 340ns
03-13 16:29:57.300 19589 19594 I zygote  : Do full code cache collection, code=126KB, data=89KB
03-13 16:29:57.301 19589 19594 I zygote  : After code cache collection, code=97KB, data=54KB
03-13 16:29:57.309 19589 19607 D GraphicBuffer: register, handle(0xa0321840) (w:720 h:1280 s:720 f:0x1 u:f02)
03-13 16:29:57.325 19589 19607 D HWUIExtension: MTKProgramCache.generateProgram: 1
03-13 16:29:57.326 19589 19607 D HWUIExtension: createProgram 0x0000000000000001, binary 0xaa43ae38, length 2736, format 36705 within 384ns
03-13 16:29:57.326 19589 19607 D HWUIExtension: MTKProgramCache.generateProgram: 1168231104520
03-13 16:29:57.337 19589 19607 D HWUIExtension: MTKProgramCache.generateProgram: 68724719680
03-13 16:29:57.338 19589 19607 D HWUIExtension: createProgram 0x0000001000500040, binary 0xaa42c9f8, length 2800, format 36705 within 273ns
03-13 16:29:57.338 19589 19607 D HWUIExtension: MTKProgramCache.generateProgram: 562949958664257
03-13 16:29:57.339 19589 19607 D HWUIExtension: createProgram 0x0002000000500041, binary 0xaa42f544, length 2832, format 36705 within 272ns
03-13 16:29:57.340 19589 19607 D HWUIExtension: MTKProgramCache.generateProgram: 562984313159683
03-13 16:29:57.340 19589 19607 D HWUIExtension: createProgram 0x0002000800000003, binary 0xaa430ad4, length 2828, format 36705 within 317ns
03-13 16:29:57.381 19589 19589 I HUREV   : [2] a.a | Request location updates
03-13 16:29:57.450 19589 19589 I HUREV   : [2] a.a | Last known location:  Unknown
03-13 16:29:57.458 19589 19589 I HUREV   : [2] HomeFragment.onResume | HomeFragment: onResume. isConnected=false
03-13 16:29:57.498 19589 19589 W InputMethodManager: Ignoring onBind: cur seq=549, given seq=548
03-13 16:29:57.516 19589 19607 D GraphicBuffer: register, handle(0xa03228c0) (w:660 h:1228 s:672 f:0x1 u:f02)
03-13 16:29:57.611 19589 19607 D GraphicBuffer: register, handle(0xa0322a40) (w:720 h:1280 s:720 f:0x1 u:f02)
03-13 16:29:57.625 19589 19607 D GraphicBuffer: register, handle(0xa0322bc0) (w:660 h:1228 s:672 f:0x1 u:f02)
03-13 16:29:57.992 19589 19594 I zygote  : Do partial code cache collection, code=125KB, data=84KB
03-13 16:29:57.993 19589 19594 I zygote  : After code cache collection, code=125KB, data=84KB
03-13 16:29:57.993 19589 19594 I zygote  : Increasing code cache capacity to 512KB
03-13 16:29:58.612 19589 19607 D HWUIExtension: MTKProgramCache.generateProgram: 571849130901572
03-13 16:29:58.645 19589 19607 D GraphicBuffer: register, handle(0xa0322e00) (w:660 h:1228 s:672 f:0x1 u:f02)
03-13 16:29:58.693 19589 19607 E [EGL-ERROR]: __egl_platform_cancel_buffers:644: surface->num_buffers(4)
03-13 16:29:58.693 19589 19607 D Surface : Surface::disconnect(this=0x8c032800,api=1)
03-13 16:29:58.693 19589 19607 D GraphicBuffer: unregister, handle(0xa0322bc0) (w:660 h:1228 s:672 f:0x1 u:f02)
03-13 16:29:58.694 19589 19607 D GraphicBuffer: unregister, handle(0xa03228c0) (w:660 h:1228 s:672 f:0x1 u:f02)
03-13 16:29:58.694 19589 19607 D GraphicBuffer: unregister, handle(0xa0321480) (w:660 h:1228 s:672 f:0x1 u:f02)
03-13 16:29:58.694 19589 19607 D GraphicBuffer: unregister, handle(0xa0322e00) (w:660 h:1228 s:672 f:0x1 u:f02)
03-13 16:29:58.696 19589 19589 D View    : [Warning] assignParent to null: this = DecorView@d1d8963[]
03-13 16:29:58.711 19589 19589 D WindowClient: Remove from mViews: DecorView@d1d8963[], this = android.view.WindowManagerGlobal@b01d960
03-13 16:29:58.851 19589 19589 D WindowClient: Add to mViews: DecorView@deae70b[], this = android.view.WindowManagerGlobal@b01d960
03-13 16:29:58.852 19589 19589 D ViewRootImpl[MainActivity]: hardware acceleration = true , fakeHwAccelerated = false, sRendererDisabled = false, forceHwAccelerated = false, sSystemRendererDisabled = false
03-13 16:29:58.931 19589 19607 D Surface : Surface::connect(this=0x8c25b000,api=1)
03-13 16:29:58.933 19589 19589 D Surface : Surface::allocateBuffers(this=0x8c25b000)
03-13 16:29:58.938 19589 19607 D Surface : Surface::setBufferCount(this=0x8c25b000,bufferCount=4)
03-13 16:29:59.013 19589 19607 D GraphicBuffer: register, handle(0xa0321480) (w:333 h:922 s:336 f:0x1 u:f02)
03-13 16:29:59.020 19589 19607 D HWUIExtension: MTKProgramCache.generateProgram: 5242944
03-13 16:29:59.021 19589 19607 D HWUIExtension: createProgram 0x0000000000500040, binary 0xaa43c2e0, length 2660, format 36705 within 369ns
03-13 16:29:59.021 19589 19607 D HWUIExtension: MTKProgramCache.generateProgram: 0
03-13 16:29:59.021 19589 19607 D HWUIExtension: createProgram 0x0000000000000000, binary 0xaa42c000, length 2552, format 36705 within 293ns
03-13 16:29:59.053 19589 19607 D GraphicBuffer: register, handle(0xa0322380) (w:720 h:1280 s:720 f:0x1 u:f02)
03-13 16:29:59.060 19589 19607 D GraphicBuffer: register, handle(0xa0322d40) (w:333 h:922 s:336 f:0x1 u:f02)
03-13 16:29:59.845 19589 19607 D GraphicBuffer: register, handle(0xa03225c0) (w:333 h:922 s:336 f:0x1 u:f02)
03-13 16:29:59.932 19589 19589 D WindowClient: Add to mViews: DecorView@18621d8[], this = android.view.WindowManagerGlobal@b01d960
03-13 16:29:59.934 19589 19589 D ViewRootImpl[MainActivity]: hardware acceleration = true , fakeHwAccelerated = false, sRendererDisabled = false, forceHwAccelerated = false, sSystemRendererDisabled = false
03-13 16:29:59.949 19589 19607 E [EGL-ERROR]: __egl_platform_cancel_buffers:644: surface->num_buffers(4)
03-13 16:29:59.950 19589 19607 D Surface : Surface::disconnect(this=0x8c25b000,api=1)
03-13 16:29:59.951 19589 19607 D GraphicBuffer: unregister, handle(0xa03225c0) (w:333 h:922 s:336 f:0x1 u:f02)
03-13 16:29:59.951 19589 19607 D GraphicBuffer: unregister, handle(0xa0322d40) (w:333 h:922 s:336 f:0x1 u:f02)
03-13 16:29:59.951 19589 19607 D GraphicBuffer: unregister, handle(0xa0321480) (w:333 h:922 s:336 f:0x1 u:f02)
03-13 16:29:59.952 19589 19589 D View    : [Warning] assignParent to null: this = DecorView@deae70b[]
03-13 16:29:59.990 19589 19589 D WindowClient: Remove from mViews: DecorView@deae70b[], this = android.view.WindowManagerGlobal@b01d960
03-13 16:30:00.084 19589 19589 D Surface : Surface::allocateBuffers(this=0x8c25b000)
03-13 16:30:00.084 19589 19607 D Surface : Surface::connect(this=0x8c25b000,api=1)
03-13 16:30:00.090 19589 19607 D Surface : Surface::setBufferCount(this=0x8c25b000,bufferCount=4)
03-13 16:30:00.178 19589 19607 D GraphicBuffer: register, handle(0xa0322d40) (w:484 h:1053 s:496 f:0x1 u:f02)
03-13 16:30:00.217 19589 19607 D GraphicBuffer: register, handle(0xa0322e00) (w:484 h:1053 s:496 f:0x1 u:f02)
03-13 16:30:00.232 19589 19607 D GraphicBuffer: register, handle(0xa0321600) (w:484 h:1053 s:496 f:0x1 u:f02)
03-13 16:30:01.322 19589 19607 D HWUIExtension: MTKProgramCache.generateProgram: 103079215104
03-13 16:30:01.322 19589 19607 D HWUIExtension: createProgram 0x0000001800000000, binary 0xaa432da4, length 2688, format 36705 within 337ns
03-13 16:30:01.337 19589 19628 D ProfileInstaller: Installing profile for com.andrerinas.headunitrevived
03-13 16:30:01.437 19589 19589 I zygote  : Deoptimizing java.lang.CharSequence android.widget.HookText.hookSetTextInternal(java.lang.CharSequence, android.widget.TextView) due to JIT inline cache
03-13 16:30:01.440 19589 19589 D WindowClient: Add to mViews: DecorView@57babf3[], this = android.view.WindowManagerGlobal@b01d960
03-13 16:30:01.442 19589 19589 D ViewRootImpl[MainActivity]: hardware acceleration = true , fakeHwAccelerated = false, sRendererDisabled = false, forceHwAccelerated = false, sSystemRendererDisabled = false
03-13 16:30:01.454 19589 19607 E [EGL-ERROR]: __egl_platform_cancel_buffers:644: surface->num_buffers(4)
03-13 16:30:01.454 19589 19607 D Surface : Surface::disconnect(this=0x8c25b000,api=1)
03-13 16:30:01.454 19589 19607 D GraphicBuffer: unregister, handle(0xa0321600) (w:484 h:1053 s:496 f:0x1 u:f02)
03-13 16:30:01.455 19589 19607 D GraphicBuffer: unregister, handle(0xa0322e00) (w:484 h:1053 s:496 f:0x1 u:f02)
03-13 16:30:01.455 19589 19607 D GraphicBuffer: unregister, handle(0xa0322d40) (w:484 h:1053 s:496 f:0x1 u:f02)
03-13 16:30:01.456 19589 19589 D View    : [Warning] assignParent to null: this = DecorView@18621d8[]
03-13 16:30:01.491 19589 19589 D WindowClient: Remove from mViews: DecorView@18621d8[], this = android.view.WindowManagerGlobal@b01d960
03-13 16:30:01.550 19589 19589 D Surface : Surface::allocateBuffers(this=0x8c25b000)
03-13 16:30:01.550 19589 19607 D Surface : Surface::connect(this=0x8c25b000,api=1)
03-13 16:30:01.559 19589 19607 D Surface : Surface::setBufferCount(this=0x8c25b000,bufferCount=4)
03-13 16:30:01.602 19589 19589 I zygote  : Deoptimizing void y1.s.m(y1.s$c, int) due to JIT inline cache
03-13 16:30:01.635 19589 19607 D GraphicBuffer: register, handle(0xa0322e00) (w:372 h:1053 s:384 f:0x1 u:f02)
03-13 16:30:01.664 19589 19607 D GraphicBuffer: register, handle(0xa0321480) (w:372 h:1053 s:384 f:0x1 u:f02)
03-13 16:30:01.680 19589 19607 D GraphicBuffer: register, handle(0xa03216c0) (w:372 h:1053 s:384 f:0x1 u:f02)
03-13 16:30:02.491 19589 19589 W AudioCapabilities: Unsupported mime audio/x-adpcm-ms
03-13 16:30:02.492 19589 19589 W AudioCapabilities: Unsupported mime audio/x-adpcm-dvi-ima
03-13 16:30:02.493 19589 19589 W AudioCapabilities: Unsupported mime audio/alac
03-13 16:30:02.495 19589 19589 W AudioCapabilities: Unsupported mime audio/ape
03-13 16:30:02.517 19589 19589 W VideoCapabilities: Unsupported mime video/divx
03-13 16:30:02.530 19589 19589 W VideoCapabilities: Unrecognized profile/level 1/32 for video/mp4v-es
03-13 16:30:02.530 19589 19589 W VideoCapabilities: Unrecognized profile/level 32768/2 for video/mp4v-es
03-13 16:30:02.530 19589 19589 W VideoCapabilities: Unrecognized profile/level 32768/64 for video/mp4v-es
03-13 16:30:02.536 19589 19589 W VideoCapabilities: Unsupported mime video/flv1
03-13 16:30:02.544 19589 19589 W VideoCapabilities: Unsupported mime video/x-ms-wmv
03-13 16:30:02.547 19589 19589 W VideoCapabilities: Unsupported mime video/xvid
03-13 16:30:02.562 19589 19589 W VideoCapabilities: Unrecognized profile/level 1/32 for video/mp4v-es
03-13 16:30:02.566 19589 19589 I VideoCapabilities: Unsupported profile 4 for video/mp4v-es
03-13 16:30:02.635 19589 19589 D WindowClient: Add to mViews: DecorView@357eaed[], this = android.view.WindowManagerGlobal@b01d960
03-13 16:30:02.636 19589 19589 D ViewRootImpl[MainActivity]: hardware acceleration = true , fakeHwAccelerated = false, sRendererDisabled = false, forceHwAccelerated = false, sSystemRendererDisabled = false
03-13 16:30:02.645 19589 19607 E [EGL-ERROR]: __egl_platform_cancel_buffers:644: surface->num_buffers(4)
03-13 16:30:02.646 19589 19607 D Surface : Surface::disconnect(this=0x8c25b000,api=1)
03-13 16:30:02.646 19589 19607 D GraphicBuffer: unregister, handle(0xa03216c0) (w:372 h:1053 s:384 f:0x1 u:f02)
03-13 16:30:02.646 19589 19607 D GraphicBuffer: unregister, handle(0xa0321480) (w:372 h:1053 s:384 f:0x1 u:f02)
03-13 16:30:02.646 19589 19607 D GraphicBuffer: unregister, handle(0xa0322e00) (w:372 h:1053 s:384 f:0x1 u:f02)
03-13 16:30:02.648 19589 19589 D View    : [Warning] assignParent to null: this = DecorView@57babf3[]
03-13 16:30:02.688 19589 19589 D WindowClient: Remove from mViews: DecorView@57babf3[], this = android.view.WindowManagerGlobal@b01d960
03-13 16:30:02.746 19589 19589 D Surface : Surface::allocateBuffers(this=0x8c25b000)
03-13 16:30:02.746 19589 19607 D Surface : Surface::connect(this=0x8c25b000,api=1)
03-13 16:30:02.752 19589 19607 D Surface : Surface::setBufferCount(this=0x8c25b000,bufferCount=4)
03-13 16:30:02.801 19589 19607 D GraphicBuffer: register, handle(0xa0321480) (w:403 h:780 s:416 f:0x1 u:f02)
03-13 16:30:02.817 19589 19607 D GraphicBuffer: register, handle(0xa0322d40) (w:403 h:780 s:416 f:0x1 u:f02)
03-13 16:30:03.570 19589 19607 D GraphicBuffer: register, handle(0xa03225c0) (w:403 h:780 s:416 f:0x1 u:f02)
03-13 16:30:03.576 19589 19607 E [EGL-ERROR]: __egl_platform_cancel_buffers:644: surface->num_buffers(4)
03-13 16:30:03.576 19589 19607 D Surface : Surface::disconnect(this=0x8c25b000,api=1)
03-13 16:30:03.576 19589 19607 D GraphicBuffer: unregister, handle(0xa03225c0) (w:403 h:780 s:416 f:0x1 u:f02)
03-13 16:30:03.576 19589 19607 D GraphicBuffer: unregister, handle(0xa0322d40) (w:403 h:780 s:416 f:0x1 u:f02)
03-13 16:30:03.577 19589 19607 D GraphicBuffer: unregister, handle(0xa0321480) (w:403 h:780 s:416 f:0x1 u:f02)
03-13 16:30:03.578 19589 19589 D View    : [Warning] assignParent to null: this = DecorView@357eaed[]
03-13 16:30:03.598 19589 19589 D WindowClient: Remove from mViews: DecorView@357eaed[], this = android.view.WindowManagerGlobal@b01d960
03-13 16:30:03.647 19589 19594 I zygote  : Do full code cache collection, code=254KB, data=173KB
03-13 16:30:03.652 19589 19594 I zygote  : After code cache collection, code=151KB, data=95KB
03-13 16:30:03.940 19589 19589 I HUREV   : [2] MainActivity.handleIntent | MainActivity received intent: android.intent.action.MAIN, data: null
03-13 16:30:04.022 19589 19589 I HUREV   : [2] HomeFragment.onViewCreated | HomeFragment: Auto-connect priority order: [last-session, self-mode, single-usb], isConnected=false, hasAttemptedAutoConnect=false, hasAttemptedSingleUsbAutoConnect=false, hasAutoStarted=false
03-13 16:30:04.046 19589 19589 I HUREV   : [2] HomeFragment.onResume | HomeFragment: onResume. isConnected=false
03-13 16:30:04.274 19589 19589 I HUREV   : [2] AapService.onStartCommand | AapService.onStartCommand: action=null, flags=0, startId=2
03-13 16:30:04.282 19589 19589 I HUREV   : [2] AapService.u | checkAlreadyConnectedUsb: force=false, lastSession=false, singleUsb=false, isConnected=false, connectionState=c, isSwitchingToAccessory=false, userExitedAA=false
03-13 16:30:04.283 19589 19589 I HUREV   : [2] AapService.u | checkAlreadyConnectedUsb: Skipping — no auto-connect enabled and not forced
03-13 16:30:04.613 19589 19589 I zygote  : Deoptimizing android.util.TypedValue u1.b.a(android.content.Context, int) due to JIT inline cache
03-13 16:30:04.665 19589 19589 I HUREV   : [2] HomeFragment.onViewCreated | HomeFragment: Auto-connect priority order: [last-session, self-mode, single-usb], isConnected=false, hasAttemptedAutoConnect=false, hasAttemptedSingleUsbAutoConnect=false, hasAutoStarted=false
03-13 16:30:04.695 19589 19589 I zygote  : Deoptimizing java.lang.CharSequence e0.e.filter(java.lang.CharSequence, int, int, android.text.Spanned, int, int) due to JIT inline cache
03-13 16:30:04.816 19589 19589 I zygote  : Deoptimizing java.lang.CharSequence androidx.emoji2.text.h.r(java.lang.CharSequence, int, int, int, int) due to JIT inline cache
03-13 16:30:04.816 19589 19589 I zygote  : Deoptimizing java.lang.CharSequence androidx.emoji2.text.l.h(java.lang.CharSequence, int, int, int, boolean) due to JIT inline cache
03-13 16:30:04.856 19589 19594 I zygote  : Do partial code cache collection, code=247KB, data=174KB
03-13 16:30:04.857 19589 19594 I zygote  : After code cache collection, code=238KB, data=169KB
03-13 16:30:04.857 19589 19594 I zygote  : Increasing code cache capacity to 1024KB
03-13 16:30:04.878 19589 19589 D WindowClient: Add to mViews: DecorView@886da21[SettingsActivity], this = android.view.WindowManagerGlobal@b01d960
03-13 16:30:04.880 19589 19589 D ViewRootImpl[SettingsActivity]: hardware acceleration = true , fakeHwAccelerated = false, sRendererDisabled = false, forceHwAccelerated = false, sSystemRendererDisabled = false
03-13 16:30:04.897 19589 19589 I zygote  : Deoptimizing void androidx.appcompat.widget.ContentFrameLayout.onMeasure(int, int) due to JIT inline cache
03-13 16:30:04.920 19589 19607 D Surface : Surface::connect(this=0x878f9800,api=1)
03-13 16:30:04.920 19589 19589 D Surface : Surface::allocateBuffers(this=0x878f9800)
03-13 16:30:04.935 19589 19607 D Surface : Surface::setBufferCount(this=0x878f9800,bufferCount=4)
03-13 16:30:05.092 19589 19589 I zygote  : Deoptimizing void androidx.constraintlayout.widget.ConstraintLayout$c.b(r.e, s.b$a) due to JIT inline cache
03-13 16:30:05.183 19589 19607 D GraphicBuffer: register, handle(0xa0322e00) (w:720 h:1280 s:720 f:0x1 u:f02)
03-13 16:30:05.193 19589 19607 D HWUIExtension: MTKProgramCache.generateProgram: 68719476736
03-13 16:30:05.194 19589 19607 D HWUIExtension: createProgram 0x0000001000000000, binary 0xaa430054, length 2688, format 36705 within 474ns
03-13 16:30:05.194 19589 19607 D HWUIExtension: MTKProgramCache.generateProgram: 103084458048
03-13 16:30:05.195 19589 19607 D HWUIExtension: createProgram 0x0000001800500040, binary 0xaa43e684, length 2800, format 36705 within 501ns
03-13 16:30:05.199 19589 19607 D HWUIExtension: MTKProgramCache.generateProgram: 562949967052865
03-13 16:30:05.200 19589 19607 D HWUIExtension: createProgram 0x0002000000d00041, binary 0xaa43cd44, length 2832, format 36705 within 590ns
03-13 16:30:05.200 19589 19607 D HWUIExtension: MTKProgramCache.generateProgram: 34364981312
03-13 16:30:05.201 19589 19607 D HWUIExtension: createProgram 0x0000000800500040, binary 0xaa43a3d4, length 2660, format 36705 within 494ns
03-13 16:30:05.260 19589 19607 D GraphicBuffer: register, handle(0xa0322f80) (w:720 h:1280 s:720 f:0x1 u:f02)
03-13 16:30:05.274 19589 19607 E [EGL-ERROR]: __egl_platform_cancel_buffers:644: surface->num_buffers(4)
03-13 16:30:05.274 19589 19607 D Surface : Surface::disconnect(this=0x8c033000,api=1)
03-13 16:30:05.275 19589 19607 D GraphicBuffer: unregister, handle(0xa0322380) (w:720 h:1280 s:720 f:0x1 u:f02)
03-13 16:30:05.275 19589 19607 D GraphicBuffer: unregister, handle(0xa0322a40) (w:720 h:1280 s:720 f:0x1 u:f02)
03-13 16:30:05.275 19589 19607 D GraphicBuffer: unregister, handle(0xa0321840) (w:720 h:1280 s:720 f:0x1 u:f02)
03-13 16:30:06.094 19589 19589 I zygote  : Deoptimizing android.graphics.Typeface androidx.core.content.res.h.m(android.content.Context, int, android.util.TypedValue, int, androidx.core.content.res.h$f, android.os.Handler, boolean, boolean) due to JIT inline cache
03-13 16:30:06.131 19589 19589 D WindowClient: Add to mViews: DecorView@7669d6c[], this = android.view.WindowManagerGlobal@b01d960
03-13 16:30:06.133 19589 19589 D ViewRootImpl[SettingsActivity]: hardware acceleration = true , fakeHwAccelerated = false, sRendererDisabled = false, forceHwAccelerated = false, sSystemRendererDisabled = false
03-13 16:30:06.168 19589 19607 D Surface : Surface::connect(this=0x8c49f800,api=1)
03-13 16:30:06.168 19589 19589 D Surface : Surface::allocateBuffers(this=0x8c49f800)
03-13 16:30:06.173 19589 19607 D Surface : Surface::setBufferCount(this=0x8c49f800,bufferCount=4)
03-13 16:30:06.202 19589 19607 D GraphicBuffer: register, handle(0xa0322a40) (w:333 h:922 s:336 f:0x1 u:f02)
03-13 16:30:06.286 19589 19607 D GraphicBuffer: register, handle(0xa0322080) (w:333 h:922 s:336 f:0x1 u:f02)
03-13 16:30:06.307 19589 19607 D GraphicBuffer: register, handle(0xa0323040) (w:720 h:1280 s:720 f:0x1 u:f02)
03-13 16:30:06.991 19589 19607 D GraphicBuffer: register, handle(0xa0323100) (w:333 h:922 s:336 f:0x1 u:f02)
03-13 16:30:06.999 19589 19607 E [EGL-ERROR]: __egl_platform_cancel_buffers:644: surface->num_buffers(4)
03-13 16:30:06.999 19589 19607 D Surface : Surface::disconnect(this=0x8c49f800,api=1)
03-13 16:30:06.999 19589 19607 D GraphicBuffer: unregister, handle(0xa0323100) (w:333 h:922 s:336 f:0x1 u:f02)
03-13 16:30:06.999 19589 19607 D GraphicBuffer: unregister, handle(0xa0322080) (w:333 h:922 s:336 f:0x1 u:f02)
03-13 16:30:06.999 19589 19607 D GraphicBuffer: unregister, handle(0xa0322a40) (w:333 h:922 s:336 f:0x1 u:f02)
03-13 16:30:07.000 19589 19589 D View    : [Warning] assignParent to null: this = DecorView@7669d6c[]
03-13 16:30:07.020 19589 19589 D WindowClient: Remove from mViews: DecorView@7669d6c[], this = android.view.WindowManagerGlobal@b01d960
03-13 16:30:07.182 19589 19599 I zygote  : Background concurrent copying GC freed 58607(2MB) AllocSpace objects, 8(224KB) LOS objects, 49% free, 5MB/10MB, paused 540us total 152.569ms
03-13 16:30:07.610 19589 19589 D WindowClient: Add to mViews: DecorView@113c63e[], this = android.view.WindowManagerGlobal@b01d960
03-13 16:30:07.611 19589 19589 D ViewRootImpl[SettingsActivity]: hardware acceleration = true , fakeHwAccelerated = false, sRendererDisabled = false, forceHwAccelerated = false, sSystemRendererDisabled = false
03-13 16:30:07.675 19589 19589 D Surface : Surface::allocateBuffers(this=0x8c104800)
03-13 16:30:07.675 19589 19607 D Surface : Surface::connect(this=0x8c104800,api=1)
03-13 16:30:07.683 19589 19607 D Surface : Surface::setBufferCount(this=0x8c104800,bufferCount=4)
03-13 16:30:07.753 19589 19607 D GraphicBuffer: register, handle(0xa0323100) (w:730 h:750 s:736 f:0x1 u:f02)
03-13 16:30:07.763 19589 19607 D HWUIExtension: MTKProgramCache.generateProgram: 8830458003520
03-13 16:30:07.891 19589 19607 D GraphicBuffer: register, handle(0xa0323280) (w:730 h:750 s:736 f:0x1 u:f02)
03-13 16:30:07.915 19589 19607 D GraphicBuffer: register, handle(0xa0323400) (w:730 h:750 s:736 f:0x1 u:f02)
03-13 16:30:08.757 19589 19607 D HWUIExtension: MTKProgramCache.generateProgram: 8899172237312
03-13 16:30:08.807 19589 19607 E [EGL-ERROR]: __egl_platform_cancel_buffers:644: surface->num_buffers(4)
03-13 16:30:08.807 19589 19607 D Surface : Surface::disconnect(this=0x8c104800,api=1)
03-13 16:30:08.807 19589 19607 D GraphicBuffer: unregister, handle(0xa0323400) (w:730 h:750 s:736 f:0x1 u:f02)
03-13 16:30:08.807 19589 19607 D GraphicBuffer: unregister, handle(0xa0323280) (w:730 h:750 s:736 f:0x1 u:f02)
03-13 16:30:08.808 19589 19607 D GraphicBuffer: unregister, handle(0xa0323100) (w:730 h:750 s:736 f:0x1 u:f02)
03-13 16:30:08.808 19589 19589 D View    : [Warning] assignParent to null: this = DecorView@113c63e[]
03-13 16:30:08.824 19589 19589 D WindowClient: Remove from mViews: DecorView@113c63e[], this = android.view.WindowManagerGlobal@b01d960
03-13 16:30:08.895 19589 19589 D HookText: remove last Node { textView:a2.a{8f05c77 V.ED..... ........ 376,288-593,317 #7f090219 app:id/usb_text}, text:USB}
03-13 16:30:08.896 19589 19589 D HookText: remove last Node { textView:a2.a{9044913 V.ED..... ........ 997,288-1214,317 #7f0901ba app:id/settings_text}, text:Settings}
03-13 16:30:08.913 19589 19589 D HookText: remove last Node { textView:com.google.android.material.button.MaterialButton{cc91750 VFED..C.. ......ID 1159,645-1261,701 #7f0900c0 app:id/exit_button}, text:Exit}
03-13 16:30:08.914 19589 19589 D HookText: remove last Node { textView:a2.a{75f994d V.ED..... ........ 687,288-904,317 #7f090224 app:id/wifi_text}, text:WiFi}
03-13 16:30:08.979 19589 19607 D HWUIExtension: MTKProgramCache.generateProgram: 562984313159681
03-13 16:30:08.980 19589 19607 D HWUIExtension: createProgram 0x0002000800000001, binary 0xaa432298, length 2828, format 36705 within 802ns
03-13 16:30:08.996 19589 19607 D GraphicBuffer: register, handle(0xa0323100) (w:720 h:1280 s:720 f:0x1 u:f02)
03-13 16:30:09.398 19589 19589 D HookText: remove last Node { textView:a2.a{8e9ce66 V.ED..... ........ 471,93-680,131}, text:Safety & Liability}
03-13 16:30:09.408 19589 19589 I HUREV   : [2] AapService.onStartCommand | AapService.onStartCommand: action=com.andrerinas.headunitrevived.ACTION_STOP_WIRELESS, flags=0, startId=3
03-13 16:30:09.427 19589 19589 I HUREV   : [2] h.onReceive | Received request to resend night mode state
03-13 16:30:09.429 19589 19607 D HWUIExtension: MTKProgramCache.generateProgram: 563053037879364
03-13 16:30:09.429 19589 19589 I HUREV   : [2] y.invoke | NightMode update: false
03-13 16:30:09.429 19589 19607 D HWUIExtension: createProgram 0x0002001800500044, binary 0xaa433824, length 3188, format 36705 within 505ns
03-13 16:30:09.432 19589 19589 D WindowClient: Add to mViews: android.widget.LinearLayout{4dc3621 V.E...... ......I. 0,0-0,0}, this = android.view.WindowManagerGlobal@b01d960
03-13 16:30:09.434 19589 19589 D ViewRootImpl[Toast]: hardware acceleration = true , fakeHwAccelerated = false, sRendererDisabled = false, forceHwAccelerated = false, sSystemRendererDisabled = false
03-13 16:30:09.471 19589 19589 I zygote  : Deoptimizing int n.g.f(java.lang.Object) due to JIT same target
03-13 16:30:09.777 19589 19589 D HookText: remove last Node { textView:a2.a{a771a54 V.ED..... ........ 0,0-1096,27}, text:Important Warning}
03-13 16:30:09.870 19589 19589 D HookText: remove last Node { textView:com.google.android.material.button.MaterialButton{f937543 VFED..C.. ......ID 904,19-1133,75 #7f090062 app:id/btn_accept}, text:I Understand and Agree}
03-13 16:30:09.875 19589 19589 D HookText: remove last Node { textView:a2.a{5b46af2 V.ED..... ........ 0,46-1096,275 #7f0900a3 app:id/disclaimer_message}, text:1. Focus on the Road
03-13 16:30:09.875 19589 19589 D HookText: Operating this software while driving can be distracting and dangerous. Always prioritize safe driving and adhere to all local traffic regulations. Use this application only when it is safe to do so.
03-13 16:30:09.875 19589 19589 D HookText: 
03-13 16:30:09.875 19589 19589 D HookText: 2. Limitation of Liability
03-13 16:30:09.875 19589 19589 D HookText: Headunit Revived is provided as is without warranty of any kind. The developers assume no liability for any accidents, damage to your vehicle/device, or legal consequences arising from the use of this software.
03-13 16:30:09.875 19589 19589 D HookText: 
03-13 16:30:09.875 19589 19589 D HookText: 3. No Affiliation
03-13 16:30:09.875 19589 19589 D HookText: This project is an independent open-source initiative and is not affiliated with, endorsed by, or connected to Google LLC or the Android Auto brand. }
03-13 16:30:09.884 19589 19589 D HookText: remove last Node { textView:a2.a{bf53d11 V.ED..... ........ 66,288-283,317 #7f0901b0 app:id/self_mode_text}, text:Self Mode}
03-13 16:30:09.909 19589 19589 D HookText: remove last Node { textView:a2.a{e260ddf V.ED..... ......ID 0,0-790,73 #102000b android:id/message}, text:This wizard helps you choose the best settings for a smooth Android Auto experience.
03-13 16:30:09.909 19589 19589 D HookText: 
03-13 16:30:09.909 19589 19589 D HookText: You can always change these settings later or restart this wizard from the app settings.}
03-13 16:30:09.934 19589 19589 D HookText: remove last Node { textView:com.google.android.material.button.MaterialButton{c7d6371 VFED..C.. ......ID 674,5-776,61 #1020019 android:id/button1}, text:Start}
03-13 16:30:09.939 19589 19589 D HookText: remove last Node { textView:com.google.android.material.button.MaterialButton{ee19d18 VFED..C.. ......ID 572,5-674,61 #102001a android:id/button2}, text:Cancel}
03-13 16:30:09.943 19589 19589 D HookText: remove last Node { textView:androidx.appcompat.widget.DialogTitle{cebe9e8 V.ED..... ......ID 28,21-762,53 #7f09004d app:id/alertTitle}, text:Quick Setup}
03-13 16:30:09.975 19589 19589 I Choreographer: Skipped 32 frames!  The application may be doing too much work on its main thread.
03-13 16:30:09.993 19589 19589 D Surface : Surface::allocateBuffers(this=0x8c3d2800)
03-13 16:30:09.993 19589 19607 D Surface : Surface::connect(this=0x8c3d2800,api=1)
03-13 16:30:09.998 19589 19607 D Surface : Surface::setBufferCount(this=0x8c3d2800,bufferCount=4)
03-13 16:30:10.018 19589 19589 D HookText: remove last Node { textView:com.google.android.material.button.MaterialButton{c1022d9 VFED..C.. ......ID 805,5-907,61 #102001a android:id/button2}, text:Cancel}
03-13 16:30:10.028 19589 19589 D HookText: remove last Node { textView:com.google.android.material.button.MaterialButton{b7e0552 VFED..C.. ......ID 23,5-97,61 #102001b android:id/button3}, text:Back}
03-13 16:30:10.028 19589 19589 D HookText: remove last Node { textView:androidx.appcompat.widget.DialogTitle{af91725 V.ED..... ......ID 28,21-893,53 #7f09004d app:id/alertTitle}, text:Display Size}
03-13 16:30:10.047 19589 19589 D HookText: remove last Node { textView:a2.a{44900a1 V.ED..... ......ID 0,0-921,56 #1020014 android:id/text1}, text:Phone / Small (4-6")}
03-13 16:30:10.047 19589 19589 D HookText: remove last Node { textView:a2.a{ecc82c6 V.ED..... ......ID 0,56-921,112 #1020014 android:id/text1}, text:Small Tablet (7-8")}
03-13 16:30:10.057 19589 19589 D HookText: remove last Node { textView:a2.a{8103287 V.ED..... ......ID 0,112-921,168 #1020014 android:id/text1}, text:Standard (9-10")}
03-13 16:30:10.057 19589 19589 D HookText: remove last Node { textView:a2.a{9b4d5b4 V.ED..... ......ID 0,168-921,224 #1020014 android:id/text1}, text:Large (11"+)}
03-13 16:30:10.068 19589 19589 D HookText: remove last Node { textView:a2.a{41a8bf7 V.ED..... ......ID 0,0-0,0 #1020014 android:id/text1}, text:Large (11"+)}
03-13 16:30:10.068 19589 19589 D HookText: remove last Node { textView:com.google.android.material.button.MaterialButton{8faf3f VFED..C.. ......ID 805,5-907,61 #102001a android:id/button2}, text:Cancel}
03-13 16:30:10.110 19589 19589 D HookText: remove last Node { textView:com.google.android.material.button.MaterialButton{ea765e0 VFED..C.. ......ID 23,5-97,61 #102001b android:id/button3}, text:Back}
03-13 16:30:10.111 19589 19589 D HookText: remove last Node { textView:androidx.appcompat.widget.DialogTitle{4c0b661 V.ED..... ......ID 28,21-893,53 #7f09004d app:id/alertTitle}, text:Device Orientation}
03-13 16:30:10.115 19589 19594 I zygote  : Do full code cache collection, code=506KB, data=342KB
03-13 16:30:10.117 19589 19594 I zygote  : After code cache collection, code=476KB, data=291KB
03-13 16:30:10.125 19589 19589 D HookText: remove last Node { textView:a2.a{5f1579d V.ED..... ......ID 0,0-921,56 #1020014 android:id/text1}, text:Landscape (Horizontal)}
03-13 16:30:10.125 19589 19589 D HookText: remove last Node { textView:a2.a{e25412 V.ED..... ......ID 0,56-921,112 #1020014 android:id/text1}, text:Portrait (Vertical)}
03-13 16:30:10.137 19589 19589 D HookText: remove last Node { textView:a2.a{682d59a V.ED..... ......ID 0,0-0,0 #1020014 android:id/text1}, text:Portrait (Vertical)}
03-13 16:30:10.138 19589 19589 D HookText: remove last Node { textView:a2.a{17f0846 V.ED..... ......ID 0,0-648,143 #102000b android:id/message}, text:Resolution: 1080p
03-13 16:30:10.138 19589 19589 D HookText: Video Codec: H.265
03-13 16:30:10.138 19589 19589 D HookText: View mode: GLES
03-13 16:30:10.138 19589 19589 D HookText: Pixel density (DPI): 176
03-13 16:30:10.138 19589 19589 D HookText: Widescreen display detected.
03-13 16:30:10.138 19589 19589 D HookText: }
03-13 16:30:10.176 19589 19607 D GraphicBuffer: register, handle(0xa0322980) (w:56 h:160 s:64 f:0x1 u:f02)
03-13 16:30:10.222 19589 19589 D HookText: remove last Node { textView:com.google.android.material.button.MaterialButton{e553e59 VFED..C.. ......ID 532,5-634,61 #1020019 android:id/button1}, text:Apply}
03-13 16:30:10.225 19589 19589 D WindowClient: Add to mViews: DecorView@5967c9e[], this = android.view.WindowManagerGlobal@b01d960
03-13 16:30:10.227 19589 19589 D ViewRootImpl[SettingsActivity]: hardware acceleration = true , fakeHwAccelerated = false, sRendererDisabled = false, forceHwAccelerated = false, sSystemRendererDisabled = false
03-13 16:30:10.260 19589 19589 D HookText: remove last Node { textView:com.google.android.material.button.MaterialButton{a5f2a0 VFED..C.. ......ID 430,5-532,61 #102001a android:id/button2}, text:Cancel}
03-13 16:30:10.290 19589 19589 D Surface : Surface::allocateBuffers(this=0x87d76800)
03-13 16:30:10.290 19589 19607 D Surface : Surface::connect(this=0x87d76800,api=1)
03-13 16:30:10.300 19589 19607 D Surface : Surface::setBufferCount(this=0x87d76800,bufferCount=4)
03-13 16:30:10.309 19589 19589 D HookText: remove last Node { textView:com.google.android.material.button.MaterialButton{a16695d VFED..C.. ......ID 23,5-97,61 #102001b android:id/button3}, text:Back}
03-13 16:30:10.314 19589 19589 D HookText: remove last Node { textView:androidx.appcompat.widget.DialogTitle{a3803b3 V.ED..... ......ID 28,21-620,53 #7f09004d app:id/alertTitle}, text:Optimization Finished}
03-13 16:30:10.317 19589 19589 D HookText: remove last Node { textView:a2.a{6c7a685 V.ED..... ......I. 376,288-593,317 #7f090219 app:id/usb_text}, text:USB}
03-13 16:30:10.320 19589 19589 D HookText: remove last Node { textView:a2.a{15650b V.ED..... ......I. 997,288-1214,317 #7f0901ba app:id/settings_text}, text:Settings}
03-13 16:30:10.323 19589 19589 D HookText: remove last Node { textView:com.google.android.material.button.MaterialButton{f678fe8 VFED..C.. ......ID 1159,645-1261,701 #7f0900c0 app:id/exit_button}, text:Exit}
03-13 16:30:10.331 19589 19589 D HookText: remove last Node { textView:a2.a{21d76c V.ED..... ......I. 687,288-904,317 #7f090224 app:id/wifi_text}, text:WiFi}
03-13 16:30:10.340 19589 19607 D GraphicBuffer: register, handle(0xa0323580) (w:519 h:750 s:528 f:0x1 u:f02)
03-13 16:30:10.400 19589 19607 D GraphicBuffer: register, handle(0xa0323640) (w:519 h:750 s:528 f:0x1 u:f02)
03-13 16:30:10.432 19589 19607 D GraphicBuffer: register, handle(0xa03237c0) (w:519 h:750 s:528 f:0x1 u:f02)
03-13 16:30:11.365 19589 19607 E [EGL-ERROR]: __egl_platform_cancel_buffers:644: surface->num_buffers(4)
03-13 16:30:11.365 19589 19607 D Surface : Surface::disconnect(this=0x87d76800,api=1)
03-13 16:30:11.365 19589 19607 D GraphicBuffer: unregister, handle(0xa03237c0) (w:519 h:750 s:528 f:0x1 u:f02)
03-13 16:30:11.366 19589 19607 D GraphicBuffer: unregister, handle(0xa0323640) (w:519 h:750 s:528 f:0x1 u:f02)
03-13 16:30:11.366 19589 19607 D GraphicBuffer: unregister, handle(0xa0323580) (w:519 h:750 s:528 f:0x1 u:f02)
03-13 16:30:11.367 19589 19589 D View    : [Warning] assignParent to null: this = DecorView@5967c9e[]
03-13 16:30:11.387 19589 19589 D WindowClient: Remove from mViews: DecorView@5967c9e[], this = android.view.WindowManagerGlobal@b01d960
03-13 16:30:11.440 19589 19589 D HookText: remove last Node { textView:a2.a{fa6461a V.ED..... ......I. 66,288-283,317 #7f0901b0 app:id/self_mode_text}, text:Self Mode}
03-13 16:30:11.441 19589 19589 D HookText: remove last Node { textView:a2.a{fdbc004 V.ED..... ......ID 0,0-0,0 #7f090219 app:id/usb_text}, text:USB}
03-13 16:30:11.453 19589 19589 D HookText: remove last Node { textView:a2.a{7bbed2b V.ED..... ......ID 0,0-0,0 #7f090224 app:id/wifi_text}, text:WiFi}
03-13 16:30:11.454 19589 19589 D HookText: remove last Node { textView:a2.a{7894588 V.ED..... ......ID 0,0-0,0 #7f0901ba app:id/settings_text}, text:Settings}
03-13 16:30:11.464 19589 19589 D HookText: remove last Node { textView:com.google.android.material.button.MaterialButton{8ae39ff VFED..C.. ......I. 0,0-0,0 #7f0900c0 app:id/exit_button}, text:Exit}
03-13 16:30:11.464 19589 19589 D HookText: remove last Node { textView:a2.a{21493cc V.ED..... ......ID 0,0-0,0 #7f0901b0 app:id/self_mode_text}, text:Self Mode}
03-13 16:30:11.495 19589 19607 E [EGL-ERROR]: __egl_platform_cancel_buffers:644: surface->num_buffers(4)
03-13 16:30:11.496 19589 19607 D Surface : Surface::disconnect(this=0x8c3d2800,api=1)
03-13 16:30:11.496 19589 19607 D GraphicBuffer: unregister, handle(0xa0322980) (w:56 h:160 s:64 f:0x1 u:f02)
03-13 16:30:11.497 19589 19589 D View    : [Warning] assignParent to null: this = android.widget.LinearLayout{4dc3621 V.E...... ......ID 0,0-160,56}
03-13 16:30:11.503 19589 19589 D WindowClient: Remove from mViews: android.widget.LinearLayout{4dc3621 V.E...... ......ID 0,0-160,56}, this = android.view.WindowManagerGlobal@b01d960
03-13 16:30:12.347 19589 19589 D HookText: remove last Node { textView:androidx.appcompat.widget.g0{3a871cd V.ED..... ........ 78,19-173,55}, text:Settings}
03-13 16:30:12.401 19589 19589 D HookText: remove last Node { textView:androidx.appcompat.view.menu.ActionMenuItemView{7bcc79f VFED..C.. ......I. 0,0-0,0 #3e9}, text:Save}
03-13 16:30:12.402 19589 19589 D HookText: remove last Node { textView:androidx.appcompat.view.menu.ActionMenuItemView{42da0ec VFED..C.. ......I. 0,0-0,0 #3e9}, text:Save}
03-13 16:30:12.402 19589 19589 D HookText: remove last Node { textView:com.google.android.material.button.MaterialButton{c59a4f6 VF.D..C.. ......ID 0,0-92,44 #7f090192 app:id/save_button_widget}, text:Save}
03-13 16:30:12.403 19589 19589 D HookText: remove last Node { textView:a2.a{dbc5cce V.ED..... ........ 19,19-1261,69 #7f090072 app:id/categoryTitle}, text:General}
