--------- beginning of system
03-12 16:26:17.536 14387 14387 W ViewRootImpl[SettingsActivity]: Dropping event due to root view being removed: MotionEvent { action=ACTION_MOVE, actionButton=0, id[0]=0, x[0]=-144.12411, y[0]=217.60748, toolType[0]=TOOL_TYPE_FINGER, buttonState=0, metaState=0, flags=0x0, edgeFlags=0x0, pointerCount=1, historySize=0, eventTime=3382122, downTime=3382111, deviceId=4, source=0x1002 }
03-12 16:40:04.527 16134 16134 W ActivityThread: Application com.andrerinas.headunitrevived can be debugged on port 8100...
--------- beginning of main
03-12 16:41:34.094 16134 16134 I HUREV   : [2] UsbReceiver.onReceive | USB Intent: Intent { act=android.hardware.usb.action.USB_DEVICE_ATTACHED flg=0x11000010 (has extras) }
03-12 16:41:34.365 16134 16134 I HUREV   : [2] UsbReceiver.onReceive | USB Intent: Intent { act=android.hardware.usb.action.USB_DEVICE_ATTACHED flg=0x11000010 (has extras) }
03-12 16:41:34.382 16134 16134 I HUREV   : [2] AapService.onUsbAttach | Normal USB device attached: Xiaomi 2717:FF40. Will check auto-connect in 2000ms...
03-12 16:41:35.501 16134 16167 I HUREV   : [915] 1.onAvailable | NetworkMonitor: Network available: 101
03-12 16:41:36.602 16134 16134 I HUREV   : [2] 1.invokeSuspend | UsbAttachedActivity didn't handle Xiaomi 2717:FF40. Trying from service...
03-12 16:41:36.638 16134 16134 I HUREV   : [2] AapService.performSingleUsbConnect | Single USB auto-connect: connecting to Xiaomi 2717:FF40
03-12 16:41:36.748 16134 16164 I HUREV   : [912] UsbAccessoryMode.switch | Success controlTransfer len: 2  acc_ver: 2
03-12 16:41:36.750 16134 16164 I HUREV   : [912] UsbAccessoryMode.switch | acc_ver: 2
03-12 16:41:36.765 16134 16164 I HUREV   : [912] UsbAccessoryMode.initStringControlTransfer | Success controlTransfer len: 7  index: 0  string: "Android"
03-12 16:41:36.781 16134 16164 I HUREV   : [912] UsbAccessoryMode.initStringControlTransfer | Success controlTransfer len: 12  index: 1  string: "Android Auto"
03-12 16:41:36.789 16134 16164 I HUREV   : [912] UsbAccessoryMode.initStringControlTransfer | Success controlTransfer len: 12  index: 2  string: "Android Auto"
03-12 16:41:36.818 16134 16164 I HUREV   : [912] UsbAccessoryMode.initStringControlTransfer | Success controlTransfer len: 5  index: 3  string: "2.0.1"
03-12 16:41:36.824 16134 16164 I HUREV   : [912] UsbAccessoryMode.initStringControlTransfer | Success controlTransfer len: 45  index: 4  string: "https://developer.android.com/auto/index.html"
03-12 16:41:36.829 16134 16164 I HUREV   : [912] UsbAccessoryMode.initStringControlTransfer | Success controlTransfer len: 12  index: 5  string: "HU-AAAAAA001"
03-12 16:41:36.831 16134 16164 I HUREV   : [912] UsbAccessoryMode.switch | Sending acc start
03-12 16:41:36.833 16134 16164 I HUREV   : [912] UsbAccessoryMode.switch | Acc start sent (len=0). Waiting for re-enumeration...
03-12 16:41:37.014 16134 16134 I HUREV   : [2] UsbReceiver.onReceive | USB Intent: Intent { act=android.hardware.usb.action.USB_DEVICE_DETACHED flg=0x1000010 (has extras) }
03-12 16:41:37.039 16134 16134 I HUREV   : [2] UsbReceiver.onReceive | USB Intent: Intent { act=android.hardware.usb.action.USB_DEVICE_DETACHED flg=0x1000010 (has extras) }
03-12 16:41:37.337 16134 16164 I HUREV   : [912] UsbAccessoryMode.connectAndSwitch | Result: true
03-12 16:41:37.338 16134 16164 I HUREV   : [912] 1.invokeSuspend | Successfully requested switch to accessory mode for single USB device. Waiting for re-enumeration...
03-12 16:41:37.399 16134 16134 I HUREV   : [2] UsbReceiver.onReceive | USB Intent: Intent { act=android.hardware.usb.action.USB_DEVICE_ATTACHED flg=0x11000010 (has extras) }
03-12 16:41:37.544 16134 16134 I HUREV   : [2] UsbReceiver.onReceive | USB Intent: Intent { act=android.hardware.usb.action.USB_DEVICE_ATTACHED flg=0x11000010 (has extras) }
03-12 16:41:37.547 16134 16134 I HUREV   : [2] AapService.onUsbAttach | USB accessory device attached, connecting.
03-12 16:41:37.551 16134 16134 I HUREV   : [2] AapService.checkAlreadyConnectedUsb | Found device already in accessory mode: Google 18D1:2D00
03-12 16:41:37.572 16134 16164 I HUREV   : [912] UsbAccessoryConnection.usbOpen | Established connection: android.hardware.usb.UsbDeviceConnection@65f62bc
03-12 16:41:37.576 16134 16164 I HUREV   : [912] UsbAccessoryConnection.usbOpen | interfaceCount: 1
03-12 16:41:37.578 16134 16164 I HUREV   : [912] UsbAccessoryConnection.initEndpoint | Check accessory endpoints
03-12 16:41:37.580 16134 16164 I HUREV   : [912] UsbAccessoryConnection.initEndpoint | Connected have EPs
03-12 16:41:39.116 16134 16164 I HUREV   : [912] AapTransport.<init> | Using Java SSL implementation
03-12 16:41:39.416 16134 16164 I HUREV   : [912] AapTransport.startHandshake$com_andrerinas_headunitrevived_2_0_1_debug | Start Aap transport handshake for com.andrerinas.headunitrevived.connection.UsbAccessoryConnection@558ad9a
03-12 16:41:40.147 16134 16164 I HUREV   : [912] AapTransport.handshake | Handshake: Version response received (ret=12, attempt=1).
03-12 16:41:40.149 16134 16164 I HUREV   : [912] AapTransport.handshake | Handshake: Version response recv ret: 12
03-12 16:41:40.799 16134 16164 I HUREV   : [912] AapSslContext.performHandshake | SSL handshake complete. Session id: fmKqY7Ywx1E50KS/zt55BKKzXxlArESL5DvlCB6pFcA=
03-12 16:41:40.807 16134 16164 I HUREV   : [912] AapTransport.handshake | Handshake: Status OK sent: 8
03-12 16:41:41.515 16134 16134 I HUREV   : [2] AapProjectionActivity.onCreate | HeadUnit for Android Auto (tm) - Copyright 2011-2015 Michael A. Reid., since 2025 André Rinas All Rights Reserved...
03-12 16:41:41.518 16134 16134 I HUREV   : [2] AapProjectionActivity.onCreate | Using GlProjectionView
03-12 16:41:41.688 16134 16134 I HUREV   : [2] HeadUnitScreenConfig.recalculate | CarScreen: usable width: 1280 height: 720 (Raw: 1280x720, Insets: L0 T0 R0 B0)
03-12 16:41:41.695 16134 16134 I HUREV   : [2] HeadUnitScreenConfig.recalculate | CarScreen isSmallScreen: true, scaleFactor: 1.0
03-12 16:41:41.732 16134 16134 I HUREV   : [2] HeadUnitScreenConfig.recalculate | CarScreen using: _1280x720, number: 2, scales: scaleX: 1.0, scaleY: 1.0
03-12 16:41:41.847 16134 16134 I HUREV   : [2] AapProjectionActivity.onResume | AapProjectionActivity: onResume
03-12 16:41:42.355 16134 16167 W HUREV   : [915] 1.onLost | NetworkMonitor: Network lost: 101
03-12 16:41:42.813 16134 16134 I Choreographer: Skipped 46 frames!  The application may be doing too much work on its main thread.
03-12 16:41:43.124 16134 16516 I HUREV   : [1205] VideoRenderer.onSurfaceCreated | GlProjectionView: onSurfaceCreated (GL Context)
03-12 16:41:43.140 16134 16516 I BufferQueue: [unnamed-16134-2](this:0x8c48c000,id:2,api:0,p:-1,c:-1) BufferQueue core=(16134:com.andrerinas.headunitrevived)
03-12 16:41:43.140 16134 16516 E DumpTunnel: finding regDump() failed
03-12 16:41:43.141 16134 16516 I BufferQueueConsumer: [unnamed-16134-2](this:0x8c48c000,id:2,api:0,p:-1,c:16134) connect(C): consumer=(16134:com.andrerinas.headunitrevived) controlledByApp=true
03-12 16:41:43.141 16134 16516 I BufferQueueConsumer: [unnamed-16134-2](this:0x8c48c000,id:2,api:0,p:-1,c:16134) setConsumerName: unnamed-16134-2
03-12 16:41:43.141 16134 16516 I BufferQueueConsumer: [SurfaceTexture-1-16134-2](this:0x8c48c000,id:2,api:0,p:-1,c:16134) setConsumerName: SurfaceTexture-1-16134-2
03-12 16:41:43.152 16134 16516 I HUREV   : [1205] VideoRenderer.onSurfaceChanged | GlProjectionView: onSurfaceChanged: 1280x720
03-12 16:41:43.204 16134 16134 I HUREV   : [2] VideoRenderer.onSurfaceCreated$lambda$4 | GlProjectionView: Reporting Surface Created
03-12 16:41:43.219 16134 16134 I HUREV   : [2] AapProjectionActivity.onSurfaceCreated | [AapProjectionActivity] onSurfaceCreated
03-12 16:41:43.227 16134 16134 I HUREV   : [2] AapProjectionActivity.onSurfaceChanged | [AapProjectionActivity] onSurfaceChanged. Actual surface dimensions: width=1280, height=720
03-12 16:41:43.251 16134 16134 I HUREV   : [2] VideoDecoder.setSurface | New surface set: Surface(name=android.graphics.SurfaceTexture@d0317dc)/@0xbbe60e5
03-12 16:41:43.311 16134 16134 I HUREV   : [2] AapProjectionActivity.onSurfaceChanged | [AapProjectionActivity] Decoder already has dimensions: 1280x720. Applying to view.
03-12 16:41:43.313 16134 16134 I HUREV   : [2] GlProjectionView.setVideoSize | GlProjectionView setVideoSize: 1280x720
03-12 16:41:43.314 16134 16134 I BufferQueueConsumer: [SurfaceTexture-1-16134-2](this:0x8c48c000,id:2,api:0,p:-1,c:16134) setDefaultBufferSize: width=1280 height=720
03-12 16:41:43.330 16134 16164 I HUREV   : [912] AapAudio.requestFocusChange | Audio Focus Request: stream=3, type=1
03-12 16:41:43.769 16134 16164 I HUREV   : [912] AapAudio.requestFocusChange | Audio focus request result: GRANTED
03-12 16:41:43.788 16134 16164 I HUREV   : [912] AapTransport.startReading$com_andrerinas_headunitrevived_2_0_1_debug | Start Aap transport read loop
03-12 16:41:43.889 16134 16134 I HUREV   : [2] AapControlService.audioFocusRequest$lambda$1 | Audio Focus async change: STATE_GAIN, system focus change: -1 AUDIOFOCUS_LOSS
03-12 16:41:43.892 16134 16134 I HUREV   : [2] AapControlService.audioFocusRequest$lambda$1 | CONTROL Audio Focus Notification type: 19 flags: 11 size: 8 dataOffset: 6
03-12 16:41:43.899 16134 16502 I HUREV   : [1204] AapControlService.serviceDiscoveryRequest | Service Discovery Request: Android
03-12 16:41:43.908 16134 16134 I HUREV   : [2] AapTransport.send | Cannot send message, handler is null (quitting?)
03-12 16:41:43.915 16134 16502 I HUREV   : [1204] HeadUnitScreenConfig.recalculate | CarScreen: usable width: 1280 height: 720 (Raw: 1280x720, Insets: L0 T0 R0 B0)
03-12 16:41:43.923 16134 16502 I HUREV   : [1204] HeadUnitScreenConfig.recalculate | CarScreen isSmallScreen: true, scaleFactor: 1.0
03-12 16:41:43.926 16134 16502 I HUREV   : [1204] HeadUnitScreenConfig.recalculate | CarScreen using: _1280x720, number: 2, scales: scaleX: 1.0, scaleY: 1.0
03-12 16:41:43.929 16134 16502 I HUREV   : [1204] Companion.makeProto | [ServiceDiscovery] Announcing NIGHT sensor support. Strategy: SCREEN_BRIGHTNESS
03-12 16:41:43.939 16134 16502 I HUREV   : [1204] Companion.makeProto | [ServiceDiscovery] NegotiatedResolution is: 1280x720
03-12 16:41:43.941 16134 16502 I HUREV   : [1204] Companion.makeProto | [ServiceDiscovery] Margins are: 0x0
03-12 16:41:43.955 16134 16502 I HUREV   : [1204] Companion.makeProto | BT MAC Address is empty. Skip bluetooth service
03-12 16:41:44.153 16134 16502 I HUREV   : [1204] AapControlService.audioFocusRequest | Audio Focus Request: RELEASE
03-12 16:41:44.155 16134 16502 I HUREV   : [1204] AapAudio.requestFocusChange | Audio Focus Request: stream=3, type=4
03-12 16:41:44.157 16134 16502 I HUREV   : [1204] AapAudio.requestFocusChange | Releasing audio focus
03-12 16:41:44.163 16134 16502 I HUREV   : [1204] AapControlService.audioFocusRequest | Sending immediate AudioFocusNotification: STATE_LOSS
03-12 16:41:44.180 16134 16502 I HUREV   : [1204] AapControlSensor.sensorStartRequest | Sensor Start Request sensor: DRIVING_STATUS, minUpdatePeriod: 0
03-12 16:41:44.183 16134 16502 I HUREV   : [1204] AapControlSensor.sensorStartRequest | SENSOR Sensor Start Response type: 32770 flags: 11 size: 8 dataOffset: 6
03-12 16:41:44.201 16134 16502 W HUREV   : [1204] AapVideo.process | AapVideo: Dropped Flag 11 packet. len=4, buf[10]=?
03-12 16:41:44.204 16134 16502 I HUREV   : [1204] AapControlMedia.mediaSinkSetupRequest | Media Sink Setup Request: 3 on channel VIDEO
03-12 16:41:44.218 16134 16502 I HUREV   : [1204] AapControlMedia.mediaSinkSetupRequest | Config response: status: HEADUNIT
03-12 16:41:44.218 16134 16502 I HUREV   : max_unacked: 1
03-12 16:41:44.218 16134 16502 I HUREV   : configuration_indices: 0
03-12 16:41:44.233 16134 16502 I HUREV   : [1204] AapControlMedia.mediaSinkSetupRequest | Media Sink Setup Request: 1 on channel AUDIO2
03-12 16:41:44.239 16134 16502 I HUREV   : [1204] AapControlMedia.mediaSinkSetupRequest | Config response: status: HEADUNIT
03-12 16:41:44.239 16134 16502 I HUREV   : max_unacked: 3
03-12 16:41:44.239 16134 16502 I HUREV   : configuration_indices: 0
03-12 16:41:44.243 16134 16134 I HUREV   : [2] AapControlService.audioFocusRequest$lambda$1 | Audio Focus async change: STATE_GAIN, system focus change: 1 AUDIOFOCUS_GAIN
03-12 16:41:44.245 16134 16502 I HUREV   : [1204] AapControlMedia.mediaSinkSetupRequest | Media Sink Setup Request: 1 on channel AUDIO1
03-12 16:41:44.247 16134 16134 I HUREV   : [2] AapControlService.audioFocusRequest$lambda$1 | CONTROL Audio Focus Notification type: 19 flags: 11 size: 8 dataOffset: 6
03-12 16:41:44.251 16134 16134 I HUREV   : [2] AapTransport.send | Cannot send message, handler is null (quitting?)
03-12 16:41:44.252 16134 16502 I HUREV   : [1204] AapControlMedia.mediaSinkSetupRequest | Config response: status: HEADUNIT
03-12 16:41:44.252 16134 16502 I HUREV   : max_unacked: 3
03-12 16:41:44.252 16134 16502 I HUREV   : configuration_indices: 0
03-12 16:41:44.257 16134 16502 I HUREV   : [1204] AapControlMedia.mediaSinkSetupRequest | Media Sink Setup Request: 1 on channel AUDIO
03-12 16:41:44.264 16134 16502 I HUREV   : [1204] AapControlMedia.mediaSinkSetupRequest | Config response: status: HEADUNIT
03-12 16:41:44.264 16134 16502 I HUREV   : max_unacked: 3
03-12 16:41:44.264 16134 16502 I HUREV   : configuration_indices: 0
03-12 16:41:44.273 16134 16502 I HUREV   : [1204] AapControlSensor.sensorStartRequest | Sensor Start Request sensor: NIGHT, minUpdatePeriod: 0
03-12 16:41:44.276 16134 16502 I HUREV   : [1204] AapControlSensor.sensorStartRequest | SENSOR Sensor Start Response type: 32770 flags: 11 size: 8 dataOffset: 6
03-12 16:41:44.278 16134 16502 I HUREV   : [1204] AapControlSensor.sensorStartRequest | Night sensor requested. Triggering immediate update.
03-12 16:41:44.314 16134 16134 I HUREV   : [2] 1.onReceive | Received request to resend night mode state
03-12 16:41:44.331 16134 16502 I HUREV   : [1204] AapControlService.audioFocusRequest | Audio Focus Request: GAIN
03-12 16:41:44.334 16134 16502 I HUREV   : [1204] AapAudio.requestFocusChange | Audio Focus Request: stream=3, type=1
03-12 16:41:44.349 16134 16502 I HUREV   : [1204] AapAudio.requestFocusChange | Audio focus request result: GRANTED
03-12 16:41:44.351 16134 16502 I HUREV   : [1204] AapControlService.audioFocusRequest | Sending immediate AudioFocusNotification: STATE_GAIN
03-12 16:41:44.379 16134 16134 I HUREV   : [2] 1.invoke | NightMode update: false
03-12 16:41:44.391 16134 16134 I HUREV   : [2] AapProjectionActivity.onPause | AapProjectionActivity: onPause
03-12 16:41:44.402 16134 16502 W HUREV   : [1204] AapVideo.process | AapVideo: Dropped Flag 11 packet. len=6, buf[10]=?
03-12 16:41:44.405 16134 16502 I HUREV   : [1204] AapControlMedia.execute | RX: Video Focus Request - mode: VIDEO_FOCUS_PROJECTED, reason: UNKNOWN
03-12 16:41:44.412 16134 16134 I HUREV   : [2] AapProjectionActivity.onNewIntent | AapProjectionActivity: onNewIntent received
03-12 16:41:44.414 16134 16134 I HUREV   : [2] AapProjectionActivity.onResume | AapProjectionActivity: onResume
03-12 16:41:44.443 16134 16145 I zygote  : Background concurrent copying GC freed 45718(2MB) AllocSpace objects, 7(1596KB) LOS objects, 43% free, 7MB/13MB, paused 19.120ms total 652.302ms
03-12 16:41:44.451 16134 16134 I HUREV   : [2] 1.onReceive | Received request to resend night mode state
03-12 16:41:44.456 16134 16134 I HUREV   : [2] 1.invoke | NightMode update: false
03-12 16:41:44.460 16134 16134 I HUREV   : [2] AapControlService.audioFocusRequest$lambda$1 | Audio Focus async change: STATE_GAIN, system focus change: -1 AUDIOFOCUS_LOSS
03-12 16:41:44.463 16134 16134 I HUREV   : [2] AapControlService.audioFocusRequest$lambda$1 | CONTROL Audio Focus Notification type: 19 flags: 11 size: 8 dataOffset: 6
03-12 16:41:44.464 16134 16134 I HUREV   : [2] AapTransport.send | Cannot send message, handler is null (quitting?)
03-12 16:41:44.586 16134 16143 I BufferQueue: [SurfaceTexture-1-16134-1](this:0x8c4fc000,id:1,api:0,p:-1,c:-1) ~BufferQueueCore
03-12 16:41:45.367 16134 16502 I HUREV   : [1204] UsbAccessoryConnection.recvBlocking | USB reads recovered after 5 errors
03-12 16:41:45.763 16134 16502 I HUREV   : [1204] UsbAccessoryConnection.recvBlocking | USB reads recovered after 2 errors
03-12 16:41:46.220 16134 16502 I HUREV   : [1204] UsbAccessoryConnection.recvBlocking | USB reads recovered after 2 errors
03-12 16:41:47.238 16134 16502 I HUREV   : [1204] UsbAccessoryConnection.recvBlocking | USB reads recovered after 5 errors
03-12 16:41:47.423 16134 16134 W HUREV   : [2] 1.run | Watchdog: No video received. Requesting Keyframe (Unsolicited Focus)...
03-12 16:41:47.435 16134 16502 I HUREV   : [1204] UsbAccessoryConnection.recvBlocking | USB reads recovered after 1 errors
03-12 16:41:47.437 16134 16502 W HUREV   : [1204] AapVideo.process | AapVideo: Dropped Flag 11 packet. len=6, buf[10]=?
03-12 16:41:47.441 16134 16502 I HUREV   : [1204] AapControlMedia.mediaStartRequest | Media Start Request VIDEO: session_id: 0
03-12 16:41:47.441 16134 16502 I HUREV   : configuration_index: 0
03-12 16:41:47.531 16134 16502 I HUREV   : [1204] AapControlMedia.mediaStartRequest | Media Start Request AUDIO: session_id: 0
03-12 16:41:47.531 16134 16502 I HUREV   : configuration_index: 0
03-12 16:41:47.541 16134 16502 I HUREV   : [1204] AapAudio.decode | AudioDecoder.start: channel=6, stream=3, gain=1.0, sampleRate=48000, numberOfBits=16, numberOfChannels=2, isAac=false
03-12 16:41:47.590 16134 16502 I HUREV   : [1204] AudioTrackWrapper.createAudioTrack | Audio stream: 3 buffer size: 65664 (min: 8208) sampleRateInHz: 48000 channelCount: 2
03-12 16:41:48.124 16134 16502 I HUREV   : [1204] VideoDecoder.decode | H.264/AVC config detected in frame (29 bytes)
03-12 16:41:48.308 16134 16580 I OMXClient: Treble IOmx obtained
03-12 16:41:48.387 16134 16502 I HUREV   : [1204] VideoDecoder.start | Configuring decoder: OMX.MTK.VIDEO.DECODER.AVC with surface
03-12 16:41:48.399 16134 16579 I BufferQueueProducer: [SurfaceTexture-1-16134-2](this:0x8c48c000,id:2,api:3,p:16134,c:16134) connect(P): api=3 producer=(16134:com.andrerinas.headunitrevived) producerControlledByApp=true
03-12 16:41:48.399 16134 16579 I MediaCodec: [OMX.MTK.VIDEO.DECODER.AVC] setting surface generation to 16521218
03-12 16:41:48.399 16134 16579 I BufferQueueProducer: [SurfaceTexture-1-16134-2](this:0x8c48c000,id:2,api:3,p:16134,c:16134) disconnect(P): api 3
03-12 16:41:48.399 16134 16579 I BufferQueueConsumer: [SurfaceTexture-1-16134-2](this:0x8c48c000,id:2,api:3,p:-1,c:16134) getReleasedBuffers: returning mask 0xffffffffffffffff
03-12 16:41:48.400 16134 16579 I BufferQueueProducer: [SurfaceTexture-1-16134-2](this:0x8c48c000,id:2,api:3,p:16134,c:16134) connect(P): api=3 producer=(16134:com.andrerinas.headunitrevived) producerControlledByApp=true
03-12 16:41:48.493 16134 16580 W ACodec  : [OMX.MTK.VIDEO.DECODER.AVC] setting nBufferCountActual to 8 failed: -22
03-12 16:41:48.493 16134 16580 W ACodec  : [OMX.MTK.VIDEO.DECODER.AVC] setting nBufferCountActual to 7 failed: -22
03-12 16:41:48.494 16134 16580 I BufferQueueProducer: [SurfaceTexture-1-16134-2](this:0x8c48c000,id:2,api:3,p:16134,c:16134) setMaxDequeuedBufferCount: maxDequeuedBuffers = 4
03-12 16:41:48.504 16134 16580 W GrallocMapperPassthrough: buffer descriptor with invalid usage bits 0x2000
03-12 16:41:48.517 16134 16580 W GrallocMapperPassthrough: buffer descriptor with invalid usage bits 0x2000
03-12 16:41:48.532 16134 16588 I HUREV   : [1209] VideoDecoder.outputThreadLoop | Output thread started
03-12 16:41:48.541 16134 16502 I HUREV   : [1204] VideoDecoder.start | Codec initialized: OMX.MTK.VIDEO.DECODER.AVC for stream 1280x720
03-12 16:41:48.609 16134 16580 W GrallocMapperPassthrough: buffer descriptor with invalid usage bits 0x2000
03-12 16:41:48.670 16134 16580 W ACodec  : [OMX.MTK.VIDEO.DECODER.AVC] setting nBufferCountActual to 15 failed: -22
03-12 16:41:48.670 16134 16580 W ACodec  : [OMX.MTK.VIDEO.DECODER.AVC] setting nBufferCountActual to 14 failed: -22
03-12 16:41:48.670 16134 16580 I BufferQueueProducer: [SurfaceTexture-1-16134-2](this:0x8c48c000,id:2,api:3,p:16134,c:16134) setMaxDequeuedBufferCount: maxDequeuedBuffers = 11
03-12 16:41:48.685 16134 16580 W GrallocMapperPassthrough: buffer descriptor with invalid usage bits 0x2000
03-12 16:41:48.691 16134 16580 W GrallocMapperPassthrough: buffer descriptor with invalid usage bits 0x2000
03-12 16:41:48.710 16134 16580 W GrallocMapperPassthrough: buffer descriptor with invalid usage bits 0x2000
03-12 16:41:48.777 16134 16580 W GrallocMapperPassthrough: buffer descriptor with invalid usage bits 0x2000
03-12 16:41:48.871 16134 16580 W GrallocMapperPassthrough: buffer descriptor with invalid usage bits 0x2000
03-12 16:41:48.913 16134 16580 W GrallocMapperPassthrough: buffer descriptor with invalid usage bits 0x2000
03-12 16:41:49.028 16134 16580 W GrallocMapperPassthrough: buffer descriptor with invalid usage bits 0x2000
03-12 16:41:49.109 16134 16588 I HUREV   : [1209] VideoDecoder.handleOutputFormatChange | Output Format Changed: {crop-right=1279, color-format=35, slice-height=720, mime=video/raw, hdr-static-info=java.nio.HeapByteBuffer[pos=0 lim=25 cap=25], stride=1280, color-standard=1, color-transfer=3, crop-bottom=719, crop-left=0, width=1280, color-range=2, crop-top=0, height=720}
03-12 16:41:49.162 16134 16580 W GrallocMapperPassthrough: buffer descriptor with invalid usage bits 0x2000
03-12 16:41:49.265 16134 16580 I BufferQueueProducer: [SurfaceTexture-1-16134-2](this:0x8c48c000,id:2,api:3,p:16134,c:16134) queueBuffer: slot 4 is dropped, handle=0xa4925bc0
03-12 16:41:49.267 16134 16580 I BufferQueueProducer: [SurfaceTexture-1-16134-2](this:0x8c48c000,id:2,api:3,p:16134,c:16134) queueBuffer: slot 5 is dropped, handle=0xa4925c80
03-12 16:41:49.269 16134 16580 I BufferQueueProducer: [SurfaceTexture-1-16134-2](this:0x8c48c000,id:2,api:3,p:16134,c:16134) queueBuffer: slot 0 is dropped, handle=0xa49258c0
03-12 16:41:49.271 16134 16580 I BufferQueueProducer: [SurfaceTexture-1-16134-2](this:0x8c48c000,id:2,api:3,p:16134,c:16134) queueBuffer: slot 1 is dropped, handle=0xa4925980
03-12 16:41:49.276 16134 16580 I BufferQueueProducer: [SurfaceTexture-1-16134-2](this:0x8c48c000,id:2,api:3,p:16134,c:16134) queueBuffer: slot 2 is dropped, handle=0xa4925a40
03-12 16:41:49.277 16134 16580 I BufferQueueProducer: [SurfaceTexture-1-16134-2](this:0x8c48c000,id:2,api:3,p:16134,c:16134) queueBuffer: slot 3 is dropped, handle=0xa4925b00
03-12 16:41:49.279 16134 16580 I BufferQueueProducer: [SurfaceTexture-1-16134-2](this:0x8c48c000,id:2,api:3,p:16134,c:16134) queueBuffer: slot 6 is dropped, handle=0xa4925d40
03-12 16:41:49.280 16134 16580 I BufferQueueProducer: [SurfaceTexture-1-16134-2](this:0x8c48c000,id:2,api:3,p:16134,c:16134) queueBuffer: slot 7 is dropped, handle=0xa4925e00
03-12 16:41:49.311 16134 16580 I BufferQueueProducer: [SurfaceTexture-1-16134-2](this:0x8c48c000,id:2,api:3,p:16134,c:16134) queueBuffer: slot 8 is dropped, handle=0xa4925ec0
03-12 16:41:49.361 16134 16580 I BufferQueueProducer: [SurfaceTexture-1-16134-2](this:0x8c48c000,id:2,api:3,p:16134,c:16134) queueBuffer: slot 9 is dropped, handle=0xa4925f80
03-12 16:41:49.397 16134 16580 I BufferQueueProducer: [SurfaceTexture-1-16134-2](this:0x8c48c000,id:2,api:3,p:16134,c:16134) queueBuffer: slot 10 is dropped, handle=0xa4926040
03-12 16:41:49.437 16134 16580 I BufferQueueProducer: [SurfaceTexture-1-16134-2](this:0x8c48c000,id:2,api:3,p:16134,c:16134) queueBuffer: slot 4 is dropped, handle=0xa4925bc0
03-12 16:41:49.460 16134 16580 I BufferQueueProducer: [SurfaceTexture-1-16134-2](this:0x8c48c000,id:2,api:3,p:16134,c:16134) queueBuffer: slot 5 is dropped, handle=0xa4925c80
03-12 16:41:49.495 16134 16580 I BufferQueueProducer: [SurfaceTexture-1-16134-2](this:0x8c48c000,id:2,api:3,p:16134,c:16134) queueBuffer: slot 0 is dropped, handle=0xa49258c0
03-12 16:41:49.520 16134 16580 I BufferQueueProducer: [SurfaceTexture-1-16134-2](this:0x8c48c000,id:2,api:3,p:16134,c:16134) queueBuffer: slot 1 is dropped, handle=0xa4925980
03-12 16:41:49.544 16134 16580 I BufferQueueProducer: [SurfaceTexture-1-16134-2](this:0x8c48c000,id:2,api:3,p:16134,c:16134) queueBuffer: slot 2 is dropped, handle=0xa4925a40
03-12 16:41:49.571 16134 16580 I BufferQueueProducer: [SurfaceTexture-1-16134-2](this:0x8c48c000,id:2,api:3,p:16134,c:16134) queueBuffer: slot 3 is dropped, handle=0xa4925b00
03-12 16:41:49.613 16134 16580 I BufferQueueProducer: [SurfaceTexture-1-16134-2](this:0x8c48c000,id:2,api:3,p:16134,c:16134) queueBuffer: slot 6 is dropped, handle=0xa4925d40
03-12 16:41:49.640 16134 16580 I BufferQueueProducer: [SurfaceTexture-1-16134-2](this:0x8c48c000,id:2,api:3,p:16134,c:16134) queueBuffer: slot 7 is dropped, handle=0xa4925e00
03-12 16:41:49.675 16134 16580 I BufferQueueProducer: [SurfaceTexture-1-16134-2](this:0x8c48c000,id:2,api:3,p:16134,c:16134) queueBuffer: slot 8 is dropped, handle=0xa4925ec0
03-12 16:41:49.714 16134 16580 I BufferQueueProducer: [SurfaceTexture-1-16134-2](this:0x8c48c000,id:2,api:3,p:16134,c:16134) queueBuffer: slot 9 is dropped, handle=0xa4925f80
03-12 16:41:49.738 16134 16580 I BufferQueueProducer: [SurfaceTexture-1-16134-2](this:0x8c48c000,id:2,api:3,p:16134,c:16134) queueBuffer: slot 10 is dropped, handle=0xa4926040
03-12 16:41:49.774 16134 16580 I BufferQueueProducer: [SurfaceTexture-1-16134-2](this:0x8c48c000,id:2,api:3,p:16134,c:16134) queueBuffer: slot 4 is dropped, handle=0xa4925bc0
03-12 16:41:49.778 16134 16134 I Choreographer: Skipped 30 frames!  The application may be doing too much work on its main thread.
03-12 16:41:49.817 16134 16580 W GrallocMapperPassthrough: buffer descriptor with invalid usage bits 0x2000
03-12 16:41:49.847 16134 16580 I BufferQueueProducer: [SurfaceTexture-1-16134-2](this:0x8c48c000,id:2,api:3,p:16134,c:16134) queueBuffer: slot 0 is dropped, handle=0xa49258c0
03-12 16:41:49.886 16134 16580 I BufferQueueProducer: [SurfaceTexture-1-16134-2](this:0x8c48c000,id:2,api:3,p:16134,c:16134) queueBuffer: slot 1 is dropped, handle=0xa4925980
03-12 16:41:49.906 16134 16580 I BufferQueueProducer: [SurfaceTexture-1-16134-2](this:0x8c48c000,id:2,api:3,p:16134,c:16134) queueBuffer: slot 2 is dropped, handle=0xa4925a40
03-12 16:41:49.939 16134 16580 I BufferQueueProducer: [SurfaceTexture-1-16134-2](this:0x8c48c000,id:2,api:3,p:16134,c:16134) queueBuffer: slot 3 is dropped, handle=0xa4925b00
03-12 16:41:49.977 16134 16580 I BufferQueueProducer: [SurfaceTexture-1-16134-2](this:0x8c48c000,id:2,api:3,p:16134,c:16134) queueBuffer: slot 6 is dropped, handle=0xa4925d40
03-12 16:41:50.009 16134 16580 I BufferQueueProducer: [SurfaceTexture-1-16134-2](this:0x8c48c000,id:2,api:3,p:16134,c:16134) queueBuffer: slot 7 is dropped, handle=0xa4925e00
03-12 16:41:50.046 16134 16580 I BufferQueueProducer: [SurfaceTexture-1-16134-2](this:0x8c48c000,id:2,api:3,p:16134,c:16134) queueBuffer: slot 8 is dropped, handle=0xa4925ec0
03-12 16:41:50.079 16134 16580 I BufferQueueProducer: [SurfaceTexture-1-16134-2](this:0x8c48c000,id:2,api:3,p:16134,c:16134) queueBuffer: slot 9 is dropped, handle=0xa4925f80
03-12 16:41:50.176 16134 16580 I BufferQueueProducer: [SurfaceTexture-1-16134-2](this:0x8c48c000,id:2,api:3,p:16134,c:16134) queueBuffer: fps=32.74 dur=1038.40 max=128.33 min=1.08
03-12 16:41:50.179 16134 16580 I BufferQueueProducer: [SurfaceTexture-1-16134-2](this:0x8c48c000,id:2,api:3,p:16134,c:16134) queueBuffer: slot 11 is dropped, handle=0xa4926100
03-12 16:41:50.186 16134 16580 I BufferQueueProducer: [SurfaceTexture-1-16134-2](this:0x8c48c000,id:2,api:3,p:16134,c:16134) queueBuffer: slot 0 is dropped, handle=0xa49258c0
03-12 16:41:51.203 16134 16580 I BufferQueueProducer: [SurfaceTexture-1-16134-2](this:0x8c48c000,id:2,api:3,p:16134,c:16134) queueBuffer: fps=28.24 dur=1027.07 max=59.14 min=3.65
03-12 16:41:52.208 16134 16580 I BufferQueueProducer: [SurfaceTexture-1-16134-2](this:0x8c48c000,id:2,api:3,p:16134,c:16134) queueBuffer: fps=35.81 dur=1005.20 max=40.27 min=13.94
03-12 16:41:52.567 16134 16145 I zygote  : Background concurrent copying GC freed 20983(3MB) AllocSpace objects, 120(2MB) LOS objects, 42% free, 8MB/14MB, paused 190us total 580.262ms
03-12 16:41:53.247 16134 16580 I BufferQueueProducer: [SurfaceTexture-1-16134-2](this:0x8c48c000,id:2,api:3,p:16134,c:16134) queueBuffer: fps=38.49 dur=1039.10 max=40.90 min=13.07
03-12 16:41:54.283 16134 16580 I BufferQueueProducer: [SurfaceTexture-1-16134-2](this:0x8c48c000,id:2,api:3,p:16134,c:16134) queueBuffer: fps=29.92 dur=1035.92 max=45.57 min=23.71
03-12 16:41:55.318 16134 16580 I BufferQueueProducer: [SurfaceTexture-1-16134-2](this:0x8c48c000,id:2,api:3,p:16134,c:16134) queueBuffer: fps=29.97 dur=1034.46 max=54.89 min=15.68
03-12 16:41:56.339 16134 16580 I BufferQueueProducer: [SurfaceTexture-1-16134-2](this:0x8c48c000,id:2,api:3,p:16134,c:16134) queueBuffer: fps=30.34 dur=1021.70 max=55.53 min=14.91
03-12 16:41:57.354 16134 16580 I BufferQueueProducer: [SurfaceTexture-1-16134-2](this:0x8c48c000,id:2,api:3,p:16134,c:16134) queueBuffer: fps=27.59 dur=1015.00 max=104.40 min=14.22
03-12 16:41:58.367 16134 16580 I BufferQueueProducer: [SurfaceTexture-1-16134-2](this:0x8c48c000,id:2,api:3,p:16134,c:16134) queueBuffer: fps=31.59 dur=1012.87 max=112.89 min=10.15
03-12 16:41:58.695 16134 16145 I zygote  : Background concurrent copying GC freed 8570(6MB) AllocSpace objects, 2(32KB) LOS objects, 42% free, 7MB/13MB, paused 471us total 524.729ms
03-12 16:41:59.436 16134 16580 I BufferQueueProducer: [SurfaceTexture-1-16134-2](this:0x8c48c000,id:2,api:3,p:16134,c:16134) queueBuffer: fps=28.08 dur=1068.52 max=124.74 min=11.40
03-12 16:42:00.128 16134 16580 I BufferQueueProducer: [SurfaceTexture-1-16134-2](this:0x8c48c000,id:2,api:3,p:16134,c:16134) queueBuffer: slot 10 is dropped, handle=0xa4926040
03-12 16:42:00.391 16134 16580 I BufferQueueProducer: [SurfaceTexture-1-16134-2](this:0x8c48c000,id:2,api:3,p:16134,c:16134) queueBuffer: slot 6 is dropped, handle=0xa4925d40
03-12 16:42:00.404 16134 16580 I BufferQueueProducer: [SurfaceTexture-1-16134-2](this:0x8c48c000,id:2,api:3,p:16134,c:16134) queueBuffer: slot 7 is dropped, handle=0xa4925e00
03-12 16:42:00.416 16134 16580 I BufferQueueProducer: [SurfaceTexture-1-16134-2](this:0x8c48c000,id:2,api:3,p:16134,c:16134) queueBuffer: slot 8 is dropped, handle=0xa4925ec0
03-12 16:42:00.441 16134 16580 I BufferQueueProducer: [SurfaceTexture-1-16134-2](this:0x8c48c000,id:2,api:3,p:16134,c:16134) queueBuffer: slot 9 is dropped, handle=0xa4925f80
03-12 16:42:00.442 16134 16580 I BufferQueueProducer: [SurfaceTexture-1-16134-2](this:0x8c48c000,id:2,api:3,p:16134,c:16134) queueBuffer: fps=32.80 dur=1005.96 max=81.84 min=12.02
03-12 16:42:00.474 16134 16580 I BufferQueueProducer: [SurfaceTexture-1-16134-2](this:0x8c48c000,id:2,api:3,p:16134,c:16134) queueBuffer: slot 10 is dropped, handle=0xa4926040
03-12 16:42:01.451 16134 16580 I BufferQueueProducer: [SurfaceTexture-1-16134-2](this:0x8c48c000,id:2,api:3,p:16134,c:16134) queueBuffer: fps=29.73 dur=1009.15 max=108.66 min=13.65
03-12 16:42:02.473 16134 16580 I BufferQueueProducer: [SurfaceTexture-1-16134-2](this:0x8c48c000,id:2,api:3,p:16134,c:16134) queueBuffer: fps=30.33 dur=1022.05 max=48.38 min=14.89
03-12 16:42:03.477 16134 16580 I BufferQueueProducer: [SurfaceTexture-1-16134-2](this:0x8c48c000,id:2,api:3,p:16134,c:16134) queueBuffer: fps=29.89 dur=1003.71 max=72.96 min=3.88
03-12 16:42:04.480 16134 16580 I BufferQueueProducer: [SurfaceTexture-1-16134-2](this:0x8c48c000,id:2,api:3,p:16134,c:16134) queueBuffer: fps=29.89 dur=1003.79 max=69.54 min=17.94
03-12 16:42:04.771 16134 16145 I zygote  : Background concurrent copying GC freed 9009(6MB) AllocSpace objects, 0(0B) LOS objects, 44% free, 7MB/13MB, paused 191us total 181.549ms
03-12 16:42:05.502 16134 16580 I BufferQueueProducer: [SurfaceTexture-1-16134-2](this:0x8c48c000,id:2,api:3,p:16134,c:16134) queueBuffer: fps=29.36 dur=1021.91 max=63.29 min=19.83
03-12 16:42:06.556 16134 16580 I BufferQueueProducer: [SurfaceTexture-1-16134-2](this:0x8c48c000,id:2,api:3,p:16134,c:16134) queueBuffer: fps=29.42 dur=1053.58 max=83.32 min=13.21
03-12 16:42:07.603 16134 16580 I BufferQueueProducer: [SurfaceTexture-1-16134-2](this:0x8c48c000,id:2,api:3,p:16134,c:16134) queueBuffer: fps=29.60 dur=1047.31 max=101.55 min=13.41
03-12 16:42:08.618 16134 16580 I BufferQueueProducer: [SurfaceTexture-1-16134-2](this:0x8c48c000,id:2,api:3,p:16134,c:16134) queueBuffer: fps=28.57 dur=1014.90 max=99.99 min=2.44
03-12 16:42:09.653 16134 16580 I BufferQueueProducer: [SurfaceTexture-1-16134-2](this:0x8c48c000,id:2,api:3,p:16134,c:16134) queueBuffer: fps=30.91 dur=1035.28 max=96.56 min=10.84
03-12 16:42:10.677 16134 16580 I BufferQueueProducer: [SurfaceTexture-1-16134-2](this:0x8c48c000,id:2,api:3,p:16134,c:16134) queueBuffer: fps=30.28 dur=1023.84 max=47.59 min=19.44
03-12 16:42:11.088 16134 16145 I zygote  : Background concurrent copying GC freed 8548(6MB) AllocSpace objects, 0(0B) LOS objects, 43% free, 7MB/13MB, paused 212us total 225.008ms
03-12 16:42:11.698 16134 16580 I BufferQueueProducer: [SurfaceTexture-1-16134-2](this:0x8c48c000,id:2,api:3,p:16134,c:16134) queueBuffer: fps=29.39 dur=1020.59 max=52.02 min=20.61
03-12 16:42:12.716 16134 16580 I BufferQueueProducer: [SurfaceTexture-1-16134-2](this:0x8c48c000,id:2,api:3,p:16134,c:16134) queueBuffer: fps=30.45 dur=1018.02 max=50.31 min=14.27
03-12 16:42:13.743 16134 16580 I BufferQueueProducer: [SurfaceTexture-1-16134-2](this:0x8c48c000,id:2,api:3,p:16134,c:16134) queueBuffer: fps=30.17 dur=1027.44 max=46.97 min=13.81
03-12 16:42:14.759 16134 16580 I BufferQueueProducer: [SurfaceTexture-1-16134-2](this:0x8c48c000,id:2,api:3,p:16134,c:16134) queueBuffer: fps=29.55 dur=1015.35 max=71.94 min=12.39
03-12 16:42:15.792 16134 16580 I BufferQueueProducer: [SurfaceTexture-1-16134-2](this:0x8c48c000,id:2,api:3,p:16134,c:16134) queueBuffer: fps=29.02 dur=1033.91 max=96.10 min=12.20
03-12 16:42:16.862 16134 16580 I BufferQueueProducer: [SurfaceTexture-1-16134-2](this:0x8c48c000,id:2,api:3,p:16134,c:16134) queueBuffer: fps=29.91 dur=1070.04 max=102.66 min=10.80
03-12 16:42:17.353 16134 16145 I zygote  : Background concurrent copying GC freed 8683(6MB) AllocSpace objects, 0(0B) LOS objects, 44% free, 7MB/13MB, paused 175us total 112.562ms
03-12 16:42:17.875 16134 16580 I BufferQueueProducer: [SurfaceTexture-1-16134-2](this:0x8c48c000,id:2,api:3,p:16134,c:16134) queueBuffer: fps=31.62 dur=1012.04 max=115.89 min=11.15
03-12 16:42:18.912 16134 16580 I BufferQueueProducer: [SurfaceTexture-1-16134-2](this:0x8c48c000,id:2,api:3,p:16134,c:16134) queueBuffer: fps=29.87 dur=1037.75 max=111.68 min=11.47
03-12 16:42:20.327 16134 16134 I HUREV   : [2] AapProjectionActivity.onPause | AapProjectionActivity: onPause
03-12 16:42:20.475 16134 16134 I HUREV   : [2] UsbReceiver.onReceive | USB Intent: Intent { act=android.hardware.usb.action.USB_DEVICE_DETACHED flg=0x1000010 (has extras) }
03-12 16:42:20.518 16134 16134 I HUREV   : [2] UsbReceiver.onReceive | USB Intent: Intent { act=android.hardware.usb.action.USB_DEVICE_DETACHED flg=0x1000010 (has extras) }
03-12 16:42:20.589 16134 16164 I HUREV   : [912] AapTransport.quit$com_andrerinas_headunitrevived_2_0_1_debug | AapTransport quitting (clean=false)
03-12 16:42:20.761 16134 16502 W MessageQueue: Handler (android.os.Handler) {55c67e3} sending message to a Handler on a dead thread
03-12 16:42:20.761 16134 16502 W MessageQueue: java.lang.IllegalStateException: Handler (android.os.Handler) {55c67e3} sending message to a Handler on a dead thread
03-12 16:42:20.761 16134 16502 W MessageQueue: 	at android.os.MessageQueue.enqueueMessage(MessageQueue.java:545)
03-12 16:42:20.761 16134 16502 W MessageQueue: 	at android.os.Handler.enqueueMessage(Handler.java:662)
03-12 16:42:20.761 16134 16502 W MessageQueue: 	at android.os.Handler.sendMessageAtTime(Handler.java:631)
03-12 16:42:20.761 16134 16502 W MessageQueue: 	at android.os.Handler.sendMessageDelayed(Handler.java:601)
03-12 16:42:20.761 16134 16502 W MessageQueue: 	at android.os.Handler.sendEmptyMessageDelayed(Handler.java:565)
03-12 16:42:20.761 16134 16502 W MessageQueue: 	at android.os.Handler.sendEmptyMessage(Handler.java:550)
03-12 16:42:20.761 16134 16502 W MessageQueue: 	at com.andrerinas.headunitrevived.aap.AapTransport.pollHandlerCallback$lambda$2(AapTransport.kt:112)
03-12 16:42:20.761 16134 16502 W MessageQueue: 	at com.andrerinas.headunitrevived.aap.AapTransport.$r8$lambda$Rjsdf1lVQ-AdDZlQs7Xt4MuwD3Y(Unknown Source:0)
03-12 16:42:20.761 16134 16502 W MessageQueue: 	at com.andrerinas.headunitrevived.aap.AapTransport$$ExternalSyntheticLambda2.handleMessage(D8$$SyntheticClass:0)
03-12 16:42:20.761 16134 16502 W MessageQueue: 	at android.os.Handler.dispatchMessage(Handler.java:102)
03-12 16:42:20.761 16134 16502 W MessageQueue: 	at android.os.Looper.loop(Looper.java:164)
03-12 16:42:20.761 16134 16502 W MessageQueue: 	at android.os.HandlerThread.run(HandlerThread.java:65)
03-12 16:42:20.766 16134 16164 I HUREV   : [912] UsbAccessoryConnection.disconnect | Google 18D1:2D00 - UsbDevice[mName=/dev/bus/usb/001/052,mVendorId=6353,mProductId=11520,mClass=0,mSubclass=0,mProtocol=0,mManufacturerName=Android,mProductName=VehiConn_CBE4,mVersion=2.0,mSerialNumber=LY0123456789,mConfigurations=[
03-12 16:42:20.766 16134 16164 I HUREV   : UsbConfiguration[mId=1,mName=accessory,mAttributes=128,mMaxPower=75,mInterfaces=[
03-12 16:42:20.766 16134 16164 I HUREV   : UsbInterface[mId=0,mAlternateSetting=0,mName=Android Accessory Interface,mClass=255,mSubclass=255,mProtocol=0,mEndpoints=[
03-12 16:42:20.766 16134 16164 I HUREV   : UsbEndpoint[mAddress=129,mAttributes=2,mMaxPacketSize=512,mInterval=0]
03-12 16:42:20.766 16134 16164 I HUREV   : UsbEndpoint[mAddress=1,mAttributes=2,mMaxPacketSize=512,mInterval=0]]]]
03-12 16:42:20.767 16134 16164 E UsbDeviceConnectionJNI: device is closed in native_release_interface
03-12 16:42:20.769 16134 16164 E HUREV   : [912] UsbAccessoryConnection.disconnect | Error releaseInterface()
03-12 16:42:20.803 16134 16134 I HUREV   : [2] AapService.scheduleReconnectIfNeeded | AapService: USB disconnect. Scheduling reconnect check in 3000ms...
03-12 16:42:20.803 16134 16588 I HUREV   : [1209] VideoDecoder.outputThreadLoop | Output thread stopped
03-12 16:42:20.855 16134 16578 E HUREV   : [1206] AudioTrackWrapper.cleanup | Error during audio track cleanup
03-12 16:42:20.855 16134 16578 E HUREV   : java.lang.InterruptedException
03-12 16:42:20.855 16134 16578 E HUREV   : 	at java.lang.Thread.sleep(Native Method)
03-12 16:42:20.855 16134 16578 E HUREV   : 	at java.lang.Thread.sleep(Thread.java:373)
03-12 16:42:20.855 16134 16578 E HUREV   : 	at java.lang.Thread.sleep(Thread.java:314)
03-12 16:42:20.855 16134 16578 E HUREV   : 	at com.andrerinas.headunitrevived.decoder.AudioTrackWrapper.cleanup(AudioTrackWrapper.kt:376)
03-12 16:42:20.855 16134 16578 E HUREV   : 	at com.andrerinas.headunitrevived.decoder.AudioTrackWrapper.run(AudioTrackWrapper.kt:182)
03-12 16:42:20.917 16134 16579 I BufferQueueProducer: [SurfaceTexture-1-16134-2](this:0x8c48c000,id:2,api:3,p:16134,c:16134) disconnect(P): api 3
03-12 16:42:20.917 16134 16579 I BufferQueueConsumer: [SurfaceTexture-1-16134-2](this:0x8c48c000,id:2,api:3,p:-1,c:16134) getReleasedBuffers: returning mask 0xffffffffffffffff
03-12 16:42:20.953 16134 16578 I HUREV   : [1206] AudioTrackWrapper.run | AudioTrackWrapper thread finished.
03-12 16:42:21.042 16134 16164 I HUREV   : [912] VideoDecoder.stop | Decoder stopped: AapService::onDisconnect
03-12 16:42:21.293 16134 16516 E [EGL-ERROR]: __egl_platform_cancel_buffers:644: surface->num_buffers(4)
03-12 16:42:21.312 16134 16155 E [EGL-ERROR]: __egl_platform_cancel_buffers:644: surface->num_buffers(4)
03-12 16:42:21.397 16134 16134 I HUREV   : [2] AapProjectionActivity.onDestroy | AapProjectionActivity.onDestroy called. isFinishing=true
03-12 16:42:21.403 16134 16134 I BufferQueueConsumer: [SurfaceTexture-1-16134-2](this:0x8c48c000,id:2,api:3,p:-1,c:-1) disconnect(C)
03-12 16:42:21.420 16134 16134 I HUREV   : [2] AapProjectionActivity.onSurfaceDestroyed | SurfaceCallback: onSurfaceDestroyed. Surface: Surface(name=android.graphics.SurfaceTexture@d0317dc)/@0xbbe60e5
03-12 16:42:21.445 16134 16134 I HUREV   : [2] VideoDecoder.stop | Decoder stopped: surfaceDestroyed
03-12 16:46:56.980 17110 17110 I zygote  : Late-enabling -Xcheck:jni
03-12 16:46:57.110 17110 17110 I JDWP    : type=1400 audit(0.0:50187): avc: denied { connectto } for path=006A6477702D636F6E74726F6C scontext=u:r:untrusted_app:s0:c512,c768 tcontext=u:r:su:s0 tclass=unix_stream_socket permissive=1
03-12 16:46:57.335 17110 17110 W ActivityThread: Application com.andrerinas.headunitrevived can be debugged on port 8100...
03-12 16:46:57.533 17110 17110 I MultiDex: VM with version 2.1.0 has multidex support
03-12 16:46:57.533 17110 17110 I MultiDex: Installing application
03-12 16:46:57.534 17110 17110 I MultiDex: VM has multidex support, MultiDex support library is disabled.
03-12 16:47:00.951 17110 17110 I HUREV   : [2] MainActivity.handleIntent | MainActivity received intent: android.intent.action.MAIN, data: null
03-12 16:47:01.321 17110 17110 W HookText: Error parsing /system/etc/info_config.xml
03-12 16:47:01.321 17110 17110 W HookText: java.io.FileNotFoundException: /system/etc/info_config.xml (No such file or directory)
03-12 16:47:01.321 17110 17110 W HookText: 	at java.io.FileInputStream.open0(Native Method)
03-12 16:47:01.321 17110 17110 W HookText: 	at java.io.FileInputStream.open(FileInputStream.java:200)
03-12 16:47:01.321 17110 17110 W HookText: 	at java.io.FileInputStream.<init>(FileInputStream.java:150)
03-12 16:47:01.321 17110 17110 W HookText: 	at java.io.FileInputStream.<init>(FileInputStream.java:103)
03-12 16:47:01.321 17110 17110 W HookText: 	at android.widget.HookText.loadRules(HookText.java:447)
03-12 16:47:01.321 17110 17110 W HookText: 	at android.widget.HookText.init(HookText.java:128)
03-12 16:47:01.321 17110 17110 W HookText: 	at android.widget.HookText.hookSetTextInternal(HookText.java:189)
03-12 16:47:01.321 17110 17110 W HookText: 	at android.widget.HookText.hookSetText(HookText.java:179)
03-12 16:47:01.321 17110 17110 W HookText: 	at android.widget.TextView.setText(TextView.java:5282)
03-12 16:47:01.321 17110 17110 W HookText: 	at android.widget.TextView.setText(TextView.java:5272)
03-12 16:47:01.321 17110 17110 W HookText: 	at android.widget.TextView.<init>(TextView.java:1634)
03-12 16:47:01.321 17110 17110 W HookText: 	at android.widget.TextView.<init>(TextView.java:828)
03-12 16:47:01.321 17110 17110 W HookText: 	at androidx.appcompat.widget.AppCompatTextView.<init>(AppCompatTextView.java:113)
03-12 16:47:01.321 17110 17110 W HookText: 	at com.google.android.material.textview.MaterialTextView.<init>(MaterialTextView.java:92)
03-12 16:47:01.321 17110 17110 W HookText: 	at com.google.android.material.textview.MaterialTextView.<init>(MaterialTextView.java:87)
03-12 16:47:01.321 17110 17110 W HookText: 	at com.google.android.material.theme.MaterialComponentsViewInflater.createTextView(MaterialComponentsViewInflater.java:61)
03-12 16:47:01.321 17110 17110 W HookText: 	at androidx.appcompat.app.AppCompatViewInflater.createView(AppCompatViewInflater.java:148)
03-12 16:47:01.321 17110 17110 W HookText: 	at androidx.appcompat.app.AppCompatDelegateImpl.createView(AppCompatDelegateImpl.java:1678)
03-12 16:47:01.321 17110 17110 W HookText: 	at androidx.appcompat.app.AppCompatDelegateImpl.onCreateView(AppCompatDelegateImpl.java:1729)
03-12 16:47:01.321 17110 17110 W HookText: 	at android.view.LayoutInflater$FactoryMerger.onCreateView(LayoutInflater.java:189)
03-12 16:47:01.321 17110 17110 W HookText: 	at android.view.LayoutInflater.createViewFromTag(LayoutInflater.java:772)
03-12 16:47:01.321 17110 17110 W HookText: 	at android.view.LayoutInflater.createViewFromTag(LayoutInflater.java:730)
03-12 16:47:01.321 17110 17110 W HookText: 	at android.view.LayoutInflater.rInflate(LayoutInflater.java:863)
03-12 16:47:01.321 17110 17110 W HookText: 	at android.view.LayoutInflater.rInflateChildren(LayoutInflater.java:824)
03-12 16:47:01.321 17110 17110 W HookText: 	at android.view.LayoutInflater.rInflate(LayoutInflater.java:866)
03-12 16:47:01.321 17110 17110 W HookText: 	at android.view.LayoutInflater.rInflateChildren(LayoutInflater.java:824)
03-12 16:47:01.321 17110 17110 W HookText: 	at android.view.LayoutInflater.inflate(LayoutInflater.java:515)
03-12 16:47:01.321 17110 17110 W HookText: 	at android.view.LayoutInflater.inflate(LayoutInflater.java:423)
03-12 16:47:01.321 17110 17110 W HookText: 	at com.andrerinas.headunitrevived.main.HomeFragment.onCreateView(HomeFragment.kt:55)
03-12 16:47:01.321 17110 17110 W HookText: 	at androidx.fragment.app.Fragment.performCreateView(Fragment.java:3114)
03-12 16:47:01.321 17110 17110 W HookText: 	at androidx.fragment.app.FragmentStateManager.createView(FragmentStateManager.java:557)
03-12 16:47:01.321 17110 17110 W HookText: 	at androidx.fragment.app.FragmentStateManager.moveToExpectedState(FragmentStateManager.java:272)
03-12 16:47:01.321 17110 17110 W HookText: 	at androidx.fragment.app.FragmentStore.moveToExpectedState(FragmentStore.java:114)
03-12 16:47:01.321 17110 17110 W HookText: 	at androidx.fragment.app.FragmentManager.moveToState(FragmentManager.java:1455)
03-12 16:47:01.321 17110 17110 W HookText: 	at androidx.fragment.app.FragmentManager.dispatchStateChange(FragmentManager.java:3034)
03-12 16:47:01.321 17110 17110 W HookText: 	at androidx.fragment.app.FragmentManager.dispatchViewCreated(FragmentManager.java:2945)
03-12 16:47:01.321 17110 17110 W HookText: 	at androidx.fragment.app.Fragment.performViewCreated(Fragment.java:3148)
03-12 16:47:01.321 17110 17110 W HookText: 	at androidx.fragment.app.FragmentStateManager.createView(FragmentStateManager.java:588)
03-12 16:47:01.321 17110 17110 W HookText: 	at androidx.fragment.app.FragmentStateManager.moveToExpectedState(FragmentStateManager.java:272)
03-12 16:47:01.321 17110 17110 W HookText: 	at androidx.fragment.app.FragmentStore.moveToExpectedState(FragmentStore.java:114)
03-12 16:47:01.321 17110 17110 W HookText: 	at androidx.fragment.app.FragmentManager.moveToState(FragmentManager.java:1455)
03-12 16:47:01.321 17110 17110 W HookText: 	at androidx.fragment.app.FragmentManager.dispatchStateChange(FragmentManager.java:3034)
03-12 16:47:01.321 17110 17110 W HookText: 	at androidx.fragment.app.FragmentManager.dispatchActivityCreated(FragmentManager.java:2952)
03-12 16:47:01.321 17110 17110 W HookText: 	at androidx.fragment.app.FragmentController.dispatchActivityCreated(FragmentController.java:263)
03-12 16:47:01.321 17110 17110 W HookText: 	at androidx.fragment.app.FragmentActivity.onStart(FragmentActivity.java:350)
03-12 16:47:01.321 17110 17110 W HookText: 	at androidx.appcompat.app.AppCompatActivity.onStart(AppCompatActivity.java:251)
03-12 16:47:01.321 17110 17110 W HookText: 	at com.andrerinas.headunitrevived.main.MainActivity.onStart(MainActivity.kt:116)
03-12 16:47:01.321 17110 17110 W HookText: 	at android.app.Instrumentation.callActivityOnStart(Instrumentation.java:1334)
03-12 16:47:01.321 17110 17110 W HookText: 	at android.app.Activity.performStart(Activity.java:7043)
03-12 16:47:01.321 17110 17110 W HookText: 	at android.app.ActivityThread.performLaunchActivity(ActivityThread.java:2782)
03-12 16:47:01.324 17110 17110 W HookText: 	at android.app.ActivityThread.handleLaunchActivity(ActivityThread.java:2897)
03-12 16:47:01.324 17110 17110 W HookText: 	at android.app.ActivityThread.-wrap11(Unknown Source:0)
03-12 16:47:01.324 17110 17110 W HookText: 	at android.app.ActivityThread$H.handleMessage(ActivityThread.java:1623)
03-12 16:47:01.324 17110 17110 W HookText: 	at android.os.Handler.dispatchMessage(Handler.java:106)
03-12 16:47:01.324 17110 17110 W HookText: 	at android.os.Looper.loop(Looper.java:164)
03-12 16:47:01.324 17110 17110 W HookText: 	at android.app.ActivityThread.main(ActivityThread.java:6548)
03-12 16:47:01.324 17110 17110 W HookText: 	at java.lang.reflect.Method.invoke(Native Method)
03-12 16:47:01.324 17110 17110 W HookText: 	at com.android.internal.os.RuntimeInit$MethodAndArgsCaller.run(RuntimeInit.java:438)
03-12 16:47:01.324 17110 17110 W HookText: 	at com.android.internal.os.ZygoteInit.main(ZygoteInit.java:857)
03-12 16:47:01.862 17110 17116 I zygote  : Do partial code cache collection, code=30KB, data=28KB
03-12 16:47:01.882 17110 17116 I zygote  : After code cache collection, code=25KB, data=26KB
03-12 16:47:01.882 17110 17116 I zygote  : Increasing code cache capacity to 128KB
03-12 16:47:01.926 17110 17110 I HUREV   : [2] HomeFragment.attemptSingleUsbAutoConnect | HomeFragment: Requesting single-USB auto-connect via AapService
03-12 16:47:02.107 17110 17110 I HUREV   : [2] HomeFragment.onResume | HomeFragment: onResume. isConnected=false
03-12 16:47:02.222 17110 17110 I Choreographer: Skipped 273 frames!  The application may be doing too much work on its main thread.
03-12 16:47:03.313 17110 17122 I zygote  : Background concurrent copying GC freed 7170(766KB) AllocSpace objects, 0(0B) LOS objects, 49% free, 1771KB/3MB, paused 3.573ms total 138.435ms
03-12 16:47:03.626 17110 17116 I zygote  : Do partial code cache collection, code=27KB, data=50KB
03-12 16:47:03.652 17110 17116 I zygote  : After code cache collection, code=27KB, data=50KB
03-12 16:47:03.656 17110 17116 I zygote  : Increasing code cache capacity to 256KB
03-12 16:47:03.658 17110 17116 I zygote  : Compiler allocated 4MB to compile void android.widget.TextView.<init>(android.content.Context, android.util.AttributeSet, int, int)
03-12 16:47:04.321 17110 17249 E         : appName=com.andrerinas.headunitrevived, acAppName=/system/bin/surfaceflinger
03-12 16:47:04.322 17110 17249 E         : 0
03-12 16:47:04.337 17110 17249 I com.andrerinas.headunitrevived: android::hardware::configstore::V1_0::ISurfaceFlingerConfigs::hasWideColorDisplay retrieved: 0
