--------- beginning of system
03-13 07:34:58.144 10041 10041 W ActivityThread: Application com.andrerinas.headunitrevived can be debugged on port 8100...
03-13 07:34:58.828 10041 10041 I ActivityThread: handleStopService: token=android.os.BinderProxy@2956d7a not found.
--------- beginning of main
03-13 07:53:50.651 10041 11458 I BufferQueueProducer: [SurfaceTexture-1-10041-7](this:0x82039000,id:7,api:3,p:10041,c:10041) queueBuffer: fps=30.30 dur=1023.21 max=67.26 min=11.90
03-13 07:53:51.665 10041 11458 I BufferQueueProducer: [SurfaceTexture-1-10041-7](this:0x82039000,id:7,api:3,p:10041,c:10041) queueBuffer: fps=29.58 dur=1014.04 max=67.82 min=9.70
03-13 07:53:52.712 10041 11458 I BufferQueueProducer: [SurfaceTexture-1-10041-7](this:0x82039000,id:7,api:3,p:10041,c:10041) queueBuffer: fps=29.60 dur=1047.17 max=67.15 min=11.77
03-13 07:53:53.713 10041 11458 I BufferQueueProducer: [SurfaceTexture-1-10041-7](this:0x82039000,id:7,api:3,p:10041,c:10041) queueBuffer: fps=29.97 dur=1000.98 max=64.58 min=11.74
03-13 07:53:54.724 10041 11458 I BufferQueueProducer: [SurfaceTexture-1-10041-7](this:0x82039000,id:7,api:3,p:10041,c:10041) queueBuffer: fps=30.66 dur=1011.02 max=62.49 min=12.43
03-13 07:53:55.775 10041 11458 I BufferQueueProducer: [SurfaceTexture-1-10041-7](this:0x82039000,id:7,api:3,p:10041,c:10041) queueBuffer: fps=28.54 dur=1051.22 max=141.10 min=11.74
03-13 07:53:56.778 10041 11458 I BufferQueueProducer: [SurfaceTexture-1-10041-7](this:0x82039000,id:7,api:3,p:10041,c:10041) queueBuffer: fps=29.92 dur=1002.70 max=77.52 min=11.97
03-13 07:53:57.806 10041 11458 I BufferQueueProducer: [SurfaceTexture-1-10041-7](this:0x82039000,id:7,api:3,p:10041,c:10041) queueBuffer: fps=30.15 dur=1028.22 max=71.39 min=12.51
03-13 07:53:58.836 10041 11458 I BufferQueueProducer: [SurfaceTexture-1-10041-7](this:0x82039000,id:7,api:3,p:10041,c:10041) queueBuffer: fps=30.08 dur=1030.53 max=61.96 min=12.79
03-13 07:53:59.864 10041 11458 I BufferQueueProducer: [SurfaceTexture-1-10041-7](this:0x82039000,id:7,api:3,p:10041,c:10041) queueBuffer: fps=30.17 dur=1027.37 max=53.80 min=14.61
03-13 07:54:00.865 10041 11458 I BufferQueueProducer: [SurfaceTexture-1-10041-7](this:0x82039000,id:7,api:3,p:10041,c:10041) queueBuffer: fps=29.97 dur=1000.84 max=43.58 min=17.51
03-13 07:54:01.899 10041 11458 I BufferQueueProducer: [SurfaceTexture-1-10041-7](this:0x82039000,id:7,api:3,p:10041,c:10041) queueBuffer: fps=29.98 dur=1034.17 max=44.97 min=21.67
03-13 07:54:02.933 10041 11458 I BufferQueueProducer: [SurfaceTexture-1-10041-7](this:0x82039000,id:7,api:3,p:10041,c:10041) queueBuffer: fps=29.97 dur=1034.39 max=41.84 min=26.66
03-13 07:54:03.973 10041 11458 I BufferQueueProducer: [SurfaceTexture-1-10041-7](this:0x82039000,id:7,api:3,p:10041,c:10041) queueBuffer: fps=29.80 dur=1040.24 max=46.86 min=20.04
03-13 07:54:04.991 10041 11458 I BufferQueueProducer: [SurfaceTexture-1-10041-7](this:0x82039000,id:7,api:3,p:10041,c:10041) queueBuffer: fps=30.48 dur=1017.03 max=38.97 min=19.02
03-13 07:54:06.008 10041 11458 I BufferQueueProducer: [SurfaceTexture-1-10041-7](this:0x82039000,id:7,api:3,p:10041,c:10041) queueBuffer: fps=29.49 dur=1017.23 max=61.66 min=13.94
03-13 07:54:07.019 10041 11458 I BufferQueueProducer: [SurfaceTexture-1-10041-7](this:0x82039000,id:7,api:3,p:10041,c:10041) queueBuffer: fps=30.66 dur=1011.13 max=61.59 min=13.36
03-13 07:54:08.026 10041 11458 I BufferQueueProducer: [SurfaceTexture-1-10041-7](this:0x82039000,id:7,api:3,p:10041,c:10041) queueBuffer: fps=29.80 dur=1006.75 max=67.15 min=14.20
03-13 07:54:09.052 10041 11458 I BufferQueueProducer: [SurfaceTexture-1-10041-7](this:0x82039000,id:7,api:3,p:10041,c:10041) queueBuffer: fps=30.21 dur=1026.18 max=67.96 min=13.54
03-13 07:54:10.108 10041 11458 I BufferQueueProducer: [SurfaceTexture-1-10041-7](this:0x82039000,id:7,api:3,p:10041,c:10041) queueBuffer: fps=29.34 dur=1056.65 max=65.38 min=12.95
03-13 07:54:11.123 10041 11458 I BufferQueueProducer: [SurfaceTexture-1-10041-7](this:0x82039000,id:7,api:3,p:10041,c:10041) queueBuffer: fps=30.56 dur=1014.26 max=63.38 min=13.69
03-13 07:54:12.127 10041 11458 I BufferQueueProducer: [SurfaceTexture-1-10041-7](this:0x82039000,id:7,api:3,p:10041,c:10041) queueBuffer: fps=29.88 dur=1004.02 max=62.27 min=13.30
03-13 07:54:13.150 10041 11458 I BufferQueueProducer: [SurfaceTexture-1-10041-7](this:0x82039000,id:7,api:3,p:10041,c:10041) queueBuffer: fps=30.31 dur=1022.81 max=61.16 min=13.57
03-13 07:54:14.206 10041 11458 I BufferQueueProducer: [SurfaceTexture-1-10041-7](this:0x82039000,id:7,api:3,p:10041,c:10041) queueBuffer: fps=29.35 dur=1056.05 max=61.62 min=13.36
03-13 07:54:15.211 10041 11458 I BufferQueueProducer: [SurfaceTexture-1-10041-7](this:0x82039000,id:7,api:3,p:10041,c:10041) queueBuffer: fps=29.83 dur=1005.67 max=64.74 min=12.68
03-13 07:54:16.212 10041 11458 I BufferQueueProducer: [SurfaceTexture-1-10041-7](this:0x82039000,id:7,api:3,p:10041,c:10041) queueBuffer: fps=29.98 dur=1000.73 max=76.13 min=13.09
03-13 07:54:17.223 10041 11458 I BufferQueueProducer: [SurfaceTexture-1-10041-7](this:0x82039000,id:7,api:3,p:10041,c:10041) queueBuffer: fps=30.66 dur=1010.96 max=68.25 min=13.54
03-13 07:54:18.253 10041 11458 I BufferQueueProducer: [SurfaceTexture-1-10041-7](this:0x82039000,id:7,api:3,p:10041,c:10041) queueBuffer: fps=30.10 dur=1029.88 max=58.34 min=13.47
03-13 07:54:19.254 10041 11458 I BufferQueueProducer: [SurfaceTexture-1-10041-7](this:0x82039000,id:7,api:3,p:10041,c:10041) queueBuffer: fps=29.97 dur=1000.93 max=60.23 min=13.45
03-13 07:54:20.260 10041 11458 I BufferQueueProducer: [SurfaceTexture-1-10041-7](this:0x82039000,id:7,api:3,p:10041,c:10041) queueBuffer: fps=29.83 dur=1005.80 max=91.58 min=12.71
03-13 07:54:21.274 10041 11458 I BufferQueueProducer: [SurfaceTexture-1-10041-7](this:0x82039000,id:7,api:3,p:10041,c:10041) queueBuffer: fps=29.58 dur=1014.17 max=79.14 min=13.19
03-13 07:54:22.285 10041 11458 I BufferQueueProducer: [SurfaceTexture-1-10041-7](this:0x82039000,id:7,api:3,p:10041,c:10041) queueBuffer: fps=30.66 dur=1010.99 max=61.53 min=13.40
03-13 07:54:23.313 10041 11458 I BufferQueueProducer: [SurfaceTexture-1-10041-7](this:0x82039000,id:7,api:3,p:10041,c:10041) queueBuffer: fps=30.15 dur=1028.30 max=58.86 min=13.38
03-13 07:54:24.313 10041 11458 I BufferQueueProducer: [SurfaceTexture-1-10041-7](this:0x82039000,id:7,api:3,p:10041,c:10041) queueBuffer: fps=29.99 dur=1000.46 max=69.79 min=11.70
03-13 07:54:25.315 10041 11458 I BufferQueueProducer: [SurfaceTexture-1-10041-7](this:0x82039000,id:7,api:3,p:10041,c:10041) queueBuffer: fps=29.97 dur=1001.04 max=61.86 min=13.42
03-13 07:54:26.316 10041 11458 I BufferQueueProducer: [SurfaceTexture-1-10041-7](this:0x82039000,id:7,api:3,p:10041,c:10041) queueBuffer: fps=28.96 dur=1001.37 max=108.86 min=12.38
03-13 07:54:27.326 10041 11458 I BufferQueueProducer: [SurfaceTexture-1-10041-7](this:0x82039000,id:7,api:3,p:10041,c:10041) queueBuffer: fps=28.72 dur=1009.87 max=99.48 min=12.91
03-13 07:54:28.332 10041 11458 I BufferQueueProducer: [SurfaceTexture-1-10041-7](this:0x82039000,id:7,api:3,p:10041,c:10041) queueBuffer: fps=28.83 dur=1005.87 max=137.74 min=11.28
03-13 07:54:29.360 10041 11458 I BufferQueueProducer: [SurfaceTexture-1-10041-7](this:0x82039000,id:7,api:3,p:10041,c:10041) queueBuffer: fps=27.22 dur=1028.76 max=131.36 min=11.08
03-13 07:54:30.283 10041 10056 I zygote  : Background concurrent copying GC freed 4796(3MB) AllocSpace objects, 109(2MB) LOS objects, 37% free, 9MB/15MB, paused 141us total 108.921ms
03-13 07:54:30.395 10041 11458 I BufferQueueProducer: [SurfaceTexture-1-10041-7](this:0x82039000,id:7,api:3,p:10041,c:10041) queueBuffer: fps=30.93 dur=1034.59 max=95.17 min=11.40
03-13 07:54:31.398 10041 11458 I BufferQueueProducer: [SurfaceTexture-1-10041-7](this:0x82039000,id:7,api:3,p:10041,c:10041) queueBuffer: fps=30.90 dur=1003.16 max=93.69 min=9.70
03-13 07:54:32.399 10041 11458 I BufferQueueProducer: [SurfaceTexture-1-10041-7](this:0x82039000,id:7,api:3,p:10041,c:10041) queueBuffer: fps=29.99 dur=1000.47 max=43.98 min=22.82
03-13 07:54:33.400 10041 11458 I BufferQueueProducer: [SurfaceTexture-1-10041-7](this:0x82039000,id:7,api:3,p:10041,c:10041) queueBuffer: fps=29.96 dur=1001.20 max=42.74 min=21.17
03-13 07:54:34.415 10041 11458 I BufferQueueProducer: [SurfaceTexture-1-10041-7](this:0x82039000,id:7,api:3,p:10041,c:10041) queueBuffer: fps=30.55 dur=1014.87 max=55.83 min=15.46
03-13 07:54:35.458 10041 11458 I BufferQueueProducer: [SurfaceTexture-1-10041-7](this:0x82039000,id:7,api:3,p:10041,c:10041) queueBuffer: fps=28.75 dur=1043.50 max=67.05 min=13.49
03-13 07:54:36.466 10041 11458 I BufferQueueProducer: [SurfaceTexture-1-10041-7](this:0x82039000,id:7,api:3,p:10041,c:10041) queueBuffer: fps=50.61 dur=1007.79 max=126.88 min=12.06
03-13 07:54:37.480 10041 11458 I BufferQueueProducer: [SurfaceTexture-1-10041-7](this:0x82039000,id:7,api:3,p:10041,c:10041) queueBuffer: fps=51.30 dur=1013.72 max=35.38 min=12.30
03-13 07:54:38.510 10041 11458 I BufferQueueProducer: [SurfaceTexture-1-10041-7](this:0x82039000,id:7,api:3,p:10041,c:10041) queueBuffer: fps=37.84 dur=1030.60 max=45.99 min=12.66
03-13 07:54:39.519 10041 11458 I BufferQueueProducer: [SurfaceTexture-1-10041-7](this:0x82039000,id:7,api:3,p:10041,c:10041) queueBuffer: fps=39.67 dur=1008.40 max=52.30 min=12.56
03-13 07:54:40.545 10041 11458 I BufferQueueProducer: [SurfaceTexture-1-10041-7](this:0x82039000,id:7,api:3,p:10041,c:10041) queueBuffer: fps=52.60 dur=1026.57 max=27.11 min=13.90
03-13 07:54:40.979 10041 10056 I zygote  : Background concurrent copying GC freed 3887(3MB) AllocSpace objects, 142(2MB) LOS objects, 37% free, 9MB/15MB, paused 218us total 113.453ms
03-13 07:54:41.548 10041 11458 I BufferQueueProducer: [SurfaceTexture-1-10041-7](this:0x82039000,id:7,api:3,p:10041,c:10041) queueBuffer: fps=48.86 dur=1002.79 max=52.30 min=10.78
03-13 07:54:42.565 10041 11458 I BufferQueueProducer: [SurfaceTexture-1-10041-7](this:0x82039000,id:7,api:3,p:10041,c:10041) queueBuffer: fps=30.49 dur=1016.58 max=44.21 min=15.26
03-13 07:54:43.588 10041 11458 I BufferQueueProducer: [SurfaceTexture-1-10041-7](this:0x82039000,id:7,api:3,p:10041,c:10041) queueBuffer: fps=29.30 dur=1023.78 max=71.19 min=12.21
03-13 07:54:44.610 10041 11458 I BufferQueueProducer: [SurfaceTexture-1-10041-7](this:0x82039000,id:7,api:3,p:10041,c:10041) queueBuffer: fps=29.38 dur=1021.25 max=109.48 min=12.18
03-13 07:54:45.634 10041 11458 I BufferQueueProducer: [SurfaceTexture-1-10041-7](this:0x82039000,id:7,api:3,p:10041,c:10041) queueBuffer: fps=32.23 dur=1023.85 max=109.68 min=11.96
03-13 07:54:46.739 10041 11458 I BufferQueueProducer: [SurfaceTexture-1-10041-7](this:0x82039000,id:7,api:3,p:10041,c:10041) queueBuffer: fps=27.14 dur=1105.25 max=149.96 min=11.62
03-13 07:54:47.750 10041 11458 I BufferQueueProducer: [SurfaceTexture-1-10041-7](this:0x82039000,id:7,api:3,p:10041,c:10041) queueBuffer: fps=35.61 dur=1010.99 max=58.28 min=11.89
03-13 07:54:48.820 10041 11458 I BufferQueueProducer: [SurfaceTexture-1-10041-7](this:0x82039000,id:7,api:3,p:10041,c:10041) queueBuffer: fps=28.97 dur=1069.92 max=74.97 min=12.83
03-13 07:54:49.827 10041 11458 I BufferQueueProducer: [SurfaceTexture-1-10041-7](this:0x82039000,id:7,api:3,p:10041,c:10041) queueBuffer: fps=29.80 dur=1006.86 max=75.35 min=12.11
03-13 07:54:50.861 10041 11458 I BufferQueueProducer: [SurfaceTexture-1-10041-7](this:0x82039000,id:7,api:3,p:10041,c:10041) queueBuffer: fps=30.92 dur=1034.83 max=73.46 min=12.48
03-13 07:54:51.893 10041 11458 I BufferQueueProducer: [SurfaceTexture-1-10041-7](this:0x82039000,id:7,api:3,p:10041,c:10041) queueBuffer: fps=30.06 dur=1031.33 max=53.57 min=14.24
03-13 07:54:52.923 10041 11458 I BufferQueueProducer: [SurfaceTexture-1-10041-7](this:0x82039000,id:7,api:3,p:10041,c:10041) queueBuffer: fps=30.08 dur=1030.63 max=49.51 min=19.91
03-13 07:54:53.952 10041 11458 I BufferQueueProducer: [SurfaceTexture-1-10041-7](this:0x82039000,id:7,api:3,p:10041,c:10041) queueBuffer: fps=30.15 dur=1028.34 max=45.11 min=22.78
03-13 07:54:54.953 10041 11458 I BufferQueueProducer: [SurfaceTexture-1-10041-7](this:0x82039000,id:7,api:3,p:10041,c:10041) queueBuffer: fps=29.96 dur=1001.19 max=41.05 min=22.73
03-13 07:54:55.961 10041 11458 I BufferQueueProducer: [SurfaceTexture-1-10041-7](this:0x82039000,id:7,api:3,p:10041,c:10041) queueBuffer: fps=29.77 dur=1007.71 max=43.30 min=25.00
03-13 07:54:56.974 10041 11458 I BufferQueueProducer: [SurfaceTexture-1-10041-7](this:0x82039000,id:7,api:3,p:10041,c:10041) queueBuffer: fps=30.59 dur=1013.47 max=58.34 min=14.36
03-13 07:54:57.976 10041 11458 I BufferQueueProducer: [SurfaceTexture-1-10041-7](this:0x82039000,id:7,api:3,p:10041,c:10041) queueBuffer: fps=28.93 dur=1002.34 max=84.67 min=13.70
03-13 07:54:58.985 10041 11458 I BufferQueueProducer: [SurfaceTexture-1-10041-7](this:0x82039000,id:7,api:3,p:10041,c:10041) queueBuffer: fps=29.75 dur=1008.38 max=85.60 min=12.25
03-13 07:55:00.003 10041 11458 I BufferQueueProducer: [SurfaceTexture-1-10041-7](this:0x82039000,id:7,api:3,p:10041,c:10041) queueBuffer: fps=28.48 dur=1018.22 max=147.28 min=10.83
03-13 07:55:01.034 10041 11458 I BufferQueueProducer: [SurfaceTexture-1-10041-7](this:0x82039000,id:7,api:3,p:10041,c:10041) queueBuffer: fps=31.04 dur=1031.05 max=104.66 min=12.29
03-13 07:55:02.047 10041 11458 I BufferQueueProducer: [SurfaceTexture-1-10041-7](this:0x82039000,id:7,api:3,p:10041,c:10041) queueBuffer: fps=31.58 dur=1013.38 max=121.49 min=11.68
03-13 07:55:03.052 10041 11458 I BufferQueueProducer: [SurfaceTexture-1-10041-7](this:0x82039000,id:7,api:3,p:10041,c:10041) queueBuffer: fps=29.86 dur=1004.78 max=63.89 min=13.28
03-13 07:55:04.058 10041 11458 I BufferQueueProducer: [SurfaceTexture-1-10041-7](this:0x82039000,id:7,api:3,p:10041,c:10041) queueBuffer: fps=29.83 dur=1005.73 max=55.42 min=12.33
03-13 07:55:05.092 10041 11458 I BufferQueueProducer: [SurfaceTexture-1-10041-7](this:0x82039000,id:7,api:3,p:10041,c:10041) queueBuffer: fps=29.98 dur=1033.91 max=59.45 min=12.67
03-13 07:55:06.127 10041 11458 I BufferQueueProducer: [SurfaceTexture-1-10041-7](this:0x82039000,id:7,api:3,p:10041,c:10041) queueBuffer: fps=29.95 dur=1034.96 max=50.81 min=13.41
03-13 07:55:07.132 10041 11458 I BufferQueueProducer: [SurfaceTexture-1-10041-7](this:0x82039000,id:7,api:3,p:10041,c:10041) queueBuffer: fps=29.84 dur=1005.49 max=97.92 min=12.19
03-13 07:55:08.134 10041 11458 I BufferQueueProducer: [SurfaceTexture-1-10041-7](this:0x82039000,id:7,api:3,p:10041,c:10041) queueBuffer: fps=26.95 dur=1001.80 max=123.07 min=12.26
03-13 07:55:09.144 10041 11458 I BufferQueueProducer: [SurfaceTexture-1-10041-7](this:0x82039000,id:7,api:3,p:10041,c:10041) queueBuffer: fps=30.70 dur=1009.68 max=126.77 min=11.38
03-13 07:55:10.163 10041 11458 I BufferQueueProducer: [SurfaceTexture-1-10041-7](this:0x82039000,id:7,api:3,p:10041,c:10041) queueBuffer: fps=27.47 dur=1019.25 max=126.03 min=11.60
03-13 07:55:11.167 10041 11458 I BufferQueueProducer: [SurfaceTexture-1-10041-7](this:0x82039000,id:7,api:3,p:10041,c:10041) queueBuffer: fps=32.87 dur=1003.83 max=78.24 min=12.09
03-13 07:55:12.188 10041 11458 I BufferQueueProducer: [SurfaceTexture-1-10041-7](this:0x82039000,id:7,api:3,p:10041,c:10041) queueBuffer: fps=30.35 dur=1021.30 max=48.90 min=19.52
03-13 07:55:13.232 10041 11458 I BufferQueueProducer: [SurfaceTexture-1-10041-7](this:0x82039000,id:7,api:3,p:10041,c:10041) queueBuffer: fps=29.71 dur=1043.36 max=58.16 min=12.93
03-13 07:55:14.233 10041 11458 I BufferQueueProducer: [SurfaceTexture-1-10041-7](this:0x82039000,id:7,api:3,p:10041,c:10041) queueBuffer: fps=29.96 dur=1001.49 max=60.15 min=13.07
03-13 07:55:15.260 10041 11458 I BufferQueueProducer: [SurfaceTexture-1-10041-7](this:0x82039000,id:7,api:3,p:10041,c:10041) queueBuffer: fps=30.18 dur=1027.19 max=45.10 min=16.43
03-13 07:55:16.261 10041 11458 I BufferQueueProducer: [SurfaceTexture-1-10041-7](this:0x82039000,id:7,api:3,p:10041,c:10041) queueBuffer: fps=29.99 dur=1000.42 max=58.33 min=20.23
03-13 07:55:17.299 10041 11458 I BufferQueueProducer: [SurfaceTexture-1-10041-7](this:0x82039000,id:7,api:3,p:10041,c:10041) queueBuffer: fps=29.84 dur=1038.75 max=47.41 min=23.31
03-13 07:55:18.328 10041 11458 I BufferQueueProducer: [SurfaceTexture-1-10041-7](this:0x82039000,id:7,api:3,p:10041,c:10041) queueBuffer: fps=30.14 dur=1028.70 max=48.52 min=24.42
03-13 07:55:19.363 10041 11458 I BufferQueueProducer: [SurfaceTexture-1-10041-7](this:0x82039000,id:7,api:3,p:10041,c:10041) queueBuffer: fps=29.96 dur=1034.83 max=47.01 min=12.75
03-13 07:55:20.371 10041 11458 I BufferQueueProducer: [SurfaceTexture-1-10041-7](this:0x82039000,id:7,api:3,p:10041,c:10041) queueBuffer: fps=29.76 dur=1008.22 max=48.24 min=25.36
03-13 07:55:21.386 10041 11458 I BufferQueueProducer: [SurfaceTexture-1-10041-7](this:0x82039000,id:7,api:3,p:10041,c:10041) queueBuffer: fps=30.55 dur=1014.72 max=60.19 min=13.92
03-13 07:55:22.398 10041 11458 I BufferQueueProducer: [SurfaceTexture-1-10041-7](this:0x82039000,id:7,api:3,p:10041,c:10041) queueBuffer: fps=29.63 dur=1012.42 max=69.14 min=15.24
03-13 07:55:23.401 10041 11458 I BufferQueueProducer: [SurfaceTexture-1-10041-7](this:0x82039000,id:7,api:3,p:10041,c:10041) queueBuffer: fps=29.93 dur=1002.47 max=45.99 min=23.52
03-13 07:55:24.428 10041 11458 I BufferQueueProducer: [SurfaceTexture-1-10041-7](this:0x82039000,id:7,api:3,p:10041,c:10041) queueBuffer: fps=30.18 dur=1027.18 max=61.11 min=13.60
03-13 07:55:25.462 10041 11458 I BufferQueueProducer: [SurfaceTexture-1-10041-7](this:0x82039000,id:7,api:3,p:10041,c:10041) queueBuffer: fps=29.97 dur=1034.46 max=45.04 min=24.09
03-13 07:55:26.493 10041 11458 I BufferQueueProducer: [SurfaceTexture-1-10041-7](this:0x82039000,id:7,api:3,p:10041,c:10041) queueBuffer: fps=28.13 dur=1030.94 max=99.95 min=12.91
03-13 07:55:27.499 10041 11458 I BufferQueueProducer: [SurfaceTexture-1-10041-7](this:0x82039000,id:7,api:3,p:10041,c:10041) queueBuffer: fps=30.83 dur=1005.64 max=118.90 min=13.89
03-13 07:55:28.510 10041 11458 I BufferQueueProducer: [SurfaceTexture-1-10041-7](this:0x82039000,id:7,api:3,p:10041,c:10041) queueBuffer: fps=29.66 dur=1011.33 max=101.26 min=13.38
03-13 07:55:29.624 10041 11458 I BufferQueueProducer: [SurfaceTexture-1-10041-7](this:0x82039000,id:7,api:3,p:10041,c:10041) queueBuffer: fps=28.74 dur=1113.26 max=128.44 min=13.07
03-13 07:55:30.626 10041 11458 I BufferQueueProducer: [SurfaceTexture-1-10041-7](this:0x82039000,id:7,api:3,p:10041,c:10041) queueBuffer: fps=32.93 dur=1002.11 max=43.05 min=15.07
03-13 07:55:31.629 10041 11458 I BufferQueueProducer: [SurfaceTexture-1-10041-7](this:0x82039000,id:7,api:3,p:10041,c:10041) queueBuffer: fps=29.90 dur=1003.49 max=46.08 min=20.57
03-13 07:55:32.661 10041 11458 I BufferQueueProducer: [SurfaceTexture-1-10041-7](this:0x82039000,id:7,api:3,p:10041,c:10041) queueBuffer: fps=30.05 dur=1031.61 max=51.94 min=12.48
03-13 07:55:33.663 10041 11458 I BufferQueueProducer: [SurfaceTexture-1-10041-7](this:0x82039000,id:7,api:3,p:10041,c:10041) queueBuffer: fps=29.92 dur=1002.59 max=57.14 min=14.92
03-13 07:55:34.664 10041 11458 I BufferQueueProducer: [SurfaceTexture-1-10041-7](this:0x82039000,id:7,api:3,p:10041,c:10041) queueBuffer: fps=29.99 dur=1000.31 max=51.70 min=14.85
03-13 07:55:35.694 10041 11458 I BufferQueueProducer: [SurfaceTexture-1-10041-7](this:0x82039000,id:7,api:3,p:10041,c:10041) queueBuffer: fps=30.09 dur=1030.38 max=52.45 min=17.06
03-13 07:55:36.711 10041 11458 I BufferQueueProducer: [SurfaceTexture-1-10041-7](this:0x82039000,id:7,api:3,p:10041,c:10041) queueBuffer: fps=30.48 dur=1016.90 max=56.23 min=13.09
03-13 07:55:37.761 10041 11458 I BufferQueueProducer: [SurfaceTexture-1-10041-7](this:0x82039000,id:7,api:3,p:10041,c:10041) queueBuffer: fps=29.52 dur=1050.19 max=56.46 min=14.67
03-13 07:55:38.763 10041 11458 I BufferQueueProducer: [SurfaceTexture-1-10041-7](this:0x82039000,id:7,api:3,p:10041,c:10041) queueBuffer: fps=29.93 dur=1002.36 max=62.49 min=13.38
03-13 07:55:39.773 10041 11458 I BufferQueueProducer: [SurfaceTexture-1-10041-7](this:0x82039000,id:7,api:3,p:10041,c:10041) queueBuffer: fps=29.72 dur=1009.58 max=64.87 min=12.76
03-13 07:55:40.778 10041 11458 I BufferQueueProducer: [SurfaceTexture-1-10041-7](this:0x82039000,id:7,api:3,p:10041,c:10041) queueBuffer: fps=28.84 dur=1005.46 max=81.90 min=13.00
03-13 07:55:41.801 10041 11458 I BufferQueueProducer: [SurfaceTexture-1-10041-7](this:0x82039000,id:7,api:3,p:10041,c:10041) queueBuffer: fps=31.29 dur=1022.61 max=116.14 min=12.12
03-13 07:55:42.842 10041 11458 I BufferQueueProducer: [SurfaceTexture-1-10041-7](this:0x82039000,id:7,api:3,p:10041,c:10041) queueBuffer: fps=28.82 dur=1040.88 max=116.58 min=10.64
03-13 07:55:43.854 10041 11458 I BufferQueueProducer: [SurfaceTexture-1-10041-7](this:0x82039000,id:7,api:3,p:10041,c:10041) queueBuffer: fps=28.64 dur=1012.46 max=116.17 min=13.08
03-13 07:55:44.862 10041 11458 I BufferQueueProducer: [SurfaceTexture-1-10041-7](this:0x82039000,id:7,api:3,p:10041,c:10041) queueBuffer: fps=28.78 dur=1007.52 max=124.74 min=12.79
03-13 07:55:45.871 10041 11458 I BufferQueueProducer: [SurfaceTexture-1-10041-7](this:0x82039000,id:7,api:3,p:10041,c:10041) queueBuffer: fps=29.74 dur=1008.73 max=67.97 min=10.24
03-13 07:55:46.881 10041 11458 I BufferQueueProducer: [SurfaceTexture-1-10041-7](this:0x82039000,id:7,api:3,p:10041,c:10041) queueBuffer: fps=29.70 dur=1009.98 max=74.94 min=12.92
03-13 07:55:47.887 10041 11458 I BufferQueueProducer: [SurfaceTexture-1-10041-7](this:0x82039000,id:7,api:3,p:10041,c:10041) queueBuffer: fps=29.82 dur=1006.01 max=78.29 min=12.03
03-13 07:55:48.900 10041 11458 I BufferQueueProducer: [SurfaceTexture-1-10041-7](this:0x82039000,id:7,api:3,p:10041,c:10041) queueBuffer: fps=30.60 dur=1013.00 max=66.83 min=13.17
03-13 07:55:49.980 10041 11458 I BufferQueueProducer: [SurfaceTexture-1-10041-7](this:0x82039000,id:7,api:3,p:10041,c:10041) queueBuffer: fps=26.85 dur=1080.22 max=129.47 min=13.07
03-13 07:55:51.014 10041 11458 I BufferQueueProducer: [SurfaceTexture-1-10041-7](this:0x82039000,id:7,api:3,p:10041,c:10041) queueBuffer: fps=31.92 dur=1033.97 max=109.64 min=11.75
03-13 07:55:52.051 10041 11458 I BufferQueueProducer: [SurfaceTexture-1-10041-7](this:0x82039000,id:7,api:3,p:10041,c:10041) queueBuffer: fps=29.89 dur=1037.24 max=118.66 min=12.69
03-13 07:55:53.103 10041 11458 I BufferQueueProducer: [SurfaceTexture-1-10041-7](this:0x82039000,id:7,api:3,p:10041,c:10041) queueBuffer: fps=30.43 dur=1051.60 max=102.16 min=14.74
03-13 07:55:54.131 10041 11458 I BufferQueueProducer: [SurfaceTexture-1-10041-7](this:0x82039000,id:7,api:3,p:10041,c:10041) queueBuffer: fps=31.13 dur=1027.99 max=98.66 min=12.92
03-13 07:55:55.149 10041 11458 I BufferQueueProducer: [SurfaceTexture-1-10041-7](this:0x82039000,id:7,api:3,p:10041,c:10041) queueBuffer: fps=30.45 dur=1017.97 max=52.19 min=12.40
03-13 07:55:56.153 10041 11458 I BufferQueueProducer: [SurfaceTexture-1-10041-7](this:0x82039000,id:7,api:3,p:10041,c:10041) queueBuffer: fps=29.88 dur=1004.15 max=55.60 min=15.28
03-13 07:55:56.998 10041 11449 I HUREV   : [19376] AapControlMedia.mediaStartRequest | Media Start Request AUDIO1: session_id: 0
03-13 07:55:56.998 10041 11449 I HUREV   : configuration_index: 0
03-13 07:55:57.001 10041 11449 I HUREV   : [19376] AapAudio.decode | AudioDecoder.start: channel=4, stream=3, gain=1.0, sampleRate=16000, numberOfBits=16, numberOfChannels=1, isAac=false
03-13 07:55:57.004 10041 11449 I HUREV   : [19376] AudioTrackWrapper.createAudioTrack | Audio stream: 3 buffer size: 11040 (min: 1380) sampleRateInHz: 16000 channelCount: 1
03-13 07:55:57.006 10041 11449 D AudioTrack: yellowmouse mIsNavi: 0, mIsVoice: 0, mIsBlink:0
03-13 07:55:57.006 10041 11449 D AudioTrack: yellowmouse createTrack_l mStreamType: -1
03-13 07:55:57.011 10041 11449 D AudioTrack: Client defaulted notificationFrames to 1840 for frameCount 5520
03-13 07:55:57.198 10041 11458 I BufferQueueProducer: [SurfaceTexture-1-10041-7](this:0x82039000,id:7,api:3,p:10041,c:10041) queueBuffer: fps=29.65 dur=1045.44 max=52.11 min=13.25
03-13 07:55:58.218 10041 11458 I BufferQueueProducer: [SurfaceTexture-1-10041-7](this:0x82039000,id:7,api:3,p:10041,c:10041) queueBuffer: fps=30.39 dur=1020.04 max=52.65 min=14.56
03-13 07:55:58.524 10041 11449 I HUREV   : [19376] AapControlMedia.mediaSinkStopRequest | Media Sink Stop Request: AUDIO1
03-13 07:55:58.525 10041 11449 I HUREV   : [19376] AapAudio.stopAudio | Audio Stop: AUDIO1
03-13 07:55:58.527 10041 11837 D AudioTrack: stop() called with 28672 frames delivered
03-13 07:55:59.247 10041 11458 I BufferQueueProducer: [SurfaceTexture-1-10041-7](this:0x82039000,id:7,api:3,p:10041,c:10041) queueBuffer: fps=30.12 dur=1029.06 max=49.93 min=16.60
03-13 07:56:00.296 10041 11458 I BufferQueueProducer: [SurfaceTexture-1-10041-7](this:0x82039000,id:7,api:3,p:10041,c:10041) queueBuffer: fps=29.57 dur=1048.41 max=53.85 min=14.67
03-13 07:56:01.038 10041 11837 I HUREV   : [30331] AudioTrackWrapper.run | AudioTrackWrapper thread finished.
03-13 07:56:01.313 10041 11458 I BufferQueueProducer: [SurfaceTexture-1-10041-7](this:0x82039000,id:7,api:3,p:10041,c:10041) queueBuffer: fps=30.48 dur=1017.06 max=54.19 min=14.75
03-13 07:56:01.760 10041 11449 I HUREV   : [19376] AapControlService.navigationFocusRequest | Navigation Focus Request: NAV_FOCUS_1
03-13 07:56:01.762 10041 11449 I HUREV   : [19376] AapControlService.navigationFocusRequest | CONTROL Navigation Focus Notification type: 14 flags: 11 size: 8 dataOffset: 6
03-13 07:56:02.315 10041 11458 I BufferQueueProducer: [SurfaceTexture-1-10041-7](this:0x82039000,id:7,api:3,p:10041,c:10041) queueBuffer: fps=29.93 dur=1002.30 max=56.61 min=15.42
03-13 07:56:03.326 10041 11458 I BufferQueueProducer: [SurfaceTexture-1-10041-7](this:0x82039000,id:7,api:3,p:10041,c:10041) queueBuffer: fps=22.75 dur=1011.13 max=99.99 min=13.39
03-13 07:56:04.331 10041 11458 I BufferQueueProducer: [SurfaceTexture-1-10041-7](this:0x82039000,id:7,api:3,p:10041,c:10041) queueBuffer: fps=25.88 dur=1004.52 max=111.59 min=13.99
03-13 07:56:05.332 10041 11458 I BufferQueueProducer: [SurfaceTexture-1-10041-7](this:0x82039000,id:7,api:3,p:10041,c:10041) queueBuffer: fps=28.97 dur=1001.10 max=117.18 min=15.35
03-13 07:56:06.333 10041 11458 I BufferQueueProducer: [SurfaceTexture-1-10041-7](this:0x82039000,id:7,api:3,p:10041,c:10041) queueBuffer: fps=29.95 dur=1001.57 max=112.26 min=13.33
03-13 07:56:07.366 10041 11458 I BufferQueueProducer: [SurfaceTexture-1-10041-7](this:0x82039000,id:7,api:3,p:10041,c:10041) queueBuffer: fps=31.95 dur=1032.71 max=112.34 min=14.04
03-13 07:56:08.378 10041 11458 I BufferQueueProducer: [SurfaceTexture-1-10041-7](this:0x82039000,id:7,api:3,p:10041,c:10041) queueBuffer: fps=30.63 dur=1012.07 max=64.00 min=12.16
03-13 07:56:09.380 10041 11458 I BufferQueueProducer: [SurfaceTexture-1-10041-7](this:0x82039000,id:7,api:3,p:10041,c:10041) queueBuffer: fps=29.94 dur=1001.92 max=70.89 min=12.15
03-13 07:56:10.385 10041 11458 I BufferQueueProducer: [SurfaceTexture-1-10041-7](this:0x82039000,id:7,api:3,p:10041,c:10041) queueBuffer: fps=29.85 dur=1005.12 max=65.19 min=12.15
03-13 07:56:11.387 10041 11458 I BufferQueueProducer: [SurfaceTexture-1-10041-7](this:0x82039000,id:7,api:3,p:10041,c:10041) queueBuffer: fps=29.94 dur=1002.00 max=61.19 min=12.78
03-13 07:56:12.389 10041 11458 I BufferQueueProducer: [SurfaceTexture-1-10041-7](this:0x82039000,id:7,api:3,p:10041,c:10041) queueBuffer: fps=29.94 dur=1002.01 max=57.37 min=13.77
03-13 07:56:13.399 10041 11458 I BufferQueueProducer: [SurfaceTexture-1-10041-7](this:0x82039000,id:7,api:3,p:10041,c:10041) queueBuffer: fps=29.73 dur=1009.24 max=75.27 min=20.16
03-13 07:56:14.427 10041 11458 I BufferQueueProducer: [SurfaceTexture-1-10041-7](this:0x82039000,id:7,api:3,p:10041,c:10041) queueBuffer: fps=30.14 dur=1028.41 max=41.64 min=19.92
03-13 07:56:15.430 10041 11458 I BufferQueueProducer: [SurfaceTexture-1-10041-7](this:0x82039000,id:7,api:3,p:10041,c:10041) queueBuffer: fps=29.92 dur=1002.70 max=47.10 min=18.80
03-13 07:56:16.447 10041 11458 I BufferQueueProducer: [SurfaceTexture-1-10041-7](this:0x82039000,id:7,api:3,p:10041,c:10041) queueBuffer: fps=30.46 dur=1017.86 max=49.83 min=18.21
03-13 07:56:17.449 10041 11458 I BufferQueueProducer: [SurfaceTexture-1-10041-7](this:0x82039000,id:7,api:3,p:10041,c:10041) queueBuffer: fps=29.94 dur=1001.87 max=52.38 min=15.00
03-13 07:56:18.459 10041 11458 I BufferQueueProducer: [SurfaceTexture-1-10041-7](this:0x82039000,id:7,api:3,p:10041,c:10041) queueBuffer: fps=29.73 dur=1009.21 max=58.51 min=12.13
03-13 07:56:19.501 10041 11458 I BufferQueueProducer: [SurfaceTexture-1-10041-7](this:0x82039000,id:7,api:3,p:10041,c:10041) queueBuffer: fps=29.75 dur=1042.09 max=85.61 min=12.96
03-13 07:56:20.510 10041 11458 I BufferQueueProducer: [SurfaceTexture-1-10041-7](this:0x82039000,id:7,api:3,p:10041,c:10041) queueBuffer: fps=27.74 dur=1009.40 max=108.93 min=12.82
03-13 07:56:21.531 10041 11458 I BufferQueueProducer: [SurfaceTexture-1-10041-7](this:0x82039000,id:7,api:3,p:10041,c:10041) queueBuffer: fps=29.39 dur=1020.64 max=127.47 min=14.21
03-13 07:56:22.552 10041 11458 I BufferQueueProducer: [SurfaceTexture-1-10041-7](this:0x82039000,id:7,api:3,p:10041,c:10041) queueBuffer: fps=32.32 dur=1021.09 max=107.42 min=12.12
03-13 07:56:23.561 10041 11458 I BufferQueueProducer: [SurfaceTexture-1-10041-7](this:0x82039000,id:7,api:3,p:10041,c:10041) queueBuffer: fps=29.72 dur=1009.56 max=46.62 min=16.18
03-13 07:56:24.600 10041 11458 I BufferQueueProducer: [SurfaceTexture-1-10041-7](this:0x82039000,id:7,api:3,p:10041,c:10041) queueBuffer: fps=29.85 dur=1038.65 max=57.48 min=13.72
03-13 07:56:25.271 10041 10056 I zygote  : Background concurrent copying GC freed 5100(3MB) AllocSpace objects, 172(2MB) LOS objects, 36% free, 10MB/16MB, paused 149us total 455.029ms
03-13 07:56:25.603 10041 10041 I HUREV   : [2] 1.invoke | NightMode update: true
03-13 07:56:25.609 10041 11458 I BufferQueueProducer: [SurfaceTexture-1-10041-7](this:0x82039000,id:7,api:3,p:10041,c:10041) queueBuffer: fps=27.75 dur=1009.07 max=65.38 min=14.89
03-13 07:56:26.656 10041 11458 I BufferQueueProducer: [SurfaceTexture-1-10041-7](this:0x82039000,id:7,api:3,p:10041,c:10041) queueBuffer: fps=30.58 dur=1046.55 max=75.17 min=15.41
03-13 07:56:27.686 10041 11458 I BufferQueueProducer: [SurfaceTexture-1-10041-7](this:0x82039000,id:7,api:3,p:10041,c:10041) queueBuffer: fps=31.06 dur=1030.11 max=80.72 min=16.25
03-13 07:56:28.775 10041 11458 I BufferQueueProducer: [SurfaceTexture-1-10041-7](this:0x82039000,id:7,api:3,p:10041,c:10041) queueBuffer: fps=27.55 dur=1088.88 max=109.75 min=14.76
03-13 07:56:29.824 10041 11458 I BufferQueueProducer: [SurfaceTexture-1-10041-7](this:0x82039000,id:7,api:3,p:10041,c:10041) queueBuffer: fps=30.49 dur=1049.43 max=110.35 min=13.90
03-13 07:56:30.854 10041 11458 I BufferQueueProducer: [SurfaceTexture-1-10041-7](this:0x82039000,id:7,api:3,p:10041,c:10041) queueBuffer: fps=29.14 dur=1029.65 max=117.52 min=15.13
03-13 07:56:31.866 10041 11458 I BufferQueueProducer: [SurfaceTexture-1-10041-7](this:0x82039000,id:7,api:3,p:10041,c:10041) queueBuffer: fps=31.62 dur=1011.98 max=59.10 min=14.81
03-13 07:56:32.159 10041 10056 I zygote  : Background concurrent copying GC freed 4588(3MB) AllocSpace objects, 164(2MB) LOS objects, 38% free, 9MB/15MB, paused 133us total 108.651ms
03-13 07:56:32.885 10041 11458 I BufferQueueProducer: [SurfaceTexture-1-10041-7](this:0x82039000,id:7,api:3,p:10041,c:10041) queueBuffer: fps=30.42 dur=1019.05 max=53.46 min=15.56
03-13 07:56:33.940 10041 11458 I BufferQueueProducer: [SurfaceTexture-1-10041-7](this:0x82039000,id:7,api:3,p:10041,c:10041) queueBuffer: fps=29.37 dur=1055.40 max=58.09 min=12.91
03-13 07:56:34.955 10041 11458 I BufferQueueProducer: [SurfaceTexture-1-10041-7](this:0x82039000,id:7,api:3,p:10041,c:10041) queueBuffer: fps=29.55 dur=1015.37 max=68.22 min=14.78
03-13 07:56:35.968 10041 11458 I BufferQueueProducer: [SurfaceTexture-1-10041-7](this:0x82039000,id:7,api:3,p:10041,c:10041) queueBuffer: fps=30.62 dur=1012.45 max=74.10 min=13.07
03-13 07:56:36.319 10041 10056 I zygote  : Background concurrent copying GC freed 5577(4MB) AllocSpace objects, 104(1940KB) LOS objects, 37% free, 9MB/15MB, paused 2.594ms total 219.522ms
03-13 07:56:36.997 10041 11458 I BufferQueueProducer: [SurfaceTexture-1-10041-7](this:0x82039000,id:7,api:3,p:10041,c:10041) queueBuffer: fps=28.18 dur=1028.95 max=97.85 min=18.73
03-13 07:56:37.999 10041 11458 I BufferQueueProducer: [SurfaceTexture-1-10041-7](this:0x82039000,id:7,api:3,p:10041,c:10041) queueBuffer: fps=29.93 dur=1002.25 max=139.93 min=13.18
03-13 07:56:38.905 10041 11458 I BufferQueueProducer: [SurfaceTexture-1-10041-7](this:0x82039000,id:7,api:3,p:10041,c:10041) queueBuffer: slot 9 is dropped, handle=0x9e64b1c0
03-13 07:56:38.921 10041 11458 I BufferQueueProducer: [SurfaceTexture-1-10041-7](this:0x82039000,id:7,api:3,p:10041,c:10041) queueBuffer: slot 10 is dropped, handle=0x9e64b280
03-13 07:56:38.999 10041 11458 I BufferQueueProducer: [SurfaceTexture-1-10041-7](this:0x82039000,id:7,api:3,p:10041,c:10041) queueBuffer: fps=30.00 dur=1000.02 max=122.30 min=13.89
03-13 07:56:39.870 10041 10041 I HUREV   : [2] AapTransport.send | Unknown: 0
03-13 07:56:39.885 10041 11458 I BufferQueueProducer: [SurfaceTexture-1-10041-7](this:0x82039000,id:7,api:3,p:10041,c:10041) queueBuffer: slot 1 is dropped, handle=0x9e649e40
03-13 07:56:39.897 10041 10041 I HUREV   : [2] AapTransport.send | Unknown: 0
03-13 07:56:40.022 10041 11458 I BufferQueueProducer: [SurfaceTexture-1-10041-7](this:0x82039000,id:7,api:3,p:10041,c:10041) queueBuffer: fps=32.25 dur=1023.28 max=106.03 min=14.13
03-13 07:56:40.126 10041 10056 I zygote  : Background concurrent copying GC freed 6463(4MB) AllocSpace objects, 94(1976KB) LOS objects, 38% free, 9MB/15MB, paused 127us total 101.626ms
03-13 07:56:41.024 10041 11458 I BufferQueueProducer: [SurfaceTexture-1-10041-7](this:0x82039000,id:7,api:3,p:10041,c:10041) queueBuffer: fps=54.93 dur=1001.19 max=48.23 min=8.21
03-13 07:56:42.066 10041 11458 I BufferQueueProducer: [SurfaceTexture-1-10041-7](this:0x82039000,id:7,api:3,p:10041,c:10041) queueBuffer: fps=51.83 dur=1041.93 max=51.36 min=11.22
03-13 07:56:43.077 10041 11458 I BufferQueueProducer: [SurfaceTexture-1-10041-7](this:0x82039000,id:7,api:3,p:10041,c:10041) queueBuffer: fps=30.65 dur=1011.48 max=43.14 min=13.37
03-13 07:56:44.086 10041 11458 I BufferQueueProducer: [SurfaceTexture-1-10041-7](this:0x82039000,id:7,api:3,p:10041,c:10041) queueBuffer: fps=29.74 dur=1008.71 max=39.22 min=27.01
03-13 07:56:45.154 10041 11458 I BufferQueueProducer: [SurfaceTexture-1-10041-7](this:0x82039000,id:7,api:3,p:10041,c:10041) queueBuffer: fps=29.02 dur=1068.41 max=69.42 min=11.80
03-13 07:56:46.158 10041 11458 I BufferQueueProducer: [SurfaceTexture-1-10041-7](this:0x82039000,id:7,api:3,p:10041,c:10041) queueBuffer: fps=30.88 dur=1003.95 max=101.46 min=12.25
03-13 07:56:47.183 10041 11458 I BufferQueueProducer: [SurfaceTexture-1-10041-7](this:0x82039000,id:7,api:3,p:10041,c:10041) queueBuffer: fps=28.30 dur=1024.56 max=111.05 min=12.40
03-13 07:56:48.207 10041 11458 I BufferQueueProducer: [SurfaceTexture-1-10041-7](this:0x82039000,id:7,api:3,p:10041,c:10041) queueBuffer: fps=30.26 dur=1024.35 max=104.55 min=11.60
03-13 07:56:49.025 10041 10041 I HUREV   : [2] UsbReceiver.onReceive | USB Intent: Intent { act=android.hardware.usb.action.USB_DEVICE_DETACHED flg=0x1000010 (has extras) }
03-13 07:56:49.029 10041 10041 I HUREV   : [2] UsbReceiver.onReceive | USB Intent: Intent { act=android.hardware.usb.action.USB_DEVICE_DETACHED flg=0x1000010 (has extras) }
03-13 07:56:49.032 10041 10041 I HUREV   : [2] AapProjectionActivity.hideReconnectingOverlay | Hiding reconnecting overlay — frames resumed
03-13 07:56:49.113 10041 10041 I HUREV   : [2] AapService.scheduleReconnectIfNeeded | AapService: USB disconnect. Scheduling reconnect check in 3000ms...
03-13 07:56:49.116 10041 11464 I HUREV   : [19381] VideoDecoder.outputThreadLoop | Output thread stopped
03-13 07:56:49.118 10041 10041 I HUREV   : [2] AapProjectionActivity.onPause | AapProjectionActivity: onPause
03-13 07:56:49.137 10041 11458 D BufferQueueProducer: [SurfaceTexture-1-10041-7](this:0x82039000,id:7,api:3,p:10041,c:10041) cancelBuffer: slot 0
03-13 07:56:49.139 10041 11458 D BufferQueueProducer: [SurfaceTexture-1-10041-7](this:0x82039000,id:7,api:3,p:10041,c:10041) cancelBuffer: slot 1
03-13 07:56:49.140 10041 11458 D BufferQueueProducer: [SurfaceTexture-1-10041-7](this:0x82039000,id:7,api:3,p:10041,c:10041) cancelBuffer: slot 2
03-13 07:56:49.141 10041 11458 D BufferQueueProducer: [SurfaceTexture-1-10041-7](this:0x82039000,id:7,api:3,p:10041,c:10041) cancelBuffer: slot 3
03-13 07:56:49.142 10041 11458 D BufferQueueProducer: [SurfaceTexture-1-10041-7](this:0x82039000,id:7,api:3,p:10041,c:10041) cancelBuffer: slot 4
03-13 07:56:49.143 10041 11458 D BufferQueueProducer: [SurfaceTexture-1-10041-7](this:0x82039000,id:7,api:3,p:10041,c:10041) cancelBuffer: slot 5
03-13 07:56:49.146 10041 11458 D BufferQueueProducer: [SurfaceTexture-1-10041-7](this:0x82039000,id:7,api:3,p:10041,c:10041) cancelBuffer: slot 8
03-13 07:56:49.147 10041 11458 D BufferQueueProducer: [SurfaceTexture-1-10041-7](this:0x82039000,id:7,api:3,p:10041,c:10041) cancelBuffer: slot 9
03-13 07:56:49.148 10041 11458 D BufferQueueProducer: [SurfaceTexture-1-10041-7](this:0x82039000,id:7,api:3,p:10041,c:10041) cancelBuffer: slot 10
03-13 07:56:49.149 10041 11458 D BufferQueueProducer: [SurfaceTexture-1-10041-7](this:0x82039000,id:7,api:3,p:10041,c:10041) cancelBuffer: slot 11
03-13 07:56:49.153 10041 11457 D SurfaceUtils: disconnecting from surface 0x8bd28008, reason disconnectFromSurface
03-13 07:56:49.153 10041 11457 D Surface : Surface::disconnect(this=0x8bd28000,api=3)
03-13 07:56:49.153 10041 11457 I BufferQueueProducer: [SurfaceTexture-1-10041-7](this:0x82039000,id:7,api:3,p:10041,c:10041) disconnect(P): api 3
03-13 07:56:49.153 10041 11457 I BufferQueueConsumer: [SurfaceTexture-1-10041-7](this:0x82039000,id:7,api:3,p:-1,c:10041) getReleasedBuffers: returning mask 0xffffffffffffffff
03-13 07:56:49.183 10041 10905 I HUREV   : [18835] VideoDecoder.stop | Decoder stopped: AapService::onDisconnect
03-13 07:56:49.190 10041 11456 D AudioTrack: stop() called with 19824640 frames delivered
03-13 07:56:49.196 10041 11456 E HUREV   : [19378] AudioTrackWrapper.cleanup | Error during audio track cleanup
03-13 07:56:49.196 10041 11456 E HUREV   : java.lang.InterruptedException
03-13 07:56:49.196 10041 11456 E HUREV   : 	at java.lang.Thread.sleep(Native Method)
03-13 07:56:49.196 10041 11456 E HUREV   : 	at java.lang.Thread.sleep(Thread.java:373)
03-13 07:56:49.196 10041 11456 E HUREV   : 	at java.lang.Thread.sleep(Thread.java:314)
03-13 07:56:49.196 10041 11456 E HUREV   : 	at com.andrerinas.headunitrevived.decoder.AudioTrackWrapper.cleanup(AudioTrackWrapper.kt:376)
03-13 07:56:49.196 10041 11456 E HUREV   : 	at com.andrerinas.headunitrevived.decoder.AudioTrackWrapper.run(AudioTrackWrapper.kt:182)
03-13 07:56:49.199 10041 11456 I HUREV   : [19378] AudioTrackWrapper.run | AudioTrackWrapper thread finished.
03-13 07:56:50.013 10041 11449 W HUREV   : [19376] UsbAccessoryConnection.recvBlocking | USB read errors (10) for 1s — waiting for recovery...
03-13 07:56:50.553 10041 11450 E [EGL-ERROR]: __egl_platform_cancel_buffers:644: surface->num_buffers(4)
03-13 07:56:50.555 10041 11450 D Surface : Surface::disconnect(this=0x830c4800,api=1)
03-13 07:56:50.555 10041 11450 D GraphicBuffer: unregister, handle(0xa0326c40) (w:720 h:1280 s:720 f:0x2 u:f02)
03-13 07:56:50.556 10041 11450 D GraphicBuffer: unregister, handle(0x82053000) (w:720 h:1280 s:720 f:0x2 u:f02)
03-13 07:56:50.556 10041 11450 D GraphicBuffer: unregister, handle(0xa0325f80) (w:720 h:1280 s:720 f:0x2 u:f02)
03-13 07:56:50.556 10041 11450 D GraphicBuffer: unregister, handle(0xa0326a00) (w:720 h:1280 s:720 f:0x2 u:f02)
03-13 07:56:50.558 10041 10041 D Surface : Surface::disconnect(this=0x830c4800,api=-1)
03-13 07:56:50.561 10041 10166 E [EGL-ERROR]: __egl_platform_cancel_buffers:644: surface->num_buffers(4)
03-13 07:56:50.562 10041 10166 D Surface : Surface::disconnect(this=0x830c2800,api=1)
03-13 07:56:50.562 10041 10166 D GraphicBuffer: unregister, handle(0xa0325680) (w:720 h:1280 s:720 f:0x1 u:f02)
03-13 07:56:50.562 10041 10166 D GraphicBuffer: unregister, handle(0xa03264c0) (w:720 h:1280 s:720 f:0x1 u:f02)
03-13 07:56:50.562 10041 10166 D GraphicBuffer: unregister, handle(0xa0326880) (w:720 h:1280 s:720 f:0x1 u:f02)
03-13 07:56:50.659 10041 10041 I HUREV   : [2] AapProjectionActivity.onDestroy | AapProjectionActivity.onDestroy called. isFinishing=true
03-13 07:56:50.662 10041 10041 I BufferQueueConsumer: [SurfaceTexture-1-10041-7](this:0x82039000,id:7,api:3,p:-1,c:-1) disconnect(C)
03-13 07:56:50.667 10041 10041 D View    : [Warning] assignParent to null: this = DecorView@a5795e[AapProjectionActivity]
03-13 07:56:50.672 10041 10041 D WindowClient: Remove from mViews: DecorView@a5795e[AapProjectionActivity], this = android.view.WindowManagerGlobal@98b5c35
03-13 07:56:50.674 10041 10041 I HUREV   : [2] AapProjectionActivity.onSurfaceDestroyed | SurfaceCallback: onSurfaceDestroyed. Surface: Surface(name=android.graphics.SurfaceTexture@750f60e)/@0xf9b8e6
03-13 07:56:50.675 10041 10041 I HUREV   : [2] VideoDecoder.stop | Decoder stopped: surfaceDestroyed
03-13 07:56:52.018 10041 11449 W HUREV   : [19376] UsbAccessoryConnection.recvBlocking | USB read errors (20) for 3s — waiting for recovery...
03-13 07:57:51.594 12397 12397 I zygote  : Late-enabling -Xcheck:jni
03-13 07:57:51.640 12397 12397 I JDWP    : type=1400 audit(0.0:32305): avc: denied { connectto } for path=006A6477702D636F6E74726F6C scontext=u:r:untrusted_app:s0:c512,c768 tcontext=u:r:su:s0 tclass=unix_stream_socket permissive=1
03-13 07:57:51.764 12397 12397 W ActivityThread: Application com.andrerinas.headunitrevived can be debugged on port 8100...
03-13 07:57:51.840 12397 12397 I MultiDex: VM with version 2.1.0 has multidex support
03-13 07:57:51.840 12397 12397 I MultiDex: Installing application
03-13 07:57:51.840 12397 12397 I MultiDex: VM has multidex support, MultiDex support library is disabled.
03-13 07:57:53.322 12397 12397 I HUREV   : [2] MainActivity.handleIntent | MainActivity received intent: android.intent.action.MAIN, data: null
03-13 07:57:53.492 12397 12397 W HookText: Error parsing /system/etc/info_config.xml
03-13 07:57:53.492 12397 12397 W HookText: java.io.FileNotFoundException: /system/etc/info_config.xml (No such file or directory)
03-13 07:57:53.492 12397 12397 W HookText: 	at java.io.FileInputStream.open0(Native Method)
03-13 07:57:53.492 12397 12397 W HookText: 	at java.io.FileInputStream.open(FileInputStream.java:200)
03-13 07:57:53.492 12397 12397 W HookText: 	at java.io.FileInputStream.<init>(FileInputStream.java:150)
03-13 07:57:53.492 12397 12397 W HookText: 	at java.io.FileInputStream.<init>(FileInputStream.java:103)
03-13 07:57:53.492 12397 12397 W HookText: 	at android.widget.HookText.loadRules(HookText.java:447)
03-13 07:57:53.492 12397 12397 W HookText: 	at android.widget.HookText.init(HookText.java:128)
03-13 07:57:53.492 12397 12397 W HookText: 	at android.widget.HookText.hookSetTextInternal(HookText.java:189)
03-13 07:57:53.492 12397 12397 W HookText: 	at android.widget.HookText.hookSetText(HookText.java:179)
03-13 07:57:53.492 12397 12397 W HookText: 	at android.widget.TextView.setText(TextView.java:5282)
03-13 07:57:53.492 12397 12397 W HookText: 	at android.widget.TextView.setText(TextView.java:5272)
03-13 07:57:53.492 12397 12397 W HookText: 	at android.widget.TextView.<init>(TextView.java:1634)
03-13 07:57:53.492 12397 12397 W HookText: 	at android.widget.TextView.<init>(TextView.java:828)
03-13 07:57:53.492 12397 12397 W HookText: 	at androidx.appcompat.widget.AppCompatTextView.<init>(AppCompatTextView.java:113)
03-13 07:57:53.492 12397 12397 W HookText: 	at com.google.android.material.textview.MaterialTextView.<init>(MaterialTextView.java:92)
03-13 07:57:53.492 12397 12397 W HookText: 	at com.google.android.material.textview.MaterialTextView.<init>(MaterialTextView.java:87)
03-13 07:57:53.492 12397 12397 W HookText: 	at com.google.android.material.theme.MaterialComponentsViewInflater.createTextView(MaterialComponentsViewInflater.java:61)
03-13 07:57:53.492 12397 12397 W HookText: 	at androidx.appcompat.app.AppCompatViewInflater.createView(AppCompatViewInflater.java:148)
03-13 07:57:53.492 12397 12397 W HookText: 	at androidx.appcompat.app.AppCompatDelegateImpl.createView(AppCompatDelegateImpl.java:1678)
03-13 07:57:53.492 12397 12397 W HookText: 	at androidx.appcompat.app.AppCompatDelegateImpl.onCreateView(AppCompatDelegateImpl.java:1729)
03-13 07:57:53.492 12397 12397 W HookText: 	at android.view.LayoutInflater$FactoryMerger.onCreateView(LayoutInflater.java:189)
03-13 07:57:53.492 12397 12397 W HookText: 	at android.view.LayoutInflater.createViewFromTag(LayoutInflater.java:772)
03-13 07:57:53.492 12397 12397 W HookText: 	at android.view.LayoutInflater.createViewFromTag(LayoutInflater.java:730)
03-13 07:57:53.492 12397 12397 W HookText: 	at android.view.LayoutInflater.rInflate(LayoutInflater.java:863)
03-13 07:57:53.492 12397 12397 W HookText: 	at android.view.LayoutInflater.rInflateChildren(LayoutInflater.java:824)
03-13 07:57:53.492 12397 12397 W HookText: 	at android.view.LayoutInflater.rInflate(LayoutInflater.java:866)
03-13 07:57:53.492 12397 12397 W HookText: 	at android.view.LayoutInflater.rInflateChildren(LayoutInflater.java:824)
03-13 07:57:53.492 12397 12397 W HookText: 	at android.view.LayoutInflater.inflate(LayoutInflater.java:515)
03-13 07:57:53.492 12397 12397 W HookText: 	at android.view.LayoutInflater.inflate(LayoutInflater.java:423)
03-13 07:57:53.492 12397 12397 W HookText: 	at com.andrerinas.headunitrevived.main.HomeFragment.onCreateView(HomeFragment.kt:55)
03-13 07:57:53.492 12397 12397 W HookText: 	at androidx.fragment.app.Fragment.performCreateView(Fragment.java:3114)
03-13 07:57:53.492 12397 12397 W HookText: 	at androidx.fragment.app.FragmentStateManager.createView(FragmentStateManager.java:557)
03-13 07:57:53.492 12397 12397 W HookText: 	at androidx.fragment.app.FragmentStateManager.moveToExpectedState(FragmentStateManager.java:272)
03-13 07:57:53.492 12397 12397 W HookText: 	at androidx.fragment.app.FragmentStore.moveToExpectedState(FragmentStore.java:114)
03-13 07:57:53.492 12397 12397 W HookText: 	at androidx.fragment.app.FragmentManager.moveToState(FragmentManager.java:1455)
03-13 07:57:53.492 12397 12397 W HookText: 	at androidx.fragment.app.FragmentManager.dispatchStateChange(FragmentManager.java:3034)
03-13 07:57:53.492 12397 12397 W HookText: 	at androidx.fragment.app.FragmentManager.dispatchViewCreated(FragmentManager.java:2945)
03-13 07:57:53.492 12397 12397 W HookText: 	at androidx.fragment.app.Fragment.performViewCreated(Fragment.java:3148)
03-13 07:57:53.492 12397 12397 W HookText: 	at androidx.fragment.app.FragmentStateManager.createView(FragmentStateManager.java:588)
03-13 07:57:53.492 12397 12397 W HookText: 	at androidx.fragment.app.FragmentStateManager.moveToExpectedState(FragmentStateManager.java:272)
03-13 07:57:53.492 12397 12397 W HookText: 	at androidx.fragment.app.FragmentStore.moveToExpectedState(FragmentStore.java:114)
03-13 07:57:53.492 12397 12397 W HookText: 	at androidx.fragment.app.FragmentManager.moveToState(FragmentManager.java:1455)
03-13 07:57:53.492 12397 12397 W HookText: 	at androidx.fragment.app.FragmentManager.dispatchStateChange(FragmentManager.java:3034)
03-13 07:57:53.492 12397 12397 W HookText: 	at androidx.fragment.app.FragmentManager.dispatchActivityCreated(FragmentManager.java:2952)
03-13 07:57:53.492 12397 12397 W HookText: 	at androidx.fragment.app.FragmentController.dispatchActivityCreated(FragmentController.java:263)
03-13 07:57:53.492 12397 12397 W HookText: 	at androidx.fragment.app.FragmentActivity.onStart(FragmentActivity.java:350)
03-13 07:57:53.492 12397 12397 W HookText: 	at androidx.appcompat.app.AppCompatActivity.onStart(AppCompatActivity.java:251)
03-13 07:57:53.492 12397 12397 W HookText: 	at com.andrerinas.headunitrevived.main.MainActivity.onStart(MainActivity.kt:116)
03-13 07:57:53.492 12397 12397 W HookText: 	at android.app.Instrumentation.callActivityOnStart(Instrumentation.java:1334)
03-13 07:57:53.492 12397 12397 W HookText: 	at android.app.Activity.performStart(Activity.java:7043)
03-13 07:57:53.492 12397 12397 W HookText: 	at android.app.ActivityThread.performLaunchActivity(ActivityThread.java:2782)
03-13 07:57:53.494 12397 12397 W HookText: 	at android.app.ActivityThread.handleLaunchActivity(ActivityThread.java:2897)
03-13 07:57:53.494 12397 12397 W HookText: 	at android.app.ActivityThread.-wrap11(Unknown Source:0)
03-13 07:57:53.494 12397 12397 W HookText: 	at android.app.ActivityThread$H.handleMessage(ActivityThread.java:1623)
03-13 07:57:53.494 12397 12397 W HookText: 	at android.os.Handler.dispatchMessage(Handler.java:106)
03-13 07:57:53.494 12397 12397 W HookText: 	at android.os.Looper.loop(Looper.java:164)
03-13 07:57:53.494 12397 12397 W HookText: 	at android.app.ActivityThread.main(ActivityThread.java:6548)
03-13 07:57:53.494 12397 12397 W HookText: 	at java.lang.reflect.Method.invoke(Native Method)
03-13 07:57:53.494 12397 12397 W HookText: 	at com.android.internal.os.RuntimeInit$MethodAndArgsCaller.run(RuntimeInit.java:438)
03-13 07:57:53.494 12397 12397 W HookText: 	at com.android.internal.os.ZygoteInit.main(ZygoteInit.java:857)
03-13 07:57:53.653 12397 12402 I zygote  : Do partial code cache collection, code=31KB, data=27KB
03-13 07:57:53.654 12397 12402 I zygote  : After code cache collection, code=27KB, data=26KB
03-13 07:57:53.654 12397 12402 I zygote  : Increasing code cache capacity to 128KB
03-13 07:57:53.716 12397 12397 I HUREV   : [2] HomeFragment.attemptSingleUsbAutoConnect | HomeFragment: Requesting single-USB auto-connect via AapService
