03-12 19:22:56.995  3214  4091 E [EGL-ERROR]: __egl_platform_cancel_buffers:644: surface->num_buffers(4)
03-12 19:22:57.058  3214  4091 E [EGL-ERROR]: __egl_platform_cancel_buffers:644: surface->num_buffers(4)
03-12 19:22:57.132  3214  3224 I BufferQueue: [SurfaceTexture-1-3214-3](this:0x85243000,id:3,api:0,p:-1,c:-1) ~BufferQueueCore
03-12 19:22:57.152  3214  3224 I BufferQueue: [SurfaceTexture-1-3214-2](this:0x85a20000,id:2,api:0,p:-1,c:-1) ~BufferQueueCore
03-12 19:22:57.177  3214  3224 I BufferQueue: [SurfaceTexture-1-3214-1](this:0x8525c000,id:1,api:0,p:-1,c:-1) ~BufferQueueCore
03-12 19:22:58.914  3214  4043 W HUREV   : [279] AapTransport.handshake | Handshake: No VERSION_RESPONSE within 2s (attempt 1), ret=-1
03-12 19:22:59.688  3214  3214 W HUREV   : [2] 1.run | Watchdog: No video received. Requesting Keyframe (Unsolicited Focus)...
03-12 19:23:01.114  3214  4043 W HUREV   : [279] AapTransport.handshake | Handshake: No VERSION_RESPONSE within 2s (attempt 2), ret=-1
03-12 19:23:02.692  3214  3214 W HUREV   : [2] 1.run | Watchdog: No video received. Requesting Keyframe (Unsolicited Focus)...
03-12 19:23:03.314  3214  4043 W HUREV   : [279] AapTransport.handshake | Handshake: No VERSION_RESPONSE within 2s (attempt 3), ret=-1
03-12 19:23:03.515  3214  4043 E HUREV   : [279] AapTransport.handshake | Handshake: Version request/response failed after 3 attempt(s). last ret: -1
03-12 19:23:03.517  3214  4043 I HUREV   : [279] AapTransport.quit$com_andrerinas_headunitrevived_2_0_1_debug | AapTransport quitting (clean=false)
03-12 19:23:03.522  3214  4043 E HUREV   : [279] AapTransport.startHandshake$com_andrerinas_headunitrevived_2_0_1_debug | Handshake failed
03-12 19:23:03.525  3214  4043 I HUREV   : [279] AapTransport.quit$com_andrerinas_headunitrevived_2_0_1_debug | AapTransport quitting (clean=false)
03-12 19:23:03.533  3214  4043 I HUREV   : [279] UsbAccessoryConnection.disconnect | Google 18D1:2D00 - UsbDevice[mName=/dev/bus/usb/001/007,mVendorId=6353,mProductId=11520,mClass=0,mSubclass=0,mProtocol=0,mManufacturerName=Android,mProductName=VehiConn_CBE4,mVersion=2.0,mSerialNumber=LY0123456789,mConfigurations=[
03-12 19:23:03.533  3214  4043 I HUREV   : UsbConfiguration[mId=1,mName=accessory,mAttributes=128,mMaxPower=75,mInterfaces=[
03-12 19:23:03.533  3214  4043 I HUREV   : UsbInterface[mId=0,mAlternateSetting=0,mName=Android Accessory Interface,mClass=255,mSubclass=255,mProtocol=0,mEndpoints=[
03-12 19:23:03.533  3214  4043 I HUREV   : UsbEndpoint[mAddress=129,mAttributes=2,mMaxPacketSize=512,mInterval=0]
03-12 19:23:03.533  3214  4043 I HUREV   : UsbEndpoint[mAddress=1,mAttributes=2,mMaxPacketSize=512,mInterval=0]]]]
03-12 19:23:03.533  3214  4043 E UsbDeviceConnectionJNI: device is closed in native_release_interface
03-12 19:23:03.536  3214  4043 E HUREV   : [279] UsbAccessoryConnection.disconnect | Error releaseInterface()
03-12 19:23:03.543  3214  3214 I HUREV   : [2] AapService.scheduleReconnectIfNeeded | AapService: USB disconnect. Scheduling reconnect check in 3000ms...
03-12 19:23:03.543  3214  4043 I HUREV   : [279] VideoDecoder.stop | Decoder stopped: AapService::onDisconnect
03-12 19:23:03.559  3214  3214 I HUREV   : [2] AapProjectionActivity.onPause | AapProjectionActivity: onPause
03-12 19:23:03.945  3214  4390 E [EGL-ERROR]: __egl_platform_cancel_buffers:644: surface->num_buffers(4)
03-12 19:23:03.956  3214  4091 E [EGL-ERROR]: __egl_platform_cancel_buffers:644: surface->num_buffers(4)
03-12 19:23:04.094  3214  3214 I HUREV   : [2] AapProjectionActivity.onDestroy | AapProjectionActivity.onDestroy called. isFinishing=true
03-12 19:23:04.100  3214  3214 I BufferQueueConsumer: [SurfaceTexture-1-3214-4](this:0x86af7000,id:4,api:0,p:-1,c:-1) disconnect(C)
03-12 19:23:04.130  3214  3214 I HUREV   : [2] AapProjectionActivity.onSurfaceDestroyed | SurfaceCallback: onSurfaceDestroyed. Surface: Surface(name=android.graphics.SurfaceTexture@3ac68f9)/@0xbbd3e31
03-12 19:23:04.131  3214  3214 I HUREV   : [2] VideoDecoder.stop | Decoder stopped: surfaceDestroyed
03-12 19:23:05.713  3214  4091 E [EGL-ERROR]: __egl_platform_cancel_buffers:644: surface->num_buffers(4)
03-12 19:23:06.561  3214  3214 I HUREV   : [2] AapService.checkAlreadyConnectedUsb | Found device already in accessory mode: Google 18D1:2D00
03-12 19:23:06.570  3214  4042 I HUREV   : [278] UsbAccessoryConnection.usbOpen | Established connection: android.hardware.usb.UsbDeviceConnection@9696f98
03-12 19:23:06.575  3214  4042 I HUREV   : [278] UsbAccessoryConnection.usbOpen | interfaceCount: 1
03-12 19:23:06.576  3214  4042 I HUREV   : [278] UsbAccessoryConnection.initEndpoint | Check accessory endpoints
03-12 19:23:06.578  3214  4042 I HUREV   : [278] UsbAccessoryConnection.initEndpoint | Connected have EPs
03-12 19:23:06.749  3214  4042 I HUREV   : [278] AapTransport.<init> | Using Java SSL implementation
03-12 19:23:06.752  3214  4042 I HUREV   : [278] AapTransport.startHandshake$com_andrerinas_headunitrevived_2_0_1_debug | Start Aap transport handshake for com.andrerinas.headunitrevived.connection.UsbAccessoryConnection@b6c4bd6
03-12 19:23:07.127  3214  3214 I HUREV   : [2] AapProjectionActivity.onCreate | HeadUnit for Android Auto (tm) - Copyright 2011-2015 Michael A. Reid., since 2025 André Rinas All Rights Reserved...
03-12 19:23:07.129  3214  3214 I HUREV   : [2] AapProjectionActivity.onCreate | Using GlProjectionView
03-12 19:23:07.136  3214  3214 I HUREV   : [2] HeadUnitScreenConfig.recalculate | CarScreen: usable width: 1280 height: 720 (Raw: 1280x720, Insets: L0 T0 R0 B0)
03-12 19:23:07.138  3214  3214 I HUREV   : [2] HeadUnitScreenConfig.recalculate | CarScreen isSmallScreen: true, scaleFactor: 1.0
03-12 19:23:07.140  3214  3214 I HUREV   : [2] HeadUnitScreenConfig.recalculate | CarScreen using: _1280x720, number: 2, scales: scaleX: 1.0, scaleY: 1.0
03-12 19:23:07.181  3214  3214 I HUREV   : [2] AapProjectionActivity.onResume | AapProjectionActivity: onResume
03-12 19:23:07.324  3214  4452 I HUREV   : [1382] VideoRenderer.onSurfaceCreated | GlProjectionView: onSurfaceCreated (GL Context)
03-12 19:23:07.328  3214  4452 I BufferQueue: [unnamed-3214-5](this:0x8390f000,id:5,api:0,p:-1,c:-1) BufferQueue core=(3214:com.andrerinas.headunitrevived)
03-12 19:23:07.331  3214  4452 E DumpTunnel: finding regDump() failed
03-12 19:23:07.331  3214  4452 I BufferQueueConsumer: [unnamed-3214-5](this:0x8390f000,id:5,api:0,p:-1,c:3214) connect(C): consumer=(3214:com.andrerinas.headunitrevived) controlledByApp=true
03-12 19:23:07.332  3214  4452 I BufferQueueConsumer: [unnamed-3214-5](this:0x8390f000,id:5,api:0,p:-1,c:3214) setConsumerName: unnamed-3214-5
03-12 19:23:07.332  3214  4452 I BufferQueueConsumer: [SurfaceTexture-1-3214-5](this:0x8390f000,id:5,api:0,p:-1,c:3214) setConsumerName: SurfaceTexture-1-3214-5
03-12 19:23:07.335  3214  4452 I HUREV   : [1382] VideoRenderer.onSurfaceChanged | GlProjectionView: onSurfaceChanged: 1280x720
03-12 19:23:07.406  3214  4091 E [EGL-ERROR]: __egl_platform_cancel_buffers:644: surface->num_buffers(4)
03-12 19:23:07.450  3214  3214 I HUREV   : [2] VideoRenderer.onSurfaceCreated$lambda$4 | GlProjectionView: Reporting Surface Created
03-12 19:23:07.451  3214  3214 I HUREV   : [2] AapProjectionActivity.onSurfaceCreated | [AapProjectionActivity] onSurfaceCreated
03-12 19:23:07.454  3214  3214 I HUREV   : [2] AapProjectionActivity.onSurfaceChanged | [AapProjectionActivity] onSurfaceChanged. Actual surface dimensions: width=1280, height=720
03-12 19:23:07.456  3214  3214 I HUREV   : [2] VideoDecoder.setSurface | New surface set: Surface(name=android.graphics.SurfaceTexture@f0f5ff7)/@0x6f592a6
03-12 19:23:07.457  3214  3214 I HUREV   : [2] AapProjectionActivity.onSurfaceChanged | [AapProjectionActivity] Decoder already has dimensions: 1280x720. Applying to view.
03-12 19:23:07.458  3214  3214 I HUREV   : [2] GlProjectionView.setVideoSize | GlProjectionView setVideoSize: 1280x720
03-12 19:23:07.459  3214  3214 I BufferQueueConsumer: [SurfaceTexture-1-3214-5](this:0x8390f000,id:5,api:0,p:-1,c:3214) setDefaultBufferSize: width=1280 height=720
03-12 19:23:09.306  3214  4042 W HUREV   : [278] AapTransport.handshake | Handshake: No VERSION_RESPONSE within 2s (attempt 1), ret=-1
03-12 19:23:10.187  3214  3214 W HUREV   : [2] 1.run | Watchdog: No video received. Requesting Keyframe (Unsolicited Focus)...
03-12 19:23:11.504  3214  4042 W HUREV   : [278] AapTransport.handshake | Handshake: No VERSION_RESPONSE within 2s (attempt 2), ret=-1
03-12 19:23:13.190  3214  3214 W HUREV   : [2] 1.run | Watchdog: No video received. Requesting Keyframe (Unsolicited Focus)...
03-12 19:23:13.704  3214  4042 W HUREV   : [278] AapTransport.handshake | Handshake: No VERSION_RESPONSE within 2s (attempt 3), ret=-1
03-12 19:23:13.906  3214  4042 E HUREV   : [278] AapTransport.handshake | Handshake: Version request/response failed after 3 attempt(s). last ret: -1
03-12 19:23:13.907  3214  4042 I HUREV   : [278] AapTransport.quit$com_andrerinas_headunitrevived_2_0_1_debug | AapTransport quitting (clean=false)
03-12 19:23:13.913  3214  4042 E HUREV   : [278] AapTransport.startHandshake$com_andrerinas_headunitrevived_2_0_1_debug | Handshake failed
03-12 19:23:13.914  3214  4043 I HUREV   : [279] AapTransport.quit$com_andrerinas_headunitrevived_2_0_1_debug | AapTransport quitting (clean=false)
03-12 19:23:13.916  3214  4043 I HUREV   : [279] UsbAccessoryConnection.disconnect | Google 18D1:2D00 - UsbDevice[mName=/dev/bus/usb/001/007,mVendorId=6353,mProductId=11520,mClass=0,mSubclass=0,mProtocol=0,mManufacturerName=Android,mProductName=VehiConn_CBE4,mVersion=2.0,mSerialNumber=LY0123456789,mConfigurations=[
03-12 19:23:13.916  3214  4043 I HUREV   : UsbConfiguration[mId=1,mName=accessory,mAttributes=128,mMaxPower=75,mInterfaces=[
03-12 19:23:13.916  3214  4043 I HUREV   : UsbInterface[mId=0,mAlternateSetting=0,mName=Android Accessory Interface,mClass=255,mSubclass=255,mProtocol=0,mEndpoints=[
03-12 19:23:13.916  3214  4043 I HUREV   : UsbEndpoint[mAddress=129,mAttributes=2,mMaxPacketSize=512,mInterval=0]
03-12 19:23:13.916  3214  4043 I HUREV   : UsbEndpoint[mAddress=1,mAttributes=2,mMaxPacketSize=512,mInterval=0]]]]
03-12 19:23:13.916  3214  4043 E UsbDeviceConnectionJNI: device is closed in native_release_interface
03-12 19:23:13.917  3214  4043 E HUREV   : [279] UsbAccessoryConnection.disconnect | Error releaseInterface()
03-12 19:23:13.932  3214  3214 I HUREV   : [2] AapService.scheduleReconnectIfNeeded | AapService: USB disconnect. Scheduling reconnect check in 3000ms...
03-12 19:23:13.932  3214  4043 I HUREV   : [279] VideoDecoder.stop | Decoder stopped: AapService::onDisconnect
03-12 19:23:13.950  3214  3214 I HUREV   : [2] AapProjectionActivity.onPause | AapProjectionActivity: onPause
03-12 19:23:14.228  3214  4452 E [EGL-ERROR]: __egl_platform_cancel_buffers:644: surface->num_buffers(4)
03-12 19:23:14.235  3214  4091 E [EGL-ERROR]: __egl_platform_cancel_buffers:644: surface->num_buffers(4)
03-12 19:23:14.339  3214  3214 I HUREV   : [2] AapProjectionActivity.onDestroy | AapProjectionActivity.onDestroy called. isFinishing=true
03-12 19:23:14.342  3214  3214 I BufferQueueConsumer: [SurfaceTexture-1-3214-5](this:0x8390f000,id:5,api:0,p:-1,c:-1) disconnect(C)
03-12 19:23:14.356  3214  3214 I HUREV   : [2] AapProjectionActivity.onSurfaceDestroyed | SurfaceCallback: onSurfaceDestroyed. Surface: Surface(name=android.graphics.SurfaceTexture@f0f5ff7)/@0x6f592a6
03-12 19:23:14.357  3214  3214 I HUREV   : [2] VideoDecoder.stop | Decoder stopped: surfaceDestroyed
03-12 19:23:16.950  3214  3214 I HUREV   : [2] AapService.checkAlreadyConnectedUsb | Found device already in accessory mode: Google 18D1:2D00
03-12 19:23:16.958  3214  4043 I HUREV   : [279] UsbAccessoryConnection.usbOpen | Established connection: android.hardware.usb.UsbDeviceConnection@44ffba9
03-12 19:23:16.959  3214  4043 I HUREV   : [279] UsbAccessoryConnection.usbOpen | interfaceCount: 1
03-12 19:23:16.959  3214  4043 I HUREV   : [279] UsbAccessoryConnection.initEndpoint | Check accessory endpoints
03-12 19:23:16.960  3214  4043 I HUREV   : [279] UsbAccessoryConnection.initEndpoint | Connected have EPs
03-12 19:23:17.007  3214  4043 I HUREV   : [279] AapTransport.<init> | Using Java SSL implementation
03-12 19:23:17.010  3214  4043 I HUREV   : [279] AapTransport.startHandshake$com_andrerinas_headunitrevived_2_0_1_debug | Start Aap transport handshake for com.andrerinas.headunitrevived.connection.UsbAccessoryConnection@183a965
03-12 19:23:17.202  3214  3214 I HUREV   : [2] AapProjectionActivity.onCreate | HeadUnit for Android Auto (tm) - Copyright 2011-2015 Michael A. Reid., since 2025 André Rinas All Rights Reserved...
03-12 19:23:17.203  3214  3214 I HUREV   : [2] AapProjectionActivity.onCreate | Using GlProjectionView
03-12 19:23:17.208  3214  3214 I HUREV   : [2] HeadUnitScreenConfig.recalculate | CarScreen: usable width: 1280 height: 720 (Raw: 1280x720, Insets: L0 T0 R0 B0)
03-12 19:23:17.209  3214  3214 I HUREV   : [2] HeadUnitScreenConfig.recalculate | CarScreen isSmallScreen: true, scaleFactor: 1.0
03-12 19:23:17.212  3214  3214 I HUREV   : [2] HeadUnitScreenConfig.recalculate | CarScreen using: _1280x720, number: 2, scales: scaleX: 1.0, scaleY: 1.0
03-12 19:23:17.236  3214  3214 I HUREV   : [2] AapProjectionActivity.onResume | AapProjectionActivity: onResume
03-12 19:23:17.334  3214  4483 I HUREV   : [1386] VideoRenderer.onSurfaceCreated | GlProjectionView: onSurfaceCreated (GL Context)
03-12 19:23:17.338  3214  4483 I BufferQueue: [unnamed-3214-6](this:0x9b355000,id:6,api:0,p:-1,c:-1) BufferQueue core=(3214:com.andrerinas.headunitrevived)
03-12 19:23:17.338  3214  4483 E DumpTunnel: finding regDump() failed
03-12 19:23:17.339  3214  4483 I BufferQueueConsumer: [unnamed-3214-6](this:0x9b355000,id:6,api:0,p:-1,c:3214) connect(C): consumer=(3214:com.andrerinas.headunitrevived) controlledByApp=true
03-12 19:23:17.339  3214  4483 I BufferQueueConsumer: [unnamed-3214-6](this:0x9b355000,id:6,api:0,p:-1,c:3214) setConsumerName: unnamed-3214-6
03-12 19:23:17.339  3214  4483 I BufferQueueConsumer: [SurfaceTexture-1-3214-6](this:0x9b355000,id:6,api:0,p:-1,c:3214) setConsumerName: SurfaceTexture-1-3214-6
03-12 19:23:17.341  3214  4483 I HUREV   : [1386] VideoRenderer.onSurfaceChanged | GlProjectionView: onSurfaceChanged: 1280x720
03-12 19:23:17.377  3214  3214 I HUREV   : [2] VideoRenderer.onSurfaceCreated$lambda$4 | GlProjectionView: Reporting Surface Created
03-12 19:23:17.379  3214  3214 I HUREV   : [2] AapProjectionActivity.onSurfaceCreated | [AapProjectionActivity] onSurfaceCreated
03-12 19:23:17.380  3214  3214 I HUREV   : [2] AapProjectionActivity.onSurfaceChanged | [AapProjectionActivity] onSurfaceChanged. Actual surface dimensions: width=1280, height=720
03-12 19:23:17.381  3214  3214 I HUREV   : [2] VideoDecoder.setSurface | New surface set: Surface(name=android.graphics.SurfaceTexture@9e84c9b)/@0x599b413
03-12 19:23:17.382  3214  3214 I HUREV   : [2] AapProjectionActivity.onSurfaceChanged | [AapProjectionActivity] Decoder already has dimensions: 1280x720. Applying to view.
03-12 19:23:17.384  3214  3214 I HUREV   : [2] GlProjectionView.setVideoSize | GlProjectionView setVideoSize: 1280x720
03-12 19:23:17.384  3214  3214 I BufferQueueConsumer: [SurfaceTexture-1-3214-6](this:0x9b355000,id:6,api:0,p:-1,c:3214) setDefaultBufferSize: width=1280 height=720
03-12 19:23:17.430  3214  4091 E [EGL-ERROR]: __egl_platform_cancel_buffers:644: surface->num_buffers(4)
03-12 19:23:19.514  3214  4043 W HUREV   : [279] AapTransport.handshake | Handshake: No VERSION_RESPONSE within 2s (attempt 1), ret=-1
03-12 19:23:20.238  3214  3214 W HUREV   : [2] 1.run | Watchdog: No video received. Requesting Keyframe (Unsolicited Focus)...
03-12 19:23:21.714  3214  4043 W HUREV   : [279] AapTransport.handshake | Handshake: No VERSION_RESPONSE within 2s (attempt 2), ret=-1
03-12 19:23:23.241  3214  3214 W HUREV   : [2] 1.run | Watchdog: No video received. Requesting Keyframe (Unsolicited Focus)...
03-12 19:23:23.816  3214  4091 E [EGL-ERROR]: __egl_platform_cancel_buffers:644: surface->num_buffers(4)
03-12 19:23:23.925  3214  4043 W HUREV   : [279] AapTransport.handshake | Handshake: No VERSION_RESPONSE within 2s (attempt 3), ret=-1
03-12 19:23:24.127  3214  4043 E HUREV   : [279] AapTransport.handshake | Handshake: Version request/response failed after 3 attempt(s). last ret: -1
03-12 19:23:24.128  3214  4043 I HUREV   : [279] AapTransport.quit$com_andrerinas_headunitrevived_2_0_1_debug | AapTransport quitting (clean=false)
03-12 19:23:24.133  3214  4355 I HUREV   : [1365] AapTransport.quit$com_andrerinas_headunitrevived_2_0_1_debug | AapTransport quitting (clean=false)
03-12 19:23:24.135  3214  4043 E HUREV   : [279] AapTransport.startHandshake$com_andrerinas_headunitrevived_2_0_1_debug | Handshake failed
03-12 19:23:24.135  3214  4355 I HUREV   : [1365] UsbAccessoryConnection.disconnect | Google 18D1:2D00 - UsbDevice[mName=/dev/bus/usb/001/007,mVendorId=6353,mProductId=11520,mClass=0,mSubclass=0,mProtocol=0,mManufacturerName=Android,mProductName=VehiConn_CBE4,mVersion=2.0,mSerialNumber=LY0123456789,mConfigurations=[
03-12 19:23:24.135  3214  4355 I HUREV   : UsbConfiguration[mId=1,mName=accessory,mAttributes=128,mMaxPower=75,mInterfaces=[
03-12 19:23:24.135  3214  4355 I HUREV   : UsbInterface[mId=0,mAlternateSetting=0,mName=Android Accessory Interface,mClass=255,mSubclass=255,mProtocol=0,mEndpoints=[
03-12 19:23:24.135  3214  4355 I HUREV   : UsbEndpoint[mAddress=129,mAttributes=2,mMaxPacketSize=512,mInterval=0]
03-12 19:23:24.135  3214  4355 I HUREV   : UsbEndpoint[mAddress=1,mAttributes=2,mMaxPacketSize=512,mInterval=0]]]]
03-12 19:23:24.135  3214  4355 E UsbDeviceConnectionJNI: device is closed in native_release_interface
03-12 19:23:24.138  3214  4355 E HUREV   : [1365] UsbAccessoryConnection.disconnect | Error releaseInterface()
03-12 19:23:24.149  3214  3214 I HUREV   : [2] AapService.scheduleReconnectIfNeeded | AapService: USB disconnect. Scheduling reconnect check in 3000ms...
03-12 19:23:24.149  3214  4355 I HUREV   : [1365] VideoDecoder.stop | Decoder stopped: AapService::onDisconnect
03-12 19:23:24.165  3214  3214 I HUREV   : [2] AapProjectionActivity.onPause | AapProjectionActivity: onPause
03-12 19:23:24.358  3214  3214 W ViewRootImpl[SettingsActivity]: Dropping event due to no window focus: KeyEvent { action=ACTION_DOWN, keyCode=KEYCODE_BACK, scanCode=0, metaState=0, flags=0x8, repeatCount=0, eventTime=226416, downTime=226416, deviceId=-1, source=0x101 }
03-12 19:23:24.418  3214  4483 E [EGL-ERROR]: __egl_platform_cancel_buffers:644: surface->num_buffers(4)
03-12 19:23:24.434  3214  4091 E [EGL-ERROR]: __egl_platform_cancel_buffers:644: surface->num_buffers(4)
03-12 19:23:24.534  3214  3214 I HUREV   : [2] AapProjectionActivity.onDestroy | AapProjectionActivity.onDestroy called. isFinishing=true
03-12 19:23:24.536  3214  3214 I BufferQueueConsumer: [SurfaceTexture-1-3214-6](this:0x9b355000,id:6,api:0,p:-1,c:-1) disconnect(C)
03-12 19:23:24.549  3214  3214 I HUREV   : [2] AapProjectionActivity.onSurfaceDestroyed | SurfaceCallback: onSurfaceDestroyed. Surface: Surface(name=android.graphics.SurfaceTexture@9e84c9b)/@0x599b413
03-12 19:23:24.550  3214  3214 I HUREV   : [2] VideoDecoder.stop | Decoder stopped: surfaceDestroyed
03-12 19:23:25.523  3214  3214 I HUREV   : [2] HomeFragment.onResume | HomeFragment: onResume. isConnected=false
03-12 19:23:25.692  3214  4091 E [EGL-ERROR]: __egl_platform_cancel_buffers:644: surface->num_buffers(4)
03-12 19:23:27.167  3214  3214 I HUREV   : [2] AapService.checkAlreadyConnectedUsb | Found device already in accessory mode: Google 18D1:2D00
03-12 19:23:27.174  3214  4355 I HUREV   : [1365] UsbAccessoryConnection.usbOpen | Established connection: android.hardware.usb.UsbDeviceConnection@a959821
03-12 19:23:27.175  3214  4355 I HUREV   : [1365] UsbAccessoryConnection.usbOpen | interfaceCount: 1
03-12 19:23:27.176  3214  4355 I HUREV   : [1365] UsbAccessoryConnection.initEndpoint | Check accessory endpoints
03-12 19:23:27.176  3214  4355 I HUREV   : [1365] UsbAccessoryConnection.initEndpoint | Connected have EPs
03-12 19:23:27.227  3214  4355 I HUREV   : [1365] AapTransport.<init> | Using Java SSL implementation
03-12 19:23:27.230  3214  4355 I HUREV   : [1365] AapTransport.startHandshake$com_andrerinas_headunitrevived_2_0_1_debug | Start Aap transport handshake for com.andrerinas.headunitrevived.connection.UsbAccessoryConnection@d682a59
03-12 19:23:27.410  3214  3214 I HUREV   : [2] AapProjectionActivity.onCreate | HeadUnit for Android Auto (tm) - Copyright 2011-2015 Michael A. Reid., since 2025 André Rinas All Rights Reserved...
03-12 19:23:27.412  3214  3214 I HUREV   : [2] AapProjectionActivity.onCreate | Using GlProjectionView
03-12 19:23:27.416  3214  3214 I HUREV   : [2] HeadUnitScreenConfig.recalculate | CarScreen: usable width: 1280 height: 720 (Raw: 1280x720, Insets: L0 T0 R0 B0)
03-12 19:23:27.417  3214  3214 I HUREV   : [2] HeadUnitScreenConfig.recalculate | CarScreen isSmallScreen: true, scaleFactor: 1.0
03-12 19:23:27.419  3214  3214 I HUREV   : [2] HeadUnitScreenConfig.recalculate | CarScreen using: _1280x720, number: 2, scales: scaleX: 1.0, scaleY: 1.0
03-12 19:23:27.444  3214  3214 I HUREV   : [2] AapProjectionActivity.onResume | AapProjectionActivity: onResume
03-12 19:23:27.551  3214  4509 I HUREV   : [1390] VideoRenderer.onSurfaceCreated | GlProjectionView: onSurfaceCreated (GL Context)
03-12 19:23:27.553  3214  4509 I BufferQueue: [unnamed-3214-7](this:0x83918000,id:7,api:0,p:-1,c:-1) BufferQueue core=(3214:com.andrerinas.headunitrevived)
03-12 19:23:27.554  3214  4509 E DumpTunnel: finding regDump() failed
03-12 19:23:27.554  3214  4509 I BufferQueueConsumer: [unnamed-3214-7](this:0x83918000,id:7,api:0,p:-1,c:3214) connect(C): consumer=(3214:com.andrerinas.headunitrevived) controlledByApp=true
03-12 19:23:27.554  3214  4509 I BufferQueueConsumer: [unnamed-3214-7](this:0x83918000,id:7,api:0,p:-1,c:3214) setConsumerName: unnamed-3214-7
03-12 19:23:27.554  3214  4509 I BufferQueueConsumer: [SurfaceTexture-1-3214-7](this:0x83918000,id:7,api:0,p:-1,c:3214) setConsumerName: SurfaceTexture-1-3214-7
03-12 19:23:27.556  3214  4509 I HUREV   : [1390] VideoRenderer.onSurfaceChanged | GlProjectionView: onSurfaceChanged: 1280x720
03-12 19:23:27.584  3214  3214 I HUREV   : [2] VideoRenderer.onSurfaceCreated$lambda$4 | GlProjectionView: Reporting Surface Created
03-12 19:23:27.585  3214  3214 I HUREV   : [2] AapProjectionActivity.onSurfaceCreated | [AapProjectionActivity] onSurfaceCreated
03-12 19:23:27.586  3214  3214 I HUREV   : [2] AapProjectionActivity.onSurfaceChanged | [AapProjectionActivity] onSurfaceChanged. Actual surface dimensions: width=1280, height=720
03-12 19:23:27.588  3214  3214 I HUREV   : [2] VideoDecoder.setSurface | New surface set: Surface(name=android.graphics.SurfaceTexture@9e75b53)/@0x24e1cb
03-12 19:23:27.590  3214  3214 I HUREV   : [2] AapProjectionActivity.onSurfaceChanged | [AapProjectionActivity] Decoder already has dimensions: 1280x720. Applying to view.
03-12 19:23:27.591  3214  3214 I HUREV   : [2] GlProjectionView.setVideoSize | GlProjectionView setVideoSize: 1280x720
03-12 19:23:27.591  3214  3214 I BufferQueueConsumer: [SurfaceTexture-1-3214-7](this:0x83918000,id:7,api:0,p:-1,c:3214) setDefaultBufferSize: width=1280 height=720
03-12 19:23:27.628  3214  4091 E [EGL-ERROR]: __egl_platform_cancel_buffers:644: surface->num_buffers(4)
03-12 19:23:29.734  3214  4355 W HUREV   : [1365] AapTransport.handshake | Handshake: No VERSION_RESPONSE within 2s (attempt 1), ret=-1
03-12 19:23:30.448  3214  3214 W HUREV   : [2] 1.run | Watchdog: No video received. Requesting Keyframe (Unsolicited Focus)...
03-12 19:23:31.934  3214  4355 W HUREV   : [1365] AapTransport.handshake | Handshake: No VERSION_RESPONSE within 2s (attempt 2), ret=-1
03-12 19:23:33.452  3214  3214 W HUREV   : [2] 1.run | Watchdog: No video received. Requesting Keyframe (Unsolicited Focus)...
03-12 19:23:34.134  3214  4355 W HUREV   : [1365] AapTransport.handshake | Handshake: No VERSION_RESPONSE within 2s (attempt 3), ret=-1
03-12 19:23:34.335  3214  4355 E HUREV   : [1365] AapTransport.handshake | Handshake: Version request/response failed after 3 attempt(s). last ret: -1
03-12 19:23:34.336  3214  4355 I HUREV   : [1365] AapTransport.quit$com_andrerinas_headunitrevived_2_0_1_debug | AapTransport quitting (clean=false)
03-12 19:23:34.343  3214  4042 I HUREV   : [278] AapTransport.quit$com_andrerinas_headunitrevived_2_0_1_debug | AapTransport quitting (clean=false)
03-12 19:23:34.345  3214  4355 E HUREV   : [1365] AapTransport.startHandshake$com_andrerinas_headunitrevived_2_0_1_debug | Handshake failed
03-12 19:23:34.346  3214  4042 I HUREV   : [278] UsbAccessoryConnection.disconnect | Google 18D1:2D00 - UsbDevice[mName=/dev/bus/usb/001/007,mVendorId=6353,mProductId=11520,mClass=0,mSubclass=0,mProtocol=0,mManufacturerName=Android,mProductName=VehiConn_CBE4,mVersion=2.0,mSerialNumber=LY0123456789,mConfigurations=[
03-12 19:23:34.346  3214  4042 I HUREV   : UsbConfiguration[mId=1,mName=accessory,mAttributes=128,mMaxPower=75,mInterfaces=[
03-12 19:23:34.346  3214  4042 I HUREV   : UsbInterface[mId=0,mAlternateSetting=0,mName=Android Accessory Interface,mClass=255,mSubclass=255,mProtocol=0,mEndpoints=[
03-12 19:23:34.346  3214  4042 I HUREV   : UsbEndpoint[mAddress=129,mAttributes=2,mMaxPacketSize=512,mInterval=0]
03-12 19:23:34.346  3214  4042 I HUREV   : UsbEndpoint[mAddress=1,mAttributes=2,mMaxPacketSize=512,mInterval=0]]]]
03-12 19:23:34.346  3214  4042 E UsbDeviceConnectionJNI: device is closed in native_release_interface
03-12 19:23:34.347  3214  4042 E HUREV   : [278] UsbAccessoryConnection.disconnect | Error releaseInterface()
03-12 19:23:34.364  3214  3214 I HUREV   : [2] AapService.scheduleReconnectIfNeeded | AapService: USB disconnect. Scheduling reconnect check in 3000ms...
03-12 19:23:34.365  3214  4043 I HUREV   : [279] VideoDecoder.stop | Decoder stopped: AapService::onDisconnect
03-12 19:23:34.380  3214  3214 I HUREV   : [2] AapProjectionActivity.onPause | AapProjectionActivity: onPause
03-12 19:23:34.444  3214  3214 I HUREV   : [2] HomeFragment.onResume | HomeFragment: onResume. isConnected=false
03-12 19:23:34.512  3214  3226 I zygote  : Background concurrent copying GC freed 53735(2MB) AllocSpace objects, 10(3MB) LOS objects, 46% free, 6MB/12MB, paused 175us total 166.328ms
03-12 19:23:34.635  3214  4509 E [EGL-ERROR]: __egl_platform_cancel_buffers:644: surface->num_buffers(4)
03-12 19:23:34.647  3214  4091 E [EGL-ERROR]: __egl_platform_cancel_buffers:644: surface->num_buffers(4)
03-12 19:23:34.686  3214  3224 I BufferQueue: [SurfaceTexture-1-3214-4](this:0x86af7000,id:4,api:0,p:-1,c:-1) ~BufferQueueCore
03-12 19:23:34.698  3214  3224 I BufferQueue: [SurfaceTexture-1-3214-5](this:0x8390f000,id:5,api:0,p:-1,c:-1) ~BufferQueueCore
03-12 19:23:34.733  3214  3214 I HUREV   : [2] AapProjectionActivity.onDestroy | AapProjectionActivity.onDestroy called. isFinishing=true
03-12 19:23:34.734  3214  3214 I BufferQueueConsumer: [SurfaceTexture-1-3214-7](this:0x83918000,id:7,api:0,p:-1,c:-1) disconnect(C)
03-12 19:23:34.749  3214  3214 I HUREV   : [2] AapProjectionActivity.onSurfaceDestroyed | SurfaceCallback: onSurfaceDestroyed. Surface: Surface(name=android.graphics.SurfaceTexture@9e75b53)/@0x24e1cb
03-12 19:23:34.752  3214  3214 I HUREV   : [2] VideoDecoder.stop | Decoder stopped: surfaceDestroyed
03-12 19:23:37.383  3214  3214 I HUREV   : [2] AapService.checkAlreadyConnectedUsb | Found device already in accessory mode: Google 18D1:2D00
03-12 19:23:37.391  3214  4043 I HUREV   : [279] UsbAccessoryConnection.usbOpen | Established connection: android.hardware.usb.UsbDeviceConnection@a8bf8dd
03-12 19:23:37.392  3214  4043 I HUREV   : [279] UsbAccessoryConnection.usbOpen | interfaceCount: 1
03-12 19:23:37.393  3214  4043 I HUREV   : [279] UsbAccessoryConnection.initEndpoint | Check accessory endpoints
03-12 19:23:37.394  3214  4043 I HUREV   : [279] UsbAccessoryConnection.initEndpoint | Connected have EPs
03-12 19:23:37.442  3214  4043 I HUREV   : [279] AapTransport.<init> | Using Java SSL implementation
03-12 19:23:37.446  3214  4043 I HUREV   : [279] AapTransport.startHandshake$com_andrerinas_headunitrevived_2_0_1_debug | Start Aap transport handshake for com.andrerinas.headunitrevived.connection.UsbAccessoryConnection@64fcb9b
03-12 19:23:37.646  3214  3214 I HUREV   : [2] AapProjectionActivity.onCreate | HeadUnit for Android Auto (tm) - Copyright 2011-2015 Michael A. Reid., since 2025 André Rinas All Rights Reserved...
03-12 19:23:37.647  3214  3214 I HUREV   : [2] AapProjectionActivity.onCreate | Using GlProjectionView
03-12 19:23:37.652  3214  3214 I HUREV   : [2] HeadUnitScreenConfig.recalculate | CarScreen: usable width: 1280 height: 720 (Raw: 1280x720, Insets: L0 T0 R0 B0)
03-12 19:23:37.653  3214  3214 I HUREV   : [2] HeadUnitScreenConfig.recalculate | CarScreen isSmallScreen: true, scaleFactor: 1.0
03-12 19:23:37.655  3214  3214 I HUREV   : [2] HeadUnitScreenConfig.recalculate | CarScreen using: _1280x720, number: 2, scales: scaleX: 1.0, scaleY: 1.0
03-12 19:23:37.679  3214  3214 I HUREV   : [2] AapProjectionActivity.onResume | AapProjectionActivity: onResume
03-12 19:23:37.769  3214  4518 I HUREV   : [1394] VideoRenderer.onSurfaceCreated | GlProjectionView: onSurfaceCreated (GL Context)
03-12 19:23:37.772  3214  4518 I BufferQueue: [unnamed-3214-8](this:0x8523b000,id:8,api:0,p:-1,c:-1) BufferQueue core=(3214:com.andrerinas.headunitrevived)
03-12 19:23:37.772  3214  4518 E DumpTunnel: finding regDump() failed
03-12 19:23:37.772  3214  4518 I BufferQueueConsumer: [unnamed-3214-8](this:0x8523b000,id:8,api:0,p:-1,c:3214) connect(C): consumer=(3214:com.andrerinas.headunitrevived) controlledByApp=true
03-12 19:23:37.773  3214  4518 I BufferQueueConsumer: [unnamed-3214-8](this:0x8523b000,id:8,api:0,p:-1,c:3214) setConsumerName: unnamed-3214-8
03-12 19:23:37.773  3214  4518 I BufferQueueConsumer: [SurfaceTexture-1-3214-8](this:0x8523b000,id:8,api:0,p:-1,c:3214) setConsumerName: SurfaceTexture-1-3214-8
03-12 19:23:37.775  3214  4518 I HUREV   : [1394] VideoRenderer.onSurfaceChanged | GlProjectionView: onSurfaceChanged: 1280x720
03-12 19:23:37.800  3214  3214 I HUREV   : [2] VideoRenderer.onSurfaceCreated$lambda$4 | GlProjectionView: Reporting Surface Created
03-12 19:23:37.801  3214  3214 I HUREV   : [2] AapProjectionActivity.onSurfaceCreated | [AapProjectionActivity] onSurfaceCreated
03-12 19:23:37.823  3214  3214 I HUREV   : [2] AapProjectionActivity.onSurfaceChanged | [AapProjectionActivity] onSurfaceChanged. Actual surface dimensions: width=1280, height=720
03-12 19:23:37.825  3214  3214 I HUREV   : [2] VideoDecoder.setSurface | New surface set: Surface(name=android.graphics.SurfaceTexture@62f5b7d)/@0xbcbb7b1
03-12 19:23:37.826  3214  3214 I HUREV   : [2] AapProjectionActivity.onSurfaceChanged | [AapProjectionActivity] Decoder already has dimensions: 1280x720. Applying to view.
03-12 19:23:37.827  3214  3214 I HUREV   : [2] GlProjectionView.setVideoSize | GlProjectionView setVideoSize: 1280x720
03-12 19:23:37.828  3214  3214 I BufferQueueConsumer: [SurfaceTexture-1-3214-8](this:0x8523b000,id:8,api:0,p:-1,c:3214) setDefaultBufferSize: width=1280 height=720
03-12 19:23:37.844  3214  4091 E [EGL-ERROR]: __egl_platform_cancel_buffers:644: surface->num_buffers(4)
03-12 19:23:39.954  3214  4043 W HUREV   : [279] AapTransport.handshake | Handshake: No VERSION_RESPONSE within 2s (attempt 1), ret=-1
03-12 19:23:40.682  3214  3214 W HUREV   : [2] 1.run | Watchdog: No video received. Requesting Keyframe (Unsolicited Focus)...
03-12 19:23:42.154  3214  4043 W HUREV   : [279] AapTransport.handshake | Handshake: No VERSION_RESPONSE within 2s (attempt 2), ret=-1
03-12 19:23:43.686  3214  3214 W HUREV   : [2] 1.run | Watchdog: No video received. Requesting Keyframe (Unsolicited Focus)...
03-12 19:23:44.354  3214  4043 W HUREV   : [279] AapTransport.handshake | Handshake: No VERSION_RESPONSE within 2s (attempt 3), ret=-1
03-12 19:23:44.556  3214  4043 E HUREV   : [279] AapTransport.handshake | Handshake: Version request/response failed after 3 attempt(s). last ret: -1
03-12 19:23:44.557  3214  4043 I HUREV   : [279] AapTransport.quit$com_andrerinas_headunitrevived_2_0_1_debug | AapTransport quitting (clean=false)
03-12 19:23:44.561  3214  4355 I HUREV   : [1365] AapTransport.quit$com_andrerinas_headunitrevived_2_0_1_debug | AapTransport quitting (clean=false)
03-12 19:23:44.564  3214  4355 I HUREV   : [1365] UsbAccessoryConnection.disconnect | Google 18D1:2D00 - UsbDevice[mName=/dev/bus/usb/001/007,mVendorId=6353,mProductId=11520,mClass=0,mSubclass=0,mProtocol=0,mManufacturerName=Android,mProductName=VehiConn_CBE4,mVersion=2.0,mSerialNumber=LY0123456789,mConfigurations=[
03-12 19:23:44.564  3214  4355 I HUREV   : UsbConfiguration[mId=1,mName=accessory,mAttributes=128,mMaxPower=75,mInterfaces=[
03-12 19:23:44.564  3214  4355 I HUREV   : UsbInterface[mId=0,mAlternateSetting=0,mName=Android Accessory Interface,mClass=255,mSubclass=255,mProtocol=0,mEndpoints=[
03-12 19:23:44.564  3214  4355 I HUREV   : UsbEndpoint[mAddress=129,mAttributes=2,mMaxPacketSize=512,mInterval=0]
03-12 19:23:44.564  3214  4355 I HUREV   : UsbEndpoint[mAddress=1,mAttributes=2,mMaxPacketSize=512,mInterval=0]]]]
03-12 19:23:44.565  3214  4355 E UsbDeviceConnectionJNI: device is closed in native_release_interface
03-12 19:23:44.565  3214  4355 E HUREV   : [1365] UsbAccessoryConnection.disconnect | Error releaseInterface()
03-12 19:23:44.575  3214  4043 E HUREV   : [279] AapTransport.startHandshake$com_andrerinas_headunitrevived_2_0_1_debug | Handshake failed
03-12 19:23:44.584  3214  3214 I HUREV   : [2] AapService.scheduleReconnectIfNeeded | AapService: USB disconnect. Scheduling reconnect check in 3000ms...
03-12 19:23:44.586  3214  4043 I HUREV   : [279] VideoDecoder.stop | Decoder stopped: AapService::onDisconnect
03-12 19:23:44.598  3214  3214 I HUREV   : [2] AapProjectionActivity.onPause | AapProjectionActivity: onPause
03-12 19:23:44.662  3214  3214 I HUREV   : [2] HomeFragment.onResume | HomeFragment: onResume. isConnected=false
03-12 19:23:44.817  3214  4518 E [EGL-ERROR]: __egl_platform_cancel_buffers:644: surface->num_buffers(4)
03-12 19:23:44.827  3214  4091 E [EGL-ERROR]: __egl_platform_cancel_buffers:644: surface->num_buffers(4)
03-12 19:23:44.933  3214  3214 I HUREV   : [2] AapProjectionActivity.onDestroy | AapProjectionActivity.onDestroy called. isFinishing=true
03-12 19:23:44.937  3214  3214 I BufferQueueConsumer: [SurfaceTexture-1-3214-8](this:0x8523b000,id:8,api:0,p:-1,c:-1) disconnect(C)
03-12 19:23:44.950  3214  3214 I HUREV   : [2] AapProjectionActivity.onSurfaceDestroyed | SurfaceCallback: onSurfaceDestroyed. Surface: Surface(name=android.graphics.SurfaceTexture@62f5b7d)/@0xbcbb7b1
03-12 19:23:44.953  3214  3214 I HUREV   : [2] VideoDecoder.stop | Decoder stopped: surfaceDestroyed
03-12 19:23:47.372  3214  3214 I HUREV   : [2] AapService.onStartCommand | Stop action received.
03-12 19:23:47.412  3214  3214 I HUREV   : [2] AapService.onDestroy | AapService destroying...
03-12 19:23:48.457  3214  4091 E [EGL-ERROR]: __egl_platform_cancel_buffers:644: surface->num_buffers(4)
03-12 19:23:49.665  3214  4091 E [EGL-ERROR]: __egl_platform_cancel_buffers:644: surface->num_buffers(4)
03-12 19:23:49.796  3214  3214 I HUREV   : [2] MainActivity.onDestroy | MainActivity finishing, resetting auto-start flag.
03-12 19:23:52.464  3214  3214 I HUREV   : [2] MainActivity.handleIntent | MainActivity received intent: android.intent.action.MAIN, data: null
03-12 19:23:52.666  3214  3214 I HUREV   : [2] HomeFragment.attemptAutoConnect | Auto-connect: Attempting USB connection to Google 18D1:2D00
03-12 19:23:52.682  3214  3214 I HUREV   : [2] HomeFragment.attemptSingleUsbAutoConnect | HomeFragment: Requesting single-USB auto-connect via AapService
03-12 19:23:52.714  3214  3214 I HUREV   : [2] HomeFragment.onResume | HomeFragment: onResume. isConnected=false
03-12 19:23:52.735  3214  3214 I HUREV   : [2] AapService.onCreate | AapService creating...
03-12 19:23:52.837  3214  3214 I HUREV   : [2] 1.invoke | NightMode update: true
03-12 19:23:53.031  3214  3214 I HUREV   : [2] AapService.onCreate | Auto-started continuous log capture
03-12 19:23:53.136  3214  3214 I HUREV   : [2] AapService.checkAlreadyConnectedUsb | Found device already in accessory mode: Google 18D1:2D00
03-12 19:23:53.143  3214  3214 I HUREV   : [2] AapService.registerNetworkMonitor | NetworkMonitor: Registered network change listener
03-12 19:23:53.157  3214  3214 I HUREV   : [2] AapService.checkAlreadyConnectedUsb | Found device already in accessory mode: Google 18D1:2D00
03-12 19:23:53.188  3214  3214 D WindowClient: Add to mViews: android.widget.LinearLayout{5d41cff V.E...... ......I. 0,0-0,0}, this = android.view.WindowManagerGlobal@c07fdf
03-12 19:23:53.192  3214  3214 D ViewRootImpl[Toast]: hardware acceleration = true , fakeHwAccelerated = false, sRendererDisabled = false, forceHwAccelerated = false, sSystemRendererDisabled = false
03-12 19:23:53.218  3214  3214 I HUREV   : [2] AapService.checkAlreadyConnectedUsb | Found device already in accessory mode: Google 18D1:2D00
03-12 19:23:53.233  3214  3214 I HUREV   : [2] AapService.checkAlreadyConnectedUsb | Found device already in accessory mode: Google 18D1:2D00
03-12 19:23:53.238  3214  3214 I Choreographer: Skipped 30 frames!  The application may be doing too much work on its main thread.
03-12 19:23:53.453  3214  4091 D Surface : Surface::connect(this=0x85cb7000,api=1)
03-12 19:23:53.453  3214  3214 D Surface : Surface::allocateBuffers(this=0x85cb7000)
03-12 19:23:53.467  3214  4091 D Surface : Surface::setBufferCount(this=0x85cb7000,bufferCount=4)
03-12 19:23:53.567  3214  3214 D Surface : Surface::allocateBuffers(this=0x85dfd800)
03-12 19:23:53.567  3214  4091 D Surface : Surface::connect(this=0x85dfd800,api=1)
03-12 19:23:53.571  3214  4091 D Surface : Surface::setBufferCount(this=0x85dfd800,bufferCount=4)
03-12 19:23:53.582  3214  3214 I HUREV   : [2] GpsLocation.start | Request location updates
03-12 19:23:53.637  3214  3214 I HUREV   : [2] GpsLocation.start | Last known location:  Unknown
03-12 19:23:53.651  3214  3214 I HUREV   : [2] AapService.connectUsbWithRetry | Retrying USB connection (attempt 2/3)...
03-12 19:23:53.653  3214  4043 I HUREV   : [279] UsbAccessoryConnection.usbOpen | Established connection: android.hardware.usb.UsbDeviceConnection@7d45e65
03-12 19:23:53.665  3214  4043 I HUREV   : [279] UsbAccessoryConnection.usbOpen | interfaceCount: 1
03-12 19:23:53.667  3214  4043 I HUREV   : [279] UsbAccessoryConnection.initEndpoint | Check accessory endpoints
03-12 19:23:53.668  3214  4091 E [EGL-ERROR]: __egl_platform_cancel_buffers:644: surface->num_buffers(4)
03-12 19:23:53.668  3214  4091 D Surface : Surface::disconnect(this=0x85cb7000,api=1)
03-12 19:23:53.668  3214  4043 I HUREV   : [279] UsbAccessoryConnection.initEndpoint | Connected have EPs
03-12 19:23:53.670  3214  4091 D Surface : Surface::connect(this=0x85cb7000,api=1)
03-12 19:23:53.673  3214  4091 D Surface : Surface::setBufferCount(this=0x85cb7000,bufferCount=4)
03-12 19:23:53.700  3214  4091 D GraphicBuffer: register, handle(0x996c4040) (w:720 h:1280 s:720 f:0x1 u:f02)
03-12 19:23:53.717  3214  4091 D GraphicBuffer: register, handle(0x85e25540) (w:56 h:303 s:64 f:0x1 u:f02)
03-12 19:23:53.733  3214  3214 I HUREV   : [2] MainActivity.onResume | MainActivity: Active session detected, bringing projection to front
03-12 19:23:53.757  3214  3214 I HUREV   : [2] HomeFragment.onResume | HomeFragment: onResume. isConnected=true
03-12 19:23:53.906  3214  4091 D GraphicBuffer: register, handle(0x85e25900) (w:720 h:1280 s:720 f:0x1 u:f02)
03-12 19:23:53.938  3214  4043 I HUREV   : [279] AapTransport.<init> | Using Java SSL implementation
03-12 19:23:53.949  3214  4043 I HUREV   : [279] AapTransport.startHandshake$com_andrerinas_headunitrevived_2_0_1_debug | Start Aap transport handshake for com.andrerinas.headunitrevived.connection.UsbAccessoryConnection@e46f7af
03-12 19:23:54.102  3214  3214 I HUREV   : [2] AapProjectionActivity.onCreate | HeadUnit for Android Auto (tm) - Copyright 2011-2015 Michael A. Reid., since 2025 André Rinas All Rights Reserved...
03-12 19:23:54.104  3214  3214 I HUREV   : [2] AapProjectionActivity.onCreate | Using GlProjectionView
03-12 19:23:54.109  3214  3214 I HUREV   : [2] HeadUnitScreenConfig.recalculate | CarScreen: usable width: 1280 height: 720 (Raw: 1280x720, Insets: L0 T0 R0 B0)
03-12 19:23:54.110  3214  3214 I HUREV   : [2] HeadUnitScreenConfig.recalculate | CarScreen isSmallScreen: true, scaleFactor: 1.0
03-12 19:23:54.113  3214  3214 I HUREV   : [2] HeadUnitScreenConfig.recalculate | CarScreen using: _1280x720, number: 2, scales: scaleX: 1.0, scaleY: 1.0
03-12 19:23:54.137  3214  3214 I HUREV   : [2] AapProjectionActivity.onResume | AapProjectionActivity: onResume
03-12 19:23:54.148  3214  3214 D WindowClient: Add to mViews: DecorView@1ef4138[AapProjectionActivity], this = android.view.WindowManagerGlobal@c07fdf
03-12 19:23:54.150  3214  3214 D ViewRootImpl[AapProjectionActivity]: hardware acceleration = true , fakeHwAccelerated = false, sRendererDisabled = false, forceHwAccelerated = false, sSystemRendererDisabled = false
03-12 19:23:54.193  3214  4091 D Surface : Surface::connect(this=0x812f8800,api=1)
03-12 19:23:54.198  3214  4091 D Surface : Surface::setBufferCount(this=0x812f8800,bufferCount=4)
03-12 19:23:54.216  3214  4589 D Surface : Surface::connect(this=0x812fa800,api=1)
03-12 19:23:54.217  3214  4589 D Surface : Surface::setBufferCount(this=0x812fa800,bufferCount=4)
03-12 19:23:54.221  3214  4589 D GraphicBuffer: register, handle(0x85e265c0) (w:720 h:1280 s:720 f:0x2 u:f02)
03-12 19:23:54.222  3214  4589 I HUREV   : [1403] VideoRenderer.onSurfaceCreated | GlProjectionView: onSurfaceCreated (GL Context)
03-12 19:23:54.225  3214  4589 I BufferQueue: [unnamed-3214-9](this:0x81378000,id:9,api:0,p:-1,c:-1) BufferQueue core=(3214:com.andrerinas.headunitrevived)
03-12 19:23:54.225  3214  4589 E DumpTunnel: finding regDump() failed
03-12 19:23:54.226  3214  4589 I BufferQueueConsumer: [unnamed-3214-9](this:0x81378000,id:9,api:0,p:-1,c:3214) connect(C): consumer=(3214:com.andrerinas.headunitrevived) controlledByApp=true
03-12 19:23:54.226  3214  4589 I BufferQueueConsumer: [unnamed-3214-9](this:0x81378000,id:9,api:0,p:-1,c:3214) setConsumerName: unnamed-3214-9
03-12 19:23:54.226  3214  4589 I BufferQueueConsumer: [SurfaceTexture-1-3214-9](this:0x81378000,id:9,api:0,p:-1,c:3214) setConsumerName: SurfaceTexture-1-3214-9
03-12 19:23:54.227  3214  4589 I HUREV   : [1403] VideoRenderer.onSurfaceChanged | GlProjectionView: onSurfaceChanged: 1280x720
03-12 19:23:54.240  3214  4589 D GraphicBuffer: register, handle(0x85e268c0) (w:720 h:1280 s:720 f:0x2 u:f02)
03-12 19:23:54.248  3214  4091 D GraphicBuffer: register, handle(0x85e26a40) (w:720 h:1280 s:720 f:0x1 u:f02)
03-12 19:23:54.275  3214  3214 I HUREV   : [2] VideoRenderer.onSurfaceCreated$lambda$4 | GlProjectionView: Reporting Surface Created
03-12 19:23:54.276  3214  3214 I HUREV   : [2] AapProjectionActivity.onSurfaceCreated | [AapProjectionActivity] onSurfaceCreated
03-12 19:23:54.277  3214  3214 I HUREV   : [2] AapProjectionActivity.onSurfaceChanged | [AapProjectionActivity] onSurfaceChanged. Actual surface dimensions: width=1280, height=720
03-12 19:23:54.278  3214  3214 I HUREV   : [2] VideoDecoder.setSurface | New surface set: Surface(name=android.graphics.SurfaceTexture@7516868)/@0x256dc80
03-12 19:23:54.279  3214  3214 I HUREV   : [2] AapProjectionActivity.onSurfaceChanged | [AapProjectionActivity] Decoder already has dimensions: 1280x720. Applying to view.
03-12 19:23:54.281  3214  3214 I HUREV   : [2] GlProjectionView.setVideoSize | GlProjectionView setVideoSize: 1280x720
03-12 19:23:54.281  3214  3214 I BufferQueueConsumer: [SurfaceTexture-1-3214-9](this:0x81378000,id:9,api:0,p:-1,c:3214) setDefaultBufferSize: width=1280 height=720
03-12 19:23:54.288  3214  4091 D GraphicBuffer: register, handle(0x85e26bc0) (w:720 h:1280 s:720 f:0x1 u:f02)
03-12 19:23:54.333  3214  4091 E [EGL-ERROR]: __egl_platform_cancel_buffers:644: surface->num_buffers(4)
03-12 19:23:54.334  3214  4091 D Surface : Surface::disconnect(this=0x85cb7000,api=1)
03-12 19:23:54.334  3214  4091 D GraphicBuffer: unregister, handle(0x996c4040) (w:720 h:1280 s:720 f:0x1 u:f02)
03-12 19:23:54.334  3214  4091 D GraphicBuffer: unregister, handle(0x85e25900) (w:720 h:1280 s:720 f:0x1 u:f02)
03-12 19:23:54.343  3214  4091 D GraphicBuffer: register, handle(0x996c4040) (w:720 h:1280 s:720 f:0x1 u:f02)
03-12 19:23:54.467  3214  4043 D HUREV   : [279] AapTransport.handshake | Handshake: Starting version request. TS: 2601282
03-12 19:23:54.470  3214  4043 D HUREV   : [279] AapTransport.handshake | Handshake: Version request sent. ret: 10. attempt: 1. TS: 2601284
03-12 19:23:54.471  3214  4043 D HUREV   : [279] AapTransport.handshake | Handshake: Waiting for version response. TS: 2601286
03-12 19:23:54.522  3214  3220 I zygote  : Do full code cache collection, code=1014KB, data=784KB
03-12 19:23:54.530  3214  3220 I zygote  : After code cache collection, code=1007KB, data=683KB
03-12 19:23:54.684  3214  4091 E [EGL-ERROR]: __egl_platform_cancel_buffers:644: surface->num_buffers(4)
03-12 19:23:54.684  3214  4091 D Surface : Surface::disconnect(this=0x85dfd800,api=1)
03-12 19:23:54.684  3214  4091 D GraphicBuffer: unregister, handle(0x85e25540) (w:56 h:303 s:64 f:0x1 u:f02)
03-12 19:23:54.687  3214  3214 D View    : [Warning] assignParent to null: this = android.widget.LinearLayout{5d41cff V.E...... ......ID 0,0-303,56}
03-12 19:23:54.696  3214  3214 D WindowClient: Remove from mViews: android.widget.LinearLayout{5d41cff V.E...... ......ID 0,0-303,56}, this = android.view.WindowManagerGlobal@c07fdf
03-12 19:23:56.464  3214  4043 W HUREV   : [279] AapTransport.handshake | Handshake: No VERSION_RESPONSE within 2s (attempt 1), ret=-1
03-12 19:23:56.665  3214  4043 D HUREV   : [279] AapTransport.handshake | Handshake: Version request sent. ret: 10. attempt: 2. TS: 2603480
03-12 19:23:56.666  3214  4043 D HUREV   : [279] AapTransport.handshake | Handshake: Waiting for version response. TS: 2603481
03-12 19:23:57.139  3214  3214 W HUREV   : [2] 1.run | Watchdog: No video received. Requesting Keyframe (Unsolicited Focus)...
03-12 19:23:58.664  3214  4043 W HUREV   : [279] AapTransport.handshake | Handshake: No VERSION_RESPONSE within 2s (attempt 2), ret=-1
03-12 19:23:58.866  3214  4043 D HUREV   : [279] AapTransport.handshake | Handshake: Version request sent. ret: 10. attempt: 3. TS: 2605681
03-12 19:23:58.867  3214  4043 D HUREV   : [279] AapTransport.handshake | Handshake: Waiting for version response. TS: 2605682
03-12 19:24:00.141  3214  3214 W HUREV   : [2] 1.run | Watchdog: No video received. Requesting Keyframe (Unsolicited Focus)...
03-12 19:24:00.864  3214  4043 W HUREV   : [279] AapTransport.handshake | Handshake: No VERSION_RESPONSE within 2s (attempt 3), ret=-1
03-12 19:24:01.065  3214  4043 E HUREV   : [279] AapTransport.handshake | Handshake: Version request/response failed after 3 attempt(s). last ret: -1
03-12 19:24:01.066  3214  4043 I HUREV   : [279] AapTransport.quit$com_andrerinas_headunitrevived_2_0_1_debug | AapTransport quitting (clean=false)
03-12 19:24:01.078  3214  3214 I HUREV   : [2] AapProjectionActivity.onPause | AapProjectionActivity: onPause
03-12 19:24:01.078  3214  4043 E HUREV   : [279] AapTransport.startHandshake$com_andrerinas_headunitrevived_2_0_1_debug | Handshake failed
03-12 19:24:01.250  3214  3214 I HUREV   : [2] AapProjectionActivity.onCreate | HeadUnit for Android Auto (tm) - Copyright 2011-2015 Michael A. Reid., since 2025 André Rinas All Rights Reserved...
03-12 19:24:01.251  3214  3214 I HUREV   : [2] AapProjectionActivity.onCreate | Using GlProjectionView
03-12 19:24:01.255  3214  3214 I HUREV   : [2] HeadUnitScreenConfig.recalculate | CarScreen: usable width: 1280 height: 720 (Raw: 1280x720, Insets: L0 T0 R0 B0)
03-12 19:24:01.256  3214  3214 I HUREV   : [2] HeadUnitScreenConfig.recalculate | CarScreen isSmallScreen: true, scaleFactor: 1.0
03-12 19:24:01.258  3214  3214 I HUREV   : [2] HeadUnitScreenConfig.recalculate | CarScreen using: _1280x720, number: 2, scales: scaleX: 1.0, scaleY: 1.0
03-12 19:24:01.322  3214  3214 I HUREV   : [2] HomeFragment.onResume | HomeFragment: onResume. isConnected=false
03-12 19:24:01.348  3214  3214 D Surface : Surface::allocateBuffers(this=0x85a2f000)
03-12 19:24:01.351  3214  4091 D Surface : Surface::connect(this=0x85a2f000,api=1)
03-12 19:24:01.359  3214  4091 D Surface : Surface::setBufferCount(this=0x85a2f000,bufferCount=4)
03-12 19:24:01.391  3214  4091 D GraphicBuffer: register, handle(0x996c4340) (w:720 h:1280 s:720 f:0x1 u:f02)
03-12 19:24:01.448  3214  4091 D GraphicBuffer: register, handle(0x85e25780) (w:720 h:1280 s:720 f:0x1 u:f02)
03-12 19:24:01.453  3214  4589 E [EGL-ERROR]: __egl_platform_cancel_buffers:644: surface->num_buffers(4)
03-12 19:24:01.453  3214  4589 D Surface : Surface::disconnect(this=0x812fa800,api=1)
03-12 19:24:01.453  3214  4589 D GraphicBuffer: unregister, handle(0x85e265c0) (w:720 h:1280 s:720 f:0x2 u:f02)
03-12 19:24:01.454  3214  4589 D GraphicBuffer: unregister, handle(0x85e268c0) (w:720 h:1280 s:720 f:0x2 u:f02)
03-12 19:24:01.456  3214  3214 D Surface : Surface::disconnect(this=0x812fa800,api=-1)
03-12 19:24:01.463  3214  4091 E [EGL-ERROR]: __egl_platform_cancel_buffers:644: surface->num_buffers(4)
03-12 19:24:01.464  3214  4091 D Surface : Surface::disconnect(this=0x812f8800,api=1)
03-12 19:24:01.464  3214  4091 D GraphicBuffer: unregister, handle(0x85e26a40) (w:720 h:1280 s:720 f:0x1 u:f02)
03-12 19:24:01.465  3214  4091 D GraphicBuffer: unregister, handle(0x85e26bc0) (w:720 h:1280 s:720 f:0x1 u:f02)
