--------- beginning of system
03-12 18:41:41.372  3214  3214 W ActivityThread: Application com.andrerinas.headunitrevived can be debugged on port 8100...
--------- beginning of main
03-12 19:21:26.253  3214  3214 I HUREV   : [2] 1.onReceive | WifiDirectManager: Local name: Android_302b
03-12 19:21:28.853  3214  3214 I HUREV   : [2] UsbReceiver.onReceive | USB Intent: Intent { act=android.hardware.usb.action.USB_DEVICE_ATTACHED flg=0x11000010 (has extras) }
03-12 19:21:29.006  3214  3214 I HUREV   : [2] AapService.onUsbAttach | Normal USB device attached: Xiaomi 2717:FF40. Will check auto-connect in 2000ms...
03-12 19:21:31.095  3214  3214 I HUREV   : [2] 1.invokeSuspend | UsbAttachedActivity didn't handle Xiaomi 2717:FF40. Trying from service...
03-12 19:21:31.140  3214  3214 I HUREV   : [2] AapService.performSingleUsbConnect | Single USB auto-connect: connecting to Xiaomi 2717:FF40
03-12 19:21:31.315  3214  4041 I HUREV   : [277] UsbAccessoryMode.switch | Success controlTransfer len: 2  acc_ver: 2
03-12 19:21:31.317  3214  4041 I HUREV   : [277] UsbAccessoryMode.switch | acc_ver: 2
03-12 19:21:31.329  3214  4041 I HUREV   : [277] UsbAccessoryMode.initStringControlTransfer | Success controlTransfer len: 7  index: 0  string: "Android"
03-12 19:21:31.335  3214  4041 I HUREV   : [277] UsbAccessoryMode.initStringControlTransfer | Success controlTransfer len: 12  index: 1  string: "Android Auto"
03-12 19:21:31.341  3214  4041 I HUREV   : [277] UsbAccessoryMode.initStringControlTransfer | Success controlTransfer len: 12  index: 2  string: "Android Auto"
03-12 19:21:31.346  3214  4041 I HUREV   : [277] UsbAccessoryMode.initStringControlTransfer | Success controlTransfer len: 5  index: 3  string: "2.0.1"
03-12 19:21:31.350  3214  4041 I HUREV   : [277] UsbAccessoryMode.initStringControlTransfer | Success controlTransfer len: 45  index: 4  string: "https://developer.android.com/auto/index.html"
03-12 19:21:31.355  3214  4041 I HUREV   : [277] UsbAccessoryMode.initStringControlTransfer | Success controlTransfer len: 12  index: 5  string: "HU-AAAAAA001"
03-12 19:21:31.367  3214  4041 I HUREV   : [277] UsbAccessoryMode.switch | Sending acc start
03-12 19:21:31.381  3214  4041 I HUREV   : [277] UsbAccessoryMode.switch | Acc start sent (len=0). Waiting for re-enumeration...
03-12 19:21:31.762  3214  3214 I HUREV   : [2] UsbReceiver.onReceive | USB Intent: Intent { act=android.hardware.usb.action.USB_DEVICE_DETACHED flg=0x1000010 (has extras) }
03-12 19:21:31.883  3214  4041 D UsbDeviceConnectionJNI: close
03-12 19:21:31.886  3214  4041 I HUREV   : [277] UsbAccessoryMode.connectAndSwitch | Result: true
03-12 19:21:31.890  3214  4041 I HUREV   : [277] 1.invokeSuspend | Successfully requested switch to accessory mode for single USB device. Waiting for re-enumeration...
03-12 19:21:32.099  3214  3214 I HUREV   : [2] UsbReceiver.onReceive | USB Intent: Intent { act=android.hardware.usb.action.USB_DEVICE_ATTACHED flg=0x11000010 (has extras) }
03-12 19:21:32.102  3214  3214 I HUREV   : [2] AapService.onUsbAttach | USB accessory device attached, connecting.
03-12 19:21:32.283  3214  3214 I HUREV   : [2] AapService.checkAlreadyConnectedUsb | Found device already in accessory mode: Google 18D1:2D00
03-12 19:21:32.335  3214  4041 I HUREV   : [277] UsbAccessoryConnection.usbOpen | Established connection: android.hardware.usb.UsbDeviceConnection@e12c602
03-12 19:21:32.345  3214  4041 I HUREV   : [277] UsbAccessoryConnection.usbOpen | interfaceCount: 1
03-12 19:21:32.358  3214  4041 I HUREV   : [277] UsbAccessoryConnection.initEndpoint | Check accessory endpoints
03-12 19:21:32.361  3214  4041 I HUREV   : [277] UsbAccessoryConnection.initEndpoint | Connected have EPs
03-12 19:21:32.995  3214  4041 I HUREV   : [277] AapTransport.<init> | Using Java SSL implementation
03-12 19:21:33.128  3214  4041 I HUREV   : [277] AapTransport.startHandshake$com_andrerinas_headunitrevived_2_0_1_debug | Start Aap transport handshake for com.andrerinas.headunitrevived.connection.UsbAccessoryConnection@5f08150
03-12 19:21:33.286  3214  3226 I zygote  : Background concurrent copying GC freed 4922(318KB) AllocSpace objects, 0(0B) LOS objects, 49% free, 2MB/4MB, paused 169us total 162.495ms
03-12 19:21:33.694  3214  4041 D HUREV   : [277] AapTransport.handshake | Handshake: Starting version request. TS: 2460494
03-12 19:21:33.726  3214  4041 D HUREV   : [277] AapTransport.handshake | Handshake: Version request sent. ret: 10. attempt: 1. TS: 2460538
03-12 19:21:33.756  3214  4041 D HUREV   : [277] AapTransport.handshake | Handshake: Waiting for version response. TS: 2460542
03-12 19:21:33.800  3214  4041 I HUREV   : [277] AapTransport.handshake | Handshake: Version response received (ret=12, attempt=1).
03-12 19:21:33.810  3214  4041 I HUREV   : [277] AapTransport.handshake | Handshake: Version response recv ret: 12
03-12 19:21:33.820  3214  4041 D HUREV   : [277] AapTransport.handshake | Handshake: Starting SSL handshake via performHandshake(). TS: 2460626
03-12 19:21:34.248  3214  3214 D AppCompatDelegate: Checking for metadata for AppLocalesMetadataHolderService : Service not found
03-12 19:21:34.645  3214  4041 I HUREV   : [277] AapSslContext.performHandshake | SSL handshake complete. Session id: tchYm/xeoBc3lfX+Dj7AB00b93rPD7Mn/8b3ZLNesAA=
03-12 19:21:34.648  3214  4041 D HUREV   : [277] AapTransport.handshake | Handshake: SSL buffers reset after handshake.
03-12 19:21:34.652  3214  4041 D HUREV   : [277] AapTransport.handshake | Handshake: SSL handshake complete. TS: 2461464
03-12 19:21:34.661  3214  4041 D HUREV   : [277] AapTransport.handshake | Handshake: Status OK sent. ret: 8. TS: 2461473
03-12 19:21:34.665  3214  4041 I HUREV   : [277] AapTransport.handshake | Handshake: Status OK sent: 8
03-12 19:21:34.668  3214  4041 D HUREV   : [277] AapTransport.handshake | Handshake: Handshake successful. TS: 2461481
03-12 19:21:35.167  3214  3214 W HookText: Error parsing /system/etc/info_config.xml
03-12 19:21:35.167  3214  3214 W HookText: java.io.FileNotFoundException: /system/etc/info_config.xml (No such file or directory)
03-12 19:21:35.167  3214  3214 W HookText: 	at java.io.FileInputStream.open0(Native Method)
03-12 19:21:35.167  3214  3214 W HookText: 	at java.io.FileInputStream.open(FileInputStream.java:200)
03-12 19:21:35.167  3214  3214 W HookText: 	at java.io.FileInputStream.<init>(FileInputStream.java:150)
03-12 19:21:35.167  3214  3214 W HookText: 	at java.io.FileInputStream.<init>(FileInputStream.java:103)
03-12 19:21:35.167  3214  3214 W HookText: 	at android.widget.HookText.loadRules(HookText.java:447)
03-12 19:21:35.167  3214  3214 W HookText: 	at android.widget.HookText.init(HookText.java:128)
03-12 19:21:35.167  3214  3214 W HookText: 	at android.widget.HookText.hookSetTextInternal(HookText.java:189)
03-12 19:21:35.167  3214  3214 W HookText: 	at android.widget.HookText.hookSetText(HookText.java:179)
03-12 19:21:35.167  3214  3214 W HookText: 	at android.widget.TextView.setText(TextView.java:5282)
03-12 19:21:35.167  3214  3214 W HookText: 	at android.widget.TextView.setText(TextView.java:5272)
03-12 19:21:35.167  3214  3214 W HookText: 	at android.widget.TextView.<init>(TextView.java:1634)
03-12 19:21:35.167  3214  3214 W HookText: 	at android.widget.TextView.<init>(TextView.java:828)
03-12 19:21:35.167  3214  3214 W HookText: 	at androidx.appcompat.widget.AppCompatTextView.<init>(AppCompatTextView.java:113)
03-12 19:21:35.167  3214  3214 W HookText: 	at com.google.android.material.textview.MaterialTextView.<init>(MaterialTextView.java:92)
03-12 19:21:35.167  3214  3214 W HookText: 	at com.google.android.material.textview.MaterialTextView.<init>(MaterialTextView.java:87)
03-12 19:21:35.167  3214  3214 W HookText: 	at com.google.android.material.theme.MaterialComponentsViewInflater.createTextView(MaterialComponentsViewInflater.java:61)
03-12 19:21:35.167  3214  3214 W HookText: 	at androidx.appcompat.app.AppCompatViewInflater.createView(AppCompatViewInflater.java:148)
03-12 19:21:35.167  3214  3214 W HookText: 	at androidx.appcompat.app.AppCompatDelegateImpl.createView(AppCompatDelegateImpl.java:1678)
03-12 19:21:35.167  3214  3214 W HookText: 	at androidx.appcompat.app.AppCompatDelegateImpl.onCreateView(AppCompatDelegateImpl.java:1729)
03-12 19:21:35.167  3214  3214 W HookText: 	at android.view.LayoutInflater.createViewFromTag(LayoutInflater.java:772)
03-12 19:21:35.167  3214  3214 W HookText: 	at android.view.LayoutInflater.createViewFromTag(LayoutInflater.java:730)
03-12 19:21:35.167  3214  3214 W HookText: 	at android.view.LayoutInflater.rInflate(LayoutInflater.java:863)
03-12 19:21:35.167  3214  3214 W HookText: 	at android.view.LayoutInflater.rInflateChildren(LayoutInflater.java:824)
03-12 19:21:35.167  3214  3214 W HookText: 	at android.view.LayoutInflater.rInflate(LayoutInflater.java:866)
03-12 19:21:35.167  3214  3214 W HookText: 	at android.view.LayoutInflater.rInflateChildren(LayoutInflater.java:824)
03-12 19:21:35.167  3214  3214 W HookText: 	at android.view.LayoutInflater.rInflate(LayoutInflater.java:866)
03-12 19:21:35.167  3214  3214 W HookText: 	at android.view.LayoutInflater.rInflateChildren(LayoutInflater.java:824)
03-12 19:21:35.167  3214  3214 W HookText: 	at android.view.LayoutInflater.inflate(LayoutInflater.java:515)
03-12 19:21:35.167  3214  3214 W HookText: 	at android.view.LayoutInflater.inflate(LayoutInflater.java:423)
03-12 19:21:35.167  3214  3214 W HookText: 	at android.view.LayoutInflater.inflate(LayoutInflater.java:374)
03-12 19:21:35.167  3214  3214 W HookText: 	at androidx.appcompat.app.AppCompatDelegateImpl.setContentView(AppCompatDelegateImpl.java:775)
03-12 19:21:35.167  3214  3214 W HookText: 	at androidx.appcompat.app.AppCompatActivity.setContentView(AppCompatActivity.java:197)
03-12 19:21:35.167  3214  3214 W HookText: 	at com.andrerinas.headunitrevived.app.SurfaceActivity.onCreate(SurfaceActivity.kt:10)
03-12 19:21:35.167  3214  3214 W HookText: 	at com.andrerinas.headunitrevived.aap.AapProjectionActivity.onCreate(AapProjectionActivity.kt:134)
03-12 19:21:35.167  3214  3214 W HookText: 	at android.app.Activity.performCreate(Activity.java:7023)
03-12 19:21:35.167  3214  3214 W HookText: 	at android.app.Activity.performCreate(Activity.java:7014)
03-12 19:21:35.167  3214  3214 W HookText: 	at android.app.Instrumentation.callActivityOnCreate(Instrumentation.java:1214)
03-12 19:21:35.167  3214  3214 W HookText: 	at android.app.ActivityThread.performLaunchActivity(ActivityThread.java:2772)
03-12 19:21:35.167  3214  3214 W HookText: 	at android.app.ActivityThread.handleLaunchActivity(ActivityThread.java:2897)
03-12 19:21:35.167  3214  3214 W HookText: 	at android.app.ActivityThread.-wrap11(Unknown Source:0)
03-12 19:21:35.167  3214  3214 W HookText: 	at android.app.ActivityThread$H.handleMessage(ActivityThread.java:1623)
03-12 19:21:35.167  3214  3214 W HookText: 	at android.os.Handler.dispatchMessage(Handler.java:106)
03-12 19:21:35.167  3214  3214 W HookText: 	at android.os.Looper.loop(Looper.java:164)
03-12 19:21:35.167  3214  3214 W HookText: 	at android.app.ActivityThread.main(ActivityThread.java:6548)
03-12 19:21:35.167  3214  3214 W HookText: 	at java.lang.reflect.Method.invoke(Native Method)
03-12 19:21:35.167  3214  3214 W HookText: 	at com.android.internal.os.RuntimeInit$MethodAndArgsCaller.run(RuntimeInit.java:438)
03-12 19:21:35.167  3214  3214 W HookText: 	at com.android.internal.os.ZygoteInit.main(ZygoteInit.java:857)
03-12 19:21:35.436  3214  3214 I HUREV   : [2] AapProjectionActivity.onCreate | HeadUnit for Android Auto (tm) - Copyright 2011-2015 Michael A. Reid., since 2025 André Rinas All Rights Reserved...
03-12 19:21:35.440  3214  3214 I HUREV   : [2] AapProjectionActivity.onCreate | Using GlProjectionView
03-12 19:21:35.463  3214  3214 I HUREV   : [2] HeadUnitScreenConfig.recalculate | CarScreen: usable width: 1280 height: 720 (Raw: 1280x720, Insets: L0 T0 R0 B0)
03-12 19:21:35.470  3214  3214 I HUREV   : [2] HeadUnitScreenConfig.recalculate | CarScreen isSmallScreen: true, scaleFactor: 1.0
03-12 19:21:35.475  3214  3214 I HUREV   : [2] HeadUnitScreenConfig.recalculate | CarScreen using: _1280x720, number: 2, scales: scaleX: 1.0, scaleY: 1.0
03-12 19:21:35.562  3214  3214 I HUREV   : [2] AapProjectionActivity.onResume | AapProjectionActivity: onResume
03-12 19:21:35.598  3214  3214 D WindowClient: Add to mViews: DecorView@7f2ce7e[AapProjectionActivity], this = android.view.WindowManagerGlobal@c07fdf
03-12 19:21:35.601  3214  3214 D OpenGLRenderer: Dumper init 2 threads <0x866f8500>
03-12 19:21:35.602  3214  3214 D OpenGLRenderer: <com.andrerinas.headunitrevived> is running.
03-12 19:21:35.605  3214  4091 D OpenGLRenderer: HWUI GL Pipeline
03-12 19:21:35.611  3214  3214 D ViewRootImpl[AapProjectionActivity]: hardware acceleration = true , fakeHwAccelerated = false, sRendererDisabled = false, forceHwAccelerated = false, sSystemRendererDisabled = false
03-12 19:21:35.758  3214  4091 E         : appName=com.andrerinas.headunitrevived, acAppName=/system/bin/surfaceflinger
03-12 19:21:35.758  3214  4091 E         : 0
03-12 19:21:35.766  3214  4091 I com.andrerinas.headunitrevived: android::hardware::configstore::V1_0::ISurfaceFlingerConfigs::hasWideColorDisplay retrieved: 0
03-12 19:21:35.766  3214  4091 I OpenGLRenderer: Initialized EGL, version 1.4
03-12 19:21:35.766  3214  4091 D OpenGLRenderer: Swap behavior 1
03-12 19:21:35.783  3214  4091 E         : appName=com.andrerinas.headunitrevived, acAppName=com.instagram.android
03-12 19:21:35.783  3214  4091 E         : 0
03-12 19:21:35.785  3214  4090 D Surface : Surface::connect(this=0x85a25000,api=1)
03-12 19:21:35.789  3214  4090 D Surface : Surface::setBufferCount(this=0x85a25000,bufferCount=4)
03-12 19:21:36.027  3214  4091 D OpenGLRenderer: [init] completed
03-12 19:21:36.027  3214  4091 D HWUIExtension: MTKProgramCache.init: enable enhancement 1
03-12 19:21:36.033  3214  4091 I HWUIExtension: Get disable program binary service property (0)
03-12 19:21:36.033  3214  4091 I HWUIExtension: Initializing program atlas...
03-12 19:21:36.035  3214  4091 I ProgramBinary/Service: ProgramBinaryService client side disable debugging.
03-12 19:21:36.035  3214  4091 I ProgramBinary/Service: ProgramBinaryService client side disable binary content debugging.
03-12 19:21:36.035  3214  4091 D ProgramBinary/Service: BpProgramBinaryService.getReady
03-12 19:21:36.035  3214  4091 D ProgramBinary/Service: zhiyin- 1 BpProgramBinaryService::getReady()
03-12 19:21:36.036  3214  4091 D ProgramBinary/Service: zhiyin- 2 BpProgramBinaryService::getReady()
03-12 19:21:36.036  3214  4091 D ProgramBinary/Service: BpProgramBinaryService.getProgramBinaryData
03-12 19:21:36.036  3214  4091 I HWUIExtension: Program binary detail: Binary length is 78196, program map length is 104.
03-12 19:21:36.037  3214  4091 I HWUIExtension: Succeeded to mmap program binaries. File descriptor is 69, and path is /dev/ashmem.
03-12 19:21:36.037  3214  4091 I HWUIExtension: No need to use file discriptor anymore, close fd(69).
03-12 19:21:36.037  3214  4091 D HWUIExtension: Dumper init 2 threads <0x866f8c00>
03-12 19:21:36.037  3214  4091 D HWUIExtension: <com.andrerinas.headunitrevived> is running.
03-12 19:21:36.043  3214  4091 D HWUIExtension: Initializing program cache from 0x0, size = -1
03-12 19:21:36.043  3214  4091 D Surface : Surface::connect(this=0x8627f800,api=1)
03-12 19:21:36.046  3214  4091 D Surface : Surface::setBufferCount(this=0x8627f800,bufferCount=4)
03-12 19:21:36.050  3214  3214 I com.andrerinas.headunitrevived: type=1400 audit(0.0:3318): avc: denied { search } for comm=474C54687265616420323833 name="clients" dev="debugfs" ino=7071 scontext=u:r:untrusted_app:s0:c512,c768 tcontext=u:object_r:debugfs_ion:s0 tclass=dir permissive=1
03-12 19:21:36.053  3214  4090 D GraphicBuffer: register, handle(0x9b325080) (w:720 h:1280 s:720 f:0x2 u:f02)
03-12 19:21:36.142  3214  4091 D GraphicBuffer: register, handle(0x996c3500) (w:720 h:1280 s:720 f:0x1 u:f02)
03-12 19:21:36.160  3214  4091 D HWUIExtension: MTKProgramCache.generateProgram: 0
03-12 19:21:36.163  3214  4091 D HWUIExtension: createProgram 0x0000000000000000, binary 0xa5721000, length 2552, format 36705 within 2288ns
03-12 19:21:36.164  3214  4091 D HWUIExtension: MTKProgramCache.generateProgram: 562949958664257
03-12 19:21:36.164  3214  4091 D HWUIExtension: createProgram 0x0002000000500041, binary 0xa5724544, length 2832, format 36705 within 374ns
03-12 19:21:36.164  3214  4091 D HWUIExtension: MTKProgramCache.generateProgram: 562984313159683
03-12 19:21:36.165  3214  4091 D HWUIExtension: createProgram 0x0002000800000003, binary 0xa5725ad4, length 2828, format 36705 within 427ns
03-12 19:21:36.184  3214  4091 D GraphicBuffer: register, handle(0x996c3980) (w:720 h:1280 s:720 f:0x1 u:f02)
03-12 19:21:36.195  3214  4091 D GraphicBuffer: register, handle(0x996c3b00) (w:720 h:1280 s:720 f:0x1 u:f02)
03-12 19:21:36.259  3214  4090 I HUREV   : [283] VideoRenderer.onSurfaceCreated | GlProjectionView: onSurfaceCreated (GL Context)
03-12 19:21:36.278  3214  4090 I BufferQueue: [unnamed-3214-0](this:0x86a9b000,id:0,api:0,p:-1,c:-1) BufferQueue core=(3214:com.andrerinas.headunitrevived)
03-12 19:21:36.349  3214  4090 E DumpTunnel: open libgui_ext failed
03-12 19:21:36.349  3214  4090 E DumpTunnel: finding regDump() failed
03-12 19:21:36.350  3214  4090 D GED     : [GED_KPI] ged_kpi is not supported
03-12 19:21:36.352  3214  4090 I BufferQueueConsumer: [unnamed-3214-0](this:0x86a9b000,id:0,api:0,p:-1,c:3214) connect(C): consumer=(3214:com.andrerinas.headunitrevived) controlledByApp=true
03-12 19:21:36.352  3214  4090 I BufferQueueConsumer: [unnamed-3214-0](this:0x86a9b000,id:0,api:0,p:-1,c:3214) setConsumerName: unnamed-3214-0
03-12 19:21:36.352  3214  4090 I BufferQueueConsumer: [SurfaceTexture-1-3214-0](this:0x86a9b000,id:0,api:0,p:-1,c:3214) setConsumerName: SurfaceTexture-1-3214-0
03-12 19:21:36.360  3214  3214 I HUREV   : [2] VideoRenderer.onSurfaceCreated$lambda$4 | GlProjectionView: Reporting Surface Created
03-12 19:21:36.362  3214  3214 I HUREV   : [2] AapProjectionActivity.onSurfaceCreated | [AapProjectionActivity] onSurfaceCreated
03-12 19:21:36.364  3214  4090 I HUREV   : [283] VideoRenderer.onSurfaceChanged | GlProjectionView: onSurfaceChanged: 1280x720
03-12 19:21:36.372  3214  3214 I HUREV   : [2] AapProjectionActivity.onSurfaceChanged | [AapProjectionActivity] onSurfaceChanged. Actual surface dimensions: width=1280, height=720
03-12 19:21:36.375  3214  3214 I HUREV   : [2] VideoDecoder.setSurface | New surface set: Surface(name=android.graphics.SurfaceTexture@70ecbd5)/@0xf25dfea
03-12 19:21:36.400  3214  3220 I zygote  : Do partial code cache collection, code=29KB, data=30KB
03-12 19:21:36.406  3214  4041 I HUREV   : [277] AapAudio.requestFocusChange | Audio Focus Request: stream=3, type=1
03-12 19:21:36.418  3214  3220 I zygote  : After code cache collection, code=29KB, data=30KB
03-12 19:21:36.420  3214  3220 I zygote  : Increasing code cache capacity to 128KB
03-12 19:21:36.578  3214  4041 I HUREV   : [277] AapAudio.requestFocusChange | Audio focus request result: GRANTED
03-12 19:21:36.591  3214  4041 I HUREV   : [277] AapTransport.startReading$com_andrerinas_headunitrevived_2_0_1_debug | Start Aap transport read loop
03-12 19:21:36.649  3214  3214 I HUREV   : [2] 1.onReceive | Received request to resend night mode state
03-12 19:21:36.681  3214  4057 I HUREV   : [281] AapControlService.serviceDiscoveryRequest | Service Discovery Request: Android
03-12 19:21:36.688  3214  3214 I HUREV   : [2] 1.invoke | NightMode update: true
03-12 19:21:36.689  3214  4057 I HUREV   : [281] HeadUnitScreenConfig.recalculate | CarScreen: usable width: 1280 height: 720 (Raw: 1280x720, Insets: L0 T0 R0 B0)
03-12 19:21:36.694  3214  4057 I HUREV   : [281] HeadUnitScreenConfig.recalculate | CarScreen isSmallScreen: true, scaleFactor: 1.0
03-12 19:21:36.700  3214  4057 I HUREV   : [281] HeadUnitScreenConfig.recalculate | CarScreen using: _1280x720, number: 2, scales: scaleX: 1.0, scaleY: 1.0
03-12 19:21:36.722  3214  3226 I zygote  : Background concurrent copying GC freed 8793(804KB) AllocSpace objects, 2(264KB) LOS objects, 49% free, 3MB/7MB, paused 948us total 113.107ms
03-12 19:21:36.723  3214  4057 I HUREV   : [281] Companion.makeProto | [ServiceDiscovery] Announcing NIGHT sensor support. Strategy: SCREEN_BRIGHTNESS
03-12 19:21:36.737  3214  4057 I HUREV   : [281] Companion.makeProto | [ServiceDiscovery] NegotiatedResolution is: 1280x720
03-12 19:21:36.740  3214  4057 I HUREV   : [281] Companion.makeProto | [ServiceDiscovery] Margins are: 0x0
03-12 19:21:36.777  3214  4057 I HUREV   : [281] Companion.makeProto | BT MAC Address is empty. Skip bluetooth service
03-12 19:21:37.054  3214  4057 I HUREV   : [281] UsbAccessoryConnection.recvBlocking | USB reads recovered after 1 errors
03-12 19:21:37.079  3214  4057 I HUREV   : [281] AapControlService.audioFocusRequest | Audio Focus Request: RELEASE
03-12 19:21:37.081  3214  4057 I HUREV   : [281] AapAudio.requestFocusChange | Audio Focus Request: stream=3, type=4
03-12 19:21:37.083  3214  4057 I HUREV   : [281] AapAudio.requestFocusChange | Releasing audio focus
03-12 19:21:37.095  3214  4057 I HUREV   : [281] AapControlService.audioFocusRequest | Sending immediate AudioFocusNotification: STATE_LOSS
03-12 19:21:37.121  3214  4057 I HUREV   : [281] AapControlSensor.sensorStartRequest | Sensor Start Request sensor: DRIVING_STATUS, minUpdatePeriod: 0
03-12 19:21:37.126  3214  4057 I HUREV   : [281] AapControlSensor.sensorStartRequest | SENSOR Sensor Start Response type: 32770 flags: 11 size: 8 dataOffset: 6
03-12 19:21:37.156  3214  4057 W HUREV   : [281] AapVideo.process | AapVideo: Dropped Flag 11 packet. len=4, buf[10]=?
03-12 19:21:37.162  3214  4057 I HUREV   : [281] AapControlMedia.mediaSinkSetupRequest | Media Sink Setup Request: 3 on channel VIDEO
03-12 19:21:37.304  3214  4057 I HUREV   : [281] AapControlMedia.mediaSinkSetupRequest | Config response: status: HEADUNIT
03-12 19:21:37.304  3214  4057 I HUREV   : max_unacked: 1
03-12 19:21:37.304  3214  4057 I HUREV   : configuration_indices: 0
03-12 19:21:37.313  3214  4057 I HUREV   : [281] AapControlMedia.mediaSinkSetupRequest | Media Sink Setup Request: 1 on channel AUDIO2
03-12 19:21:37.318  3214  4057 I HUREV   : [281] AapControlMedia.mediaSinkSetupRequest | Config response: status: HEADUNIT
03-12 19:21:37.318  3214  4057 I HUREV   : max_unacked: 3
03-12 19:21:37.318  3214  4057 I HUREV   : configuration_indices: 0
03-12 19:21:37.325  3214  4057 I HUREV   : [281] AapControlSensor.sensorStartRequest | Sensor Start Request sensor: NIGHT, minUpdatePeriod: 0
03-12 19:21:37.327  3214  4057 I HUREV   : [281] AapControlSensor.sensorStartRequest | SENSOR Sensor Start Response type: 32770 flags: 11 size: 8 dataOffset: 6
03-12 19:21:37.329  3214  4057 I HUREV   : [281] AapControlSensor.sensorStartRequest | Night sensor requested. Triggering immediate update.
03-12 19:21:37.342  3214  3214 I HUREV   : [2] AapProjectionActivity.onPause | AapProjectionActivity: onPause
03-12 19:21:37.347  3214  4057 I HUREV   : [281] AapControlMedia.mediaSinkSetupRequest | Media Sink Setup Request: 1 on channel AUDIO1
03-12 19:21:37.347  3214  3214 I HUREV   : [2] AapProjectionActivity.onNewIntent | AapProjectionActivity: onNewIntent received
03-12 19:21:37.349  3214  3214 I HUREV   : [2] AapProjectionActivity.onResume | AapProjectionActivity: onResume
03-12 19:21:37.352  3214  4057 I HUREV   : [281] AapControlMedia.mediaSinkSetupRequest | Config response: status: HEADUNIT
03-12 19:21:37.352  3214  4057 I HUREV   : max_unacked: 3
03-12 19:21:37.352  3214  4057 I HUREV   : configuration_indices: 0
03-12 19:21:37.359  3214  4057 I HUREV   : [281] AapControlMedia.mediaSinkSetupRequest | Media Sink Setup Request: 1 on channel AUDIO
03-12 19:21:37.364  3214  4057 I HUREV   : [281] AapControlMedia.mediaSinkSetupRequest | Config response: status: HEADUNIT
03-12 19:21:37.364  3214  4057 I HUREV   : max_unacked: 3
03-12 19:21:37.364  3214  4057 I HUREV   : configuration_indices: 0
03-12 19:21:37.371  3214  3214 I HUREV   : [2] 1.onReceive | Received request to resend night mode state
03-12 19:21:37.378  3214  3214 I HUREV   : [2] 1.invoke | NightMode update: true
03-12 19:21:37.654  3214  4057 I HUREV   : [281] UsbAccessoryConnection.recvBlocking | USB reads recovered after 1 errors
03-12 19:21:37.659  3214  4057 W HUREV   : [281] AapVideo.process | AapVideo: Dropped Flag 11 packet. len=6, buf[10]=?
03-12 19:21:37.666  3214  4057 I HUREV   : [281] AapControlMedia.execute | RX: Video Focus Request - mode: VIDEO_FOCUS_PROJECTED, reason: UNKNOWN
03-12 19:21:38.216  3214  4057 I HUREV   : [281] UsbAccessoryConnection.recvBlocking | USB reads recovered after 3 errors
03-12 19:21:38.810  3214  4057 I HUREV   : [281] UsbAccessoryConnection.recvBlocking | USB reads recovered after 3 errors
03-12 19:21:39.203  3214  4057 I HUREV   : [281] UsbAccessoryConnection.recvBlocking | USB reads recovered after 2 errors
03-12 19:21:40.216  3214  4057 I HUREV   : [281] UsbAccessoryConnection.recvBlocking | USB reads recovered after 5 errors
03-12 19:21:40.356  3214  3214 W HUREV   : [2] 1.run | Watchdog: No video received. Requesting Keyframe (Unsolicited Focus)...
03-12 19:21:40.372  3214  4057 I HUREV   : [281] UsbAccessoryConnection.recvBlocking | USB reads recovered after 1 errors
03-12 19:21:40.375  3214  4057 W HUREV   : [281] AapVideo.process | AapVideo: Dropped Flag 11 packet. len=6, buf[10]=?
03-12 19:21:40.382  3214  4057 I HUREV   : [281] AapControlMedia.mediaStartRequest | Media Start Request VIDEO: session_id: 0
03-12 19:21:40.382  3214  4057 I HUREV   : configuration_index: 0
03-12 19:21:40.560  3214  4057 I HUREV   : [281] UsbAccessoryConnection.recvBlocking | USB reads recovered after 1 errors
03-12 19:21:40.563  3214  4057 I HUREV   : [281] AapControlService.audioFocusRequest | Audio Focus Request: GAIN
03-12 19:21:40.565  3214  4057 I HUREV   : [281] AapAudio.requestFocusChange | Audio Focus Request: stream=3, type=1
03-12 19:21:40.571  3214  4057 I HUREV   : [281] AapAudio.requestFocusChange | Audio focus request result: GRANTED
03-12 19:21:40.573  3214  4057 I HUREV   : [281] AapControlService.audioFocusRequest | Sending immediate AudioFocusNotification: STATE_GAIN
03-12 19:21:40.918  3214  4057 I HUREV   : [281] UsbAccessoryConnection.recvBlocking | USB reads recovered after 2 errors
03-12 19:21:40.925  3214  4057 I HUREV   : [281] VideoDecoder.decode | H.264/AVC config detected in frame (29 bytes)
03-12 19:21:40.929  3214  4057 I HUREV   : [281] VideoDecoder.scanForSpsPpsH264 | SPS parsed: 1280x720
03-12 19:21:40.931  3214  4057 I HUREV   : [281] AapProjectionActivity.onVideoDimensionsChanged | [AapProjectionActivity] Received video dimensions: 1280x720
03-12 19:21:40.934  3214  3214 I HUREV   : [2] GlProjectionView.setVideoSize | GlProjectionView setVideoSize: 1280x720
03-12 19:21:40.935  3214  3214 I BufferQueueConsumer: [SurfaceTexture-1-3214-0](this:0x86a9b000,id:0,api:0,p:-1,c:3214) setDefaultBufferSize: width=1280 height=720
03-12 19:21:40.963  3214  4057 W AudioCapabilities: Unsupported mime audio/x-adpcm-ms
03-12 19:21:40.967  3214  4057 W AudioCapabilities: Unsupported mime audio/x-adpcm-dvi-ima
03-12 19:21:40.969  3214  4057 W AudioCapabilities: Unsupported mime audio/alac
03-12 19:21:40.977  3214  4057 W AudioCapabilities: Unsupported mime audio/ape
03-12 19:21:41.060  3214  4057 W VideoCapabilities: Unsupported mime video/divx
03-12 19:21:41.103  3214  4057 W VideoCapabilities: Unrecognized profile/level 1/32 for video/mp4v-es
03-12 19:21:41.103  3214  4057 W VideoCapabilities: Unrecognized profile/level 32768/2 for video/mp4v-es
03-12 19:21:41.103  3214  4057 W VideoCapabilities: Unrecognized profile/level 32768/64 for video/mp4v-es
03-12 19:21:41.119  3214  4057 W VideoCapabilities: Unsupported mime video/flv1
03-12 19:21:41.143  3214  4057 W VideoCapabilities: Unsupported mime video/x-ms-wmv
03-12 19:21:41.149  3214  4057 W VideoCapabilities: Unsupported mime video/xvid
03-12 19:21:41.189  3214  4057 W VideoCapabilities: Unrecognized profile/level 1/32 for video/mp4v-es
03-12 19:21:41.197  3214  4057 I VideoCapabilities: Unsupported profile 4 for video/mp4v-es
03-12 19:21:41.247  3214  4140 I OMXClient: Treble IOmx obtained
03-12 19:21:41.309  3214  4057 I HUREV   : [281] VideoDecoder.start | Configuring decoder: OMX.MTK.VIDEO.DECODER.AVC with surface
03-12 19:21:41.311  3214  4139 D SurfaceUtils: connecting to surface 0x85abc808, reason connectToSurface
03-12 19:21:41.311  3214  4139 D Surface : Surface::connect(this=0x85abc800,api=3)
03-12 19:21:41.311  3214  4139 I BufferQueueProducer: [SurfaceTexture-1-3214-0](this:0x86a9b000,id:0,api:3,p:3214,c:3214) connect(P): api=3 producer=(3214:com.andrerinas.headunitrevived) producerControlledByApp=true
03-12 19:21:41.311  3214  4139 I MediaCodec: [OMX.MTK.VIDEO.DECODER.AVC] setting surface generation to 3291137
03-12 19:21:41.311  3214  4139 D SurfaceUtils: disconnecting from surface 0x85abc808, reason connectToSurface(reconnect)
03-12 19:21:41.311  3214  4139 D Surface : Surface::disconnect(this=0x85abc800,api=3)
03-12 19:21:41.311  3214  4139 I BufferQueueProducer: [SurfaceTexture-1-3214-0](this:0x86a9b000,id:0,api:3,p:3214,c:3214) disconnect(P): api 3
03-12 19:21:41.311  3214  4139 I BufferQueueConsumer: [SurfaceTexture-1-3214-0](this:0x86a9b000,id:0,api:3,p:-1,c:3214) getReleasedBuffers: returning mask 0xffffffffffffffff
03-12 19:21:41.311  3214  4139 D SurfaceUtils: connecting to surface 0x85abc808, reason connectToSurface(reconnect)
03-12 19:21:41.311  3214  4139 D Surface : Surface::connect(this=0x85abc800,api=3)
03-12 19:21:41.312  3214  4139 I BufferQueueProducer: [SurfaceTexture-1-3214-0](this:0x86a9b000,id:0,api:3,p:3214,c:3214) connect(P): api=3 producer=(3214:com.andrerinas.headunitrevived) producerControlledByApp=true
03-12 19:21:41.390  3214  4140 D SurfaceUtils: set up nativeWindow 0x85abc808 for 1280x720, color 0x23, rotation 0, usage 0x2933
03-12 19:21:41.390  3214  4140 W ACodec  : [OMX.MTK.VIDEO.DECODER.AVC] setting nBufferCountActual to 8 failed: -22
03-12 19:21:41.391  3214  4140 W ACodec  : [OMX.MTK.VIDEO.DECODER.AVC] setting nBufferCountActual to 7 failed: -22
03-12 19:21:41.391  3214  4140 D Surface : Surface::setBufferCount(this=0x85abc800,bufferCount=6)
03-12 19:21:41.391  3214  4140 I BufferQueueProducer: [SurfaceTexture-1-3214-0](this:0x86a9b000,id:0,api:3,p:3214,c:3214) setMaxDequeuedBufferCount: maxDequeuedBuffers = 4
03-12 19:21:41.398  3214  4140 W GrallocMapperPassthrough: buffer descriptor with invalid usage bits 0x2000
03-12 19:21:41.401  3214  4147 I HUREV   : [289] VideoDecoder.outputThreadLoop | Output thread started
03-12 19:21:41.401  3214  4057 I HUREV   : [281] VideoDecoder.start | Codec initialized: OMX.MTK.VIDEO.DECODER.AVC for stream 1280x720
03-12 19:21:41.400  3214  3214 I CodecLooper: type=1400 audit(0.0:3797): avc: denied { search } for name="clients" dev="debugfs" ino=7071 scontext=u:r:untrusted_app:s0:c512,c768 tcontext=u:object_r:debugfs_ion:s0 tclass=dir permissive=1
03-12 19:21:41.432  3214  4140 W GrallocMapperPassthrough: buffer descriptor with invalid usage bits 0x2000
03-12 19:21:41.443  3214  4140 W GrallocMapperPassthrough: buffer descriptor with invalid usage bits 0x2000
03-12 19:21:41.534  3214  4140 D BufferQueueProducer: [SurfaceTexture-1-3214-0](this:0x86a9b000,id:0,api:3,p:3214,c:3214) cancelBuffer: slot 0
03-12 19:21:41.535  3214  4140 D BufferQueueProducer: [SurfaceTexture-1-3214-0](this:0x86a9b000,id:0,api:3,p:3214,c:3214) cancelBuffer: slot 1
03-12 19:21:41.536  3214  4140 D BufferQueueProducer: [SurfaceTexture-1-3214-0](this:0x86a9b000,id:0,api:3,p:3214,c:3214) cancelBuffer: slot 2
03-12 19:21:41.539  3214  4140 D SurfaceUtils: set up nativeWindow 0x85abc808 for 1280x720, color 0x23, rotation 0, usage 0x2933
03-12 19:21:41.540  3214  4140 W ACodec  : [OMX.MTK.VIDEO.DECODER.AVC] setting nBufferCountActual to 15 failed: -22
03-12 19:21:41.540  3214  4140 W ACodec  : [OMX.MTK.VIDEO.DECODER.AVC] setting nBufferCountActual to 14 failed: -22
03-12 19:21:41.541  3214  4140 D Surface : Surface::setBufferCount(this=0x85abc800,bufferCount=13)
03-12 19:21:41.541  3214  4140 I BufferQueueProducer: [SurfaceTexture-1-3214-0](this:0x86a9b000,id:0,api:3,p:3214,c:3214) setMaxDequeuedBufferCount: maxDequeuedBuffers = 11
03-12 19:21:41.549  3214  4140 W GrallocMapperPassthrough: buffer descriptor with invalid usage bits 0x2000
03-12 19:21:41.556  3214  4140 W GrallocMapperPassthrough: buffer descriptor with invalid usage bits 0x2000
03-12 19:21:41.562  3214  4140 W GrallocMapperPassthrough: buffer descriptor with invalid usage bits 0x2000
03-12 19:21:41.575  3214  4140 W GrallocMapperPassthrough: buffer descriptor with invalid usage bits 0x2000
03-12 19:21:41.612  3214  4140 W GrallocMapperPassthrough: buffer descriptor with invalid usage bits 0x2000
03-12 19:21:41.626  3214  4140 W GrallocMapperPassthrough: buffer descriptor with invalid usage bits 0x2000
03-12 19:21:41.653  3214  4140 W GrallocMapperPassthrough: buffer descriptor with invalid usage bits 0x2000
03-12 19:21:41.772  3214  4147 I HUREV   : [289] VideoDecoder.handleOutputFormatChange | Output Format Changed: {crop-right=1279, color-format=35, slice-height=720, mime=video/raw, hdr-static-info=java.nio.HeapByteBuffer[pos=0 lim=25 cap=25], stride=1280, color-standard=1, color-transfer=3, crop-bottom=719, crop-left=0, width=1280, color-range=2, crop-top=0, height=720}
03-12 19:21:41.781  3214  4140 W GrallocMapperPassthrough: buffer descriptor with invalid usage bits 0x2000
03-12 19:21:41.817  3214  4140 W GrallocMapperPassthrough: buffer descriptor with invalid usage bits 0x2000
03-12 19:21:41.863  3214  4140 I BufferQueueProducer: [SurfaceTexture-1-3214-0](this:0x86a9b000,id:0,api:3,p:3214,c:3214) queueBuffer: slot 5 is dropped, handle=0x996c3e00
03-12 19:21:41.864  3214  4140 I BufferQueueProducer: [SurfaceTexture-1-3214-0](this:0x86a9b000,id:0,api:3,p:3214,c:3214) queueBuffer: slot 6 is dropped, handle=0x996c3ec0
03-12 19:21:41.885  3214  4140 I BufferQueueProducer: [SurfaceTexture-1-3214-0](this:0x86a9b000,id:0,api:3,p:3214,c:3214) queueBuffer: slot 7 is dropped, handle=0x996c3f80
03-12 19:21:41.901  3214  4057 I HUREV   : [281] UsbAccessoryConnection.recvBlocking | USB reads recovered after 1 errors
03-12 19:21:41.906  3214  4140 I BufferQueueProducer: [SurfaceTexture-1-3214-0](this:0x86a9b000,id:0,api:3,p:3214,c:3214) queueBuffer: slot 0 is dropped, handle=0x996c2cc0
03-12 19:21:41.924  3214  4140 I BufferQueueProducer: [SurfaceTexture-1-3214-0](this:0x86a9b000,id:0,api:3,p:3214,c:3214) queueBuffer: slot 1 is dropped, handle=0x996c3a40
03-12 19:21:41.928  3214  4090 D GraphicBuffer: register, handle(0x9b325980) (w:720 h:1280 s:720 f:0x2 u:f02)
03-12 19:21:41.940  3214  4140 I BufferQueueProducer: [SurfaceTexture-1-3214-0](this:0x86a9b000,id:0,api:3,p:3214,c:3214) queueBuffer: slot 2 is dropped, handle=0x996c3bc0
03-12 19:21:41.957  3214  4140 I BufferQueueProducer: [SurfaceTexture-1-3214-0](this:0x86a9b000,id:0,api:3,p:3214,c:3214) queueBuffer: slot 3 is dropped, handle=0x996c3c80
03-12 19:21:41.969  3214  4140 I BufferQueueProducer: [SurfaceTexture-1-3214-0](this:0x86a9b000,id:0,api:3,p:3214,c:3214) queueBuffer: slot 8 is dropped, handle=0x996c4040
03-12 19:21:42.010  3214  4140 I BufferQueueProducer: [SurfaceTexture-1-3214-0](this:0x86a9b000,id:0,api:3,p:3214,c:3214) queueBuffer: slot 10 is dropped, handle=0x996c41c0
03-12 19:21:42.022  3214  4140 I BufferQueueProducer: [SurfaceTexture-1-3214-0](this:0x86a9b000,id:0,api:3,p:3214,c:3214) queueBuffer: slot 11 is dropped, handle=0x996c4280
03-12 19:21:42.043  3214  4140 I BufferQueueProducer: [SurfaceTexture-1-3214-0](this:0x86a9b000,id:0,api:3,p:3214,c:3214) queueBuffer: slot 5 is dropped, handle=0x996c3e00
03-12 19:21:42.056  3214  4140 I BufferQueueProducer: [SurfaceTexture-1-3214-0](this:0x86a9b000,id:0,api:3,p:3214,c:3214) queueBuffer: slot 6 is dropped, handle=0x996c3ec0
03-12 19:21:42.079  3214  4140 I BufferQueueProducer: [SurfaceTexture-1-3214-0](this:0x86a9b000,id:0,api:3,p:3214,c:3214) queueBuffer: slot 7 is dropped, handle=0x996c3f80
03-12 19:21:42.096  3214  4140 I BufferQueueProducer: [SurfaceTexture-1-3214-0](this:0x86a9b000,id:0,api:3,p:3214,c:3214) queueBuffer: slot 0 is dropped, handle=0x996c2cc0
03-12 19:21:42.099  3214  4090 D GraphicBuffer: register, handle(0x9b325b00) (w:720 h:1280 s:720 f:0x2 u:f02)
03-12 19:21:42.140  3214  4140 W GrallocMapperPassthrough: buffer descriptor with invalid usage bits 0x2000
03-12 19:21:42.220  3214  4140 I BufferQueueProducer: [SurfaceTexture-1-3214-0](this:0x86a9b000,id:0,api:3,p:3214,c:3214) queueBuffer: slot 10 is dropped, handle=0x996c41c0
03-12 19:21:42.236  3214  4140 I BufferQueueProducer: [SurfaceTexture-1-3214-0](this:0x86a9b000,id:0,api:3,p:3214,c:3214) queueBuffer: slot 11 is dropped, handle=0x996c4280
03-12 19:21:42.254  3214  4140 I BufferQueueProducer: [SurfaceTexture-1-3214-0](this:0x86a9b000,id:0,api:3,p:3214,c:3214) queueBuffer: slot 5 is dropped, handle=0x996c3e00
03-12 19:21:42.270  3214  4090 D GraphicBuffer: register, handle(0x9b325bc0) (w:720 h:1280 s:720 f:0x2 u:f02)
03-12 19:21:42.270  3214  4140 I BufferQueueProducer: [SurfaceTexture-1-3214-0](this:0x86a9b000,id:0,api:3,p:3214,c:3214) queueBuffer: slot 6 is dropped, handle=0x996c3ec0
03-12 19:21:42.798  3214  4140 I BufferQueueProducer: [SurfaceTexture-1-3214-0](this:0x86a9b000,id:0,api:3,p:3214,c:3214) queueBuffer: fps=51.03 dur=1019.06 max=47.08 min=0.80
03-12 19:21:43.577  3214  4140 I BufferQueueProducer: [SurfaceTexture-1-3214-0](this:0x86a9b000,id:0,api:3,p:3214,c:3214) queueBuffer: slot 5 is dropped, handle=0x996c3e00
03-12 19:21:43.753  3214  3226 I zygote  : Background concurrent copying GC freed 19683(2MB) AllocSpace objects, 54(1024KB) LOS objects, 49% free, 4MB/9MB, paused 998us total 234.832ms
03-12 19:21:43.814  3214  4140 I BufferQueueProducer: [SurfaceTexture-1-3214-0](this:0x86a9b000,id:0,api:3,p:3214,c:3214) queueBuffer: fps=45.27 dur=1016.14 max=35.89 min=11.47
03-12 19:21:44.159  3214  4057 I HUREV   : [281] UsbAccessoryConnection.recvBlocking | USB reads recovered after 1 errors
03-12 19:21:44.817  3214  4140 I BufferQueueProducer: [SurfaceTexture-1-3214-0](this:0x86a9b000,id:0,api:3,p:3214,c:3214) queueBuffer: fps=55.80 dur=1003.61 max=64.88 min=13.33
03-12 19:21:45.824  3214  4140 I BufferQueueProducer: [SurfaceTexture-1-3214-0](this:0x86a9b000,id:0,api:3,p:3214,c:3214) queueBuffer: fps=38.76 dur=1006.26 max=94.42 min=10.08
03-12 19:21:46.361  3214  3220 I zygote  : Do partial code cache collection, code=62KB, data=61KB
03-12 19:21:46.363  3214  3220 I zygote  : After code cache collection, code=62KB, data=61KB
03-12 19:21:46.363  3214  3220 I zygote  : Increasing code cache capacity to 256KB
03-12 19:21:46.829  3214  4140 I BufferQueueProducer: [SurfaceTexture-1-3214-0](this:0x86a9b000,id:0,api:3,p:3214,c:3214) queueBuffer: fps=31.84 dur=1005.09 max=117.51 min=12.86
03-12 19:21:47.864  3214  4140 I BufferQueueProducer: [SurfaceTexture-1-3214-0](this:0x86a9b000,id:0,api:3,p:3214,c:3214) queueBuffer: fps=28.01 dur=1035.17 max=102.00 min=11.71
03-12 19:21:48.889  3214  4140 I BufferQueueProducer: [SurfaceTexture-1-3214-0](this:0x86a9b000,id:0,api:3,p:3214,c:3214) queueBuffer: fps=32.20 dur=1024.98 max=103.84 min=12.74
03-12 19:21:49.895  3214  4140 I BufferQueueProducer: [SurfaceTexture-1-3214-0](this:0x86a9b000,id:0,api:3,p:3214,c:3214) queueBuffer: fps=29.81 dur=1006.54 max=44.28 min=29.45
03-12 19:21:50.897  3214  4140 I BufferQueueProducer: [SurfaceTexture-1-3214-0](this:0x86a9b000,id:0,api:3,p:3214,c:3214) queueBuffer: fps=29.96 dur=1001.25 max=43.37 min=27.73
03-12 19:21:51.898  3214  4140 I BufferQueueProducer: [SurfaceTexture-1-3214-0](this:0x86a9b000,id:0,api:3,p:3214,c:3214) queueBuffer: fps=31.96 dur=1001.25 max=42.23 min=12.13
03-12 19:21:52.912  3214  4140 I BufferQueueProducer: [SurfaceTexture-1-3214-0](this:0x86a9b000,id:0,api:3,p:3214,c:3214) queueBuffer: fps=56.22 dur=1013.82 max=31.31 min=10.86
03-12 19:21:53.917  3214  4140 I BufferQueueProducer: [SurfaceTexture-1-3214-0](this:0x86a9b000,id:0,api:3,p:3214,c:3214) queueBuffer: fps=53.70 dur=1005.66 max=28.35 min=11.92
03-12 19:21:54.922  3214  4140 I BufferQueueProducer: [SurfaceTexture-1-3214-0](this:0x86a9b000,id:0,api:3,p:3214,c:3214) queueBuffer: fps=46.78 dur=1004.79 max=51.10 min=13.33
03-12 19:21:55.093  3214  4057 I HUREV   : [281] AapControlService.navigationFocusRequest | Navigation Focus Request: NAV_FOCUS_2
03-12 19:21:55.099  3214  4057 I HUREV   : [281] AapControlService.navigationFocusRequest | CONTROL Navigation Focus Notification type: 14 flags: 11 size: 8 dataOffset: 6
03-12 19:21:55.932  3214  4140 I BufferQueueProducer: [SurfaceTexture-1-3214-0](this:0x86a9b000,id:0,api:3,p:3214,c:3214) queueBuffer: fps=56.42 dur=1010.30 max=28.61 min=11.37
03-12 19:21:56.945  3214  4140 I BufferQueueProducer: [SurfaceTexture-1-3214-0](this:0x86a9b000,id:0,api:3,p:3214,c:3214) queueBuffer: fps=56.28 dur=1012.84 max=26.70 min=12.32
03-12 19:21:57.960  3214  4140 I BufferQueueProducer: [SurfaceTexture-1-3214-0](this:0x86a9b000,id:0,api:3,p:3214,c:3214) queueBuffer: fps=42.36 dur=1015.07 max=35.61 min=9.96
03-12 19:21:58.964  3214  4140 I BufferQueueProducer: [SurfaceTexture-1-3214-0](this:0x86a9b000,id:0,api:3,p:3214,c:3214) queueBuffer: fps=29.88 dur=1004.12 max=37.30 min=28.02
03-12 19:21:59.999  3214  4140 I BufferQueueProducer: [SurfaceTexture-1-3214-0](this:0x86a9b000,id:0,api:3,p:3214,c:3214) queueBuffer: fps=29.97 dur=1034.52 max=55.23 min=21.97
03-12 19:22:00.520  3214  3220 I zygote  : Do full code cache collection, code=125KB, data=107KB
03-12 19:22:00.524  3214  3220 I zygote  : After code cache collection, code=94KB, data=69KB
03-12 19:22:01.000  3214  4140 I BufferQueueProducer: [SurfaceTexture-1-3214-0](this:0x86a9b000,id:0,api:3,p:3214,c:3214) queueBuffer: fps=29.97 dur=1001.13 max=38.49 min=27.19
03-12 19:22:02.029  3214  4140 I BufferQueueProducer: [SurfaceTexture-1-3214-0](this:0x86a9b000,id:0,api:3,p:3214,c:3214) queueBuffer: fps=30.14 dur=1028.70 max=42.51 min=27.09
03-12 19:22:03.054  3214  4140 I BufferQueueProducer: [SurfaceTexture-1-3214-0](this:0x86a9b000,id:0,api:3,p:3214,c:3214) queueBuffer: fps=30.25 dur=1024.68 max=39.60 min=26.67
03-12 19:22:04.055  3214  4140 I BufferQueueProducer: [SurfaceTexture-1-3214-0](this:0x86a9b000,id:0,api:3,p:3214,c:3214) queueBuffer: fps=29.95 dur=1001.58 max=50.26 min=13.32
03-12 19:22:05.063  3214  4140 I BufferQueueProducer: [SurfaceTexture-1-3214-0](this:0x86a9b000,id:0,api:3,p:3214,c:3214) queueBuffer: fps=29.78 dur=1007.52 max=60.12 min=15.76
03-12 19:22:05.217  3214  4057 I HUREV   : [281] AapControlService.navigationFocusRequest | Navigation Focus Request: NAV_FOCUS_1
03-12 19:22:05.219  3214  4057 I HUREV   : [281] AapControlService.navigationFocusRequest | CONTROL Navigation Focus Notification type: 14 flags: 11 size: 8 dataOffset: 6
03-12 19:22:06.068  3214  4140 I BufferQueueProducer: [SurfaceTexture-1-3214-0](this:0x86a9b000,id:0,api:3,p:3214,c:3214) queueBuffer: fps=59.67 dur=1005.48 max=30.89 min=10.47
03-12 19:22:07.081  3214  4140 I BufferQueueProducer: [SurfaceTexture-1-3214-0](this:0x86a9b000,id:0,api:3,p:3214,c:3214) queueBuffer: fps=58.24 dur=1012.98 max=25.44 min=11.27
03-12 19:22:07.695  3214  4057 I HUREV   : [281] UsbAccessoryConnection.recvBlocking | USB reads recovered after 2 errors
03-12 19:22:08.088  3214  4140 I BufferQueueProducer: [SurfaceTexture-1-3214-0](this:0x86a9b000,id:0,api:3,p:3214,c:3214) queueBuffer: fps=34.75 dur=1007.31 max=422.01 min=10.24
03-12 19:22:09.245  3214  4057 I HUREV   : [281] UsbAccessoryConnection.recvBlocking | USB reads recovered after 5 errors
03-12 19:22:09.783  3214  4057 I HUREV   : [281] UsbAccessoryConnection.recvBlocking | USB reads recovered after 3 errors
03-12 19:22:09.797  3214  4140 I BufferQueueProducer: [SurfaceTexture-1-3214-0](this:0x86a9b000,id:0,api:3,p:3214,c:3214) queueBuffer: fps=8.19 dur=1708.89 max=1425.45 min=11.51
03-12 19:22:09.936  3214  4057 W HUREV   : [281] AapVideo.process | AapVideo: Dropped Flag 11 packet. len=6, buf[10]=?
03-12 19:22:09.939  3214  4057 I HUREV   : [281] AapControlMedia.execute | RX: Video Focus Request - mode: VIDEO_FOCUS_NATIVE, reason: UNKNOWN
03-12 19:22:09.940  3214  4057 I HUREV   : [281] AapControlMedia.execute | Video Focus NATIVE received. User likely clicked Exit. Stopping transport.
03-12 19:22:09.942  3214  4057 I HUREV   : [281] AapTransport.stop$com_andrerinas_headunitrevived_2_0_1_debug | AapTransport stopping and sending byebye
03-12 19:22:10.098  3214  4057 I HUREV   : [281] AapTransport.quit$com_andrerinas_headunitrevived_2_0_1_debug | AapTransport quitting (clean=false)
03-12 19:22:10.106  3214  4041 I HUREV   : [277] AapTransport.quit$com_andrerinas_headunitrevived_2_0_1_debug | AapTransport quitting (clean=false)
03-12 19:22:10.106  3214  4041 D UsbDeviceConnectionJNI: close
03-12 19:22:10.111  3214  4041 I HUREV   : [277] UsbAccessoryConnection.disconnect | Google 18D1:2D00 - UsbDevice[mName=/dev/bus/usb/001/005,mVendorId=6353,mProductId=11520,mClass=0,mSubclass=0,mProtocol=0,mManufacturerName=Android,mProductName=VehiConn_CBE4,mVersion=2.0,mSerialNumber=LY0123456789,mConfigurations=[
03-12 19:22:10.111  3214  4041 I HUREV   : UsbConfiguration[mId=1,mName=accessory,mAttributes=128,mMaxPower=75,mInterfaces=[
03-12 19:22:10.111  3214  4041 I HUREV   : UsbInterface[mId=0,mAlternateSetting=0,mName=Android Accessory Interface,mClass=255,mSubclass=255,mProtocol=0,mEndpoints=[
03-12 19:22:10.111  3214  4041 I HUREV   : UsbEndpoint[mAddress=129,mAttributes=2,mMaxPacketSize=512,mInterval=0]
03-12 19:22:10.111  3214  4041 I HUREV   : UsbEndpoint[mAddress=1,mAttributes=2,mMaxPacketSize=512,mInterval=0]]]]
03-12 19:22:10.111  3214  4041 E UsbDeviceConnectionJNI: device is closed in native_release_interface
03-12 19:22:10.113  3214  4041 E HUREV   : [277] UsbAccessoryConnection.disconnect | Error releaseInterface()
03-12 19:22:10.174  3214  3214 I HUREV   : [2] AapService.scheduleReconnectIfNeeded | AapService: USB disconnect. Scheduling reconnect check in 3000ms...
03-12 19:22:10.181  3214  4147 I HUREV   : [289] VideoDecoder.outputThreadLoop | Output thread stopped
03-12 19:22:10.195  3214  4140 D BufferQueueProducer: [SurfaceTexture-1-3214-0](this:0x86a9b000,id:0,api:3,p:3214,c:3214) cancelBuffer: slot 0
03-12 19:22:10.199  3214  4140 D BufferQueueProducer: [SurfaceTexture-1-3214-0](this:0x86a9b000,id:0,api:3,p:3214,c:3214) cancelBuffer: slot 4
03-12 19:22:10.200  3214  4140 D BufferQueueProducer: [SurfaceTexture-1-3214-0](this:0x86a9b000,id:0,api:3,p:3214,c:3214) cancelBuffer: slot 5
03-12 19:22:10.201  3214  4140 D BufferQueueProducer: [SurfaceTexture-1-3214-0](this:0x86a9b000,id:0,api:3,p:3214,c:3214) cancelBuffer: slot 6
03-12 19:22:10.202  3214  4140 D BufferQueueProducer: [SurfaceTexture-1-3214-0](this:0x86a9b000,id:0,api:3,p:3214,c:3214) cancelBuffer: slot 7
03-12 19:22:10.203  3214  4140 D BufferQueueProducer: [SurfaceTexture-1-3214-0](this:0x86a9b000,id:0,api:3,p:3214,c:3214) cancelBuffer: slot 8
03-12 19:22:10.204  3214  4140 D BufferQueueProducer: [SurfaceTexture-1-3214-0](this:0x86a9b000,id:0,api:3,p:3214,c:3214) cancelBuffer: slot 9
03-12 19:22:10.204  3214  4140 D BufferQueueProducer: [SurfaceTexture-1-3214-0](this:0x86a9b000,id:0,api:3,p:3214,c:3214) cancelBuffer: slot 10
03-12 19:22:10.205  3214  4140 D BufferQueueProducer: [SurfaceTexture-1-3214-0](this:0x86a9b000,id:0,api:3,p:3214,c:3214) cancelBuffer: slot 11
03-12 19:22:10.206  3214  4140 D BufferQueueProducer: [SurfaceTexture-1-3214-0](this:0x86a9b000,id:0,api:3,p:3214,c:3214) cancelBuffer: slot 12
03-12 19:22:10.207  3214  4139 D SurfaceUtils: disconnecting from surface 0x85abc808, reason disconnectFromSurface
03-12 19:22:10.207  3214  4139 D Surface : Surface::disconnect(this=0x85abc800,api=3)
03-12 19:22:10.207  3214  4139 I BufferQueueProducer: [SurfaceTexture-1-3214-0](this:0x86a9b000,id:0,api:3,p:3214,c:3214) disconnect(P): api 3
03-12 19:22:10.207  3214  4139 I BufferQueueConsumer: [SurfaceTexture-1-3214-0](this:0x86a9b000,id:0,api:3,p:-1,c:3214) getReleasedBuffers: returning mask 0xffffffffffffffff
03-12 19:22:10.259  3214  4041 I HUREV   : [277] VideoDecoder.stop | Decoder stopped: AapService::onDisconnect
03-12 19:22:10.262  3214  3214 I HUREV   : [2] AapProjectionActivity.onPause | AapProjectionActivity: onPause
03-12 19:22:10.588  3214  4090 E [EGL-ERROR]: __egl_platform_cancel_buffers:644: surface->num_buffers(4)
03-12 19:22:10.589  3214  4090 D Surface : Surface::disconnect(this=0x85a25000,api=1)
03-12 19:22:10.589  3214  4090 D GraphicBuffer: unregister, handle(0x9b325080) (w:720 h:1280 s:720 f:0x2 u:f02)
03-12 19:22:10.589  3214  4090 D GraphicBuffer: unregister, handle(0x9b325980) (w:720 h:1280 s:720 f:0x2 u:f02)
03-12 19:22:10.590  3214  4090 D GraphicBuffer: unregister, handle(0x9b325b00) (w:720 h:1280 s:720 f:0x2 u:f02)
03-12 19:22:10.590  3214  4090 D GraphicBuffer: unregister, handle(0x9b325bc0) (w:720 h:1280 s:720 f:0x2 u:f02)
03-12 19:22:10.592  3214  3214 D Surface : Surface::disconnect(this=0x85a25000,api=-1)
03-12 19:22:10.596  3214  4091 E [EGL-ERROR]: __egl_platform_cancel_buffers:644: surface->num_buffers(4)
03-12 19:22:10.597  3214  4091 D Surface : Surface::disconnect(this=0x8627f800,api=1)
03-12 19:22:10.597  3214  4091 D GraphicBuffer: unregister, handle(0x996c3500) (w:720 h:1280 s:720 f:0x1 u:f02)
03-12 19:22:10.597  3214  4091 D GraphicBuffer: unregister, handle(0x996c3980) (w:720 h:1280 s:720 f:0x1 u:f02)
03-12 19:22:10.597  3214  4091 D GraphicBuffer: unregister, handle(0x996c3b00) (w:720 h:1280 s:720 f:0x1 u:f02)
03-12 19:22:10.724  3214  3214 I HUREV   : [2] AapProjectionActivity.onDestroy | AapProjectionActivity.onDestroy called. isFinishing=true
