03-12 19:24:01.465  3214  4091 D GraphicBuffer: unregister, handle(0x996c4040) (w:720 h:1280 s:720 f:0x1 u:f02)
03-12 19:24:01.570  3214  3214 I HUREV   : [2] AapProjectionActivity.onDestroy | AapProjectionActivity.onDestroy called. isFinishing=true
03-12 19:24:01.580  3214  3214 I HUREV   : [2] AapProjectionActivity.onDestroy | AapProjectionActivity.onDestroy called. isFinishing=true
03-12 19:24:01.582  3214  3214 I BufferQueueConsumer: [SurfaceTexture-1-3214-9](this:0x81378000,id:9,api:0,p:-1,c:-1) disconnect(C)
03-12 19:24:01.586  3214  3214 D View    : [Warning] assignParent to null: this = DecorView@1ef4138[AapProjectionActivity]
03-12 19:24:01.591  3214  3214 D WindowClient: Remove from mViews: DecorView@1ef4138[AapProjectionActivity], this = android.view.WindowManagerGlobal@c07fdf
03-12 19:24:01.592  3214  3214 I HUREV   : [2] AapProjectionActivity.onSurfaceDestroyed | SurfaceCallback: onSurfaceDestroyed. Surface: Surface(name=android.graphics.SurfaceTexture@7516868)/@0x256dc80
03-12 19:24:01.594  3214  3214 I HUREV   : [2] VideoDecoder.stop | Decoder stopped: surfaceDestroyed
03-12 19:24:05.438  3214  4091 D GraphicBuffer: register, handle(0x85e26bc0) (w:720 h:1280 s:720 f:0x1 u:f02)
03-12 19:24:05.781  3214  3214 I HUREV   : [2] HomeFragment.attemptAutoConnect | Auto-connect: Attempting USB connection to Google 18D1:2D00
03-12 19:24:05.797  3214  3214 I HUREV   : [2] HomeFragment.attemptSingleUsbAutoConnect | HomeFragment: Requesting single-USB auto-connect via AapService
03-12 19:24:05.995  3214  3214 D WindowClient: Add to mViews: DecorView@490c40e[SettingsActivity], this = android.view.WindowManagerGlobal@c07fdf
03-12 19:24:05.998  3214  3214 D ViewRootImpl[SettingsActivity]: hardware acceleration = true , fakeHwAccelerated = false, sRendererDisabled = false, forceHwAccelerated = false, sSystemRendererDisabled = false
03-12 19:24:06.009  3214  3214 D WindowClient: Add to mViews: android.widget.LinearLayout{b969028 V.E...... ......I. 0,0-0,0}, this = android.view.WindowManagerGlobal@c07fdf
03-12 19:24:06.011  3214  3214 D ViewRootImpl[Toast]: hardware acceleration = true , fakeHwAccelerated = false, sRendererDisabled = false, forceHwAccelerated = false, sSystemRendererDisabled = false
03-12 19:24:06.028  3214  3214 I HUREV   : [2] AapService.checkAlreadyConnectedUsb | Found device already in accessory mode: Google 18D1:2D00
03-12 19:24:06.041  3214  3214 I HUREV   : [2] AapService.checkAlreadyConnectedUsb | Found device already in accessory mode: Google 18D1:2D00
03-12 19:24:06.083  3214  3214 D Surface : Surface::allocateBuffers(this=0x85e50000)
03-12 19:24:06.083  3214  4091 D Surface : Surface::connect(this=0x85e50000,api=1)
03-12 19:24:06.093  3214  4091 D Surface : Surface::setBufferCount(this=0x85e50000,bufferCount=4)
03-12 19:24:06.442  3214  3214 D Surface : Surface::allocateBuffers(this=0x85e50800)
03-12 19:24:06.442  3214  4091 D Surface : Surface::connect(this=0x85e50800,api=1)
03-12 19:24:06.445  3214  4091 D Surface : Surface::setBufferCount(this=0x85e50800,bufferCount=4)
03-12 19:24:06.450  3214  4043 D UsbDeviceConnectionJNI: close
03-12 19:24:06.455  3214  4043 I HUREV   : [279] UsbAccessoryConnection.disconnect | Google 18D1:2D00 - UsbDevice[mName=/dev/bus/usb/001/007,mVendorId=6353,mProductId=11520,mClass=0,mSubclass=0,mProtocol=0,mManufacturerName=Android,mProductName=VehiConn_CBE4,mVersion=2.0,mSerialNumber=LY0123456789,mConfigurations=[
03-12 19:24:06.455  3214  4043 I HUREV   : UsbConfiguration[mId=1,mName=accessory,mAttributes=128,mMaxPower=75,mInterfaces=[
03-12 19:24:06.455  3214  4043 I HUREV   : UsbInterface[mId=0,mAlternateSetting=0,mName=Android Accessory Interface,mClass=255,mSubclass=255,mProtocol=0,mEndpoints=[
03-12 19:24:06.455  3214  4043 I HUREV   : UsbEndpoint[mAddress=129,mAttributes=2,mMaxPacketSize=512,mInterval=0]
03-12 19:24:06.455  3214  4043 I HUREV   : UsbEndpoint[mAddress=1,mAttributes=2,mMaxPacketSize=512,mInterval=0]]]]
03-12 19:24:06.456  3214  4043 E UsbDeviceConnectionJNI: device is closed in native_release_interface
03-12 19:24:06.456  3214  4043 E HUREV   : [279] UsbAccessoryConnection.disconnect | Error releaseInterface()
03-12 19:24:06.460  3214  4043 I HUREV   : [279] UsbAccessoryConnection.usbOpen | Established connection: android.hardware.usb.UsbDeviceConnection@243489f
03-12 19:24:06.460  3214  4043 I HUREV   : [279] UsbAccessoryConnection.usbOpen | interfaceCount: 1
03-12 19:24:06.461  3214  4043 I HUREV   : [279] UsbAccessoryConnection.initEndpoint | Check accessory endpoints
03-12 19:24:06.462  3214  4043 I HUREV   : [279] UsbAccessoryConnection.initEndpoint | Connected have EPs
03-12 19:24:06.491  3214  4091 D GraphicBuffer: register, handle(0x85e26a40) (w:720 h:1280 s:720 f:0x1 u:f02)
03-12 19:24:06.508  3214  4091 D GraphicBuffer: register, handle(0x85e26b00) (w:56 h:303 s:64 f:0x1 u:f02)
03-12 19:24:06.596  3214  4091 D GraphicBuffer: register, handle(0x85e26740) (w:720 h:1280 s:720 f:0x1 u:f02)
03-12 19:24:06.617  3214  4043 I HUREV   : [279] AapTransport.startHandshake$com_andrerinas_headunitrevived_2_0_1_debug | Start Aap transport handshake for com.andrerinas.headunitrevived.connection.UsbAccessoryConnection@dc285b5
03-12 19:24:06.644  3214  4091 E [EGL-ERROR]: __egl_platform_cancel_buffers:644: surface->num_buffers(4)
03-12 19:24:06.645  3214  4091 D Surface : Surface::disconnect(this=0x85a2f000,api=1)
03-12 19:24:06.645  3214  4091 D GraphicBuffer: unregister, handle(0x85e26bc0) (w:720 h:1280 s:720 f:0x1 u:f02)
03-12 19:24:06.646  3214  4091 D GraphicBuffer: unregister, handle(0x85e25780) (w:720 h:1280 s:720 f:0x1 u:f02)
03-12 19:24:06.646  3214  4091 D GraphicBuffer: unregister, handle(0x996c4340) (w:720 h:1280 s:720 f:0x1 u:f02)
03-12 19:24:06.670  3214  3226 I zygote  : Background concurrent copying GC freed 61589(2MB) AllocSpace objects, 6(2MB) LOS objects, 43% free, 7MB/13MB, paused 133us total 173.654ms
03-12 19:24:06.701  3214  3220 I zygote  : Do partial code cache collection, code=1013KB, data=725KB
03-12 19:24:06.704  3214  3220 I zygote  : After code cache collection, code=1013KB, data=725KB
03-12 19:24:06.704  3214  3220 I zygote  : Increasing code cache capacity to 3MB
03-12 19:24:06.729  3214  3224 I BufferQueue: [SurfaceTexture-1-3214-7](this:0x83918000,id:7,api:0,p:-1,c:-1) ~BufferQueueCore
03-12 19:24:06.737  3214  3224 I BufferQueue: [SurfaceTexture-1-3214-8](this:0x8523b000,id:8,api:0,p:-1,c:-1) ~BufferQueueCore
03-12 19:24:06.767  3214  3214 D HookText: remove Node { textView:null, text:Rozłącz}
03-12 19:24:06.767  3214  3214 D HookText: remove Node { textView:null, text:Android Auto uruchamia się…}
03-12 19:24:06.767  3214  3214 D HookText: remove Node { textView:null, text:Rozłącz}
03-12 19:24:06.767  3214  3214 D HookText: remove Node { textView:null, text:Android Auto uruchamia się…}
03-12 19:24:06.767  3214  3214 D HookText: remove Node { textView:null, text:Rozłącz}
03-12 19:24:06.767  3214  3214 D HookText: remove Node { textView:null, text:Android Auto uruchamia się…}
03-12 19:24:06.768  3214  3214 D HookText: remove Node { textView:null, text:Rozłącz}
03-12 19:24:06.768  3214  3214 D HookText: remove Node { textView:null, text:Android Auto uruchamia się…}
03-12 19:24:06.768  3214  3214 D HookText: remove Node { textView:null, text:Auto-łączenie z urządzeniem USB…}
03-12 19:24:06.768  3214  3214 D HookText: remove Node { textView:null, text:Tryb samodzielny}
03-12 19:24:06.768  3214  3214 D HookText: remove Node { textView:null, text:Wi-Fi}
03-12 19:24:06.768  3214  3214 D HookText: remove Node { textView:null, text:Rozłącz}
03-12 19:24:06.768  3214  3214 D HookText: remove Node { textView:null, text:Android Auto uruchamia się…}
03-12 19:24:06.768  3214  3214 D HookText: remove Node { textView:null, text:Rozłącz}
03-12 19:24:06.768  3214  3214 D HookText: remove Node { textView:null, text:Android Auto uruchamia się…}
03-12 19:24:06.768  3214  3214 D HookText: remove Node { textView:null, text:Rozłącz}
03-12 19:24:06.768  3214  3214 D HookText: remove Node { textView:null, text:Android Auto uruchamia się…}
03-12 19:24:06.768  3214  3214 D HookText: remove Node { textView:null, text:Rozłącz}
03-12 19:24:06.768  3214  3214 D HookText: remove Node { textView:null, text:Android Auto uruchamia się…}
03-12 19:24:06.768  3214  3214 D HookText: remove Node { textView:null, text:Wyjdź}
03-12 19:24:06.768  3214  3224 I BufferQueue: [SurfaceTexture-1-3214-9](this:0x81378000,id:9,api:0,p:-1,c:-1) ~BufferQueueCore
03-12 19:24:06.768  3214  3214 D HookText: remove Node { textView:null, text:Ustawienia}
03-12 19:24:06.768  3214  3214 D HookText: remove Node { textView:null, text:USB}
03-12 19:24:06.837  3214  3214 I HUREV   : [2] AapProjectionActivity.onCreate | HeadUnit for Android Auto (tm) - Copyright 2011-2015 Michael A. Reid., since 2025 André Rinas All Rights Reserved...
03-12 19:24:06.838  3214  3214 I HUREV   : [2] AapProjectionActivity.onCreate | Using GlProjectionView
03-12 19:24:06.846  3214  3214 I HUREV   : [2] HeadUnitScreenConfig.recalculate | CarScreen: usable width: 1280 height: 720 (Raw: 1280x720, Insets: L0 T0 R0 B0)
03-12 19:24:06.847  3214  3214 I HUREV   : [2] HeadUnitScreenConfig.recalculate | CarScreen isSmallScreen: true, scaleFactor: 1.0
03-12 19:24:06.849  3214  3214 I HUREV   : [2] HeadUnitScreenConfig.recalculate | CarScreen using: _1280x720, number: 2, scales: scaleX: 1.0, scaleY: 1.0
03-12 19:24:06.869  3214  3214 I HUREV   : [2] AapProjectionActivity.onResume | AapProjectionActivity: onResume
03-12 19:24:06.880  3214  3214 D WindowClient: Add to mViews: DecorView@f960a29[AapProjectionActivity], this = android.view.WindowManagerGlobal@c07fdf
03-12 19:24:06.882  3214  3214 D ViewRootImpl[AapProjectionActivity]: hardware acceleration = true , fakeHwAccelerated = false, sRendererDisabled = false, forceHwAccelerated = false, sSystemRendererDisabled = false
03-12 19:24:06.923  3214  4091 D Surface : Surface::connect(this=0x8627f800,api=1)
03-12 19:24:06.925  3214  4091 D Surface : Surface::setBufferCount(this=0x8627f800,bufferCount=4)
03-12 19:24:06.945  3214  4614 D Surface : Surface::connect(this=0x85d79800,api=1)
03-12 19:24:06.947  3214  4614 D Surface : Surface::setBufferCount(this=0x85d79800,bufferCount=4)
03-12 19:24:06.950  3214  4614 D GraphicBuffer: register, handle(0x9b325a40) (w:720 h:1280 s:720 f:0x2 u:f02)
03-12 19:24:06.952  3214  4614 I HUREV   : [1411] VideoRenderer.onSurfaceCreated | GlProjectionView: onSurfaceCreated (GL Context)
03-12 19:24:06.954  3214  4091 D GraphicBuffer: register, handle(0x85e25780) (w:720 h:1280 s:720 f:0x1 u:f02)
03-12 19:24:06.955  3214  4614 I BufferQueue: [unnamed-3214-10](this:0x8390e000,id:10,api:0,p:-1,c:-1) BufferQueue core=(3214:com.andrerinas.headunitrevived)
03-12 19:24:06.955  3214  4614 E DumpTunnel: finding regDump() failed
03-12 19:24:06.956  3214  4614 I BufferQueueConsumer: [unnamed-3214-10](this:0x8390e000,id:10,api:0,p:-1,c:3214) connect(C): consumer=(3214:com.andrerinas.headunitrevived) controlledByApp=true
03-12 19:24:06.956  3214  4614 I BufferQueueConsumer: [unnamed-3214-10](this:0x8390e000,id:10,api:0,p:-1,c:3214) setConsumerName: unnamed-3214-10
03-12 19:24:06.956  3214  4614 I BufferQueueConsumer: [SurfaceTexture-1-3214-10](this:0x8390e000,id:10,api:0,p:-1,c:3214) setConsumerName: SurfaceTexture-1-3214-10
03-12 19:24:06.959  3214  4614 I HUREV   : [1411] VideoRenderer.onSurfaceChanged | GlProjectionView: onSurfaceChanged: 1280x720
03-12 19:24:06.970  3214  4614 D GraphicBuffer: register, handle(0x9b325d40) (w:720 h:1280 s:720 f:0x2 u:f02)
03-12 19:24:06.985  3214  4091 D GraphicBuffer: register, handle(0x85e26bc0) (w:720 h:1280 s:720 f:0x1 u:f02)
03-12 19:24:06.999  3214  4091 D GraphicBuffer: register, handle(0x85e25540) (w:720 h:1280 s:720 f:0x1 u:f02)
03-12 19:24:07.001  3214  3214 I HUREV   : [2] VideoRenderer.onSurfaceCreated$lambda$4 | GlProjectionView: Reporting Surface Created
03-12 19:24:07.002  3214  3214 I HUREV   : [2] AapProjectionActivity.onSurfaceCreated | [AapProjectionActivity] onSurfaceCreated
03-12 19:24:07.004  3214  3214 I HUREV   : [2] AapProjectionActivity.onSurfaceChanged | [AapProjectionActivity] onSurfaceChanged. Actual surface dimensions: width=1280, height=720
03-12 19:24:07.006  3214  3214 I HUREV   : [2] VideoDecoder.setSurface | New surface set: Surface(name=android.graphics.SurfaceTexture@e7400e0)/@0xca4310d
03-12 19:24:07.007  3214  3214 I HUREV   : [2] AapProjectionActivity.onSurfaceChanged | [AapProjectionActivity] Decoder already has dimensions: 1280x720. Applying to view.
03-12 19:24:07.008  3214  3214 I HUREV   : [2] GlProjectionView.setVideoSize | GlProjectionView setVideoSize: 1280x720
03-12 19:24:07.008  3214  3214 I BufferQueueConsumer: [SurfaceTexture-1-3214-10](this:0x8390e000,id:10,api:0,p:-1,c:3214) setDefaultBufferSize: width=1280 height=720
03-12 19:24:07.038  3214  4091 D GraphicBuffer: register, handle(0x996c3b00) (w:720 h:1280 s:720 f:0x1 u:f02)
03-12 19:24:07.062  3214  4091 E [EGL-ERROR]: __egl_platform_cancel_buffers:644: surface->num_buffers(4)
03-12 19:24:07.062  3214  4091 D Surface : Surface::disconnect(this=0x85e50000,api=1)
03-12 19:24:07.063  3214  4091 D GraphicBuffer: unregister, handle(0x85e25780) (w:720 h:1280 s:720 f:0x1 u:f02)
03-12 19:24:07.063  3214  4091 D GraphicBuffer: unregister, handle(0x85e26740) (w:720 h:1280 s:720 f:0x1 u:f02)
03-12 19:24:07.063  3214  4091 D GraphicBuffer: unregister, handle(0x85e26a40) (w:720 h:1280 s:720 f:0x1 u:f02)
03-12 19:24:07.086  3214  4091 D GraphicBuffer: register, handle(0x85e26740) (w:720 h:1280 s:720 f:0x1 u:f02)
03-12 19:24:07.135  3214  4043 D HUREV   : [279] AapTransport.handshake | Handshake: Starting version request. TS: 2613950
03-12 19:24:07.136  3214  4043 D HUREV   : [279] AapTransport.handshake | Handshake: Version request sent. ret: 10. attempt: 1. TS: 2613951
03-12 19:24:07.136  3214  4043 D HUREV   : [279] AapTransport.handshake | Handshake: Waiting for version response. TS: 2613952
03-12 19:24:07.800  3214  4091 E [EGL-ERROR]: __egl_platform_cancel_buffers:644: surface->num_buffers(4)
03-12 19:24:07.800  3214  4091 D Surface : Surface::disconnect(this=0x85e50800,api=1)
03-12 19:24:07.800  3214  4091 D GraphicBuffer: unregister, handle(0x85e26b00) (w:56 h:303 s:64 f:0x1 u:f02)
03-12 19:24:07.802  3214  3214 D View    : [Warning] assignParent to null: this = android.widget.LinearLayout{b969028 V.E...... ......ID 0,0-303,56}
03-12 19:24:07.810  3214  3214 D WindowClient: Remove from mViews: android.widget.LinearLayout{b969028 V.E...... ......ID 0,0-303,56}, this = android.view.WindowManagerGlobal@c07fdf
03-12 19:24:09.134  3214  4043 W HUREV   : [279] AapTransport.handshake | Handshake: No VERSION_RESPONSE within 2s (attempt 1), ret=-1
03-12 19:24:09.336  3214  4043 D HUREV   : [279] AapTransport.handshake | Handshake: Version request sent. ret: 10. attempt: 2. TS: 2616151
03-12 19:24:09.337  3214  4043 D HUREV   : [279] AapTransport.handshake | Handshake: Waiting for version response. TS: 2616152
03-12 19:24:09.872  3214  3214 W HUREV   : [2] 1.run | Watchdog: No video received. Requesting Keyframe (Unsolicited Focus)...
03-12 19:24:11.334  3214  4043 W HUREV   : [279] AapTransport.handshake | Handshake: No VERSION_RESPONSE within 2s (attempt 2), ret=-1
03-12 19:24:11.535  3214  4043 D HUREV   : [279] AapTransport.handshake | Handshake: Version request sent. ret: 10. attempt: 3. TS: 2618350
03-12 19:24:11.536  3214  4043 D HUREV   : [279] AapTransport.handshake | Handshake: Waiting for version response. TS: 2618351
03-12 19:24:12.876  3214  3214 W HUREV   : [2] 1.run | Watchdog: No video received. Requesting Keyframe (Unsolicited Focus)...
03-12 19:24:13.534  3214  4043 W HUREV   : [279] AapTransport.handshake | Handshake: No VERSION_RESPONSE within 2s (attempt 3), ret=-1
03-12 19:24:13.736  3214  4043 E HUREV   : [279] AapTransport.handshake | Handshake: Version request/response failed after 3 attempt(s). last ret: -1
03-12 19:24:13.736  3214  4043 I HUREV   : [279] AapTransport.quit$com_andrerinas_headunitrevived_2_0_1_debug | AapTransport quitting (clean=false)
03-12 19:24:13.739  3214  4043 E HUREV   : [279] AapTransport.startHandshake$com_andrerinas_headunitrevived_2_0_1_debug | Handshake failed
03-12 19:24:13.743  3214  3214 W HUREV   : [2] AapService.onHandshakeFailed | Handshake failed on accessory device Google 18D1:2D00 (failure #1)
03-12 19:24:13.752  3214  3214 I HUREV   : [2] AapProjectionActivity.onPause | AapProjectionActivity: onPause
03-12 19:24:13.830  3214  3214 D Surface : Surface::allocateBuffers(this=0x85e50800)
03-12 19:24:13.830  3214  4091 D Surface : Surface::connect(this=0x85e50800,api=1)
03-12 19:24:13.842  3214  4091 D Surface : Surface::setBufferCount(this=0x85e50800,bufferCount=4)
03-12 19:24:13.890  3214  4091 D GraphicBuffer: register, handle(0x996c3c80) (w:720 h:1280 s:720 f:0x1 u:f02)
03-12 19:24:13.958  3214  4091 D GraphicBuffer: register, handle(0x996c4ac0) (w:720 h:1280 s:720 f:0x1 u:f02)
03-12 19:24:13.963  3214  4614 E [EGL-ERROR]: __egl_platform_cancel_buffers:644: surface->num_buffers(4)
03-12 19:24:13.964  3214  4614 D Surface : Surface::disconnect(this=0x85d79800,api=1)
03-12 19:24:13.964  3214  4614 D GraphicBuffer: unregister, handle(0x9b325a40) (w:720 h:1280 s:720 f:0x2 u:f02)
03-12 19:24:13.964  3214  4614 D GraphicBuffer: unregister, handle(0x9b325d40) (w:720 h:1280 s:720 f:0x2 u:f02)
03-12 19:24:13.966  3214  3214 D Surface : Surface::disconnect(this=0x85d79800,api=-1)
03-12 19:24:13.972  3214  4091 E [EGL-ERROR]: __egl_platform_cancel_buffers:644: surface->num_buffers(4)
03-12 19:24:13.973  3214  4091 D Surface : Surface::disconnect(this=0x8627f800,api=1)
03-12 19:24:13.973  3214  4091 D GraphicBuffer: unregister, handle(0x85e26bc0) (w:720 h:1280 s:720 f:0x1 u:f02)
03-12 19:24:13.974  3214  4091 D GraphicBuffer: unregister, handle(0x85e25540) (w:720 h:1280 s:720 f:0x1 u:f02)
03-12 19:24:13.974  3214  4091 D GraphicBuffer: unregister, handle(0x996c3b00) (w:720 h:1280 s:720 f:0x1 u:f02)
03-12 19:24:13.974  3214  4091 D GraphicBuffer: unregister, handle(0x85e26740) (w:720 h:1280 s:720 f:0x1 u:f02)
03-12 19:24:14.082  3214  3214 I HUREV   : [2] AapProjectionActivity.onDestroy | AapProjectionActivity.onDestroy called. isFinishing=true
03-12 19:24:14.084  3214  3214 I BufferQueueConsumer: [SurfaceTexture-1-3214-10](this:0x8390e000,id:10,api:0,p:-1,c:-1) disconnect(C)
03-12 19:24:14.087  3214  3214 D View    : [Warning] assignParent to null: this = DecorView@f960a29[AapProjectionActivity]
03-12 19:24:14.093  3214  3214 D WindowClient: Remove from mViews: DecorView@f960a29[AapProjectionActivity], this = android.view.WindowManagerGlobal@c07fdf
03-12 19:24:14.095  3214  3214 I HUREV   : [2] AapProjectionActivity.onSurfaceDestroyed | SurfaceCallback: onSurfaceDestroyed. Surface: Surface(name=android.graphics.SurfaceTexture@e7400e0)/@0xca4310d
03-12 19:24:14.096  3214  3214 I HUREV   : [2] VideoDecoder.stop | Decoder stopped: surfaceDestroyed
03-12 19:24:15.205  3214  4091 D GraphicBuffer: register, handle(0x996c3b00) (w:720 h:1280 s:720 f:0x1 u:f02)
03-12 19:24:15.744  3214  4091 D GraphicBuffer: register, handle(0x85e25540) (w:720 h:1280 s:720 f:0x1 u:f02)
03-12 19:24:16.710  3214  4091 D HWUIExtension: MTKProgramCache.generateProgram: 562949953421313
03-12 19:24:16.711  3214  4091 D HWUIExtension: createProgram 0x0002000000000001, binary 0xa5722fe4, length 2736, format 36705 within 332ns
03-12 19:24:19.213  3214  3214 D WindowClient: Add to mViews: android.widget.LinearLayout{53cd032 V.E...... ......I. 0,0-0,0}, this = android.view.WindowManagerGlobal@c07fdf
03-12 19:24:19.217  3214  3214 D ViewRootImpl[Toast]: hardware acceleration = true , fakeHwAccelerated = false, sRendererDisabled = false, forceHwAccelerated = false, sSystemRendererDisabled = false
03-12 19:24:19.243  3214  3214 D Surface : Surface::allocateBuffers(this=0x8629c000)
03-12 19:24:19.243  3214  4091 D Surface : Surface::connect(this=0x8629c000,api=1)
03-12 19:24:19.246  3214  4091 D Surface : Surface::setBufferCount(this=0x8629c000,bufferCount=4)
03-12 19:24:19.260  3214  4091 D GraphicBuffer: register, handle(0x996c4e80) (w:56 h:202 s:64 f:0x1 u:f02)
03-12 19:24:21.492  3214  4091 E [EGL-ERROR]: __egl_platform_cancel_buffers:644: surface->num_buffers(4)
03-12 19:24:21.492  3214  4091 D Surface : Surface::disconnect(this=0x8629c000,api=1)
03-12 19:24:21.493  3214  4091 D GraphicBuffer: unregister, handle(0x996c4e80) (w:56 h:202 s:64 f:0x1 u:f02)
03-12 19:24:21.494  3214  3214 D View    : [Warning] assignParent to null: this = android.widget.LinearLayout{53cd032 V.E...... ......ID 0,0-202,56}
03-12 19:24:21.500  3214  3214 D WindowClient: Remove from mViews: android.widget.LinearLayout{53cd032 V.E...... ......ID 0,0-202,56}, this = android.view.WindowManagerGlobal@c07fdf
