03-12 21:23:35.449  4710  7184 I SKIA    : CreateGraphicsPipeline pipeline cache hit. elpased time: 18.69 ms.
03-12 21:23:35.472  4710  7723 I HUREV   : [2719] NetworkDiscovery.scanGateways | NetworkDiscovery: Checking suspects: [10.221.102.59, 10.221.102.1]
03-12 21:23:35.475  4710  7184 I SKIA    : CreateGraphicsPipeline pipeline cache hit. elpased time: 22.94 ms.
03-12 21:23:35.492  4710  7723 I HUREV   : [2719] NetworkDiscovery.checkAndReport | NetworkDiscovery: Found Headunit Server on 10.221.102.59:5277
03-12 21:23:35.494  4710  4710 I HUREV   : [2] 1.onServiceFound | Auto-connecting to Headunit Server at 10.221.102.59:5277 (reusing socket)
03-12 21:23:35.527  4710  4710 W EpFrameworkFactory: activated: false jar exist: false
03-12 21:23:35.600  4710  7722 I HUREV   : [2718] AapTransport.<init> | Using Java SSL implementation
03-12 21:23:35.640  4710  7722 I HUREV   : [2718] AapTransport.startHandshake$com_andrerinas_headunitrevived_2_0_1_debug | Start Aap transport handshake for com.andrerinas.headunitrevived.connection.SocketAccessoryConnection@4fb69e8
03-12 21:23:35.716  4710  7166 I ActivityThread: HardwareRenderer preload  done
03-12 21:23:35.733  4710  4710 I headunitrevived: AssetManager2(0xb400007459812858) locale list changing from [] to [sr-RS]
03-12 21:23:35.834  4710  4710 I HUREV   : [2] AapProjectionActivity.onCreate | HeadUnit for Android Auto (tm) - Copyright 2011-2015 Michael A. Reid., since 2025 André Rinas All Rights Reserved...
03-12 21:23:35.835  4710  4710 I HUREV   : [2] AapProjectionActivity.onCreate | Using TextureView
03-12 21:23:35.837  4710  4710 I HUREV   : [2] HeadUnitScreenConfig.recalculate | CarScreen: usable width: 1340 height: 800 (Raw: 1340x800, Insets: L0 T0 R0 B0)
03-12 21:23:35.837  4710  4710 I HUREV   : [2] HeadUnitScreenConfig.recalculate | CarScreen isSmallScreen: true, scaleFactor: 1.0
03-12 21:23:35.838  4710  4710 I HUREV   : [2] HeadUnitScreenConfig.recalculate | CarScreen using: _1920x1080, number: 3, scales: scaleX: 1.4328358, scaleY: 1.35
03-12 21:23:35.846  4710  4710 I HUREV   : [2] AapProjectionActivity.onResume | AapProjectionActivity: onResume
03-12 21:23:35.858  4710  4710 I ForceDarkHelperStubImpl: setViewRootImplForceDark: false for com.andrerinas.headunitrevived.aap.AapProjectionActivity@111d92e, reason: AppDarkModeEnable
03-12 21:23:35.858  4710  4710 I ViewRootImpl: com.andrerinas.headunitrevived/com.andrerinas.headunitrevived.aap.AapProjectionActivity use first frame acceleration
03-12 21:23:35.901  4710  4710 I Choreographer: first vsync insert message into MessageQueue Head
03-12 21:23:35.904  4710  4710 I ComputilityLevel: getComputilityLevel(): 2
03-12 21:23:35.936  4710  4710 I ForceDarkHelperStubImpl: setViewRootImplForceDark: false for com.andrerinas.headunitrevived.aap.AapProjectionActivity@111d92e, reason: AppDarkModeEnable
03-12 21:23:35.962  4710  4710 E QT      : [QT]file does not exist
03-12 21:23:35.970  4710  4710 I HUREV   : [2] TextureProjectionView.onSurfaceTextureAvailable | TextureProjectionView: Surface available: 1340x800
03-12 21:23:35.971  4710  4710 I HUREV   : [2] AapProjectionActivity.onSurfaceCreated | [AapProjectionActivity] onSurfaceCreated
03-12 21:23:35.972  4710  4710 I HUREV   : [2] AapProjectionActivity.onSurfaceChanged | [AapProjectionActivity] onSurfaceChanged. Actual surface dimensions: width=1340, height=800
03-12 21:23:35.972  4710  4710 I HUREV   : [2] VideoDecoder.setSurface | New surface set: Surface(name=android.graphics.SurfaceTexture@d4d81b9 mNativeObject=-5476376639648448704)/@0x59cc9fe
03-12 21:23:35.997  4710  7184 I SKIA    : CreateGraphicsPipeline pipeline cache hit. elpased time: 10.64 ms.
03-12 21:23:36.062  4710  4710 I HandWritingStubImpl: refreshLastKeyboardType: 1
03-12 21:23:36.062  4710  4710 I HandWritingStubImpl: getCurrentKeyboardType: 1
03-12 21:23:36.098  4710  7723 I HUREV   : [2719] 1.invokeSuspend | NetworkDiscovery: Gateway found service, skipping subnet scan.
03-12 21:23:36.116  4710  4710 W headunitrevived: Binder 0xb4000075b98254a0 destroyed after setInheritRt before being parceled.
03-12 21:23:36.118  4710  4710 I ImeTracker: com.andrerinas.headunitrevived:ffb12a23: onCancelled at PHASE_CLIENT_ALREADY_HIDDEN
03-12 21:23:36.121  4710  4710 I HUREV   : [2] 1.onScanFinished | One-shot scan finished.
03-12 21:23:36.133  4710  4710 W WindowOnBackDispatcher: sendCancelIfRunning: isInProgress=false callback=androidx.activity.OnBackPressedDispatcher$Api34Impl$createOnBackAnimationCallback$1@5e77e61
03-12 21:23:36.160  4710  7722 I HUREV   : [2718] AapTransport.handshake | Handshake: Version response received (ret=12, attempt=1).
03-12 21:23:36.161  4710  7722 I HUREV   : [2718] AapTransport.handshake | Handshake: Version response recv ret: 12
03-12 21:23:36.228  4710  7722 I HUREV   : [2718] AapSslContext.performHandshake | SSL handshake complete. Session id: EtlKoSNP4jKLpHBLrK5Qpoo/DuFWTziv2KGS6rkQ0L8=
03-12 21:23:36.229  4710  7722 I HUREV   : [2718] AapTransport.handshake | Handshake: Status OK sent: 8
03-12 21:23:36.232  4710  7722 I HUREV   : [2718] AapAudio.requestFocusChange | Audio Focus Request: stream=3, type=1
03-12 21:23:36.242  4710  7722 I HUREV   : [2718] AapAudio.requestFocusChange | Audio focus request result: GRANTED
03-12 21:23:36.243  4710  7722 I HUREV   : [2718] AapTransport.startReading$com_andrerinas_headunitrevived_2_0_1_debug | Start Aap transport read loop
03-12 21:23:36.256  4710  4710 I HUREV   : [2] 1.onReceive | Received request to resend night mode state
03-12 21:23:36.257  4710  4710 I HUREV   : [2] 1.invoke | NightMode update: true
03-12 21:23:36.259  4710  7731 I HUREV   : [2723] AapControlService.serviceDiscoveryRequest | Service Discovery Request: Android
03-12 21:23:36.264  4710  7731 I HUREV   : [2723] HeadUnitScreenConfig.recalculate | CarScreen: usable width: 1340 height: 800 (Raw: 1340x800, Insets: L0 T0 R0 B0)
03-12 21:23:36.265  4710  7731 I HUREV   : [2723] HeadUnitScreenConfig.recalculate | CarScreen isSmallScreen: true, scaleFactor: 1.0
03-12 21:23:36.265  4710  7731 I HUREV   : [2723] HeadUnitScreenConfig.recalculate | CarScreen using: _1920x1080, number: 3, scales: scaleX: 1.4328358, scaleY: 1.35
03-12 21:23:36.270  4710  7731 I HUREV   : [2723] Companion.makeProto | [ServiceDiscovery] Announcing NIGHT sensor support. Strategy: AUTO
03-12 21:23:36.273  4710  7731 I HUREV   : [2723] Companion.makeProto | [ServiceDiscovery] NegotiatedResolution is: 1920x1080
03-12 21:23:36.273  4710  7731 I HUREV   : [2723] Companion.makeProto | [ServiceDiscovery] Margins are: 580x280
03-12 21:23:36.280  4710  7731 I HUREV   : [2723] Companion.makeProto | BT MAC Address is empty. Skip bluetooth service
03-12 21:23:36.370  4710  7731 I HUREV   : [2723] AapControlService.audioFocusRequest | Audio Focus Request: RELEASE
03-12 21:23:36.370  4710  7731 I HUREV   : [2723] AapAudio.requestFocusChange | Audio Focus Request: stream=3, type=4
03-12 21:23:36.370  4710  7731 I HUREV   : [2723] AapAudio.requestFocusChange | Releasing audio focus
03-12 21:23:36.375  4710  7731 I HUREV   : [2723] AapControlService.audioFocusRequest | Sending immediate AudioFocusNotification: STATE_LOSS
03-12 21:23:36.384  4710  7731 I HUREV   : [2723] AapControlSensor.sensorStartRequest | Sensor Start Request sensor: DRIVING_STATUS, minUpdatePeriod: 0
03-12 21:23:36.385  4710  7731 I HUREV   : [2723] AapControlSensor.sensorStartRequest | SENSOR Sensor Start Response type: 32770 flags: 11 size: 8 dataOffset: 6
03-12 21:23:36.390  4710  7731 W HUREV   : [2723] AapVideo.process | AapVideo: Dropped Flag 11 packet. len=4, buf[10]=?
03-12 21:23:36.391  4710  7731 I HUREV   : [2723] AapControlMedia.mediaSinkSetupRequest | Media Sink Setup Request: 3 on channel VIDEO
03-12 21:23:36.427  4710  7731 I HUREV   : [2723] AapControlMedia.mediaSinkSetupRequest | Config response: status: HEADUNIT
03-12 21:23:36.427  4710  7731 I HUREV   : max_unacked: 1
03-12 21:23:36.427  4710  7731 I HUREV   : configuration_indices: 0
03-12 21:23:36.431  4710  7731 I HUREV   : [2723] AapControlMedia.mediaSinkSetupRequest | Media Sink Setup Request: 1 on channel AUDIO2
03-12 21:23:36.431  4710  7731 I HUREV   : [2723] AapControlMedia.mediaSinkSetupRequest | Config response: status: HEADUNIT
03-12 21:23:36.431  4710  7731 I HUREV   : max_unacked: 3
03-12 21:23:36.431  4710  7731 I HUREV   : configuration_indices: 0
03-12 21:23:36.435  4710  7731 I HUREV   : [2723] AapControlSensor.sensorStartRequest | Sensor Start Request sensor: NIGHT, minUpdatePeriod: 0
03-12 21:23:36.435  4710  7731 I HUREV   : [2723] AapControlSensor.sensorStartRequest | SENSOR Sensor Start Response type: 32770 flags: 11 size: 8 dataOffset: 6
03-12 21:23:36.436  4710  7731 I HUREV   : [2723] AapControlSensor.sensorStartRequest | Night sensor requested. Triggering immediate update.
03-12 21:23:36.439  4710  4710 I HUREV   : [2] 1.onReceive | Received request to resend night mode state
03-12 21:23:36.440  4710  4710 I HUREV   : [2] 1.invoke | NightMode update: true
03-12 21:23:36.644  4710  7731 W HUREV   : [2723] AapVideo.process | AapVideo: Dropped Flag 11 packet. len=6, buf[10]=?
03-12 21:23:36.646  4710  7731 I HUREV   : [2723] AapControlMedia.execute | RX: Video Focus Request - mode: VIDEO_FOCUS_PROJECTED, reason: UNKNOWN
03-12 21:23:37.676  4710  7731 E HUREV   : While parsing a protocol message, the input ended unexpectedly in the middle of a field.  This could mean either that the input has been truncated or that an embedded message misreported its own length.
03-12 21:23:37.676  4710  7731 E HUREV   : com.google.protobuf.InvalidProtocolBufferException: While parsing a protocol message, the input ended unexpectedly in the middle of a field.  This could mean either that the input has been truncated or that an embedded message misreported its own length.
03-12 21:23:37.676  4710  7731 E HUREV   : 	at com.google.protobuf.CodedInputStream$ArrayDecoder.readRawBytes(CodedInputStream.java:1236)
03-12 21:23:37.676  4710  7731 E HUREV   : 	at com.google.protobuf.CodedInputStream$ArrayDecoder.readBytes(CodedInputStream.java:887)
03-12 21:23:37.676  4710  7731 E HUREV   : 	at com.andrerinas.headunitrevived.aap.protocol.proto.MediaPlayback$MediaMetaData$Builder.mergeFrom(MediaPlayback.java:2192)
03-12 21:23:37.676  4710  7731 E HUREV   : 	at com.andrerinas.headunitrevived.aap.protocol.proto.MediaPlayback$MediaMetaData$Builder.mergeFrom(MediaPlayback.java:1974)
03-12 21:23:37.676  4710  7731 E HUREV   : 	at com.google.protobuf.AbstractMessage$Builder.mergeFrom(AbstractMessage.java:394)
03-12 21:23:37.676  4710  7731 E HUREV   : 	at com.google.protobuf.AbstractMessage$Builder.mergeFrom(AbstractMessage.java:293)
03-12 21:23:37.676  4710  7731 E HUREV   : 	at com.google.protobuf.AbstractMessageLite$Builder.mergeFrom(AbstractMessageLite.java:199)
03-12 21:23:37.676  4710  7731 E HUREV   : 	at com.google.protobuf.AbstractMessage$Builder.mergeFrom(AbstractMessage.java:511)
03-12 21:23:37.676  4710  7731 E HUREV   : 	at com.andrerinas.headunitrevived.aap.AapMediaPlayback.process(AapMediaPlayback.kt:39)
03-12 21:23:37.676  4710  7731 E HUREV   : 	at com.andrerinas.headunitrevived.aap.AapMessageHandlerType.handle(AapMessageHandlerType.kt:58)
03-12 21:23:37.676  4710  7731 E HUREV   : 	at com.andrerinas.headunitrevived.aap.AapReadSingleMessage.doRead(AapReadSingleMessage.kt:58)
03-12 21:23:37.676  4710  7731 E HUREV   : 	at com.andrerinas.headunitrevived.aap.AapRead$Base.read(AapRead.kt:24)
03-12 21:23:37.676  4710  7731 E HUREV   : 	at com.andrerinas.headunitrevived.aap.AapTransport.pollHandlerCallback$lambda$2(AapTransport.kt:106)
03-12 21:23:37.676  4710  7731 E HUREV   : 	at com.andrerinas.headunitrevived.aap.AapTransport.$r8$lambda$Rjsdf1lVQ-AdDZlQs7Xt4MuwD3Y(Unknown Source:0)
03-12 21:23:37.676  4710  7731 E HUREV   : 	at com.andrerinas.headunitrevived.aap.AapTransport$$ExternalSyntheticLambda2.handleMessage(D8$$SyntheticClass:0)
03-12 21:23:37.676  4710  7731 E HUREV   : 	at android.os.Handler.dispatchMessage(Handler.java:110)
03-12 21:23:37.676  4710  7731 E HUREV   : 	at android.os.Looper.loopOnce(Looper.java:267)
03-12 21:23:37.676  4710  7731 E HUREV   : 	at android.os.Looper.loop(Looper.java:360)
03-12 21:23:37.676  4710  7731 E HUREV   : 	at android.os.HandlerThread.run(HandlerThread.java:85)
03-12 21:23:38.852  4710  4710 W HUREV   : [2] 1.run | Watchdog: No video received. Requesting Keyframe (Unsolicited Focus)...
03-12 21:23:38.899  4710  7731 W HUREV   : [2723] AapVideo.process | AapVideo: Dropped Flag 11 packet. len=6, buf[10]=?
03-12 21:23:38.900  4710  7731 I HUREV   : [2723] AapControlMedia.mediaStartRequest | Media Start Request VIDEO: session_id: 0
03-12 21:23:38.900  4710  7731 I HUREV   : configuration_index: 0
03-12 21:23:39.120  4710  7731 I HUREV   : [2723] VideoDecoder.decode | H.264/AVC config detected in frame (30 bytes)
03-12 21:23:39.122  4710  7731 I HUREV   : [2723] VideoDecoder.scanForSpsPpsH264 | SPS parsed: 1920x1080
03-12 21:23:39.122  4710  7731 I HUREV   : [2723] AapProjectionActivity.onVideoDimensionsChanged | [AapProjectionActivity] Received video dimensions: 1920x1080
03-12 21:23:39.123  4710  4710 I HUREV   : [2] TextureProjectionView.setVideoSize | TextureProjectionView
03-12 21:23:39.125  4710  4710 I HUREV   : [2] ProjectionViewScaler.updateScale | ProjectionViewScaler: Dimensions: Video: 1920x1080, Content: 1340x800, View: 1340x800
03-12 21:23:39.126  4710  4710 I HUREV   : [2] ProjectionViewScaler.updateScale | ProjectionViewScaler: Scale updated for view TextureProjectionView. scaleX: 1.4328358, scaleY: 1.35
03-12 21:23:39.143  4710  7731 W AudioCapabilities: Unsupported mediaType audio/iamf
03-12 21:23:39.151  4710  7731 W VideoCapabilities: Unrecognized profile/level 32768/256 for video/mp4v-es
03-12 21:23:39.177  4710  7731 W AudioCapabilities: Unsupported mime audio/iamf
03-12 21:23:39.192  4710  7731 W VideoCapabilities: Unrecognized profile/level 32768/256 for video/mp4v-es
03-12 21:23:39.193  4710  7731 W VideoCapabilities: Unrecognized profile/level 32768/256 for video/mp4v-es
03-12 21:23:39.225  4710  7731 I MediaCodec: MediaCodec::MediaCodec()
03-12 21:23:39.237  4710  7731 I MediaCodec: init video box disabled for codec not supported
03-12 21:23:39.358  4710  7745 I MediaCodec: [mId: 0] [video-debug-dec] setState: INITIALIZING
03-12 21:23:39.374  4710  7746 I ApexCodecsLazy: Failed to load libcom.android.media.swcodec.apexcodecs.so: dlopen failed: library "libcom.android.media.swcodec.apexcodecs.so" not found
03-12 21:23:39.375  4710  7746 I Codec2Client: Available Codec2 services: "default" "default9" "software"
03-12 21:23:39.390  4710  7746 I CCodec  : setting up 'default' as default (vendor) store
03-12 21:23:39.437  4710  7746 I CCodec  : Created component [c2.mtk.avc.decoder] for [c2.mtk.avc.decoder]
03-12 21:23:39.456  4710  7746 I CCodecConfig: query failed after returning 18 values (BAD_INDEX)
03-12 21:23:39.457  4710  7746 W ColorUtils: expected specified color aspects (0:0:0:0)
03-12 21:23:39.457  4710  7745 I MediaCodec: [mId: 0] [video-debug-dec] setState: INITIALIZED
03-12 21:23:39.461  4710  7731 I HUREV   : [2723] VideoDecoder.start | Configuring decoder: c2.mtk.avc.decoder with surface
03-12 21:23:39.462  4710  7731 I MediaCodec: [mId: 0] [video-debug-dec] configure: ClientName: com.andrerinas.headunitrevived ComponentName: c2.mtk.avc.decoder
03-12 21:23:39.462  4710  7731 I MediaCodec: [mId: 0] [video-debug-dec] configure: ClientFormat: AMessage(what = 0x00000000) = {
03-12 21:23:39.462  4710  7731 I MediaCodec:   Buffer csd-1 = {
03-12 21:23:39.462  4710  7731 I MediaCodec:     00000000:  00 00 00 01 68 ce 06 f2                           ....h...
03-12 21:23:39.462  4710  7731 I MediaCodec:   }
03-12 21:23:39.462  4710  7731 I MediaCodec:   string mime = "video/avc"
03-12 21:23:39.462  4710  7731 I MediaCodec:   int32_t width = 1920
03-12 21:23:39.462  4710  7731 I MediaCodec:   int32_t max-input-size = 1048576
03-12 21:23:39.462  4710  7731 I MediaCodec:   int32_t height = 1080
03-12 21:23:39.462  4710  7731 I MediaCodec:   Buffer csd-0 = {
03-12 21:23:39.462  4710  7731 I MediaCodec:     00000000:  00 00 00 01 67 42 80 2a  da 01 e0 08 9f 96 52 0a  ....gB.*......R.
03-12 21:23:39.462  4710  7731 I MediaCodec:     00000010:  0c 0a 0d a1 42 6a                                 ....Bj
03-12 21:23:39.462  4710  7731 I MediaCodec:   }
03-12 21:23:39.462  4710  7731 I MediaCodec: }
03-12 21:23:39.463  4710  7731 E MediaCodec: Media Quality Service not found.
03-12 21:23:39.463  4710  7731 I MediaCodec: MediaStub sendWidth/sendHeight
03-12 21:23:39.465  4710  7731 I MediaCodec: MediaStub sendMine
03-12 21:23:39.465  4710  7731 I MediaCodec: MediaStub sendDolbyVision
03-12 21:23:39.465  4710  7731 I MediaCodec: MediaStub sendPackageName
03-12 21:23:39.466  4710  7731 I MiMediaCodec: fps video to display enabled
03-12 21:23:39.466  4710  7731 I MiMediaCodec: The Fps from player is 0.000000  frameRateFloat -1.000000 frameRateInt -1
03-12 21:23:39.478  4710  7731 E headunitrevived: Failed to get interface:vendor.xiaomi.hardware.videoservice.IVideoService/default
03-12 21:23:39.478  4710  7731 I MediaCodec: configure : init video box disabled
03-12 21:23:39.478  4710  7745 I MediaCodec: [mId: 0] [video-debug-dec] connectToSurface: surface 0xb4000076198a65c0, mSurface 0x0
03-12 21:23:39.478  4710  7745 I MediaCodec: [c2.mtk.avc.decoder] setting surface generation to 4823041
03-12 21:23:39.478  4710  7745 W headunitrevived: Binder 0xb4000075b982fbe0 destroyed after setInheritRt before being parceled.
03-12 21:23:39.478  4710  7745 I MediaCodec: [mId: 0] [video-debug-dec] setState: CONFIGURING
03-12 21:23:39.482  4710  7746 W CCodec  : This behavior is subject to change. It is recommended that app developers double check whether the requested max input size is in reasonable range.
03-12 21:23:39.482  4710  7746 I CCodecConfig: query failed after returning 19 values (BAD_INDEX)
03-12 21:23:39.483  4710  7746 E headunitrevived: Failed to query component interface for required system resources: 6
03-12 21:23:39.483  4710  7745 I MediaCodec: [mId: 0] [video-debug-dec] setState: CONFIGURED
03-12 21:23:39.484  4710  7731 W libc    : Access denied finding property "vendor.mm.loading.state"
03-12 21:23:39.484  4710  7745 I MediaCodec: [mId: 0] [video-debug-dec] setState: STARTING
03-12 21:23:39.495  4710  7746 I CCodecBufferChannel: [mId: 0] [video-debug-dec] start: inputFormat: AMessage(what = 0x00000000) = {
03-12 21:23:39.495  4710  7746 I CCodecBufferChannel:   string mime = "video/avc"
03-12 21:23:39.495  4710  7746 I CCodecBufferChannel:   int32_t width = 1920
03-12 21:23:39.495  4710  7746 I CCodecBufferChannel:   int32_t profile = 65536
03-12 21:23:39.495  4710  7746 I CCodecBufferChannel:   int32_t priority = -1
03-12 21:23:39.495  4710  7746 I CCodecBufferChannel:   int32_t frame-rate = 0
03-12 21:23:39.495  4710  7746 I CCodecBufferChannel:   int32_t height = 1080
03-12 21:23:39.495  4710  7746 I CCodecBufferChannel:   int32_t level = 32768
03-12 21:23:39.495  4710  7746 I CCodecBufferChannel:   int32_t max-input-size = 2094080
03-12 21:23:39.495  4710  7746 I CCodecBufferChannel:   Rect crop(0, 0, 318, 238)
03-12 21:23:39.495  4710  7746 I CCodecBufferChannel: }
03-12 21:23:39.497  4710  7746 I CCodecBufferChannel: [c2.mtk.avc.decoder#929] Created output block pool with allocatorID 18 => poolID 114 - OK
03-12 21:23:39.498  4710  7746 I CCodecBufferChannel: [mId: 0] [video-debug-dec] start: outputFormat: AMessage(what = 0x00000000) = {
03-12 21:23:39.498  4710  7746 I CCodecBufferChannel:   int32_t android._color-format = 2130708361
03-12 21:23:39.498  4710  7746 I CCodecBufferChannel:   int32_t android._video-scaling = 1
03-12 21:23:39.498  4710  7746 I CCodecBufferChannel:   int32_t sar-width = 1
03-12 21:23:39.498  4710  7746 I CCodecBufferChannel:   int32_t color-standard = 4
03-12 21:23:39.498  4710  7746 I CCodecBufferChannel:   int32_t color-range = 2
03-12 21:23:39.498  4710  7746 I CCodecBufferChannel:   int32_t color-transfer = 3
03-12 21:23:39.498  4710  7746 I CCodecBufferChannel:   int32_t sar-height = 1
03-12 21:23:39.498  4710  7746 I CCodecBufferChannel:   int32_t width = 1920
03-12 21:23:39.498  4710  7746 I CCodecBufferChannel:   int32_t priority = -1
03-12 21:23:39.498  4710  7746 I CCodecBufferChannel:   int32_t rotation-degrees = 0
03-12 21:23:39.498  4710  7746 I CCodecBufferChannel:   int32_t max-height = 1080
03-12 21:23:39.498  4710  7746 I CCodecBufferChannel:   int32_t height = 1080
03-12 21:23:39.498  4710  7746 I CCodecBufferChannel:   string mime = "video/raw"
03-12 21:23:39.498  4710  7746 I CCodecBufferChannel:   int32_t max-width = 1920
03-12 21:23:39.498  4710  7746 I CCodecBufferChannel:   Rect crop(0, 0, 318, 238)
03-12 21:23:39.498  4710  7746 I CCodecBufferChannel:   Buffer hdr-static-info = {
03-12 21:23:39.498  4710  7746 I CCodecBufferChannel:     00000000:  00 00 00 00 00 00 00 00  00 00 00 00 00 00 00 00  ................
03-12 21:23:39.498  4710  7746 I CCodecBufferChannel:     00000010:  00 00 00 00 00 00 00 00  00                       .........
03-12 21:23:39.498  4710  7746 I CCodecBufferChannel:   }
03-12 21:23:39.498  4710  7746 I CCodecBufferChannel:   int32_t frame-rate = 0
03-12 21:23:39.498  4710  7746 I CCodecBufferChannel:   int32_t android._dataspace = 259
03-12 21:23:39.498  4710  7746 I CCodecBufferChannel:   int32_t color-format = 2130708361
03-12 21:23:39.498  4710  7746 I CCodecBufferChannel: }
03-12 21:23:39.499  4710  7746 I DMABUFHEAPS: Using DMA-BUF heap named: mtk_mm
03-12 21:23:39.503  4710  7745 I MediaCodec: [mId: 0] [video-debug-dec] setState: STARTED
03-12 21:23:39.505  4710  7731 I HUREV   : [2723] VideoDecoder.start | Codec initialized: c2.mtk.avc.decoder for stream 1920x1080
03-12 21:23:39.506  4710  7745 W headunitrevived: AIBinder_linkToDeath is being called with a non-null cookie and no onUnlink callback set. This might not be intended. AIBinder_DeathRecipient_setOnUnlinked should be called first.
03-12 21:23:39.506  4710  7764 I HUREV   : [2725] VideoDecoder.outputThreadLoop | Output thread started
03-12 21:23:39.507  4710  7745 I MiMediaCodec: The CSD is not calculated
03-12 21:23:39.508  4710  7745 I MiMediaCodec: The CSD is not calculated
03-12 21:23:39.510  4710  7731 I MediaCodec: [mId: 0] [video-debug-dec] queueInputBuffer: index: 2 pts: 387176 timediff: 0
03-12 21:23:39.517  4710  7731 I MediaCodec: [mId: 0] [video-debug-dec] queueInputBuffer: index: 3 pts: 394975 timediff: 7
03-12 21:23:39.565  4710  7731 I MediaCodec: [mId: 0] [video-debug-dec] queueInputBuffer: index: 4 pts: 442171 timediff: 48
03-12 21:23:39.610  4710  7745 I MediaCodec: isHDR: standard =2,transfer = 3
03-12 21:23:39.613  4710  7764 I HUREV   : [2725] VideoDecoder.handleOutputFormatChange | Output Format Changed: {max-height=1080, crop-right=1919, sar-width=1, color-format=2130708361, mime=video/raw, hdr-static-info=java.nio.HeapByteBuffer[pos=0 lim=25 cap=25], priority=-1, color-standard=2, color-transfer=3, sar-height=1, crop-bottom=1079, max-width=1920, width=1920, crop-left=0, color-range=2, crop-top=0, rotation-degrees=0, frame-rate=0, height=1080}
03-12 21:23:39.619  4710  7745 I MediaCodec: [mId: 0] [video-debug-dec] onReleaseOutputBuffer index 0 pts: 394975 ptsdiff: 394975 timediff: 10602113 render: 1
03-12 21:23:39.624  4710  7745 I MediaCodec: [mId: 0] [video-debug-dec] onReleaseOutputBuffer index 1 pts: 442171 ptsdiff: 47196 timediff: 5 render: 1
03-12 21:23:39.625  4710  7745 I MediaCodec: [mId: 0] [video-debug-dec] onReleaseOutputBuffer index 0 pts: 448683 ptsdiff: 6512 timediff: 1 render: 1
03-12 21:23:39.692  4710  7184 I SKIA    : CreateGraphicsPipeline pipeline cache hit. elpased time: 28.24 ms.
03-12 21:23:41.031  4710  7745 I MiMediaCodec: send fps to display with mFrameRateByTimestamp:60.000000 state:1 id:0
03-12 21:23:41.427  4710  7148 I headunitrevived: Background young concurrent mark compact GC freed 3061KB AllocSpace bytes, 46(1236KB) LOS objects, 30% free, 8899KB/12MB, paused 534us,7.632ms total 52.193ms
03-12 21:23:43.531  4710  7745 W MediaCodec: [mId: 0] [video-debug-dec] onReleaseOutputBuffer: Render time interval reaches 111ms before pts: 4370849
03-12 21:23:43.531  4710  7745 I MediaCodec: [mId: 0] [video-debug-dec] onReleaseOutputBuffer index 0 pts: 4370849 ptsdiff: 100019 timediff: 111 render: 1
03-12 21:23:43.534  4710  7745 I MediaCodec: [mId: 0] [video-debug-dec] onReleaseOutputBuffer index 1 pts: 4373262 ptsdiff: 2413 timediff: 3 render: 1
03-12 21:23:43.540  4710  7745 I MediaCodec: [mId: 0] [video-debug-dec] onReleaseOutputBuffer index 0 pts: 4386749 ptsdiff: 13487 timediff: 6 render: 1
03-12 21:23:43.545  4710  7148 I headunitrevived: Background concurrent mark compact GC freed 1959KB AllocSpace bytes, 191(3276KB) LOS objects, 49% free, 7487KB/14MB, paused 543us,6.312ms total 52.904ms
03-12 21:23:43.553  4710  7731 I MediaCodec: [mId: 0] [video-debug-dec] queueInputBuffer: index: 1 pts: 4430965 timediff: 31
03-12 21:23:43.666  4710  7731 I MediaCodec: [mId: 0] [video-debug-dec] queueInputBuffer: index: 2 pts: 4543979 timediff: 112
03-12 21:23:43.670  4710  7731 I MediaCodec: [mId: 0] [video-debug-dec] queueInputBuffer: index: 3 pts: 4547969 timediff: 3
03-12 21:23:43.694  4710  7745 W MediaCodec: [mId: 0] [video-debug-dec] onReleaseOutputBuffer: Render time interval reaches 114ms before pts: 4543979
03-12 21:23:43.694  4710  7745 I MediaCodec: [mId: 0] [video-debug-dec] onReleaseOutputBuffer index 0 pts: 4543979 ptsdiff: 113014 timediff: 114 render: 1
03-12 21:23:43.702  4710  7745 I MediaCodec: [mId: 0] [video-debug-dec] onReleaseOutputBuffer index 0 pts: 4547969 ptsdiff: 3990 timediff: 8 render: 1
03-12 21:23:43.713  4710  7745 I MediaCodec: [mId: 0] [video-debug-dec] onReleaseOutputBuffer index 0 pts: 4562438 ptsdiff: 14469 timediff: 11 render: 1
03-12 21:23:43.727  4710  7731 I MediaCodec: [mId: 0] [video-debug-dec] queueInputBuffer: index: 6 pts: 4604663 timediff: 35
03-12 21:23:43.760  4710  7731 I MediaCodec: [mId: 0] [video-debug-dec] queueInputBuffer: index: 7 pts: 4637420 timediff: 33
03-12 21:23:43.862  4710  7731 I MediaCodec: [mId: 0] [video-debug-dec] queueInputBuffer: index: 0 pts: 4739979 timediff: 102
03-12 21:23:43.893  4710  7745 W MediaCodec: [mId: 0] [video-debug-dec] onReleaseOutputBuffer: Render time interval reaches 108ms before pts: 4739979
03-12 21:23:43.893  4710  7745 I MediaCodec: [mId: 0] [video-debug-dec] onReleaseOutputBuffer index 0 pts: 4739979 ptsdiff: 102559 timediff: 108 render: 1
03-12 21:23:43.901  4710  7745 I MediaCodec: [mId: 0] [video-debug-dec] onReleaseOutputBuffer index 0 pts: 4743986 ptsdiff: 4007 timediff: 8 render: 1
03-12 21:23:43.908  4710  7745 I MediaCodec: [mId: 0] [video-debug-dec] onReleaseOutputBuffer index 0 pts: 4749271 ptsdiff: 5285 timediff: 7 render: 1
03-12 21:23:43.923  4710  7731 I MediaCodec: [mId: 0] [video-debug-dec] queueInputBuffer: index: 4 pts: 4800604 timediff: 35
03-12 21:23:43.985  4710  7731 I MediaCodec: [mId: 0] [video-debug-dec] queueInputBuffer: index: 5 pts: 4862213 timediff: 62
03-12 21:23:44.051  4710  7731 I MediaCodec: [mId: 0] [video-debug-dec] queueInputBuffer: index: 6 pts: 4928365 timediff: 66
03-12 21:23:44.218  4710  7745 W MediaCodec: [mId: 0] [video-debug-dec] onReleaseOutputBuffer: Render time interval reaches 119ms before pts: 5064226
03-12 21:23:44.218  4710  7745 I MediaCodec: [mId: 0] [video-debug-dec] onReleaseOutputBuffer index 0 pts: 5064226 ptsdiff: 118125 timediff: 119 render: 1
03-12 21:23:44.223  4710  7731 I MediaCodec: [mId: 0] [video-debug-dec] queueInputBuffer: index: 3 pts: 5100959 timediff: 29
03-12 21:23:44.226  4710  7745 I MediaCodec: [mId: 0] [video-debug-dec] onReleaseOutputBuffer index 0 pts: 5067673 ptsdiff: 3447 timediff: 8 render: 1
03-12 21:23:44.231  4710  7745 I MediaCodec: [mId: 0] [video-debug-dec] onReleaseOutputBuffer index 0 pts: 5071323 ptsdiff: 3650 timediff: 6 render: 1
03-12 21:23:44.253  4710  7731 I MediaCodec: [mId: 0] [video-debug-dec] queueInputBuffer: index: 4 pts: 5130944 timediff: 29
03-12 21:23:44.357  4710  7731 I MediaCodec: [mId: 0] [video-debug-dec] queueInputBuffer: index: 5 pts: 5234922 timediff: 103
03-12 21:23:44.388  4710  7745 W MediaCodec: [mId: 0] [video-debug-dec] onReleaseOutputBuffer: Render time interval reaches 104ms before pts: 5234922
03-12 21:23:44.388  4710  7745 I MediaCodec: [mId: 0] [video-debug-dec] onReleaseOutputBuffer index 0 pts: 5234922 ptsdiff: 103978 timediff: 104 render: 1
03-12 21:23:44.389  4710  7731 I MediaCodec: [mId: 0] [video-debug-dec] queueInputBuffer: index: 0 pts: 5266974 timediff: 22
03-12 21:23:44.394  4710  7745 I MediaCodec: [mId: 0] [video-debug-dec] onReleaseOutputBuffer index 0 pts: 5241368 ptsdiff: 6446 timediff: 6 render: 1
03-12 21:23:44.401  4710  7745 I MediaCodec: [mId: 0] [video-debug-dec] onReleaseOutputBuffer index 0 pts: 5244616 ptsdiff: 3248 timediff: 7 render: 1
03-12 21:23:44.420  4710  7731 I MediaCodec: [mId: 0] [video-debug-dec] queueInputBuffer: index: 1 pts: 5297206 timediff: 30
03-12 21:23:44.496  4710  7745 I MediaCodec: [mId: 0] [video-debug-dec] Stats 5012ms:Client:com.andrerinas.headunitrevived,Component:c2.mtk.avc.decoder,Qin:256(Avg:19ms),DQin:256/260,Render:255(Avg:19ms),Drop:0,DQout:255/554
03-12 21:23:44.512  4710  7731 I MediaCodec: [mId: 0] [video-debug-dec] queueInputBuffer: index: 2 pts: 5389943 timediff: 92
03-12 21:23:45.026  4710  7745 W MediaCodec: [mId: 0] [video-debug-dec] onReleaseOutputBuffer: Render time interval reaches 113ms before pts: 5873025
03-12 21:23:45.026  4710  7745 I MediaCodec: [mId: 0] [video-debug-dec] onReleaseOutputBuffer index 0 pts: 5873025 ptsdiff: 106922 timediff: 114 render: 1
03-12 21:23:45.032  4710  7745 I MediaCodec: [mId: 0] [video-debug-dec] onReleaseOutputBuffer index 0 pts: 5876908 ptsdiff: 3883 timediff: 5 render: 1
03-12 21:23:45.039  4710  7745 I MediaCodec: [mId: 0] [video-debug-dec] onReleaseOutputBuffer index 0 pts: 5881724 ptsdiff: 4816 timediff: 6 render: 1
03-12 21:23:45.055  4710  7731 I MediaCodec: [mId: 0] [video-debug-dec] queueInputBuffer: index: 4 pts: 5932891 timediff: 32
03-12 21:23:45.150  4710  7731 I MediaCodec: [mId: 0] [video-debug-dec] queueInputBuffer: index: 5 pts: 6027888 timediff: 94
03-12 21:23:45.155  4710  7731 I MediaCodec: [mId: 0] [video-debug-dec] queueInputBuffer: index: 6 pts: 6033006 timediff: 5
03-12 21:23:45.658  4710  7745 W MediaCodec: [mId: 0] [video-debug-dec] onReleaseOutputBuffer: Render time interval reaches 168ms before pts: 6506662
03-12 21:23:45.658  4710  7745 I MediaCodec: [mId: 0] [video-debug-dec] onReleaseOutputBuffer index 0 pts: 6506662 ptsdiff: 168192 timediff: 168 render: 1
03-12 21:23:45.665  4710  7745 I MediaCodec: [mId: 0] [video-debug-dec] onReleaseOutputBuffer index 0 pts: 6513778 ptsdiff: 7116 timediff: 7 render: 1
03-12 21:23:45.671  4710  7745 I MediaCodec: [mId: 0] [video-debug-dec] onReleaseOutputBuffer index 0 pts: 6516838 ptsdiff: 3060 timediff: 6 render: 1
03-12 21:23:45.687  4710  7731 I MediaCodec: [mId: 0] [video-debug-dec] queueInputBuffer: index: 4 pts: 6565064 timediff: 45
03-12 21:23:45.785  4710  7731 I MediaCodec: [mId: 0] [video-debug-dec] queueInputBuffer: index: 5 pts: 6662195 timediff: 97
03-12 21:23:45.788  4710  7731 I MediaCodec: [mId: 0] [video-debug-dec] queueInputBuffer: index: 6 pts: 6665619 timediff: 3
03-12 21:23:45.815  4710  7745 W MediaCodec: [mId: 0] [video-debug-dec] onReleaseOutputBuffer: Render time interval reaches 101ms before pts: 6662195
03-12 21:23:45.815  4710  7745 I MediaCodec: [mId: 0] [video-debug-dec] onReleaseOutputBuffer index 0 pts: 6662195 ptsdiff: 97131 timediff: 101 render: 1
03-12 21:23:45.821  4710  7745 I MediaCodec: [mId: 0] [video-debug-dec] onReleaseOutputBuffer index 0 pts: 6665619 ptsdiff: 3424 timediff: 6 render: 1
03-12 21:23:45.823  4710  7731 I MediaCodec: [mId: 0] [video-debug-dec] queueInputBuffer: index: 0 pts: 6700717 timediff: 28
03-12 21:23:45.831  4710  7745 I MediaCodec: [mId: 0] [video-debug-dec] onReleaseOutputBuffer index 0 pts: 6672742 ptsdiff: 7123 timediff: 10 render: 1
03-12 21:23:45.857  4710  7731 I MediaCodec: [mId: 0] [video-debug-dec] queueInputBuffer: index: 1 pts: 6734312 timediff: 34
03-12 21:23:45.884  4710  7731 I MediaCodec: [mId: 0] [video-debug-dec] queueInputBuffer: index: 2 pts: 6761368 timediff: 27
03-12 21:23:46.068  4710  7745 W MediaCodec: [mId: 0] [video-debug-dec] onReleaseOutputBuffer: Render time interval reaches 120ms before pts: 6914342
03-12 21:23:46.068  4710  7745 I MediaCodec: [mId: 0] [video-debug-dec] onReleaseOutputBuffer index 0 pts: 6914342 ptsdiff: 118199 timediff: 120 render: 1
03-12 21:23:46.082  4710  7745 I MediaCodec: [mId: 0] [video-debug-dec] onReleaseOutputBuffer index 0 pts: 6929989 ptsdiff: 15647 timediff: 14 render: 1
03-12 21:23:46.085  4710  7731 I MediaCodec: [mId: 0] [video-debug-dec] queueInputBuffer: index: 6 pts: 6962530 timediff: 33
03-12 21:23:46.115  4710  7745 I MediaCodec: [mId: 0] [video-debug-dec] onReleaseOutputBuffer index 0 pts: 6962530 ptsdiff: 32541 timediff: 33 render: 1
03-12 21:23:46.118  4710  7731 I MediaCodec: [mId: 0] [video-debug-dec] queueInputBuffer: index: 7 pts: 6995544 timediff: 33
03-12 21:23:46.152  4710  7731 I MediaCodec: [mId: 0] [video-debug-dec] queueInputBuffer: index: 0 pts: 7029583 timediff: 34
03-12 21:23:47.282  4710  7731 I HUREV   : [2723] AapReadSingleMessage.doRead | AapRead: Connection closed (EOF). Disconnecting.
03-12 21:23:47.283  4710  7731 I HUREV   : [2723] AapTransport.pollHandlerCallback$lambda$2 | Quitting because ret < 0
03-12 21:23:47.283  4710  7731 I HUREV   : [2723] AapTransport.quit$com_andrerinas_headunitrevived_2_0_1_debug | AapTransport quitting (clean=false)
03-12 21:23:47.284  4710  7722 I HUREV   : [2718] AapTransport.quit$com_andrerinas_headunitrevived_2_0_1_debug | AapTransport quitting (clean=false)
03-12 21:23:47.297  4710  7249 W HUREV   : [2704] 1.onLost | NetworkMonitor: Network lost: 124
03-12 21:23:47.310  4710  4710 I HUREV   : [2] AapService.scheduleReconnectIfNeeded | AapService: Unclean WiFi disconnect in Auto Mode. Retrying discovery in 2s...
03-12 21:23:47.314  4710  4710 I HUREV   : [2] AapProjectionActivity.hideReconnectingOverlay | Hiding reconnecting overlay — frames resumed
03-12 21:23:47.332  4710  4710 I HUREV   : [2] AapProjectionActivity.onPause | AapProjectionActivity: onPause
03-12 21:23:47.334  4710  7764 I HUREV   : [2725] VideoDecoder.outputThreadLoop | Output thread stopped
03-12 21:23:47.336  4710  7722 I MediaCodec: [mId: 0] [video-debug-dec] stop
03-12 21:23:47.336  4710  7722 I MiMediaCodec: send fps to display when stop, state:0 mLastSendedFps:60.000000 id:0
03-12 21:23:47.341  4710  7745 I MediaCodec: [mId: 0] [video-debug-dec] Stats 2844ms:Client:com.andrerinas.headunitrevived,Component:c2.mtk.avc.decoder,Qin:75(Avg:37ms),DQin:75/75,Render:75(Avg:37ms),Drop:0,DQout:75/293
03-12 21:23:47.341  4710  7745 I MediaCodec: [mId: 0] [video-debug-dec] setState: STOPPING
03-12 21:23:47.356  4710  7745 I MediaCodec: [mId: 0] [video-debug-dec] disconnectFromSurface: mSurface 0xb4000076198a65c0
03-12 21:23:47.356  4710  7745 I MediaCodec: [mId: 0] [video-debug-dec] setState: INITIALIZED
03-12 21:23:47.357  4710  7745 I MediaCodec: [mId: 0] [video-debug-dec] setState: RELEASING
03-12 21:23:47.359  4710  7722 I HUREV   : [2718] VideoDecoder.stop | Decoder stopped: AapService::onDisconnect
03-12 21:23:47.384  4710  7745 I MediaCodec: [mId: 0] [video-debug-dec] setState: UNINITIALIZED
03-12 21:23:47.388  4710  7745 I MediaCodec: MediaStub sendHdrInfo/sendFrameRateFloatCal/updateFrcAieAisAceState
03-12 21:23:47.388  4710  7745 I MediaCodec: MediaStub sendVideoPlayData
03-12 21:23:47.388  4710  7745 E send_data_to_xlog: send_video_play_to_xlog, start
03-12 21:23:47.388  4710  4710 I ForceDarkHelperStubImpl: setViewRootImplForceDark: false for com.andrerinas.headunitrevived.main.MainActivity@8a91fc, reason: AppDarkModeEnable
03-12 21:23:47.389  4710  7745 E xlog_client: _xlog_write_flat_msg:fail to  send msg {"name":"video_play","audio_event":{"video_play_framerate":"0","video_play_hdr":"0","video_play_width_height":"1920_1080","video_play_framratecal":"-1","video_play_frc":"0","video_play_aie":"0","video_play_ais":"0","video_play_ace":"0","video_play_dolbyvision":"-1", "video_play_codecdomain":"2", "video_play_durationsec":"7","video_play_heif_decode":"0","video_play_heif_encode":"0","video_play_codec":"video/avc", "video_play_app":"audio_app_other"},"dgt":"null","audio_ext":"null" }
03-12 21:23:47.391  4710  7745 I MediaCodec: MediaCodec::~MediaCodec()
03-12 21:23:47.392  4710  7745 W headunitrevived: Binder 0xb4000075b9829220 destroyed after setInheritRt before being parceled.
03-12 21:23:47.403  4710  7160 E GraphicsTracker: cannot deallocate due to being stopped
03-12 21:23:47.403  4710  7160 W Codec2-GraphicBufferAllocator: deallocate() 20229295964572 was not successful 1
03-12 21:23:47.408  4710  7160 E Surface : freeAllBuffers: 1 buffers were freed while being dequeued!
03-12 21:23:47.410  4710  4710 I HUREV   : [2] HomeFragment.onResume | HomeFragment: onResume. isConnected=false
03-12 21:23:47.542  4710  4710 W headunitrevived: Binder 0xb4000075b9826ca0 destroyed after setInheritRt before being parceled.
03-12 21:23:47.547  4710  4710 I HandWritingStubImpl: refreshLastKeyboardType: 1
03-12 21:23:47.547  4710  4710 I HandWritingStubImpl: getCurrentKeyboardType: 1
03-12 21:23:47.551  4710  4710 W WindowOnBackDispatcher: sendCancelIfRunning: isInProgress=false callback=android.app.Activity$$ExternalSyntheticLambda0@2de2813
03-12 21:23:47.552  4710  4710 I HUREV   : [2] AapProjectionActivity.onDestroy | AapProjectionActivity.onDestroy called. isFinishing=true
03-12 21:23:47.553  4710  4710 I HUREV   : [2] TextureProjectionView.onSurfaceTextureDestroyed | TextureProjectionView: Surface destroyed
03-12 21:23:47.553  4710  4710 I HUREV   : [2] AapProjectionActivity.onSurfaceDestroyed | SurfaceCallback: onSurfaceDestroyed. Surface: Surface(name=android.graphics.SurfaceTexture@d4d81b9 mNativeObject=-5476376639648448704)/@0x59cc9fe
03-12 21:23:47.554  4710  4710 I HUREV   : [2] VideoDecoder.stop | Decoder stopped: surfaceDestroyed
03-12 21:23:47.583  4710  4710 I ImeTracker: com.andrerinas.headunitrevived:8c9c3dc2: onCancelled at PHASE_CLIENT_ALREADY_HIDDEN
03-12 21:23:49.332  4710  4710 I HUREV   : [2] NetworkDiscovery.startScan | NetworkDiscovery: Starting scan...
03-12 21:23:49.334  4710  7722 I HUREV   : [2718] 1.invokeSuspend | NetworkDiscovery: Step 1 - Quick Gateway Scan
03-12 21:23:49.338  4710  7722 I HUREV   : [2718] 1.invokeSuspend | NetworkDiscovery: Step 2 - Full Subnet Scan
03-12 21:23:49.340  4710  7722 E HUREV   : [2718] NetworkDiscovery.scanSubnet | NetworkDiscovery: Could not determine subnet for deep scan
03-12 21:23:49.345  4710  4710 I HUREV   : [2] 1.onScanFinished | One-shot scan finished.
03-12 21:23:55.710  4710  4710 I MIUIInput: [MotionEvent] ViewRootImpl windowName 'com.andrerinas.headunitrevived/com.andrerinas.headunitrevived.main.MainActivity', { action=ACTION_DOWN, id[0]=0, pointerCount=1, eventTime=10618196, downTime=10618196, phoneEventTime=21:23:55.702 } moveCount:0
03-12 21:23:55.780  4710  4710 I MIUIInput: [MotionEvent] ViewRootImpl windowName 'com.andrerinas.headunitrevived/com.andrerinas.headunitrevived.main.MainActivity', { action=ACTION_UP, id[0]=0, pointerCount=1, eventTime=10618271, downTime=10618196, phoneEventTime=21:23:55.777 } moveCount:1
03-12 21:23:55.860  4710  7166 I ActivityThread: HardwareRenderer preload  done
03-12 21:23:55.865  4710  4710 I headunitrevived: AssetManager2(0xb4000074597fc418) locale list changing from [] to [sr-RS]
03-12 21:23:56.010  4710  4710 I ForceDarkHelperStubImpl: setViewRootImplForceDark: false for com.andrerinas.headunitrevived.main.SettingsActivity@956bfa3, reason: AppDarkModeEnable
03-12 21:23:56.010  4710  4710 I ViewRootImpl: com.andrerinas.headunitrevived/com.andrerinas.headunitrevived.main.SettingsActivity use first frame acceleration
03-12 21:23:56.020  4710  4710 I Choreographer: first vsync insert message into MessageQueue Head
03-12 21:23:56.021  4710  4710 I ComputilityLevel: getComputilityLevel(): 2
03-12 21:23:56.047  4710  4710 I ForceDarkHelperStubImpl: setViewRootImplForceDark: false for com.andrerinas.headunitrevived.main.SettingsActivity@956bfa3, reason: AppDarkModeEnable
03-12 21:23:56.095  4710  4710 W HWUI    : Image decoding logging dropped!
03-12 21:23:56.096  4710  4710 W HWUI    : Image decoding logging dropped!
03-12 21:23:56.097  4710  4710 W HWUI    : Image decoding logging dropped!
03-12 21:23:56.098  4710  4710 W HWUI    : Image decoding logging dropped!
03-12 21:23:56.098  4710  4710 W HWUI    : Image decoding logging dropped!
03-12 21:23:56.099  4710  4710 W HWUI    : Image decoding logging dropped!
03-12 21:23:56.100  4710  4710 W HWUI    : Image decoding logging dropped!
03-12 21:23:56.101  4710  4710 W HWUI    : Image decoding logging dropped!
03-12 21:23:56.101  4710  4710 W HWUI    : Image decoding logging dropped!
03-12 21:23:56.102  4710  4710 W HWUI    : Image decoding logging dropped!
03-12 21:23:56.103  4710  4710 W HWUI    : Image decoding logging dropped!
03-12 21:23:56.104  4710  4710 W HWUI    : Image decoding logging dropped!
03-12 21:23:56.104  4710  4710 W HWUI    : Image decoding logging dropped!
03-12 21:23:56.105  4710  4710 W HWUI    : Image decoding logging dropped!
03-12 21:23:56.106  4710  4710 W HWUI    : Image decoding logging dropped!
03-12 21:23:56.107  4710  4710 W HWUI    : Image decoding logging dropped!
03-12 21:23:56.108  4710  4710 W HWUI    : Image decoding logging dropped!
03-12 21:23:56.108  4710  4710 W HWUI    : Image decoding logging dropped!
03-12 21:23:56.109  4710  4710 W HWUI    : Image decoding logging dropped!
03-12 21:23:56.110  4710  4710 W HWUI    : Image decoding logging dropped!
03-12 21:23:56.111  4710  4710 W HWUI    : Image decoding logging dropped!
03-12 21:23:56.111  4710  4710 W HWUI    : Image decoding logging dropped!
03-12 21:23:56.112  4710  4710 W HWUI    : Image decoding logging dropped!
03-12 21:23:56.113  4710  4710 W HWUI    : Image decoding logging dropped!
03-12 21:23:56.113  4710  4710 W HWUI    : Image decoding logging dropped!
03-12 21:23:56.114  4710  4710 W HWUI    : Image decoding logging dropped!
03-12 21:23:56.115  4710  4710 W HWUI    : Image decoding logging dropped!
03-12 21:23:56.235  4710  4710 I HandWritingStubImpl: refreshLastKeyboardType: 1
03-12 21:23:56.235  4710  4710 I HandWritingStubImpl: getCurrentKeyboardType: 1
03-12 21:23:56.266  4710  4710 W headunitrevived: Binder 0xb4000075b9820940 destroyed after setInheritRt before being parceled.
03-12 21:23:56.268  4710  4710 W WindowOnBackDispatcher: sendCancelIfRunning: isInProgress=false callback=androidx.activity.OnBackPressedDispatcher$Api34Impl$createOnBackAnimationCallback$1@5e77e61
03-12 21:23:56.289  4710  4710 I ImeTracker: com.andrerinas.headunitrevived:3b49bfb7: onCancelled at PHASE_CLIENT_ALREADY_HIDDEN
03-12 21:23:56.801  4710  4710 I MIUIInput: [MotionEvent] ViewRootImpl windowName 'com.andrerinas.headunitrevived/com.andrerinas.headunitrevived.main.SettingsActivity', { action=ACTION_DOWN, id[0]=0, pointerCount=1, eventTime=10619290, downTime=10619290, phoneEventTime=21:23:56.796 } moveCount:0
03-12 21:23:56.864  4710  7330 I PowerHalMgrImpl: hdl:4921, pid:4710 
03-12 21:23:56.867  4710  7330 I PowerHalMgrImpl: hdl:4922, pid:4710 
03-12 21:23:57.049  4710  4710 I MIUIInput: [MotionEvent] ViewRootImpl windowName 'com.andrerinas.headunitrevived/com.andrerinas.headunitrevived.main.SettingsActivity', { action=ACTION_UP, id[0]=0, pointerCount=1, eventTime=10619539, downTime=10619290, phoneEventTime=21:23:57.045 } moveCount:14
03-12 21:23:57.050  4710  4710 I ScrollIdentify: on fling
03-12 21:23:57.054  4710  7330 I PowerHalMgrImpl: hdl:4925, pid:4710 
03-12 21:23:57.429  4710  4710 I MIUIInput: [MotionEvent] ViewRootImpl windowName 'com.andrerinas.headunitrevived/com.andrerinas.headunitrevived.main.SettingsActivity', { action=ACTION_DOWN, id[0]=0, pointerCount=1, eventTime=10619919, downTime=10619919, phoneEventTime=21:23:57.425 } moveCount:0
03-12 21:23:57.513  4710  7330 I PowerHalMgrImpl: hdl:4929, pid:4710 
03-12 21:23:57.516  4710  7330 I PowerHalMgrImpl: hdl:4930, pid:4710 
03-12 21:23:57.624  4710  4710 I MIUIInput: [MotionEvent] ViewRootImpl windowName 'com.andrerinas.headunitrevived/com.andrerinas.headunitrevived.main.SettingsActivity', { action=ACTION_UP, id[0]=0, pointerCount=1, eventTime=10620113, downTime=10619919, phoneEventTime=21:23:57.619 } moveCount:11
03-12 21:23:57.625  4710  4710 I ScrollIdentify: on fling
03-12 21:23:57.629  4710  7330 I PowerHalMgrImpl: hdl:4934, pid:4710 
03-12 21:23:58.557  4710  4710 I MIUIInput: [MotionEvent] ViewRootImpl windowName 'com.andrerinas.headunitrevived/com.andrerinas.headunitrevived.main.SettingsActivity', { action=ACTION_DOWN, id[0]=0, pointerCount=1, eventTime=10621047, downTime=10621047, phoneEventTime=21:23:58.553 } moveCount:0
03-12 21:23:58.619  4710  7330 I PowerHalMgrImpl: hdl:4937, pid:4710 
03-12 21:23:58.622  4710  7330 I PowerHalMgrImpl: hdl:4938, pid:4710 
03-12 21:23:58.890  4710  4710 I MIUIInput: [MotionEvent] ViewRootImpl windowName 'com.andrerinas.headunitrevived/com.andrerinas.headunitrevived.main.SettingsActivity', { action=ACTION_UP, id[0]=0, pointerCount=1, eventTime=10621380, downTime=10621047, phoneEventTime=21:23:58.886 } moveCount:20
03-12 21:23:58.891  4710  4710 I ScrollIdentify: on fling
03-12 21:23:58.894  4710  7330 I PowerHalMgrImpl: hdl:4941, pid:4710 
03-12 21:23:59.604  4710  4710 I MIUIInput: [MotionEvent] ViewRootImpl windowName 'com.andrerinas.headunitrevived/com.andrerinas.headunitrevived.main.SettingsActivity', { action=ACTION_DOWN, id[0]=0, pointerCount=1, eventTime=10622094, downTime=10622094, phoneEventTime=21:23:59.600 } moveCount:0
03-12 21:23:59.670  4710  4710 I MIUIInput: [MotionEvent] ViewRootImpl windowName 'com.andrerinas.headunitrevived/com.andrerinas.headunitrevived.main.SettingsActivity', { action=ACTION_UP, id[0]=0, pointerCount=1, eventTime=10622161, downTime=10622094, phoneEventTime=21:23:59.667 } moveCount:0
03-12 21:23:59.672  4710  4710 I libc    : kill: send 15 to pid 7394
03-12 21:23:59.672  4710  4710 I libc    : debug pid reuse, real pid 7394
03-12 21:24:01.536  4710  4710 I MIUIInput: [MotionEvent] ViewRootImpl windowName 'com.andrerinas.headunitrevived/com.andrerinas.headunitrevived.main.SettingsActivity', { action=ACTION_DOWN, id[0]=0, pointerCount=1, eventTime=10624025, downTime=10624025, phoneEventTime=21:24:01.530 } moveCount:0
03-12 21:24:01.721  4710  4710 I MIUIInput: [MotionEvent] ViewRootImpl windowName 'com.andrerinas.headunitrevived/com.andrerinas.headunitrevived.main.SettingsActivity', { action=ACTION_UP, id[0]=0, pointerCount=1, eventTime=10624212, downTime=10624025, phoneEventTime=21:24:01.718 } moveCount:2
03-12 21:24:01.907  4710  7330 I PowerHalMgrImpl: hdl:4946, pid:4710 
03-12 21:24:02.398  4710  4710 I MIUIInput: [MotionEvent] ViewRootImpl windowName 'com.andrerinas.headunitrevived/com.andrerinas.headunitrevived.main.SettingsActivity', { action=ACTION_DOWN, id[0]=0, pointerCount=1, eventTime=10624887, downTime=10624887, phoneEventTime=21:24:02.392 } moveCount:0
03-12 21:24:02.504  4710  4710 I MIUIInput: [MotionEvent] ViewRootImpl windowName 'com.andrerinas.headunitrevived/com.andrerinas.headunitrevived.main.SettingsActivity', { action=ACTION_UP, id[0]=0, pointerCount=1, eventTime=10624995, downTime=10624887, phoneEventTime=21:24:02.500 } moveCount:2
03-12 21:24:02.583  4710  4710 I ForceDarkHelperStubImpl: setViewRootImplForceDark: false for com.andrerinas.headunitrevived.main.MainActivity@8a91fc, reason: AppDarkModeEnable
03-12 21:24:02.593  4710  4710 I HUREV   : [2] HomeFragment.onResume | HomeFragment: onResume. isConnected=false
03-12 21:24:02.702  4710  4710 W headunitrevived: Binder 0xb4000075b98278a0 destroyed after setInheritRt before being parceled.
03-12 21:24:02.706  4710  4710 I HandWritingStubImpl: refreshLastKeyboardType: 1
03-12 21:24:02.706  4710  4710 I HandWritingStubImpl: getCurrentKeyboardType: 1
03-12 21:24:02.709  4710  4710 W WindowOnBackDispatcher: sendCancelIfRunning: isInProgress=false callback=androidx.activity.OnBackPressedDispatcher$Api34Impl$createOnBackAnimationCallback$1@86e59ae
03-12 21:24:02.711  4710  4710 W WindowOnBackDispatcher: sendCancelIfRunning: isInProgress=false callback=android.app.Activity$$ExternalSyntheticLambda0@f11c229
03-12 21:24:02.738  4710  4710 I ImeTracker: com.andrerinas.headunitrevived:3c3c9495: onCancelled at PHASE_CLIENT_ALREADY_HIDDEN
03-12 21:24:08.706  4710  7166 I ActivityThread: HardwareRenderer preload  done
03-12 21:24:08.718  4710  4710 I HUREV   : [2] AutomationActivity.onCreate | AutomationActivity: Received intent. Action: com.andrerinas.headunitrevived.ACTION_DISCONNECT, Data: null
03-12 21:24:08.763  4710  4710 I HUREV   : [2] AapService.onStartCommand | Disconnect action received.
03-12 21:24:08.812  4710  4710 I HUREV   : [2] HomeFragment.onResume | HomeFragment: onResume. isConnected=false
03-12 21:24:08.841  4710  4710 I HandWritingStubImpl: refreshLastKeyboardType: 1
03-12 21:24:08.842  4710  4710 I HandWritingStubImpl: getCurrentKeyboardType: 1
03-12 21:24:08.848  4710  4710 I ImeTracker: com.andrerinas.headunitrevived:a1777924: onCancelled at PHASE_CLIENT_ALREADY_HIDDEN
03-12 21:24:12.308  4710  4710 W headunitrevived: Binder 0xb4000075b9827840 destroyed after setInheritRt before being parceled.
03-12 21:24:12.311  4710  4710 W WindowOnBackDispatcher: sendCancelIfRunning: isInProgress=false callback=androidx.activity.OnBackPressedDispatcher$Api34Impl$createOnBackAnimationCallback$1@5e77e61
03-12 21:24:12.318  4710  4710 I VRI[MainActivity]: DisplayState - old: 2, new: 1
