03-12 21:25:14.975  4710  4710 I HUREV   : [2] ProjectionViewScaler.updateScale | ProjectionViewScaler: Scale updated for view TextureProjectionView. scaleX: 1.4328358, scaleY: 1.35
03-12 21:25:15.040  4710  4710 I HandWritingStubImpl: refreshLastKeyboardType: 1
03-12 21:25:15.040  4710  4710 I HandWritingStubImpl: getCurrentKeyboardType: 1
03-12 21:25:15.080  4710  4710 W headunitrevived: Binder 0xb4000075b982b1a0 destroyed after setInheritRt before being parceled.
03-12 21:25:15.084  4710  4710 W WindowOnBackDispatcher: sendCancelIfRunning: isInProgress=false callback=androidx.activity.OnBackPressedDispatcher$Api34Impl$createOnBackAnimationCallback$1@5e77e61
03-12 21:25:15.093  4710  4710 I ImeTracker: com.andrerinas.headunitrevived:345764fa: onCancelled at PHASE_CLIENT_ALREADY_HIDDEN
03-12 21:25:15.354  4710  7722 I HUREV   : [2718] AapTransport.handshake | Handshake: Version response received (ret=12, attempt=1).
03-12 21:25:15.355  4710  7722 I HUREV   : [2718] AapTransport.handshake | Handshake: Version response recv ret: 12
03-12 21:25:15.384  4710  7722 I HUREV   : [2718] AapSslContext.performHandshake | SSL handshake complete. Session id: M7xtazH00+7tD3swE+ApdsvC/6ETx+xAlM1c7IAnmnU=
03-12 21:25:15.384  4710  7723 I HUREV   : [2719] 1.invokeSuspend | NetworkDiscovery: Gateway found service, skipping subnet scan.
03-12 21:25:15.385  4710  7722 I HUREV   : [2718] AapTransport.handshake | Handshake: Status OK sent: 8
03-12 21:25:15.385  4710  4710 I HUREV   : [2] 1.onScanFinished | One-shot scan finished.
03-12 21:25:15.386  4710  7723 I HUREV   : [2719] AapAudio.requestFocusChange | Audio Focus Request: stream=3, type=1
03-12 21:25:15.390  4710  7723 I HUREV   : [2719] AapAudio.requestFocusChange | Audio focus request result: GRANTED
03-12 21:25:15.390  4710  7723 I HUREV   : [2719] AapTransport.startReading$com_andrerinas_headunitrevived_2_0_1_debug | Start Aap transport read loop
03-12 21:25:15.392  4710  8301 I HUREV   : [2740] AapControlService.serviceDiscoveryRequest | Service Discovery Request: Android
03-12 21:25:15.393  4710  8301 I HUREV   : [2740] Companion.makeProto | [ServiceDiscovery] Announcing NIGHT sensor support. Strategy: AUTO
03-12 21:25:15.393  4710  8301 I HUREV   : [2740] Companion.makeProto | [ServiceDiscovery] NegotiatedResolution is: 1920x1080
03-12 21:25:15.394  4710  8301 I HUREV   : [2740] Companion.makeProto | [ServiceDiscovery] Margins are: 580x280
03-12 21:25:15.395  4710  4710 I HUREV   : [2] 1.onReceive | Received request to resend night mode state
03-12 21:25:15.396  4710  8301 I HUREV   : [2740] Companion.makeProto | BT MAC Address is empty. Skip bluetooth service
03-12 21:25:15.396  4710  4710 I HUREV   : [2] 1.invoke | NightMode update: true
03-12 21:25:15.479  4710  8301 I HUREV   : [2740] AapControlService.audioFocusRequest | Audio Focus Request: RELEASE
03-12 21:25:15.479  4710  8301 I HUREV   : [2740] AapAudio.requestFocusChange | Audio Focus Request: stream=3, type=4
03-12 21:25:15.480  4710  8301 I HUREV   : [2740] AapAudio.requestFocusChange | Releasing audio focus
03-12 21:25:15.482  4710  8301 I HUREV   : [2740] AapControlService.audioFocusRequest | Sending immediate AudioFocusNotification: STATE_LOSS
03-12 21:25:15.495  4710  8301 I HUREV   : [2740] AapControlSensor.sensorStartRequest | Sensor Start Request sensor: DRIVING_STATUS, minUpdatePeriod: 0
03-12 21:25:15.496  4710  8301 I HUREV   : [2740] AapControlSensor.sensorStartRequest | SENSOR Sensor Start Response type: 32770 flags: 11 size: 8 dataOffset: 6
03-12 21:25:15.502  4710  8301 W HUREV   : [2740] AapVideo.process | AapVideo: Dropped Flag 11 packet. len=4, buf[10]=?
03-12 21:25:15.502  4710  8301 I HUREV   : [2740] AapControlMedia.mediaSinkSetupRequest | Media Sink Setup Request: 3 on channel VIDEO
03-12 21:25:15.503  4710  8301 I HUREV   : [2740] AapControlMedia.mediaSinkSetupRequest | Config response: status: HEADUNIT
03-12 21:25:15.503  4710  8301 I HUREV   : max_unacked: 1
03-12 21:25:15.503  4710  8301 I HUREV   : configuration_indices: 0
03-12 21:25:15.507  4710  8301 I HUREV   : [2740] AapControlMedia.mediaSinkSetupRequest | Media Sink Setup Request: 1 on channel AUDIO2
03-12 21:25:15.508  4710  8301 I HUREV   : [2740] AapControlMedia.mediaSinkSetupRequest | Config response: status: HEADUNIT
03-12 21:25:15.508  4710  8301 I HUREV   : max_unacked: 3
03-12 21:25:15.508  4710  8301 I HUREV   : configuration_indices: 0
03-12 21:25:15.510  4710  8301 I HUREV   : [2740] AapControlSensor.sensorStartRequest | Sensor Start Request sensor: NIGHT, minUpdatePeriod: 0
03-12 21:25:15.510  4710  8301 I HUREV   : [2740] AapControlSensor.sensorStartRequest | SENSOR Sensor Start Response type: 32770 flags: 11 size: 8 dataOffset: 6
03-12 21:25:15.511  4710  8301 I HUREV   : [2740] AapControlSensor.sensorStartRequest | Night sensor requested. Triggering immediate update.
03-12 21:25:15.514  4710  4710 I HUREV   : [2] 1.onReceive | Received request to resend night mode state
03-12 21:25:15.515  4710  4710 I HUREV   : [2] 1.invoke | NightMode update: true
03-12 21:25:15.594  4710  8301 W HUREV   : [2740] AapVideo.process | AapVideo: Dropped Flag 11 packet. len=6, buf[10]=?
03-12 21:25:15.594  4710  8301 I HUREV   : [2740] AapControlMedia.execute | RX: Video Focus Request - mode: VIDEO_FOCUS_PROJECTED, reason: UNKNOWN
03-12 21:25:16.706  4710  8301 E HUREV   : While parsing a protocol message, the input ended unexpectedly in the middle of a field.  This could mean either that the input has been truncated or that an embedded message misreported its own length.
03-12 21:25:16.706  4710  8301 E HUREV   : com.google.protobuf.InvalidProtocolBufferException: While parsing a protocol message, the input ended unexpectedly in the middle of a field.  This could mean either that the input has been truncated or that an embedded message misreported its own length.
03-12 21:25:16.706  4710  8301 E HUREV   : 	at com.google.protobuf.CodedInputStream$ArrayDecoder.readRawBytes(CodedInputStream.java:1236)
03-12 21:25:16.706  4710  8301 E HUREV   : 	at com.google.protobuf.CodedInputStream$ArrayDecoder.readBytes(CodedInputStream.java:887)
03-12 21:25:16.706  4710  8301 E HUREV   : 	at com.andrerinas.headunitrevived.aap.protocol.proto.MediaPlayback$MediaMetaData$Builder.mergeFrom(MediaPlayback.java:2192)
03-12 21:25:16.706  4710  8301 E HUREV   : 	at com.andrerinas.headunitrevived.aap.protocol.proto.MediaPlayback$MediaMetaData$Builder.mergeFrom(MediaPlayback.java:1974)
03-12 21:25:16.706  4710  8301 E HUREV   : 	at com.google.protobuf.AbstractMessage$Builder.mergeFrom(AbstractMessage.java:394)
03-12 21:25:16.706  4710  8301 E HUREV   : 	at com.google.protobuf.AbstractMessage$Builder.mergeFrom(AbstractMessage.java:293)
03-12 21:25:16.706  4710  8301 E HUREV   : 	at com.google.protobuf.AbstractMessageLite$Builder.mergeFrom(AbstractMessageLite.java:199)
03-12 21:25:16.706  4710  8301 E HUREV   : 	at com.google.protobuf.AbstractMessage$Builder.mergeFrom(AbstractMessage.java:511)
03-12 21:25:16.706  4710  8301 E HUREV   : 	at com.andrerinas.headunitrevived.aap.AapMediaPlayback.process(AapMediaPlayback.kt:39)
03-12 21:25:16.706  4710  8301 E HUREV   : 	at com.andrerinas.headunitrevived.aap.AapMessageHandlerType.handle(AapMessageHandlerType.kt:58)
03-12 21:25:16.706  4710  8301 E HUREV   : 	at com.andrerinas.headunitrevived.aap.AapReadSingleMessage.doRead(AapReadSingleMessage.kt:58)
03-12 21:25:16.706  4710  8301 E HUREV   : 	at com.andrerinas.headunitrevived.aap.AapRead$Base.read(AapRead.kt:24)
03-12 21:25:16.706  4710  8301 E HUREV   : 	at com.andrerinas.headunitrevived.aap.AapTransport.pollHandlerCallback$lambda$2(AapTransport.kt:106)
03-12 21:25:16.706  4710  8301 E HUREV   : 	at com.andrerinas.headunitrevived.aap.AapTransport.$r8$lambda$Rjsdf1lVQ-AdDZlQs7Xt4MuwD3Y(Unknown Source:0)
03-12 21:25:16.706  4710  8301 E HUREV   : 	at com.andrerinas.headunitrevived.aap.AapTransport$$ExternalSyntheticLambda2.handleMessage(D8$$SyntheticClass:0)
03-12 21:25:16.706  4710  8301 E HUREV   : 	at android.os.Handler.dispatchMessage(Handler.java:110)
03-12 21:25:16.706  4710  8301 E HUREV   : 	at android.os.Looper.loopOnce(Looper.java:267)
03-12 21:25:16.706  4710  8301 E HUREV   : 	at android.os.Looper.loop(Looper.java:360)
03-12 21:25:16.706  4710  8301 E HUREV   : 	at android.os.HandlerThread.run(HandlerThread.java:85)
03-12 21:25:17.932  4710  4710 W HUREV   : [2] 1.run | Watchdog: No video received. Requesting Keyframe (Unsolicited Focus)...
03-12 21:25:17.963  4710  8301 W HUREV   : [2740] AapVideo.process | AapVideo: Dropped Flag 11 packet. len=6, buf[10]=?
03-12 21:25:17.964  4710  8301 I HUREV   : [2740] AapControlMedia.mediaStartRequest | Media Start Request VIDEO: session_id: 0
03-12 21:25:17.964  4710  8301 I HUREV   : configuration_index: 0
03-12 21:25:18.065  4710  8301 I HUREV   : [2740] VideoDecoder.decode | H.264/AVC config detected in frame (30 bytes)
03-12 21:25:18.068  4710  8301 I MediaCodec: MediaCodec::MediaCodec()
03-12 21:25:18.070  4710  8301 I MediaCodec: init video box disabled for codec not supported
03-12 21:25:18.071  4710  8319 I MediaCodec: [mId: 3] [video-debug-dec] setState: INITIALIZING
03-12 21:25:18.074  4710  8320 I CCodec  : setting up 'default' as default (vendor) store
03-12 21:25:18.098  4710  8320 W headunitrevived: AIBinder_linkToDeath is being called with a non-null cookie and no onUnlink callback set. This might not be intended. AIBinder_DeathRecipient_setOnUnlinked should be called first.
03-12 21:25:18.098  4710  8320 I CCodec  : Created component [c2.mtk.avc.decoder] for [c2.mtk.avc.decoder]
03-12 21:25:18.112  4710  8320 I CCodecConfig: query failed after returning 18 values (BAD_INDEX)
03-12 21:25:18.113  4710  8320 W ColorUtils: expected specified color aspects (0:0:0:0)
03-12 21:25:18.113  4710  8319 I MediaCodec: [mId: 3] [video-debug-dec] setState: INITIALIZED
03-12 21:25:18.115  4710  8301 I HUREV   : [2740] VideoDecoder.start | Configuring decoder: c2.mtk.avc.decoder with surface
03-12 21:25:18.115  4710  8301 I MediaCodec: [mId: 3] [video-debug-dec] configure: ClientName: com.andrerinas.headunitrevived ComponentName: c2.mtk.avc.decoder
03-12 21:25:18.116  4710  8301 I MediaCodec: [mId: 3] [video-debug-dec] configure: ClientFormat: AMessage(what = 0x00000000) = {
03-12 21:25:18.116  4710  8301 I MediaCodec:   Buffer csd-1 = {
03-12 21:25:18.116  4710  8301 I MediaCodec:     00000000:  00 00 00 01 68 ce 06 f2                           ....h...
03-12 21:25:18.116  4710  8301 I MediaCodec:   }
03-12 21:25:18.116  4710  8301 I MediaCodec:   string mime = "video/avc"
03-12 21:25:18.116  4710  8301 I MediaCodec:   int32_t width = 1920
03-12 21:25:18.116  4710  8301 I MediaCodec:   int32_t max-input-size = 1048576
03-12 21:25:18.116  4710  8301 I MediaCodec:   int32_t height = 1080
03-12 21:25:18.116  4710  8301 I MediaCodec:   Buffer csd-0 = {
03-12 21:25:18.116  4710  8301 I MediaCodec:     00000000:  00 00 00 01 67 42 80 2a  da 01 e0 08 9f 96 52 0a  ....gB.*......R.
03-12 21:25:18.116  4710  8301 I MediaCodec:     00000010:  0c 0a 0d a1 42 6a                                 ....Bj
03-12 21:25:18.116  4710  8301 I MediaCodec:   }
03-12 21:25:18.116  4710  8301 I MediaCodec: }
03-12 21:25:18.116  4710  8301 E MediaCodec: Media Quality Service not found.
03-12 21:25:18.116  4710  8301 I MediaCodec: MediaStub sendWidth/sendHeight
03-12 21:25:18.116  4710  8301 I MediaCodec: MediaStub sendMine
03-12 21:25:18.116  4710  8301 I MediaCodec: MediaStub sendDolbyVision
03-12 21:25:18.116  4710  8301 I MediaCodec: MediaStub sendPackageName
03-12 21:25:18.116  4710  8301 I MiMediaCodec: fps video to display enabled
03-12 21:25:18.116  4710  8301 I MiMediaCodec: The Fps from player is 0.000000  frameRateFloat -1.000000 frameRateInt -1
03-12 21:25:18.118  4710  8301 E headunitrevived: Failed to get interface:vendor.xiaomi.hardware.videoservice.IVideoService/default
03-12 21:25:18.118  4710  8301 I MediaCodec: configure : init video box disabled
03-12 21:25:18.118  4710  8319 I MediaCodec: [mId: 3] [video-debug-dec] connectToSurface: surface 0xb400007619872dc0, mSurface 0x0
03-12 21:25:18.118  4710  8319 I MediaCodec: [c2.mtk.avc.decoder] setting surface generation to 4823044
03-12 21:25:18.118  4710  8319 W headunitrevived: Binder 0xb4000075b982c340 destroyed after setInheritRt before being parceled.
03-12 21:25:18.118  4710  8319 I MediaCodec: [mId: 3] [video-debug-dec] setState: CONFIGURING
03-12 21:25:18.121  4710  8320 W CCodec  : This behavior is subject to change. It is recommended that app developers double check whether the requested max input size is in reasonable range.
03-12 21:25:18.122  4710  8320 I CCodecConfig: query failed after returning 19 values (BAD_INDEX)
03-12 21:25:18.123  4710  8320 E headunitrevived: Failed to query component interface for required system resources: 6
03-12 21:25:18.123  4710  8319 I MediaCodec: [mId: 3] [video-debug-dec] setState: CONFIGURED
03-12 21:25:18.125  4710  8301 W libc    : Access denied finding property "vendor.mm.loading.state"
03-12 21:25:18.125  4710  8319 I MediaCodec: [mId: 3] [video-debug-dec] setState: STARTING
03-12 21:25:18.131  4710  8320 I CCodecBufferChannel: [mId: 3] [video-debug-dec] start: inputFormat: AMessage(what = 0x00000000) = {
03-12 21:25:18.131  4710  8320 I CCodecBufferChannel:   string mime = "video/avc"
03-12 21:25:18.131  4710  8320 I CCodecBufferChannel:   int32_t width = 1920
03-12 21:25:18.131  4710  8320 I CCodecBufferChannel:   int32_t profile = 65536
03-12 21:25:18.131  4710  8320 I CCodecBufferChannel:   int32_t priority = -1
03-12 21:25:18.131  4710  8320 I CCodecBufferChannel:   int32_t frame-rate = 0
03-12 21:25:18.131  4710  8320 I CCodecBufferChannel:   int32_t height = 1080
03-12 21:25:18.131  4710  8320 I CCodecBufferChannel:   int32_t level = 32768
03-12 21:25:18.131  4710  8320 I CCodecBufferChannel:   int32_t max-input-size = 2094080
03-12 21:25:18.131  4710  8320 I CCodecBufferChannel:   Rect crop(0, 0, 318, 238)
03-12 21:25:18.131  4710  8320 I CCodecBufferChannel: }
03-12 21:25:18.133  4710  8320 I CCodecBufferChannel: [c2.mtk.avc.decoder#916] Created output block pool with allocatorID 18 => poolID 118 - OK
03-12 21:25:18.134  4710  8320 I CCodecBufferChannel: [mId: 3] [video-debug-dec] start: outputFormat: AMessage(what = 0x00000000) = {
03-12 21:25:18.134  4710  8320 I CCodecBufferChannel:   int32_t android._color-format = 2130708361
03-12 21:25:18.134  4710  8320 I CCodecBufferChannel:   int32_t android._video-scaling = 1
03-12 21:25:18.134  4710  8320 I CCodecBufferChannel:   int32_t sar-width = 1
03-12 21:25:18.134  4710  8320 I CCodecBufferChannel:   int32_t color-standard = 4
03-12 21:25:18.134  4710  8320 I CCodecBufferChannel:   int32_t color-range = 2
03-12 21:25:18.134  4710  8320 I CCodecBufferChannel:   int32_t color-transfer = 3
03-12 21:25:18.134  4710  8320 I CCodecBufferChannel:   int32_t sar-height = 1
03-12 21:25:18.134  4710  8320 I CCodecBufferChannel:   int32_t width = 1920
03-12 21:25:18.134  4710  8320 I CCodecBufferChannel:   int32_t priority = -1
03-12 21:25:18.134  4710  8320 I CCodecBufferChannel:   int32_t rotation-degrees = 0
03-12 21:25:18.134  4710  8320 I CCodecBufferChannel:   int32_t max-height = 1080
03-12 21:25:18.134  4710  8320 I CCodecBufferChannel:   int32_t height = 1080
03-12 21:25:18.134  4710  8320 I CCodecBufferChannel:   string mime = "video/raw"
03-12 21:25:18.134  4710  8320 I CCodecBufferChannel:   int32_t max-width = 1920
03-12 21:25:18.134  4710  8320 I CCodecBufferChannel:   Rect crop(0, 0, 318, 238)
03-12 21:25:18.134  4710  8320 I CCodecBufferChannel:   Buffer hdr-static-info = {
03-12 21:25:18.134  4710  8320 I CCodecBufferChannel:     00000000:  00 00 00 00 00 00 00 00  00 00 00 00 00 00 00 00  ................
03-12 21:25:18.134  4710  8320 I CCodecBufferChannel:     00000010:  00 00 00 00 00 00 00 00  00                       .........
03-12 21:25:18.134  4710  8320 I CCodecBufferChannel:   }
03-12 21:25:18.134  4710  8320 I CCodecBufferChannel:   int32_t frame-rate = 0
03-12 21:25:18.134  4710  8320 I CCodecBufferChannel:   int32_t android._dataspace = 259
03-12 21:25:18.134  4710  8320 I CCodecBufferChannel:   int32_t color-format = 2130708361
03-12 21:25:18.134  4710  8320 I CCodecBufferChannel: }
03-12 21:25:18.136  4710  8319 I MediaCodec: [mId: 3] [video-debug-dec] setState: STARTED
03-12 21:25:18.137  4710  8301 I HUREV   : [2740] VideoDecoder.start | Codec initialized: c2.mtk.avc.decoder for stream 1920x1080
03-12 21:25:18.137  4710  8335 I HUREV   : [2742] VideoDecoder.outputThreadLoop | Output thread started
03-12 21:25:18.141  4710  8319 W headunitrevived: AIBinder_linkToDeath is being called with a non-null cookie and no onUnlink callback set. This might not be intended. AIBinder_DeathRecipient_setOnUnlinked should be called first.
03-12 21:25:18.143  4710  8319 I MiMediaCodec: The CSD is not calculated
03-12 21:25:18.144  4710  8319 I MiMediaCodec: The CSD is not calculated
03-12 21:25:18.145  4710  8301 I MediaCodec: [mId: 3] [video-debug-dec] queueInputBuffer: index: 2 pts: 79639 timediff: 0
03-12 21:25:18.153  4710  8301 I MediaCodec: [mId: 3] [video-debug-dec] queueInputBuffer: index: 3 pts: 87825 timediff: 8
03-12 21:25:18.190  4710  8301 I MediaCodec: [mId: 3] [video-debug-dec] queueInputBuffer: index: 4 pts: 125260 timediff: 37
03-12 21:25:18.232  4710  8319 I MediaCodec: isHDR: standard =2,transfer = 3
03-12 21:25:18.234  4710  8335 I HUREV   : [2742] VideoDecoder.handleOutputFormatChange | Output Format Changed: {max-height=1080, crop-right=1919, sar-width=1, color-format=2130708361, mime=video/raw, hdr-static-info=java.nio.HeapByteBuffer[pos=0 lim=25 cap=25], priority=-1, color-standard=2, color-transfer=3, sar-height=1, crop-bottom=1079, max-width=1920, width=1920, crop-left=0, color-range=2, crop-top=0, rotation-degrees=0, frame-rate=0, height=1080}
03-12 21:25:18.235  4710  8319 I MediaCodec: [mId: 3] [video-debug-dec] onReleaseOutputBuffer index 0 pts: 87825 ptsdiff: 87825 timediff: 10700729 render: 1
03-12 21:25:18.240  4710  8319 I MediaCodec: [mId: 3] [video-debug-dec] onReleaseOutputBuffer index 0 pts: 125260 ptsdiff: 37435 timediff: 5 render: 1
03-12 21:25:18.384  4710  8319 W MediaCodec: [mId: 3] [video-debug-dec] onReleaseOutputBuffer: Render time interval reaches 144ms before pts: 293272
03-12 21:25:18.384  4710  8319 I MediaCodec: [mId: 3] [video-debug-dec] onReleaseOutputBuffer index 0 pts: 293272 ptsdiff: 168012 timediff: 144 render: 1
03-12 21:25:18.389  4710  8319 I MediaCodec: [mId: 3] [video-debug-dec] onReleaseOutputBuffer index 0 pts: 300257 ptsdiff: 6985 timediff: 5 render: 1
03-12 21:25:18.395  4710  8319 I MediaCodec: [mId: 3] [video-debug-dec] onReleaseOutputBuffer index 0 pts: 306504 ptsdiff: 6247 timediff: 7 render: 1
03-12 21:25:18.397  4710  8301 I MediaCodec: [mId: 3] [video-debug-dec] queueInputBuffer: index: 0 pts: 332105 timediff: 25
03-12 21:25:19.324  4710  8301 W MediaCodec: [mId: 3] [video-debug-dec] dequeueInputBuffer: Last successful request is 927ms ago, 0 failures since then
03-12 21:25:19.324  4710  8301 W MediaCodec: [mId: 3] [video-debug-dec] queueInputBuffer: Input time interval reaches 928ms before pts: 1259350
03-12 21:25:19.324  4710  8301 I MediaCodec: [mId: 3] [video-debug-dec] queueInputBuffer: index: 1 pts: 1259350 timediff: 928
03-12 21:25:19.326  4710  8319 I MiMediaCodec: The TimeStamp has skip, restart calc fps
03-12 21:25:19.354  4710  8319 W MediaCodec: [mId: 3] [video-debug-dec] onReleaseOutputBuffer: Render time interval reaches 930ms before pts: 1259350
03-12 21:25:19.461  4710  8301 I MediaCodec: [mId: 3] [video-debug-dec] queueInputBuffer: index: 2 pts: 1395844 timediff: 136
03-12 21:25:19.491  4710  8319 W MediaCodec: [mId: 3] [video-debug-dec] onReleaseOutputBuffer: Render time interval reaches 138ms before pts: 1395844
03-12 21:25:19.492  4710  8319 I MediaCodec: [mId: 3] [video-debug-dec] onReleaseOutputBuffer index 0 pts: 1395844 ptsdiff: 136494 timediff: 138 render: 1
03-12 21:25:19.495  4710  8319 I MediaCodec: [mId: 3] [video-debug-dec] onReleaseOutputBuffer index 0 pts: 1404147 ptsdiff: 8303 timediff: 4 render: 1
03-12 21:25:19.497  4710  8301 I MediaCodec: [mId: 3] [video-debug-dec] queueInputBuffer: index: 7 pts: 1431468 timediff: 7
03-12 21:25:19.502  4710  8319 I MediaCodec: [mId: 3] [video-debug-dec] onReleaseOutputBuffer index 0 pts: 1411105 ptsdiff: 6958 timediff: 6 render: 1
03-12 21:25:19.509  4710  8301 I MediaCodec: [mId: 3] [video-debug-dec] queueInputBuffer: index: 0 pts: 1443449 timediff: 12
03-12 21:25:19.527  4710  8301 I MediaCodec: [mId: 3] [video-debug-dec] queueInputBuffer: index: 1 pts: 1461888 timediff: 18
03-12 21:25:19.821  4710  8319 W MediaCodec: [mId: 3] [video-debug-dec] onReleaseOutputBuffer: Render time interval reaches 251ms before pts: 1728128
03-12 21:25:19.821  4710  8319 I MediaCodec: [mId: 3] [video-debug-dec] onReleaseOutputBuffer index 0 pts: 1728128 ptsdiff: 250084 timediff: 251 render: 1
03-12 21:25:19.880  4710  8301 I MediaCodec: [mId: 3] [video-debug-dec] queueInputBuffer: index: 4 pts: 1814941 timediff: 87
03-12 21:25:19.885  4710  8301 I MediaCodec: [mId: 3] [video-debug-dec] queueInputBuffer: index: 5 pts: 1819861 timediff: 5
03-12 21:25:19.890  4710  8301 I MediaCodec: [mId: 3] [video-debug-dec] queueInputBuffer: index: 6 pts: 1825035 timediff: 5
03-12 21:25:19.902  4710  8319 I MediaCodec: [mId: 3] [video-debug-dec] onReleaseOutputBuffer index 0 pts: 1814941 ptsdiff: 86813 timediff: 81 render: 1
03-12 21:25:19.908  4710  8319 I MediaCodec: [mId: 3] [video-debug-dec] onReleaseOutputBuffer index 0 pts: 1819861 ptsdiff: 4920 timediff: 5 render: 1
03-12 21:25:21.060  4710  7148 I headunitrevived: Background young concurrent mark compact GC freed 3139KB AllocSpace bytes, 132(2720KB) LOS objects, 37% free, 9640KB/15MB, paused 809us,8.977ms total 39.916ms
03-12 21:25:21.189  4710  8319 I MiMediaCodec: send fps to display with mFrameRateByTimestamp:51.782902 state:1 id:3
03-12 21:25:22.825  4710  8319 W MediaCodec: [mId: 3] [video-debug-dec] onReleaseOutputBuffer: Render time interval reaches 127ms before pts: 4730343
03-12 21:25:22.825  4710  8319 I MediaCodec: [mId: 3] [video-debug-dec] onReleaseOutputBuffer index 0 pts: 4730343 ptsdiff: 126021 timediff: 127 render: 1
03-12 21:25:22.831  4710  8319 I MediaCodec: [mId: 3] [video-debug-dec] onReleaseOutputBuffer index 0 pts: 4737334 ptsdiff: 6991 timediff: 6 render: 1
03-12 21:25:22.837  4710  8301 I MediaCodec: [mId: 3] [video-debug-dec] queueInputBuffer: index: 2 pts: 4771919 timediff: 34
03-12 21:25:22.863  4710  8319 I MediaCodec: [mId: 3] [video-debug-dec] onReleaseOutputBuffer index 0 pts: 4771919 ptsdiff: 34585 timediff: 32 render: 1
03-12 21:25:22.872  4710  8301 I MediaCodec: [mId: 3] [video-debug-dec] queueInputBuffer: index: 3 pts: 4806468 timediff: 35
03-12 21:25:22.907  4710  8301 I MediaCodec: [mId: 3] [video-debug-dec] queueInputBuffer: index: 4 pts: 4842029 timediff: 35
03-12 21:25:23.131  4710  8319 I MediaCodec: [mId: 3] [video-debug-dec] Stats 5006ms:Client:com.andrerinas.headunitrevived,Component:c2.mtk.avc.decoder,Qin:185(Avg:27ms),DQin:185/188,Render:183(Avg:27ms),Drop:0,DQout:183/528
03-12 21:25:24.657  4710  8319 W MediaCodec: [mId: 3] [video-debug-dec] onReleaseOutputBuffer: Render time interval reaches 118ms before pts: 6559029
03-12 21:25:24.657  4710  8319 I MediaCodec: [mId: 3] [video-debug-dec] onReleaseOutputBuffer index 0 pts: 6559029 ptsdiff: 114431 timediff: 118 render: 1
03-12 21:25:24.662  4710  8319 I MediaCodec: [mId: 3] [video-debug-dec] onReleaseOutputBuffer index 0 pts: 6563369 ptsdiff: 4340 timediff: 5 render: 1
03-12 21:25:24.671  4710  8319 I MediaCodec: [mId: 3] [video-debug-dec] onReleaseOutputBuffer index 0 pts: 6568708 ptsdiff: 5339 timediff: 9 render: 1
03-12 21:25:24.679  4710  8301 I MediaCodec: [mId: 3] [video-debug-dec] queueInputBuffer: index: 7 pts: 6614345 timediff: 46
03-12 21:25:24.749  4710  8301 I MediaCodec: [mId: 3] [video-debug-dec] queueInputBuffer: index: 0 pts: 6683751 timediff: 69
03-12 21:25:24.756  4710  8301 I MediaCodec: [mId: 3] [video-debug-dec] queueInputBuffer: index: 1 pts: 6691160 timediff: 7
03-12 21:25:24.942  4710  8319 W MediaCodec: [mId: 3] [video-debug-dec] onReleaseOutputBuffer: Render time interval reaches 106ms before pts: 6845800
03-12 21:25:24.942  4710  8319 I MediaCodec: [mId: 3] [video-debug-dec] onReleaseOutputBuffer index 0 pts: 6845800 ptsdiff: 105283 timediff: 106 render: 1
03-12 21:25:24.949  4710  8319 I MediaCodec: [mId: 3] [video-debug-dec] onReleaseOutputBuffer index 0 pts: 6849751 ptsdiff: 3951 timediff: 7 render: 1
03-12 21:25:24.956  4710  8319 I MediaCodec: [mId: 3] [video-debug-dec] onReleaseOutputBuffer index 0 pts: 6857810 ptsdiff: 8059 timediff: 7 render: 1
03-12 21:25:24.972  4710  8301 I MediaCodec: [mId: 3] [video-debug-dec] queueInputBuffer: index: 0 pts: 6906727 timediff: 32
03-12 21:25:25.066  4710  8301 I MediaCodec: [mId: 3] [video-debug-dec] queueInputBuffer: index: 1 pts: 7001170 timediff: 94
03-12 21:25:25.073  4710  8301 I MediaCodec: [mId: 3] [video-debug-dec] queueInputBuffer: index: 2 pts: 7007808 timediff: 7
03-12 21:25:25.262  4710  8319 W MediaCodec: [mId: 3] [video-debug-dec] onReleaseOutputBuffer: Render time interval reaches 110ms before pts: 7171559
03-12 21:25:25.262  4710  8319 I MediaCodec: [mId: 3] [video-debug-dec] onReleaseOutputBuffer index 0 pts: 7171559 ptsdiff: 101208 timediff: 110 render: 1
03-12 21:25:25.263  4710  8319 I MediaCodec: [mId: 3] [video-debug-dec] onReleaseOutputBuffer index 1 pts: 7177810 ptsdiff: 6251 timediff: 1 render: 1
03-12 21:25:25.267  4710  8319 I MediaCodec: [mId: 3] [video-debug-dec] onReleaseOutputBuffer index 0 pts: 7183418 ptsdiff: 5608 timediff: 4 render: 1
03-12 21:25:25.270  4710  8301 I MediaCodec: [mId: 3] [video-debug-dec] queueInputBuffer: index: 1 pts: 7204745 timediff: 21
03-12 21:25:25.304  4710  8301 I MediaCodec: [mId: 3] [video-debug-dec] queueInputBuffer: index: 2 pts: 7238827 timediff: 34
03-12 21:25:25.392  4710  8301 I MediaCodec: [mId: 3] [video-debug-dec] queueInputBuffer: index: 3 pts: 7326577 timediff: 88
03-12 21:25:25.748  4710  8319 W MediaCodec: [mId: 3] [video-debug-dec] onReleaseOutputBuffer: Render time interval reaches 170ms before pts: 7656610
03-12 21:25:25.748  4710  8319 I MediaCodec: [mId: 3] [video-debug-dec] onReleaseOutputBuffer index 0 pts: 7656610 ptsdiff: 164016 timediff: 170 render: 1
03-12 21:25:25.751  4710  8319 I MediaCodec: [mId: 3] [video-debug-dec] onReleaseOutputBuffer index 0 pts: 7664008 ptsdiff: 7398 timediff: 4 render: 1
03-12 21:25:25.758  4710  8319 I MediaCodec: [mId: 3] [video-debug-dec] onReleaseOutputBuffer index 0 pts: 7671607 ptsdiff: 7599 timediff: 6 render: 1
03-12 21:25:25.777  4710  8301 I MediaCodec: [mId: 3] [video-debug-dec] queueInputBuffer: index: 4 pts: 7711647 timediff: 40
03-12 21:25:25.880  4710  8301 I MediaCodec: [mId: 3] [video-debug-dec] queueInputBuffer: index: 5 pts: 7814617 timediff: 103
03-12 21:25:25.883  4710  8301 I MediaCodec: [mId: 3] [video-debug-dec] queueInputBuffer: index: 6 pts: 7817650 timediff: 3
03-12 21:25:25.907  4710  8319 W MediaCodec: [mId: 3] [video-debug-dec] onReleaseOutputBuffer: Render time interval reaches 112ms before pts: 7814617
03-12 21:25:25.907  4710  8319 I MediaCodec: [mId: 3] [video-debug-dec] onReleaseOutputBuffer index 0 pts: 7814617 ptsdiff: 102970 timediff: 112 render: 1
03-12 21:25:25.909  4710  8319 I MediaCodec: [mId: 3] [video-debug-dec] onReleaseOutputBuffer index 0 pts: 7817650 ptsdiff: 3033 timediff: 2 render: 1
03-12 21:25:25.919  4710  8319 I MediaCodec: [mId: 3] [video-debug-dec] onReleaseOutputBuffer index 0 pts: 7827320 ptsdiff: 9670 timediff: 10 render: 1
03-12 21:25:26.499  4710  8301 W MediaCodec: [mId: 3] [video-debug-dec] dequeueInputBuffer: Last successful request is 594ms ago, 0 failures since then
03-12 21:25:26.500  4710  8301 W MediaCodec: [mId: 3] [video-debug-dec] queueInputBuffer: Input time interval reaches 595ms before pts: 8434648
03-12 21:25:26.500  4710  8301 I MediaCodec: [mId: 3] [video-debug-dec] queueInputBuffer: index: 1 pts: 8434648 timediff: 595
03-12 21:25:26.501  4710  8319 I MiMediaCodec: send last fps
03-12 21:25:26.501  4710  8319 I MiMediaCodec: send fps to display with mLastSendedFps:51.782902 state:1 id:3
03-12 21:25:26.504  4710  8319 I RenderPoller: [mId: 3] [video-debug-dec] render status from smooth to not smooth
03-12 21:25:26.508  4710  8319 E xlog_client: _xlog_write_flat_msg:fail to  send msg {"name":"video_render","audio_event":{"app_name":"audio_app_other","id":"3","render_smooth":"0"},"dgt":"null","audio_ext":"null" }
03-12 21:25:26.509  4710  8301 I MediaCodec: [mId: 3] [video-debug-dec] queueInputBuffer: index: 2 pts: 8443509 timediff: 9
03-12 21:25:26.512  4710  8301 I MediaCodec: [mId: 3] [video-debug-dec] queueInputBuffer: index: 3 pts: 8447131 timediff: 3
03-12 21:25:26.524  4710  8319 W MediaCodec: [mId: 3] [video-debug-dec] onReleaseOutputBuffer: Render time interval reaches 595ms before pts: 8434648
03-12 21:25:26.524  4710  8319 I MediaCodec: [mId: 3] [video-debug-dec] onReleaseOutputBuffer index 0 pts: 8434648 ptsdiff: 594326 timediff: 595 render: 1
03-12 21:25:26.532  4710  8319 I MediaCodec: [mId: 3] [video-debug-dec] onReleaseOutputBuffer index 0 pts: 8443509 ptsdiff: 8861 timediff: 8 render: 1
03-12 21:25:26.539  4710  8301 I MediaCodec: [mId: 3] [video-debug-dec] queueInputBuffer: index: 4 pts: 8474048 timediff: 27
03-12 21:25:26.541  4710  8319 I MediaCodec: [mId: 3] [video-debug-dec] onReleaseOutputBuffer index 0 pts: 8447131 ptsdiff: 3622 timediff: 9 render: 1
03-12 21:25:26.568  4710  8301 I MediaCodec: [mId: 3] [video-debug-dec] queueInputBuffer: index: 5 pts: 8502998 timediff: 29
03-12 21:25:27.523  4710  8301 W MediaCodec: [mId: 3] [video-debug-dec] dequeueInputBuffer: Last successful request is 955ms ago, 0 failures since then
03-12 21:25:27.524  4710  8301 W MediaCodec: [mId: 3] [video-debug-dec] queueInputBuffer: Average input time interval reaches 132ms for 5 inputs by pts: 9458535
03-12 21:25:27.524  4710  8301 W MediaCodec: [mId: 3] [video-debug-dec] queueInputBuffer: Input time interval reaches 956ms before pts: 9458535
03-12 21:25:27.524  4710  8301 I MediaCodec: [mId: 3] [video-debug-dec] queueInputBuffer: index: 6 pts: 9458535 timediff: 956
03-12 21:25:27.525  4710  8319 I MiMediaCodec: send last fps
03-12 21:25:27.525  4710  8319 I MiMediaCodec: send fps to display with mLastSendedFps:51.782902 state:1 id:3
03-12 21:25:27.527  4710  8319 I MiMediaCodec: The TimeStamp has skip, restart calc fps
03-12 21:25:27.551  4710  8319 W MediaCodec: [mId: 3] [video-debug-dec] onReleaseOutputBuffer: Render time interval reaches 956ms before pts: 9458535
03-12 21:25:27.551  4710  8319 I MediaCodec: [mId: 3] [video-debug-dec] onReleaseOutputBuffer index 0 pts: 9458535 ptsdiff: 955537 timediff: 956 render: 1
03-12 21:25:27.553  4710  8319 I MediaCodec: [mId: 3] [video-debug-dec] onReleaseOutputBuffer index 0 pts: 9463636 ptsdiff: 5101 timediff: 2 render: 1
03-12 21:25:27.557  4710  8319 I MediaCodec: [mId: 3] [video-debug-dec] onReleaseOutputBuffer index 0 pts: 9471595 ptsdiff: 7959 timediff: 4 render: 1
03-12 21:25:27.567  4710  8301 I MediaCodec: [mId: 3] [video-debug-dec] queueInputBuffer: index: 2 pts: 9502189 timediff: 22
03-12 21:25:27.614  4710  8301 I MediaCodec: [mId: 3] [video-debug-dec] queueInputBuffer: index: 3 pts: 9548729 timediff: 47
03-12 21:25:27.638  4710  8301 I MediaCodec: [mId: 3] [video-debug-dec] queueInputBuffer: index: 4 pts: 9572969 timediff: 24
03-12 21:25:28.135  4710  8319 I MediaCodec: [mId: 3] [video-debug-dec] Stats 5004ms:Client:com.andrerinas.headunitrevived,Component:c2.mtk.avc.decoder,Qin:94(Avg:53ms),DQin:94/94,Render:95(Avg:52ms),Drop:0,DQout:95/508
03-12 21:25:28.545  4710  8301 W MediaCodec: [mId: 3] [video-debug-dec] dequeueInputBuffer: Last successful request is 774ms ago, 0 failures since then
03-12 21:25:28.546  4710  8301 W MediaCodec: [mId: 3] [video-debug-dec] queueInputBuffer: Average input time interval reaches 109ms for 11 inputs by pts: 10480376
03-12 21:25:28.546  4710  8301 W MediaCodec: [mId: 3] [video-debug-dec] queueInputBuffer: Input time interval reaches 775ms before pts: 10480376
03-12 21:25:28.546  4710  8301 I MediaCodec: [mId: 3] [video-debug-dec] queueInputBuffer: index: 1 pts: 10480376 timediff: 775
03-12 21:25:28.547  4710  8319 I MiMediaCodec: send last fps
03-12 21:25:28.547  4710  8319 I MiMediaCodec: send fps to display with mLastSendedFps:51.782902 state:1 id:3
03-12 21:25:28.548  4710  8319 I MiMediaCodec: The TimeStamp has skip, restart calc fps
03-12 21:25:28.549  4710  8301 I MediaCodec: [mId: 3] [video-debug-dec] queueInputBuffer: index: 2 pts: 10484239 timediff: 3
03-12 21:25:28.555  4710  8301 I MediaCodec: [mId: 3] [video-debug-dec] queueInputBuffer: index: 3 pts: 10489629 timediff: 6
03-12 21:25:28.573  4710  8319 W MediaCodec: [mId: 3] [video-debug-dec] onReleaseOutputBuffer: Render time interval reaches 773ms before pts: 10480376
03-12 21:25:28.573  4710  8319 I MediaCodec: [mId: 3] [video-debug-dec] onReleaseOutputBuffer index 0 pts: 10480376 ptsdiff: 774513 timediff: 773 render: 1
03-12 21:25:28.576  4710  8319 I MediaCodec: [mId: 3] [video-debug-dec] onReleaseOutputBuffer index 0 pts: 10484239 ptsdiff: 3863 timediff: 3 render: 1
03-12 21:25:28.583  4710  8319 I MediaCodec: [mId: 3] [video-debug-dec] onReleaseOutputBuffer index 0 pts: 10489629 ptsdiff: 5390 timediff: 8 render: 1
03-12 21:25:28.603  4710  8301 I MediaCodec: [mId: 3] [video-debug-dec] queueInputBuffer: index: 6 pts: 10538087 timediff: 34
03-12 21:25:28.636  4710  8301 I MediaCodec: [mId: 3] [video-debug-dec] queueInputBuffer: index: 7 pts: 10570633 timediff: 33
03-12 21:25:28.679  4710  8301 I MediaCodec: [mId: 3] [video-debug-dec] queueInputBuffer: index: 0 pts: 10613793 timediff: 43
03-12 21:25:28.685  4710  4710 I HUREV   : [2] AapProjectionActivity.onPause | AapProjectionActivity: onPause
03-12 21:25:28.752  4710  7166 I ActivityThread: HardwareRenderer preload  done
03-12 21:25:28.764  4710  4710 I headunitrevived: AssetManager2(0xb40000745980dd58) locale list changing from [] to [sr-RS]
03-12 21:25:28.784  4710  4710 I HUREV   : [2] AutomationActivity.onCreate | AutomationActivity: Received intent. Action: com.andrerinas.headunitrevived.ACTION_DISCONNECT, Data: null
03-12 21:25:28.830  4710  4710 I HUREV   : [2] AapService.onStartCommand | Disconnect action received.
03-12 21:25:28.831  4710  4710 I HUREV   : [2] AapProjectionActivity.hideReconnectingOverlay | Hiding reconnecting overlay — frames resumed
03-12 21:25:28.843  4710  7723 I HUREV   : [2719] AapTransport.stop$com_andrerinas_headunitrevived_2_0_1_debug | AapTransport stopping and sending byebye
03-12 21:25:28.856  4710  8301 I HUREV   : [2740] AapControlService.execute | Byebye Response received
03-12 21:25:28.961  4710  4710 I HUREV   : [2] AapService.scheduleReconnectIfNeeded | AapService: Unclean WiFi disconnect in Auto Mode. Retrying discovery in 2s...
03-12 21:25:28.963  4710  4710 I ForceDarkHelperStubImpl: setViewRootImplForceDark: false for com.andrerinas.headunitrevived.main.MainActivity@8a91fc, reason: AppDarkModeEnable
03-12 21:25:28.967  4710  8335 I HUREV   : [2742] VideoDecoder.outputThreadLoop | Output thread stopped
03-12 21:25:28.968  4710  7722 I MediaCodec: [mId: 3] [video-debug-dec] stop
03-12 21:25:28.968  4710  7722 I MiMediaCodec: send fps to display when stop, state:0 mLastSendedFps:51.782902 id:3
03-12 21:25:28.973  4710  8319 I MediaCodec: [mId: 3] [video-debug-dec] Stats 838ms:Client:com.andrerinas.headunitrevived,Component:c2.mtk.avc.decoder,Qin:11(Avg:76ms),DQin:11/11,Render:11(Avg:76ms),Drop:0,DQout:11/82
03-12 21:25:28.973  4710  8319 I MediaCodec: [mId: 3] [video-debug-dec] setState: STOPPING
03-12 21:25:28.985  4710  4710 I HUREV   : [2] HomeFragment.onResume | HomeFragment: onResume. isConnected=false
03-12 21:25:28.989  4710  8319 I MediaCodec: [mId: 3] [video-debug-dec] disconnectFromSurface: mSurface 0xb400007619872dc0
03-12 21:25:28.990  4710  8319 I MediaCodec: [mId: 3] [video-debug-dec] setState: INITIALIZED
03-12 21:25:28.990  4710  8319 I MediaCodec: [mId: 3] [video-debug-dec] setState: RELEASING
03-12 21:25:28.991  4710  7722 I HUREV   : [2718] VideoDecoder.stop | Decoder stopped: AapService::onDisconnect
03-12 21:25:28.997  4710  7723 I HUREV   : [2719] AapTransport.quit$com_andrerinas_headunitrevived_2_0_1_debug | AapTransport quitting (clean=false)
03-12 21:25:29.013  4710  8319 I MediaCodec: [mId: 3] [video-debug-dec] setState: UNINITIALIZED
03-12 21:25:29.015  4710  8319 I MediaCodec: MediaStub sendHdrInfo/sendFrameRateFloatCal/updateFrcAieAisAceState
03-12 21:25:29.016  4710  8319 I MediaCodec: MediaStub sendVideoPlayData
03-12 21:25:29.016  4710  8319 E send_data_to_xlog: send_video_play_to_xlog, start
03-12 21:25:29.017  4710  8319 E xlog_client: _xlog_write_flat_msg:fail to  send msg {"name":"video_play","audio_event":{"video_play_framerate":"0","video_play_hdr":"0","video_play_width_height":"1920_1080","video_play_framratecal":"-1","video_play_frc":"0","video_play_aie":"0","video_play_ais":"0","video_play_ace":"0","video_play_dolbyvision":"-1", "video_play_codecdomain":"2", "video_play_durationsec":"7","video_play_heif_decode":"0","video_play_heif_encode":"0","video_play_codec":"video/avc", "video_play_app":"audio_app_other"},"dgt":"null","audio_ext":"null" }
03-12 21:25:29.018  4710  8319 I MediaCodec: MediaCodec::~MediaCodec()
03-12 21:25:29.018  4710  8319 W headunitrevived: Binder 0xb4000075b982b380 destroyed after setInheritRt before being parceled.
03-12 21:25:29.051  4710  7908 E GraphicsTracker: cannot deallocate due to being stopped
03-12 21:25:29.051  4710  7908 W Codec2-GraphicBufferAllocator: deallocate() 20229295965791 was not successful 1
03-12 21:25:29.063  4710  7161 E Surface : freeAllBuffers: 1 buffers were freed while being dequeued!
03-12 21:25:29.191  4710  4710 W headunitrevived: Binder 0xb4000075b981eb40 destroyed after setInheritRt before being parceled.
03-12 21:25:29.205  4710  4710 W WindowOnBackDispatcher: sendCancelIfRunning: isInProgress=false callback=android.app.Activity$$ExternalSyntheticLambda0@945793c
03-12 21:25:29.207  4710  4710 I HUREV   : [2] AapProjectionActivity.onDestroy | AapProjectionActivity.onDestroy called. isFinishing=true
03-12 21:25:29.208  4710  4710 I HUREV   : [2] TextureProjectionView.onSurfaceTextureDestroyed | TextureProjectionView: Surface destroyed
03-12 21:25:29.208  4710  4710 I HUREV   : [2] AapProjectionActivity.onSurfaceDestroyed | SurfaceCallback: onSurfaceDestroyed. Surface: Surface(name=android.graphics.SurfaceTexture@9338bca mNativeObject=-5476376639647876848)/@0x7c6413b
03-12 21:25:29.209  4710  4710 I HUREV   : [2] VideoDecoder.stop | Decoder stopped: surfaceDestroyed
03-12 21:25:29.229  4710  8301 I HUREV   : [2740] AapReadSingleMessage.doRead | AapRead: Connection closed (EOF). Disconnecting.
03-12 21:25:29.233  4710  8301 W LegacyMessageQueue: Handler (android.os.Handler) {9943eeb} sending message to a Handler on a dead thread
03-12 21:25:29.233  4710  8301 W LegacyMessageQueue: java.lang.IllegalStateException: Handler (android.os.Handler) {9943eeb} sending message to a Handler on a dead thread
03-12 21:25:29.233  4710  8301 W LegacyMessageQueue: 	at android.os.MessageQueue.enqueueMessageLegacy(MessageQueue.java:1378)
03-12 21:25:29.233  4710  8301 W LegacyMessageQueue: 	at android.os.MessageQueue.enqueueMessage(MessageQueue.java:1519)
03-12 21:25:29.233  4710  8301 W LegacyMessageQueue: 	at android.os.Handler.enqueueMessage(Handler.java:799)
03-12 21:25:29.233  4710  8301 W LegacyMessageQueue: 	at android.os.Handler.sendMessageAtTime(Handler.java:748)
03-12 21:25:29.233  4710  8301 W LegacyMessageQueue: 	at android.os.Handler.sendMessageDelayed(Handler.java:718)
03-12 21:25:29.233  4710  8301 W LegacyMessageQueue: 	at android.os.Handler.sendEmptyMessageDelayed(Handler.java:683)
03-12 21:25:29.233  4710  8301 W LegacyMessageQueue: 	at android.os.Handler.sendEmptyMessage(Handler.java:668)
03-12 21:25:29.233  4710  8301 W LegacyMessageQueue: 	at com.andrerinas.headunitrevived.aap.AapTransport.pollHandlerCallback$lambda$2(AapTransport.kt:112)
03-12 21:25:29.233  4710  8301 W LegacyMessageQueue: 	at com.andrerinas.headunitrevived.aap.AapTransport.$r8$lambda$Rjsdf1lVQ-AdDZlQs7Xt4MuwD3Y(Unknown Source:0)
03-12 21:25:29.233  4710  8301 W LegacyMessageQueue: 	at com.andrerinas.headunitrevived.aap.AapTransport$$ExternalSyntheticLambda2.handleMessage(D8$$SyntheticClass:0)
03-12 21:25:29.233  4710  8301 W LegacyMessageQueue: 	at android.os.Handler.dispatchMessage(Handler.java:110)
03-12 21:25:29.233  4710  8301 W LegacyMessageQueue: 	at android.os.Looper.loopOnce(Looper.java:267)
03-12 21:25:29.233  4710  8301 W LegacyMessageQueue: 	at android.os.Looper.loop(Looper.java:360)
03-12 21:25:29.233  4710  8301 W LegacyMessageQueue: 	at android.os.HandlerThread.run(HandlerThread.java:85)
03-12 21:25:29.233  4710  8301 I HUREV   : [2740] AapTransport.pollHandlerCallback$lambda$2 | Quitting because ret < 0
03-12 21:25:29.233  4710  8301 I HUREV   : [2740] AapTransport.quit$com_andrerinas_headunitrevived_2_0_1_debug | AapTransport quitting (clean=false)
03-12 21:25:29.261  4710  4710 I HandWritingStubImpl: refreshLastKeyboardType: 1
03-12 21:25:29.262  4710  4710 I HandWritingStubImpl: getCurrentKeyboardType: 1
03-12 21:25:29.265  4710  7249 W HUREV   : [2704] 1.onLost | NetworkMonitor: Network lost: 125
03-12 21:25:29.302  4710  4710 I ImeTracker: com.andrerinas.headunitrevived:9a9af395: onCancelled at PHASE_CLIENT_ALREADY_HIDDEN
03-12 21:25:30.370  4710  4710 W headunitrevived: Binder 0xb4000075b9830b40 destroyed after setInheritRt before being parceled.
03-12 21:25:30.373  4710  4710 I VRI[MainActivity]: DisplayState - old: 2, new: 1
03-12 21:25:30.374  4710  4710 W WindowOnBackDispatcher: sendCancelIfRunning: isInProgress=false callback=androidx.activity.OnBackPressedDispatcher$Api34Impl$createOnBackAnimationCallback$1@5e77e61
03-12 21:25:30.992  4710  4710 I HUREV   : [2] NetworkDiscovery.startScan | NetworkDiscovery: Starting scan...
03-12 21:25:30.994  4710  7723 I HUREV   : [2719] 1.invokeSuspend | NetworkDiscovery: Step 1 - Quick Gateway Scan
03-12 21:25:30.997  4710  7723 I HUREV   : [2719] 1.invokeSuspend | NetworkDiscovery: Step 2 - Full Subnet Scan
03-12 21:25:30.999  4710  7723 E HUREV   : [2719] NetworkDiscovery.scanSubnet | NetworkDiscovery: Could not determine subnet for deep scan
03-12 21:25:31.001  4710  4710 I HUREV   : [2] 1.onScanFinished | One-shot scan finished.
03-12 21:25:38.775  4710  4710 I ForceDarkHelperStubImpl: setViewRootImplForceDark: false for com.andrerinas.headunitrevived.main.MainActivity@8a91fc, reason: AppDarkModeEnable
03-12 21:25:38.919  4710  4710 I HUREV   : [2] HomeFragment.onResume | HomeFragment: onResume. isConnected=false
03-12 21:25:39.037  4710  4710 I VRI[MainActivity]: DisplayState - old: 1, new: 2
03-12 21:25:39.141  4710  4710 I HandWritingStubImpl: refreshLastKeyboardType: 1
03-12 21:25:39.141  4710  4710 I HandWritingStubImpl: getCurrentKeyboardType: 1
03-12 21:25:39.166  4710  4710 I ImeTracker: com.andrerinas.headunitrevived:e80b1017: onCancelled at PHASE_CLIENT_ALREADY_HIDDEN
03-12 21:25:39.946  4710  4710 I MIUIInput: [MotionEvent] ViewRootImpl windowName 'com.andrerinas.headunitrevived/com.andrerinas.headunitrevived.main.MainActivity', { action=ACTION_DOWN, id[0]=0, pointerCount=1, eventTime=10720083, downTime=10720083, phoneEventTime=21:25:39.941 } moveCount:0
03-12 21:25:40.035  4710  4710 I MIUIInput: [MotionEvent] ViewRootImpl windowName 'com.andrerinas.headunitrevived/com.andrerinas.headunitrevived.main.MainActivity', { action=ACTION_UP, id[0]=0, pointerCount=1, eventTime=10720175, downTime=10720083, phoneEventTime=21:25:40.033 } moveCount:2
03-12 21:25:40.110  4710  7166 I ActivityThread: HardwareRenderer preload  done
03-12 21:25:40.119  4710  4710 I headunitrevived: AssetManager2(0xb40000745981ab98) locale list changing from [] to [sr-RS]
03-12 21:25:40.251  4710  4710 I ForceDarkHelperStubImpl: setViewRootImplForceDark: false for com.andrerinas.headunitrevived.main.SettingsActivity@9312013, reason: AppDarkModeEnable
03-12 21:25:40.251  4710  4710 I ViewRootImpl: com.andrerinas.headunitrevived/com.andrerinas.headunitrevived.main.SettingsActivity use first frame acceleration
03-12 21:25:40.264  4710  4710 I Choreographer: first vsync insert message into MessageQueue Head
03-12 21:25:40.266  4710  4710 I ComputilityLevel: getComputilityLevel(): 2
03-12 21:25:40.295  4710  4710 I ForceDarkHelperStubImpl: setViewRootImplForceDark: false for com.andrerinas.headunitrevived.main.SettingsActivity@9312013, reason: AppDarkModeEnable
03-12 21:25:40.350  4710  4710 W HWUI    : Image decoding logging dropped!
03-12 21:25:40.351  4710  4710 W HWUI    : Image decoding logging dropped!
03-12 21:25:40.352  4710  4710 W HWUI    : Image decoding logging dropped!
03-12 21:25:40.354  4710  4710 W HWUI    : Image decoding logging dropped!
03-12 21:25:40.355  4710  4710 W HWUI    : Image decoding logging dropped!
03-12 21:25:40.355  4710  4710 W HWUI    : Image decoding logging dropped!
03-12 21:25:40.356  4710  4710 W HWUI    : Image decoding logging dropped!
03-12 21:25:40.358  4710  4710 W HWUI    : Image decoding logging dropped!
03-12 21:25:40.358  4710  4710 W HWUI    : Image decoding logging dropped!
03-12 21:25:40.359  4710  4710 W HWUI    : Image decoding logging dropped!
03-12 21:25:40.360  4710  4710 W HWUI    : Image decoding logging dropped!
03-12 21:25:40.361  4710  4710 W HWUI    : Image decoding logging dropped!
03-12 21:25:40.362  4710  4710 W HWUI    : Image decoding logging dropped!
03-12 21:25:40.363  4710  4710 W HWUI    : Image decoding logging dropped!
03-12 21:25:40.364  4710  4710 W HWUI    : Image decoding logging dropped!
03-12 21:25:40.365  4710  4710 W HWUI    : Image decoding logging dropped!
03-12 21:25:40.366  4710  4710 W HWUI    : Image decoding logging dropped!
03-12 21:25:40.367  4710  4710 W HWUI    : Image decoding logging dropped!
03-12 21:25:40.368  4710  4710 W HWUI    : Image decoding logging dropped!
03-12 21:25:40.369  4710  4710 W HWUI    : Image decoding logging dropped!
03-12 21:25:40.370  4710  4710 W HWUI    : Image decoding logging dropped!
03-12 21:25:40.371  4710  4710 W HWUI    : Image decoding logging dropped!
03-12 21:25:40.372  4710  4710 W HWUI    : Image decoding logging dropped!
03-12 21:25:40.373  4710  4710 W HWUI    : Image decoding logging dropped!
03-12 21:25:40.374  4710  4710 W HWUI    : Image decoding logging dropped!
03-12 21:25:40.375  4710  4710 W HWUI    : Image decoding logging dropped!
03-12 21:25:40.376  4710  4710 W HWUI    : Image decoding logging dropped!
03-12 21:25:40.480  4710  4710 I HandWritingStubImpl: refreshLastKeyboardType: 1
03-12 21:25:40.480  4710  4710 I HandWritingStubImpl: getCurrentKeyboardType: 1
03-12 21:25:40.550  4710  4710 W headunitrevived: Binder 0xb4000075b982bf20 destroyed after setInheritRt before being parceled.
03-12 21:25:40.554  4710  4710 W WindowOnBackDispatcher: sendCancelIfRunning: isInProgress=false callback=androidx.activity.OnBackPressedDispatcher$Api34Impl$createOnBackAnimationCallback$1@5e77e61
03-12 21:25:40.561  4710  4710 I ImeTracker: com.andrerinas.headunitrevived:7a5cfc04: onCancelled at PHASE_CLIENT_ALREADY_HIDDEN
03-12 21:25:41.166  4710  4710 I MIUIInput: [MotionEvent] ViewRootImpl windowName 'com.andrerinas.headunitrevived/com.andrerinas.headunitrevived.main.SettingsActivity', { action=ACTION_DOWN, id[0]=0, pointerCount=1, eventTime=10721303, downTime=10721303, phoneEventTime=21:25:41.161 } moveCount:0
03-12 21:25:41.267  4710  7330 I PowerHalMgrImpl: hdl:5030, pid:4710 
03-12 21:25:41.272  4710  7330 I PowerHalMgrImpl: hdl:5031, pid:4710 
03-12 21:25:41.287  4710  4710 I MIUIInput: [MotionEvent] ViewRootImpl windowName 'com.andrerinas.headunitrevived/com.andrerinas.headunitrevived.main.SettingsActivity', { action=ACTION_UP, id[0]=0, pointerCount=1, eventTime=10721422, downTime=10721303, phoneEventTime=21:25:41.280 } moveCount:6
03-12 21:25:41.288  4710  4710 I ScrollIdentify: on fling
03-12 21:25:41.291  4710  7330 I PowerHalMgrImpl: hdl:5035, pid:4710 
03-12 21:25:44.298  4710  7330 I PowerHalMgrImpl: hdl:5037, pid:4710 
03-12 21:25:48.708  4710  4710 I MIUIInput: [MotionEvent] ViewRootImpl windowName 'com.andrerinas.headunitrevived/com.andrerinas.headunitrevived.main.SettingsActivity', { action=ACTION_DOWN, id[0]=0, pointerCount=1, eventTime=10728844, downTime=10728844, phoneEventTime=21:25:48.702 } moveCount:0
03-12 21:25:48.776  4710  4710 I MIUIInput: [MotionEvent] ViewRootImpl windowName 'com.andrerinas.headunitrevived/com.andrerinas.headunitrevived.main.SettingsActivity', { action=ACTION_UP, id[0]=0, pointerCount=1, eventTime=10728916, downTime=10728844, phoneEventTime=21:25:48.774 } moveCount:1
