03-12 21:24:17.503  4710  4710 I ForceDarkHelperStubImpl: setViewRootImplForceDark: false for com.andrerinas.headunitrevived.main.MainActivity@8a91fc, reason: AppDarkModeEnable
03-12 21:24:17.585  4710  4710 I HUREV   : [2] HomeFragment.onResume | HomeFragment: onResume. isConnected=false
03-12 21:24:17.684  4710  4710 I VRI[MainActivity]: DisplayState - old: 1, new: 2
03-12 21:24:17.813  4710  4710 I HandWritingStubImpl: refreshLastKeyboardType: 1
03-12 21:24:17.813  4710  4710 I HandWritingStubImpl: getCurrentKeyboardType: 1
03-12 21:24:17.872  4710  4710 I ImeTracker: com.andrerinas.headunitrevived:c99b121: onCancelled at PHASE_CLIENT_ALREADY_HIDDEN
03-12 21:24:18.403  4710  4710 I MIUIInput: [MotionEvent] ViewRootImpl windowName 'com.andrerinas.headunitrevived/com.andrerinas.headunitrevived.main.MainActivity', { action=ACTION_DOWN, id[0]=0, pointerCount=1, eventTime=10640892, downTime=10640892, phoneEventTime=21:24:18.398 } moveCount:0
03-12 21:24:18.484  4710  4710 I MIUIInput: [MotionEvent] ViewRootImpl windowName 'com.andrerinas.headunitrevived/com.andrerinas.headunitrevived.main.MainActivity', { action=ACTION_UP, id[0]=0, pointerCount=1, eventTime=10640974, downTime=10640892, phoneEventTime=21:24:18.480 } moveCount:1
03-12 21:24:18.571  4710  7166 I ActivityThread: HardwareRenderer preload  done
03-12 21:24:18.586  4710  4710 I headunitrevived: AssetManager2(0xb40000745980e6b8) locale list changing from [] to [sr-RS]
03-12 21:24:18.712  4710  4710 I ForceDarkHelperStubImpl: setViewRootImplForceDark: false for com.andrerinas.headunitrevived.main.SettingsActivity@964438b, reason: AppDarkModeEnable
03-12 21:24:18.712  4710  4710 I ViewRootImpl: com.andrerinas.headunitrevived/com.andrerinas.headunitrevived.main.SettingsActivity use first frame acceleration
03-12 21:24:18.723  4710  4710 I Choreographer: first vsync insert message into MessageQueue Head
03-12 21:24:18.724  4710  4710 I ComputilityLevel: getComputilityLevel(): 2
03-12 21:24:18.749  4710  4710 I ForceDarkHelperStubImpl: setViewRootImplForceDark: false for com.andrerinas.headunitrevived.main.SettingsActivity@964438b, reason: AppDarkModeEnable
03-12 21:24:18.797  4710  4710 W HWUI    : Image decoding logging dropped!
03-12 21:24:18.798  4710  4710 W HWUI    : Image decoding logging dropped!
03-12 21:24:18.799  4710  4710 W HWUI    : Image decoding logging dropped!
03-12 21:24:18.800  4710  4710 W HWUI    : Image decoding logging dropped!
03-12 21:24:18.800  4710  4710 W HWUI    : Image decoding logging dropped!
03-12 21:24:18.801  4710  4710 W HWUI    : Image decoding logging dropped!
03-12 21:24:18.802  4710  4710 W HWUI    : Image decoding logging dropped!
03-12 21:24:18.802  4710  4710 W HWUI    : Image decoding logging dropped!
03-12 21:24:18.803  4710  4710 W HWUI    : Image decoding logging dropped!
03-12 21:24:18.804  4710  4710 W HWUI    : Image decoding logging dropped!
03-12 21:24:18.804  4710  4710 W HWUI    : Image decoding logging dropped!
03-12 21:24:18.805  4710  4710 W HWUI    : Image decoding logging dropped!
03-12 21:24:18.806  4710  4710 W HWUI    : Image decoding logging dropped!
03-12 21:24:18.806  4710  4710 W HWUI    : Image decoding logging dropped!
03-12 21:24:18.807  4710  4710 W HWUI    : Image decoding logging dropped!
03-12 21:24:18.808  4710  4710 W HWUI    : Image decoding logging dropped!
03-12 21:24:18.809  4710  4710 W HWUI    : Image decoding logging dropped!
03-12 21:24:18.809  4710  4710 W HWUI    : Image decoding logging dropped!
03-12 21:24:18.810  4710  4710 W HWUI    : Image decoding logging dropped!
03-12 21:24:18.811  4710  4710 W HWUI    : Image decoding logging dropped!
03-12 21:24:18.812  4710  4710 W HWUI    : Image decoding logging dropped!
03-12 21:24:18.812  4710  4710 W HWUI    : Image decoding logging dropped!
03-12 21:24:18.813  4710  4710 W HWUI    : Image decoding logging dropped!
03-12 21:24:18.814  4710  4710 W HWUI    : Image decoding logging dropped!
03-12 21:24:18.814  4710  4710 W HWUI    : Image decoding logging dropped!
03-12 21:24:18.815  4710  4710 W HWUI    : Image decoding logging dropped!
03-12 21:24:18.816  4710  4710 W HWUI    : Image decoding logging dropped!
03-12 21:24:18.922  4710  4710 I HandWritingStubImpl: refreshLastKeyboardType: 1
03-12 21:24:18.922  4710  4710 I HandWritingStubImpl: getCurrentKeyboardType: 1
03-12 21:24:18.938  4710  4710 W WindowOnBackDispatcher: sendCancelIfRunning: isInProgress=false callback=androidx.activity.OnBackPressedDispatcher$Api34Impl$createOnBackAnimationCallback$1@5e77e61
03-12 21:24:18.948  4710  4710 I ImeTracker: com.andrerinas.headunitrevived:686672e5: onCancelled at PHASE_CLIENT_ALREADY_HIDDEN
03-12 21:24:18.957  4710  7184 W headunitrevived: Binder 0xb4000075b98272a0 destroyed after setInheritRt before being parceled.
03-12 21:24:19.299  4710  4710 I MIUIInput: [MotionEvent] ViewRootImpl windowName 'com.andrerinas.headunitrevived/com.andrerinas.headunitrevived.main.SettingsActivity', { action=ACTION_DOWN, id[0]=0, pointerCount=1, eventTime=10641788, downTime=10641788, phoneEventTime=21:24:19.294 } moveCount:0
03-12 21:24:19.391  4710  7330 I PowerHalMgrImpl: hdl:4970, pid:4710 
03-12 21:24:19.395  4710  7330 I PowerHalMgrImpl: hdl:4971, pid:4710 
03-12 21:24:19.422  4710  4710 I MIUIInput: [MotionEvent] ViewRootImpl windowName 'com.andrerinas.headunitrevived/com.andrerinas.headunitrevived.main.SettingsActivity', { action=ACTION_UP, id[0]=0, pointerCount=1, eventTime=10641905, downTime=10641788, phoneEventTime=21:24:19.411 } moveCount:6
03-12 21:24:19.423  4710  4710 I ScrollIdentify: on fling
03-12 21:24:19.427  4710  7330 I PowerHalMgrImpl: hdl:4975, pid:4710 
03-12 21:24:20.892  4710  4710 I MIUIInput: [MotionEvent] ViewRootImpl windowName 'com.andrerinas.headunitrevived/com.andrerinas.headunitrevived.main.SettingsActivity', { action=ACTION_DOWN, id[0]=0, pointerCount=1, eventTime=10643383, downTime=10643383, phoneEventTime=21:24:20.889 } moveCount:0
03-12 21:24:20.991  4710  4710 I MIUIInput: [MotionEvent] ViewRootImpl windowName 'com.andrerinas.headunitrevived/com.andrerinas.headunitrevived.main.SettingsActivity', { action=ACTION_UP, id[0]=0, pointerCount=1, eventTime=10643482, downTime=10643383, phoneEventTime=21:24:20.987 } moveCount:1
03-12 21:24:22.435  4710  7330 I PowerHalMgrImpl: hdl:4978, pid:4710 
03-12 21:24:22.467  4710  4710 I MIUIInput: [MotionEvent] ViewRootImpl windowName 'com.andrerinas.headunitrevived/com.andrerinas.headunitrevived.main.SettingsActivity', { action=ACTION_DOWN, id[0]=0, pointerCount=1, eventTime=10644957, downTime=10644957, phoneEventTime=21:24:22.462 } moveCount:0
03-12 21:24:22.555  4710  4710 I MIUIInput: [MotionEvent] ViewRootImpl windowName 'com.andrerinas.headunitrevived/com.andrerinas.headunitrevived.main.SettingsActivity', { action=ACTION_UP, id[0]=0, pointerCount=1, eventTime=10645046, downTime=10644957, phoneEventTime=21:24:22.552 } moveCount:2
03-12 21:24:22.630  4710  4710 I ForceDarkHelperStubImpl: setViewRootImplForceDark: false for com.andrerinas.headunitrevived.main.MainActivity@8a91fc, reason: AppDarkModeEnable
03-12 21:24:22.640  4710  4710 I HUREV   : [2] HomeFragment.onResume | HomeFragment: onResume. isConnected=false
03-12 21:24:22.735  4710  4710 I HandWritingStubImpl: refreshLastKeyboardType: 1
03-12 21:24:22.735  4710  4710 I HandWritingStubImpl: getCurrentKeyboardType: 1
03-12 21:24:22.738  4710  4710 W WindowOnBackDispatcher: sendCancelIfRunning: isInProgress=false callback=androidx.activity.OnBackPressedDispatcher$Api34Impl$createOnBackAnimationCallback$1@eb09043
03-12 21:24:22.741  4710  4710 W WindowOnBackDispatcher: sendCancelIfRunning: isInProgress=false callback=android.app.Activity$$ExternalSyntheticLambda0@6f911f2
03-12 21:24:22.751  4710  7184 W headunitrevived: Binder 0xb4000075b982bb60 destroyed after setInheritRt before being parceled.
03-12 21:24:22.772  4710  4710 I ImeTracker: com.andrerinas.headunitrevived:e182a726: onCancelled at PHASE_CLIENT_ALREADY_HIDDEN
03-12 21:24:24.837  4710  4710 I VRI[MainActivity]: DisplayState - old: 2, new: 1
03-12 21:24:24.864  4710  4710 W headunitrevived: Binder 0xb4000075b982ebc0 destroyed after setInheritRt before being parceled.
03-12 21:24:24.868  4710  4710 W WindowOnBackDispatcher: sendCancelIfRunning: isInProgress=false callback=androidx.activity.OnBackPressedDispatcher$Api34Impl$createOnBackAnimationCallback$1@5e77e61
03-12 21:24:26.082  4710  4710 I ForceDarkHelperStubImpl: setViewRootImplForceDark: false for com.andrerinas.headunitrevived.main.MainActivity@8a91fc, reason: AppDarkModeEnable
03-12 21:24:26.197  4710  4710 I HUREV   : [2] HomeFragment.onResume | HomeFragment: onResume. isConnected=false
03-12 21:24:26.258  4710  4710 I VRI[MainActivity]: DisplayState - old: 1, new: 2
03-12 21:24:26.352  4710  4710 I HandWritingStubImpl: refreshLastKeyboardType: 1
03-12 21:24:26.353  4710  4710 I HandWritingStubImpl: getCurrentKeyboardType: 1
03-12 21:24:26.358  4710  4710 I ImeTracker: com.andrerinas.headunitrevived:c5fc209e: onCancelled at PHASE_CLIENT_ALREADY_HIDDEN
03-12 21:24:36.517  4710  7249 I HUREV   : [2704] 1.onAvailable | NetworkMonitor: Network available: 125
03-12 21:24:37.298  4710  4710 I MIUIInput: [MotionEvent] ViewRootImpl windowName 'com.andrerinas.headunitrevived/com.andrerinas.headunitrevived.main.MainActivity', { action=ACTION_DOWN, id[0]=0, pointerCount=1, eventTime=10659787, downTime=10659787, phoneEventTime=21:24:37.293 } moveCount:0
03-12 21:24:37.345  4710  4710 I MIUIInput: [MotionEvent] ViewRootImpl windowName 'com.andrerinas.headunitrevived/com.andrerinas.headunitrevived.main.MainActivity', { action=ACTION_UP, id[0]=0, pointerCount=1, eventTime=10659837, downTime=10659787, phoneEventTime=21:24:37.343 } moveCount:0
03-12 21:24:37.371  4710  4710 I HUREV   : [2] NetworkDiscovery.startScan | NetworkDiscovery: Starting scan...
03-12 21:24:37.373  4710  7723 I HUREV   : [2719] 1.invokeSuspend | NetworkDiscovery: Step 1 - Quick Gateway Scan
03-12 21:24:37.381  4710  7723 I HUREV   : [2719] NetworkDiscovery.scanGateways | NetworkDiscovery: Checking suspects: [10.221.102.59, 10.221.102.1]
03-12 21:24:37.393  4710  7723 I HUREV   : [2719] NetworkDiscovery.checkAndReport | NetworkDiscovery: Found Headunit Server on 10.221.102.59:5277
03-12 21:24:37.394  4710  4710 I HUREV   : [2] 1.onServiceFound | Auto-connecting to Headunit Server at 10.221.102.59:5277 (reusing socket)
03-12 21:24:37.443  4710  7722 I HUREV   : [2718] AapTransport.<init> | Using Java SSL implementation
03-12 21:24:37.446  4710  7722 I HUREV   : [2718] AapTransport.startHandshake$com_andrerinas_headunitrevived_2_0_1_debug | Start Aap transport handshake for com.andrerinas.headunitrevived.connection.SocketAccessoryConnection@c9c87cc
03-12 21:24:37.489  4710  7166 I ActivityThread: HardwareRenderer preload  done
03-12 21:24:37.496  4710  4710 I headunitrevived: AssetManager2(0xb400007459817cb8) locale list changing from [] to [sr-RS]
03-12 21:24:37.546  4710  4710 I HUREV   : [2] AapProjectionActivity.onCreate | HeadUnit for Android Auto (tm) - Copyright 2011-2015 Michael A. Reid., since 2025 André Rinas All Rights Reserved...
03-12 21:24:37.546  4710  4710 I HUREV   : [2] AapProjectionActivity.onCreate | Using TextureView
03-12 21:24:37.547  4710  4710 I HUREV   : [2] HeadUnitScreenConfig.recalculate | CarScreen: usable width: 1340 height: 800 (Raw: 1340x800, Insets: L0 T0 R0 B0)
03-12 21:24:37.547  4710  4710 I HUREV   : [2] HeadUnitScreenConfig.recalculate | CarScreen isSmallScreen: true, scaleFactor: 1.0
03-12 21:24:37.547  4710  4710 I HUREV   : [2] HeadUnitScreenConfig.recalculate | CarScreen using: _1920x1080, number: 3, scales: scaleX: 1.4328358, scaleY: 1.35
03-12 21:24:37.552  4710  4710 I HUREV   : [2] AapProjectionActivity.onResume | AapProjectionActivity: onResume
03-12 21:24:37.559  4710  4710 I ForceDarkHelperStubImpl: setViewRootImplForceDark: false for com.andrerinas.headunitrevived.aap.AapProjectionActivity@2e1e7df, reason: AppDarkModeEnable
03-12 21:24:37.559  4710  4710 I ViewRootImpl: com.andrerinas.headunitrevived/com.andrerinas.headunitrevived.aap.AapProjectionActivity use first frame acceleration
03-12 21:24:37.569  4710  4710 I Choreographer: first vsync insert message into MessageQueue Head
03-12 21:24:37.571  4710  4710 I ComputilityLevel: getComputilityLevel(): 2
03-12 21:24:37.597  4710  4710 I ForceDarkHelperStubImpl: setViewRootImplForceDark: false for com.andrerinas.headunitrevived.aap.AapProjectionActivity@2e1e7df, reason: AppDarkModeEnable
03-12 21:24:37.602  4710  4710 I HUREV   : [2] TextureProjectionView.onSurfaceTextureAvailable | TextureProjectionView: Surface available: 1340x800
03-12 21:24:37.603  4710  4710 I HUREV   : [2] AapProjectionActivity.onSurfaceCreated | [AapProjectionActivity] onSurfaceCreated
03-12 21:24:37.603  4710  4710 I HUREV   : [2] AapProjectionActivity.onSurfaceChanged | [AapProjectionActivity] onSurfaceChanged. Actual surface dimensions: width=1340, height=800
03-12 21:24:37.604  4710  4710 I HUREV   : [2] VideoDecoder.setSurface | New surface set: Surface(name=android.graphics.SurfaceTexture@d21bc50 mNativeObject=-5476376639647939472)/@0x49dbe49
03-12 21:24:37.604  4710  4710 I HUREV   : [2] AapProjectionActivity.onSurfaceChanged | [AapProjectionActivity] Decoder already has dimensions: 1920x1080. Applying to view.
03-12 21:24:37.605  4710  4710 I HUREV   : [2] TextureProjectionView.setVideoSize | TextureProjectionView
03-12 21:24:37.606  4710  4710 I HUREV   : [2] HeadUnitScreenConfig.recalculate | CarScreen: usable width: 1340 height: 800 (Raw: 1340x800, Insets: L0 T0 R0 B0)
03-12 21:24:37.606  4710  4710 I HUREV   : [2] HeadUnitScreenConfig.recalculate | CarScreen isSmallScreen: true, scaleFactor: 1.0
03-12 21:24:37.607  4710  4710 I HUREV   : [2] HeadUnitScreenConfig.recalculate | CarScreen using: _1920x1080, number: 3, scales: scaleX: 1.4328358, scaleY: 1.35
03-12 21:24:37.608  4710  4710 I HUREV   : [2] ProjectionViewScaler.updateScale | ProjectionViewScaler: Dimensions: Video: 1920x1080, Content: 1340x800, View: 1340x800
03-12 21:24:37.609  4710  4710 I HUREV   : [2] ProjectionViewScaler.updateScale | ProjectionViewScaler: Scale updated for view TextureProjectionView. scaleX: 1.4328358, scaleY: 1.35
03-12 21:24:37.610  4710  4710 I HUREV   : [2] ProjectionViewScaler.updateScale | ProjectionViewScaler: Dimensions: Video: 1920x1080, Content: 1340x800, View: 1340x800
03-12 21:24:37.610  4710  4710 I HUREV   : [2] ProjectionViewScaler.updateScale | ProjectionViewScaler: Scale updated for view TextureProjectionView. scaleX: 1.4328358, scaleY: 1.35
03-12 21:24:37.719  4710  4710 W headunitrevived: Binder 0xb4000075b9823400 destroyed after setInheritRt before being parceled.
03-12 21:24:37.723  4710  4710 I HandWritingStubImpl: refreshLastKeyboardType: 1
03-12 21:24:37.723  4710  4710 I HandWritingStubImpl: getCurrentKeyboardType: 1
03-12 21:24:37.740  4710  4710 I ImeTracker: com.andrerinas.headunitrevived:de3594dd: onCancelled at PHASE_CLIENT_ALREADY_HIDDEN
03-12 21:24:37.751  4710  4710 W WindowOnBackDispatcher: sendCancelIfRunning: isInProgress=false callback=androidx.activity.OnBackPressedDispatcher$Api34Impl$createOnBackAnimationCallback$1@5e77e61
03-12 21:24:37.963  4710  7722 I HUREV   : [2718] AapTransport.handshake | Handshake: Version response received (ret=12, attempt=1).
03-12 21:24:37.964  4710  7722 I HUREV   : [2718] AapTransport.handshake | Handshake: Version response recv ret: 12
03-12 21:24:37.999  4710  7723 I HUREV   : [2719] 1.invokeSuspend | NetworkDiscovery: Gateway found service, skipping subnet scan.
03-12 21:24:38.000  4710  4710 I HUREV   : [2] 1.onScanFinished | One-shot scan finished.
03-12 21:24:38.002  4710  7722 I HUREV   : [2718] AapSslContext.performHandshake | SSL handshake complete. Session id: uvI/h+WEKt6HO2wJ3ar28bnptKI6ljI4Xa3HjGPYFFE=
03-12 21:24:38.002  4710  7722 I HUREV   : [2718] AapTransport.handshake | Handshake: Status OK sent: 8
03-12 21:24:38.005  4710  7722 I HUREV   : [2718] AapAudio.requestFocusChange | Audio Focus Request: stream=3, type=1
03-12 21:24:38.009  4710  7722 I HUREV   : [2718] AapAudio.requestFocusChange | Audio focus request result: GRANTED
03-12 21:24:38.010  4710  7722 I HUREV   : [2718] AapTransport.startReading$com_andrerinas_headunitrevived_2_0_1_debug | Start Aap transport read loop
03-12 21:24:38.014  4710  8183 I HUREV   : [2732] AapControlService.serviceDiscoveryRequest | Service Discovery Request: Android
03-12 21:24:38.015  4710  4710 I HUREV   : [2] 1.onReceive | Received request to resend night mode state
03-12 21:24:38.016  4710  4710 I HUREV   : [2] 1.invoke | NightMode update: true
03-12 21:24:38.018  4710  8183 I HUREV   : [2732] Companion.makeProto | [ServiceDiscovery] Announcing NIGHT sensor support. Strategy: AUTO
03-12 21:24:38.019  4710  8183 I HUREV   : [2732] Companion.makeProto | [ServiceDiscovery] NegotiatedResolution is: 1920x1080
03-12 21:24:38.019  4710  8183 I HUREV   : [2732] Companion.makeProto | [ServiceDiscovery] Margins are: 580x280
03-12 21:24:38.021  4710  8183 I HUREV   : [2732] Companion.makeProto | BT MAC Address is empty. Skip bluetooth service
03-12 21:24:38.116  4710  8183 I HUREV   : [2732] AapControlService.audioFocusRequest | Audio Focus Request: RELEASE
03-12 21:24:38.116  4710  8183 I HUREV   : [2732] AapAudio.requestFocusChange | Audio Focus Request: stream=3, type=4
03-12 21:24:38.117  4710  8183 I HUREV   : [2732] AapAudio.requestFocusChange | Releasing audio focus
03-12 21:24:38.119  4710  8183 I HUREV   : [2732] AapControlService.audioFocusRequest | Sending immediate AudioFocusNotification: STATE_LOSS
03-12 21:24:38.132  4710  8183 I HUREV   : [2732] AapControlSensor.sensorStartRequest | Sensor Start Request sensor: DRIVING_STATUS, minUpdatePeriod: 0
03-12 21:24:38.132  4710  8183 I HUREV   : [2732] AapControlSensor.sensorStartRequest | SENSOR Sensor Start Response type: 32770 flags: 11 size: 8 dataOffset: 6
03-12 21:24:38.138  4710  8183 I HUREV   : [2732] AapControlMedia.mediaSinkSetupRequest | Media Sink Setup Request: 1 on channel AUDIO2
03-12 21:24:38.139  4710  8183 I HUREV   : [2732] AapControlMedia.mediaSinkSetupRequest | Config response: status: HEADUNIT
03-12 21:24:38.139  4710  8183 I HUREV   : max_unacked: 3
03-12 21:24:38.139  4710  8183 I HUREV   : configuration_indices: 0
03-12 21:24:38.141  4710  8183 W HUREV   : [2732] AapVideo.process | AapVideo: Dropped Flag 11 packet. len=4, buf[10]=?
03-12 21:24:38.142  4710  8183 I HUREV   : [2732] AapControlMedia.mediaSinkSetupRequest | Media Sink Setup Request: 3 on channel VIDEO
03-12 21:24:38.143  4710  8183 I HUREV   : [2732] AapControlMedia.mediaSinkSetupRequest | Config response: status: HEADUNIT
03-12 21:24:38.143  4710  8183 I HUREV   : max_unacked: 1
03-12 21:24:38.143  4710  8183 I HUREV   : configuration_indices: 0
03-12 21:24:38.147  4710  8183 I HUREV   : [2732] AapControlSensor.sensorStartRequest | Sensor Start Request sensor: NIGHT, minUpdatePeriod: 0
03-12 21:24:38.148  4710  8183 I HUREV   : [2732] AapControlSensor.sensorStartRequest | SENSOR Sensor Start Response type: 32770 flags: 11 size: 8 dataOffset: 6
03-12 21:24:38.148  4710  8183 I HUREV   : [2732] AapControlSensor.sensorStartRequest | Night sensor requested. Triggering immediate update.
03-12 21:24:38.152  4710  4710 I HUREV   : [2] 1.onReceive | Received request to resend night mode state
03-12 21:24:38.153  4710  4710 I HUREV   : [2] 1.invoke | NightMode update: true
03-12 21:24:38.247  4710  8183 W HUREV   : [2732] AapVideo.process | AapVideo: Dropped Flag 11 packet. len=6, buf[10]=?
03-12 21:24:38.248  4710  8183 I HUREV   : [2732] AapControlMedia.execute | RX: Video Focus Request - mode: VIDEO_FOCUS_PROJECTED, reason: UNKNOWN
03-12 21:24:39.489  4710  8183 E HUREV   : While parsing a protocol message, the input ended unexpectedly in the middle of a field.  This could mean either that the input has been truncated or that an embedded message misreported its own length.
03-12 21:24:39.489  4710  8183 E HUREV   : com.google.protobuf.InvalidProtocolBufferException: While parsing a protocol message, the input ended unexpectedly in the middle of a field.  This could mean either that the input has been truncated or that an embedded message misreported its own length.
03-12 21:24:39.489  4710  8183 E HUREV   : 	at com.google.protobuf.CodedInputStream$ArrayDecoder.readRawBytes(CodedInputStream.java:1236)
03-12 21:24:39.489  4710  8183 E HUREV   : 	at com.google.protobuf.CodedInputStream$ArrayDecoder.readBytes(CodedInputStream.java:887)
03-12 21:24:39.489  4710  8183 E HUREV   : 	at com.andrerinas.headunitrevived.aap.protocol.proto.MediaPlayback$MediaMetaData$Builder.mergeFrom(MediaPlayback.java:2192)
03-12 21:24:39.489  4710  8183 E HUREV   : 	at com.andrerinas.headunitrevived.aap.protocol.proto.MediaPlayback$MediaMetaData$Builder.mergeFrom(MediaPlayback.java:1974)
03-12 21:24:39.489  4710  8183 E HUREV   : 	at com.google.protobuf.AbstractMessage$Builder.mergeFrom(AbstractMessage.java:394)
03-12 21:24:39.489  4710  8183 E HUREV   : 	at com.google.protobuf.AbstractMessage$Builder.mergeFrom(AbstractMessage.java:293)
03-12 21:24:39.489  4710  8183 E HUREV   : 	at com.google.protobuf.AbstractMessageLite$Builder.mergeFrom(AbstractMessageLite.java:199)
03-12 21:24:39.489  4710  8183 E HUREV   : 	at com.google.protobuf.AbstractMessage$Builder.mergeFrom(AbstractMessage.java:511)
03-12 21:24:39.489  4710  8183 E HUREV   : 	at com.andrerinas.headunitrevived.aap.AapMediaPlayback.process(AapMediaPlayback.kt:39)
03-12 21:24:39.489  4710  8183 E HUREV   : 	at com.andrerinas.headunitrevived.aap.AapMessageHandlerType.handle(AapMessageHandlerType.kt:58)
03-12 21:24:39.489  4710  8183 E HUREV   : 	at com.andrerinas.headunitrevived.aap.AapReadSingleMessage.doRead(AapReadSingleMessage.kt:58)
03-12 21:24:39.489  4710  8183 E HUREV   : 	at com.andrerinas.headunitrevived.aap.AapRead$Base.read(AapRead.kt:24)
03-12 21:24:39.489  4710  8183 E HUREV   : 	at com.andrerinas.headunitrevived.aap.AapTransport.pollHandlerCallback$lambda$2(AapTransport.kt:106)
03-12 21:24:39.489  4710  8183 E HUREV   : 	at com.andrerinas.headunitrevived.aap.AapTransport.$r8$lambda$Rjsdf1lVQ-AdDZlQs7Xt4MuwD3Y(Unknown Source:0)
03-12 21:24:39.489  4710  8183 E HUREV   : 	at com.andrerinas.headunitrevived.aap.AapTransport$$ExternalSyntheticLambda2.handleMessage(D8$$SyntheticClass:0)
03-12 21:24:39.489  4710  8183 E HUREV   : 	at android.os.Handler.dispatchMessage(Handler.java:110)
03-12 21:24:39.489  4710  8183 E HUREV   : 	at android.os.Looper.loopOnce(Looper.java:267)
03-12 21:24:39.489  4710  8183 E HUREV   : 	at android.os.Looper.loop(Looper.java:360)
03-12 21:24:39.489  4710  8183 E HUREV   : 	at android.os.HandlerThread.run(HandlerThread.java:85)
03-12 21:24:40.556  4710  4710 W HUREV   : [2] 1.run | Watchdog: No video received. Requesting Keyframe (Unsolicited Focus)...
03-12 21:24:40.672  4710  8183 W HUREV   : [2732] AapVideo.process | AapVideo: Dropped Flag 11 packet. len=6, buf[10]=?
03-12 21:24:40.673  4710  8183 I HUREV   : [2732] AapControlMedia.mediaStartRequest | Media Start Request VIDEO: session_id: 0
03-12 21:24:40.673  4710  8183 I HUREV   : configuration_index: 0
03-12 21:24:40.832  4710  8183 I HUREV   : [2732] VideoDecoder.decode | H.264/AVC config detected in frame (30 bytes)
03-12 21:24:40.835  4710  8183 I MediaCodec: MediaCodec::MediaCodec()
03-12 21:24:40.838  4710  8183 I MediaCodec: init video box disabled for codec not supported
03-12 21:24:40.838  4710  8193 I MediaCodec: [mId: 1] [video-debug-dec] setState: INITIALIZING
03-12 21:24:40.842  4710  8194 I CCodec  : setting up 'default' as default (vendor) store
03-12 21:24:40.859  4710  8194 W headunitrevived: AIBinder_linkToDeath is being called with a non-null cookie and no onUnlink callback set. This might not be intended. AIBinder_DeathRecipient_setOnUnlinked should be called first.
03-12 21:24:40.860  4710  8194 I CCodec  : Created component [c2.mtk.avc.decoder] for [c2.mtk.avc.decoder]
03-12 21:24:40.878  4710  8194 I CCodecConfig: query failed after returning 18 values (BAD_INDEX)
03-12 21:24:40.879  4710  8194 W ColorUtils: expected specified color aspects (0:0:0:0)
03-12 21:24:40.879  4710  8193 I MediaCodec: [mId: 1] [video-debug-dec] setState: INITIALIZED
03-12 21:24:40.881  4710  8183 I HUREV   : [2732] VideoDecoder.start | Configuring decoder: c2.mtk.avc.decoder with surface
03-12 21:24:40.882  4710  8183 I MediaCodec: [mId: 1] [video-debug-dec] configure: ClientName: com.andrerinas.headunitrevived ComponentName: c2.mtk.avc.decoder
03-12 21:24:40.882  4710  8183 I MediaCodec: [mId: 1] [video-debug-dec] configure: ClientFormat: AMessage(what = 0x00000000) = {
03-12 21:24:40.882  4710  8183 I MediaCodec:   Buffer csd-1 = {
03-12 21:24:40.882  4710  8183 I MediaCodec:     00000000:  00 00 00 01 68 ce 06 f2                           ....h...
03-12 21:24:40.882  4710  8183 I MediaCodec:   }
03-12 21:24:40.882  4710  8183 I MediaCodec:   string mime = "video/avc"
03-12 21:24:40.882  4710  8183 I MediaCodec:   int32_t width = 1920
03-12 21:24:40.882  4710  8183 I MediaCodec:   int32_t max-input-size = 1048576
03-12 21:24:40.882  4710  8183 I MediaCodec:   int32_t height = 1080
03-12 21:24:40.882  4710  8183 I MediaCodec:   Buffer csd-0 = {
03-12 21:24:40.882  4710  8183 I MediaCodec:     00000000:  00 00 00 01 67 42 80 2a  da 01 e0 08 9f 96 52 0a  ....gB.*......R.
03-12 21:24:40.882  4710  8183 I MediaCodec:     00000010:  0c 0a 0d a1 42 6a                                 ....Bj
03-12 21:24:40.882  4710  8183 I MediaCodec:   }
03-12 21:24:40.882  4710  8183 I MediaCodec: }
03-12 21:24:40.883  4710  8183 E MediaCodec: Media Quality Service not found.
03-12 21:24:40.883  4710  8183 I MediaCodec: MediaStub sendWidth/sendHeight
03-12 21:24:40.883  4710  8183 I MediaCodec: MediaStub sendMine
03-12 21:24:40.883  4710  8183 I MediaCodec: MediaStub sendDolbyVision
03-12 21:24:40.883  4710  8183 I MediaCodec: MediaStub sendPackageName
03-12 21:24:40.883  4710  8183 I MiMediaCodec: fps video to display enabled
03-12 21:24:40.883  4710  8183 I MiMediaCodec: The Fps from player is 0.000000  frameRateFloat -1.000000 frameRateInt -1
03-12 21:24:40.886  4710  8183 E headunitrevived: Failed to get interface:vendor.xiaomi.hardware.videoservice.IVideoService/default
03-12 21:24:40.886  4710  8183 I MediaCodec: configure : init video box disabled
03-12 21:24:40.886  4710  8193 I MediaCodec: [mId: 1] [video-debug-dec] connectToSurface: surface 0xb400007619841c60, mSurface 0x0
03-12 21:24:40.886  4710  8193 I MediaCodec: [c2.mtk.avc.decoder] setting surface generation to 4823042
03-12 21:24:40.886  4710  8193 W headunitrevived: Binder 0xb4000075b982cd60 destroyed after setInheritRt before being parceled.
03-12 21:24:40.886  4710  8193 I MediaCodec: [mId: 1] [video-debug-dec] setState: CONFIGURING
03-12 21:24:40.890  4710  8194 W CCodec  : This behavior is subject to change. It is recommended that app developers double check whether the requested max input size is in reasonable range.
03-12 21:24:40.890  4710  8194 I CCodecConfig: query failed after returning 19 values (BAD_INDEX)
03-12 21:24:40.891  4710  8194 E headunitrevived: Failed to query component interface for required system resources: 6
03-12 21:24:40.892  4710  8193 I MediaCodec: [mId: 1] [video-debug-dec] setState: CONFIGURED
03-12 21:24:40.893  4710  8183 W libc    : Access denied finding property "vendor.mm.loading.state"
03-12 21:24:40.894  4710  8193 I MediaCodec: [mId: 1] [video-debug-dec] setState: STARTING
03-12 21:24:40.900  4710  8194 I CCodecBufferChannel: [mId: 1] [video-debug-dec] start: inputFormat: AMessage(what = 0x00000000) = {
03-12 21:24:40.900  4710  8194 I CCodecBufferChannel:   string mime = "video/avc"
03-12 21:24:40.900  4710  8194 I CCodecBufferChannel:   int32_t width = 1920
03-12 21:24:40.900  4710  8194 I CCodecBufferChannel:   int32_t profile = 65536
03-12 21:24:40.900  4710  8194 I CCodecBufferChannel:   int32_t priority = -1
03-12 21:24:40.900  4710  8194 I CCodecBufferChannel:   int32_t frame-rate = 0
03-12 21:24:40.900  4710  8194 I CCodecBufferChannel:   int32_t height = 1080
03-12 21:24:40.900  4710  8194 I CCodecBufferChannel:   int32_t level = 32768
03-12 21:24:40.900  4710  8194 I CCodecBufferChannel:   int32_t max-input-size = 2094080
03-12 21:24:40.900  4710  8194 I CCodecBufferChannel:   Rect crop(0, 0, 318, 238)
03-12 21:24:40.900  4710  8194 I CCodecBufferChannel: }
03-12 21:24:40.903  4710  8194 I CCodecBufferChannel: [c2.mtk.avc.decoder#562] Created output block pool with allocatorID 18 => poolID 116 - OK
03-12 21:24:40.903  4710  8194 I CCodecBufferChannel: [mId: 1] [video-debug-dec] start: outputFormat: AMessage(what = 0x00000000) = {
03-12 21:24:40.903  4710  8194 I CCodecBufferChannel:   int32_t android._color-format = 2130708361
03-12 21:24:40.903  4710  8194 I CCodecBufferChannel:   int32_t android._video-scaling = 1
03-12 21:24:40.903  4710  8194 I CCodecBufferChannel:   int32_t sar-width = 1
03-12 21:24:40.903  4710  8194 I CCodecBufferChannel:   int32_t color-standard = 4
03-12 21:24:40.903  4710  8194 I CCodecBufferChannel:   int32_t color-range = 2
03-12 21:24:40.903  4710  8194 I CCodecBufferChannel:   int32_t color-transfer = 3
03-12 21:24:40.903  4710  8194 I CCodecBufferChannel:   int32_t sar-height = 1
03-12 21:24:40.903  4710  8194 I CCodecBufferChannel:   int32_t width = 1920
03-12 21:24:40.903  4710  8194 I CCodecBufferChannel:   int32_t priority = -1
03-12 21:24:40.903  4710  8194 I CCodecBufferChannel:   int32_t rotation-degrees = 0
03-12 21:24:40.903  4710  8194 I CCodecBufferChannel:   int32_t max-height = 1080
03-12 21:24:40.903  4710  8194 I CCodecBufferChannel:   int32_t height = 1080
03-12 21:24:40.903  4710  8194 I CCodecBufferChannel:   string mime = "video/raw"
03-12 21:24:40.903  4710  8194 I CCodecBufferChannel:   int32_t max-width = 1920
03-12 21:24:40.903  4710  8194 I CCodecBufferChannel:   Rect crop(0, 0, 318, 238)
03-12 21:24:40.903  4710  8194 I CCodecBufferChannel:   Buffer hdr-static-info = {
03-12 21:24:40.903  4710  8194 I CCodecBufferChannel:     00000000:  00 00 00 00 00 00 00 00  00 00 00 00 00 00 00 00  ................
03-12 21:24:40.903  4710  8194 I CCodecBufferChannel:     00000010:  00 00 00 00 00 00 00 00  00                       .........
03-12 21:24:40.903  4710  8194 I CCodecBufferChannel:   }
03-12 21:24:40.903  4710  8194 I CCodecBufferChannel:   int32_t frame-rate = 0
03-12 21:24:40.903  4710  8194 I CCodecBufferChannel:   int32_t android._dataspace = 259
03-12 21:24:40.903  4710  8194 I CCodecBufferChannel:   int32_t color-format = 2130708361
03-12 21:24:40.903  4710  8194 I CCodecBufferChannel: }
03-12 21:24:40.904  4710  8194 I DMABUFHEAPS: Using DMA-BUF heap named: mtk_mm
03-12 21:24:40.906  4710  8193 I MediaCodec: [mId: 1] [video-debug-dec] setState: STARTED
03-12 21:24:40.907  4710  8183 I HUREV   : [2732] VideoDecoder.start | Codec initialized: c2.mtk.avc.decoder for stream 1920x1080
03-12 21:24:40.908  4710  8206 I HUREV   : [2734] VideoDecoder.outputThreadLoop | Output thread started
03-12 21:24:40.910  4710  8193 W headunitrevived: AIBinder_linkToDeath is being called with a non-null cookie and no onUnlink callback set. This might not be intended. AIBinder_DeathRecipient_setOnUnlinked should be called first.
03-12 21:24:40.912  4710  8193 I MiMediaCodec: The CSD is not calculated
03-12 21:24:40.913  4710  8193 I MiMediaCodec: The CSD is not calculated
03-12 21:24:40.914  4710  8183 I MediaCodec: [mId: 1] [video-debug-dec] queueInputBuffer: index: 2 pts: 80752 timediff: 0
03-12 21:24:40.921  4710  8183 I MediaCodec: [mId: 1] [video-debug-dec] queueInputBuffer: index: 3 pts: 87678 timediff: 7
03-12 21:24:40.951  4710  8183 I MediaCodec: [mId: 1] [video-debug-dec] queueInputBuffer: index: 4 pts: 118419 timediff: 30
03-12 21:24:40.992  4710  8193 I MediaCodec: isHDR: standard =2,transfer = 3
03-12 21:24:40.994  4710  8206 I HUREV   : [2734] VideoDecoder.handleOutputFormatChange | Output Format Changed: {max-height=1080, crop-right=1919, sar-width=1, color-format=2130708361, mime=video/raw, hdr-static-info=java.nio.HeapByteBuffer[pos=0 lim=25 cap=25], priority=-1, color-standard=2, color-transfer=3, sar-height=1, crop-bottom=1079, max-width=1920, width=1920, crop-left=0, color-range=2, crop-top=0, rotation-degrees=0, frame-rate=0, height=1080}
03-12 21:24:40.995  4710  8193 I MediaCodec: [mId: 1] [video-debug-dec] onReleaseOutputBuffer index 0 pts: 87678 ptsdiff: 87678 timediff: 10663490 render: 1
03-12 21:24:40.997  4710  8193 I MediaCodec: [mId: 1] [video-debug-dec] onReleaseOutputBuffer index 1 pts: 118419 ptsdiff: 30741 timediff: 1 render: 1
03-12 21:24:40.999  4710  8193 I MediaCodec: [mId: 1] [video-debug-dec] onReleaseOutputBuffer index 0 pts: 123121 ptsdiff: 4702 timediff: 2 render: 1
03-12 21:24:41.778  4710  8183 W MediaCodec: [mId: 1] [video-debug-dec] dequeueInputBuffer: Last successful request is 810ms ago, 0 failures since then
03-12 21:24:41.778  4710  8183 W MediaCodec: [mId: 1] [video-debug-dec] queueInputBuffer: Input time interval reaches 809ms before pts: 945230
03-12 21:24:41.778  4710  8183 I MediaCodec: [mId: 1] [video-debug-dec] queueInputBuffer: index: 0 pts: 945230 timediff: 809
03-12 21:24:41.779  4710  8193 I MiMediaCodec: The TimeStamp has skip, restart calc fps
03-12 21:24:41.787  4710  8183 I MediaCodec: [mId: 1] [video-debug-dec] queueInputBuffer: index: 1 pts: 954631 timediff: 10
03-12 21:24:41.802  4710  8183 I MediaCodec: [mId: 1] [video-debug-dec] queueInputBuffer: index: 2 pts: 969255 timediff: 14
03-12 21:24:41.805  4710  8193 W MediaCodec: [mId: 1] [video-debug-dec] onReleaseOutputBuffer: Render time interval reaches 795ms before pts: 945230
03-12 21:24:41.805  4710  8193 I MediaCodec: [mId: 1] [video-debug-dec] onReleaseOutputBuffer index 0 pts: 945230 ptsdiff: 809316 timediff: 795 render: 1
03-12 21:24:41.810  4710  8193 I MediaCodec: [mId: 1] [video-debug-dec] onReleaseOutputBuffer index 0 pts: 954631 ptsdiff: 9401 timediff: 6 render: 1
03-12 21:24:41.818  4710  8183 I MediaCodec: [mId: 1] [video-debug-dec] queueInputBuffer: index: 3 pts: 985664 timediff: 17
03-12 21:24:41.827  4710  8193 I MediaCodec: [mId: 1] [video-debug-dec] onReleaseOutputBuffer index 0 pts: 969255 ptsdiff: 14624 timediff: 16 render: 1
03-12 21:24:41.836  4710  8183 I MediaCodec: [mId: 1] [video-debug-dec] queueInputBuffer: index: 4 pts: 1002841 timediff: 17
03-12 21:24:41.854  4710  8183 I MediaCodec: [mId: 1] [video-debug-dec] queueInputBuffer: index: 5 pts: 1020593 timediff: 18
03-12 21:24:43.313  4710  8193 I MiMediaCodec: send fps to display with mFrameRateByTimestamp:60.000000 state:1 id:1
03-12 21:24:43.816  4710  7148 I headunitrevived: Background young concurrent mark compact GC freed 2940KB AllocSpace bytes, 128(2592KB) LOS objects, 41% free, 7729KB/12MB, paused 621us,7.396ms total 37.215ms
03-12 21:24:45.312  4710  8193 W MediaCodec: [mId: 1] [video-debug-dec] onReleaseOutputBuffer: Render time interval reaches 103ms before pts: 4447912
03-12 21:24:45.312  4710  8193 I MediaCodec: [mId: 1] [video-debug-dec] onReleaseOutputBuffer index 0 pts: 4447912 ptsdiff: 99376 timediff: 103 render: 1
03-12 21:24:45.314  4710  8183 I MediaCodec: [mId: 1] [video-debug-dec] queueInputBuffer: index: 2 pts: 4481278 timediff: 12
03-12 21:24:45.317  4710  8193 I MediaCodec: [mId: 1] [video-debug-dec] onReleaseOutputBuffer index 0 pts: 4460962 ptsdiff: 13050 timediff: 6 render: 1
03-12 21:24:45.325  4710  8193 I MediaCodec: [mId: 1] [video-debug-dec] onReleaseOutputBuffer index 0 pts: 4468845 ptsdiff: 7883 timediff: 7 render: 1
03-12 21:24:45.354  4710  8183 I MediaCodec: [mId: 1] [video-debug-dec] queueInputBuffer: index: 3 pts: 4521261 timediff: 40
03-12 21:24:45.450  4710  8183 I MediaCodec: [mId: 1] [video-debug-dec] queueInputBuffer: index: 4 pts: 4617010 timediff: 96
03-12 21:24:45.899  4710  8193 I MediaCodec: [mId: 1] [video-debug-dec] Stats 5005ms:Client:com.andrerinas.headunitrevived,Component:c2.mtk.avc.decoder,Qin:221(Avg:22ms),DQin:221/223,Render:220(Avg:22ms),Drop:0,DQout:220/550
03-12 21:24:45.945  4710  8193 W MediaCodec: [mId: 1] [video-debug-dec] onReleaseOutputBuffer: Render time interval reaches 155ms before pts: 5081762
03-12 21:24:45.945  4710  8193 I MediaCodec: [mId: 1] [video-debug-dec] onReleaseOutputBuffer index 0 pts: 5081762 ptsdiff: 153854 timediff: 155 render: 1
03-12 21:24:45.950  4710  8183 I MediaCodec: [mId: 1] [video-debug-dec] queueInputBuffer: index: 2 pts: 5116762 timediff: 20
03-12 21:24:45.952  4710  8193 I MediaCodec: [mId: 1] [video-debug-dec] onReleaseOutputBuffer index 0 pts: 5088820 ptsdiff: 7058 timediff: 7 render: 1
03-12 21:24:45.958  4710  8193 I MediaCodec: [mId: 1] [video-debug-dec] onReleaseOutputBuffer index 0 pts: 5096917 ptsdiff: 8097 timediff: 6 render: 1
03-12 21:24:45.982  4710  8183 I MediaCodec: [mId: 1] [video-debug-dec] queueInputBuffer: index: 3 pts: 5148685 timediff: 32
03-12 21:24:46.022  4710  8183 I MediaCodec: [mId: 1] [video-debug-dec] queueInputBuffer: index: 4 pts: 5189364 timediff: 40
03-12 21:24:46.625  4710  8193 W MediaCodec: [mId: 1] [video-debug-dec] onReleaseOutputBuffer: Render time interval reaches 246ms before pts: 5765489
03-12 21:24:46.625  4710  8193 I MediaCodec: [mId: 1] [video-debug-dec] onReleaseOutputBuffer index 0 pts: 5765489 ptsdiff: 247505 timediff: 246 render: 1
03-12 21:24:46.745  4710  8183 I MediaCodec: [mId: 1] [video-debug-dec] queueInputBuffer: index: 0 pts: 5912228 timediff: 147
03-12 21:24:46.776  4710  8193 W MediaCodec: [mId: 1] [video-debug-dec] onReleaseOutputBuffer: Render time interval reaches 151ms before pts: 5912228
03-12 21:24:46.776  4710  8193 I MediaCodec: [mId: 1] [video-debug-dec] onReleaseOutputBuffer index 0 pts: 5912228 ptsdiff: 146739 timediff: 151 render: 1
03-12 21:24:46.865  4710  8193 I RenderPoller: [mId: 1] [video-debug-dec] render status from smooth to not smooth
03-12 21:24:46.870  4710  8193 E xlog_client: _xlog_write_flat_msg:fail to  send msg {"name":"video_render","audio_event":{"app_name":"audio_app_other","id":"1","render_smooth":"0"},"dgt":"null","audio_ext":"null" }
03-12 21:24:46.911  4710  8183 I MediaCodec: [mId: 1] [video-debug-dec] queueInputBuffer: index: 1 pts: 6078183 timediff: 166
03-12 21:24:46.920  4710  8183 I MediaCodec: [mId: 1] [video-debug-dec] queueInputBuffer: index: 2 pts: 6087027 timediff: 9
03-12 21:24:46.941  4710  8193 W MediaCodec: [mId: 1] [video-debug-dec] onReleaseOutputBuffer: Render time interval reaches 165ms before pts: 6078183
03-12 21:24:46.941  4710  8193 I MediaCodec: [mId: 1] [video-debug-dec] onReleaseOutputBuffer index 0 pts: 6078183 ptsdiff: 165955 timediff: 166 render: 1
03-12 21:24:46.943  4710  8183 I MediaCodec: [mId: 1] [video-debug-dec] queueInputBuffer: index: 5 pts: 6109851 timediff: 8
03-12 21:24:46.947  4710  8193 I MediaCodec: [mId: 1] [video-debug-dec] onReleaseOutputBuffer index 0 pts: 6087027 ptsdiff: 8844 timediff: 5 render: 1
03-12 21:24:46.953  4710  8183 I MediaCodec: [mId: 1] [video-debug-dec] queueInputBuffer: index: 6 pts: 6120253 timediff: 10
03-12 21:24:46.955  4710  8193 I MediaCodec: [mId: 1] [video-debug-dec] onReleaseOutputBuffer index 0 pts: 6094394 ptsdiff: 7367 timediff: 9 render: 1
03-12 21:24:46.979  4710  8183 I MediaCodec: [mId: 1] [video-debug-dec] queueInputBuffer: index: 7 pts: 6146459 timediff: 26
03-12 21:24:47.761  4710  8183 W MediaCodec: [mId: 1] [video-debug-dec] dequeueInputBuffer: Last successful request is 782ms ago, 0 failures since then
03-12 21:24:47.762  4710  8183 W MediaCodec: [mId: 1] [video-debug-dec] queueInputBuffer: Input time interval reaches 782ms before pts: 6928774
03-12 21:24:47.762  4710  8183 I MediaCodec: [mId: 1] [video-debug-dec] queueInputBuffer: index: 0 pts: 6928774 timediff: 782
03-12 21:24:47.763  4710  8193 I MiMediaCodec: send last fps
03-12 21:24:47.763  4710  8193 I MiMediaCodec: send fps to display with mLastSendedFps:60.000000 state:1 id:1
03-12 21:24:47.765  4710  8193 I MiMediaCodec: The TimeStamp has skip, restart calc fps
03-12 21:24:47.767  4710  8183 I MediaCodec: [mId: 1] [video-debug-dec] queueInputBuffer: index: 1 pts: 6934292 timediff: 5
03-12 21:24:47.771  4710  8183 I MediaCodec: [mId: 1] [video-debug-dec] queueInputBuffer: index: 2 pts: 6938000 timediff: 4
03-12 21:24:47.790  4710  8193 W MediaCodec: [mId: 1] [video-debug-dec] onReleaseOutputBuffer: Render time interval reaches 782ms before pts: 6928774
03-12 21:24:47.790  4710  8193 I MediaCodec: [mId: 1] [video-debug-dec] onReleaseOutputBuffer index 0 pts: 6928774 ptsdiff: 782315 timediff: 782 render: 1
03-12 21:24:47.795  4710  8193 I MediaCodec: [mId: 1] [video-debug-dec] onReleaseOutputBuffer index 0 pts: 6934292 ptsdiff: 5518 timediff: 5 render: 1
03-12 21:24:47.800  4710  8193 I MediaCodec: [mId: 1] [video-debug-dec] onReleaseOutputBuffer index 0 pts: 6938000 ptsdiff: 3708 timediff: 4 render: 1
03-12 21:24:47.813  4710  8183 I MediaCodec: [mId: 1] [video-debug-dec] queueInputBuffer: index: 5 pts: 6979883 timediff: 31
03-12 21:24:47.841  4710  8183 I MediaCodec: [mId: 1] [video-debug-dec] queueInputBuffer: index: 6 pts: 7008461 timediff: 28
03-12 21:24:47.873  4710  8183 I MediaCodec: [mId: 1] [video-debug-dec] queueInputBuffer: index: 7 pts: 7039973 timediff: 31
03-12 21:24:48.294  4710  8193 W MediaCodec: [mId: 1] [video-debug-dec] onReleaseOutputBuffer: Render time interval reaches 185ms before pts: 7431792
03-12 21:24:48.294  4710  8193 I MediaCodec: [mId: 1] [video-debug-dec] onReleaseOutputBuffer index 0 pts: 7431792 ptsdiff: 185776 timediff: 185 render: 1
03-12 21:24:48.307  4710  8193 I MediaCodec: [mId: 1] [video-debug-dec] onReleaseOutputBuffer index 0 pts: 7445203 ptsdiff: 13411 timediff: 13 render: 1
03-12 21:24:48.311  4710  8183 I MediaCodec: [mId: 1] [video-debug-dec] queueInputBuffer: index: 0 pts: 7478378 timediff: 33
03-12 21:24:48.342  4710  8193 I MediaCodec: [mId: 1] [video-debug-dec] onReleaseOutputBuffer index 0 pts: 7478378 ptsdiff: 33175 timediff: 35 render: 1
03-12 21:24:48.344  4710  8183 I MediaCodec: [mId: 1] [video-debug-dec] queueInputBuffer: index: 1 pts: 7511286 timediff: 33
03-12 21:24:48.378  4710  8183 I MediaCodec: [mId: 1] [video-debug-dec] queueInputBuffer: index: 2 pts: 7545522 timediff: 34
03-12 21:24:48.973  4710  8193 I RenderPoller: [mId: 1] [video-debug-dec] render status from not smooth to smooth
03-12 21:24:48.978  4710  8193 E xlog_client: _xlog_write_flat_msg:fail to  send msg {"name":"video_render","audio_event":{"app_name":"audio_app_other","id":"1","render_smooth":"1"},"dgt":"null","audio_ext":"null" }
03-12 21:24:49.534  4710  8183 W MediaCodec: [mId: 1] [video-debug-dec] dequeueInputBuffer: Last successful request is 755ms ago, 0 failures since then
03-12 21:24:49.535  4710  8183 W MediaCodec: [mId: 1] [video-debug-dec] queueInputBuffer: Input time interval reaches 756ms before pts: 8701835
03-12 21:24:49.535  4710  8183 I MediaCodec: [mId: 1] [video-debug-dec] queueInputBuffer: index: 7 pts: 8701835 timediff: 756
03-12 21:24:49.537  4710  8193 I MiMediaCodec: send last fps
03-12 21:24:49.537  4710  8193 I MiMediaCodec: send fps to display with mLastSendedFps:60.000000 state:1 id:1
03-12 21:24:49.538  4710  8193 I MiMediaCodec: The TimeStamp has skip, restart calc fps
03-12 21:24:49.541  4710  8183 I MediaCodec: [mId: 1] [video-debug-dec] queueInputBuffer: index: 0 pts: 8708418 timediff: 6
03-12 21:24:49.545  4710  8183 I MediaCodec: [mId: 1] [video-debug-dec] queueInputBuffer: index: 1 pts: 8712502 timediff: 4
03-12 21:24:49.565  4710  8193 W MediaCodec: [mId: 1] [video-debug-dec] onReleaseOutputBuffer: Render time interval reaches 760ms before pts: 8701835
03-12 21:24:49.565  4710  8193 I MediaCodec: [mId: 1] [video-debug-dec] onReleaseOutputBuffer index 0 pts: 8701835 ptsdiff: 756025 timediff: 760 render: 1
03-12 21:24:49.571  4710  8193 I MediaCodec: [mId: 1] [video-debug-dec] onReleaseOutputBuffer index 0 pts: 8708418 ptsdiff: 6583 timediff: 6 render: 1
03-12 21:24:49.579  4710  8193 I MediaCodec: [mId: 1] [video-debug-dec] onReleaseOutputBuffer index 0 pts: 8712502 ptsdiff: 4084 timediff: 8 render: 1
03-12 21:24:49.595  4710  8183 I MediaCodec: [mId: 1] [video-debug-dec] queueInputBuffer: index: 4 pts: 8761912 timediff: 34
03-12 21:24:49.627  4710  8183 I MediaCodec: [mId: 1] [video-debug-dec] queueInputBuffer: index: 5 pts: 8794349 timediff: 32
03-12 21:24:49.667  4710  8183 I MediaCodec: [mId: 1] [video-debug-dec] queueInputBuffer: index: 6 pts: 8834618 timediff: 41
03-12 21:24:49.978  4710  8193 I RenderPoller: [mId: 1] [video-debug-dec] render status from smooth to not smooth
03-12 21:24:49.982  4710  8193 E xlog_client: _xlog_write_flat_msg:fail to  send msg {"name":"video_render","audio_event":{"app_name":"audio_app_other","id":"1","render_smooth":"0"},"dgt":"null","audio_ext":"null" }
03-12 21:24:50.903  4710  8193 I MediaCodec: [mId: 1] [video-debug-dec] Stats 5003ms:Client:com.andrerinas.headunitrevived,Component:c2.mtk.avc.decoder,Qin:101(Avg:49ms),DQin:101/101,Render:100(Avg:50ms),Drop:0,DQout:100/498
03-12 21:24:50.993  4710  8193 I RenderPoller: [mId: 1] [video-debug-dec] render status from not smooth to smooth
03-12 21:24:50.996  4710  8193 E xlog_client: _xlog_write_flat_msg:fail to  send msg {"name":"video_render","audio_event":{"app_name":"audio_app_other","id":"1","render_smooth":"1"},"dgt":"null","audio_ext":"null" }
03-12 21:24:52.474  4710  8193 W MediaCodec: [mId: 1] [video-debug-dec] onReleaseOutputBuffer: Render time interval reaches 141ms before pts: 11611236
03-12 21:24:52.474  4710  8193 I MediaCodec: [mId: 1] [video-debug-dec] onReleaseOutputBuffer index 0 pts: 11611236 ptsdiff: 139911 timediff: 141 render: 1
03-12 21:24:52.478  4710  8183 I MediaCodec: [mId: 1] [video-debug-dec] queueInputBuffer: index: 7 pts: 11644914 timediff: 19
03-12 21:24:52.488  4710  8193 I MediaCodec: [mId: 1] [video-debug-dec] onReleaseOutputBuffer index 0 pts: 11625744 ptsdiff: 14508 timediff: 13 render: 1
03-12 21:24:52.510  4710  8193 I MediaCodec: [mId: 1] [video-debug-dec] onReleaseOutputBuffer index 0 pts: 11644914 ptsdiff: 19170 timediff: 22 render: 1
03-12 21:24:52.512  4710  8183 I MediaCodec: [mId: 1] [video-debug-dec] queueInputBuffer: index: 0 pts: 11678759 timediff: 34
03-12 21:24:52.548  4710  8183 I MediaCodec: [mId: 1] [video-debug-dec] queueInputBuffer: index: 1 pts: 11715032 timediff: 36
03-12 21:24:52.604  4710  8193 I MiMediaCodec: send fps to display with mFrameRateByTimestamp:30.000000 state:1 id:1
03-12 21:24:52.867  4710  8193 W MediaCodec: [mId: 1] [video-debug-dec] onReleaseOutputBuffer: Render time interval reaches 220ms before pts: 12005583
03-12 21:24:52.867  4710  8193 I MediaCodec: [mId: 1] [video-debug-dec] onReleaseOutputBuffer index 0 pts: 12005583 ptsdiff: 219787 timediff: 220 render: 1
03-12 21:24:53.000  4710  8183 I MediaCodec: [mId: 1] [video-debug-dec] queueInputBuffer: index: 5 pts: 12166985 timediff: 161
03-12 21:24:53.008  4710  8183 I MediaCodec: [mId: 1] [video-debug-dec] queueInputBuffer: index: 6 pts: 12175067 timediff: 8
03-12 21:24:53.015  4710  8183 I MediaCodec: [mId: 1] [video-debug-dec] queueInputBuffer: index: 7 pts: 12181785 timediff: 7
03-12 21:24:53.030  4710  8193 W MediaCodec: [mId: 1] [video-debug-dec] onReleaseOutputBuffer: Render time interval reaches 163ms before pts: 12166985
03-12 21:24:53.030  4710  8193 I MediaCodec: [mId: 1] [video-debug-dec] onReleaseOutputBuffer index 0 pts: 12166985 ptsdiff: 161402 timediff: 163 render: 1
03-12 21:24:53.037  4710  8193 I MediaCodec: [mId: 1] [video-debug-dec] onReleaseOutputBuffer index 0 pts: 12175067 ptsdiff: 8082 timediff: 7 render: 1
03-12 21:24:53.045  4710  8183 I MediaCodec: [mId: 1] [video-debug-dec] queueInputBuffer: index: 1 pts: 12212470 timediff: 24
03-12 21:24:53.046  4710  8193 I MediaCodec: [mId: 1] [video-debug-dec] onReleaseOutputBuffer index 0 pts: 12181785 ptsdiff: 6718 timediff: 9 render: 1
03-12 21:24:53.082  4710  8183 I MediaCodec: [mId: 1] [video-debug-dec] queueInputBuffer: index: 2 pts: 12248868 timediff: 36
03-12 21:24:53.488  4710  8183 I MediaCodec: [mId: 1] [video-debug-dec] queueInputBuffer: index: 3 pts: 12655583 timediff: 407
03-12 21:24:53.519  4710  8193 W MediaCodec: [mId: 1] [video-debug-dec] onReleaseOutputBuffer: Render time interval reaches 408ms before pts: 12655583
03-12 21:24:53.519  4710  8193 I MediaCodec: [mId: 1] [video-debug-dec] onReleaseOutputBuffer index 0 pts: 12655583 ptsdiff: 406715 timediff: 408 render: 1
03-12 21:24:53.525  4710  8193 I MediaCodec: [mId: 1] [video-debug-dec] onReleaseOutputBuffer index 0 pts: 12659091 ptsdiff: 3508 timediff: 6 render: 1
03-12 21:24:53.533  4710  8193 I MediaCodec: [mId: 1] [video-debug-dec] onReleaseOutputBuffer index 0 pts: 12662576 ptsdiff: 3485 timediff: 7 render: 1
03-12 21:24:53.547  4710  8183 I MediaCodec: [mId: 1] [video-debug-dec] queueInputBuffer: index: 0 pts: 12714153 timediff: 36
03-12 21:24:53.638  4710  8183 I MediaCodec: [mId: 1] [video-debug-dec] queueInputBuffer: index: 1 pts: 12804792 timediff: 91
03-12 21:24:53.644  4710  8183 I MediaCodec: [mId: 1] [video-debug-dec] queueInputBuffer: index: 2 pts: 12811002 timediff: 6
03-12 21:24:54.550  4710  8183 W MediaCodec: [mId: 1] [video-debug-dec] dequeueInputBuffer: Last successful request is 675ms ago, 0 failures since then
03-12 21:24:54.550  4710  8183 W MediaCodec: [mId: 1] [video-debug-dec] queueInputBuffer: Input time interval reaches 675ms before pts: 13717666
03-12 21:24:54.551  4710  8183 I MediaCodec: [mId: 1] [video-debug-dec] queueInputBuffer: index: 3 pts: 13717666 timediff: 675
03-12 21:24:54.552  4710  8193 I MiMediaCodec: send last fps
03-12 21:24:54.552  4710  8193 I MiMediaCodec: send fps to display with mLastSendedFps:30.000000 state:1 id:1
03-12 21:24:54.557  4710  8183 I MediaCodec: [mId: 1] [video-debug-dec] queueInputBuffer: index: 4 pts: 13723701 timediff: 6
03-12 21:24:54.561  4710  8183 I MediaCodec: [mId: 1] [video-debug-dec] queueInputBuffer: index: 5 pts: 13727824 timediff: 4
