--------- beginning of main
03-12 21:22:26.044  4710  4710 I headunitrevived: Late-enabling -Xcheck:jni
03-12 21:22:26.160  4710  4710 I headunitrevived: Using CollectorTypeCMC GC.
--------- beginning of system
03-12 21:22:26.255  4710  4710 I ActivityThread: Current dynamic renderEngine type=0
03-12 21:22:26.432  4710  4710 I RENDER_TURBO: onActivityThreadCreate not in white list, pkg=com.andrerinas.headunitrevived, type=flare
03-12 21:22:26.744  4710  4710 I headunitrevived: AssetManager2(0xb4000074597f3458) locale list changing from [] to [sr-RS]
03-12 21:22:26.748  4710  4710 E MiuiPreloadClassImpl: invoke error.
03-12 21:22:26.779  4710  7166 I ActivityThread: TrafficStats init done
03-12 21:22:26.783  4710  7166 I ForceDarkHelperStubImpl: initialize for com.andrerinas.headunitrevived , ForceDarkAppConfig: null
03-12 21:22:26.788  4710  7166 I MiuiForceDarkConfig: setConfig density:1.331250, mainRule:0, secondaryRule:0, tertiaryRule:0
03-12 21:22:26.790  4710  4710 I MultiDex: VM with version 2.1.0 has multidex support
03-12 21:22:26.790  4710  4710 I MultiDex: Installing application
03-12 21:22:26.790  4710  4710 I MultiDex: VM has multidex support, MultiDex support library is disabled.
03-12 21:22:26.800  4710  7166 E ashmem  : Pinning is deprecated since Android Q. Please use trim or other methods.
03-12 21:22:26.804  4710  7166 I ActivityThread: Miui Feature Init done
03-12 21:22:27.008  4710  4710 W libc    : Access denied finding property "ro.vendor.perf.scroll_opt"
03-12 21:22:27.017  4710  4710 I PowerHalWrapper: PowerHalWrapper.getInstance 
03-12 21:22:27.017  4710  4710 I PowerHalWrapper: PowerHalWrapper.getInstance 
03-12 21:22:27.017  4710  4710 I M-ProMotion: M-ProMotion is disabled
03-12 21:22:27.027  4710  7166 I ActivityThread: HardwareRenderer preload  done
03-12 21:22:27.029  4710  7184 I DisplayManager: Choreographer implicitly registered for the refresh rate.
03-12 21:22:27.033  4710  4710 I headunitrevived: AssetManager2(0xb4000074597ee638) locale list changing from [] to [sr-RS]
03-12 21:22:27.038  4710  7184 W libc    : Access denied finding property "vendor.mivk.log.debug"
03-12 21:22:27.052  4710  7197 E headunitrevived: setpriority success to 100 : mali-cmar-backend
03-12 21:22:27.078  4710  4710 I headunitrevived: AssetManager2(0xb4000074597f8278) locale list changing from [] to [sr-RS]
03-12 21:22:27.114  4710  4710 W HWUI    : Image decoding logging dropped!
03-12 21:22:27.202  4710  4710 W HWUI    : Image decoding logging dropped!
03-12 21:22:27.236  4710  4710 I headunitrevived: hiddenapi: Accessing hidden method Landroid/view/View;->computeFitSystemWindows(Landroid/graphics/Rect;Landroid/graphics/Rect;)Z (runtime_flags=0, domain=platform, api=unsupported) from Landroidx/appcompat/widget/ViewUtils; (domain=app, TargetSdkVersion=36) using reflection: allowed
03-12 21:22:27.236  4710  4710 I headunitrevived: hiddenapi: Accessing hidden method Landroid/view/ViewGroup;->makeOptionalFitsSystemWindows()V (runtime_flags=0, domain=platform, api=unsupported) from Landroidx/appcompat/widget/ViewUtils; (domain=app, TargetSdkVersion=36) using reflection: allowed
03-12 21:22:27.351  4710  4710 I HUREV   : [2] MainActivity.handleIntent | MainActivity received intent: android.intent.action.MAIN, data: null
03-12 21:22:27.498  4710  4710 W MessageMonitor: PerfMonitor: Slow Operation: Activity com.andrerinas.headunitrevived/.main.MainActivity onStart took 113ms
03-12 21:22:27.521  4710  4710 I HUREV   : [2] HomeFragment.onResume | HomeFragment: onResume. isConnected=false
03-12 21:22:27.565  4710  4710 W libc    : Access denied finding property "ro.vendor.mi_sf.new_dynamic_refresh_rate"
03-12 21:22:27.560  4710  4710 W headunitrevived: type=1400 audit(0.0:38683): avc:  denied  { read } for  name="u:object_r:vendor_displayfeature_prop:s0" dev="tmpfs" ino=560 scontext=u:r:untrusted_app:s0:c79,c257,c512,c768 tcontext=u:object_r:vendor_displayfeature_prop:s0 tclass=file permissive=0 app=com.andrerinas.headunitrevived
03-12 21:22:27.620  4710  4710 I SurfaceFactory: [static] sSurfaceFactory = com.mediatek.view.impl.SurfaceFactoryImpl@8b9f577
03-12 21:22:27.636  4710  4710 I MiuiProcessManagerImpl: setSchedFifo pid:4710, mode:3
03-12 21:22:27.639  4710  7204 E FramePredict: registerContentObserver fail
03-12 21:22:27.640  4710  4710 W HWUI    : Unknown dataspace 0
03-12 21:22:27.641  4710  7184 W libc    : Access denied finding property "ro.vendor.display.iris_x7.support"
03-12 21:22:27.641  4710  7184 I pwIrisCR: isCnVersion = 0, isSupportIris = 0
03-12 21:22:27.636  4710  4710 W RenderThread: type=1400 audit(0.0:38684): avc:  denied  { read } for  name="u:object_r:vendor_displayfeature_prop:s0" dev="tmpfs" ino=560 scontext=u:r:untrusted_app:s0:c79,c257,c512,c768 tcontext=u:object_r:vendor_displayfeature_prop:s0 tclass=file permissive=0 app=com.andrerinas.headunitrevived
03-12 21:22:27.645  4710  4710 I ForceDarkHelperStubImpl: setViewRootImplForceDark: false for com.andrerinas.headunitrevived.main.MainActivity@ab9aa25, reason: AppDarkModeEnable
03-12 21:22:27.646  4710  4710 I ViewRootImpl: com.andrerinas.headunitrevived/com.andrerinas.headunitrevived.main.MainActivity use first frame acceleration
03-12 21:22:27.670  4710  7181 I PowerHalWrapper: PowerHalWrapper.getInstance 
03-12 21:22:27.674  4710  4710 I ForceDarkHelperStubImpl: setViewRootImplForceDark: false for com.andrerinas.headunitrevived.main.MainActivity@ab9aa25, reason: AppDarkModeEnable
03-12 21:22:27.674  4710  4710 I ViewRootImpl: com.andrerinas.headunitrevived/com.andrerinas.headunitrevived.main.MainActivity use first frame acceleration
03-12 21:22:27.704  4710  4710 I ComputilityLevel: getComputilityLevel(): 2
03-12 21:22:27.760  4710  4710 E headunitrevived: [perfctl] 4710 4710 FPSGO ver:7
03-12 21:22:27.760  4710  4710 E headunitrevived: [perfctl] 1 1 1 0
03-12 21:22:27.765  4710  4710 I ForceDarkHelperStubImpl: setViewRootImplForceDark: false for com.andrerinas.headunitrevived.main.MainActivity@ab9aa25, reason: AppDarkModeEnable
03-12 21:22:27.807  4710  7184 I GrallocExtra: gralloc_extra_query:is_SW3D 0
03-12 21:22:27.877  4710  7184 I SKIA    : CreateGraphicsPipeline pipeline cache hit. elpased time: 30.86 ms.
03-12 21:22:27.889  4710  7184 I SKIA    : CreateGraphicsPipeline pipeline cache hit. elpased time: 11.29 ms.
03-12 21:22:27.905  4710  7184 I SKIA    : CreateGraphicsPipeline pipeline cache hit. elpased time: 14.20 ms.
03-12 21:22:27.930  4710  7184 I SKIA    : CreateGraphicsPipeline pipeline cache hit. elpased time: 23.26 ms.
03-12 21:22:27.948  4710  7184 I SKIA    : CreateGraphicsPipeline pipeline cache hit. elpased time: 16.31 ms.
03-12 21:22:27.964  4710  7184 I SKIA    : CreateGraphicsPipeline pipeline cache hit. elpased time: 13.74 ms.
03-12 21:22:27.971  4710  7184 I GrallocExtra: gralloc_extra_query:is_SW3D 0
03-12 21:22:27.971  4710  7184 W libc    : Access denied finding property "ro.vendor.display.iris_x7.support"
03-12 21:22:27.968  4710  4710 W RenderThread: type=1400 audit(0.0:38685): avc:  denied  { read } for  name="u:object_r:vendor_displayfeature_prop:s0" dev="tmpfs" ino=560 scontext=u:r:untrusted_app:s0:c79,c257,c512,c768 tcontext=u:object_r:vendor_displayfeature_prop:s0 tclass=file permissive=0 app=com.andrerinas.headunitrevived
03-12 21:22:27.983  4710  4710 I ComputilityLevel: getComputilityLevel(): 2
03-12 21:22:28.194  4710  4710 I ForceDarkHelperStubImpl: setViewRootImplForceDark: false for com.andrerinas.headunitrevived.main.MainActivity@ab9aa25, reason: AppDarkModeEnable
03-12 21:22:28.401  4710  7184 I SKIA    : CreateGraphicsPipeline pipeline cache hit. elpased time: 9.00 ms.
03-12 21:22:28.426  4710  7184 I SKIA    : CreateGraphicsPipeline pipeline cache hit. elpased time: 24.10 ms.
03-12 21:22:28.432  4710  4710 I Choreographer: first vsync insert message into MessageQueue Head
03-12 21:22:28.433  4710  4710 I Choreographer: Skipped 43 frames!  The application may be doing too much work on its main thread.
03-12 21:22:28.443  4710  7161 I HWUI    : Davey! duration=729ms; Flags=129, FrameTimelineVsyncId=-1, IntendedVsync=10530195154395, Vsync=10530195221241, InputEventId=0, HandleInputStart=10530195633780, AnimationStart=10530195636934, PerformTraversalsStart=10530195651626, DrawStart=10530861712857, FrameDeadline=10530205159087, FrameStartTime=10530195221241, FrameInterval=16666667, WorkloadTarget=10004692, FlingPosition=0, FlingFrameInterval=0, InputEventTime=0, InputEventAction=0, FirstTimeForInputEventAction=0, InputEventSignal=0, WindowMode=0, SyncQueued=10530878411934, SyncStart=10530878502395, IssueDrawCommandsStart=10530878645472, SwapBuffers=10530922996857, FrameCompleted=10530924843395, DequeueBufferDuration=14846, QueueBufferDuration=672539, GpuCompleted=10530924843395, SwapBuffersCompleted=10530924152549, DisplayPresentTime=-1183461560020553809, CommandSubmissionCompleted=10530922996857, 
03-12 21:22:28.453  4710  4710 I HUREV   : [2] AapService.onCreate | AapService creating...
03-12 21:22:28.462  4710  7167 I HWUI    : Davey! duration=738ms; Flags=160, FrameTimelineVsyncId=1223515, IntendedVsync=10530204753668, Vsync=10530921420349, InputEventId=0, HandleInputStart=10530929785472, AnimationStart=10530929792626, PerformTraversalsStart=10530932092011, DrawStart=10530937415703, FrameDeadline=10530528487914, FrameStartTime=10530927670164, FrameInterval=16666667, WorkloadTarget=16600000, FlingPosition=0, FlingFrameInterval=0, InputEventTime=0, InputEventAction=-1, FirstTimeForInputEventAction=0, InputEventSignal=-1, WindowMode=1, SyncQueued=10530939026472, SyncStart=10530939135318, IssueDrawCommandsStart=10530939208857, SwapBuffers=10530942381857, FrameCompleted=10530943466395, DequeueBufferDuration=16308, QueueBufferDuration=623923, GpuCompleted=10530943027626, SwapBuffersCompleted=10530943466395, DisplayPresentTime=0, CommandSubmissionCompleted=10530942381857, 
03-12 21:22:28.514  4710  4710 I HUREV   : [2] 1.invoke | NightMode update: true
03-12 21:22:28.651  4710  4710 I HUREV   : [2] AapService.onCreate | Auto-started continuous log capture
03-12 21:22:28.737  4710  4710 I HUREV   : [2] AapService.registerNetworkMonitor | NetworkMonitor: Registered network change listener
03-12 21:22:28.912  4710  4710 I PowerHalMgrImpl: perfLockAcq is supported. 
03-12 21:22:28.945  4710  4710 I HUREV   : [2] GpsLocation.start | Request location updates
03-12 21:22:28.955  4710  4710 I headunitrevived: AssetManager2(0xb400007459810c38) locale list changing from [] to [sr-RS]
03-12 21:22:28.969  4710  4710 I headunitrevived: AssetManager2(0xb400007459805a18) locale list changing from [] to [sr-RS]
03-12 21:22:28.978  4710  4710 I ForceDarkHelperStubImpl: setViewRootImplForceDark: false for com.andrerinas.headunitrevived.main.MainActivity@ab9aa25, reason: AppDarkModeEnable
03-12 21:22:28.983  4710  4710 I ForceDarkHelperStubImpl: setViewRootImplForceDark: false for com.andrerinas.headunitrevived.main.MainActivity@ab9aa25, reason: AppDarkModeEnable
03-12 21:22:29.182  4710  7257 W BpBinder: PerfMonitor binderTransact: time=228ms interface=android.app.IActivityManager code=31
03-12 21:22:29.338  4710  7272 W InteractionJankMonitor: Initializing without READ_DEVICE_CONFIG permission. enabled=false, interval=1, missedFrameThreshold=3, frameTimeThreshold=64, package=com.andrerinas.headunitrevived
03-12 21:22:29.378  4710  7147 I headunitrevived: Compiler allocated 6435KB to compile void android.view.ViewRootImpl.performTraversals()
03-12 21:22:29.510  4710  7276 W headunitrevived: sendGameRenderCheck remote service is not exist.
03-12 21:22:29.535  4710  7184 I SKIA    : CreateGraphicsPipeline pipeline cache hit. elpased time: 0.35 ms.
03-12 21:22:29.547  4710  7184 I SKIA    : CreateGraphicsPipeline pipeline cache hit. elpased time: 10.22 ms.
03-12 21:22:31.648  4710  4710 I HUREV   : [2] HomeFragment.onResume | HomeFragment: onResume. isConnected=false
03-12 21:22:31.672  4710  7184 E headunitrevived: DynamicFPS DF open fail: No such file or directory
03-12 21:22:31.679  4710  4710 I HandWritingStubImpl: refreshLastKeyboardType: 1
03-12 21:22:31.683  4710  4710 I HandWritingStubImpl: getCurrentKeyboardType: 1
03-12 21:22:31.698  4710  4710 I ImeTracker: com.andrerinas.headunitrevived:e8b28518: onCancelled at PHASE_CLIENT_ALREADY_HIDDEN
03-12 21:22:31.701  4710  7184 I SKIA    : CreateGraphicsPipeline pipeline cache hit. elpased time: 10.60 ms.
03-12 21:22:31.702  4710  7184 I SKIA    : CreateGraphicsPipeline pipeline cache hit. elpased time: 0.22 ms.
03-12 21:22:31.702  4710  7184 I SKIA    : CreateGraphicsPipeline pipeline cache hit. elpased time: 0.22 ms.
03-12 21:22:31.717  4710  4710 I HandWritingStubImpl: getCurrentKeyboardType: 1
03-12 21:22:32.391  4710  4710 I MIUIInput: [MotionEvent] ViewRootImpl windowName 'com.andrerinas.headunitrevived/com.andrerinas.headunitrevived.main.MainActivity', { action=ACTION_DOWN, id[0]=0, pointerCount=1, eventTime=10534877, downTime=10534877, phoneEventTime=21:22:32.383 } moveCount:0
03-12 21:22:32.402  4710  4710 W MirrorManager: this model don't Support
03-12 21:22:32.475  4710  7184 I SKIA    : CreateGraphicsPipeline pipeline cache hit. elpased time: 60.01 ms.
03-12 21:22:32.496  4710  4710 I MIUIInput: [MotionEvent] ViewRootImpl windowName 'com.andrerinas.headunitrevived/com.andrerinas.headunitrevived.main.MainActivity', { action=ACTION_UP, id[0]=0, pointerCount=1, eventTime=10534987, downTime=10534877, phoneEventTime=21:22:32.493 } moveCount:2
03-12 21:22:32.505  4710  4710 W WindowOnBackDispatcher: sendCancelIfRunning: isInProgress=false callback=android.app.Dialog$$ExternalSyntheticLambda2@d2a5bb9
03-12 21:22:32.512  4710  4710 W headunitrevived: Binder 0xb4000075b98067e0 destroyed after setInheritRt before being parceled.
03-12 21:22:32.642  4710  4710 I ForceDarkHelperStubImpl: setViewRootImplForceDark: false for com.andrerinas.headunitrevived.main.MainActivity@ab9aa25, reason: AppDarkModeEnable
03-12 21:22:32.642  4710  4710 I ViewRootImpl: com.andrerinas.headunitrevived/com.andrerinas.headunitrevived.main.MainActivity use first frame acceleration
03-12 21:22:32.655  4710  4710 I Choreographer: first vsync insert message into MessageQueue Head
03-12 21:22:32.657  4710  4710 I ComputilityLevel: getComputilityLevel(): 2
03-12 21:22:32.684  4710  4710 I ForceDarkHelperStubImpl: setViewRootImplForceDark: false for com.andrerinas.headunitrevived.main.MainActivity@ab9aa25, reason: AppDarkModeEnable
03-12 21:22:32.708  4710  7184 I SKIA    : CreateGraphicsPipeline pipeline cache hit. elpased time: 0.28 ms.
03-12 21:22:32.715  4710  7184 I SKIA    : CreateGraphicsPipeline pipeline cache hit. elpased time: 6.00 ms.
03-12 21:22:33.794  4710  4710 I MIUIInput: [MotionEvent] ViewRootImpl windowName 'com.andrerinas.headunitrevived/com.andrerinas.headunitrevived.main.MainActivity', { action=ACTION_DOWN, id[0]=0, pointerCount=1, eventTime=10536283, downTime=10536283, phoneEventTime=21:22:33.789 } moveCount:0
03-12 21:22:33.881  4710  4710 I MIUIInput: [MotionEvent] ViewRootImpl windowName 'com.andrerinas.headunitrevived/com.andrerinas.headunitrevived.main.MainActivity', { action=ACTION_UP, id[0]=0, pointerCount=1, eventTime=10536372, downTime=10536283, phoneEventTime=21:22:33.878 } moveCount:2
03-12 21:22:33.898  4710  7184 E headunitrevived: FrameInsert open fail: No such file or directory
03-12 21:22:33.908  4710  4710 I ActivityThread: Schedule relaunch activity: com.andrerinas.headunitrevived.main.MainActivity
03-12 21:22:33.908  4710  4710 W WindowOnBackDispatcher: sendCancelIfRunning: isInProgress=false callback=android.app.Dialog$$ExternalSyntheticLambda2@e816f6b
03-12 21:22:33.914  4710  4710 W headunitrevived: Binder 0xb4000075b98067e0 destroyed after setInheritRt before being parceled.
03-12 21:22:33.940  4710  4710 W WindowOnBackDispatcher: sendCancelIfRunning: isInProgress=false callback=androidx.activity.OnBackPressedDispatcher$Api34Impl$createOnBackAnimationCallback$1@624c56a
03-12 21:22:33.954  4710  4710 W WindowOnBackDispatcher: sendCancelIfRunning: isInProgress=false callback=android.app.Activity$$ExternalSyntheticLambda0@fcbd755
03-12 21:22:33.961  4710  7166 I ActivityThread: HardwareRenderer preload  done
03-12 21:22:33.977  4710  4710 W HWUI    : Image decoding logging dropped!
03-12 21:22:34.049  4710  4710 W HWUI    : Image decoding logging dropped!
03-12 21:22:34.105  4710  4710 I HUREV   : [2] MainActivity.handleIntent | MainActivity received intent: android.intent.action.MAIN, data: null
03-12 21:22:34.161  4710  4710 I HUREV   : [2] HomeFragment.onResume | HomeFragment: onResume. isConnected=false
03-12 21:22:34.324  4710  4710 I HandWritingStubImpl: refreshLastKeyboardType: 1
03-12 21:22:34.325  4710  4710 I HandWritingStubImpl: getCurrentKeyboardType: 1
03-12 21:22:34.331  4710  4710 I ImeTracker: com.andrerinas.headunitrevived:f81eef38: onCancelled at PHASE_CLIENT_ALREADY_HIDDEN
03-12 21:22:34.558  4710  4710 I HUREV   : [2] HomeFragment.onResume | HomeFragment: onResume. isConnected=false
03-12 21:22:34.599  4710  4710 I HandWritingStubImpl: refreshLastKeyboardType: 1
03-12 21:22:34.599  4710  4710 I HandWritingStubImpl: getCurrentKeyboardType: 1
03-12 21:22:34.618  4710  4710 I ImeTracker: com.andrerinas.headunitrevived:c02445eb: onCancelled at PHASE_CLIENT_ALREADY_HIDDEN
03-12 21:22:36.087  4710  4710 I MIUIInput: [MotionEvent] ViewRootImpl windowName 'com.andrerinas.headunitrevived/com.andrerinas.headunitrevived.main.MainActivity', { action=ACTION_DOWN, id[0]=0, pointerCount=1, eventTime=10538576, downTime=10538576, phoneEventTime=21:22:36.082 } moveCount:0
03-12 21:22:36.192  4710  4710 I MIUIInput: [MotionEvent] ViewRootImpl windowName 'com.andrerinas.headunitrevived/com.andrerinas.headunitrevived.main.MainActivity', { action=ACTION_UP, id[0]=0, pointerCount=1, eventTime=10538683, downTime=10538576, phoneEventTime=21:22:36.189 } moveCount:2
03-12 21:22:36.219  4710  7148 W headunitrevived: Cleared Reference was only reachable from finalizer (only reported once)
03-12 21:22:36.223  4710  7148 W headunitrevived: userfaultfd: MOVE ioctl seems unsupported: Connection timed out
03-12 21:22:36.256  4710  4710 W FinalizerDaemon: type=1400 audit(0.0:38733): avc:  denied  { getopt } for  path="/dev/socket/usap_pool_primary" scontext=u:r:untrusted_app:s0:c79,c257,c512,c768 tcontext=u:r:zygote:s0 tclass=unix_stream_socket permissive=0 app=com.andrerinas.headunitrevived
03-12 21:22:36.279  4710  7166 I ActivityThread: HardwareRenderer preload  done
03-12 21:22:36.285  4710  4710 I headunitrevived: AssetManager2(0xb400007459815a58) locale list changing from [] to [sr-RS]
03-12 21:22:36.459  4710  4710 W MessageMonitor: PerfMonitor: Slow Operation: Activity com.andrerinas.headunitrevived/.main.SettingsActivity onStart took 131ms
03-12 21:22:36.472  4710  4710 I ForceDarkHelperStubImpl: setViewRootImplForceDark: false for com.andrerinas.headunitrevived.main.SettingsActivity@15b0deb, reason: AppDarkModeEnable
03-12 21:22:36.472  4710  4710 I ViewRootImpl: com.andrerinas.headunitrevived/com.andrerinas.headunitrevived.main.SettingsActivity use first frame acceleration
03-12 21:22:36.482  4710  4710 I Choreographer: first vsync insert message into MessageQueue Head
03-12 21:22:36.484  4710  4710 I ComputilityLevel: getComputilityLevel(): 2
03-12 21:22:36.510  4710  4710 I ForceDarkHelperStubImpl: setViewRootImplForceDark: false for com.andrerinas.headunitrevived.main.SettingsActivity@15b0deb, reason: AppDarkModeEnable
03-12 21:22:36.585  4710  4710 W HWUI    : Image decoding logging dropped!
03-12 21:22:36.587  4710  4710 W HWUI    : Image decoding logging dropped!
03-12 21:22:36.588  4710  4710 W HWUI    : Image decoding logging dropped!
03-12 21:22:36.589  4710  4710 W HWUI    : Image decoding logging dropped!
03-12 21:22:36.591  4710  4710 W HWUI    : Image decoding logging dropped!
03-12 21:22:36.592  4710  4710 W HWUI    : Image decoding logging dropped!
03-12 21:22:36.594  4710  4710 W HWUI    : Image decoding logging dropped!
03-12 21:22:36.595  4710  4710 W HWUI    : Image decoding logging dropped!
03-12 21:22:36.596  4710  4710 W HWUI    : Image decoding logging dropped!
03-12 21:22:36.597  4710  4710 W HWUI    : Image decoding logging dropped!
03-12 21:22:36.598  4710  4710 W HWUI    : Image decoding logging dropped!
03-12 21:22:36.599  4710  4710 W HWUI    : Image decoding logging dropped!
03-12 21:22:36.601  4710  4710 W HWUI    : Image decoding logging dropped!
03-12 21:22:36.602  4710  4710 W HWUI    : Image decoding logging dropped!
03-12 21:22:36.603  4710  4710 W HWUI    : Image decoding logging dropped!
03-12 21:22:36.605  4710  4710 W HWUI    : Image decoding logging dropped!
03-12 21:22:36.606  4710  4710 W HWUI    : Image decoding logging dropped!
03-12 21:22:36.607  4710  4710 W HWUI    : Image decoding logging dropped!
03-12 21:22:36.608  4710  4710 W HWUI    : Image decoding logging dropped!
03-12 21:22:36.608  4710  4710 W HWUI    : Image decoding logging dropped!
03-12 21:22:36.609  4710  4710 W HWUI    : Image decoding logging dropped!
03-12 21:22:36.610  4710  4710 W HWUI    : Image decoding logging dropped!
03-12 21:22:36.611  4710  4710 W HWUI    : Image decoding logging dropped!
03-12 21:22:36.612  4710  4710 W HWUI    : Image decoding logging dropped!
03-12 21:22:36.613  4710  4710 W HWUI    : Image decoding logging dropped!
03-12 21:22:36.614  4710  4710 W HWUI    : Image decoding logging dropped!
03-12 21:22:36.614  4710  4710 W HWUI    : Image decoding logging dropped!
03-12 21:22:36.682  4710  7184 I SKIA    : CreateGraphicsPipeline pipeline cache hit. elpased time: 0.20 ms.
03-12 21:22:36.726  4710  7184 I SKIA    : CreateGraphicsPipeline pipeline cache hit. elpased time: 42.44 ms.
03-12 21:22:36.735  4710  7184 I SKIA    : CreateGraphicsPipeline pipeline cache hit. elpased time: 7.82 ms.
03-12 21:22:36.827  4710  4710 W headunitrevived: Binder 0xb4000075b980bac0 destroyed after setInheritRt before being parceled.
03-12 21:22:36.832  4710  4710 I HandWritingStubImpl: refreshLastKeyboardType: 1
03-12 21:22:36.833  4710  4710 I HandWritingStubImpl: getCurrentKeyboardType: 1
03-12 21:22:36.834  4710  4710 W WindowOnBackDispatcher: sendCancelIfRunning: isInProgress=false callback=androidx.activity.OnBackPressedDispatcher$Api34Impl$createOnBackAnimationCallback$1@5e77e61
03-12 21:22:36.842  4710  4710 I ImeTracker: com.andrerinas.headunitrevived:2dc7432f: onCancelled at PHASE_CLIENT_ALREADY_HIDDEN
03-12 21:22:37.631  4710  4710 I MIUIInput: [MotionEvent] ViewRootImpl windowName 'com.andrerinas.headunitrevived/com.andrerinas.headunitrevived.main.SettingsActivity', { action=ACTION_DOWN, id[0]=0, pointerCount=1, eventTime=10540120, downTime=10540120, phoneEventTime=21:22:37.626 } moveCount:0
03-12 21:22:37.729  4710  4710 I MIUIInput: [MotionEvent] ViewRootImpl windowName 'com.andrerinas.headunitrevived/com.andrerinas.headunitrevived.main.SettingsActivity', { action=ACTION_UP, id[0]=0, pointerCount=1, eventTime=10540220, downTime=10540120, phoneEventTime=21:22:37.725 } moveCount:0
03-12 21:22:37.800  4710  7184 I SKIA    : CreateGraphicsPipeline pipeline cache hit. elpased time: 51.79 ms.
03-12 21:22:38.333  4710  4710 I MIUIInput: [MotionEvent] ViewRootImpl windowName 'com.andrerinas.headunitrevived/com.andrerinas.headunitrevived.main.SettingsActivity', { action=ACTION_DOWN, id[0]=0, pointerCount=1, eventTime=10540822, downTime=10540822, phoneEventTime=21:22:38.328 } moveCount:0
03-12 21:22:38.421  4710  7330 I PowerHalMgrImpl: hdl:4827, pid:4710 
03-12 21:22:38.424  4710  7184 E headunitrevived: legacy_receive_flag: 1
03-12 21:22:38.424  4710  7330 I PowerHalMgrImpl: hdl:4828, pid:4710 
03-12 21:22:38.458  4710  7184 I SKIA    : CreateGraphicsPipeline pipeline cache hit. elpased time: 0.20 ms.
03-12 21:22:38.661  4710  7184 E LB      : fail to open file: No such file or directory
03-12 21:22:38.661  4710  7184 E LB      : fail to open node: No such file or directory
03-12 21:22:38.661  4710  7184 E LB      : fail to open node: No such file or directory
03-12 21:22:38.725  4710  7184 I SKIA    : CreateGraphicsPipeline pipeline cache hit. elpased time: 0.21 ms.
03-12 21:22:38.814  4710  4710 I MIUIInput: [MotionEvent] ViewRootImpl windowName 'com.andrerinas.headunitrevived/com.andrerinas.headunitrevived.main.SettingsActivity', { action=ACTION_UP, id[0]=0, pointerCount=1, eventTime=10541304, downTime=10540822, phoneEventTime=21:22:38.810 } moveCount:28
03-12 21:22:38.815  4710  4710 I ScrollIdentify: on fling
03-12 21:22:38.819  4710  7330 I PowerHalMgrImpl: hdl:4831, pid:4710 
03-12 21:22:39.368  4710  4710 I MIUIInput: [MotionEvent] ViewRootImpl windowName 'com.andrerinas.headunitrevived/com.andrerinas.headunitrevived.main.SettingsActivity', { action=ACTION_DOWN, id[0]=0, pointerCount=1, eventTime=10541858, downTime=10541858, phoneEventTime=21:22:39.364 } moveCount:0
03-12 21:22:39.448  4710  7330 I PowerHalMgrImpl: hdl:4835, pid:4710 
03-12 21:22:39.451  4710  7330 I PowerHalMgrImpl: hdl:4836, pid:4710 
03-12 21:22:39.717  4710  4710 I MIUIInput: [MotionEvent] ViewRootImpl windowName 'com.andrerinas.headunitrevived/com.andrerinas.headunitrevived.main.SettingsActivity', { action=ACTION_UP, id[0]=0, pointerCount=1, eventTime=10542208, downTime=10541858, phoneEventTime=21:22:39.714 } moveCount:20
03-12 21:22:39.718  4710  4710 I ScrollIdentify: on fling
03-12 21:22:39.775  4710  7330 I PowerHalMgrImpl: hdl:4839, pid:4710 
03-12 21:22:40.092  4710  4710 I MIUIInput: [MotionEvent] ViewRootImpl windowName 'com.andrerinas.headunitrevived/com.andrerinas.headunitrevived.main.SettingsActivity', { action=ACTION_DOWN, id[0]=0, pointerCount=1, eventTime=10542582, downTime=10542582, phoneEventTime=21:22:40.087 } moveCount:0
03-12 21:22:40.184  4710  4710 I MIUIInput: [MotionEvent] ViewRootImpl windowName 'com.andrerinas.headunitrevived/com.andrerinas.headunitrevived.main.SettingsActivity', { action=ACTION_UP, id[0]=0, pointerCount=1, eventTime=10542675, downTime=10542582, phoneEventTime=21:22:40.181 } moveCount:2
03-12 21:22:40.207  4710  4710 I AbsListViewStubImpl: com.andrerinas.headunitrevived, version: 2.0.1, Enable Prefetch: false
03-12 21:22:40.251  4710  4710 I ForceDarkHelperStubImpl: setViewRootImplForceDark: false for com.andrerinas.headunitrevived.main.SettingsActivity@15b0deb, reason: AppDarkModeEnable
03-12 21:22:40.251  4710  4710 I ViewRootImpl: com.andrerinas.headunitrevived/com.andrerinas.headunitrevived.main.SettingsActivity use first frame acceleration
03-12 21:22:40.265  4710  4710 I Choreographer: first vsync insert message into MessageQueue Head
03-12 21:22:40.267  4710  4710 I ComputilityLevel: getComputilityLevel(): 2
03-12 21:22:40.334  4710  4710 I ForceDarkHelperStubImpl: setViewRootImplForceDark: false for com.andrerinas.headunitrevived.main.SettingsActivity@15b0deb, reason: AppDarkModeEnable
03-12 21:22:41.228  4710  4710 I MIUIInput: [MotionEvent] ViewRootImpl windowName 'com.andrerinas.headunitrevived/com.andrerinas.headunitrevived.main.SettingsActivity', { action=ACTION_DOWN, id[0]=0, pointerCount=1, eventTime=10543717, downTime=10543717, phoneEventTime=21:22:41.223 } moveCount:0
03-12 21:22:41.347  4710  4710 I MIUIInput: [MotionEvent] ViewRootImpl windowName 'com.andrerinas.headunitrevived/com.andrerinas.headunitrevived.main.SettingsActivity', { action=ACTION_UP, id[0]=0, pointerCount=1, eventTime=10543836, downTime=10543717, phoneEventTime=21:22:41.342 } moveCount:1
03-12 21:22:41.352  4710  4710 W WindowOnBackDispatcher: sendCancelIfRunning: isInProgress=false callback=android.app.Dialog$$ExternalSyntheticLambda2@1087b8d
03-12 21:22:41.402  4710  7184 I SKIA    : CreateGraphicsPipeline pipeline cache hit. elpased time: 50.65 ms.
03-12 21:22:41.410  4710  4710 W headunitrevived: Binder 0xb4000075b981fb60 destroyed after setInheritRt before being parceled.
03-12 21:22:41.441  4710  4710 W InputEventReceiver: Attempted to finish an input event but the input event receiver has already been disposed.
03-12 21:22:41.490  4710  4710 I HandWritingStubImpl: refreshLastKeyboardType: 1
03-12 21:22:41.491  4710  4710 I HandWritingStubImpl: getCurrentKeyboardType: 1
03-12 21:22:41.503  4710  4710 I ImeTracker: com.andrerinas.headunitrevived:fe02ff8b: onCancelled at PHASE_CLIENT_ALREADY_HIDDEN
03-12 21:22:42.203  4710  4710 I MIUIInput: [MotionEvent] ViewRootImpl windowName 'com.andrerinas.headunitrevived/com.andrerinas.headunitrevived.main.SettingsActivity', { action=ACTION_DOWN, id[0]=0, pointerCount=1, eventTime=10544691, downTime=10544691, phoneEventTime=21:22:42.197 } moveCount:0
03-12 21:22:42.354  4710  7330 I PowerHalMgrImpl: hdl:4845, pid:4710 
03-12 21:22:42.356  4710  7330 I PowerHalMgrImpl: hdl:4846, pid:4710 
03-12 21:22:42.493  4710  4710 I MiInputConsumer: optimized resample latency: 1823278 ns
03-12 21:22:42.626  4710  4710 I MIUIInput: [MotionEvent] ViewRootImpl windowName 'com.andrerinas.headunitrevived/com.andrerinas.headunitrevived.main.SettingsActivity', { action=ACTION_UP, id[0]=0, pointerCount=1, eventTime=10545116, downTime=10544691, phoneEventTime=21:22:42.622 } moveCount:23
03-12 21:22:42.627  4710  4710 I ScrollIdentify: on fling
03-12 21:22:42.630  4710  7330 I PowerHalMgrImpl: hdl:4849, pid:4710 
03-12 21:22:43.418  4710  4710 I MIUIInput: [MotionEvent] ViewRootImpl windowName 'com.andrerinas.headunitrevived/com.andrerinas.headunitrevived.main.SettingsActivity', { action=ACTION_DOWN, id[0]=0, pointerCount=1, eventTime=10545907, downTime=10545907, phoneEventTime=21:22:43.413 } moveCount:0
03-12 21:22:43.519  4710  4710 I MIUIInput: [MotionEvent] ViewRootImpl windowName 'com.andrerinas.headunitrevived/com.andrerinas.headunitrevived.main.SettingsActivity', { action=ACTION_UP, id[0]=0, pointerCount=1, eventTime=10546010, downTime=10545907, phoneEventTime=21:22:43.516 } moveCount:1
03-12 21:22:43.523  4710  4710 I AbsListViewStubImpl: com.andrerinas.headunitrevived, version: 2.0.1, Enable Prefetch: false
03-12 21:22:43.556  4710  4710 I ForceDarkHelperStubImpl: setViewRootImplForceDark: false for com.andrerinas.headunitrevived.main.SettingsActivity@15b0deb, reason: AppDarkModeEnable
03-12 21:22:43.556  4710  4710 I ViewRootImpl: com.andrerinas.headunitrevived/com.andrerinas.headunitrevived.main.SettingsActivity use first frame acceleration
03-12 21:22:43.568  4710  4710 I ComputilityLevel: getComputilityLevel(): 2
03-12 21:22:43.606  4710  4710 I ForceDarkHelperStubImpl: setViewRootImplForceDark: false for com.andrerinas.headunitrevived.main.SettingsActivity@15b0deb, reason: AppDarkModeEnable
03-12 21:22:43.659  4710  4710 I Choreographer: first vsync insert message into MessageQueue Head
03-12 21:22:44.742  4710  4710 I MIUIInput: [MotionEvent] ViewRootImpl windowName 'com.andrerinas.headunitrevived/com.andrerinas.headunitrevived.main.SettingsActivity', { action=ACTION_DOWN, id[0]=0, pointerCount=1, eventTime=10547232, downTime=10547232, phoneEventTime=21:22:44.738 } moveCount:0
03-12 21:22:44.829  4710  4710 I MIUIInput: [MotionEvent] ViewRootImpl windowName 'com.andrerinas.headunitrevived/com.andrerinas.headunitrevived.main.SettingsActivity', { action=ACTION_UP, id[0]=0, pointerCount=1, eventTime=10547321, downTime=10547232, phoneEventTime=21:22:44.826 } moveCount:2
03-12 21:22:44.845  4710  4710 W WindowOnBackDispatcher: sendCancelIfRunning: isInProgress=false callback=android.app.Dialog$$ExternalSyntheticLambda2@7144c3b
03-12 21:22:44.850  4710  4710 W headunitrevived: Binder 0xb4000075b9822e60 destroyed after setInheritRt before being parceled.
03-12 21:22:44.906  4710  4710 I HandWritingStubImpl: refreshLastKeyboardType: 1
03-12 21:22:44.906  4710  4710 I HandWritingStubImpl: getCurrentKeyboardType: 1
03-12 21:22:44.917  4710  4710 I ImeTracker: com.andrerinas.headunitrevived:ef398a3c: onCancelled at PHASE_CLIENT_ALREADY_HIDDEN
03-12 21:22:45.212  4710  4710 I MIUIInput: [MotionEvent] ViewRootImpl windowName 'com.andrerinas.headunitrevived/com.andrerinas.headunitrevived.main.SettingsActivity', { action=ACTION_DOWN, id[0]=0, pointerCount=1, eventTime=10547702, downTime=10547702, phoneEventTime=21:22:45.208 } moveCount:0
03-12 21:22:45.328  4710  7330 I PowerHalMgrImpl: hdl:4855, pid:4710 
03-12 21:22:45.331  4710  7330 I PowerHalMgrImpl: hdl:4856, pid:4710 
03-12 21:22:45.581  4710  4710 I MIUIInput: [MotionEvent] ViewRootImpl windowName 'com.andrerinas.headunitrevived/com.andrerinas.headunitrevived.main.SettingsActivity', { action=ACTION_UP, id[0]=0, pointerCount=1, eventTime=10548072, downTime=10547702, phoneEventTime=21:22:45.577 } moveCount:19
03-12 21:22:45.582  4710  4710 I ScrollIdentify: on fling
03-12 21:22:45.640  4710  7330 I PowerHalMgrImpl: hdl:4860, pid:4710 
03-12 21:22:46.908  4710  4710 I MIUIInput: [MotionEvent] ViewRootImpl windowName 'com.andrerinas.headunitrevived/com.andrerinas.headunitrevived.main.SettingsActivity', { action=ACTION_DOWN, id[0]=0, pointerCount=1, eventTime=10549397, downTime=10549397, phoneEventTime=21:22:46.903 } moveCount:0
03-12 21:22:46.945  4710  4710 I MIUIInput: [MotionEvent] ViewRootImpl windowName 'com.andrerinas.headunitrevived/com.andrerinas.headunitrevived.main.SettingsActivity', { action=ACTION_UP, id[0]=0, pointerCount=1, eventTime=10549436, downTime=10549397, phoneEventTime=21:22:46.942 } moveCount:0
03-12 21:22:46.949  4710  4710 I AbsListViewStubImpl: com.andrerinas.headunitrevived, version: 2.0.1, Enable Prefetch: false
03-12 21:22:46.980  4710  4710 I ForceDarkHelperStubImpl: setViewRootImplForceDark: false for com.andrerinas.headunitrevived.main.SettingsActivity@15b0deb, reason: AppDarkModeEnable
03-12 21:22:46.980  4710  4710 I ViewRootImpl: com.andrerinas.headunitrevived/com.andrerinas.headunitrevived.main.SettingsActivity use first frame acceleration
03-12 21:22:46.992  4710  4710 I ComputilityLevel: getComputilityLevel(): 2
03-12 21:22:47.027  4710  4710 I ForceDarkHelperStubImpl: setViewRootImplForceDark: false for com.andrerinas.headunitrevived.main.SettingsActivity@15b0deb, reason: AppDarkModeEnable
03-12 21:22:47.063  4710  7148 I headunitrevived: Background young concurrent mark compact GC freed 3459KB AllocSpace bytes, 27(540KB) LOS objects, 36% free, 6705KB/10MB, paused 492us,6.867ms total 64.147ms
03-12 21:22:47.080  4710  4710 I Choreographer: first vsync insert message into MessageQueue Head
03-12 21:22:47.939  4710  4710 I MIUIInput: [MotionEvent] ViewRootImpl windowName 'com.andrerinas.headunitrevived/com.andrerinas.headunitrevived.main.SettingsActivity', { action=ACTION_DOWN, id[0]=0, pointerCount=1, eventTime=10550428, downTime=10550428, phoneEventTime=21:22:47.934 } moveCount:0
03-12 21:22:48.055  4710  4710 I MIUIInput: [MotionEvent] ViewRootImpl windowName 'com.andrerinas.headunitrevived/com.andrerinas.headunitrevived.main.SettingsActivity', { action=ACTION_UP, id[0]=0, pointerCount=1, eventTime=10550546, downTime=10550428, phoneEventTime=21:22:48.052 } moveCount:2
03-12 21:22:48.059  4710  4710 W WindowOnBackDispatcher: sendCancelIfRunning: isInProgress=false callback=android.app.Dialog$$ExternalSyntheticLambda2@af9a587
03-12 21:22:48.064  4710  4710 W headunitrevived: Binder 0xb4000075b98251a0 destroyed after setInheritRt before being parceled.
03-12 21:22:48.087  4710  4710 W InputEventReceiver: Attempted to finish an input event but the input event receiver has already been disposed.
03-12 21:22:48.127  4710  4710 I HandWritingStubImpl: refreshLastKeyboardType: 1
03-12 21:22:48.128  4710  4710 I HandWritingStubImpl: getCurrentKeyboardType: 1
03-12 21:22:48.131  4710  4710 I ImeTracker: com.andrerinas.headunitrevived:8471f10c: onCancelled at PHASE_CLIENT_ALREADY_HIDDEN
03-12 21:22:48.798  4710  4710 I MIUIInput: [MotionEvent] ViewRootImpl windowName 'com.andrerinas.headunitrevived/com.andrerinas.headunitrevived.main.SettingsActivity', { action=ACTION_DOWN, id[0]=0, pointerCount=1, eventTime=10551287, downTime=10551287, phoneEventTime=21:22:48.793 } moveCount:0
03-12 21:22:48.915  4710  4710 I MIUIInput: [MotionEvent] ViewRootImpl windowName 'com.andrerinas.headunitrevived/com.andrerinas.headunitrevived.main.SettingsActivity', { action=ACTION_UP, id[0]=0, pointerCount=1, eventTime=10551407, downTime=10551287, phoneEventTime=21:22:48.913 } moveCount:2
03-12 21:22:48.919  4710  4710 I AbsListViewStubImpl: com.andrerinas.headunitrevived, version: 2.0.1, Enable Prefetch: false
03-12 21:22:48.955  4710  4710 I ForceDarkHelperStubImpl: setViewRootImplForceDark: false for com.andrerinas.headunitrevived.main.SettingsActivity@15b0deb, reason: AppDarkModeEnable
03-12 21:22:48.955  4710  4710 I ViewRootImpl: com.andrerinas.headunitrevived/com.andrerinas.headunitrevived.main.SettingsActivity use first frame acceleration
03-12 21:22:48.966  4710  4710 I ComputilityLevel: getComputilityLevel(): 2
03-12 21:22:48.993  4710  4710 I ForceDarkHelperStubImpl: setViewRootImplForceDark: false for com.andrerinas.headunitrevived.main.SettingsActivity@15b0deb, reason: AppDarkModeEnable
03-12 21:22:49.015  4710  4710 I Choreographer: first vsync insert message into MessageQueue Head
03-12 21:22:49.557  4710  4710 I MIUIInput: [MotionEvent] ViewRootImpl windowName 'com.andrerinas.headunitrevived/com.andrerinas.headunitrevived.main.SettingsActivity', { action=ACTION_DOWN, id[0]=0, pointerCount=1, eventTime=10552045, downTime=10552045, phoneEventTime=21:22:49.550 } moveCount:0
03-12 21:22:49.692  4710  4710 I MIUIInput: [MotionEvent] ViewRootImpl windowName 'com.andrerinas.headunitrevived/com.andrerinas.headunitrevived.main.SettingsActivity', { action=ACTION_UP, id[0]=0, pointerCount=1, eventTime=10552184, downTime=10552045, phoneEventTime=21:22:49.690 } moveCount:2
03-12 21:22:49.696  4710  4710 W WindowOnBackDispatcher: sendCancelIfRunning: isInProgress=false callback=android.app.Dialog$$ExternalSyntheticLambda2@fd2c925
03-12 21:22:49.700  4710  4710 W headunitrevived: Binder 0xb4000075b9824cc0 destroyed after setInheritRt before being parceled.
03-12 21:22:49.724  4710  4710 W InputEventReceiver: Attempted to finish an input event but the input event receiver has already been disposed.
03-12 21:22:49.761  4710  4710 I HandWritingStubImpl: refreshLastKeyboardType: 1
03-12 21:22:49.761  4710  4710 I HandWritingStubImpl: getCurrentKeyboardType: 1
03-12 21:22:49.765  4710  4710 I ImeTracker: com.andrerinas.headunitrevived:7841fb87: onCancelled at PHASE_CLIENT_ALREADY_HIDDEN
03-12 21:22:50.096  4710  4710 I MIUIInput: [MotionEvent] ViewRootImpl windowName 'com.andrerinas.headunitrevived/com.andrerinas.headunitrevived.main.SettingsActivity', { action=ACTION_DOWN, id[0]=0, pointerCount=1, eventTime=10552585, downTime=10552585, phoneEventTime=21:22:50.091 } moveCount:0
03-12 21:22:50.207  4710  7330 I PowerHalMgrImpl: hdl:4868, pid:4710 
03-12 21:22:50.210  4710  7330 I PowerHalMgrImpl: hdl:4869, pid:4710 
03-12 21:22:50.497  4710  4710 I MIUIInput: [MotionEvent] ViewRootImpl windowName 'com.andrerinas.headunitrevived/com.andrerinas.headunitrevived.main.SettingsActivity', { action=ACTION_UP, id[0]=0, pointerCount=1, eventTime=10552987, downTime=10552585, phoneEventTime=21:22:50.493 } moveCount:23
03-12 21:22:50.498  4710  4710 I ScrollIdentify: on fling
03-12 21:22:50.555  4710  7330 I PowerHalMgrImpl: hdl:4872, pid:4710 
03-12 21:22:51.040  4710  4710 I MIUIInput: [MotionEvent] ViewRootImpl windowName 'com.andrerinas.headunitrevived/com.andrerinas.headunitrevived.main.SettingsActivity', { action=ACTION_DOWN, id[0]=0, pointerCount=1, eventTime=10553528, downTime=10553528, phoneEventTime=21:22:51.033 } moveCount:0
03-12 21:22:51.136  4710  4710 I MIUIInput: [MotionEvent] ViewRootImpl windowName 'com.andrerinas.headunitrevived/com.andrerinas.headunitrevived.main.SettingsActivity', { action=ACTION_UP, id[0]=0, pointerCount=1, eventTime=10553628, downTime=10553528, phoneEventTime=21:22:51.134 } moveCount:3
03-12 21:22:51.200  4710  4710 W HWUI    : Image decoding logging dropped!
03-12 21:22:51.201  4710  4710 W HWUI    : Image decoding logging dropped!
03-12 21:22:51.202  4710  4710 W HWUI    : Image decoding logging dropped!
03-12 21:22:51.203  4710  4710 W HWUI    : Image decoding logging dropped!
03-12 21:22:51.204  4710  4710 W HWUI    : Image decoding logging dropped!
03-12 21:22:51.206  4710  4710 W HWUI    : Image decoding logging dropped!
03-12 21:22:51.207  4710  4710 W HWUI    : Image decoding logging dropped!
03-12 21:22:51.208  4710  4710 W HWUI    : Image decoding logging dropped!
03-12 21:22:51.209  4710  4710 W HWUI    : Image decoding logging dropped!
03-12 21:22:51.210  4710  4710 W HWUI    : Image decoding logging dropped!
03-12 21:22:51.211  4710  4710 W HWUI    : Image decoding logging dropped!
03-12 21:22:51.212  4710  4710 W HWUI    : Image decoding logging dropped!
03-12 21:22:51.213  4710  4710 W HWUI    : Image decoding logging dropped!
03-12 21:22:51.214  4710  4710 W HWUI    : Image decoding logging dropped!
03-12 21:22:51.214  4710  4710 W HWUI    : Image decoding logging dropped!
03-12 21:22:51.216  4710  4710 W HWUI    : Image decoding logging dropped!
03-12 21:22:51.216  4710  4710 W HWUI    : Image decoding logging dropped!
03-12 21:22:51.217  4710  4710 W HWUI    : Image decoding logging dropped!
03-12 21:22:51.218  4710  4710 W HWUI    : Image decoding logging dropped!
03-12 21:22:51.219  4710  4710 W HWUI    : Image decoding logging dropped!
03-12 21:22:51.220  4710  4710 W HWUI    : Image decoding logging dropped!
03-12 21:22:51.220  4710  4710 W HWUI    : Image decoding logging dropped!
03-12 21:22:51.221  4710  4710 W HWUI    : Image decoding logging dropped!
03-12 21:22:51.222  4710  4710 W HWUI    : Image decoding logging dropped!
03-12 21:22:51.223  4710  4710 W HWUI    : Image decoding logging dropped!
03-12 21:22:51.223  4710  4710 W HWUI    : Image decoding logging dropped!
03-12 21:22:51.224  4710  4710 W HWUI    : Image decoding logging dropped!
03-12 21:22:52.308  4710  4710 I MIUIInput: [MotionEvent] ViewRootImpl windowName 'com.andrerinas.headunitrevived/com.andrerinas.headunitrevived.main.SettingsActivity', { action=ACTION_DOWN, id[0]=0, pointerCount=1, eventTime=10554796, downTime=10554796, phoneEventTime=21:22:52.302 } moveCount:0
03-12 21:22:52.405  4710  7330 I PowerHalMgrImpl: hdl:4877, pid:4710 
03-12 21:22:52.408  4710  7330 I PowerHalMgrImpl: hdl:4878, pid:4710 
03-12 21:22:52.437  4710  4710 W Choreographer: Frame time is 0.021743 ms in the future!  Check that graphics HAL is generating vsync timestamps using the correct timebase.
03-12 21:22:52.661  4710  4710 I MIUIInput: [MotionEvent] ViewRootImpl windowName 'com.andrerinas.headunitrevived/com.andrerinas.headunitrevived.main.SettingsActivity', { action=ACTION_UP, id[0]=0, pointerCount=1, eventTime=10555152, downTime=10554796, phoneEventTime=21:22:52.658 } moveCount:20
03-12 21:22:52.662  4710  4710 I ScrollIdentify: on fling
03-12 21:22:52.665  4710  7330 I PowerHalMgrImpl: hdl:4880, pid:4710 
03-12 21:22:53.024  4710  4710 I MIUIInput: [MotionEvent] ViewRootImpl windowName 'com.andrerinas.headunitrevived/com.andrerinas.headunitrevived.main.SettingsActivity', { action=ACTION_DOWN, id[0]=0, pointerCount=1, eventTime=10555513, downTime=10555513, phoneEventTime=21:22:53.019 } moveCount:0
03-12 21:22:53.132  4710  7330 I PowerHalMgrImpl: hdl:4885, pid:4710 
03-12 21:22:53.136  4710  7330 I PowerHalMgrImpl: hdl:4886, pid:4710 
03-12 21:22:53.419  4710  4710 I MIUIInput: [MotionEvent] ViewRootImpl windowName 'com.andrerinas.headunitrevived/com.andrerinas.headunitrevived.main.SettingsActivity', { action=ACTION_UP, id[0]=0, pointerCount=1, eventTime=10555909, downTime=10555513, phoneEventTime=21:22:53.415 } moveCount:23
03-12 21:22:53.419  4710  4710 I ScrollIdentify: on fling
03-12 21:22:53.477  4710  7330 I PowerHalMgrImpl: hdl:4889, pid:4710 
03-12 21:22:54.055  4710  4710 I MIUIInput: [MotionEvent] ViewRootImpl windowName 'com.andrerinas.headunitrevived/com.andrerinas.headunitrevived.main.SettingsActivity', { action=ACTION_DOWN, id[0]=0, pointerCount=1, eventTime=10556543, downTime=10556543, phoneEventTime=21:22:54.049 } moveCount:0
03-12 21:22:54.151  4710  4710 I MIUIInput: [MotionEvent] ViewRootImpl windowName 'com.andrerinas.headunitrevived/com.andrerinas.headunitrevived.main.SettingsActivity', { action=ACTION_UP, id[0]=0, pointerCount=1, eventTime=10556643, downTime=10556543, phoneEventTime=21:22:54.149 } moveCount:2
03-12 21:22:54.153  4710  4710 I libc    : kill: send 15 to pid 7244
03-12 21:22:54.153  4710  4710 I libc    : debug pid reuse, real pid 7244
03-12 21:22:55.525  4710  4710 I MIUIInput: [MotionEvent] ViewRootImpl windowName 'com.andrerinas.headunitrevived/com.andrerinas.headunitrevived.main.SettingsActivity', { action=ACTION_DOWN, id[0]=0, pointerCount=1, eventTime=10558014, downTime=10558014, phoneEventTime=21:22:55.520 } moveCount:0
03-12 21:22:55.623  4710  4710 I MIUIInput: [MotionEvent] ViewRootImpl windowName 'com.andrerinas.headunitrevived/com.andrerinas.headunitrevived.main.SettingsActivity', { action=ACTION_UP, id[0]=0, pointerCount=1, eventTime=10558114, downTime=10558014, phoneEventTime=21:22:55.620 } moveCount:0
03-12 21:23:16.904  4710  4710 I MIUIInput: [MotionEvent] ViewRootImpl windowName 'com.andrerinas.headunitrevived/com.andrerinas.headunitrevived.main.SettingsActivity', { action=ACTION_DOWN, id[0]=0, pointerCount=1, eventTime=10579391, downTime=10579391, phoneEventTime=21:23:16.896 } moveCount:0
03-12 21:23:17.079  4710  4710 I MIUIInput: [MotionEvent] ViewRootImpl windowName 'com.andrerinas.headunitrevived/com.andrerinas.headunitrevived.main.SettingsActivity', { action=ACTION_UP, id[0]=0, pointerCount=1, eventTime=10579570, downTime=10579391, phoneEventTime=21:23:17.076 } moveCount:4
03-12 21:23:18.822  4710  4710 I MIUIInput: [MotionEvent] ViewRootImpl windowName 'com.andrerinas.headunitrevived/com.andrerinas.headunitrevived.main.SettingsActivity', { action=ACTION_DOWN, id[0]=0, pointerCount=1, eventTime=10581312, downTime=10581312, phoneEventTime=21:23:18.818 } moveCount:0
03-12 21:23:18.919  4710  4710 I MIUIInput: [MotionEvent] ViewRootImpl windowName 'com.andrerinas.headunitrevived/com.andrerinas.headunitrevived.main.SettingsActivity', { action=ACTION_UP, id[0]=0, pointerCount=1, eventTime=10581410, downTime=10581312, phoneEventTime=21:23:18.916 } moveCount:1
03-12 21:23:19.770  4710  4710 I MIUIInput: [MotionEvent] ViewRootImpl windowName 'com.andrerinas.headunitrevived/com.andrerinas.headunitrevived.main.SettingsActivity', { action=ACTION_DOWN, id[0]=0, pointerCount=1, eventTime=10582259, downTime=10582259, phoneEventTime=21:23:19.765 } moveCount:0
03-12 21:23:19.860  4710  4710 I MIUIInput: [MotionEvent] ViewRootImpl windowName 'com.andrerinas.headunitrevived/com.andrerinas.headunitrevived.main.SettingsActivity', { action=ACTION_UP, id[0]=0, pointerCount=1, eventTime=10582351, downTime=10582259, phoneEventTime=21:23:19.857 } moveCount:2
03-12 21:23:19.926  4710  4710 I ForceDarkHelperStubImpl: setViewRootImplForceDark: false for com.andrerinas.headunitrevived.main.MainActivity@8a91fc, reason: AppDarkModeEnable
03-12 21:23:19.936  4710  4710 I HUREV   : [2] HomeFragment.onResume | HomeFragment: onResume. isConnected=false
03-12 21:23:20.033  4710  4710 I HandWritingStubImpl: refreshLastKeyboardType: 1
03-12 21:23:20.033  4710  4710 I HandWritingStubImpl: getCurrentKeyboardType: 1
03-12 21:23:20.044  4710  4710 I ImeTracker: com.andrerinas.headunitrevived:79a166f: onCancelled at PHASE_CLIENT_ALREADY_HIDDEN
03-12 21:23:20.076  4710  4710 W headunitrevived: Binder 0xb4000075b9818de0 destroyed after setInheritRt before being parceled.
03-12 21:23:20.086  4710  4710 W WindowOnBackDispatcher: sendCancelIfRunning: isInProgress=false callback=androidx.activity.OnBackPressedDispatcher$Api34Impl$createOnBackAnimationCallback$1@c9d6d1e
03-12 21:23:20.089  4710  4710 W WindowOnBackDispatcher: sendCancelIfRunning: isInProgress=false callback=android.app.Activity$$ExternalSyntheticLambda0@86c3d59
03-12 21:23:21.787  4710  4710 W headunitrevived: Binder 0xb4000075b9819320 destroyed after setInheritRt before being parceled.
03-12 21:23:21.794  4710  4710 W WindowOnBackDispatcher: sendCancelIfRunning: isInProgress=false callback=androidx.activity.OnBackPressedDispatcher$Api34Impl$createOnBackAnimationCallback$1@5e77e61
03-12 21:23:21.806  4710  4710 I VRI[MainActivity]: DisplayState - old: 2, new: 1
03-12 21:23:23.215  4710  4710 I ForceDarkHelperStubImpl: setViewRootImplForceDark: false for com.andrerinas.headunitrevived.main.MainActivity@8a91fc, reason: AppDarkModeEnable
03-12 21:23:23.305  4710  4710 I HUREV   : [2] HomeFragment.onResume | HomeFragment: onResume. isConnected=false
03-12 21:23:23.351  4710  4710 I VRI[MainActivity]: DisplayState - old: 1, new: 2
03-12 21:23:23.471  4710  4710 I HandWritingStubImpl: refreshLastKeyboardType: 1
03-12 21:23:23.471  4710  4710 I HandWritingStubImpl: getCurrentKeyboardType: 1
03-12 21:23:23.492  4710  4710 I ImeTracker: com.andrerinas.headunitrevived:a2b5c082: onCancelled at PHASE_CLIENT_ALREADY_HIDDEN
03-12 21:23:34.307  4710  7249 I HUREV   : [2704] 1.onAvailable | NetworkMonitor: Network available: 124
03-12 21:23:35.336  4710  4710 I MIUIInput: [MotionEvent] ViewRootImpl windowName 'com.andrerinas.headunitrevived/com.andrerinas.headunitrevived.main.MainActivity', { action=ACTION_DOWN, id[0]=0, pointerCount=1, eventTime=10597824, downTime=10597824, phoneEventTime=21:23:35.329 } moveCount:0
03-12 21:23:35.383  4710  4710 I MIUIInput: [MotionEvent] ViewRootImpl windowName 'com.andrerinas.headunitrevived/com.andrerinas.headunitrevived.main.MainActivity', { action=ACTION_UP, id[0]=0, pointerCount=1, eventTime=10597874, downTime=10597824, phoneEventTime=21:23:35.379 } moveCount:0
03-12 21:23:35.420  4710  4710 I HUREV   : [2] NetworkDiscovery.startScan | NetworkDiscovery: Starting scan...
03-12 21:23:35.428  4710  7184 I SKIA    : CreateGraphicsPipeline pipeline cache hit. elpased time: 0.38 ms.
03-12 21:23:35.429  4710  7723 I HUREV   : [2719] 1.invokeSuspend | NetworkDiscovery: Step 1 - Quick Gateway Scan
